port-policy: PostgreSQL listening on port 23551 (attempt 1)
e2e database mth: server_encoding UTF8, lc_collate C, lc_ctype C
mth-db migrate: applying 0001_identity_access.sql
mth-db migrate: applying 0002_transformation.sql
mth-db migrate: applying 0003_audit_event.sql
mth-db migrate: applying 0004_outbox_jobs.sql
mth-db migrate: applying 0005_seed_roles_permissions.sql
mth-db migrate: applying 0006_pgboss_schema_v25.sql
mth-db migrate: applying 0007_oidc_login_browser_binding.sql
mth-db migrate: applying 0008_scoped_assignment_derived_from.sql
mth-db migrate: applying 0009_business_unit_hierarchy_guard.sql
mth-db migrate: applying 0010_p2_record_guards.sql
mth-db migrate: applying 0011_p2_methodology_catalogue.sql
mth-db migrate: applying 0012_p2_evidence.sql
mth-db migrate: applying 0013_p2_direction_charter.sql
mth-db migrate: applying 0014_p2_kpi_baseline_value_pool.sql
mth-db migrate: applying 0015_p2_diagnose.sql
mth-db migrate: applying 0016_p2_design_tom.sql
mth-db migrate: applying 0017_p2_decisions_gates.sql
mth-db migrate: applying 0018_p2_access_instantiation.sql
mth-db migrate: applying 0019_evidence_review_separation.sql
mth-db migrate: applying 0020_p3_portfolio_roadmap.sql
mth-db migrate: applying 0021_p3_prioritization.sql
mth-db migrate: applying 0022_p3_dependency_capacity_funding.sql
mth-db migrate: applying 0023_p3_business_case_formula.sql
mth-db migrate: applying 0024_p3_gates_access_instantiation.sql
mth-db migrate: applying 0025_p3_g1_agreement_guard.sql
mth-db migrate: applying 0026_p3_enable_g4.sql
mth-db migrate: applying 0027_p3_calculation_rounding.sql
mth-db migrate: applying 0028_p4_calendar_jobs_work_items.sql
mth-db migrate: applying 0029_p4_groups_role_mapping_delegation.sql
mth-db migrate: applying 0030_p4_decision_rights_raci.sql
mth-db migrate: applying 0031_p4_approvals_permissions.sql
mth-db migrate: applying 0032_p4_slice_i_c_reserved.sql
mth-db migrate: applying 0033_p4_kpi_dictionary_versions.sql
mth-db migrate: applying 0034_p4_kpi_trajectories_actuals.sql
mth-db migrate: applying 0035_p4_kpi_calculation_runs_quality.sql
mth-db migrate: applying 0036_p4_kpi_permissions_backfill.sql
mth-db migrate: applying 0037_p4_benefit_register.sql
mth-db migrate: applying 0038_p4_benefit_measurement_validation.sql
mth-db migrate: applying 0039_p4_benefit_value_views.sql
mth-db migrate: applying 0040_p4_benefit_permissions.sql
mth-db migrate: applying 0041_p4_raid_actions_corrective.sql
mth-db migrate: applying 0042_p4_budget_schedule.sql
mth-db migrate: applying 0043_p4_raid_permissions.sql
mth-db migrate: applying 0044_p4_forums_meetings.sql
mth-db migrate: applying 0045_p4_t16_escalation.sql
mth-db migrate: applying 0046_p4_governance_permissions.sql
mth-db migrate: applying 0058_p4_approval_reminder_kinds.sql
mth-db migrate: applied 47 migration(s)
mth-db seed-dev: seeded SYNTHETIC dev users: dev.admin, dev.office, dev.lead, dev.auditor, dev.nobody
port-policy: API listening on port 23552 (attempt 1)
API: http://localhost:23552 (APP_BASE_URL=http://localhost:23552, PORT=23552)
{"status":"ready","checks":{"database":"ok","migrations":"ok"}}
npm warn Unknown project config "strict-peer-dependencies". This will stop working in the next major version of npm. See `npm help npmrc` for supported config options.
npm warn Unknown project config "auto-install-peers". This will stop working in the next major version of npm. See `npm help npmrc` for supported config options.
npm warn Unknown project config "link-workspace-packages". This will stop working in the next major version of npm. See `npm help npmrc` for supported config options.

Running 16 tests using 1 worker

[1A[2K[1/16] [chromium-en] › apps/web/e2e/p4-governance.spec.ts:70:1 › role mapping: unmapped roles show the routing error; the Lead maps the Sponsor
[1A[2K[2/16] [chromium-en] › apps/web/e2e/p4-governance.spec.ts:97:1 › decision rights and RACI: seeded rows; exact RACI values; a second accountable is refused
[1A[2K[3/16] [chromium-en] › apps/web/e2e/p4-governance.spec.ts:132:1 › the Lead requests a business approval routed by the T11 row
[1A[2K[4/16] [chromium-en] › apps/web/e2e/p4-governance.spec.ts:155:1 › the Sponsor decides from My Work: defer needs a date, then approve with a rationale
[1A[2K[5/16] [chromium-en] › apps/web/e2e/p4-governance.spec.ts:196:1 › a record changed after the request: 409 'the record changed' with a link to its history
[1A[2K[6/16] [chromium-en] › apps/web/e2e/p4-governance.spec.ts:234:1 › delegations: the Sponsor delegates to the Business Owner; the reverse is refused as a loop
[1A[2K[7/16] [chromium-en] › apps/web/e2e/p4-governance.spec.ts:274:1 › the auditor sees the approval records and a read-only RACI
[1A[2K[8/16] [chromium-en] › apps/web/e2e/p4-governance.spec.ts:290:1 › administration: calendar and jobs; governance: groups and Transform readiness
[1A[2K[9/16] [chromium-ar] › apps/web/e2e/p4-governance.spec.ts:70:1 › role mapping: unmapped roles show the routing error; the Lead maps the Sponsor
[1A[2K[10/16] [chromium-ar] › apps/web/e2e/p4-governance.spec.ts:97:1 › decision rights and RACI: seeded rows; exact RACI values; a second accountable is refused
[1A[2K[11/16] [chromium-ar] › apps/web/e2e/p4-governance.spec.ts:132:1 › the Lead requests a business approval routed by the T11 row
[1A[2K[12/16] [chromium-ar] › apps/web/e2e/p4-governance.spec.ts:155:1 › the Sponsor decides from My Work: defer needs a date, then approve with a rationale
[1A[2K[13/16] [chromium-ar] › apps/web/e2e/p4-governance.spec.ts:196:1 › a record changed after the request: 409 'the record changed' with a link to its history
[1A[2K[14/16] [chromium-ar] › apps/web/e2e/p4-governance.spec.ts:234:1 › delegations: the Sponsor delegates to the Business Owner; the reverse is refused as a loop
[1A[2K[15/16] [chromium-ar] › apps/web/e2e/p4-governance.spec.ts:274:1 › the auditor sees the approval records and a read-only RACI
[1A[2K[16/16] [chromium-ar] › apps/web/e2e/p4-governance.spec.ts:290:1 › administration: calendar and jobs; governance: groups and Transform readiness
[1A[2K  16 passed (2.1m)
