
> mobily-transformation-hub@0.1.0 test /home/user/wt/dg4-fe-a
> vitest run --project unit-node --project unit-web && vitest run --project unit-formula-nocodegen


 RUN  v3.2.4 /home/user/wt/dg4-fe-a

 ✓ |unit-web| src/pages/render-time-language.test.tsx (28 tests) 15456ms
   ✓ sign-in (dev form), 'en' → 'ar' > an invalid user name: the inline message follows the switch  888ms
   ✓ sign-in (dev form), 'ar' → 'en' > an invalid user name: the inline message follows the switch  379ms
   ✓ journey step editor, 'en' → 'ar' > a field error on a step follows the switch  1114ms
   ✓ journey step editor, 'en' → 'ar' > the form-level "Step N:" error follows the switch (prefix and message)  1001ms
   ✓ journey step editor, 'ar' → 'en' > a field error on a step follows the switch  746ms
   ✓ journey step editor, 'ar' → 'en' > the form-level "Step N:" error follows the switch (prefix and message)  769ms
   ✓ row-action note and reason dialog, 'en' → 'ar' > the Finance validation note's 'required' follows the switch  1180ms
   ✓ row-action note and reason dialog, 'en' → 'ar' > the Finance validation choice's 'required' follows the switch  751ms
   ✓ row-action note and reason dialog, 'en' → 'ar' > the archive reason's 'too short' follows the switch  692ms
   ✓ row-action note and reason dialog, 'ar' → 'en' > the Finance validation note's 'required' follows the switch  906ms
   ✓ row-action note and reason dialog, 'ar' → 'en' > the Finance validation choice's 'required' follows the switch  706ms
   ✓ row-action note and reason dialog, 'ar' → 'en' > the archive reason's 'too short' follows the switch  749ms
   ✓ gate dialogs, 'en' → 'ar' > the submission note's field error follows the switch  301ms
   ✓ gate dialogs, 'en' → 'ar' > the decision rationale's field error follows the switch  523ms
   ✓ gate dialogs, 'ar' → 'en' > the submission note's field error follows the switch  381ms
   ✓ gate dialogs, 'ar' → 'en' > the decision rationale's field error follows the switch  526ms
   ✓ North Star statement, 'en' → 'ar' > the statement's field error follows the switch  437ms
   ✓ North Star statement, 'ar' → 'en' > the statement's field error follows the switch  489ms
   ✓ evidence dialogs, 'en' → 'ar' > upload without a file: 'required' follows the switch  374ms
   ✓ evidence dialogs, 'en' → 'ar' > a link without a record type or record: both 'required' messages follow the switch  551ms
   ✓ evidence dialogs, 'ar' → 'en' > upload without a file: 'required' follows the switch  516ms
   ✓ evidence dialogs, 'ar' → 'en' > a link without a record type or record: both 'required' messages follow the switch  637ms
 ✓ |unit-web| src/pages/p2-blank-forms.test.tsx (52 tests) 27606ms
   ✓ gate submission note (en) > a whitespace-only note is refused inline and nothing is sent  1167ms
   ✓ gate submission note (en) > a invisible-only note is refused inline and nothing is sent  619ms
   ✓ gate submission note (en) > visible text is sent verbatim; an empty note is omitted  509ms
   ✓ gate submission note (ar) > visible text is sent verbatim; an empty note is omitted  399ms
   ✓ gate decision rationale and comments (en) > a whitespace-only rationale is refused inline and nothing is sent  493ms
   ✓ gate decision rationale and comments (en) > a invisible-only rationale is refused inline and nothing is sent  499ms
   ✓ gate decision rationale and comments (en) > a invisible (long enough for min 3)-only rationale is refused inline and nothing is sent  428ms
   ✓ gate decision rationale and comments (en) > a whitespace-only comment is refused inline (focus on it) and nothing is sent  564ms
   ✓ gate decision rationale and comments (en) > a invisible-only comment is refused inline (focus on it) and nothing is sent  375ms
   ✓ gate decision rationale and comments (en) > visible text is sent verbatim; empty comments are omitted; an empty rationale stays 'too short'  576ms
   ✓ gate decision rationale and comments (en) > a server 400 validation.blank on /rationale lands on the field  528ms
   ✓ gate decision rationale and comments (ar) > a whitespace-only rationale is refused inline and nothing is sent  427ms
   ✓ gate decision rationale and comments (ar) > a invisible-only rationale is refused inline and nothing is sent  535ms
   ✓ gate decision rationale and comments (ar) > a invisible (long enough for min 3)-only rationale is refused inline and nothing is sent  468ms
   ✓ gate decision rationale and comments (ar) > a whitespace-only comment is refused inline (focus on it) and nothing is sent  544ms
   ✓ gate decision rationale and comments (ar) > a invisible-only comment is refused inline (focus on it) and nothing is sent  390ms
   ✓ gate decision rationale and comments (ar) > visible text is sent verbatim; empty comments are omitted; an empty rationale stays 'too short'  632ms
   ✓ gate decision rationale and comments (ar) > a server 400 validation.blank on /rationale lands on the field  437ms
   ✓ journey step editor (en) > a whitespace-only actor is refused inline (not turned into null) and nothing is sent  849ms
   ✓ journey step editor (en) > a invisible-only actor is refused inline (not turned into null) and nothing is sent  721ms
   ✓ journey step editor (en) > several blank fields: each gets the message and focus goes to the first (name)  698ms
   ✓ journey step editor (en) > visible text is sent verbatim; emptied optional text is null; an empty name is required  684ms
   ✓ journey step editor (ar) > a whitespace-only actor is refused inline (not turned into null) and nothing is sent  371ms
   ✓ journey step editor (ar) > a invisible-only actor is refused inline (not turned into null) and nothing is sent  445ms
   ✓ journey step editor (ar) > several blank fields: each gets the message and focus goes to the first (name)  622ms
   ✓ journey step editor (ar) > visible text is sent verbatim; emptied optional text is null; an empty name is required  757ms
   ✓ Finance validation note and archive reason (en) > note: a whitespace-only note is refused inline and nothing is sent  443ms
   ✓ Finance validation note and archive reason (en) > note: a invisible-only note is refused inline and nothing is sent  582ms
   ✓ Finance validation note and archive reason (en) > note: empty is 'required'; visible text is sent verbatim  534ms
   ✓ Finance validation note and archive reason (en) > reason: a whitespace-only reason is refused inline and nothing is archived  533ms
   ✓ Finance validation note and archive reason (en) > reason: a invisible-only reason is refused inline and nothing is archived  502ms
   ✓ Finance validation note and archive reason (en) > reason: a server 400 validation.blank on /reason is the field message, not a generic error  641ms
   ✓ Finance validation note and archive reason (en) > reason: a reason with U+0000 is refused inline with the localized message and nothing is archived  341ms
   ✓ Finance validation note and archive reason (en) > reason: a server 400 validation.invalid_character on /reason is the localized field message  480ms
   ✓ Finance validation note and archive reason (en) > reason: empty keeps 'too short'; visible text is sent verbatim  560ms
   ✓ Finance validation note and archive reason (ar) > note: a whitespace-only note is refused inline and nothing is sent  532ms
   ✓ Finance validation note and archive reason (ar) > note: a invisible-only note is refused inline and nothing is sent  779ms
   ✓ Finance validation note and archive reason (ar) > note: empty is 'required'; visible text is sent verbatim  475ms
   ✓ Finance validation note and archive reason (ar) > reason: a whitespace-only reason is refused inline and nothing is archived  520ms
   ✓ Finance validation note and archive reason (ar) > reason: a invisible-only reason is refused inline and nothing is archived  546ms
   ✓ Finance validation note and archive reason (ar) > reason: a server 400 validation.blank on /reason is the field message, not a generic error  559ms
   ✓ Finance validation note and archive reason (ar) > reason: a reason with U+0000 is refused inline with the localized message and nothing is archived  347ms
   ✓ Finance validation note and archive reason (ar) > reason: a server 400 validation.invalid_character on /reason is the localized field message  460ms
   ✓ Finance validation note and archive reason (ar) > reason: empty keeps 'too short'; visible text is sent verbatim  551ms
   ✓ North Star statement (en) > a whitespace-only statement is refused inline and nothing is sent  415ms
   ✓ North Star statement (ar) > a whitespace-only statement is refused inline and nothing is sent  578ms
   ✓ North Star statement (ar) > a invisible-only statement is refused inline and nothing is sent  613ms
   ✓ P1 transformation edit: server validation.blank on /name (en) > is the localized field message, not only a generic failure  977ms
 ✓ |unit-web| src/pages/p2.test.tsx (56 tests) 28804ms
   ✓ Diagnose > shows the six T01 dimensions with Unknown for missing values, and value pools that are never 0  1893ms
   ✓ Diagnose > renders the six workstreams with their key questions  584ms
   ✓ Diagnose > edits a T01 row with only the changed fields and If-Match  651ms
   ✓ Diagnose > a 409 on save writes nothing, compares, and re-applies on the current version  749ms
   ✓ Diagnose > a 400 validation.blank shows a localized message on its field ('en')  914ms
   ✓ Diagnose > a 400 validation.blank shows a localized message on its field ('ar')  1103ms
   ✓ Diagnose > an invisible-only value is blocked client-side with validation.blank ('en')  923ms
   ✓ Diagnose > an invisible-only value is blocked client-side with validation.blank ('ar')  868ms
   ✓ Diagnose > a whitespace-only T01 value is an inline blank error and sends nothing ('en')  807ms
   ✓ Diagnose > a whitespace-only T01 value is an inline blank error and sends nothing ('ar')  1101ms
   ✓ Diagnose > T01: an emptied field is sent as an explicit null; visible text is sent verbatim  1111ms
   ✓ Diagnose > Arabic: RTL with Arabic labels and the unquantified label  371ms
   ✓ Define > requires a target date on a T02 row before sending anything  340ms
   ✓ Define > sets the North Star with one sentence and no If-Match the first time  422ms
   ✓ Define: KPI activation (F-DG2-201) > offers Activate on a draft KPI, states the unmet precondition on 422, then activates with If-Match  569ms
   ✓ Define: KPI activation (F-DG2-201) > Arabic: the Activate action and the 422 reason are in Arabic  700ms
   ✓ Define: KPI activation (F-DG2-201) > an active KPI shows Active and offers no Activate  363ms
   ✓ Charter > shows the 14 fields, the thesis, the five scope checks with pre-checks and the top-outcomes warning  304ms
   ✓ Charter > scope pre-check: an empty Out of scope reads as failing (EN and AR)  709ms
   ✓ Charter > thesis: the four parts compose the B0037 sentence (EN and AR)  380ms
   ✓ Charter > compares a version with the previous one  353ms
   ✓ Charter > create: a whitespace Case for change is an inline blank error and creates nothing ('en')  654ms
   ✓ Charter > create: a whitespace Case for change is an inline blank error and creates nothing ('ar')  729ms
   ✓ Charter > edit: a whitespace Out of scope is an inline blank error, sends nothing and keeps the value (en)  440ms
   ✓ Charter > edit: a whitespace Out of scope is an inline blank error, sends nothing and keeps the value (ar)  631ms
   ✓ Charter > edit: emptying a filled field sends null; visible text is verbatim (en)  580ms
   ✓ Charter > edit: emptying a filled field sends null; visible text is verbatim (ar)  770ms
   ✓ Charter > edit: a change summary alone is not a change (never a content-free version)  549ms
   ✓ Design > shows the ten canvas boxes and the per-dimension view  637ms
   ✓ Design > converts an unresolved workshop item into a design decision with If-Match  893ms
   ✓ Gates (business approval) > the approver's decision: rationale required; 403 and 409 problems in words  898ms
   ✓ Gates (business approval) > gate detail heading: the verbatim B0023 name once (EN and AR)  516ms
   ✓ Evidence > uploads a revision as octet-stream with a percent-encoded file name and If-Match  523ms
   ✓ Evidence > never offers review to the creator; a filename reference can only be rejected  1101ms
   ✓ read-only auditor (AUD) > diagnose: no write control and a read-only note  433ms
   ✓ read-only auditor (AUD) > design: no write control and a read-only note  342ms
 ✓ |unit-web| src/auth/session-bound.test.tsx (34 tests) 15561ms
   ✓ F-DG2-530/580 no effect of A's action after a further await once the tab is B's (en) > Y1: a create whose post-create GET /me returns B: B is not navigated and never sees A's code or name  1468ms
   ✓ F-DG2-530/580 no effect of A's action after a further await once the tab is B's (en) > Y1c: the same create under one identity still lands on the created record  460ms
   ✓ F-DG2-530/580 no effect of A's action after a further await once the tab is B's (en) > Y1c (not visible to the creator): the creator still gets 'created, but you cannot open it' with the 201's code  444ms
   ✓ F-DG2-530/580 no effect of A's action after a further await once the tab is B's (en) > router state left in history (Back/Forward) never shows A's created record to B  316ms
   ✓ F-DG2-530/580 no effect of A's action after a further await once the tab is B's (en) > an edit whose identity changes between its awaits: B is not navigated to A's record and keeps nothing of A's  601ms
   ✓ F-DG2-530/580 no effect of A's action after a further await once the tab is B's (en) > an organization create whose identity changes between its awaits: B is not navigated to A's new organization  826ms
   ✓ F-DG2-530/580 no effect of A's action after a further await once the tab is B's (en) > a user create whose identity changes between its awaits: B is not navigated to A's new user  1033ms
   ✓ F-DG2-530/580 no effect of A's action after a further await once the tab is B's (en) > sanity: the organization and user creates under one identity still navigate to the new record  589ms
   ✓ F-DG2-530/580 no effect of A's action after a further await once the tab is B's (en) > sanity: an edit under one identity (a same-identity /me between its awaits) still updates the cache and navigates  326ms
   ✓ F-DG2-570 the header and the data of ONE identity on in-app navigation (en) > N1: B signed in elsewhere, no focus event: opening A's record asks GET /me first; B's header above B's answer  377ms
   ✓ F-DG2-570 the header and the data of ONE identity on in-app navigation (en) > N2: opening the list: B's header with B's list and B's permissions, never A's header or A's empty-state  525ms
   ✓ F-DG2-570 the header and the data of ONE identity on in-app navigation (en) > N0 (the reviewer's Y5): B signed in a moment ago, no time passes, no focus event: the next page is B's under B's header  438ms
   ✓ F-DG2-570 the header and the data of ONE identity on in-app navigation (en) > bounded: one GET /me per navigation, shared by the page's burst; other GETs only after the window; same identity kept  446ms
   ✓ F-DG2-530/580 no effect of A's action after a further await once the tab is B's (ar) > Y1: a create whose post-create GET /me returns B: B is not navigated and never sees A's code or name  768ms
   ✓ F-DG2-530/580 no effect of A's action after a further await once the tab is B's (ar) > an edit whose identity changes between its awaits: B is not navigated to A's record and keeps nothing of A's  497ms
   ✓ F-DG2-530/580 no effect of A's action after a further await once the tab is B's (ar) > an organization create whose identity changes between its awaits: B is not navigated to A's new organization  596ms
   ✓ F-DG2-530/580 no effect of A's action after a further await once the tab is B's (ar) > a user create whose identity changes between its awaits: B is not navigated to A's new user  677ms
   ✓ F-DG2-530/580 no effect of A's action after a further await once the tab is B's (ar) > sanity: the organization and user creates under one identity still navigate to the new record  644ms
   ✓ F-DG2-570 the header and the data of ONE identity on in-app navigation (ar) > N2: opening the list: B's header with B's list and B's permissions, never A's header or A's empty-state  345ms
   ✓ F-DG2-570 the header and the data of ONE identity on in-app navigation (ar) > bounded: one GET /me per navigation, shared by the page's burst; other GETs only after the window; same identity kept  351ms
   ✓ the convention: no raw navigate or cache write in app code (T-DG2-FE15) > the ESLint rule refuses a raw navigate, a raw cache write and a useNavigate import in a page  2120ms
 ✓ |unit-web| src/pages/portfolio/portfolio.test.tsx (32 tests) 13965ms
   ✓ Portfolio (en) > lists code, name, wave, owners and three separate columns: proposed rank, selection and funding  1280ms
   ✓ Portfolio (en) > the proposed rank is Unknown (never 0) when the prioritization view is unavailable  726ms
   ✓ Portfolio (en) > creates a draft at any time: POST /initiatives with the transformation and an Idempotency-Key  856ms
   ✓ Portfolio (en) > the read-only auditor sees the list with no enabled write control  332ms
   ✓ Portfolio (ar) > lists code, name, wave, owners and three separate columns: proposed rank, selection and funding  364ms
   ✓ Portfolio (ar) > the proposed rank is Unknown (never 0) when the prioritization view is unavailable  326ms
   ✓ Portfolio (ar) > filters by status and wave on the server  346ms
   ✓ Portfolio (ar) > creates a draft at any time: POST /initiatives with the transformation and an Idempotency-Key  569ms
   ✓ Initiative Card (en) > submit refused: 'Case for change not yet approved (G1)…' is the dialog's one translated alert  326ms
   ✓ Initiative Card (en) > submit refused: 'Outcome before activity…' (validation at /outcomeContributions) is translated  398ms
   ✓ Initiative Card (en) > launch refused: 'North Star, outcomes and target state not yet approved', then 'Selected - unfunded…'  365ms
   ✓ Initiative Card (en) > select is a labelled business approval: rationale required, If-Match, no 'on behalf of' control  633ms
   ✓ Initiative Card (en) > a 409 shows the conflict banner and reloads  614ms
   ✓ Initiative Card (en) > a gap link to another TOM record shows 'A project portfolio is not a Target Operating Model…'  353ms
   ✓ Initiative Card (en) > an outcome contribution needs an outcome; the KPI is optional and labelled so  659ms
   ✓ Initiative Card (en) > the read-only auditor sees the card with no enabled write control  317ms
   ✓ Initiative Card (ar) > shows all 14 T05 fields in the source order and the 3-7 deliverables warning (a warning, not a block)  715ms
   ✓ Initiative Card (ar) > submit refused: 'Case for change not yet approved (G1)…' is the dialog's one translated alert  883ms
   ✓ Initiative Card (ar) > submit refused: 'Outcome before activity…' (validation at /outcomeContributions) is translated  417ms
   ✓ Initiative Card (ar) > launch refused: 'North Star, outcomes and target state not yet approved', then 'Selected - unfunded…'  686ms
   ✓ Initiative Card (ar) > select is a labelled business approval: rationale required, If-Match, no 'on behalf of' control  427ms
 ✓ |unit-web| src/pages/prioritization/prioritization.test.tsx (20 tests) 12821ms
   ✓ prioritization (en) > ranked table: an incomplete score is 'incomplete' (never a number), 3.30 complete; 0–100 shows 57.5 with its label  1536ms
   ✓ prioritization (en) > scorecard: 6 is refused inline and nothing is sent; 4 is POSTed as the integer; the weighted score is read-only 'incomplete'  1106ms
   ✓ prioritization (en) > weight sets: the live total refuses 95% and 105%; 100% is accepted and POSTed as decimal strings  598ms
   ✓ prioritization (en) > weight sets: the proposer is never offered approval; another approver's approval is a business approval with If-Match; 403 SoD is translated  1121ms
   ✓ prioritization (en) > weight set approval: a 409 shows the conflict banner and reloads  449ms
   ✓ prioritization (en) > ranking history: causes are translated from codes, including 'weight version 2', score change and the override reason  310ms
   ✓ prioritization (en) > overrides: a reason is required (missing and invisible-only are refused, nothing sent); with a reason it is POSTed  704ms
   ✓ prioritization (en) > the read-only auditor sees the data and no enabled write control  552ms
   ✓ prioritization (en) > never mentions a delivery gate (DG0–DG7)  381ms
   ✓ prioritization (ar) > ranked table: an incomplete score is 'incomplete' (never a number), 3.30 complete; 0–100 shows 57.5 with its label  437ms
   ✓ prioritization (ar) > scorecard: 6 is refused inline and nothing is sent; 4 is POSTed as the integer; the weighted score is read-only 'incomplete'  986ms
   ✓ prioritization (ar) > weight sets: the live total refuses 95% and 105%; 100% is accepted and POSTed as decimal strings  462ms
   ✓ prioritization (ar) > weight sets: the proposer is never offered approval; another approver's approval is a business approval with If-Match; 403 SoD is translated  1941ms
   ✓ prioritization (ar) > weight set approval: a 409 shows the conflict banner and reloads  373ms
   ✓ prioritization (ar) > ranking history: causes are translated from codes, including 'weight version 2', score change and the override reason  373ms
   ✓ prioritization (ar) > overrides: a reason is required (missing and invisible-only are refused, nothing sent); with a reason it is POSTed  425ms
   ✓ prioritization (ar) > the read-only auditor sees the data and no enabled write control  415ms
   ✓ prioritization (ar) > never mentions a delivery gate (DG0–DG7)  328ms
 ✓ |unit-web| src/auth/session-generation.test.tsx (26 tests) 14046ms
   ✓ F-DG2-530 a write in flight across an identity change (en) > X3: A's PATCH answered after B's /me is not written into B's cache, not shown, and does not navigate B  871ms
   ✓ F-DG2-530 a write in flight across an identity change (en) > X3b: the same after a session END here and B's sign-in: A's late answer never lands  741ms
   ✓ F-DG2-530 a write in flight across an identity change (en) > an archive in flight across an identity change: A's archived record never lands in B's cache  1069ms
   ✓ F-DG2-530 a write in flight across an identity change (en) > an organization save in flight across an identity change: A's change is never stored under B  1575ms
   ✓ F-DG2-530 a write in flight across an identity change (en) > a user save in flight across an identity change: A's change is never stored under B  845ms
   ✓ F-DG2-530 a write in flight across an identity change (en) > a same-person new session: the in-flight save is dropped silently, the draft is kept and usable  768ms
   ✓ F-DG2-530 a write in flight across an identity change (en) > a language save retried after a 409 is never written for the identity that replaced A  557ms
   ✓ F-DG2-530 a write in flight across an identity change (en) > sanity: a write in flight that finishes under the SAME identity still updates the cache and navigates  541ms
   ✓ F-DG2-530 X6: refocus and reconnect revalidate GET /me first (en) > after B signs in elsewhere, a refocus within /me's staleTime shows B's header with B's data, never A's  617ms
   ✓ F-DG2-530 X6: refocus and reconnect revalidate GET /me first (en) > the same identity: a refocus refetches /me once, then the stale page queries; nothing when all is fresh  542ms
   ✓ F-DG2-530 a write in flight across an identity change (ar) > X3: A's PATCH answered after B's /me is not written into B's cache, not shown, and does not navigate B  580ms
   ✓ F-DG2-530 a write in flight across an identity change (ar) > X3b: the same after a session END here and B's sign-in: A's late answer never lands  642ms
   ✓ F-DG2-530 a write in flight across an identity change (ar) > an archive in flight across an identity change: A's archived record never lands in B's cache  578ms
   ✓ F-DG2-530 a write in flight across an identity change (ar) > an organization save in flight across an identity change: A's change is never stored under B  598ms
   ✓ F-DG2-530 a write in flight across an identity change (ar) > a user save in flight across an identity change: A's change is never stored under B  659ms
   ✓ F-DG2-530 a write in flight across an identity change (ar) > a same-person new session: the in-flight save is dropped silently, the draft is kept and usable  554ms
   ✓ F-DG2-530 a write in flight across an identity change (ar) > a language save retried after a 409 is never written for the identity that replaced A  338ms
   ✓ F-DG2-530 X6: refocus and reconnect revalidate GET /me first (ar) > after B signs in elsewhere, a refocus within /me's staleTime shows B's header with B's data, never A's  700ms
   ✓ F-DG2-530 X6: refocus and reconnect revalidate GET /me first (ar) > the same identity: a refocus refetches /me once, then the stale page queries; nothing when all is fresh  478ms
   ✓ F-DG2-530 X6: refocus and reconnect revalidate GET /me first (ar) > a refocus whose /me finds the session ended navigates once to sign-in and refetches no page data  328ms
 ✓ |unit-web| src/pages/business-cases/business-cases.test.tsx (18 tests) 10464ms
   ✓ business cases (en) > register: levels, Finance baseline states with text (Stale is never green) and drafts  1077ms
   ✓ business cases (en) > detail: all ten sections, totals with gross / cost / net apart, net Unknown (never 0), roll-up by reference  790ms
   ✓ business cases (en) > totals: a partial total says how many Unknown lines it leaves out  561ms
   ✓ business cases (en) > sections: saves only the changed section with If-Match; blank text is refused inline and nothing is sent  1036ms
   ✓ business cases (en) > sections: a 409 shows the standard conflict panel (nothing saved) with the current values  493ms
   ✓ business cases (en) > lines: exactly one class from one select; the value basis follows the class; a 422 is translated  880ms
   ✓ business cases (en) > Finance validation: a business approval for FIN who did not author the case; If-Match; translated 403  815ms
   ✓ business cases (en) > read-only auditor: the ten sections as text, no enabled write control, the read-only note  316ms
   ✓ business cases (ar) > register: levels, Finance baseline states with text (Stale is never green) and drafts  432ms
   ✓ business cases (ar) > detail: all ten sections, totals with gross / cost / net apart, net Unknown (never 0), roll-up by reference  526ms
   ✓ business cases (ar) > sections: saves only the changed section with If-Match; blank text is refused inline and nothing is sent  550ms
   ✓ business cases (ar) > sections: a 409 shows the standard conflict panel (nothing saved) with the current values  560ms
   ✓ business cases (ar) > lines: exactly one class from one select; the value basis follows the class; a 422 is translated  778ms
   ✓ business cases (ar) > Finance validation: a business approval for FIN who did not author the case; If-Match; translated 403  650ms
   ✓ business cases (ar) > Finance validation: the case author sees no validate action, only the separation-of-duties note  465ms
 ✓ |unit-web| src/auth/session-end.test.tsx (12 tests) 11092ms
   ✓ session end while the app is open (en) > a 401 on navigation lands once on sign-in with the message; signing in again returns to the page  2109ms
   ✓ session end while the app is open (en) > a 401 on a dialog mutation (the commit-time upload refusal) closes the dialog and lands once on sign-in  1664ms
   ✓ session end while the app is open (en) > a sign-out elsewhere noticed by the next /me probe lands once on sign-in, never on the stale shell  771ms
   ✓ session end while the app is open (en) > a 403 (forbidden) is never treated as a session end  1064ms
   ✓ session end while the app is open (ar) > a 401 on navigation lands once on sign-in with the message; signing in again returns to the page  1013ms
   ✓ session end while the app is open (ar) > a 401 on a dialog mutation (the commit-time upload refusal) closes the dialog and lands once on sign-in  1164ms
   ✓ session end while the app is open (ar) > a sign-out elsewhere noticed by the next /me probe lands once on sign-in, never on the stale shell  564ms
   ✓ session end while the app is open (ar) > a 403 (forbidden) is never treated as a session end  722ms
   ✓ session end under <StrictMode> (as in production) > still lands exactly once on sign-in  861ms
   ✓ sign-in page and the cached identity > decides 'already signed in' only from a fresh /me, never from a stale cache  386ms
   ✓ sign-in page and the cached identity > signing out here shows 'signed out', not 'session ended', and no /me loop  631ms
 ✓ |unit-web| src/pages/portfolio/fe-e.test.tsx (18 tests) 11644ms
   ✓ Funding decisions (en) > is a labelled business approval with no 'on behalf of' control; rationale required; POST with an Idempotency-Key  2279ms
   ✓ Funding decisions (en) > the BE-E 422s are the dialog's one translated alert; funding.amount_invalid is also inline at /amount  1013ms
   ✓ Funding decisions (ar) > is a labelled business approval with no 'on behalf of' control; rationale required; POST with an Idempotency-Key  404ms
   ✓ Funding decisions (ar) > the BE-E 422s are the dialog's one translated alert; funding.amount_invalid is also inline at /amount  859ms
   ✓ Funding decisions (ar) > the history shows a missing amount as Unknown (never 0); a re-selected initiative explains the deselect rule  420ms
   ✓ Deliverables and milestones on the card (en) > creates (Idempotency-Key), edits (If-Match) and archives (reason, If-Match) a deliverable  1050ms
   ✓ Deliverables and milestones on the card (en) > creates a milestone with its wave and forecast, and edits it with If-Match  524ms
   ✓ Deliverables and milestones on the card (en) > 422 initiative.read_only (a closure raced the edit) is translated as the dialog's one alert  464ms
   ✓ Deliverables and milestones on the card (en) > the card edit form translates initiative.planned_range specifically (RecordDialog namespaces)  468ms
   ✓ Deliverables and milestones on the card (ar) > creates (Idempotency-Key), edits (If-Match) and archives (reason, If-Match) a deliverable  893ms
   ✓ Deliverables and milestones on the card (ar) > creates a milestone with its wave and forecast, and edits it with If-Match  603ms
   ✓ Deliverables and milestones on the card (ar) > 422 initiative.read_only (a closure raced the edit) is translated as the dialog's one alert  497ms
   ✓ Deliverables and milestones on the card (ar) > a cancelled initiative shows deliverables, milestones and funding with no write control  420ms
   ✓ Deliverables and milestones on the card (ar) > the card edit form translates initiative.planned_range specifically (RecordDialog namespaces)  837ms
 ✓ |unit-web| src/pages/team/team.test.tsx (10 tests) 8847ms
   ✓ Team (English LTR) > shows the six governance roles with B0018 accountability text verbatim and who holds each  1594ms
   ✓ Team (English LTR) > lists team members with the accountability on each assignment, sortable and filterable  500ms
   ✓ Team (English LTR) > a Transformation Lead assigns a Workstream Lead: Idempotency-Key, reason, accountability preview  803ms
   ✓ Team (English LTR) > shows a 403 from the server in words; nothing is assigned  463ms
   ✓ Team: read-only auditor (AUD) > sees the roles, accountabilities and members, a read-only note, and no assign control  522ms
   ✓ Team (Arabic RTL) > shows Arabic role names and the provisional Arabic accountability text  794ms
   ✓ Team assign dialog: accountability preview follows the selected role (F-DG2-430) > en: WL on open, then KDS, TD, none and WL again, in StrictMode with no React warning  838ms
   ✓ Team assign dialog: accountability preview follows the selected role (F-DG2-430) > ar: WL on open, then KDS, TD, none and WL again, in StrictMode with no React warning  694ms
   ✓ Team: the success notice follows a language switch, 'en' → 'ar' > the notice is shown in the language now on screen, not the one it was created in  1262ms
   ✓ Team: the success notice follows a language switch, 'ar' → 'en' > the notice is shown in the language now on screen, not the one it was created in  1371ms
 ✓ |unit-web| src/auth/session-identity.test.tsx (18 tests) 8358ms
   ✓ F-DG2-500 a session end on the sign-in page (en) > W5: Back to /login after A's session ends, B signs in with the development form: B never sees A's records  1589ms
   ✓ F-DG2-500 a session end on the sign-in page (en) > W5b (OIDC mode): B signs in in another tab and this tab's /me re-probe brings B: B never sees A's records  795ms
   ✓ F-DG2-500 an identity change with no session end in this tab (en) > a refocus /me that returns another identity removes every session query before B renders, and drops A's drafts  782ms
   ✓ F-DG2-500 sign-out here and 403 (en) > signing out here clears everything; B signing in afterwards never sees A's records  905ms
   ✓ F-DG2-500 a session end on the sign-in page (ar) > W5: Back to /login after A's session ends, B signs in with the development form: B never sees A's records  799ms
   ✓ F-DG2-500 a session end on the sign-in page (ar) > W5b (OIDC mode): B signs in in another tab and this tab's /me re-probe brings B: B never sees A's records  931ms
   ✓ F-DG2-500 an identity change with no session end in this tab (ar) > a refocus /me that returns another identity removes every session query before B renders, and drops A's drafts  386ms
   ✓ F-DG2-500 an identity change with no session end in this tab (ar) > a new session of the same person (signed in again elsewhere) refetches the queries but keeps their own draft  386ms
   ✓ F-DG2-500 sign-out here and 403 (ar) > signing out here clears everything; B signing in afterwards never sees A's records  593ms
 ✓ |unit-web| src/pages/benefit-formulas/benefit-formulas.test.tsx (18 tests) 7913ms
   ✓ T09 benefit formulas (en) > register: the six T09 columns with confidence H/M/L; examples marked illustrative with 100000 and 500000 SAR per year  1117ms
   ✓ T09 benefit formulas (en) > builder: an undefined variable shows translated, with its position, before saving; nothing is sent  781ms
   ✓ T09 benefit formulas (en) > builder: monthly ARPU × annual customers is a period mismatch, translated, before saving  339ms
   ✓ T09 benefit formulas (en) > builder: a fraction is entered as percent and stored as a fraction; a version is saved with If-Match  694ms
   ✓ T09 benefit formulas (en) > builder: a fraction difference shows percentage points (translated suffix), never %  367ms
   ✓ T09 benefit formulas (en) > builder: a 409 shows the standard conflict panel; nothing was saved  331ms
   ✓ T09 benefit formulas (ar) > register: the six T09 columns with confidence H/M/L; examples marked illustrative with 100000 and 500000 SAR per year  538ms
   ✓ T09 benefit formulas (ar) > builder: an undefined variable shows translated, with its position, before saving; nothing is sent  802ms
   ✓ T09 benefit formulas (ar) > builder: a fraction is entered as percent and stored as a fraction; a version is saved with If-Match  648ms
   ✓ T09 benefit formulas (ar) > builder: a 409 shows the standard conflict panel; nothing was saved  386ms
   ✓ T09 benefit formulas (ar) > Finance validation of a version: a business approval by FIN; the author cannot; translated refusal  599ms
 ✓ |unit-web| src/pages/roadmap/roadmap.test.tsx (14 tests) 7644ms
   ✓ roadmap (en) > shows the four source waves verbatim (English source also shown in Arabic) with overlapping horizons  767ms
   ✓ roadmap (en) > moving a milestone PATCHes the forecast with If-Match and the timeline, table and board all show the new date from one refetch  1101ms
   ✓ roadmap (en) > a 409 on moving a milestone shows the conflict notice and reloads the roadmap  673ms
   ✓ roadmap (en) > re-approving a date requires a reason; then it is POSTed with If-Match  596ms
   ✓ roadmap (en) > deliverable acceptance sends the AcceptanceDecision with If-Match (no 'on behalf of' control)  606ms
   ✓ roadmap (en) > the read-only auditor sees no write control  545ms
   ✓ roadmap (ar) > moving a milestone PATCHes the forecast with If-Match and the timeline, table and board all show the new date from one refetch  529ms
   ✓ roadmap (ar) > a 409 on moving a milestone shows the conflict notice and reloads the roadmap  636ms
   ✓ roadmap (ar) > re-approving a date requires a reason; then it is POSTed with If-Match  696ms
   ✓ roadmap (ar) > deliverable acceptance sends the AcceptanceDecision with If-Match (no 'on behalf of' control)  712ms
 ✓ |unit-web| src/pages/gates/g4.test.tsx (16 tests) 8698ms
   ✓ G4 refusal item by item (en) > two initiatives without owners: two separate translated 'Owners' items, never the joined English message  1735ms
   ✓ G4 refusal item by item (en) > without a usable gate view: one translated line per refused criterion, never the English message  436ms
   ✓ G4 refusal item by item (ar) > two initiatives without owners: two separate translated 'Owners' items, never the joined English message  476ms
   ✓ G4 refusal item by item (ar) > without a usable gate view: one translated line per refused criterion, never the English message  831ms
   ✓ G4 view (en) > lists the eight G4 criteria with their missing items: 'Owners', 'Finance validation' and the initiative  362ms
   ✓ G4 view (en) > a refused submission shows the 422 list with the initiative names, translated  548ms
   ✓ G4 view (en) > the decision's 403 urn:mth:problem:forbidden is translated  765ms
   ✓ G4 view (en) > the decision's 403 urn:mth:problem:forbidden is translated  574ms
   ✓ G4 view (en) > the decision's 409 urn:mth:problem:version-conflict is translated  701ms
   ✓ G4 view (ar) > lists the eight G4 criteria with their missing items: 'Owners', 'Finance validation' and the initiative  558ms
   ✓ G4 view (ar) > a refused submission shows the 422 list with the initiative names, translated  398ms
   ✓ G4 view (ar) > the decision's 403 urn:mth:problem:forbidden is translated  519ms
   ✓ G4 view (ar) > the decision's 403 urn:mth:problem:forbidden is translated  404ms
   ✓ G4 view (ar) > the decision's 409 urn:mth:problem:version-conflict is translated  371ms
 ✓ |unit-web| src/pages/approvals/approvals.test.tsx (16 tests) 6669ms
   ✓ Approvals (en) > lists my approvals; an Unknown due date shows Unknown with its reason, never a date  488ms
   ✓ Approvals (en) > offers exactly four outcomes; defer needs a date; the decision sends subjectVersion with If-Match  474ms
   ✓ Approvals (en) > a blank rationale is refused before sending  336ms
   ✓ Approvals (en) > a stale 409 says the record changed, records nothing and links to the history  373ms
   ✓ Approvals (ar) > offers exactly four outcomes; defer needs a date; the decision sends subjectVersion with If-Match  587ms
   ✓ Approvals (ar) > a blank rationale is refused before sending  380ms
   ✓ Approvals (ar) > a stale 409 says the record changed, records nothing and links to the history  359ms
   ✓ Delegations (en) > records a delegation with Asia/Riyadh wall-clock times sent as UTC; a loop 422 is translated  501ms
   ✓ Delegations (en) > revokes with a reason and If-Match; a read-only user sees no action  1163ms
   ✓ Delegations (ar) > records a delegation with Asia/Riyadh wall-clock times sent as UTC; a loop 422 is translated  439ms
   ✓ Delegations (ar) > revokes with a reason and If-Match; a read-only user sees no action  671ms
 ✓ |unit-web| src/pages/capacity/fe-e.test.tsx (13 tests) 8106ms
   ✓ capacity editing (en) > creates a role; a taken code (409) is the form's translated alert; then the role is created  913ms
   ✓ capacity editing (en) > edits a role's labels and archives it, each with If-Match  684ms
   ✓ capacity editing (en) > creates a capacity row with a decimal FTE string; a duplicate (409) is translated  1197ms
   ✓ capacity editing (en) > creates a demand; after the save the plan is re-read and the conflict with its shortfall appears; Unknown stays Unknown  903ms
   ✓ capacity editing (en) > edits a planned demand with If-Match; 422 resource_demand.not_planned is translated  478ms
   ✓ capacity editing (ar) > creates a role; a taken code (409) is the form's translated alert; then the role is created  515ms
   ✓ capacity editing (ar) > edits a role's labels and archives it, each with If-Match  523ms
   ✓ capacity editing (ar) > creates a capacity row with a decimal FTE string; a duplicate (409) is translated  506ms
   ✓ capacity editing (ar) > creates a demand; after the save the plan is re-read and the conflict with its shortfall appears; Unknown stays Unknown  782ms
   ✓ capacity editing (ar) > edits a planned demand with If-Match; 422 resource_demand.not_planned is translated  926ms
   ✓ capacity editing (ar) > the read-only auditor sees roles and capacity rows with no editing control  378ms
 ✓ |unit-web| src/pages/transformations/transformations.test.tsx (21 tests) 11202ms
   ✓ after create (F-DG1-004) > shows the created record when the server lets the creator read it  1395ms
   ✓ after create (F-DG1-004) > explains, in English, that the draft was created but cannot be opened (server 404), instead of 'Not found'  1144ms
   ✓ after create (F-DG1-004) > explains the same in Arabic (RTL), using the glossary term for Transformation  901ms
   ✓ after create (F-DG1-004) > treats a 403 for the just-created record the same way  315ms
   ✓ derived creator assignment on the audit trail (F-DG1-008) > English: localized action, fields, role, user and scope; nothing raw or marked untranslated  524ms
   ✓ derived creator assignment on the audit trail (F-DG1-008) > an action the catalogue does not know stays readable and is explicitly marked (en and ar)  541ms
   ✓ effective permissions refresh after create (F-DG1-210) > English: Edit, Archive and the audit trail appear after create, without a reload  1853ms
   ✓ effective permissions refresh after create (F-DG1-210) > Arabic (RTL): the same controls and the audit trail appear after create, without a reload  2018ms
   ✓ effective permissions refresh after create (F-DG1-210) > does not over-grant: if the refreshed server answer adds nothing, Archive and the audit trail stay hidden  768ms
   ✓ effective permissions refresh after create (F-DG1-210) > a failed /me refresh never blocks the navigation; the UI stays fail-safe (no controls offered)  304ms
 ✓ |unit-web| src/pages/gates/g1-agreements.test.tsx (10 tests) 6716ms
   ✓ G1 agreements step (en) > approving G1 needs the three labelled confirmations; then sends agreements with all three true  2323ms
   ✓ G1 agreements step (en) > a non-approve outcome on G1 sends no agreements (even after ticking them)  1236ms
   ✓ G1 agreements step (en) > approving another gate (G2) shows no confirmations and sends no agreements  801ms
   ✓ G1 agreements step (en) > the server's 422 gate.g1_agreements_required is the one form-level alert, with the missing confirmations  370ms
   ✓ G1 agreements step (ar) > approving G1 needs the three labelled confirmations; then sends agreements with all three true  457ms
   ✓ G1 agreements step (ar) > a non-approve outcome on G1 sends no agreements (even after ticking them)  317ms
   ✓ G1 agreements step (ar) > the server's 422 gate.g1_agreements_required is the one form-level alert, with the missing confirmations  390ms
   ✓ G1 agreements step (ar) > the server's 422 gate.agreements_not_applicable is translated as the one form-level alert  360ms
 ✓ |unit-web| src/pages/my-work/my-work.test.tsx (21 tests) 5669ms
   ✓ My Work (en) > renders tasks and reminders from messageKey + messageParams; Unknown due dates; system-managed tasks  929ms
   ✓ My Work (en) > marks a task done and a reminder read with bodiless POSTs and If-Match  1049ms
   ✓ My Work (ar) > marks a task done and a reminder read with bodiless POSTs and If-Match  1020ms
   ✓ Calendar, jobs and groups (en) > calendar: a technical administrator adds a holiday; a range error is caught before sending  485ms
   ✓ Calendar, jobs and groups (ar) > groups: membership grants no permission (stated); group.manage creates a group  310ms
 ✓ |unit-web| src/pages/roadmap/fe-e.test.tsx (8 tests) 5906ms
   ✓ wave editing (en) > edits planned dates (overlap accepted) with If-Match; the source text is read-only and never sent  1500ms
   ✓ wave editing (en) > 422 roadmap_wave.planned_range is inline at the planned end and translated  813ms
   ✓ wave editing (en) > adds a non-source wave with its bilingual texts (POST, Idempotency-Key)  1521ms
   ✓ wave editing (ar) > edits planned dates (overlap accepted) with If-Match; the source text is read-only and never sent  356ms
   ✓ wave editing (ar) > 422 roadmap_wave.planned_range is inline at the planned end and translated  615ms
   ✓ wave editing (ar) > adds a non-source wave with its bilingual texts (POST, Idempotency-Key)  680ms
 ✓ |unit-web| src/pages/raci/governance.test.tsx (15 tests) 4664ms
   ✓ Governance (en) > RACI: edits a row with the cell selects and saves it as one PATCH with If-Match  630ms
   ✓ Governance (en) > RACI: an auditor sees the matrix read-only (no cell editor, no save)  399ms
   ✓ Governance (en) > decision rights: seeded rows; the due-date preview shows Unknown with its reason  370ms
   ✓ Governance (en) > decision rights: submits the matrix for business approval with If-Match  479ms
   ✓ Governance (en) > decision rights: a field with an unknown party code is refused before sending  459ms
   ✓ Governance (ar) > decision rights: submits the matrix for business approval with If-Match  335ms
   ✓ Governance (ar) > Transform readiness lists what is missing and links to the fix  405ms
 ✓ |unit-web| src/pages/dispensations/dispensations.test.tsx (12 tests) 6510ms
   ✓ Dispensations (en) > lists waivers and inherited approvals; unverified evidence is shown as unverified; recorder cannot decide  1336ms
   ✓ Dispensations (en) > a waiver needs a reason and an expiry: refused inline, nothing sent; then sent with its scope  710ms
   ✓ Dispensations (en) > an inherited approval (Modular) needs the approving body, the date and evidence; 422s are translated  588ms
   ✓ Dispensations (en) > deciding is a labelled business approval; the delegated-decision 422 and the recorder 403 are translated  524ms
   ✓ Dispensations (en) > revoking an accepted dispensation needs a reason and is a business approval  378ms
   ✓ Dispensations (en) > the read-only auditor sees the register with no enabled write control  672ms
   ✓ Dispensations (ar) > lists waivers and inherited approvals; unverified evidence is shown as unverified; recorder cannot decide  364ms
   ✓ Dispensations (ar) > a waiver needs a reason and an expiry: refused inline, nothing sent; then sent with its scope  674ms
   ✓ Dispensations (ar) > an inherited approval (Modular) needs the approving body, the date and evidence; 422s are translated  408ms
   ✓ Dispensations (ar) > deciding is a labelled business approval; the delegated-decision 422 and the recorder 403 are translated  354ms
   ✓ Dispensations (ar) > revoking an accepted dispensation needs a reason and is a business approval  303ms
 ✓ |unit-web| src/pages/gates/inherited-approval.test.tsx (16 tests) 3225ms
   ✓ inherited-approval annotation (en) > Gates list: G1 pending_verification (counts false) is a badge next to 'Not submitted'  372ms
   ✓ inherited-approval annotation (en) > gate view: an accepted inherited approval is a labelled row beside the 'Not submitted' status  381ms
   ✓ inherited-approval annotation (en) > gate view: without an inherited approval there is no row  382ms
 ✓ |unit-web| src/pages/dependencies/dependencies.test.tsx (12 tests) 5868ms
   ✓ dependencies (en) > shows the seven T08 columns, an External source, the type label and the needed-by conflict flag  793ms
   ✓ dependencies (en) > a cycle is refused and shown as the translated message with the path INI-01 → INI-02 → INI-03 → INI-01  997ms
   ✓ dependencies (en) > an External source is sent as {kind: external, label}  630ms
   ✓ dependencies (en) > dependency types: system types are undeletable; an administrator may retire a custom type  311ms
   ✓ dependencies (ar) > a cycle is refused and shown as the translated message with the path INI-01 → INI-02 → INI-03 → INI-01  432ms
   ✓ dependencies (ar) > an External source is sent as {kind: external, label}  1191ms
   ✓ dependencies (ar) > dependency types: system types are undeletable; an administrator may retire a custom type  489ms
 ✓ |unit-web| src/components/LanguageSwitch.test.tsx (10 tests) 4856ms
   ✓ a refused language save, 'en' → other ('403 csrf') > keeps ar on screen and says, in ar, that it was not saved  1315ms
   ✓ a refused language save, 'ar' → other ('403 csrf') > keeps en on screen and says, in en, that it was not saved  535ms
   ✓ a refused language save, 'en' → other ('403 forbidden') > keeps ar on screen and says, in ar, that it was not saved  650ms
   ✓ a refused language save, 'ar' → other ('503') > keeps en on screen and says, in en, that it was not saved  576ms
   ✓ the live region and the persisted preference > switching back clears the notice; the region stays in the DOM, empty  442ms
   ✓ the live region and the persisted preference > if the persisted preference changes later and is re-applied, the notice says so in that language  350ms
   ✓ the live region and the persisted preference > en: the notice is a warning banner below the header, not inside it  443ms
 ✓ |unit-web| src/app/p3-seams.test.tsx (10 tests) 3337ms
   ✓ P3 routes > workspace tabs (en) > the workspace tabs include the P3 tabs, labelled from their own namespaces  915ms
   ✓ P3 routes > workspace tabs (ar) > the workspace tabs include the P3 tabs, labelled from their own namespaces  411ms
   ✓ P3 navigation areas > en /initiatives-roadmaps leads into the Initiatives and Roadmaps tab of each transformation  436ms
   ✓ P3 navigation areas > ar /initiatives-roadmaps leads into the المبادرات وخرائط الطريق tab of each transformation  523ms
   ✓ P3 navigation areas > en /benefits-finance leads into the Benefits and Finance tab of each transformation  429ms
   ✓ P3 navigation areas > ar /benefits-finance leads into the المنافع والمالية tab of each transformation  577ms
 ✓ |unit-web| src/app/app.test.tsx (17 tests) 4010ms
   ✓ bilingual shell > switches to English LTR and persists the preference with If-Match  309ms
   ✓ bilingual shell > shows all fourteen areas to an administrator  600ms
   ✓ bilingual shell > hides Administration from a Workstream Lead, and the admin route shows no-permission  407ms
   ✓ transformations > lists transformations with a sortable code column and removable filter chips  682ms
   ✓ transformations > detail shows the workspace header with Unknown for data from later stages  560ms
   ✓ transformations > edit: a 409 writes nothing, shows compare, and re-applies on the current version  345ms
 ✓ |unit-web| src/pages/capacity/capacity.test.tsx (6 tests) 2408ms
   ✓ capacity (en) > the role × month grid shows decimal FTE, the conflict with its shortfall, and Unknown capacity as Unknown (never 0)  733ms
   ✓ capacity (en) > committing a demand POSTs with If-Match; a 409 shows the conflict notice and reloads  829ms
 ✓ |unit-web| src/components/RecordForm.alerts.test.tsx (16 tests) 2659ms
   ✓ record form: one alert per distinct form error (en) > dialog > a 400 whose only field error has pointer "" says its message once, in one live region  622ms
 ✓ |unit-web| src/pages/transformations/modeGuidance.test.tsx (5 tests) 2093ms
   ✓ New transformation: mode guidance (English LTR) > shows When to use and How for the selected mode and switches with the mode  927ms
   ✓ New transformation: mode guidance (English LTR) > Modular requires an entry phase before anything is sent  430ms
   ✓ New transformation: mode guidance (English LTR) > a server validation error on the entry phase is shown on that field  570ms
 ✓ |unit-web| src/components/States.test.tsx (15 tests) 1135ms
   ✓ explicit states in en > stale is labelled Stale with the last successful load time, never shown as current  361ms
 ✓ |unit-web| src/lib/auditChanges.test.ts (125 tests) 383ms
 ✓ |unit-web| src/pages/readiness/readiness.test.tsx (4 tests) 1932ms
   ✓ Readiness (en) > lists the missing diagnostic areas by name, the gates and the translated sequencing blockers  1081ms
   ✓ Readiness (en) > an accepted, verified inherited approval counts, and the gate itself still is not approved  352ms
   ✓ Readiness (ar) > lists the missing diagnostic areas by name, the gates and the translated sequencing blockers  316ms
 ✓ |unit-web| src/test/react-warning-guard.test.tsx (4 tests) 104ms
 ✓ |unit-web| src/lib/lib.test.ts (24 tests) 88ms
 ✓ |unit-web| src/i18n/i18n.test.ts (11 tests) 88ms
 ✓ |unit-web| src/i18n/glossary.test.ts (8 tests) 26ms
 ✓ |unit-web| src/styles/styles.test.ts (6 tests) 14ms
 ✓ |unit-web| src/test/harness-config.test.ts (2 tests) 9ms
 ✓ |unit-web| src/pages/business-cases/problem-codes.test.ts (4 tests) 88ms
 ✓ |unit-node| apps/api/src/modules/kpi/kpi.test.ts (38 tests) 3129ms
   ✓ kpi module (P2) > its declared boundary holds, and a planted bypass or undeclared dependency would be caught  2987ms
 ✓ |unit-node| apps/api/src/architecture.test.ts (137 tests) 15539ms
   ✓ API module boundaries (ADR-0002) > every import respects dependsOn, public surfaces and allowed packages  9067ms
   ✓ package dependency direction (ADR-0002 rule 5) > packages/shared imports no workspace package  1737ms
   ✓ package dependency direction (ADR-0002 rule 5) > apps/web never imports @mth/db or @mth/config (browser bundle, no secrets)  3507ms
 ✓ |unit-node| packages/shared/src/formula/fuzz.test.ts (111 tests) 17693ms
   ✓ fuzz: no uncaught exception, no code execution > 10 000 random byte strings (0–255, up to 80 bytes)  3154ms
   ✓ fuzz: no uncaught exception, no code execution > 10 000 random UTF-16 strings including astral code points and lone surrogates  3810ms
   ✓ fuzz: no uncaught exception, no code execution > 20 000 random strings over the grammar alphabet reach parser, type checker and evaluator  6865ms
   ✓ source scan: no dynamic code in packages/shared/src/formula (ADR-0024 §6) > every file of the engine's import closure gets the engine-source lint rules (eslint.config.js)  3062ms
   ✓ source scan: no dynamic code in packages/shared/src/formula (ADR-0024 §6) > ESLint refuses the round-5 handler forms (G1, G2, A1, A2), F1 and every lintable probe-table row in an engine source  717ms
 ✓ |unit-node| packages/shared/src/kpi/property.test.ts (11 tests) 2452ms
   ✓ RAG > relative mode is scale-invariant: scaling actual and expected by k > 0 keeps the RAG  331ms
   ✓ changes > pp = (x₁ − x₀) × 100 exactly, and relative × |x₀| = x₁ − x₀ (to precision 80)  321ms
   ✓ trajectory > linear expected values lie between the neighbouring points; step values are point values  555ms
 ✓ |unit-node| packages/shared/src/scoring.test.ts (36 tests) 493ms
   ✓ property: all 5^5 integer score combinations under v1 equal an independent BigInt rational computation > stored value, 2-digit display and 0–100 view all match for 3125 combinations  452ms
 ✓ |unit-node| apps/api/src/modules/workflows/workflows.test.ts (14 tests) 2616ms
   ✓ workflows module (P2) > its declared boundary holds, and an undeclared dependency would be caught  2397ms
 ✓ |unit-node| apps/api/src/server.test.ts (6 tests) 963ms
   ✓ route registration > declares access on every /api route and on the health endpoints  388ms
 ✓ |unit-node| apps/api/src/modules/evidence/evidence.test.ts (13 tests) 1099ms
   ✓ evidence module (P2) > its declared boundary holds  847ms
 ✓ |unit-node| apps/api/src/modules/methodology/methodology.test.ts (4 tests) 305ms
 ✓ |unit-node| apps/api/src/modules/platform/in-flight.test.ts (4 tests) 300ms
 ✓ |unit-node| packages/shared/src/value.test.ts (29 tests) 240ms
 ✓ |unit-node| apps/api/src/modules/reporting/reporting.test.ts (4 tests) 199ms
 ✓ |unit-node| packages/shared/src/schemas/schemas.test.ts (69 tests) 300ms
 ✓ |unit-node| apps/api/src/modules/platform/platform.test.ts (19 tests) 220ms
 ✓ |unit-node| packages/shared/src/formula/formula.test.ts (140 tests) 139ms
 ✓ |unit-node| apps/api/src/modules/platform/media-types.test.ts (57 tests) 191ms
 ✓ |unit-node| packages/config/src/load.test.ts (17 tests) 354ms
 ✓ |unit-node| apps/api/src/modules/platform/connection-hygiene.test.ts (6 tests) 100ms
 ✓ |unit-node| packages/design-tokens/src/tokens.test.ts (15 tests) 120ms
 ✓ |unit-node| packages/shared/src/time/working-days.test.ts (19 tests) 47ms
 ✓ |unit-node| apps/api/src/modules/platform/incomplete-body.test.ts (10 tests) 309ms
 ✓ |unit-node| apps/api/src/request-encoding.test.ts (11 tests) 97ms
 ✓ |unit-node| packages/shared/src/kpi/a05.test.ts (17 tests) 35ms
 ✓ |unit-node| packages/db/src/seed.test.ts (25 tests) 50ms
 ✓ |unit-node| apps/api/src/modules/kpi/rules.test.ts (30 tests) 49ms
 ✓ |unit-node| apps/api/src/modules/kpi/formulas.test.ts (10 tests) 36ms
 ✓ |unit-node| apps/api/src/modules/tasks/tasks.test.ts (5 tests) 191ms
 ✓ |unit-node| packages/shared/src/kpi/change.test.ts (22 tests) 51ms
 ✓ |unit-node| apps/api/src/modules/platform/health.test.ts (2 tests) 55ms
 ✓ |unit-node| apps/api/src/modules/admin/branding.test.ts (4 tests) 148ms
(node:10456) [FSTDEP022] FastifyWarning: The router options for constraints property access is deprecated. Please use "options.routerOptions" instead for accessing router options. The router options will be removed in `fastify@6`.
(Use `node --trace-warnings ...` to show where the warning was created)
 ✓ |unit-node| apps/api/src/modules/platform/framework-errors.test.ts (6 tests) 59ms
 ✓ |unit-node| packages/shared/src/kpi/purity.test.ts (14 tests) 45ms
 ✓ |unit-node| apps/api/src/modules/benefits/register-rules.test.ts (45 tests) 33ms
 ✓ |unit-node| packages/shared/src/kpi/rag.test.ts (38 tests) 19ms
 ✓ |unit-node| apps/api/src/modules/benefits/benefits.test.ts (2 tests) 32ms
 ✓ |unit-node| packages/shared/src/kpi/types.test.ts (40 tests) 36ms
 ✓ |unit-node| apps/api/src/modules/governance/governance.test.ts (2 tests) 39ms
 ✓ |unit-node| apps/api/src/modules/platform/advisory-locks.test.ts (3 tests) 57ms
 ✓ |unit-node| apps/api/src/modules/kpi/p3-gate-facts.test.ts (9 tests) 41ms
 ✓ |unit-node| apps/api/src/modules/transformations/good-outcome.test.ts (7 tests) 17ms
 ✓ |unit-node| packages/shared/src/kpi/formula-binding.test.ts (26 tests) 23ms
 ✓ |unit-node| apps/api/src/modules/benefits/d2-rules.test.ts (15 tests) 25ms
 ✓ |unit-node| packages/shared/src/kpi/measures.test.ts (30 tests) 32ms
 ✓ |unit-node| apps/api/src/modules/platform/db-errors.test.ts (7 tests) 16ms
 ✓ |unit-node| packages/shared/src/kpi/status.test.ts (25 tests) 23ms
 ✓ |unit-node| apps/api/src/modules/kpi/totals.test.ts (20 tests) 25ms
 ✓ |unit-node| apps/api/src/modules/portfolio/schedule.test.ts (14 tests) 20ms
 ✓ |unit-node| apps/api/src/modules/adoption/adoption.test.ts (2 tests) 13ms
 ✓ |unit-node| apps/api/src/modules/raid/raid.test.ts (2 tests) 14ms
 ✓ |unit-node| packages/shared/src/kpi/periods.test.ts (26 tests) 25ms
 ✓ |unit-node| packages/shared/src/kpi/aggregate.test.ts (20 tests) 12ms
 ✓ |unit-node| apps/api/src/modules/sustainment/sustainment.test.ts (2 tests) 13ms
 ✓ |unit-node| apps/api/src/modules/access/rules.test.ts (12 tests) 16ms
 ✓ |unit-node| packages/shared/src/kpi/trajectory.test.ts (14 tests) 23ms
 ✓ |unit-node| apps/api/src/modules/portfolio/sequencing.test.ts (9 tests) 17ms
 ✓ |unit-node| packages/shared/src/schemas/roadmap.test.ts (6 tests) 13ms
 ✓ |unit-node| apps/api/src/modules/platform/request-encoding.test.ts (7 tests) 14ms
 ✓ |unit-node| apps/api/src/modules/workflows/g4.test.ts (5 tests) 8ms
 ✓ |unit-node| apps/api/src/modules/portfolio/capacity.test.ts (4 tests) 17ms
 ✓ |unit-node| apps/api/src/modules/platform/db-errors-p4.test.ts (5 tests) 10ms
 ✓ |unit-node| apps/api/src/modules/kpi/kbe-c.test.ts (9 tests) 19ms
 ✓ |unit-node| apps/api/src/modules/transformations/thesis.test.ts (4 tests) 72ms
 ✓ |unit-node| apps/api/src/modules/identity/oidc-claims.test.ts (5 tests) 13ms
 ✓ |unit-node| apps/api/src/modules/workflows/t08-cycle-problem.test.ts (2 tests) 3ms
 ✓ |unit-node| apps/api/src/modules/portfolio/readiness-transform.test.ts (4 tests) 5ms
 ✓ |unit-node| apps/api/src/modules/transformations/exclusions.test.ts (19 tests) 10ms
 ✓ |unit-node| apps/api/src/modules/transformations/transitions.test.ts (2 tests) 9ms
 ✓ |unit-node| apps/api/src/modules/governance/raci.test.ts (2 tests) 3ms

 Test Files  109 passed (109)
      Tests  2132 passed (2132)
   Start at  08:57:11
   Duration  201.74s (transform 13.41s, setup 9.79s, collect 151.73s, tests 339.07s, environment 36.91s, prepare 14.77s)


 RUN  v3.2.4 /home/user/wt/dg4-fe-a

 ✓ |unit-formula-nocodegen| packages/shared/src/formula/codegen.nocodegen.test.ts (10 tests) 23ms
 ✓ |unit-formula-nocodegen| packages/shared/src/formula/formula.test.ts (140 tests) 107ms
 ✓ |unit-formula-nocodegen| packages/shared/src/formula/fuzz.test.ts (111 tests | 2 skipped) 6208ms
   ✓ fuzz: no uncaught exception, no code execution > 10 000 random byte strings (0–255, up to 80 bytes)  1782ms
   ✓ fuzz: no uncaught exception, no code execution > 10 000 random UTF-16 strings including astral code points and lone surrogates  1464ms
   ✓ fuzz: no uncaught exception, no code execution > 20 000 random strings over the grammar alphabet reach parser, type checker and evaluator  2925ms

 Test Files  3 passed (3)
      Tests  259 passed | 2 skipped (261)
   Start at  09:00:34
   Duration  7.34s (transform 515ms, setup 0ms, collect 1.12s, tests 6.34s, environment 1ms, prepare 565ms)

exit=0
