
> mobily-transformation-hub@0.1.0 test /home/user/wt/dg4-be-r4
> vitest run --project unit-node --project unit-web && vitest run --project unit-formula-nocodegen


 RUN  v3.2.4 /home/user/wt/dg4-be-r4

 ✓ |unit-web| src/pages/traceability/traceability.test.tsx (32 tests) 16640ms
   ✓ Traceability (en) > graph: clickable nodes, orphan flags, allocation totals, unseen links counted; orphan report  511ms
   ✓ Traceability (en) > impact of a KPI definition: affected benefit (value affected), dashboards and areas, hidden count  633ms
   ✓ Traceability (en) > allocation set: 100 % total, 0 % unallocated; a 110 % share is refused with the translated message  1419ms
   ✓ Traceability (en) > creates a trace link with its statement and a decimal share  1112ms
   ✓ Traceability (en) > read-only users get no write control  981ms
   ✓ Traceability (ar) > graph: clickable nodes, orphan flags, allocation totals, unseen links counted; orphan report  536ms
   ✓ Traceability (ar) > impact of a KPI definition: affected benefit (value affected), dashboards and areas, hidden count  573ms
   ✓ Traceability (ar) > allocation set: 100 % total, 0 % unallocated; a 110 % share is refused with the translated message  660ms
   ✓ Traceability (ar) > creates a trace link with its statement and a decimal share  1377ms
   ✓ Traceability (ar) > read-only users get no write control  437ms
   ✓ Modular entry (en) > missing links with the waiver in force; G2 Inherited, never Approved; inherited records labelled  627ms
   ✓ Modular entry (en) > records an inherited evidence item and withdraws one with If-Match  815ms
   ✓ Modular entry (ar) > missing links with the waiver in force; G2 Inherited, never Approved; inherited records labelled  447ms
   ✓ Modular entry (ar) > records an inherited evidence item and withdraws one with If-Match  627ms
   ✓ Portfolios and workstreams (en) > workstreams list WS-nn codes; assigning an initiative twice shows the translated refusal  995ms
   ✓ Portfolios and workstreams (ar) > workstreams list WS-nn codes; assigning an initiative twice shows the translated refusal  1164ms
   ✓ RAG policy and transformation chip (en) > first save of the default policy sends If-Match "0"; a stale save says nothing was saved  477ms
   ✓ RAG policy and transformation chip (en) > the transformation chip is repeatable, offers readable transformations and sends each id  661ms
   ✓ RAG policy and transformation chip (ar) > first save of the default policy sends If-Match "0"; a stale save says nothing was saved  585ms
   ✓ RAG policy and transformation chip (ar) > an invalid ratio is caught before sending; a threshold-order refusal is translated  347ms
   ✓ RAG policy and transformation chip (ar) > the transformation chip is repeatable, offers readable transformations and sends each id  463ms
 ✓ |unit-web| src/pages/gates/g5-g6.test.tsx (25 tests) 17030ms
   ✓ G5 view (en) > lists the G5 missing item translated with the risk code, and the exceptions with expiry and coverage  1383ms
   ✓ G5 view (en) > requests an exception with all five REQ-S04-013 fields; a missing expiry is refused before sending  925ms
   ✓ G5 view (en) > a refused G5 submission lists 'Risk closure' by its translated label, never the English detail  1104ms
   ✓ G5 view (en) > a G5 approval needs the scale scope: nothing is sent without one; the scope goes with the decision  1515ms
   ✓ G5 view (en) > a frozen submission shows its exception lines and the nine-field review table, Under review  971ms
   ✓ G5 view (ar) > lists the G5 missing item translated with the risk code, and the exceptions with expiry and coverage  491ms
   ✓ G5 view (ar) > requests an exception with all five REQ-S04-013 fields; a missing expiry is refused before sending  1001ms
   ✓ G5 view (ar) > a refused G5 submission lists 'Risk closure' by its translated label, never the English detail  761ms
   ✓ G5 view (ar) > a G5 approval needs the scale scope: nothing is sent without one; the scope goes with the decision  714ms
   ✓ G5 view (ar) > a frozen submission shows its exception lines and the nine-field review table, Under review  780ms
   ✓ Modular G3 waiver on the gate page (en) > the submission shows the missing-links items and the waiver used; a revoked waiver's refusal is translated  942ms
   ✓ Modular G3 waiver on the gate page (en) > a G3 submission refused for missing links lists each item translated  719ms
   ✓ Modular G3 waiver on the gate page (ar) > the submission shows the missing-links items and the waiver used; a revoked waiver's refusal is translated  838ms
   ✓ Modular G3 waiver on the gate page (ar) > a G3 submission refused for missing links lists each item translated  533ms
   ✓ G5 scale transitions and risk dispositions (en) > scaling before G5 is approved shows the translated invalid-transition that names G5  503ms
   ✓ G5 scale transitions and risk dispositions (en) > an open High-impact risk without a disposition is flagged; proposing one sends the four fields  351ms
   ✓ G5 scale transitions and risk dispositions (en) > a pending disposition is shown as pending, not as closed; an approved one completes the row  404ms
   ✓ G5 scale transitions and risk dispositions (en) > scaling outside the approved G5 scope shows the translated scale.outside_approved_scope refusal  812ms
   ✓ G5 scale transitions and risk dispositions (ar) > scaling before G5 is approved shows the translated invalid-transition that names G5  725ms
   ✓ G5 scale transitions and risk dispositions (ar) > an open High-impact risk without a disposition is flagged; proposing one sends the four fields  301ms
   ✓ G5 scale transitions and risk dispositions (ar) > a pending disposition is shown as pending, not as closed; an approved one completes the row  570ms
   ✓ G5 scale transitions and risk dispositions (ar) > scaling outside the approved G5 scope shows the translated scale.outside_approved_scope refusal  667ms
 ✓ |unit-web| src/pages/transformations/transformations.test.tsx (21 tests) 13199ms
   ✓ after create (F-DG1-004) > shows the created record when the server lets the creator read it  1309ms
   ✓ after create (F-DG1-004) > explains, in English, that the draft was created but cannot be opened (server 404), instead of 'Not found'  789ms
   ✓ after create (F-DG1-004) > explains the same in Arabic (RTL), using the glossary term for Transformation  507ms
   ✓ after create (F-DG1-004) > treats a 403 for the just-created record the same way  434ms
   ✓ truly out-of-scope records keep the correct localized message > 404 without a just-created record: 'Not found' (en) / 'غير موجود' (ar), nothing disclosed  382ms
   ✓ audit trail changes (F-DG1-005) > English: field and value labels, not raw keys or enum codes  414ms
   ✓ derived creator assignment on the audit trail (F-DG1-008) > English: localized action, fields, role, user and scope; nothing raw or marked untranslated  342ms
   ✓ derived creator assignment on the audit trail (F-DG1-008) > Arabic (RTL): the same event with Arabic labels and the glossary role name  627ms
   ✓ derived creator assignment on the audit trail (F-DG1-008) > an action the catalogue does not know stays readable and is explicitly marked (en and ar)  428ms
   ✓ effective permissions refresh after create (F-DG1-210) > English: Edit, Archive and the audit trail appear after create, without a reload  3096ms
   ✓ effective permissions refresh after create (F-DG1-210) > Arabic (RTL): the same controls and the audit trail appear after create, without a reload  2170ms
   ✓ effective permissions refresh after create (F-DG1-210) > does not over-grant: if the refreshed server answer adds nothing, Archive and the audit trail stay hidden  1010ms
   ✓ effective permissions refresh after create (F-DG1-210) > a failed /me refresh never blocks the navigation; the UI stays fail-safe (no controls offered)  795ms
 ✓ |unit-web| src/lib/auditChanges.test.ts (125 tests) 259ms
 ✓ |unit-web| src/auth/session-bound.test.tsx (34 tests) 20469ms
   ✓ F-DG2-530/580 no effect of A's action after a further await once the tab is B's (en) > Y1: a create whose post-create GET /me returns B: B is not navigated and never sees A's code or name  1797ms
   ✓ F-DG2-530/580 no effect of A's action after a further await once the tab is B's (en) > Y1c: the same create under one identity still lands on the created record  948ms
   ✓ F-DG2-530/580 no effect of A's action after a further await once the tab is B's (en) > Y1c (not visible to the creator): the creator still gets 'created, but you cannot open it' with the 201's code  463ms
   ✓ F-DG2-530/580 no effect of A's action after a further await once the tab is B's (en) > an edit whose identity changes between its awaits: B is not navigated to A's record and keeps nothing of A's  786ms
   ✓ F-DG2-530/580 no effect of A's action after a further await once the tab is B's (en) > an organization create whose identity changes between its awaits: B is not navigated to A's new organization  716ms
   ✓ F-DG2-530/580 no effect of A's action after a further await once the tab is B's (en) > a user create whose identity changes between its awaits: B is not navigated to A's new user  1082ms
   ✓ F-DG2-530/580 no effect of A's action after a further await once the tab is B's (en) > sanity: the organization and user creates under one identity still navigate to the new record  1365ms
   ✓ F-DG2-530/580 no effect of A's action after a further await once the tab is B's (en) > sanity: an edit under one identity (a same-identity /me between its awaits) still updates the cache and navigates  363ms
   ✓ F-DG2-570 the header and the data of ONE identity on in-app navigation (en) > N2: opening the list: B's header with B's list and B's permissions, never A's header or A's empty-state  411ms
   ✓ F-DG2-570 the header and the data of ONE identity on in-app navigation (en) > N0 (the reviewer's Y5): B signed in a moment ago, no time passes, no focus event: the next page is B's under B's header  383ms
   ✓ F-DG2-570 the header and the data of ONE identity on in-app navigation (en) > bounded: one GET /me per navigation, shared by the page's burst; other GETs only after the window; same identity kept  511ms
   ✓ F-DG2-530/580 no effect of A's action after a further await once the tab is B's (ar) > Y1: a create whose post-create GET /me returns B: B is not navigated and never sees A's code or name  1203ms
   ✓ F-DG2-530/580 no effect of A's action after a further await once the tab is B's (ar) > Y1c: the same create under one identity still lands on the created record  562ms
   ✓ F-DG2-530/580 no effect of A's action after a further await once the tab is B's (ar) > an edit whose identity changes between its awaits: B is not navigated to A's record and keeps nothing of A's  877ms
   ✓ F-DG2-530/580 no effect of A's action after a further await once the tab is B's (ar) > an organization create whose identity changes between its awaits: B is not navigated to A's new organization  891ms
   ✓ F-DG2-530/580 no effect of A's action after a further await once the tab is B's (ar) > a user create whose identity changes between its awaits: B is not navigated to A's new user  599ms
   ✓ F-DG2-530/580 no effect of A's action after a further await once the tab is B's (ar) > sanity: the organization and user creates under one identity still navigate to the new record  301ms
   ✓ F-DG2-570 the header and the data of ONE identity on in-app navigation (ar) > N1: B signed in elsewhere, no focus event: opening A's record asks GET /me first; B's header above B's answer  331ms
   ✓ F-DG2-570 the header and the data of ONE identity on in-app navigation (ar) > N2: opening the list: B's header with B's list and B's permissions, never A's header or A's empty-state  735ms
   ✓ F-DG2-570 the header and the data of ONE identity on in-app navigation (ar) > N0 (the reviewer's Y5): B signed in a moment ago, no time passes, no focus event: the next page is B's under B's header  393ms
   ✓ F-DG2-570 the header and the data of ONE identity on in-app navigation (ar) > bounded: one GET /me per navigation, shared by the page's burst; other GETs only after the window; same identity kept  502ms
   ✓ the convention: no raw navigate or cache write in app code (T-DG2-FE15) > the ESLint rule refuses a raw navigate, a raw cache write and a useNavigate import in a page  3760ms
 ✓ |unit-web| src/pages/p2.test.tsx (56 tests) 48732ms
   ✓ Diagnose > shows the six T01 dimensions with Unknown for missing values, and value pools that are never 0  2545ms
   ✓ Diagnose > shows the totals as Unknown when no pool is quantified  1063ms
   ✓ Diagnose > renders the six workstreams with their key questions  1629ms
   ✓ Diagnose > edits a T01 row with only the changed fields and If-Match  1167ms
   ✓ Diagnose > a 409 on save writes nothing, compares, and re-applies on the current version  1811ms
   ✓ Diagnose > a 400 validation.blank shows a localized message on its field ('en')  1996ms
   ✓ Diagnose > a 400 validation.blank shows a localized message on its field ('ar')  1548ms
   ✓ Diagnose > an invisible-only value is blocked client-side with validation.blank ('en')  1728ms
   ✓ Diagnose > an invisible-only value is blocked client-side with validation.blank ('ar')  1449ms
   ✓ Diagnose > a whitespace-only T01 value is an inline blank error and sends nothing ('en')  1570ms
   ✓ Diagnose > a whitespace-only T01 value is an inline blank error and sends nothing ('ar')  1106ms
   ✓ Diagnose > T01: an emptied field is sent as an explicit null; visible text is sent verbatim  2664ms
   ✓ Diagnose > Arabic: RTL with Arabic labels and the unquantified label  480ms
   ✓ Define > shows the good outcome test per outcome with pass / fail / unknown and localized reasons  521ms
   ✓ Define > requires a target date on a T02 row before sending anything  938ms
   ✓ Define > sets the North Star with one sentence and no If-Match the first time  607ms
   ✓ Define: KPI activation (F-DG2-201) > offers Activate on a draft KPI, states the unmet precondition on 422, then activates with If-Match  942ms
   ✓ Define: KPI activation (F-DG2-201) > Arabic: the Activate action and the 422 reason are in Arabic  1499ms
   ✓ Define: KPI activation (F-DG2-201) > an active KPI shows Active and offers no Activate  501ms
   ✓ Charter > shows the 14 fields, the thesis, the five scope checks with pre-checks and the top-outcomes warning  529ms
   ✓ Charter > scope pre-check: an empty Out of scope reads as failing (EN and AR)  1217ms
   ✓ Charter > thesis: the four parts compose the B0037 sentence (EN and AR)  359ms
   ✓ Charter > North Star (field 5): the current statement; a superseded link is flagged Stale (F-DG2-204)  428ms
   ✓ Charter > compares a version with the previous one  741ms
   ✓ Charter > create: a whitespace Case for change is an inline blank error and creates nothing ('en')  918ms
   ✓ Charter > create: a whitespace Case for change is an inline blank error and creates nothing ('ar')  435ms
   ✓ Charter > edit: a whitespace Out of scope is an inline blank error, sends nothing and keeps the value (en)  984ms
   ✓ Charter > edit: a whitespace Out of scope is an inline blank error, sends nothing and keeps the value (ar)  853ms
   ✓ Charter > edit: emptying a filled field sends null; visible text is verbatim (en)  1829ms
   ✓ Charter > edit: emptying a filled field sends null; visible text is verbatim (ar)  1406ms
   ✓ Charter > edit: a change summary alone is not a change (never a content-free version)  817ms
   ✓ Charter > offers to create the charter when none exists  300ms
   ✓ Design > shows the ten canvas boxes and the per-dimension view  948ms
   ✓ Design > converts an unresolved workshop item into a design decision with If-Match  1476ms
   ✓ Decisions (T04) > reads the log with kind=design and shows D-codes, options A/B/C and Open status  468ms
   ✓ Decisions (T04) > creates a design decision with inline options and an idempotency key  579ms
   ✓ Gates (business approval) > shows unverified evidence as unverified, the failing outcome at G2, and submits with If-Match  1128ms
   ✓ Gates (business approval) > lists outcomes failing the good outcome test at G2  547ms
   ✓ Gates (business approval) > the approver's decision: rationale required; 403 and 409 problems in words  1530ms
   ✓ Gates (business approval) > gate list titles: the verbatim B0023 name once, never the code twice (EN and AR)  448ms
   ✓ Gates (business approval) > gate detail heading: the verbatim B0023 name once (EN and AR)  837ms
   ✓ Evidence > uploads a revision as octet-stream with a percent-encoded file name and If-Match  698ms
   ✓ Evidence > never offers review to the creator; a filename reference can only be rejected  765ms
   ✓ read-only auditor (AUD) > diagnose: no write control and a read-only note  667ms
 ✓ |unit-web| src/auth/session-generation.test.tsx (26 tests) 15143ms
   ✓ F-DG2-530 a write in flight across an identity change (en) > X3: A's PATCH answered after B's /me is not written into B's cache, not shown, and does not navigate B  1720ms
   ✓ F-DG2-530 a write in flight across an identity change (en) > X3b: the same after a session END here and B's sign-in: A's late answer never lands  1194ms
   ✓ F-DG2-530 a write in flight across an identity change (en) > an archive in flight across an identity change: A's archived record never lands in B's cache  931ms
   ✓ F-DG2-530 a write in flight across an identity change (en) > an organization save in flight across an identity change: A's change is never stored under B  911ms
   ✓ F-DG2-530 a write in flight across an identity change (en) > a user save in flight across an identity change: A's change is never stored under B  769ms
   ✓ F-DG2-530 a write in flight across an identity change (en) > a same-person new session: the in-flight save is dropped silently, the draft is kept and usable  620ms
   ✓ F-DG2-530 a write in flight across an identity change (en) > a language save retried after a 409 is never written for the identity that replaced A  549ms
   ✓ F-DG2-530 a write in flight across an identity change (en) > sanity: a write in flight that finishes under the SAME identity still updates the cache and navigates  440ms
   ✓ F-DG2-530 X6: refocus and reconnect revalidate GET /me first (en) > after B signs in elsewhere, a refocus within /me's staleTime shows B's header with B's data, never A's  526ms
   ✓ F-DG2-530 X6: refocus and reconnect revalidate GET /me first (en) > the same identity: a refocus refetches /me once, then the stale page queries; nothing when all is fresh  539ms
   ✓ F-DG2-530 a write in flight across an identity change (ar) > X3: A's PATCH answered after B's /me is not written into B's cache, not shown, and does not navigate B  750ms
   ✓ F-DG2-530 a write in flight across an identity change (ar) > X3b: the same after a session END here and B's sign-in: A's late answer never lands  766ms
   ✓ F-DG2-530 a write in flight across an identity change (ar) > an archive in flight across an identity change: A's archived record never lands in B's cache  937ms
   ✓ F-DG2-530 a write in flight across an identity change (ar) > an organization save in flight across an identity change: A's change is never stored under B  819ms
   ✓ F-DG2-530 a write in flight across an identity change (ar) > a user save in flight across an identity change: A's change is never stored under B  811ms
   ✓ F-DG2-530 a write in flight across an identity change (ar) > a same-person new session: the in-flight save is dropped silently, the draft is kept and usable  628ms
   ✓ F-DG2-530 a write in flight across an identity change (ar) > a language save retried after a 409 is never written for the identity that replaced A  364ms
   ✓ F-DG2-530 X6: refocus and reconnect revalidate GET /me first (ar) > after B signs in elsewhere, a refocus within /me's staleTime shows B's header with B's data, never A's  621ms
   ✓ F-DG2-530 X6: refocus and reconnect revalidate GET /me first (ar) > the same identity: a refocus refetches /me once, then the stale page queries; nothing when all is fresh  541ms
   ✓ F-DG2-530 X6: refocus and reconnect revalidate GET /me first (ar) > a refocus whose /me finds the session ended navigates once to sign-in and refetches no page data  371ms
 ✓ |unit-web| src/pages/benefits/benefits.test.tsx (29 tests) 14249ms
   ✓ benefits screens (en) > T14 register: ten columns; Value (SAR) n/a and Unknown never 0; Realized kept apart with pending labelled  1346ms
   ✓ benefits screens (en) > totals: per class and state, pending overlap apart, cost and net Unknown (never 0), non-financial counted apart  360ms
   ✓ benefits screens (en) > lifecycle: six steps with question and output, missing outputs listed, only the allowed next step offered  560ms
   ✓ benefits screens (en) > allocations: percent and unallocated share; the replace sends fractions with If-Match  621ms
   ✓ benefits screens (en) > allocations above 100 %: the preview warns and the server's 422 is translated in the one form alert  808ms
   ✓ benefits screens (en) > values: seven states apart; measurements before Measure are explained (a delivered enabler is not realized value)  328ms
   ✓ benefits screens (en) > measurements: a validated value offers no edit; the 409 validated_immutable is translated  503ms
   ✓ benefits screens (en) > Finance decision: six items, the decision body with If-Match; labelled Finance validation, never DG0-DG7  515ms
   ✓ benefits screens (en) > Finance decision: a missing item is left to the server, whose 422 names the six items; the submitter is never offered a decision  480ms
   ✓ benefits screens (en) > Finance decision: the content_incomplete 422 and a Business Owner's 403 are translated  736ms
   ✓ benefits screens (en) > read-only (auditor): Finance item without decide, register without create  1091ms
   ✓ benefits screens (en) > scenarios: every value is labelled with its scenario kind  368ms
   ✓ benefits screens (ar) > T14 register: ten columns; Value (SAR) n/a and Unknown never 0; Realized kept apart with pending labelled  842ms
   ✓ benefits screens (ar) > totals: per class and state, pending overlap apart, cost and net Unknown (never 0), non-financial counted apart  334ms
   ✓ benefits screens (ar) > allocations: percent and unallocated share; the replace sends fractions with If-Match  487ms
   ✓ benefits screens (ar) > allocations above 100 %: the preview warns and the server's 422 is translated in the one form alert  549ms
   ✓ benefits screens (ar) > measurements: a validated value offers no edit; the 409 validated_immutable is translated  399ms
   ✓ benefits screens (ar) > Finance decision: six items, the decision body with If-Match; labelled Finance validation, never DG0-DG7  734ms
   ✓ benefits screens (ar) > Finance decision: a missing item is left to the server, whose 422 names the six items; the submitter is never offered a decision  321ms
   ✓ benefits screens (ar) > read-only (auditor): Finance item without decide, register without create  1242ms
 ✓ |unit-web| src/pages/portfolio/portfolio.test.tsx (32 tests) 21295ms
   ✓ Portfolio (en) > lists code, name, wave, owners and three separate columns: proposed rank, selection and funding  1605ms
   ✓ Portfolio (en) > the proposed rank is Unknown (never 0) when the prioritization view is unavailable  463ms
   ✓ Portfolio (en) > filters by status and wave on the server  715ms
   ✓ Portfolio (en) > creates a draft at any time: POST /initiatives with the transformation and an Idempotency-Key  951ms
   ✓ Portfolio (en) > the read-only auditor sees the list with no enabled write control  874ms
   ✓ Portfolio (en) > outcome hierarchy: five levels, an Unknown target is Unknown (never 0)  322ms
   ✓ Portfolio (ar) > lists code, name, wave, owners and three separate columns: proposed rank, selection and funding  652ms
   ✓ Portfolio (ar) > the proposed rank is Unknown (never 0) when the prioritization view is unavailable  448ms
   ✓ Portfolio (ar) > filters by status and wave on the server  307ms
   ✓ Portfolio (ar) > creates a draft at any time: POST /initiatives with the transformation and an Idempotency-Key  1015ms
   ✓ Portfolio (ar) > the read-only auditor sees the list with no enabled write control  671ms
   ✓ Initiative Card (en) > shows all 14 T05 fields in the source order and the 3-7 deliverables warning (a warning, not a block)  887ms
   ✓ Initiative Card (en) > submit refused: 'Case for change not yet approved (G1)…' is the dialog's one translated alert  730ms
   ✓ Initiative Card (en) > submit refused: 'Outcome before activity…' (validation at /outcomeContributions) is translated  610ms
   ✓ Initiative Card (en) > launch refused: 'North Star, outcomes and target state not yet approved', then 'Selected - unfunded…'  1029ms
   ✓ Initiative Card (en) > select is a labelled business approval: rationale required, If-Match, no 'on behalf of' control  1181ms
   ✓ Initiative Card (en) > a 409 shows the conflict banner and reloads  663ms
   ✓ Initiative Card (en) > a gap link to another TOM record shows 'A project portfolio is not a Target Operating Model…'  689ms
   ✓ Initiative Card (en) > an outcome contribution needs an outcome; the KPI is optional and labelled so  792ms
   ✓ Initiative Card (en) > the read-only auditor sees the card with no enabled write control  465ms
   ✓ Initiative Card (en) > a cancelled initiative is read-only even for the lead  448ms
   ✓ Initiative Card (ar) > shows all 14 T05 fields in the source order and the 3-7 deliverables warning (a warning, not a block)  706ms
   ✓ Initiative Card (ar) > submit refused: 'Case for change not yet approved (G1)…' is the dialog's one translated alert  608ms
   ✓ Initiative Card (ar) > submit refused: 'Outcome before activity…' (validation at /outcomeContributions) is translated  727ms
   ✓ Initiative Card (ar) > launch refused: 'North Star, outcomes and target state not yet approved', then 'Selected - unfunded…'  949ms
   ✓ Initiative Card (ar) > select is a labelled business approval: rationale required, If-Match, no 'on behalf of' control  497ms
   ✓ Initiative Card (ar) > a 409 shows the conflict banner and reloads  352ms
   ✓ Initiative Card (ar) > a gap link to another TOM record shows 'A project portfolio is not a Target Operating Model…'  373ms
   ✓ Initiative Card (ar) > an outcome contribution needs an outcome; the KPI is optional and labelled so  554ms
   ✓ Initiative Card (ar) > the read-only auditor sees the card with no enabled write control  309ms
   ✓ Initiative Card (ar) > a cancelled initiative is read-only even for the lead  433ms
 ✓ |unit-web| src/pages/change-requests/change-requests.test.tsx (15 tests) 5729ms
   ✓ change requests (en) > lists a draft as a saved draft and an automatic request by its origin; the policy reads 'no threshold'  988ms
   ✓ change requests (en) > the first policy save sends If-Match "0"; an out-of-range value shows the translated refusal  1197ms
   ✓ change requests (en) > raising a schedule rebaseline: the forecast is shown separately, the preview names the preserved G4 approval  661ms
   ✓ change requests (en) > a KPI target change (REQ-S07-015): the draft version's diff is the change; the preview lists the benefit and the G2 approval  410ms
   ✓ change requests (en) > a returned request offers round 2; a non-requester is told so and the 403 is translated  335ms
   ✓ change requests (ar) > raising a schedule rebaseline: the forecast is shown separately, the preview names the preserved G4 approval  702ms
   ✓ change requests (ar) > a KPI target change (REQ-S07-015): the draft version's diff is the change; the preview lists the benefit and the G2 approval  624ms
 ✓ |unit-web| src/pages/team/team.test.tsx (10 tests) 13841ms
   ✓ Team (English LTR) > shows the six governance roles with B0018 accountability text verbatim and who holds each  1239ms
   ✓ Team (English LTR) > lists team members with the accountability on each assignment, sortable and filterable  965ms
   ✓ Team (English LTR) > a Transformation Lead assigns a Workstream Lead: Idempotency-Key, reason, accountability preview  1331ms
   ✓ Team (English LTR) > shows a 403 from the server in words; nothing is assigned  1418ms
   ✓ Team: read-only auditor (AUD) > sees the roles, accountabilities and members, a read-only note, and no assign control  795ms
   ✓ Team (Arabic RTL) > shows Arabic role names and the provisional Arabic accountability text  716ms
   ✓ Team assign dialog: accountability preview follows the selected role (F-DG2-430) > en: WL on open, then KDS, TD, none and WL again, in StrictMode with no React warning  1841ms
   ✓ Team assign dialog: accountability preview follows the selected role (F-DG2-430) > ar: WL on open, then KDS, TD, none and WL again, in StrictMode with no React warning  1475ms
   ✓ Team: the success notice follows a language switch, 'en' → 'ar' > the notice is shown in the language now on screen, not the one it was created in  2489ms
   ✓ Team: the success notice follows a language switch, 'ar' → 'en' > the notice is shown in the language now on screen, not the one it was created in  1569ms
 ✓ |unit-web| src/pages/kpi/kpi.test.tsx (27 tests) 15009ms
   ✓ KPI screens (en) > RAG panel: the seven elements, the threshold version named, and the override beside the calculated RAG  1427ms
   ✓ KPI screens (en) > no actual for the current period: Unknown, grey and labelled, with its reason; never 0 and never green  489ms
   ✓ KPI screens (en) > the status overview shows Unknown KPIs grey and labelled (no zero in the list)  303ms
   ✓ KPI screens (en) > four-step update: submits once, then lists downstream views, 'review pending' and 'Finance review pending'  1198ms
   ✓ KPI screens (en) > a second entry for the same KPI and period is value version 2 of the same slot (If-Match)  1033ms
   ✓ KPI screens (en) > a 409 on submit is the form's one alert: nothing was saved, the latest data is loaded  1230ms
   ✓ KPI screens (en) > no active version: the update explains it and links to the versions (no form)  537ms
   ✓ KPI screens (en) > review queue: the reviewer accepts with If-Match; the submitter of a value is not offered a decision  724ms
   ✓ KPI screens (en) > an actual: a submitted value says it is not used until accepted; a draft is labelled not submitted  594ms
   ✓ KPI screens (en) > read-only viewer (auditor): no write action on the KPI page, labels say business approval  359ms
   ✓ KPI screens (en) > data quality: an open finding is resolved with a note and If-Match  1064ms
   ✓ KPI screens (ar) > four-step update: submits once, then lists downstream views, 'review pending' and 'Finance review pending'  1089ms
   ✓ KPI screens (ar) > a second entry for the same KPI and period is value version 2 of the same slot (If-Match)  831ms
   ✓ KPI screens (ar) > a 409 on submit is the form's one alert: nothing was saved, the latest data is loaded  612ms
   ✓ KPI screens (ar) > review queue: the reviewer accepts with If-Match; the submitter of a value is not offered a decision  514ms
   ✓ KPI screens (ar) > read-only viewer (auditor): no write action on the KPI page, labels say business approval  753ms
   ✓ KPI screens (ar) > data quality: an open finding is resolved with a note and If-Match  1099ms
 ✓ |unit-web| src/pages/p2-blank-forms.test.tsx (52 tests) 44737ms
   ✓ gate submission note (en) > a whitespace-only note is refused inline and nothing is sent  1314ms
   ✓ gate submission note (en) > a invisible-only note is refused inline and nothing is sent  856ms
   ✓ gate submission note (en) > visible text is sent verbatim; an empty note is omitted  1425ms
   ✓ gate submission note (ar) > a whitespace-only note is refused inline and nothing is sent  420ms
   ✓ gate submission note (ar) > a invisible-only note is refused inline and nothing is sent  362ms
   ✓ gate submission note (ar) > visible text is sent verbatim; an empty note is omitted  695ms
   ✓ gate decision rationale and comments (en) > a whitespace-only rationale is refused inline and nothing is sent  508ms
   ✓ gate decision rationale and comments (en) > a invisible-only rationale is refused inline and nothing is sent  393ms
   ✓ gate decision rationale and comments (en) > a invisible (long enough for min 3)-only rationale is refused inline and nothing is sent  382ms
   ✓ gate decision rationale and comments (en) > a whitespace-only comment is refused inline (focus on it) and nothing is sent  820ms
   ✓ gate decision rationale and comments (en) > a invisible-only comment is refused inline (focus on it) and nothing is sent  642ms
   ✓ gate decision rationale and comments (en) > visible text is sent verbatim; empty comments are omitted; an empty rationale stays 'too short'  723ms
   ✓ gate decision rationale and comments (en) > a server 400 validation.blank on /rationale lands on the field  782ms
   ✓ gate decision rationale and comments (ar) > a whitespace-only rationale is refused inline and nothing is sent  657ms
   ✓ gate decision rationale and comments (ar) > a invisible-only rationale is refused inline and nothing is sent  640ms
   ✓ gate decision rationale and comments (ar) > a invisible (long enough for min 3)-only rationale is refused inline and nothing is sent  745ms
   ✓ gate decision rationale and comments (ar) > a whitespace-only comment is refused inline (focus on it) and nothing is sent  615ms
   ✓ gate decision rationale and comments (ar) > a invisible-only comment is refused inline (focus on it) and nothing is sent  503ms
   ✓ gate decision rationale and comments (ar) > visible text is sent verbatim; empty comments are omitted; an empty rationale stays 'too short'  774ms
   ✓ gate decision rationale and comments (ar) > a server 400 validation.blank on /rationale lands on the field  694ms
   ✓ journey step editor (en) > a whitespace-only actor is refused inline (not turned into null) and nothing is sent  1279ms
   ✓ journey step editor (en) > a invisible-only actor is refused inline (not turned into null) and nothing is sent  1179ms
   ✓ journey step editor (en) > several blank fields: each gets the message and focus goes to the first (name)  2439ms
   ✓ journey step editor (en) > visible text is sent verbatim; emptied optional text is null; an empty name is required  1738ms
   ✓ journey step editor (ar) > a whitespace-only actor is refused inline (not turned into null) and nothing is sent  1432ms
   ✓ journey step editor (ar) > a invisible-only actor is refused inline (not turned into null) and nothing is sent  1680ms
   ✓ journey step editor (ar) > several blank fields: each gets the message and focus goes to the first (name)  1078ms
   ✓ journey step editor (ar) > visible text is sent verbatim; emptied optional text is null; an empty name is required  1493ms
   ✓ Finance validation note and archive reason (en) > note: a whitespace-only note is refused inline and nothing is sent  1252ms
   ✓ Finance validation note and archive reason (en) > note: a invisible-only note is refused inline and nothing is sent  1247ms
   ✓ Finance validation note and archive reason (en) > note: empty is 'required'; visible text is sent verbatim  1137ms
   ✓ Finance validation note and archive reason (en) > reason: a whitespace-only reason is refused inline and nothing is archived  1009ms
   ✓ Finance validation note and archive reason (en) > reason: a invisible-only reason is refused inline and nothing is archived  559ms
   ✓ Finance validation note and archive reason (en) > reason: a server 400 validation.blank on /reason is the field message, not a generic error  673ms
   ✓ Finance validation note and archive reason (en) > reason: a reason with U+0000 is refused inline with the localized message and nothing is archived  720ms
   ✓ Finance validation note and archive reason (en) > reason: a server 400 validation.invalid_character on /reason is the localized field message  642ms
   ✓ Finance validation note and archive reason (en) > reason: empty keeps 'too short'; visible text is sent verbatim  493ms
   ✓ Finance validation note and archive reason (ar) > note: a whitespace-only note is refused inline and nothing is sent  943ms
   ✓ Finance validation note and archive reason (ar) > note: a invisible-only note is refused inline and nothing is sent  1346ms
   ✓ Finance validation note and archive reason (ar) > note: empty is 'required'; visible text is sent verbatim  995ms
   ✓ Finance validation note and archive reason (ar) > reason: a whitespace-only reason is refused inline and nothing is archived  779ms
   ✓ Finance validation note and archive reason (ar) > reason: a invisible-only reason is refused inline and nothing is archived  1269ms
   ✓ Finance validation note and archive reason (ar) > reason: a server 400 validation.blank on /reason is the field message, not a generic error  951ms
   ✓ Finance validation note and archive reason (ar) > reason: a reason with U+0000 is refused inline with the localized message and nothing is archived  799ms
   ✓ Finance validation note and archive reason (ar) > reason: a server 400 validation.invalid_character on /reason is the localized field message  351ms
   ✓ Finance validation note and archive reason (ar) > reason: empty keeps 'too short'; visible text is sent verbatim  1053ms
   ✓ North Star statement (en) > a whitespace-only statement is refused inline and nothing is sent  667ms
   ✓ North Star statement (en) > a invisible-only statement is refused inline and nothing is sent  510ms
   ✓ North Star statement (ar) > a whitespace-only statement is refused inline and nothing is sent  360ms
 ✓ |unit-web| src/auth/session-identity.test.tsx (18 tests) 11954ms
   ✓ F-DG2-500 a session end on the sign-in page (en) > W5: Back to /login after A's session ends, B signs in with the development form: B never sees A's records  2985ms
   ✓ F-DG2-500 a session end on the sign-in page (en) > W5b (OIDC mode): B signs in in another tab and this tab's /me re-probe brings B: B never sees A's records  1405ms
   ✓ F-DG2-500 an identity change with no session end in this tab (en) > a refocus /me that returns another identity removes every session query before B renders, and drops A's drafts  657ms
   ✓ F-DG2-500 sign-out here and 403 (en) > signing out here clears everything; B signing in afterwards never sees A's records  1288ms
   ✓ F-DG2-500 a session end on the sign-in page (ar) > W5: Back to /login after A's session ends, B signs in with the development form: B never sees A's records  828ms
   ✓ F-DG2-500 a session end on the sign-in page (ar) > W5b (OIDC mode): B signs in in another tab and this tab's /me re-probe brings B: B never sees A's records  821ms
   ✓ F-DG2-500 an identity change with no session end in this tab (ar) > a refocus /me that returns another identity removes every session query before B renders, and drops A's drafts  941ms
   ✓ F-DG2-500 an identity change with no session end in this tab (ar) > a new session of the same person (signed in again elsewhere) refetches the queries but keeps their own draft  506ms
   ✓ F-DG2-500 an identity change with no session end in this tab (ar) > the same identity re-probed (window refocus) keeps the cache and the page state  469ms
   ✓ F-DG2-500 sign-out here and 403 (ar) > signing out here clears everything; B signing in afterwards never sees A's records  1022ms
 ✓ |unit-web| src/pages/render-time-language.test.tsx (28 tests) 22087ms
   ✓ sign-in (dev form), 'en' → 'ar' > an invalid user name: the inline message follows the switch  697ms
   ✓ sign-in (dev form), 'en' → 'ar' > a refused sign-in: the server's problem follows the switch  537ms
   ✓ journey step editor, 'en' → 'ar' > a field error on a step follows the switch  2582ms
   ✓ journey step editor, 'en' → 'ar' > the form-level "Step N:" error follows the switch (prefix and message)  1618ms
   ✓ journey step editor, 'ar' → 'en' > a field error on a step follows the switch  1561ms
   ✓ journey step editor, 'ar' → 'en' > the form-level "Step N:" error follows the switch (prefix and message)  1380ms
   ✓ row-action note and reason dialog, 'en' → 'ar' > the Finance validation note's 'required' follows the switch  1212ms
   ✓ row-action note and reason dialog, 'en' → 'ar' > the Finance validation choice's 'required' follows the switch  1674ms
   ✓ row-action note and reason dialog, 'en' → 'ar' > the archive reason's 'too short' follows the switch  1317ms
   ✓ row-action note and reason dialog, 'ar' → 'en' > the Finance validation note's 'required' follows the switch  969ms
   ✓ row-action note and reason dialog, 'ar' → 'en' > the Finance validation choice's 'required' follows the switch  720ms
   ✓ row-action note and reason dialog, 'ar' → 'en' > the archive reason's 'too short' follows the switch  801ms
   ✓ gate dialogs, 'en' → 'ar' > the submission note's field error follows the switch  328ms
   ✓ gate dialogs, 'en' → 'ar' > the decision rationale's field error follows the switch  629ms
   ✓ gate dialogs, 'ar' → 'en' > the submission note's field error follows the switch  478ms
   ✓ gate dialogs, 'ar' → 'en' > the decision rationale's field error follows the switch  893ms
   ✓ North Star statement, 'en' → 'ar' > the statement's field error follows the switch  636ms
   ✓ North Star statement, 'ar' → 'en' > the statement's field error follows the switch  469ms
   ✓ evidence dialogs, 'en' → 'ar' > upload without a file: 'required' follows the switch  564ms
   ✓ evidence dialogs, 'en' → 'ar' > a link without a record type or record: both 'required' messages follow the switch  470ms
   ✓ evidence dialogs, 'ar' → 'en' > upload without a file: 'required' follows the switch  907ms
   ✓ evidence dialogs, 'ar' → 'en' > a link without a record type or record: both 'required' messages follow the switch  1118ms
 ✓ |unit-web| src/pages/my-work/my-work.test.tsx (20 tests) 8392ms
   ✓ My Work (en) > renders tasks and reminders from messageKey + messageParams; Unknown due dates; system-managed tasks  1452ms
   ✓ My Work (en) > marks a task done and a reminder read with bodiless POSTs and If-Match  1261ms
   ✓ My Work (ar) > marks a task done and a reminder read with bodiless POSTs and If-Match  920ms
   ✓ Calendar, jobs and groups (en) > calendar: a technical administrator adds a holiday; a range error is caught before sending  786ms
   ✓ Calendar, jobs and groups (en) > jobs: no permission without job.read; job.configure edits a schedule with If-Match  632ms
   ✓ Calendar, jobs and groups (en) > groups: membership grants no permission (stated); group.manage creates a group  303ms
   ✓ Calendar, jobs and groups (ar) > calendar: read-only without calendar.configure; the calculator shows Unknown with its reason  308ms
   ✓ Calendar, jobs and groups (ar) > calendar: a technical administrator adds a holiday; a range error is caught before sending  794ms
   ✓ Calendar, jobs and groups (ar) > jobs: no permission without job.read; job.configure edits a schedule with If-Match  663ms
 ✓ |unit-web| src/pages/portfolio/fe-e.test.tsx (18 tests) 13792ms
   ✓ Funding decisions (en) > is a labelled business approval with no 'on behalf of' control; rationale required; POST with an Idempotency-Key  1425ms
   ✓ Funding decisions (en) > the BE-E 422s are the dialog's one translated alert; funding.amount_invalid is also inline at /amount  1015ms
   ✓ Funding decisions (en) > the history shows a missing amount as Unknown (never 0); a re-selected initiative explains the deselect rule  667ms
   ✓ Funding decisions (en) > an exact decimal amount is shown with its currency; the auditor sees no record control  836ms
   ✓ Funding decisions (ar) > is a labelled business approval with no 'on behalf of' control; rationale required; POST with an Idempotency-Key  890ms
   ✓ Funding decisions (ar) > the BE-E 422s are the dialog's one translated alert; funding.amount_invalid is also inline at /amount  616ms
   ✓ Funding decisions (ar) > an exact decimal amount is shown with its currency; the auditor sees no record control  348ms
   ✓ Deliverables and milestones on the card (en) > creates (Idempotency-Key), edits (If-Match) and archives (reason, If-Match) a deliverable  1569ms
   ✓ Deliverables and milestones on the card (en) > creates a milestone with its wave and forecast, and edits it with If-Match  876ms
   ✓ Deliverables and milestones on the card (en) > 422 initiative.read_only (a closure raced the edit) is translated as the dialog's one alert  663ms
   ✓ Deliverables and milestones on the card (en) > a cancelled initiative shows deliverables, milestones and funding with no write control  437ms
   ✓ Deliverables and milestones on the card (en) > the card edit form translates initiative.planned_range specifically (RecordDialog namespaces)  1133ms
   ✓ Deliverables and milestones on the card (ar) > creates (Idempotency-Key), edits (If-Match) and archives (reason, If-Match) a deliverable  837ms
   ✓ Deliverables and milestones on the card (ar) > creates a milestone with its wave and forecast, and edits it with If-Match  849ms
   ✓ Deliverables and milestones on the card (ar) > 422 initiative.read_only (a closure raced the edit) is translated as the dialog's one alert  510ms
   ✓ Deliverables and milestones on the card (ar) > the card edit form translates initiative.planned_range specifically (RecordDialog namespaces)  642ms
 ✓ |unit-web| src/pages/benefit-formulas/benefit-formulas.test.tsx (18 tests) 11179ms
   ✓ T09 benefit formulas (en) > register: the six T09 columns with confidence H/M/L; examples marked illustrative with 100000 and 500000 SAR per year  1947ms
   ✓ T09 benefit formulas (en) > builder: an undefined variable shows translated, with its position, before saving; nothing is sent  1115ms
   ✓ T09 benefit formulas (en) > builder: monthly ARPU × annual customers is a period mismatch, translated, before saving  497ms
   ✓ T09 benefit formulas (en) > builder: a fraction is entered as percent and stored as a fraction; a version is saved with If-Match  673ms
   ✓ T09 benefit formulas (en) > builder: a 409 shows the standard conflict panel; nothing was saved  510ms
   ✓ T09 benefit formulas (en) > Finance validation of a version: a business approval by FIN; the author cannot; translated refusal  720ms
   ✓ T09 benefit formulas (en) > Finance validation: the version's author sees the separation-of-duties note and no action  585ms
   ✓ T09 benefit formulas (en) > read-only auditor: no builder, no write control, the read-only note; a validated version reads Validated  570ms
   ✓ T09 benefit formulas (ar) > register: the six T09 columns with confidence H/M/L; examples marked illustrative with 100000 and 500000 SAR per year  956ms
   ✓ T09 benefit formulas (ar) > builder: an undefined variable shows translated, with its position, before saving; nothing is sent  779ms
   ✓ T09 benefit formulas (ar) > builder: a fraction is entered as percent and stored as a fraction; a version is saved with If-Match  430ms
   ✓ T09 benefit formulas (ar) > builder: a 409 shows the standard conflict panel; nothing was saved  537ms
   ✓ T09 benefit formulas (ar) > Finance validation of a version: a business approval by FIN; the author cannot; translated refusal  797ms
 ✓ |unit-web| src/pages/meetings/governance.test.tsx (20 tests) 10451ms
   ✓ governance screens (en) > forums: the five layers with their verbatim source cadence; Arabic labelled provisional  476ms
   ✓ governance screens (en) > series editor: 'future meetings only' must be confirmed; the result lists the kept meetings  997ms
   ✓ governance screens (en) > published minutes are read-only and the meeting shows the frozen note  815ms
   ✓ governance screens (en) > T16 log: nine columns; an earlier record shows Unknown for what it lacks; the overdue filter asks the server  617ms
   ✓ governance screens (en) > raising an ask without 'why now': the server's 400 lands on its field  992ms
   ✓ governance screens (en) > recording an Outcome is labelled a business decision and sends If-Match  706ms
   ✓ governance screens (en) > escalations: a routing error is a visible row; a rule without a stored row is labelled Default  340ms
   ✓ governance screens (ar) > forums: the five layers with their verbatim source cadence; Arabic labelled provisional  545ms
   ✓ governance screens (ar) > series editor: 'future meetings only' must be confirmed; the result lists the kept meetings  905ms
   ✓ governance screens (ar) > publishing an incomplete ask shows the server's 422 once, translated  665ms
   ✓ governance screens (ar) > published minutes are read-only and the meeting shows the frozen note  673ms
   ✓ governance screens (ar) > T16 log: nine columns; an earlier record shows Unknown for what it lacks; the overdue filter asks the server  393ms
   ✓ governance screens (ar) > raising an ask without 'why now': the server's 400 lands on its field  542ms
   ✓ governance screens (ar) > recording an Outcome is labelled a business decision and sends If-Match  792ms
 ✓ |unit-web| src/pages/business-cases/business-cases.test.tsx (18 tests) 18260ms
   ✓ business cases (en) > register: levels, Finance baseline states with text (Stale is never green) and drafts  1594ms
   ✓ business cases (en) > detail: all ten sections, totals with gross / cost / net apart, net Unknown (never 0), roll-up by reference  1302ms
   ✓ business cases (en) > totals: a partial total says how many Unknown lines it leaves out  357ms
   ✓ business cases (en) > sections: saves only the changed section with If-Match; blank text is refused inline and nothing is sent  1994ms
   ✓ business cases (en) > sections: a 409 shows the standard conflict panel (nothing saved) with the current values  883ms
   ✓ business cases (en) > lines: exactly one class from one select; the value basis follows the class; a 422 is translated  1059ms
   ✓ business cases (en) > Finance validation: a business approval for FIN who did not author the case; If-Match; translated 403  1698ms
   ✓ business cases (en) > Finance validation: the case author sees no validate action, only the separation-of-duties note  599ms
   ✓ business cases (en) > read-only auditor: the ten sections as text, no enabled write control, the read-only note  602ms
   ✓ business cases (ar) > register: levels, Finance baseline states with text (Stale is never green) and drafts  832ms
   ✓ business cases (ar) > detail: all ten sections, totals with gross / cost / net apart, net Unknown (never 0), roll-up by reference  928ms
   ✓ business cases (ar) > totals: a partial total says how many Unknown lines it leaves out  535ms
   ✓ business cases (ar) > sections: saves only the changed section with If-Match; blank text is refused inline and nothing is sent  1259ms
   ✓ business cases (ar) > sections: a 409 shows the standard conflict panel (nothing saved) with the current values  1564ms
   ✓ business cases (ar) > lines: exactly one class from one select; the value basis follows the class; a 422 is translated  1038ms
   ✓ business cases (ar) > Finance validation: a business approval for FIN who did not author the case; If-Match; translated 403  855ms
   ✓ business cases (ar) > Finance validation: the case author sees no validate action, only the separation-of-duties note  591ms
   ✓ business cases (ar) > read-only auditor: the ten sections as text, no enabled write control, the read-only note  568ms
 ✓ |unit-web| src/pages/dashboards/dashboards.test.tsx (21 tests) 9048ms
   ✓ Dashboards (en) > transformation dashboard: six areas, distinct value states, provisional Arabic, drill-down  1941ms
   ✓ Dashboards (en) > Executive Overview: organizationId and the period filter reach the server; window and as-of shown  514ms
   ✓ Dashboards (en) > workspace header unavailable: every element is Unknown, with a retry (never a guessed value)  351ms
   ✓ Dashboards (en) > My Work: sections with totals, the KPI update under Missing updates, a draft labelled not submitted, deadlines  1024ms
   ✓ Dashboards (en) > the dashboards hub lists the six dashboards and /dashboards/executive opens the Executive Overview  717ms
   ✓ Dashboards (ar) > transformation dashboard: six areas, distinct value states, provisional Arabic, drill-down  367ms
   ✓ Dashboards (ar) > Executive Overview: organizationId and the period filter reach the server; window and as-of shown  399ms
   ✓ Dashboards (ar) > workspace header: every element Unknown where data is missing; one click opens the RAID register  661ms
   ✓ Dashboards (ar) > workspace header unavailable: every element is Unknown, with a retry (never a guessed value)  431ms
   ✓ Dashboards (ar) > My Work: sections with totals, the KPI update under Missing updates, a draft labelled not submitted, deadlines  806ms
   ✓ Dashboards (ar) > the dashboards hub lists the six dashboards and /dashboards/executive opens the Executive Overview  654ms
 ✓ |unit-web| src/pages/raid/raid.test.tsx (18 tests) 17003ms
   ✓ RAID and actions screens (en) > T15 register: nine columns, Probability n/a outside Risk, per-type mitigation header, Dependency links to T08  1359ms
   ✓ RAID and actions screens (en) > Dependency form: 'To' initiative required, no probability; nothing is sent without it  1191ms
   ✓ RAID and actions screens (en) > Dependency edit has no 'In progress'; a Risk edit offers it; a closed Dependency shows no closure fields  900ms
   ✓ RAID and actions screens (en) > an Issue with a probability is refused by the server; the 422 is translated in one alert  621ms
   ✓ RAID and actions screens (en) > action register: source, follow-up date and overdue flag; edit sends If-Match  4658ms
   ✓ RAID and actions screens (en) > corrective case: source and benefit step, owner Unassigned, follow-up Unknown with reason, signals never green  393ms
   ✓ RAID and actions screens (en) > rules: a rule without a stored row is labelled Default; saving it creates the row (POST, no If-Match)  365ms
   ✓ RAID and actions screens (en) > the read-only auditor sees the register without any write control  955ms
   ✓ RAID and actions screens (ar) > T15 register: nine columns, Probability n/a outside Risk, per-type mitigation header, Dependency links to T08  395ms
   ✓ RAID and actions screens (ar) > Dependency form: 'To' initiative required, no probability; nothing is sent without it  642ms
   ✓ RAID and actions screens (ar) > Dependency edit has no 'In progress'; a Risk edit offers it; a closed Dependency shows no closure fields  869ms
   ✓ RAID and actions screens (ar) > an Issue with a probability is refused by the server; the 422 is translated in one alert  579ms
   ✓ RAID and actions screens (ar) > action register: source, follow-up date and overdue flag; edit sends If-Match  2999ms
   ✓ RAID and actions screens (ar) > corrective case: source and benefit step, owner Unassigned, follow-up Unknown with reason, signals never green  421ms
   ✓ RAID and actions screens (ar) > the read-only auditor sees the register without any write control  385ms
 ✓ |unit-web| src/pages/prioritization/prioritization.test.tsx (20 tests) 20413ms
   ✓ prioritization (en) > ranked table: an incomplete score is 'incomplete' (never a number), 3.30 complete; 0–100 shows 57.5 with its label  2703ms
   ✓ prioritization (en) > scorecard: 6 is refused inline and nothing is sent; 4 is POSTed as the integer; the weighted score is read-only 'incomplete'  2765ms
   ✓ prioritization (en) > weight sets: the live total refuses 95% and 105%; 100% is accepted and POSTed as decimal strings  578ms
   ✓ prioritization (en) > weight sets: the proposer is never offered approval; another approver's approval is a business approval with If-Match; 403 SoD is translated  1390ms
   ✓ prioritization (en) > weight set approval: a 409 shows the conflict banner and reloads  911ms
   ✓ prioritization (en) > ranking history: causes are translated from codes, including 'weight version 2', score change and the override reason  811ms
   ✓ prioritization (en) > overrides: a reason is required (missing and invisible-only are refused, nothing sent); with a reason it is POSTed  667ms
   ✓ prioritization (en) > the read-only auditor sees the data and no enabled write control  1097ms
   ✓ prioritization (en) > never mentions a delivery gate (DG0–DG7)  526ms
   ✓ prioritization (ar) > ranked table: an incomplete score is 'incomplete' (never a number), 3.30 complete; 0–100 shows 57.5 with its label  1559ms
   ✓ prioritization (ar) > scorecard: 6 is refused inline and nothing is sent; 4 is POSTed as the integer; the weighted score is read-only 'incomplete'  1446ms
   ✓ prioritization (ar) > weight sets: the live total refuses 95% and 105%; 100% is accepted and POSTed as decimal strings  664ms
   ✓ prioritization (ar) > weight sets: the proposer is never offered approval; another approver's approval is a business approval with If-Match; 403 SoD is translated  1288ms
   ✓ prioritization (ar) > weight set approval: a 409 shows the conflict banner and reloads  726ms
   ✓ prioritization (ar) > ranking history: causes are translated from codes, including 'weight version 2', score change and the override reason  341ms
   ✓ prioritization (ar) > overrides: a reason is required (missing and invisible-only are refused, nothing sent); with a reason it is POSTed  833ms
   ✓ prioritization (ar) > the read-only auditor sees the data and no enabled write control  1049ms
   ✓ prioritization (ar) > never mentions a delivery gate (DG0–DG7)  537ms
 ✓ |unit-web| src/pages/gates/g4.test.tsx (16 tests) 11019ms
   ✓ G4 refusal item by item (en) > two initiatives without owners: two separate translated 'Owners' items, never the joined English message  2231ms
   ✓ G4 refusal item by item (en) > without a usable gate view: one translated line per refused criterion, never the English message  871ms
   ✓ G4 refusal item by item (ar) > two initiatives without owners: two separate translated 'Owners' items, never the joined English message  1056ms
   ✓ G4 refusal item by item (ar) > without a usable gate view: one translated line per refused criterion, never the English message  591ms
   ✓ G4 view (en) > lists the eight G4 criteria with their missing items: 'Owners', 'Finance validation' and the initiative  525ms
   ✓ G4 view (en) > a refused submission shows the 422 list with the initiative names, translated  594ms
   ✓ G4 view (en) > the decision's 403 urn:mth:problem:forbidden is translated  966ms
   ✓ G4 view (en) > the decision's 403 urn:mth:problem:forbidden is translated  877ms
   ✓ G4 view (en) > the decision's 409 urn:mth:problem:version-conflict is translated  756ms
   ✓ G4 view (ar) > lists the eight G4 criteria with their missing items: 'Owners', 'Finance validation' and the initiative  374ms
   ✓ G4 view (ar) > a refused submission shows the 422 list with the initiative names, translated  474ms
   ✓ G4 view (ar) > the decision's 403 urn:mth:problem:forbidden is translated  598ms
   ✓ G4 view (ar) > the decision's 403 urn:mth:problem:forbidden is translated  508ms
   ✓ G4 view (ar) > the decision's 409 urn:mth:problem:version-conflict is translated  587ms
 ✓ |unit-web| src/pages/adoption/adoption.test.tsx (18 tests) 9888ms
   ✓ adoption screens (en) > T13: the seven columns, influence separate from impact, closed lists, provisional Arabic flag  1931ms
   ✓ adoption screens (en) > a server 400 stakeholder_group.stance_invalid lands on the stance field, translated  1136ms
   ✓ adoption screens (en) > interventions: below-trajectory row shows Unassigned and Unknown due date with its reason  419ms
   ✓ adoption screens (en) > indicators: all seven by name; a measure without data is Unknown, never 0  362ms
   ✓ adoption screens (en) > T04 decision page lists a champion's constraint through ?decisionId=  468ms
   ✓ adoption screens (en) > form: a proficiency observation is submitted with its stakeholder group; the API derives the result  713ms
   ✓ adoption screens (en) > AUD sees the plan read-only (no write control)  517ms
   ✓ adoption screens (ar) > T13: the seven columns, influence separate from impact, closed lists, provisional Arabic flag  932ms
   ✓ adoption screens (ar) > a server 400 stakeholder_group.stance_invalid lands on the stance field, translated  899ms
   ✓ adoption screens (ar) > interventions: below-trajectory row shows Unassigned and Unknown due date with its reason  308ms
   ✓ adoption screens (ar) > form: a proficiency observation is submitted with its stakeholder group; the API derives the result  563ms
   ✓ adoption screens (ar) > AUD sees the plan read-only (no write control)  609ms
 ✓ |unit-web| src/app/app.test.tsx (17 tests) 5916ms
   ✓ bilingual shell > renders Arabic RTL by default with the provisional wordmark  368ms
   ✓ bilingual shell > switches to English LTR and persists the preference with If-Match  659ms
   ✓ bilingual shell > shows all fourteen areas to an administrator  611ms
   ✓ bilingual shell > hides Administration from a Workstream Lead, and the admin route shows no-permission  618ms
   ✓ bilingual shell > a partial area (Governance) leads into the Gates tab of each transformation; its portfolio view stays planned  1091ms
   ✓ transformations > lists transformations with a sortable code column and removable filter chips  1019ms
   ✓ transformations > detail shows the workspace header with Unknown for data from later stages  382ms
   ✓ transformations > edit: a 409 writes nothing, shows compare, and re-applies on the current version  318ms
 ✓ |unit-web| src/auth/session-end.test.tsx (12 tests) 11335ms
   ✓ session end while the app is open (en) > a 401 on navigation lands once on sign-in with the message; signing in again returns to the page  2748ms
   ✓ session end while the app is open (en) > a 401 on a dialog mutation (the commit-time upload refusal) closes the dialog and lands once on sign-in  1268ms
   ✓ session end while the app is open (en) > a sign-out elsewhere noticed by the next /me probe lands once on sign-in, never on the stale shell  548ms
   ✓ session end while the app is open (en) > a 403 (forbidden) is never treated as a session end  651ms
   ✓ session end while the app is open (ar) > a 401 on navigation lands once on sign-in with the message; signing in again returns to the page  983ms
   ✓ session end while the app is open (ar) > a 401 on a dialog mutation (the commit-time upload refusal) closes the dialog and lands once on sign-in  988ms
   ✓ session end while the app is open (ar) > a sign-out elsewhere noticed by the next /me probe lands once on sign-in, never on the stale shell  700ms
   ✓ session end while the app is open (ar) > a 403 (forbidden) is never treated as a session end  1061ms
   ✓ session end under <StrictMode> (as in production) > still lands exactly once on sign-in  1318ms
   ✓ sign-in page and the cached identity > decides 'already signed in' only from a fresh /me, never from a stale cache  437ms
   ✓ sign-in page and the cached identity > signing out here shows 'signed out', not 'session ended', and no /me loop  590ms
 ✓ |unit-web| src/pages/capacity/fe-e.test.tsx (13 tests) 5847ms
   ✓ capacity editing (en) > creates a role; a taken code (409) is the form's translated alert; then the role is created  937ms
   ✓ capacity editing (en) > edits a role's labels and archives it, each with If-Match  614ms
   ✓ capacity editing (en) > creates a capacity row with a decimal FTE string; a duplicate (409) is translated  1143ms
   ✓ capacity editing (en) > creates a demand; after the save the plan is re-read and the conflict with its shortfall appears; Unknown stays Unknown  397ms
   ✓ capacity editing (en) > edits a planned demand with If-Match; 422 resource_demand.not_planned is translated  340ms
   ✓ capacity editing (ar) > creates a role; a taken code (409) is the form's translated alert; then the role is created  336ms
   ✓ capacity editing (ar) > edits a role's labels and archives it, each with If-Match  437ms
   ✓ capacity editing (ar) > creates a capacity row with a decimal FTE string; a duplicate (409) is translated  411ms
   ✓ capacity editing (ar) > creates a demand; after the save the plan is re-read and the conflict with its shortfall appears; Unknown stays Unknown  439ms
   ✓ capacity editing (ar) > the read-only auditor sees roles and capacity rows with no editing control  304ms
 ✓ |unit-web| src/pages/benefits/plan-values.test.tsx (15 tests) 12428ms
   ✓ plan-value editing (en) > Edit reads getBenefitPlanValue, pre-fills the form and PATCHes the changed member with the read's If-Match  1297ms
   ✓ plan-value editing (en) > an unchanged form sends nothing and says so; Cancel closes  616ms
   ✓ plan-value editing (en) > a 409 (changed by someone else after the read) is a conflict: the record is re-read, If-Match never moves under the typed values  658ms
   ✓ plan-value editing (en) > a failed read (500) shows its state in the section and no form; Cancel removes it  3339ms
   ✓ plan-value editing (en) > a failed read (404) shows its state in the section and no form; Cancel removes it  324ms
   ✓ plan-value editing (ar) > Edit reads getBenefitPlanValue, pre-fills the form and PATCHes the changed member with the read's If-Match  407ms
   ✓ plan-value editing (ar) > an unchanged form sends nothing and says so; Cancel closes  511ms
   ✓ plan-value editing (ar) > a 409 (changed by someone else after the read) is a conflict: the record is re-read, If-Match never moves under the typed values  954ms
   ✓ plan-value editing (ar) > a failed read (500) shows its state in the section and no form; Cancel removes it  3497ms
   ✓ plan-value editing (ar) > a failed read (404) shows its state in the section and no form; Cancel removes it  352ms
 ✓ |unit-web| src/pages/approvals/approvals.test.tsx (16 tests) 7055ms
   ✓ Approvals (en) > lists my approvals; an Unknown due date shows Unknown with its reason, never a date  517ms
   ✓ Approvals (en) > offers exactly four outcomes; defer needs a date; the decision sends subjectVersion with If-Match  848ms
   ✓ Approvals (en) > a blank rationale is refused before sending  339ms
   ✓ Approvals (en) > a stale 409 says the record changed, records nothing and links to the history  307ms
   ✓ Approvals (en) > offers 'on behalf of' only for an active delegation to me  346ms
   ✓ Approvals (ar) > offers exactly four outcomes; defer needs a date; the decision sends subjectVersion with If-Match  478ms
   ✓ Approvals (ar) > a blank rationale is refused before sending  444ms
   ✓ Approvals (ar) > offers 'on behalf of' only for an active delegation to me  441ms
   ✓ Delegations (en) > records a delegation with Asia/Riyadh wall-clock times sent as UTC; a loop 422 is translated  429ms
   ✓ Delegations (en) > revokes with a reason and If-Match; a read-only user sees no action  1040ms
   ✓ Delegations (ar) > revokes with a reason and If-Match; a read-only user sees no action  723ms
 ✓ |unit-web| src/pages/bau/sustain.test.tsx (14 tests) 9534ms
   ✓ BAU and improvement screens (en) > handover checklist marks data access missing; submit 422 names it in the shown language  1142ms
   ✓ BAU and improvement screens (en) > only the receiving owner is offered accept, labelled a business approval  1153ms
   ✓ BAU and improvement screens (en) > after reopening, the area shows the original handover acceptance and closure date  799ms
   ✓ BAU and improvement screens (en) > a failed check links to its recovery action; an unknown review signal is Unknown, never on track  757ms
   ✓ BAU and improvement screens (en) > CI backlog stays visible and editable after the transformation is closed  1037ms
   ✓ BAU and improvement screens (ar) > handover checklist marks data access missing; submit 422 names it in the shown language  1057ms
   ✓ BAU and improvement screens (ar) > only the receiving owner is offered accept, labelled a business approval  1175ms
   ✓ BAU and improvement screens (ar) > after reopening, the area shows the original handover acceptance and closure date  451ms
   ✓ BAU and improvement screens (ar) > a failed check links to its recovery action; an unknown review signal is Unknown, never on track  609ms
   ✓ BAU and improvement screens (ar) > CI backlog stays visible and editable after the transformation is closed  898ms
 ✓ |unit-web| src/pages/actions/BudgetPanel.test.tsx (18 tests) 15490ms
   ✓ budget panel (en) > lines in their own currency with Unknown for an empty amount; totals per currency, Unknown with reason  1376ms
   ✓ budget panel (en) > no active line: the budget is Unknown 'No budget lines' (no_budget_lines), never a total of 0  452ms
   ✓ budget panel (en) > create: decimal strings, empty amounts omitted (Unknown), an invalid amount is refused inline with the §11 text  1104ms
   ✓ budget panel (en) > a refusal is translated: 409 budget_line.duplicate on create keeps the dialog with the §11 text  1054ms
   ✓ budget panel (en) > edit sends only the changed member with If-Match of the version seen; a stale version is a 409 (nothing saved, lines re-read)  1781ms
   ✓ budget panel (en) > archive sends the reason with If-Match; 422 budget_line.archived is translated in the dialog  1703ms
   ✓ budget panel (en) > the auditor (no budget.edit) sees the panel read-only: no add, edit or archive control  989ms
   ✓ budget panel (ar) > lines in their own currency with Unknown for an empty amount; totals per currency, Unknown with reason  1086ms
   ✓ budget panel (ar) > no active line: the budget is Unknown 'No budget lines' (no_budget_lines), never a total of 0  438ms
   ✓ budget panel (ar) > create: decimal strings, empty amounts omitted (Unknown), an invalid amount is refused inline with the §11 text  832ms
   ✓ budget panel (ar) > a refusal is translated: 409 budget_line.duplicate on create keeps the dialog with the §11 text  616ms
   ✓ budget panel (ar) > edit sends only the changed member with If-Match of the version seen; a stale version is a 409 (nothing saved, lines re-read)  1615ms
   ✓ budget panel (ar) > archive sends the reason with If-Match; 422 budget_line.archived is translated in the dialog  1277ms
   ✓ budget panel (ar) > the auditor (no budget.edit) sees the panel read-only: no add, edit or archive control  1131ms
 ✓ |unit-web| src/pages/closure/closure.test.tsx (11 tests) 5535ms
   ✓ closure page (en) > shows the four statuses side by side and the value-pending labels; never 'successful'  528ms
   ✓ closure page (en) > closing a value-pending initiative shows the translated 422 closure.value_validation_pending  663ms
   ✓ closure page (en) > closing the transformation without G6 shows the translated refusal  882ms
   ✓ closure page (en) > a returned decision offers 'Submit again (round 2)'; a non-requester's withdrawal is refused, translated  377ms
   ✓ closure page (en) > creates a transition decision with the residual owner and monitoring (a draft until submitted)  912ms
   ✓ closure page (ar) > closing a value-pending initiative shows the translated 422 closure.value_validation_pending  706ms
   ✓ closure page (ar) > closing the transformation without G6 shows the translated refusal  387ms
   ✓ closure page (ar) > a returned decision offers 'Submit again (round 2)'; a non-requester's withdrawal is refused, translated  314ms
   ✓ closure page (ar) > creates a transition decision with the residual owner and monitoring (a draft until submitted)  518ms
 ✓ |unit-web| src/pages/dispensations/dispensations.test.tsx (12 tests) 8624ms
   ✓ Dispensations (en) > lists waivers and inherited approvals; unverified evidence is shown as unverified; recorder cannot decide  1333ms
   ✓ Dispensations (en) > a waiver needs a reason and an expiry: refused inline, nothing sent; then sent with its scope  1463ms
   ✓ Dispensations (en) > an inherited approval (Modular) needs the approving body, the date and evidence; 422s are translated  931ms
   ✓ Dispensations (en) > deciding is a labelled business approval; the delegated-decision 422 and the recorder 403 are translated  973ms
   ✓ Dispensations (en) > revoking an accepted dispensation needs a reason and is a business approval  469ms
   ✓ Dispensations (en) > the read-only auditor sees the register with no enabled write control  379ms
   ✓ Dispensations (ar) > lists waivers and inherited approvals; unverified evidence is shown as unverified; recorder cannot decide  422ms
   ✓ Dispensations (ar) > a waiver needs a reason and an expiry: refused inline, nothing sent; then sent with its scope  358ms
   ✓ Dispensations (ar) > an inherited approval (Modular) needs the approving body, the date and evidence; 422s are translated  801ms
   ✓ Dispensations (ar) > deciding is a labelled business approval; the delegated-decision 422 and the recorder 403 are translated  609ms
   ✓ Dispensations (ar) > revoking an accepted dispensation needs a reason and is a business approval  525ms
   ✓ Dispensations (ar) > the read-only auditor sees the register with no enabled write control  357ms
 ✓ |unit-web| src/pages/raci/governance.test.tsx (15 tests) 6471ms
   ✓ Governance (en) > RACI: edits a row with the cell selects and saves it as one PATCH with If-Match  1320ms
   ✓ Governance (en) > RACI: an auditor sees the matrix read-only (no cell editor, no save)  516ms
   ✓ Governance (en) > decision rights: submits the matrix for business approval with If-Match  999ms
   ✓ Governance (en) > decision rights: a field with an unknown party code is refused before sending  476ms
   ✓ Governance (en) > Transform readiness lists what is missing and links to the fix  501ms
   ✓ Governance (ar) > RACI: edits a row with the cell selects and saves it as one PATCH with If-Match  383ms
   ✓ Governance (ar) > role mapping: an unmapped governance role shows the visible routing error  366ms
   ✓ Governance (ar) > decision rights: seeded rows; the due-date preview shows Unknown with its reason  351ms
   ✓ Governance (ar) > decision rights: a field with an unknown party code is refused before sending  358ms
 ✓ |unit-web| src/pages/gates/g1-agreements.test.tsx (10 tests) 8748ms
   ✓ G1 agreements step (en) > approving G1 needs the three labelled confirmations; then sends agreements with all three true  1839ms
   ✓ G1 agreements step (en) > a non-approve outcome on G1 sends no agreements (even after ticking them)  1096ms
   ✓ G1 agreements step (en) > approving another gate (G2) shows no confirmations and sends no agreements  932ms
   ✓ G1 agreements step (en) > the server's 422 gate.g1_agreements_required is the one form-level alert, with the missing confirmations  1081ms
   ✓ G1 agreements step (en) > the server's 422 gate.agreements_not_applicable is translated as the one form-level alert  704ms
   ✓ G1 agreements step (ar) > approving G1 needs the three labelled confirmations; then sends agreements with all three true  875ms
   ✓ G1 agreements step (ar) > a non-approve outcome on G1 sends no agreements (even after ticking them)  607ms
   ✓ G1 agreements step (ar) > approving another gate (G2) shows no confirmations and sends no agreements  447ms
   ✓ G1 agreements step (ar) > the server's 422 gate.g1_agreements_required is the one form-level alert, with the missing confirmations  633ms
   ✓ G1 agreements step (ar) > the server's 422 gate.agreements_not_applicable is translated as the one form-level alert  531ms
 ✓ |unit-web| src/lib/lib.test.ts (24 tests) 104ms
 ✓ |unit-web| src/pages/my-work/message-keys.test.ts (83 tests) 260ms
 ✓ |unit-web| src/pages/actions/ScheduleNetworkPanel.test.tsx (11 tests) 8375ms
   ✓ schedule network panel (en) > computed (ADR-0031 §8 fixture): P = 18, path INI-01 → INI-02 → INI-04, INI-03 float 6 not critical  1210ms
   ✓ schedule network panel (en) > not computable (missing duration): the reason and INI-03 listed; no critical styling or label at all  675ms
   ✓ schedule network panel (en) > record a duration: POST without If-Match; 409 initiative_schedule.exists is translated and the next save is a PATCH  1227ms
   ✓ schedule network panel (en) > change a duration: a stale version is a 409 (nothing saved), the current value is re-read and shown, the next save sends the current version  1198ms
   ✓ schedule network panel (en) > the auditor (no roadmap.edit) sees the network read-only: no duration control  482ms
   ✓ schedule network panel (ar) > computed (ADR-0031 §8 fixture): P = 18, path INI-01 → INI-02 → INI-04, INI-03 float 6 not critical  422ms
   ✓ schedule network panel (ar) > not computable (missing duration): the reason and INI-03 listed; no critical styling or label at all  499ms
   ✓ schedule network panel (ar) > record a duration: POST without If-Match; 409 initiative_schedule.exists is translated and the next save is a PATCH  962ms
   ✓ schedule network panel (ar) > change a duration: a stale version is a 409 (nothing saved), the current value is re-read and shown, the next save sends the current version  1143ms
   ✓ schedule network panel (ar) > the auditor (no roadmap.edit) sees the network read-only: no duration control  538ms
 ✓ |unit-web| src/pages/roadmap/roadmap.test.tsx (14 tests) 7567ms
   ✓ roadmap (en) > shows the four source waves verbatim (English source also shown in Arabic) with overlapping horizons  948ms
   ✓ roadmap (en) > moving a milestone PATCHes the forecast with If-Match and the timeline, table and board all show the new date from one refetch  852ms
   ✓ roadmap (en) > a 409 on moving a milestone shows the conflict notice and reloads the roadmap  688ms
   ✓ roadmap (en) > re-approving a date requires a reason; then it is POSTed with If-Match  640ms
   ✓ roadmap (en) > deliverable acceptance sends the AcceptanceDecision with If-Match (no 'on behalf of' control)  432ms
   ✓ roadmap (ar) > moving a milestone PATCHes the forecast with If-Match and the timeline, table and board all show the new date from one refetch  687ms
   ✓ roadmap (ar) > a 409 on moving a milestone shows the conflict notice and reloads the roadmap  868ms
   ✓ roadmap (ar) > re-approving a date requires a reason; then it is POSTed with If-Match  535ms
   ✓ roadmap (ar) > deliverable acceptance sends the AcceptanceDecision with If-Match (no 'on behalf of' control)  814ms
 ✓ |unit-web| src/app/p3-seams.test.tsx (10 tests) 5337ms
   ✓ P3 routes > workspace tabs (en) > the workspace tabs include the P3 tabs, labelled from their own namespaces  1587ms
   ✓ P3 routes > workspace tabs (ar) > the workspace tabs include the P3 tabs, labelled from their own namespaces  938ms
   ✓ P3 navigation areas > en /initiatives-roadmaps leads into the Initiatives and Roadmaps tab of each transformation  892ms
   ✓ P3 navigation areas > ar /initiatives-roadmaps leads into the المبادرات وخرائط الطريق tab of each transformation  478ms
   ✓ P3 navigation areas > en /benefits-finance leads into the Benefits and Finance tab of each transformation  542ms
   ✓ P3 navigation areas > ar /benefits-finance leads into the المنافع والمالية tab of each transformation  859ms
 ✓ |unit-web| src/pages/transformations/modeGuidance.test.tsx (5 tests) 2690ms
   ✓ New transformation: mode guidance (English LTR) > shows When to use and How for the selected mode and switches with the mode  1014ms
   ✓ New transformation: mode guidance (English LTR) > Modular requires an entry phase before anything is sent  904ms
   ✓ New transformation: mode guidance (English LTR) > a server validation error on the entry phase is shown on that field  468ms
 ✓ |unit-web| src/components/LanguageSwitch.test.tsx (10 tests) 5807ms
   ✓ a refused language save, 'en' → other ('403 csrf') > keeps ar on screen and says, in ar, that it was not saved  1641ms
   ✓ a refused language save, 'ar' → other ('403 csrf') > keeps en on screen and says, in en, that it was not saved  741ms
   ✓ a refused language save, 'en' → other ('403 forbidden') > keeps ar on screen and says, in ar, that it was not saved  754ms
   ✓ a refused language save, 'ar' → other ('503') > keeps en on screen and says, in en, that it was not saved  1216ms
   ✓ the live region and the persisted preference > switching back clears the notice; the region stays in the DOM, empty  417ms
 ✓ |unit-web| src/pages/dependencies/dependencies.test.tsx (12 tests) 6249ms
   ✓ dependencies (en) > shows the seven T08 columns, an External source, the type label and the needed-by conflict flag  1134ms
   ✓ dependencies (en) > a cycle is refused and shown as the translated message with the path INI-01 → INI-02 → INI-03 → INI-01  956ms
   ✓ dependencies (en) > an External source is sent as {kind: external, label}  918ms
   ✓ dependencies (en) > dependency types: system types are undeletable; an administrator may retire a custom type  634ms
   ✓ dependencies (en) > a system type's 422 dependency_type.system_undeletable is translated  407ms
   ✓ dependencies (ar) > a cycle is refused and shown as the translated message with the path INI-01 → INI-02 → INI-03 → INI-01  602ms
   ✓ dependencies (ar) > an External source is sent as {kind: external, label}  474ms
 ✓ |unit-web| src/pages/phases/phases.test.tsx (6 tests) 3506ms
   ✓ phase workspace (en) > lists the six phases in order, the objective, Unknown owners and the review queue; never moves a gate  547ms
   ✓ phase workspace (en) > a step with no record is read with ETag "0" and its first save sends If-Match "0"  1334ms
   ✓ phase workspace (en) > requesting review with an unmet completion rule shows the translated 422  337ms
   ✓ phase workspace (ar) > a step with no record is read with ETag "0" and its first save sends If-Match "0"  756ms
 ✓ |unit-web| src/i18n/glossary.test.ts (8 tests) 53ms
 ✓ |unit-web| src/pages/gates/inherited-approval.test.tsx (16 tests) 5100ms
   ✓ inherited-approval annotation (en) > Gates list: G1 pending_verification (counts false) is a badge next to 'Not submitted'  896ms
   ✓ inherited-approval annotation (en) > Gates list: G1 accepted (counts true) is a badge next to 'Not submitted'  419ms
   ✓ inherited-approval annotation (en) > Gates list: G1 accepted (counts false) is a badge next to 'Not submitted'  605ms
   ✓ inherited-approval annotation (en) > Gates list: G1 rejected (counts false) is a badge next to 'Not submitted'  489ms
   ✓ inherited-approval annotation (en) > gate view: an accepted inherited approval is a labelled row beside the 'Not submitted' status  634ms
 ✓ |unit-web| src/i18n/i18n.test.ts (11 tests) 236ms
 ✓ |unit-web| src/pages/kpi/kpi-periods.test.tsx (6 tests) 9220ms
   ✓ KPI update periods (en) > a Lead or KPI owner chooses an open period that is not the current one, from the transformation's list  745ms
   ✓ KPI update periods (en) > a transformation-scoped KPI owner (no organization.read) gets the same choice  506ms
   ✓ KPI update periods (en) > no open period of the KPI's frequency: the form says so; a failed list is an error, never an empty choice  3447ms
   ✓ KPI update periods (ar) > a Lead or KPI owner chooses an open period that is not the current one, from the transformation's list  489ms
   ✓ KPI update periods (ar) > a transformation-scoped KPI owner (no organization.read) gets the same choice  489ms
   ✓ KPI update periods (ar) > no open period of the KPI's frequency: the form says so; a failed list is an error, never an empty choice  3536ms
 ✓ |unit-web| src/pages/roadmap/fe-e.test.tsx (8 tests) 7342ms
   ✓ wave editing (en) > edits planned dates (overlap accepted) with If-Match; the source text is read-only and never sent  1730ms
   ✓ wave editing (en) > 422 roadmap_wave.planned_range is inline at the planned end and translated  348ms
   ✓ wave editing (en) > adds a non-source wave with its bilingual texts (POST, Idempotency-Key)  1306ms
   ✓ wave editing (en) > the read-only auditor gets no wave control  465ms
   ✓ wave editing (ar) > edits planned dates (overlap accepted) with If-Match; the source text is read-only and never sent  597ms
   ✓ wave editing (ar) > 422 roadmap_wave.planned_range is inline at the planned end and translated  484ms
   ✓ wave editing (ar) > adds a non-source wave with its bilingual texts (POST, Idempotency-Key)  2151ms
 ✓ |unit-web| src/pages/dispensations/modular-waiver.test.tsx (7 tests) 4948ms
   ✓ Modular G3 waiver (en) > labels a Modular G3 waiver as the waiver of the missing links; End-to-End keeps the DG3 label  655ms
   ✓ Modular G3 waiver (en) > offers the waiver with the Modular hint and sends a G3 waiver without an initiative  1374ms
   ✓ Modular G3 waiver (en) > any other Modular waiver shows the DG3 refusal, translated  479ms
   ✓ Modular G3 waiver (ar) > labels a Modular G3 waiver as the waiver of the missing links; End-to-End keeps the DG3 label  976ms
   ✓ Modular G3 waiver (ar) > offers the waiver with the Modular hint and sends a G3 waiver without an initiative  627ms
   ✓ Modular G3 waiver (ar) > any other Modular waiver shows the DG3 refusal, translated  833ms
 ✓ |unit-web| src/pages/actions/ExecutionPanel.test.tsx (12 tests) 14317ms
   ✓ execution panel (en) > milestone slip in working days (+5, −5, 0) beside calendar days; a missing date is Unknown with its reason  1526ms
   ✓ execution panel (en) > deliverable acceptance, demand without capacity (Unknown), dependency without impact (Unknown), decisions  772ms
   ✓ execution panel (en) > critical-path membership: a label when computed; null is Unknown with no critical styling  852ms
   ✓ execution panel (en) > the initiative page holds the slot: budget lines, execution and schedule network, in its on-this-page navigation  658ms
   ✓ execution panel (en) > an answer outside the contract is the panel's error state; the rest of the initiative page still renders  3441ms
   ✓ execution panel (ar) > milestone slip in working days (+5, −5, 0) beside calendar days; a missing date is Unknown with its reason  716ms
   ✓ execution panel (ar) > deliverable acceptance, demand without capacity (Unknown), dependency without impact (Unknown), decisions  901ms
   ✓ execution panel (ar) > critical-path membership: a label when computed; null is Unknown with no critical styling  1425ms
   ✓ execution panel (ar) > the initiative page holds the slot: budget lines, execution and schedule network, in its on-this-page navigation  799ms
   ✓ execution panel (ar) > an answer outside the contract is the panel's error state; the rest of the initiative page still renders  3223ms
 ✓ |unit-web| src/pages/readiness/readiness.test.tsx (4 tests) 2176ms
   ✓ Readiness (en) > lists the missing diagnostic areas by name, the gates and the translated sequencing blockers  938ms
   ✓ Readiness (en) > an accepted, verified inherited approval counts, and the gate itself still is not approved  582ms
   ✓ Readiness (ar) > lists the missing diagnostic areas by name, the gates and the translated sequencing blockers  305ms
   ✓ Readiness (ar) > an accepted, verified inherited approval counts, and the gate itself still is not approved  342ms
 ✓ |unit-web| src/components/RecordForm.alerts.test.tsx (16 tests) 3384ms
   ✓ record form: one alert per distinct form error (en) > dialog > a 400 whose only field error has pointer "" says its message once, in one live region  706ms
   ✓ record form: one alert per distinct form error (en) > dialog > the same pointer-"" code twice is still said once  346ms
   ✓ record form: one alert per distinct form error (en) > dialog > two distinct form-level messages: each is said exactly once, one live region each  317ms
   ✓ record form: one alert per distinct form error (en) > inline-sections > a 400 whose only field error has pointer "" says its message once, in one live region  395ms
 ✓ |unit-web| src/components/States.test.tsx (15 tests) 908ms
 ✓ |unit-web| src/i18n/problems-slices-hijk.test.ts (8 tests) 232ms
 ✓ |unit-web| src/test/react-warning-guard.test.tsx (4 tests) 76ms
 ✓ |unit-web| src/styles/styles.test.ts (6 tests) 10ms
 ✓ |unit-web| src/test/harness-config.test.ts (2 tests) 15ms
 ✓ |unit-web| src/pages/business-cases/problem-codes.test.ts (4 tests) 31ms
 ✓ |unit-web| src/pages/capacity/capacity.test.tsx (6 tests) 3416ms
   ✓ capacity (en) > the role × month grid shows decimal FTE, the conflict with its shortfall, and Unknown capacity as Unknown (never 0)  849ms
   ✓ capacity (en) > committing a demand POSTs with If-Match; a 409 shows the conflict notice and reloads  579ms
   ✓ capacity (en) > the read-only auditor sees the grid and no commit or release control  524ms
   ✓ capacity (ar) > the role × month grid shows decimal FTE, the conflict with its shortfall, and Unknown capacity as Unknown (never 0)  432ms
   ✓ capacity (ar) > committing a demand POSTs with If-Match; a 409 shows the conflict notice and reloads  663ms
   ✓ capacity (ar) > the read-only auditor sees the grid and no commit or release control  367ms
 ✓ |unit-node| packages/shared/src/formula/formula.test.ts (140 tests) 194ms
 ✓ |unit-node| packages/db/src/seed.test.ts (34 tests) 75ms
 ✓ |unit-node| packages/shared/src/schemas/schemas.test.ts (69 tests) 618ms
 ✓ |unit-node| apps/api/src/modules/platform/media-types.test.ts (57 tests) 366ms
 ✓ |unit-node| apps/api/src/modules/reporting/dashboards/areas.test.ts (19 tests) 590ms
   ✓ Value (validated benefit gap) > property: the per-benefit decimal sums equal the headline per currency (the drill-down invariant; 300 seeded sets)  306ms
 ✓ |unit-node| packages/shared/src/formula/fuzz.test.ts (111 tests) 17980ms
   ✓ fuzz: no uncaught exception, no code execution > 10 000 random byte strings (0–255, up to 80 bytes)  3713ms
   ✓ fuzz: no uncaught exception, no code execution > 10 000 random UTF-16 strings including astral code points and lone surrogates  3184ms
   ✓ fuzz: no uncaught exception, no code execution > 20 000 random strings over the grammar alphabet reach parser, type checker and evaluator  7623ms
   ✓ source scan: no dynamic code in packages/shared/src/formula (ADR-0024 §6) > every file of the engine's import closure gets the engine-source lint rules (eslint.config.js)  2664ms
   ✓ source scan: no dynamic code in packages/shared/src/formula (ADR-0024 §6) > ESLint refuses the round-5 handler forms (G1, G2, A1, A2), F1 and every lintable probe-table row in an engine source  645ms
 ✓ |unit-node| packages/shared/src/value.test.ts (29 tests) 372ms
 ✓ |unit-node| apps/api/src/modules/kpi/rules.test.ts (30 tests) 73ms
 ✓ |unit-node| apps/api/src/architecture.test.ts (138 tests) 22678ms
   ✓ API module boundaries (ADR-0002) > every import respects dependsOn, public surfaces and allowed packages  13752ms
   ✓ package dependency direction (ADR-0002 rule 5) > packages/db imports only @mth/config and @mth/shared  451ms
   ✓ package dependency direction (ADR-0002 rule 5) > packages/shared imports no workspace package  1300ms
   ✓ package dependency direction (ADR-0002 rule 5) > apps/web never imports @mth/db or @mth/config (browser bundle, no secrets)  6021ms
 ✓ |unit-node| apps/api/src/modules/kpi/totals.test.ts (20 tests) 27ms
 ✓ |unit-node| packages/shared/src/kpi/rag.test.ts (38 tests) 74ms
 ✓ |unit-node| packages/shared/src/scoring.test.ts (36 tests) 1021ms
   ✓ property: all 5^5 integer score combinations under v1 equal an independent BigInt rational computation > stored value, 2-digit display and 0–100 view all match for 3125 combinations  891ms
 ✓ |unit-node| apps/api/src/modules/benefits/register-rules.test.ts (45 tests) 59ms
 ✓ |unit-node| apps/api/src/modules/benefits/totals.test.ts (14 tests) 77ms
 ✓ |unit-node| apps/api/src/modules/workflows/workflows.test.ts (14 tests) 3367ms
   ✓ workflows module (P2) > its declared boundary holds, and an undeclared dependency would be caught  3191ms
 ✓ |unit-node| packages/shared/src/kpi/a05.test.ts (17 tests) 75ms
 ✓ |unit-node| packages/shared/src/kpi/property.test.ts (11 tests) 2309ms
   ✓ RAG > higher-is-better: a lower actual never gives a better RAG (monotonic), relative and absolute  486ms
   ✓ changes > pp = (x₁ − x₀) × 100 exactly, and relative × |x₀| = x₁ − x₀ (to precision 80)  311ms
   ✓ trajectory > linear expected values lie between the neighbouring points; step values are point values  391ms
 ✓ |unit-node| apps/api/src/modules/benefits/d2-rules.test.ts (15 tests) 76ms
 ✓ |unit-node| apps/api/src/modules/platform/platform.test.ts (19 tests) 204ms
 ✓ |unit-node| packages/shared/src/adoption/measures.test.ts (24 tests) 1100ms
   ✓ properties (seeded) > never 0 for an empty denominator: Unknown with value null exactly when the denominator is 0  526ms
 ✓ |unit-node| packages/shared/src/kpi/formula-binding.test.ts (26 tests) 16ms
 ✓ |unit-node| packages/shared/src/kpi/status.test.ts (25 tests) 12ms
 ✓ |unit-node| packages/shared/src/kpi/periods.test.ts (26 tests) 10ms
 ✓ |unit-node| tests/qa/unit/a05-calc-units.test.ts (15 tests) 46ms
 ✓ |unit-node| apps/api/src/modules/kpi/kpi.test.ts (39 tests) 3612ms
   ✓ kpi module (P2) > its declared boundary holds, and a planted bypass or undeclared dependency would be caught  3306ms
 ✓ |unit-node| apps/api/src/modules/evidence/evidence.test.ts (13 tests) 1500ms
   ✓ evidence module (P2) > its declared boundary holds  1232ms
 ✓ |unit-node| apps/api/src/modules/kpi/formulas.test.ts (10 tests) 47ms
 ✓ |unit-node| packages/shared/src/adoption/form-schema.test.ts (8 tests) 21ms
 ✓ |unit-node| packages/shared/src/governance/recurrence.test.ts (19 tests) 23ms
 ✓ |unit-node| packages/shared/src/time/working-days.test.ts (19 tests) 65ms
 ✓ |unit-node| packages/shared/src/schemas/missing-links.test.ts (10 tests) 20ms
 ✓ |unit-node| apps/api/src/modules/portfolio/schedule.test.ts (14 tests) 79ms
 ✓ |unit-node| packages/shared/src/kpi/aggregate.test.ts (20 tests) 64ms
 ✓ |unit-node| apps/api/src/modules/kpi/kbe-c.test.ts (9 tests) 46ms
 ✓ |unit-node| apps/api/src/request-encoding.test.ts (11 tests) 189ms
 ✓ |unit-node| apps/api/src/modules/access/rules.test.ts (12 tests) 18ms
 ✓ |unit-node| apps/api/src/modules/workflows/g4.test.ts (5 tests) 27ms
 ✓ |unit-node| apps/api/src/modules/reporting/dashboards/finance.test.ts (12 tests) 19ms
 ✓ |unit-node| apps/api/src/modules/kpi/p3-gate-facts.test.ts (9 tests) 14ms
 ✓ |unit-node| packages/shared/src/schedule/critical-path.test.ts (13 tests) 65ms
 ✓ |unit-node| apps/api/src/modules/platform/incomplete-body.test.ts (10 tests) 334ms
 ✓ |unit-node| apps/api/src/modules/platform/db-errors.test.ts (7 tests) 27ms
 ✓ |unit-node| packages/config/src/load.test.ts (17 tests) 441ms
 ✓ |unit-node| packages/shared/src/kpi/change.test.ts (22 tests) 139ms
 ✓ |unit-node| packages/design-tokens/src/tokens.test.ts (15 tests) 107ms
 ✓ |unit-node| apps/api/src/modules/raid/raid.test.ts (7 tests) 80ms
 ✓ |unit-node| apps/api/src/modules/portfolio/sequencing.test.ts (9 tests) 9ms
 ✓ |unit-node| packages/shared/src/kpi/types.test.ts (40 tests) 109ms
 ✓ |unit-node| packages/shared/src/kpi/measures.test.ts (30 tests) 12ms
 ✓ |unit-node| apps/api/src/modules/portfolio/budget.test.ts (13 tests) 53ms
 ✓ |unit-node| apps/api/src/modules/platform/db-errors-p4.test.ts (5 tests) 19ms
 ✓ |unit-node| apps/api/src/server.test.ts (6 tests) 2287ms
   ✓ route registration > declares access on every /api route and on the health endpoints  902ms
   ✓ route registration > registers dev login only in AUTH_MODE=dev; production configuration refuses dev mode entirely  754ms
   ✓ module composition (D-048, P2) > wires the P2 business modules (each registering routes) and keeps reporting a route-free scaffold until P5  382ms
 ✓ |unit-node| packages/shared/src/kpi/trajectory.test.ts (14 tests) 12ms
 ✓ |unit-node| apps/api/src/modules/transformations/good-outcome.test.ts (7 tests) 16ms
 ✓ |unit-node| apps/api/src/modules/platform/connection-hygiene.test.ts (6 tests) 107ms
(node:2336) [FSTDEP022] FastifyWarning: The router options for constraints property access is deprecated. Please use "options.routerOptions" instead for accessing router options. The router options will be removed in `fastify@6`.
(Use `node --trace-warnings ...` to show where the warning was created)
 ✓ |unit-node| apps/api/src/modules/platform/framework-errors.test.ts (6 tests) 110ms
 ✓ |unit-node| packages/shared/src/schemas/corrective.test.ts (10 tests) 75ms
 ✓ |unit-node| packages/shared/src/schedule/working-day-slip.test.ts (11 tests) 15ms
 ✓ |unit-node| apps/api/src/modules/raid/corrective.test.ts (4 tests) 13ms
 ✓ |unit-node| apps/api/src/modules/admin/branding.test.ts (4 tests) 37ms
 ✓ |unit-node| apps/api/src/modules/platform/advisory-locks.test.ts (3 tests) 205ms
 ✓ |unit-node| apps/api/src/modules/tasks/tasks.test.ts (5 tests) 70ms
 ✓ |unit-node| packages/shared/src/schemas/roadmap.test.ts (6 tests) 30ms
 ✓ |unit-node| apps/api/src/modules/platform/db-errors-p4-meetings.test.ts (4 tests) 29ms
 ✓ |unit-node| apps/api/src/modules/reporting/reporting.test.ts (4 tests) 2399ms
   ✓ reporting module (P1 scaffold, D-048) > its declared boundary holds, and a planted bypass or undeclared dependency would be caught  2243ms
 ✓ |unit-node| apps/api/src/modules/platform/request-encoding.test.ts (7 tests) 10ms
 ✓ |unit-node| apps/api/src/modules/platform/in-flight.test.ts (4 tests) 327ms
 ✓ |unit-node| apps/api/src/modules/portfolio/readiness-transform.test.ts (4 tests) 5ms
 ✓ |unit-node| apps/api/src/modules/transformations/thesis.test.ts (4 tests) 12ms
 ✓ |unit-node| packages/shared/src/kpi/purity.test.ts (14 tests) 171ms
 ✓ |unit-node| apps/api/src/modules/methodology/methodology.test.ts (4 tests) 460ms
   ✓ methodology module (P2) > its declared boundary holds, and an undeclared dependency would be caught  439ms
 ✓ |unit-node| apps/api/src/modules/platform/health.test.ts (2 tests) 218ms
 ✓ |unit-node| apps/api/src/modules/workflows/t08-cycle-problem.test.ts (2 tests) 6ms
 ✓ |unit-node| apps/api/src/modules/identity/oidc-claims.test.ts (5 tests) 41ms
 ✓ |unit-node| apps/api/src/modules/portfolio/capacity.test.ts (4 tests) 10ms
 ✓ |unit-node| apps/api/src/modules/governance/raci.test.ts (2 tests) 12ms
 ✓ |unit-node| apps/api/src/modules/sustainment/sustainment.test.ts (2 tests) 88ms
 ✓ |unit-node| apps/api/src/modules/transformations/exclusions.test.ts (19 tests) 6ms
 ✓ |unit-node| apps/api/src/modules/governance/governance.test.ts (2 tests) 98ms
 ✓ |unit-node| apps/api/src/modules/benefits/benefits.test.ts (2 tests) 44ms
 ✓ |unit-node| apps/api/src/modules/transformations/transitions.test.ts (2 tests) 5ms
 ✓ |unit-node| apps/api/src/modules/adoption/adoption.test.ts (2 tests) 38ms

 Test Files  143 passed (143)
      Tests  2719 passed (2719)
   Start at  13:11:17
   Duration  410.14s (transform 23.48s, setup 16.60s, collect 368.05s, tests 663.68s, environment 69.75s, prepare 28.75s)


 RUN  v3.2.4 /home/user/wt/dg4-be-r4

 ✓ |unit-formula-nocodegen| packages/shared/src/formula/codegen.nocodegen.test.ts (10 tests) 10ms
 ✓ |unit-formula-nocodegen| packages/shared/src/formula/formula.test.ts (140 tests) 237ms
 ✓ |unit-formula-nocodegen| packages/shared/src/formula/fuzz.test.ts (111 tests | 2 skipped) 8909ms
   ✓ fuzz: no uncaught exception, no code execution > 10 000 random byte strings (0–255, up to 80 bytes)  2381ms
   ✓ fuzz: no uncaught exception, no code execution > 10 000 random UTF-16 strings including astral code points and lone surrogates  2116ms
   ✓ fuzz: no uncaught exception, no code execution > 20 000 random strings over the grammar alphabet reach parser, type checker and evaluator  4386ms

 Test Files  3 passed (3)
      Tests  259 passed | 2 skipped (261)
   Start at  13:18:08
   Duration  10.37s (transform 528ms, setup 0ms, collect 1.16s, tests 9.16s, environment 1ms, prepare 729ms)

EXIT=0
