
> mobily-transformation-hub@0.1.0 test /home/user/My-owns
> vitest run --project unit-node --project unit-web


 RUN  v3.2.4 /home/user/My-owns

 ✓ |unit-node| apps/api/src/modules/reporting/reporting.test.ts (4 tests) 112ms
 ✓ |unit-node| apps/api/src/modules/kpi/kpi.test.ts (5 tests) 141ms
 ✓ |unit-node| apps/api/src/server.test.ts (6 tests) 144ms
 ✓ |unit-node| packages/config/src/load.test.ts (17 tests) 99ms
 ✓ |unit-node| apps/api/src/architecture.test.ts (133 tests) 1512ms
   ✓ API module boundaries (ADR-0002) > every import respects dependsOn, public surfaces and allowed packages  747ms
 ✓ |unit-node| packages/design-tokens/src/tokens.test.ts (15 tests) 35ms
 ✓ |unit-node| apps/api/src/modules/workflows/workflows.test.ts (5 tests) 126ms
 ✓ |unit-node| packages/db/src/seed.test.ts (4 tests) 14ms
 ✓ |unit-node| apps/api/src/modules/platform/platform.test.ts (7 tests) 20ms
 ✓ |unit-node| apps/api/src/modules/admin/branding.test.ts (4 tests) 39ms
 ✓ |unit-node| apps/api/src/modules/access/rules.test.ts (12 tests) 7ms
 ✓ |unit-node| packages/shared/src/schemas/schemas.test.ts (2 tests) 10ms
 ✓ |unit-node| apps/api/src/modules/transformations/transitions.test.ts (2 tests) 4ms
 ✓ |unit-web| src/components/States.test.tsx (15 tests) 358ms
 ✓ |unit-web| src/lib/lib.test.ts (18 tests) 46ms
 ✓ |unit-web| src/app/app.test.tsx (16 tests) 1522ms
   ✓ transformations > lists transformations with a sortable code column and removable filter chips  306ms
 ✓ |unit-web| src/lib/auditChanges.test.ts (15 tests) 27ms
 ✓ |unit-web| src/i18n/i18n.test.ts (11 tests) 19ms
 ✓ |unit-web| src/i18n/glossary.test.ts (8 tests) 7ms
 ✓ |unit-web| src/styles/styles.test.ts (6 tests) 7ms
 ✓ |unit-web| src/pages/transformations/transformations.test.tsx (21 tests) 5957ms
   ✓ after create (F-DG1-004) > shows the created record when the server lets the creator read it  463ms
   ✓ effective permissions refresh after create (F-DG1-210) > English: Edit, Archive and the audit trail appear after create, without a reload  384ms
   ✓ effective permissions refresh after create (F-DG1-210) > Arabic (RTL): the same controls and the audit trail appear after create, without a reload  367ms
   ✓ effective permissions refresh after create (F-DG1-210) > a failed /me refresh never blocks the navigation; the UI stays fail-safe (no controls offered)  3130ms

 Test Files  21 passed (21)
      Tests  326 passed (326)
   Start at  21:28:00
   Duration  10.66s (transform 1.58s, setup 0ms, collect 7.08s, tests 10.21s, environment 3.62s, prepare 1.61s)

