qa disposable cluster: PostgreSQL 16.13 (Ubuntu 16.13-0ubuntu0.24.04.1) on x86_64-pc-linux-gnu, compiled by gcc (Ubuntu 13.3.0-6ubuntu2~24.04.1) 13.3.0, 64-bit
v22.22.2

> mobily-transformation-hub@0.1.0 test:integration /home/user/My-owns
> vitest run --project integration


 RUN  v3.2.4 /home/user/My-owns

[integration] PostgreSQL 16.13 (Ubuntu 16.13-0ubuntu0.24.04.1); database mth_test_muq1qdcz_d8772071; applied 9 migrations to a fresh database
 ✓ |integration| apps/api/test/integration/bu-hierarchy-guard.test.ts (7 tests) 689ms
 ✓ |integration| apps/api/test/integration/platform.test.ts (11 tests) 299ms
 ✓ |integration| apps/worker/test/integration/outbox.test.ts (10 tests) 4999ms
   ✓ worker runtime: end to end, restarts and the dead-letter queue > relays and handles a created transformation, and survives a restart without losing the job  3660ms
   ✓ worker runtime: end to end, restarts and the dead-letter queue > moves a job that keeps failing to ops.failed after the bounded retries  1043ms
 ✓ |integration| packages/db/test/integration/scratch-drop.test.ts (3 tests) 5356ms
   ✓ dropScratchDatabase never terminates a live client (F-DG1-009) > a drop right after pool.end() raises no 57P01 on the closing pool (40 rounds, 8 clients each)  4915ms
   ✓ dropScratchDatabase never terminates a live client (F-DG1-009) > a client that is still connected is NOT terminated: the drop refuses, names it, and succeeds once it ends  441ms
 ✓ |integration| tests/qa/integration/a13-job-idempotency.test.ts (5 tests) 2962ms
   ✓ A13 running worker: a duplicate delivery is a no-op > consumes the event once; an extra job with the same message completes as 'duplicate'  2579ms
 ✓ |integration| apps/api/test/integration/transformations.test.ts (30 tests) 597ms
 ✓ |integration| apps/api/test/integration/access-scope.test.ts (18 tests) 593ms
 ✓ |integration| apps/api/test/integration/access-derived-race.test.ts (4 tests) 704ms
 ✓ |integration| packages/db/test/integration/bootstrap.test.ts (5 tests) 1346ms
   ✓ mth-db bootstrap > creates the first organization and a technical/access admin with no business permission, fully audited  303ms
   ✓ mth-db bootstrap > refuses to run twice  436ms
 ✓ |integration| apps/api/test/integration/admin.test.ts (11 tests) 497ms
 ✓ |integration| apps/api/test/integration/contract/contract.test.ts (9 tests) 568ms
 ✓ |integration| apps/api/test/integration/oidc.test.ts (19 tests) 459ms
 ✓ |integration| tests/qa/integration/a12-cross-scope.test.ts (14 tests) 469ms
 ✓ |integration| apps/api/test/integration/organizations.test.ts (10 tests) 365ms
 ✓ |integration| apps/api/test/integration/identity.test.ts (13 tests) 238ms
 ✓ |integration| packages/db/test/integration/migrate.test.ts (7 tests) 289ms
 ✓ |integration| tests/qa/integration/a14-concurrency.test.ts (5 tests) 214ms
 ✓ |integration| apps/worker/test/integration/maintenance.test.ts (2 tests) 221ms
 ✓ |integration| packages/db/test/integration/protection.test.ts (17 tests) 102ms
 ✓ |integration| packages/db/test/integration/catalogue.test.ts (9 tests) 30ms

 Test Files  20 passed (20)
      Tests  209 passed (209)
   Start at  21:28:30
   Duration  24.90s (transform 659ms, setup 0ms, collect 3.04s, tests 21.00s, environment 0ms, prepare 62ms)

