
 RUN  v3.2.4 /home/user/mth-wt-be4

 ❯ |unit-node| apps/api/src/architecture.test.ts (46 tests | 15 failed) 377ms
   ✓ API module boundaries (ADR-0002) > has only mapped module directories, and every P1 module has a public index.ts 2ms
   ✓ API module boundaries (ADR-0002) > the six §16 business modules all exist, each with its own test suite (A12; D-048) 4ms
   ✓ API module boundaries (ADR-0002) > every import respects dependsOn, public surfaces and allowed packages 151ms
   ✓ API module boundaries (ADR-0002) > the declared module graph is acyclic, and audit/access depend on no business module 2ms
   ✓ the checker itself catches planted violations (self-check, incl. F-DG1-109 and F-DG1-117) > A static deep import is a violation 0ms
   ✓ the checker itself catches planted violations (self-check, incl. F-DG1-109 and F-DG1-117) > A2 type-only deep import is a violation 0ms
   ✓ the checker itself catches planted violations (self-check, incl. F-DG1-109 and F-DG1-117) > B dynamic import, literal is a violation 1ms
   ✓ the checker itself catches planted violations (self-check, incl. F-DG1-109 and F-DG1-117) > B2 dynamic import, template literal is a violation 0ms
   ✓ the checker itself catches planted violations (self-check, incl. F-DG1-109 and F-DG1-117) > C re-export is a violation 0ms
   ✓ the checker itself catches planted violations (self-check, incl. F-DG1-109 and F-DG1-117) > D createRequire is a violation 1ms
   ✓ the checker itself catches planted violations (self-check, incl. F-DG1-109 and F-DG1-117) > D2 node:module itself is a violation 0ms
   ✓ the checker itself catches planted violations (self-check, incl. F-DG1-109 and F-DG1-117) > D3 createRequire via namespace is a violation 0ms
   ✓ the checker itself catches planted violations (self-check, incl. F-DG1-109 and F-DG1-117) > E computed import() is a violation 1ms
   ✓ the checker itself catches planted violations (self-check, incl. F-DG1-109 and F-DG1-117) > E2 computed import() via variable is a violation 0ms
   ✓ the checker itself catches planted violations (self-check, incl. F-DG1-109 and F-DG1-117) > F require literal is a violation 0ms
   ✓ the checker itself catches planted violations (self-check, incl. F-DG1-109 and F-DG1-117) > F2 require computed is a violation 0ms
   ✓ the checker itself catches planted violations (self-check, incl. F-DG1-109 and F-DG1-117) > G import-equals require is a violation 1ms
   ✓ the checker itself catches planted violations (self-check, incl. F-DG1-109 and F-DG1-117) > H import type() is a violation 1ms
   ✓ the checker itself catches planted violations (self-check, incl. F-DG1-109 and F-DG1-117) > I composition root is a violation 0ms
   ✓ the checker itself catches planted violations (self-check, incl. F-DG1-109 and F-DG1-117) > J undeclared module (via its index) is a violation 0ms
   ✓ the checker itself catches planted violations (self-check, incl. F-DG1-109 and F-DG1-117) > K unknown package is a violation 0ms
   × the checker itself catches planted violations (self-check, incl. F-DG1-109 and F-DG1-117) > L getBuiltinModule + computed member is a violation 6ms
     → L getBuiltinModule + computed member: []: expected 0 to be greater than 0
   × the checker itself catches planted violations (self-check, incl. F-DG1-109 and F-DG1-117) > L2 computed member of process is a violation 1ms
     → L2 computed member of process: []: expected 0 to be greater than 0
   × the checker itself catches planted violations (self-check, incl. F-DG1-109 and F-DG1-117) > L3 loader name as a string key is a violation 1ms
     → L3 loader name as a string key: []: expected 0 to be greater than 0
   × the checker itself catches planted violations (self-check, incl. F-DG1-109 and F-DG1-117) > L4 process aliased is a violation 1ms
     → L4 process aliased: []: expected 0 to be greater than 0
   × the checker itself catches planted violations (self-check, incl. F-DG1-109 and F-DG1-117) > L5 process destructured is a violation 1ms
     → L5 process destructured: []: expected 0 to be greater than 0
   × the checker itself catches planted violations (self-check, incl. F-DG1-109 and F-DG1-117) > L6 computed member of globalThis is a violation 1ms
     → L6 computed member of globalThis: []: expected 0 to be greater than 0
   × the checker itself catches planted violations (self-check, incl. F-DG1-109 and F-DG1-117) > L7 globalThis.process is a violation 0ms
     → L7 globalThis.process: []: expected 0 to be greater than 0
   × the checker itself catches planted violations (self-check, incl. F-DG1-109 and F-DG1-117) > M new Function dynamic import is a violation 0ms
     → M new Function dynamic import: []: expected 0 to be greater than 0
   × the checker itself catches planted violations (self-check, incl. F-DG1-109 and F-DG1-117) > M2 Function() call is a violation 1ms
     → M2 Function() call: []: expected 0 to be greater than 0
   × the checker itself catches planted violations (self-check, incl. F-DG1-109 and F-DG1-117) > M3 Function aliased is a violation 0ms
     → M3 Function aliased: []: expected 0 to be greater than 0
   × the checker itself catches planted violations (self-check, incl. F-DG1-109 and F-DG1-117) > M4 globalThis.Function is a violation 0ms
     → M4 globalThis.Function: []: expected 0 to be greater than 0
   × the checker itself catches planted violations (self-check, incl. F-DG1-109 and F-DG1-117) > M5 eval is a violation 3ms
     → M5 eval: []: expected 0 to be greater than 0
   × the checker itself catches planted violations (self-check, incl. F-DG1-109 and F-DG1-117) > M6 AsyncFunction via .constructor is a violation 1ms
     → M6 AsyncFunction via .constructor: []: expected 0 to be greater than 0
   × the checker itself catches planted violations (self-check, incl. F-DG1-109 and F-DG1-117) > M7 ['constructor'] member is a violation 1ms
     → M7 ['constructor'] member: []: expected 0 to be greater than 0
   × the checker itself catches planted violations (self-check, incl. F-DG1-109 and F-DG1-117) > M8 node:vm is a violation 1ms
     → M8 node:vm: []: expected 0 to be greater than 0
   ✓ the checker itself catches planted violations (self-check, incl. F-DG1-109 and F-DG1-117) > M9 worker_threads is a violation 0ms
   ✓ the checker itself catches planted violations (self-check, incl. F-DG1-109 and F-DG1-117) > allowed forms stay clean (public index of a declared dependency, shared packages, own files) 1ms
   ✓ the checker itself catches planted violations (self-check, incl. F-DG1-109 and F-DG1-117) > a module's own test may read the module map and the lint, but its runtime files may not 1ms
   ✓ the checker itself catches planted violations (self-check, incl. F-DG1-109 and F-DG1-117) > a scaffold may not reach a business module it does not declare (reporting -> workflows) 0ms
   ✓ the checker itself catches planted violations (self-check, incl. F-DG1-109 and F-DG1-117) > scanSource reports what it saw (paths resolve relative to the planted file) 0ms
   ✓ package dependency direction (ADR-0002 rule 5) > packages/db imports only @mth/config and @mth/shared 22ms
   ✓ package dependency direction (ADR-0002 rule 5) > packages/config imports only @mth/shared 8ms
   ✓ package dependency direction (ADR-0002 rule 5) > packages/shared imports no workspace package 9ms
   ✓ package dependency direction (ADR-0002 rule 5) > apps/web never imports @mth/db or @mth/config (browser bundle, no secrets) 144ms
   ✓ package dependency direction (ADR-0002 rule 5) > apps/worker imports no API code 5ms

⎯⎯⎯⎯⎯⎯ Failed Tests 15 ⎯⎯⎯⎯⎯⎯⎯

 FAIL  |unit-node| apps/api/src/architecture.test.ts > the checker itself catches planted violations (self-check, incl. F-DG1-109 and F-DG1-117) > L getBuiltinModule + computed member is a violation
AssertionError: L getBuiltinModule + computed member: []: expected 0 to be greater than 0
 ❯ apps/api/src/architecture.test.ts:163:56
    161|   ])("%s is a violation", (_case, source, message) => {
    162|     const v = planted("transformations", source);
    163|     expect(v.length, `${_case}: ${JSON.stringify(v)}`).toBeGreaterThan…
       |                                                        ^
    164|     expect(v.join("\n")).toMatch(message);
    165|   });

⎯⎯⎯⎯⎯⎯⎯⎯⎯⎯⎯⎯⎯⎯⎯⎯⎯⎯⎯⎯⎯⎯⎯[1/15]⎯

 FAIL  |unit-node| apps/api/src/architecture.test.ts > the checker itself catches planted violations (self-check, incl. F-DG1-109 and F-DG1-117) > L2 computed member of process is a violation
AssertionError: L2 computed member of process: []: expected 0 to be greater than 0
 ❯ apps/api/src/architecture.test.ts:163:56
    161|   ])("%s is a violation", (_case, source, message) => {
    162|     const v = planted("transformations", source);
    163|     expect(v.length, `${_case}: ${JSON.stringify(v)}`).toBeGreaterThan…
       |                                                        ^
    164|     expect(v.join("\n")).toMatch(message);
    165|   });

⎯⎯⎯⎯⎯⎯⎯⎯⎯⎯⎯⎯⎯⎯⎯⎯⎯⎯⎯⎯⎯⎯⎯[2/15]⎯

 FAIL  |unit-node| apps/api/src/architecture.test.ts > the checker itself catches planted violations (self-check, incl. F-DG1-109 and F-DG1-117) > L3 loader name as a string key is a violation
AssertionError: L3 loader name as a string key: []: expected 0 to be greater than 0
 ❯ apps/api/src/architecture.test.ts:163:56
    161|   ])("%s is a violation", (_case, source, message) => {
    162|     const v = planted("transformations", source);
    163|     expect(v.length, `${_case}: ${JSON.stringify(v)}`).toBeGreaterThan…
       |                                                        ^
    164|     expect(v.join("\n")).toMatch(message);
    165|   });

⎯⎯⎯⎯⎯⎯⎯⎯⎯⎯⎯⎯⎯⎯⎯⎯⎯⎯⎯⎯⎯⎯⎯[3/15]⎯

 FAIL  |unit-node| apps/api/src/architecture.test.ts > the checker itself catches planted violations (self-check, incl. F-DG1-109 and F-DG1-117) > L4 process aliased is a violation
AssertionError: L4 process aliased: []: expected 0 to be greater than 0
 ❯ apps/api/src/architecture.test.ts:163:56
    161|   ])("%s is a violation", (_case, source, message) => {
    162|     const v = planted("transformations", source);
    163|     expect(v.length, `${_case}: ${JSON.stringify(v)}`).toBeGreaterThan…
       |                                                        ^
    164|     expect(v.join("\n")).toMatch(message);
    165|   });

⎯⎯⎯⎯⎯⎯⎯⎯⎯⎯⎯⎯⎯⎯⎯⎯⎯⎯⎯⎯⎯⎯⎯[4/15]⎯

 FAIL  |unit-node| apps/api/src/architecture.test.ts > the checker itself catches planted violations (self-check, incl. F-DG1-109 and F-DG1-117) > L5 process destructured is a violation
AssertionError: L5 process destructured: []: expected 0 to be greater than 0
 ❯ apps/api/src/architecture.test.ts:163:56
    161|   ])("%s is a violation", (_case, source, message) => {
    162|     const v = planted("transformations", source);
    163|     expect(v.length, `${_case}: ${JSON.stringify(v)}`).toBeGreaterThan…
       |                                                        ^
    164|     expect(v.join("\n")).toMatch(message);
    165|   });

⎯⎯⎯⎯⎯⎯⎯⎯⎯⎯⎯⎯⎯⎯⎯⎯⎯⎯⎯⎯⎯⎯⎯[5/15]⎯

 FAIL  |unit-node| apps/api/src/architecture.test.ts > the checker itself catches planted violations (self-check, incl. F-DG1-109 and F-DG1-117) > L6 computed member of globalThis is a violation
AssertionError: L6 computed member of globalThis: []: expected 0 to be greater than 0
 ❯ apps/api/src/architecture.test.ts:163:56
    161|   ])("%s is a violation", (_case, source, message) => {
    162|     const v = planted("transformations", source);
    163|     expect(v.length, `${_case}: ${JSON.stringify(v)}`).toBeGreaterThan…
       |                                                        ^
    164|     expect(v.join("\n")).toMatch(message);
    165|   });

⎯⎯⎯⎯⎯⎯⎯⎯⎯⎯⎯⎯⎯⎯⎯⎯⎯⎯⎯⎯⎯⎯⎯[6/15]⎯

 FAIL  |unit-node| apps/api/src/architecture.test.ts > the checker itself catches planted violations (self-check, incl. F-DG1-109 and F-DG1-117) > L7 globalThis.process is a violation
AssertionError: L7 globalThis.process: []: expected 0 to be greater than 0
 ❯ apps/api/src/architecture.test.ts:163:56
    161|   ])("%s is a violation", (_case, source, message) => {
    162|     const v = planted("transformations", source);
    163|     expect(v.length, `${_case}: ${JSON.stringify(v)}`).toBeGreaterThan…
       |                                                        ^
    164|     expect(v.join("\n")).toMatch(message);
    165|   });

⎯⎯⎯⎯⎯⎯⎯⎯⎯⎯⎯⎯⎯⎯⎯⎯⎯⎯⎯⎯⎯⎯⎯[7/15]⎯

 FAIL  |unit-node| apps/api/src/architecture.test.ts > the checker itself catches planted violations (self-check, incl. F-DG1-109 and F-DG1-117) > M new Function dynamic import is a violation
AssertionError: M new Function dynamic import: []: expected 0 to be greater than 0
 ❯ apps/api/src/architecture.test.ts:163:56
    161|   ])("%s is a violation", (_case, source, message) => {
    162|     const v = planted("transformations", source);
    163|     expect(v.length, `${_case}: ${JSON.stringify(v)}`).toBeGreaterThan…
       |                                                        ^
    164|     expect(v.join("\n")).toMatch(message);
    165|   });

⎯⎯⎯⎯⎯⎯⎯⎯⎯⎯⎯⎯⎯⎯⎯⎯⎯⎯⎯⎯⎯⎯⎯[8/15]⎯

 FAIL  |unit-node| apps/api/src/architecture.test.ts > the checker itself catches planted violations (self-check, incl. F-DG1-109 and F-DG1-117) > M2 Function() call is a violation
AssertionError: M2 Function() call: []: expected 0 to be greater than 0
 ❯ apps/api/src/architecture.test.ts:163:56
    161|   ])("%s is a violation", (_case, source, message) => {
    162|     const v = planted("transformations", source);
    163|     expect(v.length, `${_case}: ${JSON.stringify(v)}`).toBeGreaterThan…
       |                                                        ^
    164|     expect(v.join("\n")).toMatch(message);
    165|   });

⎯⎯⎯⎯⎯⎯⎯⎯⎯⎯⎯⎯⎯⎯⎯⎯⎯⎯⎯⎯⎯⎯⎯[9/15]⎯

 FAIL  |unit-node| apps/api/src/architecture.test.ts > the checker itself catches planted violations (self-check, incl. F-DG1-109 and F-DG1-117) > M3 Function aliased is a violation
AssertionError: M3 Function aliased: []: expected 0 to be greater than 0
 ❯ apps/api/src/architecture.test.ts:163:56
    161|   ])("%s is a violation", (_case, source, message) => {
    162|     const v = planted("transformations", source);
    163|     expect(v.length, `${_case}: ${JSON.stringify(v)}`).toBeGreaterThan…
       |                                                        ^
    164|     expect(v.join("\n")).toMatch(message);
    165|   });

⎯⎯⎯⎯⎯⎯⎯⎯⎯⎯⎯⎯⎯⎯⎯⎯⎯⎯⎯⎯⎯⎯[10/15]⎯

 FAIL  |unit-node| apps/api/src/architecture.test.ts > the checker itself catches planted violations (self-check, incl. F-DG1-109 and F-DG1-117) > M4 globalThis.Function is a violation
AssertionError: M4 globalThis.Function: []: expected 0 to be greater than 0
 ❯ apps/api/src/architecture.test.ts:163:56
    161|   ])("%s is a violation", (_case, source, message) => {
    162|     const v = planted("transformations", source);
    163|     expect(v.length, `${_case}: ${JSON.stringify(v)}`).toBeGreaterThan…
       |                                                        ^
    164|     expect(v.join("\n")).toMatch(message);
    165|   });

⎯⎯⎯⎯⎯⎯⎯⎯⎯⎯⎯⎯⎯⎯⎯⎯⎯⎯⎯⎯⎯⎯[11/15]⎯

 FAIL  |unit-node| apps/api/src/architecture.test.ts > the checker itself catches planted violations (self-check, incl. F-DG1-109 and F-DG1-117) > M5 eval is a violation
AssertionError: M5 eval: []: expected 0 to be greater than 0
 ❯ apps/api/src/architecture.test.ts:163:56
    161|   ])("%s is a violation", (_case, source, message) => {
    162|     const v = planted("transformations", source);
    163|     expect(v.length, `${_case}: ${JSON.stringify(v)}`).toBeGreaterThan…
       |                                                        ^
    164|     expect(v.join("\n")).toMatch(message);
    165|   });

⎯⎯⎯⎯⎯⎯⎯⎯⎯⎯⎯⎯⎯⎯⎯⎯⎯⎯⎯⎯⎯⎯[12/15]⎯

 FAIL  |unit-node| apps/api/src/architecture.test.ts > the checker itself catches planted violations (self-check, incl. F-DG1-109 and F-DG1-117) > M6 AsyncFunction via .constructor is a violation
AssertionError: M6 AsyncFunction via .constructor: []: expected 0 to be greater than 0
 ❯ apps/api/src/architecture.test.ts:163:56
    161|   ])("%s is a violation", (_case, source, message) => {
    162|     const v = planted("transformations", source);
    163|     expect(v.length, `${_case}: ${JSON.stringify(v)}`).toBeGreaterThan…
       |                                                        ^
    164|     expect(v.join("\n")).toMatch(message);
    165|   });

⎯⎯⎯⎯⎯⎯⎯⎯⎯⎯⎯⎯⎯⎯⎯⎯⎯⎯⎯⎯⎯⎯[13/15]⎯

 FAIL  |unit-node| apps/api/src/architecture.test.ts > the checker itself catches planted violations (self-check, incl. F-DG1-109 and F-DG1-117) > M7 ['constructor'] member is a violation
AssertionError: M7 ['constructor'] member: []: expected 0 to be greater than 0
 ❯ apps/api/src/architecture.test.ts:163:56
    161|   ])("%s is a violation", (_case, source, message) => {
    162|     const v = planted("transformations", source);
    163|     expect(v.length, `${_case}: ${JSON.stringify(v)}`).toBeGreaterThan…
       |                                                        ^
    164|     expect(v.join("\n")).toMatch(message);
    165|   });

⎯⎯⎯⎯⎯⎯⎯⎯⎯⎯⎯⎯⎯⎯⎯⎯⎯⎯⎯⎯⎯⎯[14/15]⎯

 FAIL  |unit-node| apps/api/src/architecture.test.ts > the checker itself catches planted violations (self-check, incl. F-DG1-109 and F-DG1-117) > M8 node:vm is a violation
AssertionError: M8 node:vm: []: expected 0 to be greater than 0
 ❯ apps/api/src/architecture.test.ts:163:56
    161|   ])("%s is a violation", (_case, source, message) => {
    162|     const v = planted("transformations", source);
    163|     expect(v.length, `${_case}: ${JSON.stringify(v)}`).toBeGreaterThan…
       |                                                        ^
    164|     expect(v.join("\n")).toMatch(message);
    165|   });

⎯⎯⎯⎯⎯⎯⎯⎯⎯⎯⎯⎯⎯⎯⎯⎯⎯⎯⎯⎯⎯⎯[15/15]⎯


 Test Files  1 failed (1)
      Tests  15 failed | 31 passed (46)
   Start at  09:21:15
   Duration  1.19s (transform 49ms, setup 0ms, collect 540ms, tests 377ms, environment 0ms, prepare 65ms)

