PostgreSQL 16.13 (Ubuntu 16.13-0ubuntu0.24.04.1) on x86_64-pc-linux-gnu, compiled by gcc (Ubuntu 13.3.0-6ubuntu2~24.04.1) 13.3.0, 64-bit

 RUN  v3.2.4 /home/user/mth-wt-be4

[integration] PostgreSQL 16.13 (Ubuntu 16.13-0ubuntu0.24.04.1); database mth_test_mupbqe2r_07e36325; applied 8 migrations to a fresh database
 ✓ |integration| apps/api/test/integration/access-derived-race.test.ts (4 tests) 831ms
 ✓ |integration| packages/db/test/integration/bootstrap.test.ts (5 tests) 718ms
 ✓ |integration| tests/qa/integration/a13-job-idempotency.test.ts (5 tests) 3182ms
   ✓ A13 running worker: a duplicate delivery is a no-op > consumes the event once; an extra job with the same message completes as 'duplicate'  2625ms
 ✓ |integration| apps/api/test/integration/access-scope.test.ts (18 tests) 943ms
 ✓ |integration| apps/worker/test/integration/outbox.test.ts (10 tests) 4726ms
   ✓ worker runtime: end to end, restarts and the dead-letter queue > relays and handles a created transformation, and survives a restart without losing the job  3697ms
   ✓ worker runtime: end to end, restarts and the dead-letter queue > moves a job that keeps failing to ops.failed after the bounded retries  668ms
 ✓ |integration| apps/api/test/integration/oidc.test.ts (19 tests) 761ms
 ✓ |integration| apps/api/test/integration/transformations.test.ts (30 tests) 1000ms
 ✓ |integration| apps/api/test/integration/admin.test.ts (11 tests) 968ms
 ✓ |integration| apps/api/test/integration/contract/contract.test.ts (9 tests) 1026ms
 ✓ |integration| packages/db/test/integration/migrate.test.ts (7 tests) 415ms
 ✓ |integration| tests/qa/integration/a12-cross-scope.test.ts (14 tests) 1004ms
 ✓ |integration| apps/api/test/integration/identity.test.ts (13 tests) 516ms
 ✓ |integration| apps/api/test/integration/organizations.test.ts (10 tests) 777ms
 ✓ |integration| tests/qa/integration/a14-concurrency.test.ts (5 tests) 471ms
 ✓ |integration| apps/worker/test/integration/maintenance.test.ts (2 tests) 318ms
 ✓ |integration| packages/db/test/integration/catalogue.test.ts (9 tests) 53ms
 ✓ |integration| packages/db/test/integration/protection.test.ts (17 tests) 178ms
 ✓ |integration| apps/api/test/integration/platform.test.ts (9 tests) 367ms

 Test Files  18 passed (18)
      Tests  197 passed (197)
   Start at  09:20:41
   Duration  11.87s (transform 865ms, setup 0ms, collect 10.59s, tests 18.25s, environment 3ms, prepare 1.34s)

