
> mobily-transformation-hub@0.1.0 test /home/user/wt/dg4-be-k
> vitest run --project unit-node --project unit-web && vitest run --project unit-formula-nocodegen


 RUN  v3.2.4 /home/user/wt/dg4-be-k

 ✓ |unit-web| src/pages/render-time-language.test.tsx (28 tests) 33879ms
   ✓ sign-in (dev form), 'en' → 'ar' > an invalid user name: the inline message follows the switch  341ms
   ✓ journey step editor, 'en' → 'ar' > a field error on a step follows the switch  4116ms
   ✓ journey step editor, 'en' → 'ar' > the form-level "Step N:" error follows the switch (prefix and message)  2698ms
   ✓ journey step editor, 'ar' → 'en' > a field error on a step follows the switch  2505ms
   ✓ journey step editor, 'ar' → 'en' > the form-level "Step N:" error follows the switch (prefix and message)  1679ms
   ✓ row-action note and reason dialog, 'en' → 'ar' > the Finance validation note's 'required' follows the switch  2698ms
   ✓ row-action note and reason dialog, 'en' → 'ar' > the Finance validation choice's 'required' follows the switch  1227ms
   ✓ row-action note and reason dialog, 'en' → 'ar' > the archive reason's 'too short' follows the switch  1130ms
   ✓ row-action note and reason dialog, 'ar' → 'en' > the Finance validation note's 'required' follows the switch  2312ms
   ✓ row-action note and reason dialog, 'ar' → 'en' > the Finance validation choice's 'required' follows the switch  1968ms
   ✓ row-action note and reason dialog, 'ar' → 'en' > the archive reason's 'too short' follows the switch  1839ms
   ✓ gate dialogs, 'en' → 'ar' > the submission note's field error follows the switch  647ms
   ✓ gate dialogs, 'en' → 'ar' > the decision rationale's field error follows the switch  1125ms
   ✓ gate dialogs, 'ar' → 'en' > the submission note's field error follows the switch  1131ms
   ✓ gate dialogs, 'ar' → 'en' > the decision rationale's field error follows the switch  1055ms
   ✓ North Star statement, 'en' → 'ar' > the statement's field error follows the switch  742ms
   ✓ North Star statement, 'ar' → 'en' > the statement's field error follows the switch  1144ms
   ✓ evidence dialogs, 'en' → 'ar' > upload without a file: 'required' follows the switch  943ms
   ✓ evidence dialogs, 'en' → 'ar' > a link without a record type or record: both 'required' messages follow the switch  1180ms
   ✓ evidence dialogs, 'ar' → 'en' > upload without a file: 'required' follows the switch  1107ms
   ✓ evidence dialogs, 'ar' → 'en' > a link without a record type or record: both 'required' messages follow the switch  1357ms
 ✓ |unit-web| src/pages/p2-blank-forms.test.tsx (52 tests) 54537ms
   ✓ gate submission note (en) > a whitespace-only note is refused inline and nothing is sent  1207ms
   ✓ gate submission note (en) > a invisible-only note is refused inline and nothing is sent  1349ms
   ✓ gate submission note (en) > visible text is sent verbatim; an empty note is omitted  2150ms
   ✓ gate submission note (ar) > a whitespace-only note is refused inline and nothing is sent  911ms
   ✓ gate submission note (ar) > a invisible-only note is refused inline and nothing is sent  868ms
   ✓ gate submission note (ar) > visible text is sent verbatim; an empty note is omitted  806ms
   ✓ gate decision rationale and comments (en) > a whitespace-only rationale is refused inline and nothing is sent  1156ms
   ✓ gate decision rationale and comments (en) > a invisible-only rationale is refused inline and nothing is sent  1639ms
   ✓ gate decision rationale and comments (en) > a invisible (long enough for min 3)-only rationale is refused inline and nothing is sent  1145ms
   ✓ gate decision rationale and comments (en) > a whitespace-only comment is refused inline (focus on it) and nothing is sent  775ms
   ✓ gate decision rationale and comments (en) > a invisible-only comment is refused inline (focus on it) and nothing is sent  910ms
   ✓ gate decision rationale and comments (en) > visible text is sent verbatim; empty comments are omitted; an empty rationale stays 'too short'  1886ms
   ✓ gate decision rationale and comments (en) > a server 400 validation.blank on /rationale lands on the field  783ms
   ✓ gate decision rationale and comments (ar) > a whitespace-only rationale is refused inline and nothing is sent  558ms
   ✓ gate decision rationale and comments (ar) > a invisible-only rationale is refused inline and nothing is sent  867ms
   ✓ gate decision rationale and comments (ar) > a invisible (long enough for min 3)-only rationale is refused inline and nothing is sent  1241ms
   ✓ gate decision rationale and comments (ar) > a whitespace-only comment is refused inline (focus on it) and nothing is sent  1882ms
   ✓ gate decision rationale and comments (ar) > a invisible-only comment is refused inline (focus on it) and nothing is sent  1245ms
   ✓ gate decision rationale and comments (ar) > visible text is sent verbatim; empty comments are omitted; an empty rationale stays 'too short'  1365ms
   ✓ gate decision rationale and comments (ar) > a server 400 validation.blank on /rationale lands on the field  652ms
   ✓ journey step editor (en) > a whitespace-only actor is refused inline (not turned into null) and nothing is sent  855ms
   ✓ journey step editor (en) > a invisible-only actor is refused inline (not turned into null) and nothing is sent  1501ms
   ✓ journey step editor (en) > several blank fields: each gets the message and focus goes to the first (name)  1364ms
   ✓ journey step editor (en) > visible text is sent verbatim; emptied optional text is null; an empty name is required  1671ms
   ✓ journey step editor (ar) > a whitespace-only actor is refused inline (not turned into null) and nothing is sent  1218ms
   ✓ journey step editor (ar) > a invisible-only actor is refused inline (not turned into null) and nothing is sent  1574ms
   ✓ journey step editor (ar) > several blank fields: each gets the message and focus goes to the first (name)  1473ms
   ✓ journey step editor (ar) > visible text is sent verbatim; emptied optional text is null; an empty name is required  1840ms
   ✓ Finance validation note and archive reason (en) > note: a whitespace-only note is refused inline and nothing is sent  1134ms
   ✓ Finance validation note and archive reason (en) > note: a invisible-only note is refused inline and nothing is sent  1246ms
   ✓ Finance validation note and archive reason (en) > note: empty is 'required'; visible text is sent verbatim  920ms
   ✓ Finance validation note and archive reason (en) > reason: a whitespace-only reason is refused inline and nothing is archived  1229ms
   ✓ Finance validation note and archive reason (en) > reason: a invisible-only reason is refused inline and nothing is archived  1111ms
   ✓ Finance validation note and archive reason (en) > reason: a server 400 validation.blank on /reason is the field message, not a generic error  727ms
   ✓ Finance validation note and archive reason (en) > reason: a reason with U+0000 is refused inline with the localized message and nothing is archived  822ms
   ✓ Finance validation note and archive reason (en) > reason: a server 400 validation.invalid_character on /reason is the localized field message  1031ms
   ✓ Finance validation note and archive reason (en) > reason: empty keeps 'too short'; visible text is sent verbatim  1091ms
   ✓ Finance validation note and archive reason (ar) > note: a whitespace-only note is refused inline and nothing is sent  646ms
   ✓ Finance validation note and archive reason (ar) > note: a invisible-only note is refused inline and nothing is sent  1197ms
   ✓ Finance validation note and archive reason (ar) > note: empty is 'required'; visible text is sent verbatim  1174ms
   ✓ Finance validation note and archive reason (ar) > reason: a whitespace-only reason is refused inline and nothing is archived  1096ms
   ✓ Finance validation note and archive reason (ar) > reason: a invisible-only reason is refused inline and nothing is archived  777ms
   ✓ Finance validation note and archive reason (ar) > reason: a server 400 validation.blank on /reason is the field message, not a generic error  516ms
   ✓ Finance validation note and archive reason (ar) > reason: a reason with U+0000 is refused inline with the localized message and nothing is archived  438ms
   ✓ Finance validation note and archive reason (ar) > reason: a server 400 validation.invalid_character on /reason is the localized field message  838ms
   ✓ Finance validation note and archive reason (ar) > reason: empty keeps 'too short'; visible text is sent verbatim  1106ms
   ✓ North Star statement (en) > a whitespace-only statement is refused inline and nothing is sent  527ms
   ✓ North Star statement (en) > a invisible-only statement is refused inline and nothing is sent  495ms
   ✓ North Star statement (ar) > a whitespace-only statement is refused inline and nothing is sent  452ms
   ✓ North Star statement (ar) > a invisible-only statement is refused inline and nothing is sent  657ms
 ✓ |unit-web| src/pages/prioritization/prioritization.test.tsx (20 tests) 17870ms
   ✓ prioritization (en) > ranked table: an incomplete score is 'incomplete' (never a number), 3.30 complete; 0–100 shows 57.5 with its label  2542ms
   ✓ prioritization (en) > scorecard: 6 is refused inline and nothing is sent; 4 is POSTed as the integer; the weighted score is read-only 'incomplete'  2439ms
   ✓ prioritization (en) > weight sets: the live total refuses 95% and 105%; 100% is accepted and POSTed as decimal strings  1143ms
   ✓ prioritization (en) > weight sets: the proposer is never offered approval; another approver's approval is a business approval with If-Match; 403 SoD is translated  1136ms
   ✓ prioritization (en) > weight set approval: a 409 shows the conflict banner and reloads  958ms
   ✓ prioritization (en) > ranking history: causes are translated from codes, including 'weight version 2', score change and the override reason  451ms
   ✓ prioritization (en) > overrides: a reason is required (missing and invisible-only are refused, nothing sent); with a reason it is POSTed  852ms
   ✓ prioritization (en) > the read-only auditor sees the data and no enabled write control  436ms
   ✓ prioritization (en) > never mentions a delivery gate (DG0–DG7)  543ms
   ✓ prioritization (ar) > ranked table: an incomplete score is 'incomplete' (never a number), 3.30 complete; 0–100 shows 57.5 with its label  700ms
   ✓ prioritization (ar) > scorecard: 6 is refused inline and nothing is sent; 4 is POSTed as the integer; the weighted score is read-only 'incomplete'  1852ms
   ✓ prioritization (ar) > weight sets: the live total refuses 95% and 105%; 100% is accepted and POSTed as decimal strings  748ms
   ✓ prioritization (ar) > weight sets: the proposer is never offered approval; another approver's approval is a business approval with If-Match; 403 SoD is translated  1108ms
   ✓ prioritization (ar) > weight set approval: a 409 shows the conflict banner and reloads  583ms
   ✓ prioritization (ar) > ranking history: causes are translated from codes, including 'weight version 2', score change and the override reason  354ms
   ✓ prioritization (ar) > overrides: a reason is required (missing and invisible-only are refused, nothing sent); with a reason it is POSTed  594ms
   ✓ prioritization (ar) > the read-only auditor sees the data and no enabled write control  734ms
   ✓ prioritization (ar) > never mentions a delivery gate (DG0–DG7)  352ms
 ✓ |unit-web| src/pages/p2.test.tsx (56 tests) 60290ms
   ✓ Diagnose > shows the six T01 dimensions with Unknown for missing values, and value pools that are never 0  1419ms
   ✓ Diagnose > shows the totals as Unknown when no pool is quantified  320ms
   ✓ Diagnose > renders the six workstreams with their key questions  875ms
   ✓ Diagnose > edits a T01 row with only the changed fields and If-Match  1958ms
   ✓ Diagnose > a 409 on save writes nothing, compares, and re-applies on the current version  985ms
   ✓ Diagnose > a 400 validation.blank shows a localized message on its field ('en')  2142ms
   ✓ Diagnose > a 400 validation.blank shows a localized message on its field ('ar')  3656ms
   ✓ Diagnose > an invisible-only value is blocked client-side with validation.blank ('en')  3617ms
   ✓ Diagnose > an invisible-only value is blocked client-side with validation.blank ('ar')  3075ms
   ✓ Diagnose > a whitespace-only T01 value is an inline blank error and sends nothing ('en')  1823ms
   ✓ Diagnose > a whitespace-only T01 value is an inline blank error and sends nothing ('ar')  2042ms
   ✓ Diagnose > T01: an emptied field is sent as an explicit null; visible text is sent verbatim  1960ms
   ✓ Diagnose > Arabic: RTL with Arabic labels and the unquantified label  1127ms
   ✓ Define > shows the good outcome test per outcome with pass / fail / unknown and localized reasons  1179ms
   ✓ Define > requires a target date on a T02 row before sending anything  771ms
   ✓ Define > sets the North Star with one sentence and no If-Match the first time  1127ms
   ✓ Define: KPI activation (F-DG2-201) > offers Activate on a draft KPI, states the unmet precondition on 422, then activates with If-Match  1231ms
   ✓ Define: KPI activation (F-DG2-201) > Arabic: the Activate action and the 422 reason are in Arabic  1833ms
   ✓ Define: KPI activation (F-DG2-201) > an active KPI shows Active and offers no Activate  669ms
   ✓ Charter > shows the 14 fields, the thesis, the five scope checks with pre-checks and the top-outcomes warning  756ms
   ✓ Charter > scope pre-check: an empty Out of scope reads as failing (EN and AR)  1525ms
   ✓ Charter > thesis: an empty part is Incomplete and no sentence is composed (F-DG2-203)  453ms
   ✓ Charter > thesis: a part the API flags incomplete is never shown as answered  449ms
   ✓ Charter > thesis: the four parts compose the B0037 sentence (EN and AR)  403ms
   ✓ Charter > North Star (field 5): the current statement; a superseded link is flagged Stale (F-DG2-204)  311ms
   ✓ Charter > North Star (field 5): a superseded statement is never shown as the current one  444ms
   ✓ Charter > compares a version with the previous one  913ms
   ✓ Charter > create: a whitespace Case for change is an inline blank error and creates nothing ('en')  1595ms
   ✓ Charter > create: a whitespace Case for change is an inline blank error and creates nothing ('ar')  419ms
   ✓ Charter > edit: a whitespace Out of scope is an inline blank error, sends nothing and keeps the value (en)  1032ms
   ✓ Charter > edit: a whitespace Out of scope is an inline blank error, sends nothing and keeps the value (ar)  1079ms
   ✓ Charter > edit: emptying a filled field sends null; visible text is verbatim (en)  1472ms
   ✓ Charter > edit: emptying a filled field sends null; visible text is verbatim (ar)  1616ms
   ✓ Charter > edit: a change summary alone is not a change (never a content-free version)  843ms
   ✓ Design > shows the ten canvas boxes and the per-dimension view  1183ms
   ✓ Design > converts an unresolved workshop item into a design decision with If-Match  2807ms
   ✓ Decisions (T04) > creates a design decision with inline options and an idempotency key  601ms
   ✓ Gates (business approval) > lists G1-G6 as business approvals with live readiness, and never mentions the engineering gates  479ms
   ✓ Gates (business approval) > shows unverified evidence as unverified, the failing outcome at G2, and submits with If-Match  434ms
   ✓ Gates (business approval) > lists outcomes failing the good outcome test at G2  557ms
   ✓ Gates (business approval) > the approver's decision: rationale required; 403 and 409 problems in words  2596ms
   ✓ Gates (business approval) > gate list titles: the verbatim B0023 name once, never the code twice (EN and AR)  905ms
   ✓ Gates (business approval) > gate detail heading: the verbatim B0023 name once (EN and AR)  733ms
   ✓ Evidence > uploads a revision as octet-stream with a percent-encoded file name and If-Match  637ms
   ✓ Evidence > never offers review to the creator; a filename reference can only be rejected  682ms
   ✓ read-only auditor (AUD) > diagnose: no write control and a read-only note  649ms
   ✓ read-only auditor (AUD) > charter: no write control and a read-only note  388ms
   ✓ read-only auditor (AUD) > design: no write control and a read-only note  449ms
   ✓ read-only auditor (AUD) > team: no write control and a read-only note  570ms
 ✓ |unit-web| src/pages/roadmap/roadmap.test.tsx (14 tests) 8980ms
   ✓ roadmap (en) > shows the four source waves verbatim (English source also shown in Arabic) with overlapping horizons  911ms
   ✓ roadmap (en) > moving a milestone PATCHes the forecast with If-Match and the timeline, table and board all show the new date from one refetch  800ms
   ✓ roadmap (en) > a 409 on moving a milestone shows the conflict notice and reloads the roadmap  683ms
   ✓ roadmap (en) > re-approving a date requires a reason; then it is POSTed with If-Match  688ms
   ✓ roadmap (en) > deliverable acceptance sends the AcceptanceDecision with If-Match (no 'on behalf of' control)  634ms
   ✓ roadmap (en) > an Unknown schedule flag is shown as Unknown; missing dates are Unknown, never blank  492ms
   ✓ roadmap (en) > the read-only auditor sees no write control  597ms
   ✓ roadmap (ar) > shows the four source waves verbatim (English source also shown in Arabic) with overlapping horizons  931ms
   ✓ roadmap (ar) > moving a milestone PATCHes the forecast with If-Match and the timeline, table and board all show the new date from one refetch  949ms
   ✓ roadmap (ar) > a 409 on moving a milestone shows the conflict notice and reloads the roadmap  736ms
   ✓ roadmap (ar) > re-approving a date requires a reason; then it is POSTed with If-Match  312ms
   ✓ roadmap (ar) > deliverable acceptance sends the AcceptanceDecision with If-Match (no 'on behalf of' control)  701ms
   ✓ roadmap (ar) > the read-only auditor sees no write control  363ms
 ✓ |unit-web| src/pages/gates/g4.test.tsx (16 tests) 11020ms
   ✓ G4 refusal item by item (en) > two initiatives without owners: two separate translated 'Owners' items, never the joined English message  1894ms
   ✓ G4 refusal item by item (en) > without a usable gate view: one translated line per refused criterion, never the English message  1645ms
   ✓ G4 refusal item by item (ar) > two initiatives without owners: two separate translated 'Owners' items, never the joined English message  323ms
   ✓ G4 refusal item by item (ar) > without a usable gate view: one translated line per refused criterion, never the English message  1126ms
   ✓ G4 view (en) > a refused submission shows the 422 list with the initiative names, translated  365ms
   ✓ G4 view (en) > the decision's 403 urn:mth:problem:forbidden is translated  610ms
   ✓ G4 view (en) > the decision's 403 urn:mth:problem:forbidden is translated  439ms
   ✓ G4 view (en) > the decision's 409 urn:mth:problem:version-conflict is translated  400ms
   ✓ G4 view (ar) > a refused submission shows the 422 list with the initiative names, translated  949ms
   ✓ G4 view (ar) > the decision's 403 urn:mth:problem:forbidden is translated  691ms
   ✓ G4 view (ar) > the decision's 403 urn:mth:problem:forbidden is translated  532ms
   ✓ G4 view (ar) > the decision's 409 urn:mth:problem:version-conflict is translated  1704ms
 ✓ |unit-web| src/auth/session-bound.test.tsx (34 tests) 27606ms
   ✓ F-DG2-530/580 no effect of A's action after a further await once the tab is B's (en) > Y1: a create whose post-create GET /me returns B: B is not navigated and never sees A's code or name  2023ms
   ✓ F-DG2-530/580 no effect of A's action after a further await once the tab is B's (en) > Y1c: the same create under one identity still lands on the created record  1244ms
   ✓ F-DG2-530/580 no effect of A's action after a further await once the tab is B's (en) > Y1c (not visible to the creator): the creator still gets 'created, but you cannot open it' with the 201's code  498ms
   ✓ F-DG2-530/580 no effect of A's action after a further await once the tab is B's (en) > an edit whose identity changes between its awaits: B is not navigated to A's record and keeps nothing of A's  694ms
   ✓ F-DG2-530/580 no effect of A's action after a further await once the tab is B's (en) > an organization create whose identity changes between its awaits: B is not navigated to A's new organization  1897ms
   ✓ F-DG2-530/580 no effect of A's action after a further await once the tab is B's (en) > a user create whose identity changes between its awaits: B is not navigated to A's new user  1132ms
   ✓ F-DG2-530/580 no effect of A's action after a further await once the tab is B's (en) > sanity: the organization and user creates under one identity still navigate to the new record  894ms
   ✓ F-DG2-570 the header and the data of ONE identity on in-app navigation (en) > N1: B signed in elsewhere, no focus event: opening A's record asks GET /me first; B's header above B's answer  426ms
   ✓ F-DG2-570 the header and the data of ONE identity on in-app navigation (en) > N2: opening the list: B's header with B's list and B's permissions, never A's header or A's empty-state  1152ms
   ✓ F-DG2-570 the header and the data of ONE identity on in-app navigation (en) > N0 (the reviewer's Y5): B signed in a moment ago, no time passes, no focus event: the next page is B's under B's header  985ms
   ✓ F-DG2-570 the header and the data of ONE identity on in-app navigation (en) > bounded: one GET /me per navigation, shared by the page's burst; other GETs only after the window; same identity kept  485ms
   ✓ F-DG2-570 the header and the data of ONE identity on in-app navigation (en) > writes neither wait for nor trigger the recheck: the save goes out at once with the user's own CSRF token  554ms
   ✓ F-DG2-530/580 no effect of A's action after a further await once the tab is B's (ar) > Y1: a create whose post-create GET /me returns B: B is not navigated and never sees A's code or name  995ms
   ✓ F-DG2-530/580 no effect of A's action after a further await once the tab is B's (ar) > Y1c: the same create under one identity still lands on the created record  1420ms
   ✓ F-DG2-530/580 no effect of A's action after a further await once the tab is B's (ar) > Y1c (not visible to the creator): the creator still gets 'created, but you cannot open it' with the 201's code  305ms
   ✓ F-DG2-530/580 no effect of A's action after a further await once the tab is B's (ar) > an edit whose identity changes between its awaits: B is not navigated to A's record and keeps nothing of A's  578ms
   ✓ F-DG2-530/580 no effect of A's action after a further await once the tab is B's (ar) > an organization create whose identity changes between its awaits: B is not navigated to A's new organization  718ms
   ✓ F-DG2-530/580 no effect of A's action after a further await once the tab is B's (ar) > a user create whose identity changes between its awaits: B is not navigated to A's new user  1039ms
   ✓ F-DG2-530/580 no effect of A's action after a further await once the tab is B's (ar) > sanity: the organization and user creates under one identity still navigate to the new record  820ms
   ✓ F-DG2-530/580 no effect of A's action after a further await once the tab is B's (ar) > sanity: an edit under one identity (a same-identity /me between its awaits) still updates the cache and navigates  544ms
   ✓ F-DG2-570 the header and the data of ONE identity on in-app navigation (ar) > N1: B signed in elsewhere, no focus event: opening A's record asks GET /me first; B's header above B's answer  1995ms
   ✓ F-DG2-570 the header and the data of ONE identity on in-app navigation (ar) > N0 (the reviewer's Y5): B signed in a moment ago, no time passes, no focus event: the next page is B's under B's header  363ms
   ✓ F-DG2-570 the header and the data of ONE identity on in-app navigation (ar) > bounded: one GET /me per navigation, shared by the page's burst; other GETs only after the window; same identity kept  555ms
   ✓ the convention: no raw navigate or cache write in app code (T-DG2-FE15) > the ESLint rule refuses a raw navigate, a raw cache write and a useNavigate import in a page  5155ms
 ✓ |unit-web| src/pages/portfolio/portfolio.test.tsx (32 tests) 30482ms
   ✓ Portfolio (en) > lists code, name, wave, owners and three separate columns: proposed rank, selection and funding  2609ms
   ✓ Portfolio (en) > the proposed rank is Unknown (never 0) when the prioritization view is unavailable  363ms
   ✓ Portfolio (en) > filters by status and wave on the server  1483ms
   ✓ Portfolio (en) > creates a draft at any time: POST /initiatives with the transformation and an Idempotency-Key  1387ms
   ✓ Portfolio (en) > the read-only auditor sees the list with no enabled write control  1130ms
   ✓ Portfolio (en) > outcome hierarchy: five levels, an Unknown target is Unknown (never 0)  812ms
   ✓ Portfolio (ar) > lists code, name, wave, owners and three separate columns: proposed rank, selection and funding  347ms
   ✓ Portfolio (ar) > the proposed rank is Unknown (never 0) when the prioritization view is unavailable  389ms
   ✓ Portfolio (ar) > filters by status and wave on the server  522ms
   ✓ Portfolio (ar) > creates a draft at any time: POST /initiatives with the transformation and an Idempotency-Key  1390ms
   ✓ Portfolio (ar) > the read-only auditor sees the list with no enabled write control  1059ms
   ✓ Portfolio (ar) > outcome hierarchy: five levels, an Unknown target is Unknown (never 0)  447ms
   ✓ Initiative Card (en) > shows all 14 T05 fields in the source order and the 3-7 deliverables warning (a warning, not a block)  1803ms
   ✓ Initiative Card (en) > submit refused: 'Case for change not yet approved (G1)…' is the dialog's one translated alert  881ms
   ✓ Initiative Card (en) > launch refused: 'North Star, outcomes and target state not yet approved', then 'Selected - unfunded…'  1482ms
   ✓ Initiative Card (en) > select is a labelled business approval: rationale required, If-Match, no 'on behalf of' control  1740ms
   ✓ Initiative Card (en) > a 409 shows the conflict banner and reloads  1148ms
   ✓ Initiative Card (en) > a gap link to another TOM record shows 'A project portfolio is not a Target Operating Model…'  1203ms
   ✓ Initiative Card (en) > an outcome contribution needs an outcome; the KPI is optional and labelled so  1575ms
   ✓ Initiative Card (en) > the read-only auditor sees the card with no enabled write control  937ms
   ✓ Initiative Card (ar) > shows all 14 T05 fields in the source order and the 3-7 deliverables warning (a warning, not a block)  776ms
   ✓ Initiative Card (ar) > submit refused: 'Case for change not yet approved (G1)…' is the dialog's one translated alert  509ms
   ✓ Initiative Card (ar) > submit refused: 'Outcome before activity…' (validation at /outcomeContributions) is translated  343ms
   ✓ Initiative Card (ar) > launch refused: 'North Star, outcomes and target state not yet approved', then 'Selected - unfunded…'  926ms
   ✓ Initiative Card (ar) > select is a labelled business approval: rationale required, If-Match, no 'on behalf of' control  1431ms
   ✓ Initiative Card (ar) > a 409 shows the conflict banner and reloads  1141ms
   ✓ Initiative Card (ar) > a gap link to another TOM record shows 'A project portfolio is not a Target Operating Model…'  705ms
   ✓ Initiative Card (ar) > an outcome contribution needs an outcome; the KPI is optional and labelled so  541ms
   ✓ Initiative Card (ar) > the read-only auditor sees the card with no enabled write control  403ms
   ✓ Initiative Card (ar) > a cancelled initiative is read-only even for the lead  497ms
 ✓ |unit-web| src/pages/portfolio/fe-e.test.tsx (18 tests) 16624ms
   ✓ Funding decisions (en) > is a labelled business approval with no 'on behalf of' control; rationale required; POST with an Idempotency-Key  1889ms
   ✓ Funding decisions (en) > the BE-E 422s are the dialog's one translated alert; funding.amount_invalid is also inline at /amount  1163ms
   ✓ Funding decisions (en) > the history shows a missing amount as Unknown (never 0); a re-selected initiative explains the deselect rule  507ms
   ✓ Funding decisions (ar) > is a labelled business approval with no 'on behalf of' control; rationale required; POST with an Idempotency-Key  1239ms
   ✓ Funding decisions (ar) > the BE-E 422s are the dialog's one translated alert; funding.amount_invalid is also inline at /amount  1153ms
   ✓ Funding decisions (ar) > the history shows a missing amount as Unknown (never 0); a re-selected initiative explains the deselect rule  600ms
   ✓ Funding decisions (ar) > an exact decimal amount is shown with its currency; the auditor sees no record control  725ms
   ✓ Deliverables and milestones on the card (en) > creates (Idempotency-Key), edits (If-Match) and archives (reason, If-Match) a deliverable  2156ms
   ✓ Deliverables and milestones on the card (en) > creates a milestone with its wave and forecast, and edits it with If-Match  1098ms
   ✓ Deliverables and milestones on the card (en) > 422 initiative.read_only (a closure raced the edit) is translated as the dialog's one alert  382ms
   ✓ Deliverables and milestones on the card (en) > a cancelled initiative shows deliverables, milestones and funding with no write control  477ms
   ✓ Deliverables and milestones on the card (en) > the card edit form translates initiative.planned_range specifically (RecordDialog namespaces)  1007ms
   ✓ Deliverables and milestones on the card (ar) > creates (Idempotency-Key), edits (If-Match) and archives (reason, If-Match) a deliverable  1287ms
   ✓ Deliverables and milestones on the card (ar) > creates a milestone with its wave and forecast, and edits it with If-Match  1169ms
   ✓ Deliverables and milestones on the card (ar) > 422 initiative.read_only (a closure raced the edit) is translated as the dialog's one alert  664ms
   ✓ Deliverables and milestones on the card (ar) > the card edit form translates initiative.planned_range specifically (RecordDialog namespaces)  551ms
 ✓ |unit-web| src/pages/transformations/transformations.test.tsx (21 tests) 14311ms
   ✓ after create (F-DG1-004) > shows the created record when the server lets the creator read it  2179ms
   ✓ after create (F-DG1-004) > explains, in English, that the draft was created but cannot be opened (server 404), instead of 'Not found'  1178ms
   ✓ after create (F-DG1-004) > explains the same in Arabic (RTL), using the glossary term for Transformation  756ms
   ✓ truly out-of-scope records keep the correct localized message > router state for a different id does not turn a 404 into the created message  316ms
   ✓ audit trail changes (F-DG1-005) > English: field and value labels, not raw keys or enum codes  1860ms
   ✓ audit trail changes (F-DG1-005) > Arabic: the same changes with Arabic labels in the RTL layout  569ms
   ✓ derived creator assignment on the audit trail (F-DG1-008) > an action the catalogue does not know stays readable and is explicitly marked (en and ar)  549ms
   ✓ effective permissions refresh after create (F-DG1-210) > English: Edit, Archive and the audit trail appear after create, without a reload  1406ms
   ✓ effective permissions refresh after create (F-DG1-210) > Arabic (RTL): the same controls and the audit trail appear after create, without a reload  1808ms
   ✓ effective permissions refresh after create (F-DG1-210) > does not over-grant: if the refreshed server answer adds nothing, Archive and the audit trail stay hidden  1162ms
   ✓ effective permissions refresh after create (F-DG1-210) > a failed /me refresh never blocks the navigation; the UI stays fail-safe (no controls offered)  1050ms
 ✓ |unit-web| src/auth/session-generation.test.tsx (26 tests) 18961ms
   ✓ F-DG2-530 a write in flight across an identity change (en) > X3: A's PATCH answered after B's /me is not written into B's cache, not shown, and does not navigate B  2038ms
   ✓ F-DG2-530 a write in flight across an identity change (en) > X3b: the same after a session END here and B's sign-in: A's late answer never lands  1718ms
   ✓ F-DG2-530 a write in flight across an identity change (en) > an archive in flight across an identity change: A's archived record never lands in B's cache  1921ms
   ✓ F-DG2-530 a write in flight across an identity change (en) > an organization save in flight across an identity change: A's change is never stored under B  786ms
   ✓ F-DG2-530 a write in flight across an identity change (en) > a user save in flight across an identity change: A's change is never stored under B  824ms
   ✓ F-DG2-530 a write in flight across an identity change (en) > a same-person new session: the in-flight save is dropped silently, the draft is kept and usable  966ms
   ✓ F-DG2-530 a write in flight across an identity change (en) > a language save retried after a 409 is never written for the identity that replaced A  422ms
   ✓ F-DG2-530 a write in flight across an identity change (en) > sanity: a write in flight that finishes under the SAME identity still updates the cache and navigates  415ms
   ✓ F-DG2-530 X6: refocus and reconnect revalidate GET /me first (en) > after B signs in elsewhere, a refocus within /me's staleTime shows B's header with B's data, never A's  918ms
   ✓ F-DG2-530 X6: refocus and reconnect revalidate GET /me first (en) > the same identity: a refocus refetches /me once, then the stale page queries; nothing when all is fresh  827ms
   ✓ F-DG2-530 X6: refocus and reconnect revalidate GET /me first (en) > a refocus whose /me finds the session ended navigates once to sign-in and refetches no page data  429ms
   ✓ F-DG2-530 a write in flight across an identity change (ar) > X3: A's PATCH answered after B's /me is not written into B's cache, not shown, and does not navigate B  630ms
   ✓ F-DG2-530 a write in flight across an identity change (ar) > X3b: the same after a session END here and B's sign-in: A's late answer never lands  813ms
   ✓ F-DG2-530 a write in flight across an identity change (ar) > an archive in flight across an identity change: A's archived record never lands in B's cache  766ms
   ✓ F-DG2-530 a write in flight across an identity change (ar) > an organization save in flight across an identity change: A's change is never stored under B  1139ms
   ✓ F-DG2-530 a write in flight across an identity change (ar) > a user save in flight across an identity change: A's change is never stored under B  1118ms
   ✓ F-DG2-530 a write in flight across an identity change (ar) > a same-person new session: the in-flight save is dropped silently, the draft is kept and usable  720ms
   ✓ F-DG2-530 a write in flight across an identity change (ar) > a language save retried after a 409 is never written for the identity that replaced A  538ms
   ✓ F-DG2-530 a write in flight across an identity change (ar) > sanity: a write in flight that finishes under the SAME identity still updates the cache and navigates  304ms
   ✓ F-DG2-530 X6: refocus and reconnect revalidate GET /me first (ar) > after B signs in elsewhere, a refocus within /me's staleTime shows B's header with B's data, never A's  892ms
   ✓ F-DG2-530 X6: refocus and reconnect revalidate GET /me first (ar) > the same identity: a refocus refetches /me once, then the stale page queries; nothing when all is fresh  503ms
 ✓ |unit-web| src/auth/session-identity.test.tsx (18 tests) 11144ms
   ✓ F-DG2-500 a session end on the sign-in page (en) > W5: Back to /login after A's session ends, B signs in with the development form: B never sees A's records  2350ms
   ✓ F-DG2-500 a session end on the sign-in page (en) > W5b (OIDC mode): B signs in in another tab and this tab's /me re-probe brings B: B never sees A's records  677ms
   ✓ F-DG2-500 an identity change with no session end in this tab (en) > a refocus /me that returns another identity removes every session query before B renders, and drops A's drafts  863ms
   ✓ F-DG2-500 an identity change with no session end in this tab (en) > a new session of the same person (signed in again elsewhere) refetches the queries but keeps their own draft  593ms
   ✓ F-DG2-500 an identity change with no session end in this tab (en) > the same identity re-probed (window refocus) keeps the cache and the page state  497ms
   ✓ F-DG2-500 sign-out here and 403 (en) > signing out here clears everything; B signing in afterwards never sees A's records  1480ms
   ✓ F-DG2-500 sign-out here and 403 (en) > a 403 is never a session end: the phase, the identity and the cache are kept  312ms
   ✓ F-DG2-500 a session end on the sign-in page (ar) > W5: Back to /login after A's session ends, B signs in with the development form: B never sees A's records  776ms
   ✓ F-DG2-500 a session end on the sign-in page (ar) > W5b (OIDC mode): B signs in in another tab and this tab's /me re-probe brings B: B never sees A's records  723ms
   ✓ F-DG2-500 an identity change with no session end in this tab (ar) > a refocus /me that returns another identity removes every session query before B renders, and drops A's drafts  637ms
   ✓ F-DG2-500 an identity change with no session end in this tab (ar) > a new session of the same person (signed in again elsewhere) refetches the queries but keeps their own draft  935ms
   ✓ F-DG2-500 an identity change with no session end in this tab (ar) > the same identity re-probed (window refocus) keeps the cache and the page state  301ms
   ✓ F-DG2-500 sign-out here and 403 (ar) > signing out here clears everything; B signing in afterwards never sees A's records  815ms
 ✓ |unit-web| src/pages/team/team.test.tsx (10 tests) 12723ms
   ✓ Team (English LTR) > shows the six governance roles with B0018 accountability text verbatim and who holds each  1913ms
   ✓ Team (English LTR) > lists team members with the accountability on each assignment, sortable and filterable  1209ms
   ✓ Team (English LTR) > a Transformation Lead assigns a Workstream Lead: Idempotency-Key, reason, accountability preview  1174ms
   ✓ Team (English LTR) > shows a 403 from the server in words; nothing is assigned  602ms
   ✓ Team: read-only auditor (AUD) > sees the roles, accountabilities and members, a read-only note, and no assign control  467ms
   ✓ Team (Arabic RTL) > shows Arabic role names and the provisional Arabic accountability text  1148ms
   ✓ Team assign dialog: accountability preview follows the selected role (F-DG2-430) > en: WL on open, then KDS, TD, none and WL again, in StrictMode with no React warning  2223ms
   ✓ Team assign dialog: accountability preview follows the selected role (F-DG2-430) > ar: WL on open, then KDS, TD, none and WL again, in StrictMode with no React warning  1379ms
   ✓ Team: the success notice follows a language switch, 'en' → 'ar' > the notice is shown in the language now on screen, not the one it was created in  1466ms
   ✓ Team: the success notice follows a language switch, 'ar' → 'en' > the notice is shown in the language now on screen, not the one it was created in  1133ms
 ✓ |unit-web| src/pages/kpi/kpi.test.tsx (27 tests) 12094ms
   ✓ KPI screens (en) > RAG panel: the seven elements, the threshold version named, and the override beside the calculated RAG  1041ms
   ✓ KPI screens (en) > no actual for the current period: Unknown, grey and labelled, with its reason; never 0 and never green  320ms
   ✓ KPI screens (en) > the status overview shows Unknown KPIs grey and labelled (no zero in the list)  778ms
   ✓ KPI screens (en) > four-step update: submits once, then lists downstream views, 'review pending' and 'Finance review pending'  1166ms
   ✓ KPI screens (en) > a second entry for the same KPI and period is value version 2 of the same slot (If-Match)  990ms
   ✓ KPI screens (en) > a 409 on submit is the form's one alert: nothing was saved, the latest data is loaded  666ms
   ✓ KPI screens (en) > an actual: a submitted value says it is not used until accepted; a draft is labelled not submitted  332ms
   ✓ KPI screens (en) > data quality: an open finding is resolved with a note and If-Match  572ms
   ✓ KPI screens (ar) > RAG panel: the seven elements, the threshold version named, and the override beside the calculated RAG  326ms
   ✓ KPI screens (ar) > no actual for the current period: Unknown, grey and labelled, with its reason; never 0 and never green  436ms
   ✓ KPI screens (ar) > the status overview shows Unknown KPIs grey and labelled (no zero in the list)  557ms
   ✓ KPI screens (ar) > four-step update: submits once, then lists downstream views, 'review pending' and 'Finance review pending'  677ms
   ✓ KPI screens (ar) > a second entry for the same KPI and period is value version 2 of the same slot (If-Match)  539ms
   ✓ KPI screens (ar) > a 409 on submit is the form's one alert: nothing was saved, the latest data is loaded  388ms
   ✓ KPI screens (ar) > no active version: the update explains it and links to the versions (no form)  506ms
   ✓ KPI screens (ar) > review queue: the reviewer accepts with If-Match; the submitter of a value is not offered a decision  613ms
   ✓ KPI screens (ar) > an actual: a submitted value says it is not used until accepted; a draft is labelled not submitted  446ms
   ✓ KPI screens (ar) > read-only viewer (auditor): no write action on the KPI page, labels say business approval  436ms
   ✓ KPI screens (ar) > data quality: an open finding is resolved with a note and If-Match  454ms
 ✓ |unit-web| src/auth/session-end.test.tsx (12 tests) 13830ms
   ✓ session end while the app is open (en) > a 401 on navigation lands once on sign-in with the message; signing in again returns to the page  2812ms
   ✓ session end while the app is open (en) > a 401 on a dialog mutation (the commit-time upload refusal) closes the dialog and lands once on sign-in  1655ms
   ✓ session end while the app is open (en) > a sign-out elsewhere noticed by the next /me probe lands once on sign-in, never on the stale shell  736ms
   ✓ session end while the app is open (en) > a 403 (forbidden) is never treated as a session end  1340ms
   ✓ session end while the app is open (ar) > a 401 on navigation lands once on sign-in with the message; signing in again returns to the page  1816ms
   ✓ session end while the app is open (ar) > a 401 on a dialog mutation (the commit-time upload refusal) closes the dialog and lands once on sign-in  1675ms
   ✓ session end while the app is open (ar) > a sign-out elsewhere noticed by the next /me probe lands once on sign-in, never on the stale shell  538ms
   ✓ session end while the app is open (ar) > a 403 (forbidden) is never treated as a session end  830ms
   ✓ session end under <StrictMode> (as in production) > still lands exactly once on sign-in  1536ms
   ✓ sign-in page and the cached identity > decides 'already signed in' only from a fresh /me, never from a stale cache  430ms
   ✓ sign-in page and the cached identity > signing out here shows 'signed out', not 'session ended', and no /me loop  434ms
 ✓ |unit-web| src/pages/business-cases/business-cases.test.tsx (18 tests) 14105ms
   ✓ business cases (en) > register: levels, Finance baseline states with text (Stale is never green) and drafts  1072ms
   ✓ business cases (en) > detail: all ten sections, totals with gross / cost / net apart, net Unknown (never 0), roll-up by reference  603ms
   ✓ business cases (en) > sections: saves only the changed section with If-Match; blank text is refused inline and nothing is sent  1201ms
   ✓ business cases (en) > sections: a 409 shows the standard conflict panel (nothing saved) with the current values  1011ms
   ✓ business cases (en) > lines: exactly one class from one select; the value basis follows the class; a 422 is translated  541ms
   ✓ business cases (en) > Finance validation: a business approval for FIN who did not author the case; If-Match; translated 403  607ms
   ✓ business cases (en) > Finance validation: the case author sees no validate action, only the separation-of-duties note  379ms
   ✓ business cases (ar) > register: levels, Finance baseline states with text (Stale is never green) and drafts  434ms
   ✓ business cases (ar) > detail: all ten sections, totals with gross / cost / net apart, net Unknown (never 0), roll-up by reference  1182ms
   ✓ business cases (ar) > totals: a partial total says how many Unknown lines it leaves out  322ms
   ✓ business cases (ar) > sections: saves only the changed section with If-Match; blank text is refused inline and nothing is sent  1050ms
   ✓ business cases (ar) > sections: a 409 shows the standard conflict panel (nothing saved) with the current values  857ms
   ✓ business cases (ar) > lines: exactly one class from one select; the value basis follows the class; a 422 is translated  1636ms
   ✓ business cases (ar) > Finance validation: a business approval for FIN who did not author the case; If-Match; translated 403  1217ms
   ✓ business cases (ar) > Finance validation: the case author sees no validate action, only the separation-of-duties note  866ms
   ✓ business cases (ar) > read-only auditor: the ten sections as text, no enabled write control, the read-only note  696ms
 ✓ |unit-web| src/pages/gates/g1-agreements.test.tsx (10 tests) 9561ms
   ✓ G1 agreements step (en) > approving G1 needs the three labelled confirmations; then sends agreements with all three true  2662ms
   ✓ G1 agreements step (en) > a non-approve outcome on G1 sends no agreements (even after ticking them)  750ms
   ✓ G1 agreements step (en) > approving another gate (G2) shows no confirmations and sends no agreements  552ms
   ✓ G1 agreements step (en) > the server's 422 gate.g1_agreements_required is the one form-level alert, with the missing confirmations  693ms
   ✓ G1 agreements step (en) > the server's 422 gate.agreements_not_applicable is translated as the one form-level alert  882ms
   ✓ G1 agreements step (ar) > approving G1 needs the three labelled confirmations; then sends agreements with all three true  1221ms
   ✓ G1 agreements step (ar) > a non-approve outcome on G1 sends no agreements (even after ticking them)  929ms
   ✓ G1 agreements step (ar) > approving another gate (G2) shows no confirmations and sends no agreements  474ms
   ✓ G1 agreements step (ar) > the server's 422 gate.g1_agreements_required is the one form-level alert, with the missing confirmations  856ms
   ✓ G1 agreements step (ar) > the server's 422 gate.agreements_not_applicable is translated as the one form-level alert  538ms
 ✓ |unit-web| src/pages/my-work/my-work.test.tsx (21 tests) 12287ms
   ✓ My Work (en) > renders tasks and reminders from messageKey + messageParams; Unknown due dates; system-managed tasks  1345ms
   ✓ My Work (en) > marks a task done and a reminder read with bodiless POSTs and If-Match  1346ms
   ✓ My Work (en) > an unknown message key renders a neutral text, never the raw key  493ms
   ✓ My Work (ar) > renders tasks and reminders from messageKey + messageParams; Unknown due dates; system-managed tasks  396ms
   ✓ My Work (ar) > marks a task done and a reminder read with bodiless POSTs and If-Match  1367ms
   ✓ Calendar, jobs and groups (en) > calendar: read-only without calendar.configure; the calculator shows Unknown with its reason  577ms
   ✓ Calendar, jobs and groups (en) > calendar: a technical administrator adds a holiday; a range error is caught before sending  1111ms
   ✓ Calendar, jobs and groups (en) > jobs: no permission without job.read; job.configure edits a schedule with If-Match  1768ms
   ✓ Calendar, jobs and groups (ar) > calendar: read-only without calendar.configure; the calculator shows Unknown with its reason  817ms
   ✓ Calendar, jobs and groups (ar) > calendar: a technical administrator adds a holiday; a range error is caught before sending  702ms
   ✓ Calendar, jobs and groups (ar) > jobs: no permission without job.read; job.configure edits a schedule with If-Match  1120ms
   ✓ Calendar, jobs and groups (ar) > groups: membership grants no permission (stated); group.manage creates a group  397ms
 ✓ |unit-web| src/pages/dispensations/dispensations.test.tsx (12 tests) 9279ms
   ✓ Dispensations (en) > lists waivers and inherited approvals; unverified evidence is shown as unverified; recorder cannot decide  1126ms
   ✓ Dispensations (en) > a waiver needs a reason and an expiry: refused inline, nothing sent; then sent with its scope  970ms
   ✓ Dispensations (en) > an inherited approval (Modular) needs the approving body, the date and evidence; 422s are translated  693ms
   ✓ Dispensations (en) > deciding is a labelled business approval; the delegated-decision 422 and the recorder 403 are translated  1003ms
   ✓ Dispensations (en) > revoking an accepted dispensation needs a reason and is a business approval  534ms
   ✓ Dispensations (en) > the read-only auditor sees the register with no enabled write control  818ms
   ✓ Dispensations (ar) > lists waivers and inherited approvals; unverified evidence is shown as unverified; recorder cannot decide  391ms
   ✓ Dispensations (ar) > a waiver needs a reason and an expiry: refused inline, nothing sent; then sent with its scope  511ms
   ✓ Dispensations (ar) > an inherited approval (Modular) needs the approving body, the date and evidence; 422s are translated  558ms
   ✓ Dispensations (ar) > deciding is a labelled business approval; the delegated-decision 422 and the recorder 403 are translated  1400ms
   ✓ Dispensations (ar) > revoking an accepted dispensation needs a reason and is a business approval  682ms
   ✓ Dispensations (ar) > the read-only auditor sees the register with no enabled write control  583ms
 ✓ |unit-web| src/pages/benefit-formulas/benefit-formulas.test.tsx (18 tests) 13071ms
   ✓ T09 benefit formulas (en) > register: the six T09 columns with confidence H/M/L; examples marked illustrative with 100000 and 500000 SAR per year  1675ms
   ✓ T09 benefit formulas (en) > builder: an undefined variable shows translated, with its position, before saving; nothing is sent  829ms
   ✓ T09 benefit formulas (en) > builder: monthly ARPU × annual customers is a period mismatch, translated, before saving  558ms
   ✓ T09 benefit formulas (en) > builder: a fraction is entered as percent and stored as a fraction; a version is saved with If-Match  1777ms
   ✓ T09 benefit formulas (en) > builder: a fraction difference shows percentage points (translated suffix), never %  835ms
   ✓ T09 benefit formulas (en) > builder: a 409 shows the standard conflict panel; nothing was saved  627ms
   ✓ T09 benefit formulas (en) > Finance validation of a version: a business approval by FIN; the author cannot; translated refusal  520ms
   ✓ T09 benefit formulas (ar) > register: the six T09 columns with confidence H/M/L; examples marked illustrative with 100000 and 500000 SAR per year  632ms
   ✓ T09 benefit formulas (ar) > builder: an undefined variable shows translated, with its position, before saving; nothing is sent  610ms
   ✓ T09 benefit formulas (ar) > builder: monthly ARPU × annual customers is a period mismatch, translated, before saving  712ms
   ✓ T09 benefit formulas (ar) > builder: a fraction is entered as percent and stored as a fraction; a version is saved with If-Match  838ms
   ✓ T09 benefit formulas (ar) > builder: a 409 shows the standard conflict panel; nothing was saved  698ms
   ✓ T09 benefit formulas (ar) > Finance validation of a version: a business approval by FIN; the author cannot; translated refusal  1196ms
   ✓ T09 benefit formulas (ar) > Finance validation: the version's author sees the separation-of-duties note and no action  656ms
 ✓ |unit-web| src/pages/roadmap/fe-e.test.tsx (8 tests) 8610ms
   ✓ wave editing (en) > edits planned dates (overlap accepted) with If-Match; the source text is read-only and never sent  2051ms
   ✓ wave editing (en) > 422 roadmap_wave.planned_range is inline at the planned end and translated  1233ms
   ✓ wave editing (en) > adds a non-source wave with its bilingual texts (POST, Idempotency-Key)  1431ms
   ✓ wave editing (en) > the read-only auditor gets no wave control  319ms
   ✓ wave editing (ar) > edits planned dates (overlap accepted) with If-Match; the source text is read-only and never sent  541ms
   ✓ wave editing (ar) > 422 roadmap_wave.planned_range is inline at the planned end and translated  553ms
   ✓ wave editing (ar) > adds a non-source wave with its bilingual texts (POST, Idempotency-Key)  2020ms
   ✓ wave editing (ar) > the read-only auditor gets no wave control  459ms
 ✓ |unit-web| src/pages/raci/governance.test.tsx (15 tests) 9139ms
   ✓ Governance (en) > RACI: edits a row with the cell selects and saves it as one PATCH with If-Match  1486ms
   ✓ Governance (en) > decision rights: seeded rows; the due-date preview shows Unknown with its reason  390ms
   ✓ Governance (en) > decision rights: submits the matrix for business approval with If-Match  563ms
   ✓ Governance (en) > decision rights: a field with an unknown party code is refused before sending  1259ms
   ✓ Governance (ar) > RACI: edits a row with the cell selects and saves it as one PATCH with If-Match  753ms
   ✓ Governance (ar) > role mapping: an unmapped governance role shows the visible routing error  384ms
   ✓ Governance (ar) > decision rights: seeded rows; the due-date preview shows Unknown with its reason  1101ms
   ✓ Governance (ar) > decision rights: submits the matrix for business approval with If-Match  316ms
   ✓ Governance (ar) > decision rights: a field with an unknown party code is refused before sending  1408ms
   ✓ Governance (ar) > Transform readiness lists what is missing and links to the fix  683ms
 ✓ |unit-web| src/pages/dependencies/dependencies.test.tsx (12 tests) 8400ms
   ✓ dependencies (en) > shows the seven T08 columns, an External source, the type label and the needed-by conflict flag  1366ms
   ✓ dependencies (en) > a cycle is refused and shown as the translated message with the path INI-01 → INI-02 → INI-03 → INI-01  1554ms
   ✓ dependencies (en) > an External source is sent as {kind: external, label}  569ms
   ✓ dependencies (en) > dependency types: system types are undeletable; an administrator may retire a custom type  387ms
   ✓ dependencies (en) > the read-only auditor sees the map and no write control  389ms
   ✓ dependencies (ar) > shows the seven T08 columns, an External source, the type label and the needed-by conflict flag  393ms
   ✓ dependencies (ar) > a cycle is refused and shown as the translated message with the path INI-01 → INI-02 → INI-03 → INI-01  890ms
   ✓ dependencies (ar) > an External source is sent as {kind: external, label}  455ms
   ✓ dependencies (ar) > dependency types: system types are undeletable; an administrator may retire a custom type  713ms
   ✓ dependencies (ar) > a system type's 422 dependency_type.system_undeletable is translated  984ms
   ✓ dependencies (ar) > the read-only auditor sees the map and no write control  471ms
 ✓ |unit-web| src/pages/gates/inherited-approval.test.tsx (16 tests) 3254ms
   ✓ inherited-approval annotation (en) > Gates list: G1 pending_verification (counts false) is a badge next to 'Not submitted'  802ms
   ✓ inherited-approval annotation (ar) > gate view: an accepted inherited approval is a labelled row beside the 'Not submitted' status  366ms
   ✓ inherited-approval annotation (ar) > gate view: without an inherited approval there is no row  310ms
 ✓ |unit-web| src/pages/capacity/fe-e.test.tsx (13 tests) 9745ms
   ✓ capacity editing (en) > creates a role; a taken code (409) is the form's translated alert; then the role is created  1611ms
   ✓ capacity editing (en) > edits a role's labels and archives it, each with If-Match  1127ms
   ✓ capacity editing (en) > creates a capacity row with a decimal FTE string; a duplicate (409) is translated  1013ms
   ✓ capacity editing (en) > creates a demand; after the save the plan is re-read and the conflict with its shortfall appears; Unknown stays Unknown  1827ms
   ✓ capacity editing (en) > edits a planned demand with If-Match; 422 resource_demand.not_planned is translated  738ms
   ✓ capacity editing (ar) > creates a role; a taken code (409) is the form's translated alert; then the role is created  356ms
   ✓ capacity editing (ar) > creates a capacity row with a decimal FTE string; a duplicate (409) is translated  468ms
   ✓ capacity editing (ar) > creates a demand; after the save the plan is re-read and the conflict with its shortfall appears; Unknown stays Unknown  1498ms
   ✓ capacity editing (ar) > edits a planned demand with If-Match; 422 resource_demand.not_planned is translated  342ms
 ✓ |unit-web| src/app/p3-seams.test.tsx (10 tests) 5507ms
   ✓ P3 routes > workspace tabs (en) > the workspace tabs include the P3 tabs, labelled from their own namespaces  1131ms
   ✓ P3 routes > workspace tabs (ar) > the workspace tabs include the P3 tabs, labelled from their own namespaces  459ms
   ✓ P3 navigation areas > en /initiatives-roadmaps leads into the Initiatives and Roadmaps tab of each transformation  612ms
   ✓ P3 navigation areas > ar /initiatives-roadmaps leads into the المبادرات وخرائط الطريق tab of each transformation  1855ms
   ✓ P3 navigation areas > en /benefits-finance leads into the Benefits and Finance tab of each transformation  382ms
   ✓ P3 navigation areas > ar /benefits-finance leads into the المنافع والمالية tab of each transformation  1023ms
 ✓ |unit-web| src/app/app.test.tsx (17 tests) 6513ms
   ✓ bilingual shell > switches to English LTR and persists the preference with If-Match  619ms
   ✓ bilingual shell > shows all fourteen areas to an administrator  1019ms
   ✓ bilingual shell > hides Administration from a Workstream Lead, and the admin route shows no-permission  589ms
   ✓ bilingual shell > marks planned areas as planned instead of pretending they work  304ms
   ✓ bilingual shell > a partial area (Governance) leads into the Gates tab of each transformation; its portfolio view stays planned  759ms
   ✓ transformations > lists transformations with a sortable code column and removable filter chips  1252ms
   ✓ transformations > detail shows the workspace header with Unknown for data from later stages  643ms
   ✓ transformations > edit: a 409 writes nothing, shows compare, and re-applies on the current version  448ms
 ✓ |unit-web| src/pages/approvals/approvals.test.tsx (16 tests) 5952ms
   ✓ Approvals (en) > lists my approvals; an Unknown due date shows Unknown with its reason, never a date  616ms
   ✓ Approvals (en) > offers exactly four outcomes; defer needs a date; the decision sends subjectVersion with If-Match  1075ms
   ✓ Approvals (en) > a blank rationale is refused before sending  380ms
   ✓ Approvals (en) > a stale 409 says the record changed, records nothing and links to the history  563ms
   ✓ Approvals (ar) > offers exactly four outcomes; defer needs a date; the decision sends subjectVersion with If-Match  335ms
   ✓ Approvals (ar) > a stale 409 says the record changed, records nothing and links to the history  586ms
   ✓ Delegations (en) > revokes with a reason and If-Match; a read-only user sees no action  327ms
   ✓ Delegations (ar) > revokes with a reason and If-Match; a read-only user sees no action  377ms
 ✓ |unit-web| src/pages/capacity/capacity.test.tsx (6 tests) 2945ms
   ✓ capacity (en) > the role × month grid shows decimal FTE, the conflict with its shortfall, and Unknown capacity as Unknown (never 0)  677ms
   ✓ capacity (en) > committing a demand POSTs with If-Match; a 409 shows the conflict notice and reloads  710ms
   ✓ capacity (en) > the read-only auditor sees the grid and no commit or release control  559ms
   ✓ capacity (ar) > the role × month grid shows decimal FTE, the conflict with its shortfall, and Unknown capacity as Unknown (never 0)  337ms
   ✓ capacity (ar) > committing a demand POSTs with If-Match; a 409 shows the conflict notice and reloads  375ms
 ✓ |unit-web| src/components/LanguageSwitch.test.tsx (10 tests) 6368ms
   ✓ a refused language save, 'en' → other ('403 csrf') > keeps ar on screen and says, in ar, that it was not saved  1250ms
   ✓ a refused language save, 'ar' → other ('403 csrf') > keeps en on screen and says, in en, that it was not saved  710ms
   ✓ a refused language save, 'en' → other ('403 forbidden') > keeps ar on screen and says, in ar, that it was not saved  996ms
   ✓ a refused language save, 'ar' → other ('503') > keeps en on screen and says, in en, that it was not saved  711ms
   ✓ the live region and the persisted preference > switching back clears the notice; the region stays in the DOM, empty  1331ms
   ✓ the live region and the persisted preference > a successful save never flips back to the previous language while the PUT is in flight  379ms
   ✓ the live region and the persisted preference > if the persisted preference changes later and is re-applied, the notice says so in that language  323ms
   ✓ the live region and the persisted preference > ar: the notice is a warning banner below the header, not inside it  404ms
 ✓ |unit-web| src/pages/readiness/readiness.test.tsx (4 tests) 2136ms
   ✓ Readiness (en) > lists the missing diagnostic areas by name, the gates and the translated sequencing blockers  904ms
   ✓ Readiness (en) > an accepted, verified inherited approval counts, and the gate itself still is not approved  440ms
   ✓ Readiness (ar) > lists the missing diagnostic areas by name, the gates and the translated sequencing blockers  445ms
   ✓ Readiness (ar) > an accepted, verified inherited approval counts, and the gate itself still is not approved  328ms
 ✓ |unit-web| src/components/States.test.tsx (15 tests) 1223ms
   ✓ explicit states in en > loading is a polite live region with a text label  513ms
 ✓ |unit-web| src/pages/transformations/modeGuidance.test.tsx (5 tests) 3222ms
   ✓ New transformation: mode guidance (English LTR) > shows When to use and How for the selected mode and switches with the mode  1309ms
   ✓ New transformation: mode guidance (English LTR) > Modular requires an entry phase before anything is sent  664ms
   ✓ New transformation: mode guidance (English LTR) > a server validation error on the entry phase is shown on that field  810ms
   ✓ New transformation: mode guidance (Arabic RTL) > shows the Arabic rendering, marked provisional, with the English source text alongside  432ms
 ✓ |unit-web| src/i18n/i18n.test.ts (11 tests) 164ms
 ✓ |unit-web| src/test/react-warning-guard.test.tsx (4 tests) 137ms
 ✓ |unit-web| src/components/RecordForm.alerts.test.tsx (16 tests) 3671ms
   ✓ record form: one alert per distinct form error (en) > dialog > a 400 whose only field error has pointer "" says its message once, in one live region  1259ms
   ✓ record form: one alert per distinct form error (en) > dialog > a field-pointer error stays on its field; the generic banner is said once  391ms
   ✓ record form: one alert per distinct form error (en) > inline-sections > a 400 whose only field error has pointer "" says its message once, in one live region  341ms
 ✓ |unit-web| src/i18n/glossary.test.ts (8 tests) 125ms
 ✓ |unit-web| src/lib/auditChanges.test.ts (125 tests) 182ms
 ✓ |unit-web| src/styles/styles.test.ts (6 tests) 11ms
 ✓ |unit-web| src/pages/business-cases/problem-codes.test.ts (4 tests) 14ms
 ✓ |unit-web| src/test/harness-config.test.ts (2 tests) 11ms
 ✓ |unit-web| src/lib/lib.test.ts (24 tests) 202ms
 ✓ |unit-node| apps/api/src/modules/kpi/kpi.test.ts (38 tests) 3969ms
   ✓ kpi module (P2) > its declared boundary holds, and a planted bypass or undeclared dependency would be caught  3510ms
 ✓ |unit-node| packages/shared/src/formula/fuzz.test.ts (111 tests) 23322ms
   ✓ fuzz: no uncaught exception, no code execution > 10 000 random byte strings (0–255, up to 80 bytes)  4198ms
   ✓ fuzz: no uncaught exception, no code execution > 10 000 random UTF-16 strings including astral code points and lone surrogates  4099ms
   ✓ fuzz: no uncaught exception, no code execution > 20 000 random strings over the grammar alphabet reach parser, type checker and evaluator  9636ms
   ✓ source scan: no dynamic code in packages/shared/src/formula (ADR-0024 §6) > every file of the engine's import closure gets the engine-source lint rules (eslint.config.js)  3559ms
   ✓ source scan: no dynamic code in packages/shared/src/formula (ADR-0024 §6) > ESLint refuses the round-5 handler forms (G1, G2, A1, A2), F1 and every lintable probe-table row in an engine source  1596ms
 ✓ |unit-node| apps/api/src/architecture.test.ts (137 tests) 26342ms
   ✓ API module boundaries (ADR-0002) > every import respects dependsOn, public surfaces and allowed packages  14773ms
   ✓ package dependency direction (ADR-0002 rule 5) > packages/db imports only @mth/config and @mth/shared  599ms
   ✓ package dependency direction (ADR-0002 rule 5) > packages/shared imports no workspace package  3046ms
   ✓ package dependency direction (ADR-0002 rule 5) > apps/web never imports @mth/db or @mth/config (browser bundle, no secrets)  5814ms
   ✓ package dependency direction (ADR-0002 rule 5) > apps/worker imports no API code  529ms
 ✓ |unit-node| packages/shared/src/kpi/property.test.ts (11 tests) 2609ms
   ✓ changes > pp = (x₁ − x₀) × 100 exactly, and relative × |x₀| = x₁ − x₀ (to precision 80)  439ms
   ✓ trajectory > linear expected values lie between the neighbouring points; step values are point values  435ms
 ✓ |unit-node| apps/api/src/modules/workflows/workflows.test.ts (14 tests) 2821ms
   ✓ workflows module (P2) > its declared boundary holds, and an undeclared dependency would be caught  2630ms
 ✓ |unit-node| apps/api/src/modules/evidence/evidence.test.ts (13 tests) 1123ms
   ✓ evidence module (P2) > its declared boundary holds  875ms
 ✓ |unit-node| packages/shared/src/scoring.test.ts (36 tests) 635ms
   ✓ property: all 5^5 integer score combinations under v1 equal an independent BigInt rational computation > stored value, 2-digit display and 0–100 view all match for 3125 combinations  563ms
 ✓ |unit-node| packages/shared/src/adoption/measures.test.ts (24 tests) 752ms
   ✓ properties (seeded) > never 0 for an empty denominator: Unknown with value null exactly when the denominator is 0  373ms
 ✓ |unit-node| apps/api/src/modules/platform/health.test.ts (2 tests) 308ms
 ✓ |unit-node| packages/shared/src/value.test.ts (29 tests) 192ms
 ✓ |unit-node| apps/api/src/modules/platform/in-flight.test.ts (4 tests) 275ms
 ✓ |unit-node| apps/api/src/modules/platform/incomplete-body.test.ts (10 tests) 199ms
 ✓ |unit-node| apps/api/src/server.test.ts (6 tests) 1976ms
   ✓ route registration > declares access on every /api route and on the health endpoints  644ms
   ✓ route registration > registers dev login only in AUTH_MODE=dev; production configuration refuses dev mode entirely  480ms
   ✓ module composition (D-048, P2) > wires the P2 business modules (each registering routes) and keeps reporting a route-free scaffold until P5  624ms
 ✓ |unit-node| apps/api/src/modules/reporting/reporting.test.ts (4 tests) 336ms
 ✓ |unit-node| apps/api/src/modules/platform/platform.test.ts (19 tests) 689ms
   ✓ invalid characters (U+0000): SQLSTATE mapping and the central request check (F-DG2-231) > a deeply nested body is scanned without recursion (no stack overflow)  633ms
 ✓ |unit-node| packages/shared/src/schemas/schemas.test.ts (69 tests) 274ms
 ✓ |unit-node| packages/shared/src/formula/formula.test.ts (140 tests) 181ms
 ✓ |unit-node| apps/api/src/modules/methodology/methodology.test.ts (4 tests) 553ms
   ✓ methodology module (P2) > its declared boundary holds, and an undeclared dependency would be caught  495ms
 ✓ |unit-node| apps/api/src/modules/platform/media-types.test.ts (57 tests) 620ms
 ✓ |unit-node| apps/api/src/modules/raid/raid.test.ts (7 tests) 50ms
 ✓ |unit-node| apps/api/src/modules/raid/corrective.test.ts (4 tests) 74ms
 ✓ |unit-node| apps/api/src/modules/sustainment/sustainment.test.ts (2 tests) 90ms
 ✓ |unit-node| apps/api/src/modules/admin/branding.test.ts (4 tests) 181ms
 ✓ |unit-node| packages/db/src/seed.test.ts (31 tests) 163ms
 ✓ |unit-node| apps/api/src/modules/platform/connection-hygiene.test.ts (6 tests) 81ms
 ✓ |unit-node| apps/api/src/modules/benefits/benefits.test.ts (2 tests) 87ms
 ✓ |unit-node| packages/shared/src/kpi/a05.test.ts (17 tests) 88ms
 ✓ |unit-node| packages/config/src/load.test.ts (17 tests) 93ms
(node:4122) [FSTDEP022] FastifyWarning: The router options for constraints property access is deprecated. Please use "options.routerOptions" instead for accessing router options. The router options will be removed in `fastify@6`.
(Use `node --trace-warnings ...` to show where the warning was created)
 ✓ |unit-node| apps/api/src/modules/platform/framework-errors.test.ts (6 tests) 208ms
 ✓ |unit-node| packages/shared/src/kpi/purity.test.ts (14 tests) 87ms
 ✓ |unit-node| apps/api/src/modules/kpi/rules.test.ts (30 tests) 87ms
 ✓ |unit-node| apps/api/src/modules/adoption/adoption.test.ts (2 tests) 43ms
 ✓ |unit-node| packages/shared/src/kpi/formula-binding.test.ts (26 tests) 19ms
 ✓ |unit-node| apps/api/src/modules/kpi/formulas.test.ts (10 tests) 24ms
 ✓ |unit-node| apps/api/src/modules/tasks/tasks.test.ts (5 tests) 55ms
 ✓ |unit-node| packages/shared/src/kpi/change.test.ts (22 tests) 49ms
 ✓ |unit-node| apps/api/src/request-encoding.test.ts (11 tests) 451ms
   ✓ the application/json parser > answers 400 validation.json for invalid UTF-8, the same with Content-Length and chunked; the handler never runs  318ms
 ✓ |unit-node| packages/shared/src/kpi/rag.test.ts (38 tests) 22ms
 ✓ |unit-node| apps/api/src/modules/platform/advisory-locks.test.ts (3 tests) 67ms
 ✓ |unit-node| apps/api/src/modules/governance/governance.test.ts (2 tests) 71ms
 ✓ |unit-node| apps/api/src/modules/benefits/totals.test.ts (14 tests) 110ms
 ✓ |unit-node| packages/shared/src/kpi/status.test.ts (25 tests) 12ms
 ✓ |unit-node| packages/shared/src/time/working-days.test.ts (19 tests) 81ms
 ✓ |unit-node| packages/design-tokens/src/tokens.test.ts (15 tests) 38ms
 ✓ |unit-node| packages/shared/src/kpi/types.test.ts (40 tests) 19ms
 ✓ |unit-node| apps/api/src/modules/portfolio/schedule.test.ts (14 tests) 28ms
 ✓ |unit-node| packages/shared/src/kpi/aggregate.test.ts (20 tests) 42ms
 ✓ |unit-node| apps/api/src/modules/platform/db-errors.test.ts (7 tests) 12ms
 ✓ |unit-node| packages/shared/src/schedule/critical-path.test.ts (13 tests) 10ms
 ✓ |unit-node| apps/api/src/modules/platform/db-errors-p4.test.ts (5 tests) 24ms
 ✓ |unit-node| apps/api/src/modules/kpi/kbe-c.test.ts (9 tests) 11ms
 ✓ |unit-node| apps/api/src/modules/benefits/register-rules.test.ts (45 tests) 46ms
 ✓ |unit-node| apps/api/src/modules/workflows/g4.test.ts (5 tests) 13ms
 ✓ |unit-node| apps/api/src/modules/kpi/totals.test.ts (20 tests) 25ms
 ✓ |unit-node| packages/shared/src/schemas/corrective.test.ts (10 tests) 27ms
 ✓ |unit-node| packages/shared/src/schedule/working-day-slip.test.ts (11 tests) 14ms
 ✓ |unit-node| apps/api/src/modules/benefits/d2-rules.test.ts (15 tests) 22ms
 ✓ |unit-node| apps/api/src/modules/kpi/p3-gate-facts.test.ts (9 tests) 29ms
 ✓ |unit-node| apps/api/src/modules/transformations/good-outcome.test.ts (7 tests) 18ms
 ✓ |unit-node| packages/shared/src/governance/recurrence.test.ts (19 tests) 27ms
 ✓ |unit-node| packages/shared/src/schemas/roadmap.test.ts (6 tests) 13ms
 ✓ |unit-node| packages/shared/src/adoption/form-schema.test.ts (8 tests) 18ms
 ✓ |unit-node| apps/api/src/modules/platform/db-errors-p4-meetings.test.ts (4 tests) 13ms
 ✓ |unit-node| apps/api/src/modules/transformations/thesis.test.ts (4 tests) 80ms
 ✓ |unit-node| apps/api/src/modules/access/rules.test.ts (12 tests) 7ms
 ✓ |unit-node| packages/shared/src/kpi/periods.test.ts (26 tests) 13ms
 ✓ |unit-node| packages/shared/src/kpi/measures.test.ts (30 tests) 18ms
 ✓ |unit-node| apps/api/src/modules/portfolio/sequencing.test.ts (9 tests) 24ms
 ✓ |unit-node| packages/shared/src/kpi/trajectory.test.ts (14 tests) 28ms
 ✓ |unit-node| apps/api/src/modules/identity/oidc-claims.test.ts (5 tests) 22ms
 ✓ |unit-node| apps/api/src/modules/platform/request-encoding.test.ts (7 tests) 9ms
 ✓ |unit-node| apps/api/src/modules/portfolio/budget.test.ts (13 tests) 29ms
 ✓ |unit-node| apps/api/src/modules/transformations/exclusions.test.ts (19 tests) 10ms
 ✓ |unit-node| apps/api/src/modules/portfolio/capacity.test.ts (4 tests) 11ms
 ✓ |unit-node| apps/api/src/modules/transformations/transitions.test.ts (2 tests) 7ms
 ✓ |unit-node| apps/api/src/modules/portfolio/readiness-transform.test.ts (4 tests) 11ms
 ✓ |unit-node| apps/api/src/modules/governance/raci.test.ts (2 tests) 3ms
 ✓ |unit-node| apps/api/src/modules/workflows/t08-cycle-problem.test.ts (2 tests) 5ms

 Test Files  120 passed (120)
      Tests  2290 passed (2290)
   Start at  17:13:35
   Duration  333.98s (transform 21.56s, setup 17.49s, collect 274.77s, tests 550.39s, environment 55.95s, prepare 20.09s)


 RUN  v3.2.4 /home/user/wt/dg4-be-k

 ✓ |unit-formula-nocodegen| packages/shared/src/formula/codegen.nocodegen.test.ts (10 tests) 22ms
 ✓ |unit-formula-nocodegen| packages/shared/src/formula/formula.test.ts (140 tests) 187ms
 ✓ |unit-formula-nocodegen| packages/shared/src/formula/fuzz.test.ts (111 tests | 2 skipped) 6616ms
   ✓ fuzz: no uncaught exception, no code execution > 10 000 random byte strings (0–255, up to 80 bytes)  1894ms
   ✓ fuzz: no uncaught exception, no code execution > 10 000 random UTF-16 strings including astral code points and lone surrogates  1443ms
   ✓ fuzz: no uncaught exception, no code execution > 20 000 random strings over the grammar alphabet reach parser, type checker and evaluator  3187ms

 Test Files  3 passed (3)
      Tests  259 passed | 2 skipped (261)
   Start at  17:19:11
   Duration  8.30s (transform 665ms, setup 0ms, collect 1.38s, tests 6.82s, environment 2ms, prepare 522ms)

exit=0
