
==> environment facts
  date (UTC):  2026-10-01T07:16:45Z
  host:        Linux 6.18.44-fc-v50 x86_64; 4 vCPU; 15 GiB RAM
  node:        v22.22.2;  pnpm: 10.33.0
  postgres:    postgres (PostgreSQL) 16.13 (Ubuntu 16.13-0ubuntu0.24.04.1)
  repo HEAD:   868ebb6c44c1b89709234e3db4e8dfd2d7672233  (worktree overlay: 1)
  lockfile:    sha256 f199a0e18472519b24d9eaf840ead45e42192d74187e22b6b03e9e8005708dd5
<== ok (0.32 s)

==> 1. fresh clone of the repository
  overlaid uncommitted files: 13
<== ok (3.13 s)

==> 2. install dependencies from the frozen lockfile (lifecycle scripts disabled; pnpm 10 default)
  pnpm install --frozen-lockfile --store-dir $TMPDIR/s/pstore/v10 --offline
 WARN  Failed to create bin at $TMPDIR/s/cs/src/apps/api/node_modules/.bin/mth-db. ENOENT: no such file or directory, open '$TMPDIR/s/cs/src/apps/api/node_modules/@mth/db/dist/cli.js'
 WARN  Failed to create bin at $TMPDIR/s/cs/src/apps/worker/node_modules/.bin/mth-db. ENOENT: no such file or directory, open '$TMPDIR/s/cs/src/apps/worker/node_modules/@mth/db/dist/cli.js'
Done in 1.5s using pnpm v10.33.0
<== ok (1.64 s)

==> 3. build (pnpm -r build)
  build log: $TMPDIR/s/cs/build.log
<== ok (16.08 s)

==> 4. assemble the image runtime tree (same script as the Dockerfile)
collect-notices: 129 shipped packages, 126 files, 3 without a licence file -> $TMPDIR/s/cs/app/licenses
Scope: all 8 workspace projects
Lockfile is up to date, resolution step is skipped
Packages: -242
--------------------------------------------------------------------------------

devDependencies:
- @apidevtools/swagger-parser 10.1.1
- @axe-core/playwright 4.10.2
- @playwright/test 1.56.1
- @types/node 22.18.0
- eslint 10.1.0
- eslint-plugin-react-hooks 7.1.1
- openapi-types 12.1.3
- prettier 3.8.1
- typescript 6.0.2
- typescript-eslint 8.71.0
- vitest 3.2.4

Done in 978ms using pnpm v10.33.0
runtime workspace packages: apps/api apps/worker packages/config packages/db packages/design-tokens packages/shared
virtual store: 129 package directories, all in the shipped set (129 runtime+bundled)
resolve: @mth/api: 18 dependencies resolve; ./dist/index.js imports
resolve: @mth/worker: 7 dependencies resolve; ./dist/index.js imports
resolve: @mth/config: 2 dependencies resolve; ./dist/index.js imports
resolve: @mth/db: 5 dependencies resolve; ./dist/index.js imports
resolve: @mth/design-tokens: 0 dependencies resolve; ./dist/index.js imports
resolve: @mth/shared: 2 dependencies resolve; ./dist/index.js imports
assemble-runtime: OK 129 packages, 100M -> $TMPDIR/s/cs/app
<== ok (2.47 s)

==> 5. disposable PostgreSQL cluster (password auth on TCP) + roles/database via deploy/compose/db-init
PostgreSQL 16.13 (Ubuntu 16.13-0ubuntu0.24.04.1) on x86_64-pc-linux-gnu, compiled by gcc (Ubuntu 13.3.0-6ubuntu2~24.04.1) 13.3.0, 64-bit
CREATE ROLE
CREATE ROLE
CREATE DATABASE
REVOKE
GRANT
ALTER DATABASE
mth: roles mth_owner, mth_app and database mth created
<== ok (0.82 s)

==> A1. mth db status on the empty database reports pending (exit 3)
pending  0001_identity_access.sql
pending  0002_transformation.sql
pending  0003_audit_event.sql
pending  0004_outbox_jobs.sql
pending  0005_seed_roles_permissions.sql
pending  0006_pgboss_schema_v25.sql
mth-db status: 6 pending
  mth db status: exit 3 (expected 3)
<== ok (0.22 s)

==> A2. mth migrate (fresh database), then again (idempotent)
mth-db migrate: applying 0001_identity_access.sql
mth-db migrate: applying 0002_transformation.sql
mth-db migrate: applying 0003_audit_event.sql
mth-db migrate: applying 0004_outbox_jobs.sql
mth-db migrate: applying 0005_seed_roles_permissions.sql
mth-db migrate: applying 0006_pgboss_schema_v25.sql
mth-db migrate: applied 6 migration(s)
mth-db migrate: database is up to date
applied  0001_identity_access.sql
applied  0002_transformation.sql
applied  0003_audit_event.sql
applied  0004_outbox_jobs.sql
applied  0005_seed_roles_permissions.sql
applied  0006_pgboss_schema_v25.sql
mth-db status: up to date (6 applied)
  mth db status: exit 0 (expected 0)
<== ok (0.71 s)

==> A3. production refusals: seed-dev not in the image; AUTH_MODE=dev refused with NODE_ENV=production
mth: seed-dev is not available in the production image
  mth db seed-dev: exit 64 (expected 64)
Invalid configuration:
  - AUTH_MODE=dev is refused when NODE_ENV=production
  mth api with AUTH_MODE=dev: exit 78 (expected 78)
<== ok (0.39 s)

==> A4. start api + worker (production, OIDC) and wait for readiness
  /healthz: {"status":"ok"}
  /readyz:  {"status":"ready","checks":{"database":"ok","migrations":"ok"}}
<== ok (0.71 s)

==> A5. production surface: SPA served, dev login absent (404), IdP outage -> login redirects with an error, no crash
  GET / -> 200 text/html
  POST /api/v1/auth/dev-login -> 404
  GET /api/v1/auth/login -> 302 http://127.0.0.1:3100/login?error=idp_unavailable
  GET /api/v1/me (no session) -> 401
<== ok (0.07 s)

==> A6. first organization + administrator via mth db bootstrap; a second bootstrap is refused
  "organizationId": "01a0f653-09df-711d-93f7-8ccc2ab9d6b7",
  "adminUserId": "01a0f653-09e0-76a4-9917-918f66fddd84",
  "systemUserId": "01a0f653-09e0-76a4-9917-8cbde5f5928d",
  "assignmentIds": [
    "01a0f653-09eb-739e-a9e2-d5def07b63f8",
    "01a0f653-09ed-7739-a7c2-524fc7ffe6a1"
  ]
}
mth-db: refusing to bootstrap: an organization already exists
  second bootstrap: exit 1 (expected 1)
<== ok (0.62 s)

  phase A api/worker stopped (graceful SIGTERM)

==> B1. second fresh database: migrate, then SYNTHETIC dev users (seed-dev from the source tree; never in the image)
mth-db migrate: applied 6 migration(s)
mth-db seed-dev: seeded SYNTHETIC dev users: dev.admin, dev.office, dev.lead, dev.auditor, dev.nobody
<== ok (0.54 s)

==> B2. start api + worker (AUTH_MODE=dev) from the runtime tree
<== ok (0.70 s)

==> B3. first-case journey (deploy/scripts/smoke.mjs, dev mode)
mth smoke: mode=dev api=http://127.0.0.1:3100 app=http://localhost:3100 run=6B2878FD (all users and data SYNTHETIC)
PASS  GET /healthz returns 200 {status: ok} (35 ms): HTTP 200 {"status":"ok"}
PASS  GET /readyz returns 200 ready (database + migrations) (6 ms): HTTP 200 {"status":"ready","checks":{"database":"ok","migrations":"ok"}}
PASS  technical admin signs in (dev) (76 ms): dev.admin -> user 01920000-0000-7000-9000-000000000201, roles [ADM_ACCESS,ADM_TECH]
PASS  technical admin holds no business role (0 ms)
PASS  admin creates a business unit (201 + ETag) (16 ms): business unit 01a0f653-14a3-741b-a368-f34adac253e3
PASS  transformation-office user signs in (dev) (15 ms): dev.office -> user 01920000-0000-7000-9000-000000000202, roles [TO]
PASS  office creates a transformation (201 + ETag, Idempotency-Key) (21 ms): transformation 01a0f653-14c4-75be-a608-3e95314706e6 code TR-0001
PASS  office reads it back: detail, list and audit trail (29 ms): audit actions [transformation.create]
PASS  technical admin cannot see the business record: list excludes it, detail is 404 (11 ms): list 200 with 0 visible, detail 404
PASS  both users sign out (15 ms)
{"smoke":"PASS","mode":"dev","run":"6B2878FD","steps":10,"passed":10,"totalMs":228,"transformationId":"01a0f653-14c4-75be-a608-3e95314706e6"}
<== ok (0.28 s)

==> B4. the worker relays and consumes transformation.created (outbox published, ledger row written)
outbox | transformation.created | transformation.created:01a0f653-14c4-75be-a608-3e95314706e6 | t
ledger | starter_automation.v1 | transformation.created:01a0f653-14c4-75be-a608-3e95314706e6 | done
<== ok (1.71 s)

==> B5. record counts (database mth_dev)
organization 1
business_unit 4
app_user 6
scoped_assignment 5
transformation 1
audit_event 22
outbox_event 1
processed_message 1
schema_migration 6
<== ok (0.04 s)

CLEAN START: PASS (total 31.5 s; work dir $TMPDIR/s/cs; log $TMPDIR/s/clean-start.log)
