
> mobily-transformation-hub@0.1.0 test /home/user/wt/dg4-fe-g2
> vitest run --project unit-node --project unit-web && vitest run --project unit-formula-nocodegen


 RUN  v3.2.4 /home/user/wt/dg4-fe-g2

 ✓ |unit-web| src/pages/render-time-language.test.tsx (28 tests) 27751ms
   ✓ sign-in (dev form), 'en' → 'ar' > an invalid user name: the inline message follows the switch  508ms
   ✓ journey step editor, 'en' → 'ar' > a field error on a step follows the switch  1258ms
   ✓ journey step editor, 'en' → 'ar' > the form-level "Step N:" error follows the switch (prefix and message)  1407ms
   ✓ journey step editor, 'ar' → 'en' > a field error on a step follows the switch  1898ms
   ✓ journey step editor, 'ar' → 'en' > the form-level "Step N:" error follows the switch (prefix and message)  2013ms
   ✓ row-action note and reason dialog, 'en' → 'ar' > the Finance validation note's 'required' follows the switch  1783ms
   ✓ row-action note and reason dialog, 'en' → 'ar' > the Finance validation choice's 'required' follows the switch  1355ms
   ✓ row-action note and reason dialog, 'en' → 'ar' > the archive reason's 'too short' follows the switch  1317ms
   ✓ row-action note and reason dialog, 'ar' → 'en' > the Finance validation note's 'required' follows the switch  1460ms
   ✓ row-action note and reason dialog, 'ar' → 'en' > the Finance validation choice's 'required' follows the switch  1441ms
   ✓ row-action note and reason dialog, 'ar' → 'en' > the archive reason's 'too short' follows the switch  954ms
   ✓ gate dialogs, 'en' → 'ar' > the submission note's field error follows the switch  1229ms
   ✓ gate dialogs, 'en' → 'ar' > the decision rationale's field error follows the switch  1389ms
   ✓ gate dialogs, 'ar' → 'en' > the submission note's field error follows the switch  888ms
   ✓ gate dialogs, 'ar' → 'en' > the decision rationale's field error follows the switch  776ms
   ✓ North Star statement, 'en' → 'ar' > the statement's field error follows the switch  799ms
   ✓ North Star statement, 'ar' → 'en' > the statement's field error follows the switch  1308ms
   ✓ evidence dialogs, 'en' → 'ar' > upload without a file: 'required' follows the switch  1056ms
   ✓ evidence dialogs, 'en' → 'ar' > a link without a record type or record: both 'required' messages follow the switch  1322ms
   ✓ evidence dialogs, 'ar' → 'en' > upload without a file: 'required' follows the switch  1903ms
   ✓ evidence dialogs, 'ar' → 'en' > a link without a record type or record: both 'required' messages follow the switch  874ms
 ✓ |unit-web| src/pages/p2-blank-forms.test.tsx (52 tests) 46147ms
   ✓ gate submission note (en) > a whitespace-only note is refused inline and nothing is sent  956ms
   ✓ gate submission note (en) > a invisible-only note is refused inline and nothing is sent  698ms
   ✓ gate submission note (en) > visible text is sent verbatim; an empty note is omitted  1245ms
   ✓ gate submission note (ar) > a invisible-only note is refused inline and nothing is sent  718ms
   ✓ gate submission note (ar) > visible text is sent verbatim; an empty note is omitted  986ms
   ✓ gate decision rationale and comments (en) > a whitespace-only rationale is refused inline and nothing is sent  1305ms
   ✓ gate decision rationale and comments (en) > a invisible-only rationale is refused inline and nothing is sent  1078ms
   ✓ gate decision rationale and comments (en) > a invisible (long enough for min 3)-only rationale is refused inline and nothing is sent  1058ms
   ✓ gate decision rationale and comments (en) > a whitespace-only comment is refused inline (focus on it) and nothing is sent  833ms
   ✓ gate decision rationale and comments (en) > a invisible-only comment is refused inline (focus on it) and nothing is sent  1375ms
   ✓ gate decision rationale and comments (en) > visible text is sent verbatim; empty comments are omitted; an empty rationale stays 'too short'  939ms
   ✓ gate decision rationale and comments (en) > a server 400 validation.blank on /rationale lands on the field  929ms
   ✓ gate decision rationale and comments (ar) > a whitespace-only rationale is refused inline and nothing is sent  859ms
   ✓ gate decision rationale and comments (ar) > a invisible-only rationale is refused inline and nothing is sent  364ms
   ✓ gate decision rationale and comments (ar) > a invisible (long enough for min 3)-only rationale is refused inline and nothing is sent  558ms
   ✓ gate decision rationale and comments (ar) > a whitespace-only comment is refused inline (focus on it) and nothing is sent  1098ms
   ✓ gate decision rationale and comments (ar) > a invisible-only comment is refused inline (focus on it) and nothing is sent  782ms
   ✓ gate decision rationale and comments (ar) > visible text is sent verbatim; empty comments are omitted; an empty rationale stays 'too short'  1613ms
   ✓ gate decision rationale and comments (ar) > a server 400 validation.blank on /rationale lands on the field  1318ms
   ✓ journey step editor (en) > a whitespace-only actor is refused inline (not turned into null) and nothing is sent  1437ms
   ✓ journey step editor (en) > a invisible-only actor is refused inline (not turned into null) and nothing is sent  1081ms
   ✓ journey step editor (en) > several blank fields: each gets the message and focus goes to the first (name)  538ms
   ✓ journey step editor (en) > visible text is sent verbatim; emptied optional text is null; an empty name is required  1192ms
   ✓ journey step editor (ar) > a whitespace-only actor is refused inline (not turned into null) and nothing is sent  890ms
   ✓ journey step editor (ar) > a invisible-only actor is refused inline (not turned into null) and nothing is sent  823ms
   ✓ journey step editor (ar) > several blank fields: each gets the message and focus goes to the first (name)  571ms
   ✓ journey step editor (ar) > visible text is sent verbatim; emptied optional text is null; an empty name is required  1772ms
   ✓ Finance validation note and archive reason (en) > note: a whitespace-only note is refused inline and nothing is sent  972ms
   ✓ Finance validation note and archive reason (en) > note: a invisible-only note is refused inline and nothing is sent  1319ms
   ✓ Finance validation note and archive reason (en) > note: empty is 'required'; visible text is sent verbatim  1417ms
   ✓ Finance validation note and archive reason (en) > reason: a whitespace-only reason is refused inline and nothing is archived  983ms
   ✓ Finance validation note and archive reason (en) > reason: a invisible-only reason is refused inline and nothing is archived  1158ms
   ✓ Finance validation note and archive reason (en) > reason: a server 400 validation.blank on /reason is the field message, not a generic error  812ms
   ✓ Finance validation note and archive reason (en) > reason: a reason with U+0000 is refused inline with the localized message and nothing is archived  399ms
   ✓ Finance validation note and archive reason (en) > reason: a server 400 validation.invalid_character on /reason is the localized field message  918ms
   ✓ Finance validation note and archive reason (en) > reason: empty keeps 'too short'; visible text is sent verbatim  641ms
   ✓ Finance validation note and archive reason (ar) > note: a whitespace-only note is refused inline and nothing is sent  1003ms
   ✓ Finance validation note and archive reason (ar) > note: a invisible-only note is refused inline and nothing is sent  860ms
   ✓ Finance validation note and archive reason (ar) > note: empty is 'required'; visible text is sent verbatim  1373ms
   ✓ Finance validation note and archive reason (ar) > reason: a whitespace-only reason is refused inline and nothing is archived  1152ms
   ✓ Finance validation note and archive reason (ar) > reason: a invisible-only reason is refused inline and nothing is archived  722ms
   ✓ Finance validation note and archive reason (ar) > reason: a server 400 validation.blank on /reason is the field message, not a generic error  800ms
   ✓ Finance validation note and archive reason (ar) > reason: a reason with U+0000 is refused inline with the localized message and nothing is archived  706ms
   ✓ Finance validation note and archive reason (ar) > reason: a server 400 validation.invalid_character on /reason is the localized field message  598ms
   ✓ Finance validation note and archive reason (ar) > reason: empty keeps 'too short'; visible text is sent verbatim  714ms
   ✓ North Star statement (en) > a whitespace-only statement is refused inline and nothing is sent  812ms
   ✓ North Star statement (ar) > a whitespace-only statement is refused inline and nothing is sent  326ms
   ✓ North Star statement (ar) > a invisible-only statement is refused inline and nothing is sent  501ms
 ✓ |unit-web| src/pages/p2.test.tsx (56 tests) 46544ms
   ✓ Diagnose > shows the six T01 dimensions with Unknown for missing values, and value pools that are never 0  1362ms
   ✓ Diagnose > shows the totals as Unknown when no pool is quantified  531ms
   ✓ Diagnose > renders the six workstreams with their key questions  982ms
   ✓ Diagnose > edits a T01 row with only the changed fields and If-Match  1101ms
   ✓ Diagnose > a 409 on save writes nothing, compares, and re-applies on the current version  2358ms
   ✓ Diagnose > a 400 validation.blank shows a localized message on its field ('en')  2159ms
   ✓ Diagnose > a 400 validation.blank shows a localized message on its field ('ar')  1985ms
   ✓ Diagnose > an invisible-only value is blocked client-side with validation.blank ('en')  1656ms
   ✓ Diagnose > an invisible-only value is blocked client-side with validation.blank ('ar')  1493ms
   ✓ Diagnose > a whitespace-only T01 value is an inline blank error and sends nothing ('en')  1899ms
   ✓ Diagnose > a whitespace-only T01 value is an inline blank error and sends nothing ('ar')  1758ms
   ✓ Diagnose > T01: an emptied field is sent as an explicit null; visible text is sent verbatim  2780ms
   ✓ Diagnose > Arabic: RTL with Arabic labels and the unquantified label  332ms
   ✓ Define > requires a target date on a T02 row before sending anything  478ms
   ✓ Define > sets the North Star with one sentence and no If-Match the first time  917ms
   ✓ Define: KPI activation (F-DG2-201) > offers Activate on a draft KPI, states the unmet precondition on 422, then activates with If-Match  688ms
   ✓ Define: KPI activation (F-DG2-201) > Arabic: the Activate action and the 422 reason are in Arabic  1278ms
   ✓ Define: KPI activation (F-DG2-201) > an active KPI shows Active and offers no Activate  323ms
   ✓ Charter > shows the 14 fields, the thesis, the five scope checks with pre-checks and the top-outcomes warning  834ms
   ✓ Charter > scope pre-check: an empty Out of scope reads as failing (EN and AR)  1414ms
   ✓ Charter > thesis: an empty part is Incomplete and no sentence is composed (F-DG2-203)  430ms
   ✓ Charter > thesis: the four parts compose the B0037 sentence (EN and AR)  592ms
   ✓ Charter > North Star (field 5): the current statement; a superseded link is flagged Stale (F-DG2-204)  337ms
   ✓ Charter > North Star (field 5): a superseded statement is never shown as the current one  334ms
   ✓ Charter > compares a version with the previous one  411ms
   ✓ Charter > create: a whitespace Case for change is an inline blank error and creates nothing ('en')  499ms
   ✓ Charter > create: a whitespace Case for change is an inline blank error and creates nothing ('ar')  798ms
   ✓ Charter > edit: a whitespace Out of scope is an inline blank error, sends nothing and keeps the value (en)  781ms
   ✓ Charter > edit: a whitespace Out of scope is an inline blank error, sends nothing and keeps the value (ar)  1274ms
   ✓ Charter > edit: emptying a filled field sends null; visible text is verbatim (en)  1301ms
   ✓ Charter > edit: emptying a filled field sends null; visible text is verbatim (ar)  675ms
   ✓ Charter > edit: a change summary alone is not a change (never a content-free version)  781ms
   ✓ Design > shows the ten canvas boxes and the per-dimension view  1333ms
   ✓ Design > converts an unresolved workshop item into a design decision with If-Match  2581ms
   ✓ Decisions (T04) > creates a design decision with inline options and an idempotency key  647ms
   ✓ Gates (business approval) > lists G1-G6 as business approvals with live readiness, and never mentions the engineering gates  519ms
   ✓ Gates (business approval) > shows unverified evidence as unverified, the failing outcome at G2, and submits with If-Match  604ms
   ✓ Gates (business approval) > the approver's decision: rationale required; 403 and 409 problems in words  1112ms
   ✓ Gates (business approval) > gate detail heading: the verbatim B0023 name once (EN and AR)  371ms
   ✓ Evidence > uploads a revision as octet-stream with a percent-encoded file name and If-Match  851ms
   ✓ Evidence > never offers review to the creator; a filename reference can only be rejected  545ms
   ✓ read-only auditor (AUD) > diagnose: no write control and a read-only note  331ms
   ✓ read-only auditor (AUD) > charter: no write control and a read-only note  354ms
   ✓ read-only auditor (AUD) > decisions: no write control and a read-only note  435ms
 ✓ |unit-web| src/pages/portfolio/portfolio.test.tsx (32 tests) 17333ms
   ✓ Portfolio (en) > lists code, name, wave, owners and three separate columns: proposed rank, selection and funding  1344ms
   ✓ Portfolio (en) > the proposed rank is Unknown (never 0) when the prioritization view is unavailable  515ms
   ✓ Portfolio (en) > filters by status and wave on the server  958ms
   ✓ Portfolio (en) > creates a draft at any time: POST /initiatives with the transformation and an Idempotency-Key  621ms
   ✓ Portfolio (en) > the read-only auditor sees the list with no enabled write control  367ms
   ✓ Portfolio (ar) > lists code, name, wave, owners and three separate columns: proposed rank, selection and funding  714ms
   ✓ Portfolio (ar) > the proposed rank is Unknown (never 0) when the prioritization view is unavailable  568ms
   ✓ Portfolio (ar) > filters by status and wave on the server  406ms
   ✓ Portfolio (ar) > creates a draft at any time: POST /initiatives with the transformation and an Idempotency-Key  801ms
   ✓ Portfolio (ar) > the read-only auditor sees the list with no enabled write control  630ms
   ✓ Portfolio (ar) > outcome hierarchy: five levels, an Unknown target is Unknown (never 0)  401ms
   ✓ Initiative Card (en) > shows all 14 T05 fields in the source order and the 3-7 deliverables warning (a warning, not a block)  567ms
   ✓ Initiative Card (en) > submit refused: 'Case for change not yet approved (G1)…' is the dialog's one translated alert  375ms
   ✓ Initiative Card (en) > submit refused: 'Outcome before activity…' (validation at /outcomeContributions) is translated  640ms
   ✓ Initiative Card (en) > launch refused: 'North Star, outcomes and target state not yet approved', then 'Selected - unfunded…'  601ms
   ✓ Initiative Card (en) > select is a labelled business approval: rationale required, If-Match, no 'on behalf of' control  646ms
   ✓ Initiative Card (en) > a 409 shows the conflict banner and reloads  397ms
   ✓ Initiative Card (en) > a gap link to another TOM record shows 'A project portfolio is not a Target Operating Model…'  593ms
   ✓ Initiative Card (en) > an outcome contribution needs an outcome; the KPI is optional and labelled so  738ms
   ✓ Initiative Card (en) > the read-only auditor sees the card with no enabled write control  442ms
   ✓ Initiative Card (en) > a cancelled initiative is read-only even for the lead  310ms
   ✓ Initiative Card (ar) > shows all 14 T05 fields in the source order and the 3-7 deliverables warning (a warning, not a block)  871ms
   ✓ Initiative Card (ar) > submit refused: 'Case for change not yet approved (G1)…' is the dialog's one translated alert  468ms
   ✓ Initiative Card (ar) > submit refused: 'Outcome before activity…' (validation at /outcomeContributions) is translated  761ms
   ✓ Initiative Card (ar) > launch refused: 'North Star, outcomes and target state not yet approved', then 'Selected - unfunded…'  416ms
   ✓ Initiative Card (ar) > select is a labelled business approval: rationale required, If-Match, no 'on behalf of' control  360ms
   ✓ Initiative Card (ar) > a 409 shows the conflict banner and reloads  321ms
   ✓ Initiative Card (ar) > an outcome contribution needs an outcome; the KPI is optional and labelled so  454ms
 ✓ |unit-web| src/pages/transformations/transformations.test.tsx (21 tests) 11925ms
   ✓ after create (F-DG1-004) > shows the created record when the server lets the creator read it  1580ms
   ✓ after create (F-DG1-004) > explains, in English, that the draft was created but cannot be opened (server 404), instead of 'Not found'  921ms
   ✓ after create (F-DG1-004) > explains the same in Arabic (RTL), using the glossary term for Transformation  436ms
   ✓ after create (F-DG1-004) > treats a 403 for the just-created record the same way  412ms
   ✓ audit trail changes (F-DG1-005) > English: field and value labels, not raw keys or enum codes  309ms
   ✓ effective permissions refresh after create (F-DG1-210) > English: Edit, Archive and the audit trail appear after create, without a reload  1885ms
   ✓ effective permissions refresh after create (F-DG1-210) > Arabic (RTL): the same controls and the audit trail appear after create, without a reload  2820ms
   ✓ effective permissions refresh after create (F-DG1-210) > does not over-grant: if the refreshed server answer adds nothing, Archive and the audit trail stay hidden  1329ms
   ✓ effective permissions refresh after create (F-DG1-210) > a failed /me refresh never blocks the navigation; the UI stays fail-safe (no controls offered)  556ms
 ✓ |unit-web| src/pages/traceability/traceability.test.tsx (32 tests) 14697ms
   ✓ Traceability (en) > graph: clickable nodes, orphan flags, allocation totals, unseen links counted; orphan report  913ms
   ✓ Traceability (en) > impact of a KPI definition: affected benefit (value affected), dashboards and areas, hidden count  416ms
   ✓ Traceability (en) > allocation set: 100 % total, 0 % unallocated; a 110 % share is refused with the translated message  1056ms
   ✓ Traceability (en) > creates a trace link with its statement and a decimal share  865ms
   ✓ Traceability (en) > read-only users get no write control  395ms
   ✓ Traceability (ar) > graph: clickable nodes, orphan flags, allocation totals, unseen links counted; orphan report  327ms
   ✓ Traceability (ar) > allocation set: 100 % total, 0 % unallocated; a 110 % share is refused with the translated message  653ms
   ✓ Traceability (ar) > creates a trace link with its statement and a decimal share  369ms
   ✓ Traceability (ar) > read-only users get no write control  350ms
   ✓ Modular entry (en) > missing links with the waiver in force; G2 Inherited, never Approved; inherited records labelled  465ms
   ✓ Modular entry (en) > records an inherited evidence item and withdraws one with If-Match  651ms
   ✓ Modular entry (ar) > missing links with the waiver in force; G2 Inherited, never Approved; inherited records labelled  1081ms
   ✓ Modular entry (ar) > records an inherited evidence item and withdraws one with If-Match  571ms
   ✓ Portfolios and workstreams (en) > workstreams list WS-nn codes; assigning an initiative twice shows the translated refusal  1024ms
   ✓ Portfolios and workstreams (ar) > workstreams list WS-nn codes; assigning an initiative twice shows the translated refusal  1546ms
   ✓ Portfolios and workstreams (ar) > portfolio: placing a transformation already in a portfolio shows the translated refusal  367ms
   ✓ RAG policy and transformation chip (en) > first save of the default policy sends If-Match "0"; a stale save says nothing was saved  309ms
   ✓ RAG policy and transformation chip (en) > the transformation chip is repeatable, offers readable transformations and sends each id  775ms
   ✓ RAG policy and transformation chip (ar) > first save of the default policy sends If-Match "0"; a stale save says nothing was saved  469ms
   ✓ RAG policy and transformation chip (ar) > an invalid ratio is caught before sending; a threshold-order refusal is translated  396ms
   ✓ RAG policy and transformation chip (ar) > is read-only without dashboard.configure  327ms
 ✓ |unit-web| src/auth/session-bound.test.tsx (34 tests) 17850ms
   ✓ F-DG2-530/580 no effect of A's action after a further await once the tab is B's (en) > Y1: a create whose post-create GET /me returns B: B is not navigated and never sees A's code or name  1217ms
   ✓ F-DG2-530/580 no effect of A's action after a further await once the tab is B's (en) > Y1c: the same create under one identity still lands on the created record  696ms
   ✓ F-DG2-530/580 no effect of A's action after a further await once the tab is B's (en) > an edit whose identity changes between its awaits: B is not navigated to A's record and keeps nothing of A's  582ms
   ✓ F-DG2-530/580 no effect of A's action after a further await once the tab is B's (en) > an organization create whose identity changes between its awaits: B is not navigated to A's new organization  568ms
   ✓ F-DG2-530/580 no effect of A's action after a further await once the tab is B's (en) > a user create whose identity changes between its awaits: B is not navigated to A's new user  808ms
   ✓ F-DG2-530/580 no effect of A's action after a further await once the tab is B's (en) > sanity: the organization and user creates under one identity still navigate to the new record  1379ms
   ✓ F-DG2-530/580 no effect of A's action after a further await once the tab is B's (en) > sanity: an edit under one identity (a same-identity /me between its awaits) still updates the cache and navigates  319ms
   ✓ F-DG2-570 the header and the data of ONE identity on in-app navigation (en) > N1: B signed in elsewhere, no focus event: opening A's record asks GET /me first; B's header above B's answer  328ms
   ✓ F-DG2-570 the header and the data of ONE identity on in-app navigation (en) > bounded: one GET /me per navigation, shared by the page's burst; other GETs only after the window; same identity kept  370ms
   ✓ F-DG2-530/580 no effect of A's action after a further await once the tab is B's (ar) > Y1: a create whose post-create GET /me returns B: B is not navigated and never sees A's code or name  687ms
   ✓ F-DG2-530/580 no effect of A's action after a further await once the tab is B's (ar) > Y1c: the same create under one identity still lands on the created record  531ms
   ✓ F-DG2-530/580 no effect of A's action after a further await once the tab is B's (ar) > an edit whose identity changes between its awaits: B is not navigated to A's record and keeps nothing of A's  492ms
   ✓ F-DG2-530/580 no effect of A's action after a further await once the tab is B's (ar) > an organization create whose identity changes between its awaits: B is not navigated to A's new organization  856ms
   ✓ F-DG2-530/580 no effect of A's action after a further await once the tab is B's (ar) > a user create whose identity changes between its awaits: B is not navigated to A's new user  1258ms
   ✓ F-DG2-530/580 no effect of A's action after a further await once the tab is B's (ar) > sanity: the organization and user creates under one identity still navigate to the new record  1084ms
   ✓ F-DG2-570 the header and the data of ONE identity on in-app navigation (ar) > N0 (the reviewer's Y5): B signed in a moment ago, no time passes, no focus event: the next page is B's under B's header  561ms
   ✓ F-DG2-570 the header and the data of ONE identity on in-app navigation (ar) > bounded: one GET /me per navigation, shared by the page's burst; other GETs only after the window; same identity kept  739ms
   ✓ the convention: no raw navigate or cache write in app code (T-DG2-FE15) > the ESLint rule refuses a raw navigate, a raw cache write and a useNavigate import in a page  2813ms
 ✓ |unit-web| src/pages/benefits/benefits.test.tsx (29 tests) 17840ms
   ✓ benefits screens (en) > T14 register: ten columns; Value (SAR) n/a and Unknown never 0; Realized kept apart with pending labelled  1910ms
   ✓ benefits screens (en) > totals: per class and state, pending overlap apart, cost and net Unknown (never 0), non-financial counted apart  1180ms
   ✓ benefits screens (en) > lifecycle: six steps with question and output, missing outputs listed, only the allowed next step offered  549ms
   ✓ benefits screens (en) > allocations: percent and unallocated share; the replace sends fractions with If-Match  743ms
   ✓ benefits screens (en) > allocations above 100 %: the preview warns and the server's 422 is translated in the one form alert  957ms
   ✓ benefits screens (en) > measurements: a validated value offers no edit; the 409 validated_immutable is translated  879ms
   ✓ benefits screens (en) > Finance decision: the content_incomplete 422 and a Business Owner's 403 are translated  410ms
   ✓ benefits screens (en) > read-only (auditor): Finance item without decide, register without create  1501ms
   ✓ benefits screens (ar) > T14 register: ten columns; Value (SAR) n/a and Unknown never 0; Realized kept apart with pending labelled  930ms
   ✓ benefits screens (ar) > totals: per class and state, pending overlap apart, cost and net Unknown (never 0), non-financial counted apart  1244ms
   ✓ benefits screens (ar) > lifecycle: six steps with question and output, missing outputs listed, only the allowed next step offered  401ms
   ✓ benefits screens (ar) > allocations: percent and unallocated share; the replace sends fractions with If-Match  1233ms
   ✓ benefits screens (ar) > allocations above 100 %: the preview warns and the server's 422 is translated in the one form alert  378ms
   ✓ benefits screens (ar) > measurements: a validated value offers no edit; the 409 validated_immutable is translated  510ms
   ✓ benefits screens (ar) > Finance decision: six items, the decision body with If-Match; labelled Finance validation, never DG0-DG7  547ms
   ✓ benefits screens (ar) > Finance decision: a missing item is left to the server, whose 422 names the six items; the submitter is never offered a decision  948ms
   ✓ benefits screens (ar) > Finance decision: the content_incomplete 422 and a Business Owner's 403 are translated  966ms
   ✓ benefits screens (ar) > read-only (auditor): Finance item without decide, register without create  1023ms
 ✓ |unit-web| src/pages/prioritization/prioritization.test.tsx (20 tests) 20842ms
   ✓ prioritization (en) > ranked table: an incomplete score is 'incomplete' (never a number), 3.30 complete; 0–100 shows 57.5 with its label  1845ms
   ✓ prioritization (en) > scorecard: 6 is refused inline and nothing is sent; 4 is POSTed as the integer; the weighted score is read-only 'incomplete'  1932ms
   ✓ prioritization (en) > weight sets: the live total refuses 95% and 105%; 100% is accepted and POSTed as decimal strings  896ms
   ✓ prioritization (en) > weight sets: the proposer is never offered approval; another approver's approval is a business approval with If-Match; 403 SoD is translated  1680ms
   ✓ prioritization (en) > weight set approval: a 409 shows the conflict banner and reloads  596ms
   ✓ prioritization (en) > ranking history: causes are translated from codes, including 'weight version 2', score change and the override reason  510ms
   ✓ prioritization (en) > overrides: a reason is required (missing and invisible-only are refused, nothing sent); with a reason it is POSTed  840ms
   ✓ prioritization (en) > the read-only auditor sees the data and no enabled write control  993ms
   ✓ prioritization (en) > a portfolio above 500 eligible initiatives is the translated 422 state, not an empty table  368ms
   ✓ prioritization (en) > never mentions a delivery gate (DG0–DG7)  620ms
   ✓ prioritization (ar) > ranked table: an incomplete score is 'incomplete' (never a number), 3.30 complete; 0–100 shows 57.5 with its label  1482ms
   ✓ prioritization (ar) > scorecard: 6 is refused inline and nothing is sent; 4 is POSTed as the integer; the weighted score is read-only 'incomplete'  1705ms
   ✓ prioritization (ar) > weight sets: the live total refuses 95% and 105%; 100% is accepted and POSTed as decimal strings  748ms
   ✓ prioritization (ar) > weight sets: the proposer is never offered approval; another approver's approval is a business approval with If-Match; 403 SoD is translated  1550ms
   ✓ prioritization (ar) > weight set approval: a 409 shows the conflict banner and reloads  2289ms
   ✓ prioritization (ar) > ranking history: causes are translated from codes, including 'weight version 2', score change and the override reason  740ms
   ✓ prioritization (ar) > overrides: a reason is required (missing and invisible-only are refused, nothing sent); with a reason it is POSTed  809ms
   ✓ prioritization (ar) > the read-only auditor sees the data and no enabled write control  446ms
   ✓ prioritization (ar) > a portfolio above 500 eligible initiatives is the translated 422 state, not an empty table  461ms
   ✓ prioritization (ar) > never mentions a delivery gate (DG0–DG7)  324ms
 ✓ |unit-web| src/pages/actions/BudgetPanel.test.tsx (18 tests) 16871ms
   ✓ budget panel (en) > lines in their own currency with Unknown for an empty amount; totals per currency, Unknown with reason  2400ms
   ✓ budget panel (en) > no active line: the budget is Unknown 'No budget lines' (no_budget_lines), never a total of 0  891ms
   ✓ budget panel (en) > create: decimal strings, empty amounts omitted (Unknown), an invalid amount is refused inline with the §11 text  2234ms
   ✓ budget panel (en) > a refusal is translated: 409 budget_line.duplicate on create keeps the dialog with the §11 text  884ms
   ✓ budget panel (en) > edit sends only the changed member with If-Match of the version seen; a stale version is a 409 (nothing saved, lines re-read)  1220ms
   ✓ budget panel (en) > archive sends the reason with If-Match; 422 budget_line.archived is translated in the dialog  1853ms
   ✓ budget panel (en) > the auditor (no budget.edit) sees the panel read-only: no add, edit or archive control  1671ms
   ✓ budget panel (ar) > lines in their own currency with Unknown for an empty amount; totals per currency, Unknown with reason  1036ms
   ✓ budget panel (ar) > no active line: the budget is Unknown 'No budget lines' (no_budget_lines), never a total of 0  571ms
   ✓ budget panel (ar) > create: decimal strings, empty amounts omitted (Unknown), an invalid amount is refused inline with the §11 text  1509ms
   ✓ budget panel (ar) > a refusal is translated: 409 budget_line.duplicate on create keeps the dialog with the §11 text  419ms
   ✓ budget panel (ar) > edit sends only the changed member with If-Match of the version seen; a stale version is a 409 (nothing saved, lines re-read)  736ms
   ✓ budget panel (ar) > archive sends the reason with If-Match; 422 budget_line.archived is translated in the dialog  925ms
   ✓ budget panel (ar) > the auditor (no budget.edit) sees the panel read-only: no add, edit or archive control  493ms
 ✓ |unit-web| src/pages/benefits/plan-values.test.tsx (15 tests) 11275ms
   ✓ plan-value editing (en) > Edit reads getBenefitPlanValue, pre-fills the form and PATCHes the changed member with the read's If-Match  1145ms
   ✓ plan-value editing (en) > an unchanged form sends nothing and says so; Cancel closes  846ms
   ✓ plan-value editing (en) > a 409 (changed by someone else after the read) is a conflict: the record is re-read, If-Match never moves under the typed values  779ms
   ✓ plan-value editing (en) > a failed read (500) shows its state in the section and no form; Cancel removes it  3427ms
   ✓ plan-value editing (ar) > an unchanged form sends nothing and says so; Cancel closes  331ms
   ✓ plan-value editing (ar) > a 409 (changed by someone else after the read) is a conflict: the record is re-read, If-Match never moves under the typed values  357ms
   ✓ plan-value editing (ar) > a failed read (500) shows its state in the section and no form; Cancel removes it  3279ms
 ✓ |unit-web| src/pages/actions/ExecutionPanel.test.tsx (12 tests) 11677ms
   ✓ execution panel (en) > milestone slip in working days (+5, −5, 0) beside calendar days; a missing date is Unknown with its reason  1214ms
   ✓ execution panel (en) > deliverable acceptance, demand without capacity (Unknown), dependency without impact (Unknown), decisions  985ms
   ✓ execution panel (en) > critical-path membership: a label when computed; null is Unknown with no critical styling  854ms
   ✓ execution panel (en) > the initiative page holds the slot: budget lines, execution and schedule network, in its on-this-page navigation  385ms
   ✓ execution panel (en) > an answer outside the contract is the panel's error state; the rest of the initiative page still renders  3256ms
   ✓ execution panel (ar) > milestone slip in working days (+5, −5, 0) beside calendar days; a missing date is Unknown with its reason  334ms
   ✓ execution panel (ar) > deliverable acceptance, demand without capacity (Unknown), dependency without impact (Unknown), decisions  322ms
   ✓ execution panel (ar) > critical-path membership: a label when computed; null is Unknown with no critical styling  579ms
   ✓ execution panel (ar) > the initiative page holds the slot: budget lines, execution and schedule network, in its on-this-page navigation  468ms
   ✓ execution panel (ar) > an answer outside the contract is the panel's error state; the rest of the initiative page still renders  3274ms
 ✓ |unit-web| src/auth/session-generation.test.tsx (26 tests) 11433ms
   ✓ F-DG2-530 a write in flight across an identity change (en) > X3: A's PATCH answered after B's /me is not written into B's cache, not shown, and does not navigate B  1320ms
   ✓ F-DG2-530 a write in flight across an identity change (en) > X3b: the same after a session END here and B's sign-in: A's late answer never lands  581ms
   ✓ F-DG2-530 a write in flight across an identity change (en) > an archive in flight across an identity change: A's archived record never lands in B's cache  618ms
   ✓ F-DG2-530 a write in flight across an identity change (en) > an organization save in flight across an identity change: A's change is never stored under B  619ms
   ✓ F-DG2-530 a write in flight across an identity change (en) > a user save in flight across an identity change: A's change is never stored under B  596ms
   ✓ F-DG2-530 a write in flight across an identity change (en) > a same-person new session: the in-flight save is dropped silently, the draft is kept and usable  480ms
   ✓ F-DG2-530 a write in flight across an identity change (en) > a language save retried after a 409 is never written for the identity that replaced A  390ms
   ✓ F-DG2-530 X6: refocus and reconnect revalidate GET /me first (en) > after B signs in elsewhere, a refocus within /me's staleTime shows B's header with B's data, never A's  430ms
   ✓ F-DG2-530 X6: refocus and reconnect revalidate GET /me first (en) > the same identity: a refocus refetches /me once, then the stale page queries; nothing when all is fresh  417ms
   ✓ F-DG2-530 a write in flight across an identity change (ar) > X3: A's PATCH answered after B's /me is not written into B's cache, not shown, and does not navigate B  532ms
   ✓ F-DG2-530 a write in flight across an identity change (ar) > X3b: the same after a session END here and B's sign-in: A's late answer never lands  503ms
   ✓ F-DG2-530 a write in flight across an identity change (ar) > an archive in flight across an identity change: A's archived record never lands in B's cache  565ms
   ✓ F-DG2-530 a write in flight across an identity change (ar) > an organization save in flight across an identity change: A's change is never stored under B  649ms
   ✓ F-DG2-530 a write in flight across an identity change (ar) > a user save in flight across an identity change: A's change is never stored under B  605ms
   ✓ F-DG2-530 a write in flight across an identity change (ar) > a same-person new session: the in-flight save is dropped silently, the draft is kept and usable  508ms
   ✓ F-DG2-530 a write in flight across an identity change (ar) > a language save retried after a 409 is never written for the identity that replaced A  384ms
   ✓ F-DG2-530 a write in flight across an identity change (ar) > sanity: a write in flight that finishes under the SAME identity still updates the cache and navigates  517ms
   ✓ F-DG2-530 X6: refocus and reconnect revalidate GET /me first (ar) > after B signs in elsewhere, a refocus within /me's staleTime shows B's header with B's data, never A's  345ms
   ✓ F-DG2-530 X6: refocus and reconnect revalidate GET /me first (ar) > the same identity: a refocus refetches /me once, then the stale page queries; nothing when all is fresh  453ms
   ✓ F-DG2-530 X6: refocus and reconnect revalidate GET /me first (ar) > a refocus whose /me finds the session ended navigates once to sign-in and refetches no page data  539ms
 ✓ |unit-web| src/pages/benefit-formulas/benefit-formulas.test.tsx (18 tests) 7993ms
   ✓ T09 benefit formulas (en) > register: the six T09 columns with confidence H/M/L; examples marked illustrative with 100000 and 500000 SAR per year  1493ms
   ✓ T09 benefit formulas (en) > builder: an undefined variable shows translated, with its position, before saving; nothing is sent  806ms
   ✓ T09 benefit formulas (en) > builder: a fraction is entered as percent and stored as a fraction; a version is saved with If-Match  507ms
   ✓ T09 benefit formulas (en) > builder: a 409 shows the standard conflict panel; nothing was saved  316ms
   ✓ T09 benefit formulas (en) > Finance validation of a version: a business approval by FIN; the author cannot; translated refusal  621ms
   ✓ T09 benefit formulas (ar) > register: the six T09 columns with confidence H/M/L; examples marked illustrative with 100000 and 500000 SAR per year  415ms
   ✓ T09 benefit formulas (ar) > builder: an undefined variable shows translated, with its position, before saving; nothing is sent  834ms
   ✓ T09 benefit formulas (ar) > builder: monthly ARPU × annual customers is a period mismatch, translated, before saving  385ms
   ✓ T09 benefit formulas (ar) > builder: a fraction is entered as percent and stored as a fraction; a version is saved with If-Match  430ms
   ✓ T09 benefit formulas (ar) > builder: a 409 shows the standard conflict panel; nothing was saved  381ms
   ✓ T09 benefit formulas (ar) > Finance validation of a version: a business approval by FIN; the author cannot; translated refusal  423ms
 ✓ |unit-web| src/auth/session-end.test.tsx (12 tests) 10845ms
   ✓ session end while the app is open (en) > a 401 on navigation lands once on sign-in with the message; signing in again returns to the page  1746ms
   ✓ session end while the app is open (en) > a 401 on a dialog mutation (the commit-time upload refusal) closes the dialog and lands once on sign-in  1229ms
   ✓ session end while the app is open (en) > a sign-out elsewhere noticed by the next /me probe lands once on sign-in, never on the stale shell  751ms
   ✓ session end while the app is open (en) > a 403 (forbidden) is never treated as a session end  979ms
   ✓ session end while the app is open (ar) > a 401 on navigation lands once on sign-in with the message; signing in again returns to the page  1224ms
   ✓ session end while the app is open (ar) > a 401 on a dialog mutation (the commit-time upload refusal) closes the dialog and lands once on sign-in  830ms
   ✓ session end while the app is open (ar) > a sign-out elsewhere noticed by the next /me probe lands once on sign-in, never on the stale shell  525ms
   ✓ session end while the app is open (ar) > a 403 (forbidden) is never treated as a session end  819ms
   ✓ session end under <StrictMode> (as in production) > still lands exactly once on sign-in  1512ms
   ✓ sign-in page and the cached identity > decides 'already signed in' only from a fresh /me, never from a stale cache  452ms
   ✓ sign-in page and the cached identity > signing out here shows 'signed out', not 'session ended', and no /me loop  685ms
 ✓ |unit-web| src/pages/portfolio/fe-e.test.tsx (18 tests) 9977ms
   ✓ Funding decisions (en) > is a labelled business approval with no 'on behalf of' control; rationale required; POST with an Idempotency-Key  1432ms
   ✓ Funding decisions (en) > the BE-E 422s are the dialog's one translated alert; funding.amount_invalid is also inline at /amount  472ms
   ✓ Funding decisions (en) > the history shows a missing amount as Unknown (never 0); a re-selected initiative explains the deselect rule  376ms
   ✓ Funding decisions (ar) > is a labelled business approval with no 'on behalf of' control; rationale required; POST with an Idempotency-Key  677ms
   ✓ Funding decisions (ar) > the BE-E 422s are the dialog's one translated alert; funding.amount_invalid is also inline at /amount  526ms
   ✓ Funding decisions (ar) > the history shows a missing amount as Unknown (never 0); a re-selected initiative explains the deselect rule  460ms
   ✓ Funding decisions (ar) > an exact decimal amount is shown with its currency; the auditor sees no record control  340ms
   ✓ Deliverables and milestones on the card (en) > creates (Idempotency-Key), edits (If-Match) and archives (reason, If-Match) a deliverable  1017ms
   ✓ Deliverables and milestones on the card (en) > creates a milestone with its wave and forecast, and edits it with If-Match  511ms
   ✓ Deliverables and milestones on the card (en) > 422 initiative.read_only (a closure raced the edit) is translated as the dialog's one alert  598ms
   ✓ Deliverables and milestones on the card (en) > the card edit form translates initiative.planned_range specifically (RecordDialog namespaces)  403ms
   ✓ Deliverables and milestones on the card (ar) > creates (Idempotency-Key), edits (If-Match) and archives (reason, If-Match) a deliverable  833ms
   ✓ Deliverables and milestones on the card (ar) > creates a milestone with its wave and forecast, and edits it with If-Match  589ms
   ✓ Deliverables and milestones on the card (ar) > the card edit form translates initiative.planned_range specifically (RecordDialog namespaces)  772ms
 ✓ |unit-web| src/pages/kpi/kpi-periods.test.tsx (6 tests) 8772ms
   ✓ KPI update periods (en) > a Lead or KPI owner chooses an open period that is not the current one, from the transformation's list  943ms
   ✓ KPI update periods (en) > a transformation-scoped KPI owner (no organization.read) gets the same choice  453ms
   ✓ KPI update periods (en) > no open period of the KPI's frequency: the form says so; a failed list is an error, never an empty choice  3271ms
   ✓ KPI update periods (ar) > a Lead or KPI owner chooses an open period that is not the current one, from the transformation's list  538ms
   ✓ KPI update periods (ar) > no open period of the KPI's frequency: the form says so; a failed list is an error, never an empty choice  3362ms
 ✓ |unit-web| src/pages/meetings/governance.test.tsx (20 tests) 7903ms
   ✓ governance screens (en) > forums: the five layers with their verbatim source cadence; Arabic labelled provisional  339ms
   ✓ governance screens (en) > series editor: 'future meetings only' must be confirmed; the result lists the kept meetings  1540ms
   ✓ governance screens (en) > published minutes are read-only and the meeting shows the frozen note  361ms
   ✓ governance screens (en) > T16 log: nine columns; an earlier record shows Unknown for what it lacks; the overdue filter asks the server  490ms
   ✓ governance screens (en) > raising an ask without 'why now': the server's 400 lands on its field  516ms
   ✓ governance screens (en) > recording an Outcome is labelled a business decision and sends If-Match  450ms
   ✓ governance screens (ar) > series editor: 'future meetings only' must be confirmed; the result lists the kept meetings  836ms
   ✓ governance screens (ar) > published minutes are read-only and the meeting shows the frozen note  467ms
   ✓ governance screens (ar) > T16 log: nine columns; an earlier record shows Unknown for what it lacks; the overdue filter asks the server  549ms
   ✓ governance screens (ar) > raising an ask without 'why now': the server's 400 lands on its field  412ms
   ✓ governance screens (ar) > recording an Outcome is labelled a business decision and sends If-Match  451ms
 ✓ |unit-web| src/pages/business-cases/business-cases.test.tsx (18 tests) 12018ms
   ✓ business cases (en) > register: levels, Finance baseline states with text (Stale is never green) and drafts  1243ms
   ✓ business cases (en) > detail: all ten sections, totals with gross / cost / net apart, net Unknown (never 0), roll-up by reference  1032ms
   ✓ business cases (en) > sections: saves only the changed section with If-Match; blank text is refused inline and nothing is sent  872ms
   ✓ business cases (en) > sections: a 409 shows the standard conflict panel (nothing saved) with the current values  764ms
   ✓ business cases (en) > lines: exactly one class from one select; the value basis follows the class; a 422 is translated  496ms
   ✓ business cases (en) > Finance validation: a business approval for FIN who did not author the case; If-Match; translated 403  916ms
   ✓ business cases (en) > Finance validation: the case author sees no validate action, only the separation-of-duties note  438ms
   ✓ business cases (en) > read-only auditor: the ten sections as text, no enabled write control, the read-only note  385ms
   ✓ business cases (ar) > register: levels, Finance baseline states with text (Stale is never green) and drafts  584ms
   ✓ business cases (ar) > detail: all ten sections, totals with gross / cost / net apart, net Unknown (never 0), roll-up by reference  610ms
   ✓ business cases (ar) > totals: a partial total says how many Unknown lines it leaves out  407ms
   ✓ business cases (ar) > sections: saves only the changed section with If-Match; blank text is refused inline and nothing is sent  1403ms
   ✓ business cases (ar) > sections: a 409 shows the standard conflict panel (nothing saved) with the current values  526ms
   ✓ business cases (ar) > lines: exactly one class from one select; the value basis follows the class; a 422 is translated  691ms
   ✓ business cases (ar) > Finance validation: a business approval for FIN who did not author the case; If-Match; translated 403  833ms
   ✓ business cases (ar) > Finance validation: the case author sees no validate action, only the separation-of-duties note  382ms
 ✓ |unit-web| src/pages/gates/g5-g6.test.tsx (17 tests) 8539ms
   ✓ G5 view (en) > lists the G5 missing item translated with the risk code, and the exceptions with expiry and coverage  938ms
   ✓ G5 view (en) > requests an exception with all five REQ-S04-013 fields; a missing expiry is refused before sending  570ms
   ✓ G5 view (en) > a refused G5 submission lists 'Risk closure' by its translated label, never the English detail  465ms
   ✓ G5 view (en) > a G5 approval needs the scale scope: nothing is sent without one; the scope goes with the decision  700ms
   ✓ G5 view (en) > a frozen submission shows its exception lines and the nine-field review table, Under review  611ms
   ✓ G5 view (ar) > requests an exception with all five REQ-S04-013 fields; a missing expiry is refused before sending  565ms
   ✓ G5 view (ar) > a refused G5 submission lists 'Risk closure' by its translated label, never the English detail  515ms
   ✓ G5 view (ar) > a G5 approval needs the scale scope: nothing is sent without one; the scope goes with the decision  1010ms
   ✓ G5 view (ar) > a frozen submission shows its exception lines and the nine-field review table, Under review  524ms
   ✓ Modular G3 waiver on the gate page (en) > the submission shows the missing-links items and the waiver used; a revoked waiver's refusal is translated  845ms
   ✓ Modular G3 waiver on the gate page (ar) > the submission shows the missing-links items and the waiver used; a revoked waiver's refusal is translated  607ms
   ✓ Modular G3 waiver on the gate page (ar) > a G3 submission refused for missing links lists each item translated  629ms
 ✓ |unit-web| src/pages/team/team.test.tsx (10 tests) 7856ms
   ✓ Team (English LTR) > shows the six governance roles with B0018 accountability text verbatim and who holds each  867ms
   ✓ Team (English LTR) > lists team members with the accountability on each assignment, sortable and filterable  542ms
   ✓ Team (English LTR) > a Transformation Lead assigns a Workstream Lead: Idempotency-Key, reason, accountability preview  945ms
   ✓ Team (English LTR) > shows a 403 from the server in words; nothing is assigned  808ms
   ✓ Team: read-only auditor (AUD) > sees the roles, accountabilities and members, a read-only note, and no assign control  338ms
   ✓ Team assign dialog: accountability preview follows the selected role (F-DG2-430) > en: WL on open, then KDS, TD, none and WL again, in StrictMode with no React warning  509ms
   ✓ Team assign dialog: accountability preview follows the selected role (F-DG2-430) > ar: WL on open, then KDS, TD, none and WL again, in StrictMode with no React warning  702ms
   ✓ Team: the success notice follows a language switch, 'en' → 'ar' > the notice is shown in the language now on screen, not the one it was created in  1103ms
   ✓ Team: the success notice follows a language switch, 'ar' → 'en' > the notice is shown in the language now on screen, not the one it was created in  1817ms
 ✓ |unit-web| src/pages/capacity/fe-e.test.tsx (13 tests) 7837ms
   ✓ capacity editing (en) > creates a role; a taken code (409) is the form's translated alert; then the role is created  1060ms
   ✓ capacity editing (en) > edits a role's labels and archives it, each with If-Match  742ms
   ✓ capacity editing (en) > creates a capacity row with a decimal FTE string; a duplicate (409) is translated  580ms
   ✓ capacity editing (en) > creates a demand; after the save the plan is re-read and the conflict with its shortfall appears; Unknown stays Unknown  1126ms
   ✓ capacity editing (en) > edits a planned demand with If-Match; 422 resource_demand.not_planned is translated  531ms
   ✓ capacity editing (ar) > creates a role; a taken code (409) is the form's translated alert; then the role is created  598ms
   ✓ capacity editing (ar) > edits a role's labels and archives it, each with If-Match  897ms
   ✓ capacity editing (ar) > creates a capacity row with a decimal FTE string; a duplicate (409) is translated  527ms
   ✓ capacity editing (ar) > creates a demand; after the save the plan is re-read and the conflict with its shortfall appears; Unknown stays Unknown  856ms
   ✓ capacity editing (ar) > edits a planned demand with If-Match; 422 resource_demand.not_planned is translated  426ms
 ✓ |unit-web| src/pages/gates/g1-agreements.test.tsx (10 tests) 9508ms
   ✓ G1 agreements step (en) > approving G1 needs the three labelled confirmations; then sends agreements with all three true  2214ms
   ✓ G1 agreements step (en) > a non-approve outcome on G1 sends no agreements (even after ticking them)  963ms
   ✓ G1 agreements step (en) > approving another gate (G2) shows no confirmations and sends no agreements  865ms
   ✓ G1 agreements step (en) > the server's 422 gate.g1_agreements_required is the one form-level alert, with the missing confirmations  971ms
   ✓ G1 agreements step (en) > the server's 422 gate.agreements_not_applicable is translated as the one form-level alert  602ms
   ✓ G1 agreements step (ar) > approving G1 needs the three labelled confirmations; then sends agreements with all three true  1140ms
   ✓ G1 agreements step (ar) > a non-approve outcome on G1 sends no agreements (even after ticking them)  1027ms
   ✓ G1 agreements step (ar) > approving another gate (G2) shows no confirmations and sends no agreements  562ms
   ✓ G1 agreements step (ar) > the server's 422 gate.g1_agreements_required is the one form-level alert, with the missing confirmations  657ms
   ✓ G1 agreements step (ar) > the server's 422 gate.agreements_not_applicable is translated as the one form-level alert  455ms
 ✓ |unit-web| src/pages/actions/ScheduleNetworkPanel.test.tsx (11 tests) 9138ms
   ✓ schedule network panel (en) > computed (ADR-0031 §8 fixture): P = 18, path INI-01 → INI-02 → INI-04, INI-03 float 6 not critical  1347ms
   ✓ schedule network panel (en) > not computable (missing duration): the reason and INI-03 listed; no critical styling or label at all  855ms
   ✓ schedule network panel (en) > record a duration: POST without If-Match; 409 initiative_schedule.exists is translated and the next save is a PATCH  1165ms
   ✓ schedule network panel (en) > change a duration: a stale version is a 409 (nothing saved), the current value is re-read and shown, the next save sends the current version  950ms
   ✓ schedule network panel (en) > the auditor (no roadmap.edit) sees the network read-only: no duration control  573ms
   ✓ schedule network panel (ar) > computed (ADR-0031 §8 fixture): P = 18, path INI-01 → INI-02 → INI-04, INI-03 float 6 not critical  330ms
   ✓ schedule network panel (ar) > record a duration: POST without If-Match; 409 initiative_schedule.exists is translated and the next save is a PATCH  1939ms
   ✓ schedule network panel (ar) > change a duration: a stale version is a 409 (nothing saved), the current value is re-read and shown, the next save sends the current version  918ms
   ✓ schedule network panel (ar) > the auditor (no roadmap.edit) sees the network read-only: no duration control  799ms
 ✓ |unit-web| src/pages/bau/sustain.test.tsx (14 tests) 7951ms
   ✓ BAU and improvement screens (en) > handover checklist marks data access missing; submit 422 names it in the shown language  1879ms
   ✓ BAU and improvement screens (en) > only the receiving owner is offered accept, labelled a business approval  1079ms
   ✓ BAU and improvement screens (en) > after reopening, the area shows the original handover acceptance and closure date  570ms
   ✓ BAU and improvement screens (en) > a failed check links to its recovery action; an unknown review signal is Unknown, never on track  1312ms
   ✓ BAU and improvement screens (en) > CI backlog stays visible and editable after the transformation is closed  307ms
   ✓ BAU and improvement screens (ar) > only the receiving owner is offered accept, labelled a business approval  1021ms
   ✓ BAU and improvement screens (ar) > after reopening, the area shows the original handover acceptance and closure date  552ms
   ✓ BAU and improvement screens (ar) > a failed check links to its recovery action; an unknown review signal is Unknown, never on track  380ms
 ✓ |unit-web| src/pages/gates/g4.test.tsx (16 tests) 7545ms
   ✓ G4 refusal item by item (en) > two initiatives without owners: two separate translated 'Owners' items, never the joined English message  1232ms
   ✓ G4 refusal item by item (en) > without a usable gate view: one translated line per refused criterion, never the English message  417ms
   ✓ G4 refusal item by item (ar) > two initiatives without owners: two separate translated 'Owners' items, never the joined English message  642ms
   ✓ G4 refusal item by item (ar) > without a usable gate view: one translated line per refused criterion, never the English message  730ms
   ✓ G4 view (en) > a refused submission shows the 422 list with the initiative names, translated  458ms
   ✓ G4 view (en) > the decision's 403 urn:mth:problem:forbidden is translated  506ms
   ✓ G4 view (en) > the decision's 403 urn:mth:problem:forbidden is translated  353ms
   ✓ G4 view (en) > the decision's 409 urn:mth:problem:version-conflict is translated  468ms
   ✓ G4 view (ar) > a refused submission shows the 422 list with the initiative names, translated  586ms
   ✓ G4 view (ar) > the decision's 403 urn:mth:problem:forbidden is translated  476ms
   ✓ G4 view (ar) > the decision's 403 urn:mth:problem:forbidden is translated  437ms
   ✓ G4 view (ar) > the decision's 409 urn:mth:problem:version-conflict is translated  842ms
 ✓ |unit-web| src/pages/kpi/kpi.test.tsx (27 tests) 8503ms
   ✓ KPI screens (en) > RAG panel: the seven elements, the threshold version named, and the override beside the calculated RAG  1033ms
   ✓ KPI screens (en) > no actual for the current period: Unknown, grey and labelled, with its reason; never 0 and never green  558ms
   ✓ KPI screens (en) > four-step update: submits once, then lists downstream views, 'review pending' and 'Finance review pending'  903ms
   ✓ KPI screens (en) > a second entry for the same KPI and period is value version 2 of the same slot (If-Match)  664ms
   ✓ KPI screens (en) > a 409 on submit is the form's one alert: nothing was saved, the latest data is loaded  446ms
   ✓ KPI screens (en) > review queue: the reviewer accepts with If-Match; the submitter of a value is not offered a decision  320ms
   ✓ KPI screens (en) > read-only viewer (auditor): no write action on the KPI page, labels say business approval  360ms
   ✓ KPI screens (en) > data quality: an open finding is resolved with a note and If-Match  506ms
   ✓ KPI screens (ar) > four-step update: submits once, then lists downstream views, 'review pending' and 'Finance review pending'  335ms
   ✓ KPI screens (ar) > an actual: a submitted value says it is not used until accepted; a draft is labelled not submitted  362ms
   ✓ KPI screens (ar) > read-only viewer (auditor): no write action on the KPI page, labels say business approval  418ms
   ✓ KPI screens (ar) > data quality: an open finding is resolved with a note and If-Match  522ms
 ✓ |unit-web| src/pages/raid/raid.test.tsx (18 tests) 10391ms
   ✓ RAID and actions screens (en) > T15 register: nine columns, Probability n/a outside Risk, per-type mitigation header, Dependency links to T08  1149ms
   ✓ RAID and actions screens (en) > Dependency form: 'To' initiative required, no probability; nothing is sent without it  627ms
   ✓ RAID and actions screens (en) > Dependency edit has no 'In progress'; a Risk edit offers it; a closed Dependency shows no closure fields  456ms
   ✓ RAID and actions screens (en) > an Issue with a probability is refused by the server; the 422 is translated in one alert  840ms
   ✓ RAID and actions screens (en) > action register: source, follow-up date and overdue flag; edit sends If-Match  2736ms
   ✓ RAID and actions screens (en) > the read-only auditor sees the register without any write control  374ms
   ✓ RAID and actions screens (ar) > T15 register: nine columns, Probability n/a outside Risk, per-type mitigation header, Dependency links to T08  354ms
   ✓ RAID and actions screens (ar) > Dependency form: 'To' initiative required, no probability; nothing is sent without it  426ms
   ✓ RAID and actions screens (ar) > Dependency edit has no 'In progress'; a Risk edit offers it; a closed Dependency shows no closure fields  501ms
   ✓ RAID and actions screens (ar) > action register: source, follow-up date and overdue flag; edit sends If-Match  1371ms
   ✓ RAID and actions screens (ar) > rules: a rule without a stored row is labelled Default; saving it creates the row (POST, no If-Match)  402ms
   ✓ RAID and actions screens (ar) > the read-only auditor sees the register without any write control  333ms
 ✓ |unit-web| src/pages/dashboards/dashboards.test.tsx (21 tests) 7637ms
   ✓ Dashboards (en) > transformation dashboard: six areas, distinct value states, provisional Arabic, drill-down  1458ms
   ✓ Dashboards (en) > Executive Overview: organizationId and the period filter reach the server; window and as-of shown  516ms
   ✓ Dashboards (en) > workspace header: known elements show their values; a known 0 validated value is 'Known zero', not Unknown  364ms
   ✓ Dashboards (en) > My Work: sections with totals, the KPI update under Missing updates, a draft labelled not submitted, deadlines  745ms
   ✓ Dashboards (en) > the dashboards hub lists the six dashboards and /dashboards/executive opens the Executive Overview  472ms
   ✓ Dashboards (ar) > transformation dashboard: six areas, distinct value states, provisional Arabic, drill-down  978ms
   ✓ Dashboards (ar) > Executive Overview: organizationId and the period filter reach the server; window and as-of shown  410ms
   ✓ Dashboards (ar) > workspace header: every element Unknown where data is missing; one click opens the RAID register  382ms
   ✓ Dashboards (ar) > My Work: sections with totals, the KPI update under Missing updates, a draft labelled not submitted, deadlines  581ms
 ✓ |unit-web| src/pages/dependencies/dependencies.test.tsx (12 tests) 6614ms
   ✓ dependencies (en) > shows the seven T08 columns, an External source, the type label and the needed-by conflict flag  909ms
   ✓ dependencies (en) > a cycle is refused and shown as the translated message with the path INI-01 → INI-02 → INI-03 → INI-01  1197ms
   ✓ dependencies (en) > an External source is sent as {kind: external, label}  1092ms
   ✓ dependencies (en) > dependency types: system types are undeletable; an administrator may retire a custom type  483ms
   ✓ dependencies (en) > a system type's 422 dependency_type.system_undeletable is translated  302ms
   ✓ dependencies (ar) > a cycle is refused and shown as the translated message with the path INI-01 → INI-02 → INI-03 → INI-01  626ms
   ✓ dependencies (ar) > an External source is sent as {kind: external, label}  705ms
   ✓ dependencies (ar) > dependency types: system types are undeletable; an administrator may retire a custom type  334ms
   ✓ dependencies (ar) > a system type's 422 dependency_type.system_undeletable is translated  336ms
 ✓ |unit-web| src/pages/approvals/approvals.test.tsx (16 tests) 7624ms
   ✓ Approvals (en) > lists my approvals; an Unknown due date shows Unknown with its reason, never a date  430ms
   ✓ Approvals (en) > offers exactly four outcomes; defer needs a date; the decision sends subjectVersion with If-Match  798ms
   ✓ Approvals (en) > a blank rationale is refused before sending  628ms
   ✓ Approvals (en) > a stale 409 says the record changed, records nothing and links to the history  774ms
   ✓ Approvals (en) > the requester is not offered the decision; the history shows 'B on behalf of A'  338ms
   ✓ Approvals (en) > offers 'on behalf of' only for an active delegation to me  439ms
   ✓ Approvals (ar) > offers exactly four outcomes; defer needs a date; the decision sends subjectVersion with If-Match  879ms
   ✓ Approvals (ar) > a stale 409 says the record changed, records nothing and links to the history  468ms
   ✓ Approvals (ar) > offers 'on behalf of' only for an active delegation to me  564ms
   ✓ Delegations (en) > records a delegation with Asia/Riyadh wall-clock times sent as UTC; a loop 422 is translated  385ms
   ✓ Delegations (en) > revokes with a reason and If-Match; a read-only user sees no action  395ms
   ✓ Delegations (ar) > records a delegation with Asia/Riyadh wall-clock times sent as UTC; a loop 422 is translated  322ms
   ✓ Delegations (ar) > revokes with a reason and If-Match; a read-only user sees no action  489ms
 ✓ |unit-web| src/pages/closure/closure.test.tsx (11 tests) 4664ms
   ✓ closure page (en) > shows the four statuses side by side and the value-pending labels; never 'successful'  703ms
   ✓ closure page (en) > closing a value-pending initiative shows the translated 422 closure.value_validation_pending  972ms
   ✓ closure page (en) > closing the transformation without G6 shows the translated refusal  313ms
   ✓ closure page (en) > creates a transition decision with the residual owner and monitoring (a draft until submitted)  310ms
   ✓ closure page (ar) > shows the four statuses side by side and the value-pending labels; never 'successful'  400ms
   ✓ closure page (ar) > closing a value-pending initiative shows the translated 422 closure.value_validation_pending  519ms
   ✓ closure page (ar) > closing the transformation without G6 shows the translated refusal  636ms
   ✓ closure page (ar) > creates a transition decision with the residual owner and monitoring (a draft until submitted)  343ms
 ✓ |unit-web| src/pages/raci/governance.test.tsx (15 tests) 5176ms
   ✓ Governance (en) > RACI: edits a row with the cell selects and saves it as one PATCH with If-Match  970ms
   ✓ Governance (en) > RACI: an auditor sees the matrix read-only (no cell editor, no save)  460ms
   ✓ Governance (en) > decision rights: seeded rows; the due-date preview shows Unknown with its reason  338ms
   ✓ Governance (en) > decision rights: submits the matrix for business approval with If-Match  576ms
   ✓ Governance (en) > decision rights: a field with an unknown party code is refused before sending  427ms
   ✓ Governance (ar) > RACI: edits a row with the cell selects and saves it as one PATCH with If-Match  304ms
   ✓ Governance (ar) > decision rights: seeded rows; the due-date preview shows Unknown with its reason  336ms
   ✓ Governance (ar) > decision rights: a field with an unknown party code is refused before sending  585ms
 ✓ |unit-web| src/auth/session-identity.test.tsx (18 tests) 8698ms
   ✓ F-DG2-500 a session end on the sign-in page (en) > W5: Back to /login after A's session ends, B signs in with the development form: B never sees A's records  1443ms
   ✓ F-DG2-500 a session end on the sign-in page (en) > W5b (OIDC mode): B signs in in another tab and this tab's /me re-probe brings B: B never sees A's records  714ms
   ✓ F-DG2-500 an identity change with no session end in this tab (en) > a refocus /me that returns another identity removes every session query before B renders, and drops A's drafts  483ms
   ✓ F-DG2-500 an identity change with no session end in this tab (en) > the same identity re-probed (window refocus) keeps the cache and the page state  507ms
   ✓ F-DG2-500 sign-out here and 403 (en) > signing out here clears everything; B signing in afterwards never sees A's records  1245ms
   ✓ F-DG2-500 sign-out here and 403 (en) > a 403 is never a session end: the phase, the identity and the cache are kept  306ms
   ✓ F-DG2-500 a session end on the sign-in page (ar) > W5: Back to /login after A's session ends, B signs in with the development form: B never sees A's records  664ms
   ✓ F-DG2-500 a session end on the sign-in page (ar) > W5b (OIDC mode): B signs in in another tab and this tab's /me re-probe brings B: B never sees A's records  833ms
   ✓ F-DG2-500 an identity change with no session end in this tab (ar) > a refocus /me that returns another identity removes every session query before B renders, and drops A's drafts  544ms
   ✓ F-DG2-500 sign-out here and 403 (ar) > signing out here clears everything; B signing in afterwards never sees A's records  1015ms
 ✓ |unit-web| src/components/LanguageSwitch.test.tsx (10 tests) 5358ms
   ✓ a refused language save, 'en' → other ('403 csrf') > keeps ar on screen and says, in ar, that it was not saved  1137ms
   ✓ a refused language save, 'ar' → other ('403 csrf') > keeps en on screen and says, in en, that it was not saved  784ms
   ✓ a refused language save, 'en' → other ('403 forbidden') > keeps ar on screen and says, in ar, that it was not saved  600ms
   ✓ a refused language save, 'ar' → other ('503') > keeps en on screen and says, in en, that it was not saved  982ms
   ✓ the live region and the persisted preference > switching back clears the notice; the region stays in the DOM, empty  323ms
   ✓ the live region and the persisted preference > if the persisted preference changes later and is re-applied, the notice says so in that language  448ms
   ✓ the live region and the persisted preference > ar: the notice is a warning banner below the header, not inside it  415ms
 ✓ |unit-web| src/pages/my-work/my-work.test.tsx (21 tests) 7028ms
   ✓ My Work (en) > renders tasks and reminders from messageKey + messageParams; Unknown due dates; system-managed tasks  592ms
   ✓ My Work (en) > marks a task done and a reminder read with bodiless POSTs and If-Match  1170ms
   ✓ My Work (ar) > marks a task done and a reminder read with bodiless POSTs and If-Match  889ms
   ✓ Calendar, jobs and groups (en) > calendar: a technical administrator adds a holiday; a range error is caught before sending  1083ms
   ✓ Calendar, jobs and groups (en) > jobs: no permission without job.read; job.configure edits a schedule with If-Match  403ms
   ✓ Calendar, jobs and groups (ar) > calendar: a technical administrator adds a holiday; a range error is caught before sending  588ms
   ✓ Calendar, jobs and groups (ar) > jobs: no permission without job.read; job.configure edits a schedule with If-Match  452ms
   ✓ Calendar, jobs and groups (ar) > groups: membership grants no permission (stated); group.manage creates a group  321ms
 ✓ |unit-web| src/pages/adoption/adoption.test.tsx (18 tests) 8862ms
   ✓ adoption screens (en) > T13: the seven columns, influence separate from impact, closed lists, provisional Arabic flag  1681ms
   ✓ adoption screens (en) > a server 400 stakeholder_group.stance_invalid lands on the stance field, translated  1144ms
   ✓ adoption screens (en) > indicators: all seven by name; a measure without data is Unknown, never 0  595ms
   ✓ adoption screens (en) > T04 decision page lists a champion's constraint through ?decisionId=  734ms
   ✓ adoption screens (en) > form: a proficiency observation is submitted with its stakeholder group; the API derives the result  455ms
   ✓ adoption screens (en) > AUD sees the plan read-only (no write control)  486ms
   ✓ adoption screens (ar) > T13: the seven columns, influence separate from impact, closed lists, provisional Arabic flag  852ms
   ✓ adoption screens (ar) > a server 400 stakeholder_group.stance_invalid lands on the stance field, translated  509ms
   ✓ adoption screens (ar) > T04 decision page lists a champion's constraint through ?decisionId=  301ms
   ✓ adoption screens (ar) > form: a proficiency observation is submitted with its stakeholder group; the API derives the result  595ms
   ✓ adoption screens (ar) > AUD sees the plan read-only (no write control)  456ms
 ✓ |unit-web| src/pages/roadmap/fe-e.test.tsx (8 tests) 6687ms
   ✓ wave editing (en) > edits planned dates (overlap accepted) with If-Match; the source text is read-only and never sent  1421ms
   ✓ wave editing (en) > 422 roadmap_wave.planned_range is inline at the planned end and translated  476ms
   ✓ wave editing (en) > adds a non-source wave with its bilingual texts (POST, Idempotency-Key)  1059ms
   ✓ wave editing (en) > the read-only auditor gets no wave control  377ms
   ✓ wave editing (ar) > edits planned dates (overlap accepted) with If-Match; the source text is read-only and never sent  578ms
   ✓ wave editing (ar) > 422 roadmap_wave.planned_range is inline at the planned end and translated  578ms
   ✓ wave editing (ar) > adds a non-source wave with its bilingual texts (POST, Idempotency-Key)  1862ms
   ✓ wave editing (ar) > the read-only auditor gets no wave control  335ms
 ✓ |unit-web| src/app/app.test.tsx (17 tests) 6334ms
   ✓ bilingual shell > renders Arabic RTL by default with the provisional wordmark  523ms
   ✓ bilingual shell > switches to English LTR and persists the preference with If-Match  702ms
   ✓ bilingual shell > shows all fourteen areas to an administrator  1129ms
   ✓ bilingual shell > hides Administration from a Workstream Lead, and the admin route shows no-permission  519ms
   ✓ bilingual shell > marks planned areas as planned instead of pretending they work  332ms
   ✓ bilingual shell > a partial area (Governance) leads into the Gates tab of each transformation; its portfolio view stays planned  899ms
   ✓ transformations > lists transformations with a sortable code column and removable filter chips  753ms
   ✓ transformations > detail shows the workspace header with Unknown for data from later stages  487ms
   ✓ transformations > edit: a 409 writes nothing, shows compare, and re-applies on the current version  573ms
 ✓ |unit-web| src/pages/dispensations/dispensations.test.tsx (12 tests) 6759ms
   ✓ Dispensations (en) > lists waivers and inherited approvals; unverified evidence is shown as unverified; recorder cannot decide  893ms
   ✓ Dispensations (en) > a waiver needs a reason and an expiry: refused inline, nothing sent; then sent with its scope  761ms
   ✓ Dispensations (en) > an inherited approval (Modular) needs the approving body, the date and evidence; 422s are translated  604ms
   ✓ Dispensations (en) > deciding is a labelled business approval; the delegated-decision 422 and the recorder 403 are translated  821ms
   ✓ Dispensations (en) > the read-only auditor sees the register with no enabled write control  414ms
   ✓ Dispensations (ar) > lists waivers and inherited approvals; unverified evidence is shown as unverified; recorder cannot decide  476ms
   ✓ Dispensations (ar) > a waiver needs a reason and an expiry: refused inline, nothing sent; then sent with its scope  766ms
   ✓ Dispensations (ar) > an inherited approval (Modular) needs the approving body, the date and evidence; 422s are translated  750ms
   ✓ Dispensations (ar) > revoking an accepted dispensation needs a reason and is a business approval  353ms
   ✓ Dispensations (ar) > the read-only auditor sees the register with no enabled write control  441ms
 ✓ |unit-web| src/app/p3-seams.test.tsx (10 tests) 5002ms
   ✓ P3 routes > workspace tabs (en) > the workspace tabs include the P3 tabs, labelled from their own namespaces  1352ms
   ✓ P3 routes > workspace tabs (ar) > the workspace tabs include the P3 tabs, labelled from their own namespaces  684ms
   ✓ P3 navigation areas > en /initiatives-roadmaps leads into the Initiatives and Roadmaps tab of each transformation  551ms
   ✓ P3 navigation areas > ar /initiatives-roadmaps leads into the المبادرات وخرائط الطريق tab of each transformation  1007ms
   ✓ P3 navigation areas > en /benefits-finance leads into the Benefits and Finance tab of each transformation  804ms
   ✓ P3 navigation areas > ar /benefits-finance leads into the المنافع والمالية tab of each transformation  581ms
 ✓ |unit-web| src/pages/gates/inherited-approval.test.tsx (16 tests) 4965ms
   ✓ inherited-approval annotation (en) > Gates list: G1 pending_verification (counts false) is a badge next to 'Not submitted'  937ms
   ✓ inherited-approval annotation (en) > Gates list: G1 accepted (counts true) is a badge next to 'Not submitted'  349ms
   ✓ inherited-approval annotation (en) > Gates list: no inherited approval, no badge  316ms
   ✓ inherited-approval annotation (en) > gate view: an accepted inherited approval is a labelled row beside the 'Not submitted' status  755ms
   ✓ inherited-approval annotation (en) > gate view: without an inherited approval there is no row  570ms
 ✓ |unit-web| src/components/RecordForm.alerts.test.tsx (16 tests) 3089ms
   ✓ record form: one alert per distinct form error (en) > dialog > a 400 whose only field error has pointer "" says its message once, in one live region  511ms
   ✓ record form: one alert per distinct form error (en) > inline-sections > a field-pointer error stays on its field; the generic banner is said once  345ms
 ✓ |unit-web| src/pages/roadmap/roadmap.test.tsx (14 tests) 8963ms
   ✓ roadmap (en) > shows the four source waves verbatim (English source also shown in Arabic) with overlapping horizons  1089ms
   ✓ roadmap (en) > moving a milestone PATCHes the forecast with If-Match and the timeline, table and board all show the new date from one refetch  957ms
   ✓ roadmap (en) > a 409 on moving a milestone shows the conflict notice and reloads the roadmap  653ms
   ✓ roadmap (en) > re-approving a date requires a reason; then it is POSTed with If-Match  555ms
   ✓ roadmap (en) > deliverable acceptance sends the AcceptanceDecision with If-Match (no 'on behalf of' control)  933ms
   ✓ roadmap (en) > an Unknown schedule flag is shown as Unknown; missing dates are Unknown, never blank  320ms
   ✓ roadmap (en) > the read-only auditor sees no write control  361ms
   ✓ roadmap (ar) > shows the four source waves verbatim (English source also shown in Arabic) with overlapping horizons  640ms
   ✓ roadmap (ar) > moving a milestone PATCHes the forecast with If-Match and the timeline, table and board all show the new date from one refetch  659ms
   ✓ roadmap (ar) > a 409 on moving a milestone shows the conflict notice and reloads the roadmap  665ms
   ✓ roadmap (ar) > re-approving a date requires a reason; then it is POSTed with If-Match  719ms
   ✓ roadmap (ar) > deliverable acceptance sends the AcceptanceDecision with If-Match (no 'on behalf of' control)  800ms
   ✓ roadmap (ar) > an Unknown schedule flag is shown as Unknown; missing dates are Unknown, never blank  309ms
   ✓ roadmap (ar) > the read-only auditor sees no write control  301ms
 ✓ |unit-web| src/pages/dispensations/modular-waiver.test.tsx (7 tests) 5268ms
   ✓ Modular G3 waiver (en) > labels a Modular G3 waiver as the waiver of the missing links; End-to-End keeps the DG3 label  1032ms
   ✓ Modular G3 waiver (en) > offers the waiver with the Modular hint and sends a G3 waiver without an initiative  1031ms
   ✓ Modular G3 waiver (en) > any other Modular waiver shows the DG3 refusal, translated  927ms
   ✓ Modular G3 waiver (ar) > labels a Modular G3 waiver as the waiver of the missing links; End-to-End keeps the DG3 label  656ms
   ✓ Modular G3 waiver (ar) > offers the waiver with the Modular hint and sends a G3 waiver without an initiative  771ms
   ✓ Modular G3 waiver (ar) > any other Modular waiver shows the DG3 refusal, translated  831ms
 ✓ |unit-web| src/components/States.test.tsx (15 tests) 720ms
 ✓ |unit-web| src/pages/capacity/capacity.test.tsx (6 tests) 2815ms
   ✓ capacity (en) > the role × month grid shows decimal FTE, the conflict with its shortfall, and Unknown capacity as Unknown (never 0)  1027ms
   ✓ capacity (en) > committing a demand POSTs with If-Match; a 409 shows the conflict notice and reloads  760ms
   ✓ capacity (ar) > committing a demand POSTs with If-Match; a 409 shows the conflict notice and reloads  435ms
 ✓ |unit-web| src/pages/transformations/modeGuidance.test.tsx (5 tests) 1900ms
   ✓ New transformation: mode guidance (English LTR) > shows When to use and How for the selected mode and switches with the mode  894ms
   ✓ New transformation: mode guidance (English LTR) > Modular requires an entry phase before anything is sent  463ms
 ✓ |unit-web| src/test/react-warning-guard.test.tsx (4 tests) 33ms
 ✓ |unit-web| src/pages/readiness/readiness.test.tsx (4 tests) 1675ms
   ✓ Readiness (en) > lists the missing diagnostic areas by name, the gates and the translated sequencing blockers  920ms
 ✓ |unit-web| src/lib/auditChanges.test.ts (125 tests) 175ms
 ✓ |unit-web| src/i18n/i18n.test.ts (11 tests) 112ms
 ✓ |unit-web| src/pages/my-work/message-keys.test.ts (83 tests) 359ms
 ✓ |unit-web| src/i18n/problems-slices-hijk.test.ts (8 tests) 97ms
 ✓ |unit-web| src/styles/styles.test.ts (6 tests) 13ms
 ✓ |unit-web| src/i18n/glossary.test.ts (8 tests) 24ms
 ✓ |unit-web| src/pages/business-cases/problem-codes.test.ts (4 tests) 12ms
 ✓ |unit-web| src/lib/lib.test.ts (24 tests) 104ms
 ✓ |unit-web| src/test/harness-config.test.ts (2 tests) 5ms
 ✓ |unit-node| apps/api/src/modules/workflows/workflows.test.ts (14 tests) 2920ms
   ✓ workflows module (P2) > its declared boundary holds, and an undeclared dependency would be caught  2860ms
 ✓ |unit-node| packages/shared/src/formula/fuzz.test.ts (111 tests) 17832ms
   ✓ fuzz: no uncaught exception, no code execution > 10 000 random byte strings (0–255, up to 80 bytes)  3085ms
   ✓ fuzz: no uncaught exception, no code execution > 10 000 random UTF-16 strings including astral code points and lone surrogates  3115ms
   ✓ fuzz: no uncaught exception, no code execution > 20 000 random strings over the grammar alphabet reach parser, type checker and evaluator  6820ms
   ✓ source scan: no dynamic code in packages/shared/src/formula (ADR-0024 §6) > every file of the engine's import closure gets the engine-source lint rules (eslint.config.js)  2805ms
   ✓ source scan: no dynamic code in packages/shared/src/formula (ADR-0024 §6) > ESLint refuses the round-5 handler forms (G1, G2, A1, A2), F1 and every lintable probe-table row in an engine source  1892ms
 ✓ |unit-node| apps/api/src/architecture.test.ts (138 tests) 20487ms
   ✓ API module boundaries (ADR-0002) > every import respects dependsOn, public surfaces and allowed packages  12974ms
   ✓ package dependency direction (ADR-0002 rule 5) > packages/shared imports no workspace package  1845ms
   ✓ package dependency direction (ADR-0002 rule 5) > apps/web never imports @mth/db or @mth/config (browser bundle, no secrets)  4297ms
 ✓ |unit-node| apps/api/src/modules/kpi/kpi.test.ts (39 tests) 3827ms
   ✓ kpi module (P2) > its declared boundary holds, and a planted bypass or undeclared dependency would be caught  3380ms
 ✓ |unit-node| packages/shared/src/kpi/property.test.ts (11 tests) 2427ms
   ✓ measures > higher- and lower-is-better shortfalls are exact negatives; deviation follows the sign  391ms
   ✓ changes > pp = (x₁ − x₀) × 100 exactly, and relative × |x₀| = x₁ − x₀ (to precision 80)  363ms
   ✓ storage rounding > rounds once half-up: |stored − exact| ≤ 0.0000005 and the record is honest  380ms
 ✓ |unit-node| apps/api/src/modules/reporting/reporting.test.ts (4 tests) 2372ms
   ✓ reporting module (P1 scaffold, D-048) > its declared boundary holds, and a planted bypass or undeclared dependency would be caught  2265ms
 ✓ |unit-node| apps/api/src/server.test.ts (6 tests) 2539ms
   ✓ route registration > declares access on every /api route and on the health endpoints  1504ms
   ✓ route registration > registers dev login only in AUTH_MODE=dev; production configuration refuses dev mode entirely  659ms
 ✓ |unit-node| apps/api/src/modules/evidence/evidence.test.ts (13 tests) 1164ms
   ✓ evidence module (P2) > its declared boundary holds  768ms
 ✓ |unit-node| packages/shared/src/adoption/measures.test.ts (24 tests) 763ms
   ✓ properties (seeded) > never 0 for an empty denominator: Unknown with value null exactly when the denominator is 0  462ms
 ✓ |unit-node| packages/shared/src/scoring.test.ts (36 tests) 741ms
   ✓ property: all 5^5 integer score combinations under v1 equal an independent BigInt rational computation > stored value, 2-digit display and 0–100 view all match for 3125 combinations  698ms
 ✓ |unit-node| apps/api/src/modules/methodology/methodology.test.ts (4 tests) 529ms
   ✓ methodology module (P2) > its declared boundary holds, and an undeclared dependency would be caught  443ms
 ✓ |unit-node| apps/api/src/request-encoding.test.ts (11 tests) 394ms
 ✓ |unit-node| apps/api/src/modules/platform/media-types.test.ts (57 tests) 231ms
 ✓ |unit-node| apps/api/src/modules/platform/platform.test.ts (19 tests) 244ms
 ✓ |unit-node| packages/shared/src/value.test.ts (29 tests) 183ms
 ✓ |unit-node| apps/api/src/modules/platform/in-flight.test.ts (4 tests) 309ms
 ✓ |unit-node| apps/api/src/modules/platform/incomplete-body.test.ts (10 tests) 84ms
 ✓ |unit-node| packages/config/src/load.test.ts (17 tests) 176ms
 ✓ |unit-node| packages/shared/src/schemas/schemas.test.ts (69 tests) 294ms
 ✓ |unit-node| apps/api/src/modules/platform/connection-hygiene.test.ts (6 tests) 108ms
 ✓ |unit-node| apps/api/src/modules/reporting/dashboards/areas.test.ts (19 tests) 458ms
   ✓ combine (ADR-0037 §3 precedence) > property: Unknown or Stale inputs never combine to green, and the result is one of the inputs' ranks (2000 seeded sets)  323ms
 ✓ |unit-node| tests/qa/unit/a05-calc-units.test.ts (15 tests) 72ms
 ✓ |unit-node| packages/design-tokens/src/tokens.test.ts (15 tests) 43ms
 ✓ |unit-node| packages/shared/src/kpi/change.test.ts (22 tests) 25ms
 ✓ |unit-node| apps/api/src/modules/kpi/rules.test.ts (30 tests) 60ms
 ✓ |unit-node| apps/api/src/modules/admin/branding.test.ts (4 tests) 83ms
 ✓ |unit-node| packages/shared/src/formula/formula.test.ts (140 tests) 100ms
 ✓ |unit-node| apps/api/src/modules/platform/health.test.ts (2 tests) 38ms
 ✓ |unit-node| packages/shared/src/kpi/a05.test.ts (17 tests) 35ms
 ✓ |unit-node| apps/api/src/modules/kpi/formulas.test.ts (10 tests) 140ms
 ✓ |unit-node| packages/shared/src/kpi/trajectory.test.ts (14 tests) 28ms
 ✓ |unit-node| packages/db/src/seed.test.ts (34 tests) 97ms
 ✓ |unit-node| apps/api/src/modules/platform/advisory-locks.test.ts (3 tests) 89ms
 ✓ |unit-node| packages/shared/src/kpi/rag.test.ts (38 tests) 157ms
 ✓ |unit-node| apps/api/src/modules/governance/governance.test.ts (2 tests) 67ms
 ✓ |unit-node| apps/api/src/modules/benefits/benefits.test.ts (2 tests) 147ms
 ✓ |unit-node| packages/shared/src/time/working-days.test.ts (19 tests) 41ms
 ✓ |unit-node| apps/api/src/modules/benefits/register-rules.test.ts (45 tests) 52ms
 ✓ |unit-node| apps/api/src/modules/benefits/totals.test.ts (14 tests) 50ms
 ✓ |unit-node| apps/api/src/modules/transformations/good-outcome.test.ts (7 tests) 16ms
(node:5136) [FSTDEP022] FastifyWarning: The router options for constraints property access is deprecated. Please use "options.routerOptions" instead for accessing router options. The router options will be removed in `fastify@6`.
(Use `node --trace-warnings ...` to show where the warning was created)
 ✓ |unit-node| apps/api/src/modules/platform/framework-errors.test.ts (6 tests) 65ms
 ✓ |unit-node| apps/api/src/modules/sustainment/sustainment.test.ts (2 tests) 99ms
 ✓ |unit-node| packages/shared/src/governance/recurrence.test.ts (19 tests) 16ms
 ✓ |unit-node| packages/shared/src/kpi/types.test.ts (40 tests) 58ms
 ✓ |unit-node| packages/shared/src/schemas/missing-links.test.ts (10 tests) 20ms
 ✓ |unit-node| apps/api/src/modules/transformations/thesis.test.ts (4 tests) 11ms
 ✓ |unit-node| packages/shared/src/kpi/formula-binding.test.ts (26 tests) 52ms
 ✓ |unit-node| packages/shared/src/schemas/corrective.test.ts (10 tests) 29ms
 ✓ |unit-node| apps/api/src/modules/raid/raid.test.ts (7 tests) 103ms
 ✓ |unit-node| packages/shared/src/kpi/purity.test.ts (14 tests) 33ms
 ✓ |unit-node| apps/api/src/modules/benefits/d2-rules.test.ts (15 tests) 20ms
 ✓ |unit-node| packages/shared/src/schemas/roadmap.test.ts (6 tests) 28ms
 ✓ |unit-node| apps/api/src/modules/kpi/p3-gate-facts.test.ts (9 tests) 25ms
 ✓ |unit-node| packages/shared/src/adoption/form-schema.test.ts (8 tests) 42ms
 ✓ |unit-node| apps/api/src/modules/adoption/adoption.test.ts (2 tests) 128ms
 ✓ |unit-node| apps/api/src/modules/platform/db-errors.test.ts (7 tests) 22ms
 ✓ |unit-node| apps/api/src/modules/kpi/kbe-c.test.ts (9 tests) 70ms
 ✓ |unit-node| apps/api/src/modules/identity/oidc-claims.test.ts (5 tests) 12ms
 ✓ |unit-node| apps/api/src/modules/platform/db-errors-p4.test.ts (5 tests) 46ms
 ✓ |unit-node| apps/api/src/modules/tasks/tasks.test.ts (5 tests) 55ms
 ✓ |unit-node| apps/api/src/modules/kpi/totals.test.ts (20 tests) 78ms
 ✓ |unit-node| apps/api/src/modules/workflows/g4.test.ts (5 tests) 7ms
 ✓ |unit-node| apps/api/src/modules/raid/corrective.test.ts (4 tests) 10ms
 ✓ |unit-node| apps/api/src/modules/platform/request-encoding.test.ts (7 tests) 17ms
 ✓ |unit-node| apps/api/src/modules/portfolio/capacity.test.ts (4 tests) 12ms
 ✓ |unit-node| apps/api/src/modules/reporting/dashboards/finance.test.ts (12 tests) 9ms
 ✓ |unit-node| packages/shared/src/kpi/status.test.ts (25 tests) 20ms
 ✓ |unit-node| packages/shared/src/schedule/critical-path.test.ts (13 tests) 39ms
 ✓ |unit-node| apps/api/src/modules/portfolio/schedule.test.ts (14 tests) 47ms
 ✓ |unit-node| packages/shared/src/kpi/measures.test.ts (30 tests) 24ms
 ✓ |unit-node| packages/shared/src/kpi/periods.test.ts (26 tests) 31ms
 ✓ |unit-node| apps/api/src/modules/platform/db-errors-p4-meetings.test.ts (4 tests) 30ms
 ✓ |unit-node| packages/shared/src/schedule/working-day-slip.test.ts (11 tests) 31ms
 ✓ |unit-node| apps/api/src/modules/portfolio/readiness-transform.test.ts (4 tests) 13ms
 ✓ |unit-node| packages/shared/src/kpi/aggregate.test.ts (20 tests) 24ms
 ✓ |unit-node| apps/api/src/modules/portfolio/sequencing.test.ts (9 tests) 10ms
 ✓ |unit-node| apps/api/src/modules/portfolio/budget.test.ts (13 tests) 25ms
 ✓ |unit-node| apps/api/src/modules/access/rules.test.ts (12 tests) 9ms
 ✓ |unit-node| apps/api/src/modules/transformations/exclusions.test.ts (19 tests) 6ms
 ✓ |unit-node| apps/api/src/modules/workflows/t08-cycle-problem.test.ts (2 tests) 3ms
 ✓ |unit-node| apps/api/src/modules/governance/raci.test.ts (2 tests) 5ms
 ✓ |unit-node| apps/api/src/modules/transformations/transitions.test.ts (2 tests) 4ms

 Test Files  141 passed (141)
      Tests  2691 passed (2691)
   Start at  10:01:05
   Duration  350.35s (transform 21.39s, setup 13.79s, collect 296.90s, tests 584.55s, environment 57.12s, prepare 19.97s)


 RUN  v3.2.4 /home/user/wt/dg4-fe-g2

 ✓ |unit-formula-nocodegen| packages/shared/src/formula/codegen.nocodegen.test.ts (10 tests) 30ms
 ✓ |unit-formula-nocodegen| packages/shared/src/formula/formula.test.ts (140 tests) 247ms
 ✓ |unit-formula-nocodegen| packages/shared/src/formula/fuzz.test.ts (111 tests | 2 skipped) 5599ms
   ✓ fuzz: no uncaught exception, no code execution > 10 000 random byte strings (0–255, up to 80 bytes)  1686ms
   ✓ fuzz: no uncaught exception, no code execution > 10 000 random UTF-16 strings including astral code points and lone surrogates  1246ms
   ✓ fuzz: no uncaught exception, no code execution > 20 000 random strings over the grammar alphabet reach parser, type checker and evaluator  2636ms

 Test Files  3 passed (3)
      Tests  259 passed | 2 skipped (261)
   Start at  10:06:56
   Duration  6.57s (transform 503ms, setup 0ms, collect 1.30s, tests 5.88s, environment 1ms, prepare 280ms)

