qa e2e cluster: PostgreSQL 16.13 (Ubuntu 16.13-0ubuntu0.24.04.1) on x86_64-pc-linux-gnu, compiled by gcc (Ubuntu 13.3.0-6ubuntu2~24.04.1) 13.3.0, 64-bit
mth-db migrate: applying 0001_identity_access.sql
mth-db migrate: applying 0002_transformation.sql
mth-db migrate: applying 0003_audit_event.sql
mth-db migrate: applying 0004_outbox_jobs.sql
mth-db migrate: applying 0005_seed_roles_permissions.sql
mth-db migrate: applying 0006_pgboss_schema_v25.sql
mth-db migrate: applying 0007_oidc_login_browser_binding.sql
mth-db migrate: applying 0008_scoped_assignment_derived_from.sql
mth-db migrate: applied 8 migration(s)
mth-db seed-dev: seeded SYNTHETIC dev users: dev.admin, dev.office, dev.lead, dev.auditor, dev.nobody
healthz: {"status":"ok"}
readyz:  {"status":"ready","checks":{"database":"ok","migrations":"ok"}}

Running 22 tests using 1 worker

  ✓   1 [chromium-en] › apps/web/e2e/journeys.spec.ts:134:1 › sign-in page: Arabic RTL by default, provisional wordmark, dev form in dev mode (1.3s)
  ✓   2 [chromium-en] › apps/web/e2e/journeys.spec.ts:156:1 › shell: navigation, language persistence and My Work (Transformation Office) (1.9s)
  ✓   3 [chromium-en] › apps/web/e2e/journeys.spec.ts:182:1 › create a modular transformation with an entry phase (3.4s)
  ✓   4 [chromium-en] › apps/web/e2e/journeys.spec.ts:222:1 › list: sort, filter chips, column selection and pagination controls (3.3s)
  ✓   5 [chromium-en] › apps/web/e2e/journeys.spec.ts:262:1 › edit: a concurrent change gives a 409 conflict with compare and re-apply (2.3s)
  ✓   6 [chromium-en] › apps/web/e2e/journeys.spec.ts:296:1 › archive with a mandatory reason makes the record read-only (2.4s)
  ✓   7 [chromium-en] › apps/web/e2e/journeys.spec.ts:317:1 › administration screens (access + technical administrator) (4.3s)
  ✓   8 [chromium-en] › apps/web/e2e/journeys.spec.ts:355:1 › a user without roles sees no Administration and no business records (1.4s)
  ✓   9 [chromium-en] › apps/web/e2e/journeys.spec.ts:371:1 › a business-unit Lead creates a record; its audit trail shows the derived access grant localized (F-DG1-008) (2.2s)
  ✓  10 [chromium-en] › e2e/a20-bilingual-shell.spec.ts:100:3 › A20 bilingual shell › Arabic RTL by default; English LTR after the switch; persisted; switch back (1.4s)
  ✓  11 [chromium-en] › e2e/a20-bilingual-shell.spec.ts:159:3 › A20 design tokens reach the rendered CSS › seeded --mth-* colours and referencing surfaces equal the built token source (715ms)
  ✓  12 [chromium-ar] › apps/web/e2e/journeys.spec.ts:134:1 › sign-in page: Arabic RTL by default, provisional wordmark, dev form in dev mode (1.2s)
  ✓  13 [chromium-ar] › apps/web/e2e/journeys.spec.ts:156:1 › shell: navigation, language persistence and My Work (Transformation Office) (1.9s)
  ✓  14 [chromium-ar] › apps/web/e2e/journeys.spec.ts:182:1 › create a modular transformation with an entry phase (3.2s)
  ✓  15 [chromium-ar] › apps/web/e2e/journeys.spec.ts:222:1 › list: sort, filter chips, column selection and pagination controls (2.9s)
  ✓  16 [chromium-ar] › apps/web/e2e/journeys.spec.ts:262:1 › edit: a concurrent change gives a 409 conflict with compare and re-apply (2.3s)
  ✓  17 [chromium-ar] › apps/web/e2e/journeys.spec.ts:296:1 › archive with a mandatory reason makes the record read-only (2.3s)
  ✓  18 [chromium-ar] › apps/web/e2e/journeys.spec.ts:317:1 › administration screens (access + technical administrator) (5.0s)
  ✓  19 [chromium-ar] › apps/web/e2e/journeys.spec.ts:355:1 › a user without roles sees no Administration and no business records (1.7s)
  ✓  20 [chromium-ar] › apps/web/e2e/journeys.spec.ts:371:1 › a business-unit Lead creates a record; its audit trail shows the derived access grant localized (F-DG1-008) (2.2s)
  ✓  21 [chromium-ar] › e2e/a20-bilingual-shell.spec.ts:100:3 › A20 bilingual shell › Arabic RTL by default; English LTR after the switch; persisted; switch back (1.3s)
  ✓  22 [chromium-ar] › e2e/a20-bilingual-shell.spec.ts:159:3 › A20 design tokens reach the rendered CSS › seeded --mth-* colours and referencing surfaces equal the built token source (707ms)

  22 passed (53.0s)
exit 0
