port-policy: PostgreSQL listening on port 23600 (attempt 1)
e2e database mth: server_encoding UTF8, lc_collate C, lc_ctype C
mth-db migrate: applying 0001_identity_access.sql
mth-db migrate: applying 0002_transformation.sql
mth-db migrate: applying 0003_audit_event.sql
mth-db migrate: applying 0004_outbox_jobs.sql
mth-db migrate: applying 0005_seed_roles_permissions.sql
mth-db migrate: applying 0006_pgboss_schema_v25.sql
mth-db migrate: applying 0007_oidc_login_browser_binding.sql
mth-db migrate: applying 0008_scoped_assignment_derived_from.sql
mth-db migrate: applying 0009_business_unit_hierarchy_guard.sql
mth-db migrate: applying 0010_p2_record_guards.sql
mth-db migrate: applying 0011_p2_methodology_catalogue.sql
mth-db migrate: applying 0012_p2_evidence.sql
mth-db migrate: applying 0013_p2_direction_charter.sql
mth-db migrate: applying 0014_p2_kpi_baseline_value_pool.sql
mth-db migrate: applying 0015_p2_diagnose.sql
mth-db migrate: applying 0016_p2_design_tom.sql
mth-db migrate: applying 0017_p2_decisions_gates.sql
mth-db migrate: applying 0018_p2_access_instantiation.sql
mth-db migrate: applying 0019_evidence_review_separation.sql
mth-db migrate: applying 0020_p3_portfolio_roadmap.sql
mth-db migrate: applying 0021_p3_prioritization.sql
mth-db migrate: applying 0022_p3_dependency_capacity_funding.sql
mth-db migrate: applying 0023_p3_business_case_formula.sql
mth-db migrate: applying 0024_p3_gates_access_instantiation.sql
mth-db migrate: applying 0025_p3_g1_agreement_guard.sql
mth-db migrate: applied 25 migration(s)
mth-db seed-dev: seeded SYNTHETIC dev users: dev.admin, dev.office, dev.lead, dev.auditor, dev.nobody
port-policy: API listening on port 23601 (attempt 1)
API: http://localhost:23601 (APP_BASE_URL=http://localhost:23601, PORT=23601)
{"status":"ready","checks":{"database":"ok","migrations":"ok"}}
npm warn Unknown project config "strict-peer-dependencies". This will stop working in the next major version of npm. See `npm help npmrc` for supported config options.
npm warn Unknown project config "auto-install-peers". This will stop working in the next major version of npm. See `npm help npmrc` for supported config options.
npm warn Unknown project config "link-workspace-packages". This will stop working in the next major version of npm. See `npm help npmrc` for supported config options.

Running 12 tests using 1 worker

  ✓   1 [chromium-en] › apps/web/e2e/p3-business-cases.spec.ts:60:1 › setup: a synthetic transformation, an initiative, and a synthetic Finance grant on it (200ms)
  ✘   2 [chromium-en] › apps/web/e2e/p3-business-cases.spec.ts:87:1 › lead: transformation case with sections, one-class lines and gross / cost / net apart; initiative roll-up (7.6s)
  -   3 [chromium-en] › apps/web/e2e/p3-business-cases.spec.ts:202:1 › Finance validates the baseline (business approval); the lead's later baseline edit makes it Stale; 409 conflict
  -   4 [chromium-en] › apps/web/e2e/p3-business-cases.spec.ts:281:1 › T09: illustrative B0087 examples (100000 / 500000 SAR per year), live builder, new version, preview lineage
  -   5 [chromium-en] › apps/web/e2e/p3-business-cases.spec.ts:371:1 › Finance validates formula version 2 (business approval, not its author)
  -   6 [chromium-en] › apps/web/e2e/p3-business-cases.spec.ts:397:1 › read-only auditor: the four screens with no enabled write control, axe-clean
  ✓   7 [chromium-ar] › apps/web/e2e/p3-business-cases.spec.ts:60:1 › setup: a synthetic transformation, an initiative, and a synthetic Finance grant on it (241ms)
  ✘   8 [chromium-ar] › apps/web/e2e/p3-business-cases.spec.ts:87:1 › lead: transformation case with sections, one-class lines and gross / cost / net apart; initiative roll-up (8.1s)
  -   9 [chromium-ar] › apps/web/e2e/p3-business-cases.spec.ts:202:1 › Finance validates the baseline (business approval); the lead's later baseline edit makes it Stale; 409 conflict
  -  10 [chromium-ar] › apps/web/e2e/p3-business-cases.spec.ts:281:1 › T09: illustrative B0087 examples (100000 / 500000 SAR per year), live builder, new version, preview lineage
  -  11 [chromium-ar] › apps/web/e2e/p3-business-cases.spec.ts:371:1 › Finance validates formula version 2 (business approval, not its author)
  -  12 [chromium-ar] › apps/web/e2e/p3-business-cases.spec.ts:397:1 › read-only auditor: the four screens with no enabled write control, axe-clean


  1) [chromium-en] › apps/web/e2e/p3-business-cases.spec.ts:87:1 › lead: transformation case with sections, one-class lines and gross / cost / net apart; initiative roll-up 

    Error: [2mexpect([22m[31mreceived[39m[2m).[22mtoEqual[2m([22m[32mexpected[39m[2m) // deep equality[22m

    [32m- Expected  - 1[39m
    [31m+ Received  + 3[39m

    [32m- Array [][39m
    [31m+ Array [[39m
    [31m+   "color-contrast: .link[data-discover=\"true\"] > .code",[39m
    [31m+ ][39m

       at apps/web/e2e/support/ui.ts:101

       99 |   };
      100 |   const serious = results.violations.filter((v) => v.impact === "serious" || v.impact === "critical");
    > 101 |   expect(serious.map((v) => `${v.id}: ${v.nodes.map((n) => n.target.join(" ")).join(", ")}`)).toEqual([]);
          |                                                                                               ^
      102 | }
      103 |
      104 | /** Every request stays on the application origin (no CDN, no remote fonts), and nothing hits the CSP. */
        at expectAccessible (/home/user/wt/dg3-fe-c/apps/web/e2e/support/ui.ts:101:95)
        at /home/user/wt/dg3-fe-c/apps/web/e2e/p3-business-cases.spec.ts:186:3

    attachment #1: screenshot (image/png) ──────────────────────────────────────────────────────────
    test-results/apps-web-e2e-p3-business-c-87db6-et-apart-initiative-roll-up-chromium-en/test-failed-1.png
    ────────────────────────────────────────────────────────────────────────────────────────────────

    Error Context: test-results/apps-web-e2e-p3-business-c-87db6-et-apart-initiative-roll-up-chromium-en/error-context.md

    attachment #3: trace (application/zip) ─────────────────────────────────────────────────────────
    test-results/apps-web-e2e-p3-business-c-87db6-et-apart-initiative-roll-up-chromium-en/trace.zip
    Usage:

        npx playwright show-trace test-results/apps-web-e2e-p3-business-c-87db6-et-apart-initiative-roll-up-chromium-en/trace.zip

    ────────────────────────────────────────────────────────────────────────────────────────────────

  2) [chromium-ar] › apps/web/e2e/p3-business-cases.spec.ts:87:1 › lead: transformation case with sections, one-class lines and gross / cost / net apart; initiative roll-up 

    Error: [2mexpect([22m[31mreceived[39m[2m).[22mtoEqual[2m([22m[32mexpected[39m[2m) // deep equality[22m

    [32m- Expected  - 1[39m
    [31m+ Received  + 3[39m

    [32m- Array [][39m
    [31m+ Array [[39m
    [31m+   "color-contrast: .link[data-discover=\"true\"] > .code",[39m
    [31m+ ][39m

       at apps/web/e2e/support/ui.ts:101

       99 |   };
      100 |   const serious = results.violations.filter((v) => v.impact === "serious" || v.impact === "critical");
    > 101 |   expect(serious.map((v) => `${v.id}: ${v.nodes.map((n) => n.target.join(" ")).join(", ")}`)).toEqual([]);
          |                                                                                               ^
      102 | }
      103 |
      104 | /** Every request stays on the application origin (no CDN, no remote fonts), and nothing hits the CSP. */
        at expectAccessible (/home/user/wt/dg3-fe-c/apps/web/e2e/support/ui.ts:101:95)
        at /home/user/wt/dg3-fe-c/apps/web/e2e/p3-business-cases.spec.ts:186:3

    attachment #1: screenshot (image/png) ──────────────────────────────────────────────────────────
    test-results/apps-web-e2e-p3-business-c-87db6-et-apart-initiative-roll-up-chromium-ar/test-failed-1.png
    ────────────────────────────────────────────────────────────────────────────────────────────────

    Error Context: test-results/apps-web-e2e-p3-business-c-87db6-et-apart-initiative-roll-up-chromium-ar/error-context.md

    attachment #3: trace (application/zip) ─────────────────────────────────────────────────────────
    test-results/apps-web-e2e-p3-business-c-87db6-et-apart-initiative-roll-up-chromium-ar/trace.zip
    Usage:

        npx playwright show-trace test-results/apps-web-e2e-p3-business-c-87db6-et-apart-initiative-roll-up-chromium-ar/trace.zip

    ────────────────────────────────────────────────────────────────────────────────────────────────

  2 failed
    [chromium-en] › apps/web/e2e/p3-business-cases.spec.ts:87:1 › lead: transformation case with sections, one-class lines and gross / cost / net apart; initiative roll-up 
    [chromium-ar] › apps/web/e2e/p3-business-cases.spec.ts:87:1 › lead: transformation case with sections, one-class lines and gross / cost / net apart; initiative roll-up 
  8 did not run
  2 passed (22.3s)

To open last HTML report run:
[36m[39m
[36m  npx playwright show-report[39m
[36m[39m
---- api.log (tail)
