port-policy: PostgreSQL listening on port 23600 (attempt 1)
e2e database mth: server_encoding UTF8, lc_collate C, lc_ctype C
mth-db migrate: applying 0001_identity_access.sql
mth-db migrate: applying 0002_transformation.sql
mth-db migrate: applying 0003_audit_event.sql
mth-db migrate: applying 0004_outbox_jobs.sql
mth-db migrate: applying 0005_seed_roles_permissions.sql
mth-db migrate: applying 0006_pgboss_schema_v25.sql
mth-db migrate: applying 0007_oidc_login_browser_binding.sql
mth-db migrate: applying 0008_scoped_assignment_derived_from.sql
mth-db migrate: applying 0009_business_unit_hierarchy_guard.sql
mth-db migrate: applying 0010_p2_record_guards.sql
mth-db migrate: applying 0011_p2_methodology_catalogue.sql
mth-db migrate: applying 0012_p2_evidence.sql
mth-db migrate: applying 0013_p2_direction_charter.sql
mth-db migrate: applying 0014_p2_kpi_baseline_value_pool.sql
mth-db migrate: applying 0015_p2_diagnose.sql
mth-db migrate: applying 0016_p2_design_tom.sql
mth-db migrate: applying 0017_p2_decisions_gates.sql
mth-db migrate: applying 0018_p2_access_instantiation.sql
mth-db migrate: applying 0019_evidence_review_separation.sql
mth-db migrate: applying 0020_p3_portfolio_roadmap.sql
mth-db migrate: applying 0021_p3_prioritization.sql
mth-db migrate: applying 0022_p3_dependency_capacity_funding.sql
mth-db migrate: applying 0023_p3_business_case_formula.sql
mth-db migrate: applying 0024_p3_gates_access_instantiation.sql
mth-db migrate: applying 0025_p3_g1_agreement_guard.sql
mth-db migrate: applied 25 migration(s)
mth-db seed-dev: seeded SYNTHETIC dev users: dev.admin, dev.office, dev.lead, dev.auditor, dev.nobody
port-policy: API listening on port 23601 (attempt 1)
API: http://localhost:23601 (APP_BASE_URL=http://localhost:23601, PORT=23601)
{"status":"ready","checks":{"database":"ok","migrations":"ok"}}
npm warn Unknown project config "strict-peer-dependencies". This will stop working in the next major version of npm. See `npm help npmrc` for supported config options.
npm warn Unknown project config "auto-install-peers". This will stop working in the next major version of npm. See `npm help npmrc` for supported config options.
npm warn Unknown project config "link-workspace-packages". This will stop working in the next major version of npm. See `npm help npmrc` for supported config options.

Running 12 tests using 1 worker

  ✓   1 [chromium-en] › apps/web/e2e/p3-business-cases.spec.ts:60:1 › setup: a synthetic transformation, an initiative, and a synthetic Finance grant on it (252ms)
  ✓   2 [chromium-en] › apps/web/e2e/p3-business-cases.spec.ts:87:1 › lead: transformation case with sections, one-class lines and gross / cost / net apart; initiative roll-up (11.9s)
  ✓   3 [chromium-en] › apps/web/e2e/p3-business-cases.spec.ts:202:1 › Finance validates the baseline (business approval); the lead's later baseline edit makes it Stale; 409 conflict (12.3s)
  ✓   4 [chromium-en] › apps/web/e2e/p3-business-cases.spec.ts:281:1 › T09: illustrative B0087 examples (100000 / 500000 SAR per year), live builder, new version, preview lineage (11.3s)
  ✓   5 [chromium-en] › apps/web/e2e/p3-business-cases.spec.ts:371:1 › Finance validates formula version 2 (business approval, not its author) (3.1s)
  ✓   6 [chromium-en] › apps/web/e2e/p3-business-cases.spec.ts:397:1 › read-only auditor: the four screens with no enabled write control, axe-clean (6.4s)
  ✓   7 [chromium-ar] › apps/web/e2e/p3-business-cases.spec.ts:60:1 › setup: a synthetic transformation, an initiative, and a synthetic Finance grant on it (159ms)
  ✓   8 [chromium-ar] › apps/web/e2e/p3-business-cases.spec.ts:87:1 › lead: transformation case with sections, one-class lines and gross / cost / net apart; initiative roll-up (7.4s)
  ✓   9 [chromium-ar] › apps/web/e2e/p3-business-cases.spec.ts:202:1 › Finance validates the baseline (business approval); the lead's later baseline edit makes it Stale; 409 conflict (9.5s)
  ✓  10 [chromium-ar] › apps/web/e2e/p3-business-cases.spec.ts:281:1 › T09: illustrative B0087 examples (100000 / 500000 SAR per year), live builder, new version, preview lineage (6.7s)
  ✓  11 [chromium-ar] › apps/web/e2e/p3-business-cases.spec.ts:371:1 › Finance validates formula version 2 (business approval, not its author) (2.7s)
  ✓  12 [chromium-ar] › apps/web/e2e/p3-business-cases.spec.ts:397:1 › read-only auditor: the four screens with no enabled write control, axe-clean (6.9s)

  12 passed (1.4m)

To open last HTML report run:
[36m[39m
[36m  npx playwright show-report[39m
[36m[39m
