
> mobily-transformation-hub@0.1.0 test /home/user/My-owns
> vitest run --project unit-node --project unit-web


 RUN  v3.2.4 /home/user/My-owns

 ✓ |unit-web| src/auth/session-generation.test.tsx (26 tests) 9006ms
   ✓ F-DG2-530 a write in flight across an identity change (en) > X3: A's PATCH answered after B's /me is not written into B's cache, not shown, and does not navigate B  847ms
   ✓ F-DG2-530 a write in flight across an identity change (en) > X3b: the same after a session END here and B's sign-in: A's late answer never lands  568ms
   ✓ F-DG2-530 a write in flight across an identity change (en) > an archive in flight across an identity change: A's archived record never lands in B's cache  606ms
   ✓ F-DG2-530 a write in flight across an identity change (en) > an organization save in flight across an identity change: A's change is never stored under B  622ms
   ✓ F-DG2-530 a write in flight across an identity change (en) > a user save in flight across an identity change: A's change is never stored under B  620ms
   ✓ F-DG2-530 a write in flight across an identity change (en) > a same-person new session: the in-flight save is dropped silently, the draft is kept and usable  457ms
   ✓ F-DG2-530 X6: refocus and reconnect revalidate GET /me first (en) > the same identity: a refocus refetches /me once, then the stale page queries; nothing when all is fresh  366ms
   ✓ F-DG2-530 a write in flight across an identity change (ar) > X3: A's PATCH answered after B's /me is not written into B's cache, not shown, and does not navigate B  533ms
   ✓ F-DG2-530 a write in flight across an identity change (ar) > X3b: the same after a session END here and B's sign-in: A's late answer never lands  460ms
   ✓ F-DG2-530 a write in flight across an identity change (ar) > an archive in flight across an identity change: A's archived record never lands in B's cache  454ms
   ✓ F-DG2-530 a write in flight across an identity change (ar) > an organization save in flight across an identity change: A's change is never stored under B  538ms
   ✓ F-DG2-530 a write in flight across an identity change (ar) > a user save in flight across an identity change: A's change is never stored under B  531ms
   ✓ F-DG2-530 a write in flight across an identity change (ar) > a same-person new session: the in-flight save is dropped silently, the draft is kept and usable  466ms
   ✓ F-DG2-530 X6: refocus and reconnect revalidate GET /me first (ar) > the same identity: a refocus refetches /me once, then the stale page queries; nothing when all is fresh  382ms
 ✓ |unit-web| src/pages/p2-blank-forms.test.tsx (52 tests) 13120ms
   ✓ gate submission note (en) > a whitespace-only note is refused inline and nothing is sent  557ms
   ✓ gate submission note (en) > visible text is sent verbatim; an empty note is omitted  373ms
   ✓ gate submission note (ar) > visible text is sent verbatim; an empty note is omitted  377ms
   ✓ journey step editor (en) > a whitespace-only actor is refused inline (not turned into null) and nothing is sent  327ms
   ✓ journey step editor (en) > a invisible-only actor is refused inline (not turned into null) and nothing is sent  371ms
   ✓ journey step editor (en) > several blank fields: each gets the message and focus goes to the first (name)  307ms
   ✓ journey step editor (en) > visible text is sent verbatim; emptied optional text is null; an empty name is required  529ms
   ✓ journey step editor (ar) > several blank fields: each gets the message and focus goes to the first (name)  365ms
   ✓ journey step editor (ar) > visible text is sent verbatim; emptied optional text is null; an empty name is required  395ms
   ✓ Finance validation note and archive reason (en) > reason: a whitespace-only reason is refused inline and nothing is archived  322ms
   ✓ Finance validation note and archive reason (ar) > note: a invisible-only note is refused inline and nothing is sent  336ms
   ✓ Finance validation note and archive reason (ar) > note: empty is 'required'; visible text is sent verbatim  338ms
   ✓ Finance validation note and archive reason (ar) > reason: a server 400 validation.invalid_character on /reason is the localized field message  300ms
 ✓ |unit-web| src/pages/p2.test.tsx (56 tests) 13492ms
   ✓ Diagnose > shows the six T01 dimensions with Unknown for missing values, and value pools that are never 0  702ms
   ✓ Diagnose > shows the totals as Unknown when no pool is quantified  301ms
   ✓ Diagnose > renders the six workstreams with their key questions  330ms
   ✓ Diagnose > edits a T01 row with only the changed fields and If-Match  490ms
   ✓ Diagnose > a 409 on save writes nothing, compares, and re-applies on the current version  460ms
   ✓ Diagnose > a 400 validation.blank shows a localized message on its field ('en')  598ms
   ✓ Diagnose > a 400 validation.blank shows a localized message on its field ('ar')  430ms
   ✓ Diagnose > an invisible-only value is blocked client-side with validation.blank ('en')  486ms
   ✓ Diagnose > an invisible-only value is blocked client-side with validation.blank ('ar')  503ms
   ✓ Diagnose > a whitespace-only T01 value is an inline blank error and sends nothing ('en')  491ms
   ✓ Diagnose > a whitespace-only T01 value is an inline blank error and sends nothing ('ar')  421ms
   ✓ Diagnose > T01: an emptied field is sent as an explicit null; visible text is sent verbatim  488ms
   ✓ Define: KPI activation (F-DG2-201) > Arabic: the Activate action and the 422 reason are in Arabic  336ms
   ✓ Charter > scope pre-check: an empty Out of scope reads as failing (EN and AR)  350ms
   ✓ Charter > edit: a whitespace Out of scope is an inline blank error, sends nothing and keeps the value (en)  304ms
   ✓ Design > shows the ten canvas boxes and the per-dimension view  430ms
   ✓ Design > converts an unresolved workshop item into a design decision with If-Match  607ms
   ✓ Evidence > never offers review to the creator; a filename reference can only be rejected  309ms
 ✓ |unit-web| src/auth/session-bound.test.tsx (34 tests) 8293ms
   ✓ F-DG2-530/580 no effect of A's action after a further await once the tab is B's (en) > Y1: a create whose post-create GET /me returns B: B is not navigated and never sees A's code or name  938ms
   ✓ F-DG2-530/580 no effect of A's action after a further await once the tab is B's (en) > Y1c: the same create under one identity still lands on the created record  368ms
   ✓ F-DG2-530/580 no effect of A's action after a further await once the tab is B's (en) > an edit whose identity changes between its awaits: B is not navigated to A's record and keeps nothing of A's  440ms
   ✓ F-DG2-530/580 no effect of A's action after a further await once the tab is B's (en) > an organization create whose identity changes between its awaits: B is not navigated to A's new organization  475ms
   ✓ F-DG2-530/580 no effect of A's action after a further await once the tab is B's (en) > a user create whose identity changes between its awaits: B is not navigated to A's new user  489ms
   ✓ F-DG2-530/580 no effect of A's action after a further await once the tab is B's (ar) > Y1: a create whose post-create GET /me returns B: B is not navigated and never sees A's code or name  557ms
   ✓ F-DG2-530/580 no effect of A's action after a further await once the tab is B's (ar) > an edit whose identity changes between its awaits: B is not navigated to A's record and keeps nothing of A's  402ms
   ✓ F-DG2-530/580 no effect of A's action after a further await once the tab is B's (ar) > an organization create whose identity changes between its awaits: B is not navigated to A's new organization  398ms
   ✓ F-DG2-530/580 no effect of A's action after a further await once the tab is B's (ar) > a user create whose identity changes between its awaits: B is not navigated to A's new user  517ms
   ✓ the convention: no raw navigate or cache write in app code (T-DG2-FE15) > the ESLint rule refuses a raw navigate, a raw cache write and a useNavigate import in a page  1217ms
 ✓ |unit-web| src/pages/render-time-language.test.tsx (28 tests) 7114ms
   ✓ journey step editor, 'en' → 'ar' > a field error on a step follows the switch  625ms
   ✓ journey step editor, 'en' → 'ar' > the form-level "Step N:" error follows the switch (prefix and message)  531ms
   ✓ journey step editor, 'ar' → 'en' > a field error on a step follows the switch  359ms
   ✓ journey step editor, 'ar' → 'en' > the form-level "Step N:" error follows the switch (prefix and message)  456ms
   ✓ row-action note and reason dialog, 'en' → 'ar' > the Finance validation note's 'required' follows the switch  380ms
   ✓ row-action note and reason dialog, 'en' → 'ar' > the Finance validation choice's 'required' follows the switch  366ms
   ✓ row-action note and reason dialog, 'en' → 'ar' > the archive reason's 'too short' follows the switch  349ms
   ✓ row-action note and reason dialog, 'ar' → 'en' > the Finance validation choice's 'required' follows the switch  388ms
   ✓ row-action note and reason dialog, 'ar' → 'en' > the archive reason's 'too short' follows the switch  345ms
   ✓ evidence dialogs, 'en' → 'ar' > upload without a file: 'required' follows the switch  328ms
   ✓ evidence dialogs, 'en' → 'ar' > a link without a record type or record: both 'required' messages follow the switch  305ms
 ✓ |unit-web| src/auth/session-end.test.tsx (12 tests) 6970ms
   ✓ session end while the app is open (en) > a 401 on navigation lands once on sign-in with the message; signing in again returns to the page  1194ms
   ✓ session end while the app is open (en) > a 401 on a dialog mutation (the commit-time upload refusal) closes the dialog and lands once on sign-in  877ms
   ✓ session end while the app is open (en) > a sign-out elsewhere noticed by the next /me probe lands once on sign-in, never on the stale shell  540ms
   ✓ session end while the app is open (en) > a 403 (forbidden) is never treated as a session end  530ms
   ✓ session end while the app is open (ar) > a 401 on navigation lands once on sign-in with the message; signing in again returns to the page  726ms
   ✓ session end while the app is open (ar) > a 401 on a dialog mutation (the commit-time upload refusal) closes the dialog and lands once on sign-in  836ms
   ✓ session end while the app is open (ar) > a sign-out elsewhere noticed by the next /me probe lands once on sign-in, never on the stale shell  462ms
   ✓ session end while the app is open (ar) > a 403 (forbidden) is never treated as a session end  495ms
   ✓ session end under <StrictMode> (as in production) > still lands exactly once on sign-in  575ms
   ✓ sign-in page and the cached identity > decides 'already signed in' only from a fresh /me, never from a stale cache  359ms
   ✓ sign-in page and the cached identity > signing out here shows 'signed out', not 'session ended', and no /me loop  357ms
 ✓ |unit-web| src/auth/session-identity.test.tsx (18 tests) 4981ms
   ✓ F-DG2-500 a session end on the sign-in page (en) > W5: Back to /login after A's session ends, B signs in with the development form: B never sees A's records  807ms
   ✓ F-DG2-500 a session end on the sign-in page (en) > W5b (OIDC mode): B signs in in another tab and this tab's /me re-probe brings B: B never sees A's records  493ms
   ✓ F-DG2-500 sign-out here and 403 (en) > signing out here clears everything; B signing in afterwards never sees A's records  579ms
   ✓ F-DG2-500 a session end on the sign-in page (ar) > W5: Back to /login after A's session ends, B signs in with the development form: B never sees A's records  469ms
   ✓ F-DG2-500 a session end on the sign-in page (ar) > W5b (OIDC mode): B signs in in another tab and this tab's /me re-probe brings B: B never sees A's records  502ms
   ✓ F-DG2-500 an identity change with no session end in this tab (ar) > a refocus /me that returns another identity removes every session query before B renders, and drops A's drafts  326ms
   ✓ F-DG2-500 sign-out here and 403 (ar) > signing out here clears everything; B signing in afterwards never sees A's records  569ms
 ✓ |unit-web| src/pages/team/team.test.tsx (10 tests) 4013ms
   ✓ Team (English LTR) > shows the six governance roles with B0018 accountability text verbatim and who holds each  643ms
   ✓ Team (English LTR) > lists team members with the accountability on each assignment, sortable and filterable  443ms
   ✓ Team (English LTR) > a Transformation Lead assigns a Workstream Lead: Idempotency-Key, reason, accountability preview  390ms
   ✓ Team assign dialog: accountability preview follows the selected role (F-DG2-430) > en: WL on open, then KDS, TD, none and WL again, in StrictMode with no React warning  446ms
   ✓ Team assign dialog: accountability preview follows the selected role (F-DG2-430) > ar: WL on open, then KDS, TD, none and WL again, in StrictMode with no React warning  401ms
   ✓ Team: the success notice follows a language switch, 'en' → 'ar' > the notice is shown in the language now on screen, not the one it was created in  575ms
   ✓ Team: the success notice follows a language switch, 'ar' → 'en' > the notice is shown in the language now on screen, not the one it was created in  494ms
 ✓ |unit-web| src/pages/transformations/transformations.test.tsx (21 tests) 4093ms
   ✓ after create (F-DG1-004) > shows the created record when the server lets the creator read it  593ms
   ✓ after create (F-DG1-004) > explains, in English, that the draft was created but cannot be opened (server 404), instead of 'Not found'  345ms
   ✓ effective permissions refresh after create (F-DG1-210) > English: Edit, Archive and the audit trail appear after create, without a reload  628ms
   ✓ effective permissions refresh after create (F-DG1-210) > Arabic (RTL): the same controls and the audit trail appear after create, without a reload  567ms
 ✓ |unit-web| src/components/LanguageSwitch.test.tsx (10 tests) 2868ms
   ✓ a refused language save, 'en' → other ('403 csrf') > keeps ar on screen and says, in ar, that it was not saved  773ms
   ✓ a refused language save, 'ar' → other ('403 csrf') > keeps en on screen and says, in en, that it was not saved  445ms
   ✓ a refused language save, 'en' → other ('403 forbidden') > keeps ar on screen and says, in ar, that it was not saved  425ms
   ✓ a refused language save, 'ar' → other ('503') > keeps en on screen and says, in en, that it was not saved  400ms
 ✓ |unit-web| src/components/RecordForm.alerts.test.tsx (16 tests) 1473ms
   ✓ record form: one alert per distinct form error (en) > dialog > a 400 whose only field error has pointer "" says its message once, in one live region  341ms
 ✓ |unit-web| src/app/app.test.tsx (17 tests) 2293ms
   ✓ transformations > lists transformations with a sortable code column and removable filter chips  405ms
 ✓ |unit-web| src/components/States.test.tsx (15 tests) 514ms
 ✓ |unit-web| src/pages/transformations/modeGuidance.test.tsx (5 tests) 1228ms
   ✓ New transformation: mode guidance (English LTR) > shows When to use and How for the selected mode and switches with the mode  537ms
 ✓ |unit-web| src/lib/lib.test.ts (24 tests) 77ms
 ✓ |unit-web| src/test/react-warning-guard.test.tsx (4 tests) 45ms
 ✓ |unit-web| src/i18n/i18n.test.ts (11 tests) 25ms
 ✓ |unit-web| src/lib/auditChanges.test.ts (15 tests) 25ms
 ✓ |unit-web| src/i18n/glossary.test.ts (8 tests) 13ms
 ✓ |unit-web| src/styles/styles.test.ts (6 tests) 28ms
 ✓ |unit-web| src/test/harness-config.test.ts (2 tests) 3ms
 ✓ |unit-node| apps/api/src/modules/workflows/workflows.test.ts (14 tests) 882ms
   ✓ workflows module (P2) > its declared boundary holds, and an undeclared dependency would be caught  787ms
 ✓ |unit-node| apps/api/src/modules/kpi/kpi.test.ts (18 tests) 740ms
   ✓ kpi module (P2) > its declared boundary holds, and a planted bypass or undeclared dependency would be caught  676ms
 ✓ |unit-node| apps/api/src/architecture.test.ts (135 tests) 4260ms
   ✓ API module boundaries (ADR-0002) > every import respects dependsOn, public surfaces and allowed packages  2514ms
   ✓ package dependency direction (ADR-0002 rule 5) > apps/web never imports @mth/db or @mth/config (browser bundle, no secrets)  837ms
 ✓ |unit-node| apps/api/src/modules/evidence/evidence.test.ts (13 tests) 361ms
   ✓ evidence module (P2) > its declared boundary holds  308ms
 ✓ |unit-node| apps/api/src/modules/platform/in-flight.test.ts (4 tests) 285ms
 ✓ |unit-node| apps/api/src/server.test.ts (6 tests) 282ms
 ✓ |unit-node| packages/shared/src/value.test.ts (29 tests) 177ms
 ✓ |unit-node| packages/shared/src/schemas/schemas.test.ts (69 tests) 171ms
 ✓ |unit-node| apps/api/src/modules/methodology/methodology.test.ts (4 tests) 218ms
 ✓ |unit-node| apps/api/src/modules/platform/media-types.test.ts (57 tests) 128ms
 ✓ |unit-node| apps/api/src/modules/reporting/reporting.test.ts (4 tests) 106ms
 ✓ |unit-node| packages/config/src/load.test.ts (17 tests) 83ms
 ✓ |unit-node| apps/api/src/modules/platform/platform.test.ts (19 tests) 131ms
 ✓ |unit-node| apps/api/src/modules/platform/connection-hygiene.test.ts (6 tests) 80ms
 ✓ |unit-node| apps/api/src/modules/platform/health.test.ts (2 tests) 51ms
 ✓ |unit-node| apps/api/src/modules/platform/incomplete-body.test.ts (10 tests) 75ms
 ✓ |unit-node| apps/api/src/request-encoding.test.ts (11 tests) 61ms
 ✓ |unit-node| apps/api/src/modules/kpi/rules.test.ts (30 tests) 41ms
 ✓ |unit-node| packages/design-tokens/src/tokens.test.ts (15 tests) 37ms
 ✓ |unit-node| packages/db/src/seed.test.ts (10 tests) 26ms
(node:886) [FSTDEP022] FastifyWarning: The router options for constraints property access is deprecated. Please use "options.routerOptions" instead for accessing router options. The router options will be removed in `fastify@6`.
(Use `node --trace-warnings ...` to show where the warning was created)
 ✓ |unit-node| apps/api/src/modules/platform/framework-errors.test.ts (6 tests) 36ms
 ✓ |unit-node| apps/api/src/modules/admin/branding.test.ts (4 tests) 33ms
 ✓ |unit-node| apps/api/src/modules/transformations/good-outcome.test.ts (7 tests) 19ms
 ✓ |unit-node| apps/api/src/modules/access/rules.test.ts (12 tests) 9ms
 ✓ |unit-node| apps/api/src/modules/platform/request-encoding.test.ts (7 tests) 9ms
 ✓ |unit-node| apps/api/src/modules/transformations/thesis.test.ts (4 tests) 12ms
 ✓ |unit-node| apps/api/src/modules/identity/oidc-claims.test.ts (5 tests) 6ms
 ✓ |unit-node| apps/api/src/modules/transformations/exclusions.test.ts (19 tests) 6ms
 ✓ |unit-node| apps/api/src/modules/transformations/transitions.test.ts (2 tests) 3ms

 Test Files  50 passed (50)
      Tests  929 passed (929)
   Start at  21:51:17
   Duration  47.86s (transform 3.29s, setup 2.46s, collect 27.12s, tests 88.00s, environment 11.41s, prepare 4.01s)

EXIT=0
