
> mobily-transformation-hub@0.1.0 test /home/user/wt/dg4-be-j
> vitest run --project unit-node --project unit-web && vitest run --project unit-formula-nocodegen


 RUN  v3.2.4 /home/user/wt/dg4-be-j

 ✓ |unit-web| src/pages/prioritization/prioritization.test.tsx (20 tests) 17839ms
   ✓ prioritization (en) > ranked table: an incomplete score is 'incomplete' (never a number), 3.30 complete; 0–100 shows 57.5 with its label  1310ms
   ✓ prioritization (en) > scorecard: 6 is refused inline and nothing is sent; 4 is POSTed as the integer; the weighted score is read-only 'incomplete'  1748ms
   ✓ prioritization (en) > weight sets: the live total refuses 95% and 105%; 100% is accepted and POSTed as decimal strings  420ms
   ✓ prioritization (en) > weight sets: the proposer is never offered approval; another approver's approval is a business approval with If-Match; 403 SoD is translated  1995ms
   ✓ prioritization (en) > weight set approval: a 409 shows the conflict banner and reloads  596ms
   ✓ prioritization (en) > overrides: a reason is required (missing and invisible-only are refused, nothing sent); with a reason it is POSTed  727ms
   ✓ prioritization (en) > the read-only auditor sees the data and no enabled write control  961ms
   ✓ prioritization (en) > a portfolio above 500 eligible initiatives is the translated 422 state, not an empty table  434ms
   ✓ prioritization (en) > never mentions a delivery gate (DG0–DG7)  1018ms
   ✓ prioritization (ar) > ranked table: an incomplete score is 'incomplete' (never a number), 3.30 complete; 0–100 shows 57.5 with its label  1332ms
   ✓ prioritization (ar) > scorecard: 6 is refused inline and nothing is sent; 4 is POSTed as the integer; the weighted score is read-only 'incomplete'  1674ms
   ✓ prioritization (ar) > weight sets: the live total refuses 95% and 105%; 100% is accepted and POSTed as decimal strings  752ms
   ✓ prioritization (ar) > weight sets: the proposer is never offered approval; another approver's approval is a business approval with If-Match; 403 SoD is translated  1769ms
   ✓ prioritization (ar) > weight set approval: a 409 shows the conflict banner and reloads  914ms
   ✓ prioritization (ar) > overrides: a reason is required (missing and invisible-only are refused, nothing sent); with a reason it is POSTed  496ms
   ✓ prioritization (ar) > the read-only auditor sees the data and no enabled write control  623ms
   ✓ prioritization (ar) > never mentions a delivery gate (DG0–DG7)  366ms
 ✓ |unit-web| src/pages/p2.test.tsx (56 tests) 52571ms
   ✓ Diagnose > shows the six T01 dimensions with Unknown for missing values, and value pools that are never 0  1360ms
   ✓ Diagnose > shows the totals as Unknown when no pool is quantified  1135ms
   ✓ Diagnose > renders the six workstreams with their key questions  1140ms
   ✓ Diagnose > edits a T01 row with only the changed fields and If-Match  682ms
   ✓ Diagnose > a 409 on save writes nothing, compares, and re-applies on the current version  954ms
   ✓ Diagnose > a 400 validation.blank shows a localized message on its field ('en')  2640ms
   ✓ Diagnose > a 400 validation.blank shows a localized message on its field ('ar')  2025ms
   ✓ Diagnose > an invisible-only value is blocked client-side with validation.blank ('en')  2613ms
   ✓ Diagnose > an invisible-only value is blocked client-side with validation.blank ('ar')  2188ms
   ✓ Diagnose > a whitespace-only T01 value is an inline blank error and sends nothing ('en')  1628ms
   ✓ Diagnose > a whitespace-only T01 value is an inline blank error and sends nothing ('ar')  1405ms
   ✓ Diagnose > T01: an emptied field is sent as an explicit null; visible text is sent verbatim  1725ms
   ✓ Diagnose > Arabic: RTL with Arabic labels and the unquantified label  448ms
   ✓ Define > shows the good outcome test per outcome with pass / fail / unknown and localized reasons  512ms
   ✓ Define > requires a target date on a T02 row before sending anything  889ms
   ✓ Define > sets the North Star with one sentence and no If-Match the first time  733ms
   ✓ Define: KPI activation (F-DG2-201) > offers Activate on a draft KPI, states the unmet precondition on 422, then activates with If-Match  1084ms
   ✓ Define: KPI activation (F-DG2-201) > Arabic: the Activate action and the 422 reason are in Arabic  1783ms
   ✓ Define: KPI activation (F-DG2-201) > an active KPI shows Active and offers no Activate  506ms
   ✓ Charter > shows the 14 fields, the thesis, the five scope checks with pre-checks and the top-outcomes warning  416ms
   ✓ Charter > scope pre-check: an empty Out of scope reads as failing (EN and AR)  1472ms
   ✓ Charter > thesis: the four parts compose the B0037 sentence (EN and AR)  539ms
   ✓ Charter > compares a version with the previous one  824ms
   ✓ Charter > create: a whitespace Case for change is an inline blank error and creates nothing ('en')  409ms
   ✓ Charter > create: a whitespace Case for change is an inline blank error and creates nothing ('ar')  697ms
   ✓ Charter > edit: a whitespace Out of scope is an inline blank error, sends nothing and keeps the value (en)  1001ms
   ✓ Charter > edit: a whitespace Out of scope is an inline blank error, sends nothing and keeps the value (ar)  881ms
   ✓ Charter > edit: emptying a filled field sends null; visible text is verbatim (en)  1196ms
   ✓ Charter > edit: emptying a filled field sends null; visible text is verbatim (ar)  1038ms
   ✓ Charter > edit: a change summary alone is not a change (never a content-free version)  1328ms
   ✓ Charter > offers to create the charter when none exists  349ms
   ✓ Design > shows the ten canvas boxes and the per-dimension view  1581ms
   ✓ Design > converts an unresolved workshop item into a design decision with If-Match  3004ms
   ✓ Decisions (T04) > creates a design decision with inline options and an idempotency key  923ms
   ✓ Gates (business approval) > lists G1-G6 as business approvals with live readiness, and never mentions the engineering gates  1241ms
   ✓ Gates (business approval) > shows unverified evidence as unverified, the failing outcome at G2, and submits with If-Match  672ms
   ✓ Gates (business approval) > the approver's decision: rationale required; 403 and 409 problems in words  1263ms
   ✓ Gates (business approval) > gate list titles: the verbatim B0023 name once, never the code twice (EN and AR)  452ms
   ✓ Gates (business approval) > gate detail heading: the verbatim B0023 name once (EN and AR)  593ms
   ✓ Evidence > uploads a revision as octet-stream with a percent-encoded file name and If-Match  1784ms
   ✓ Evidence > never offers review to the creator; a filename reference can only be rejected  1869ms
   ✓ read-only auditor (AUD) > diagnose: no write control and a read-only note  432ms
   ✓ read-only auditor (AUD) > charter: no write control and a read-only note  377ms
   ✓ read-only auditor (AUD) > define: no write control and a read-only note  307ms
   ✓ read-only auditor (AUD) > design: no write control and a read-only note  448ms
 ✓ |unit-web| src/pages/p2-blank-forms.test.tsx (52 tests) 53921ms
   ✓ gate submission note (en) > a whitespace-only note is refused inline and nothing is sent  742ms
   ✓ gate submission note (en) > a invisible-only note is refused inline and nothing is sent  1909ms
   ✓ gate submission note (en) > visible text is sent verbatim; an empty note is omitted  1366ms
   ✓ gate submission note (ar) > a invisible-only note is refused inline and nothing is sent  348ms
   ✓ gate submission note (ar) > visible text is sent verbatim; an empty note is omitted  1020ms
   ✓ gate decision rationale and comments (en) > a whitespace-only rationale is refused inline and nothing is sent  585ms
   ✓ gate decision rationale and comments (en) > a invisible-only rationale is refused inline and nothing is sent  724ms
   ✓ gate decision rationale and comments (en) > a invisible (long enough for min 3)-only rationale is refused inline and nothing is sent  1408ms
   ✓ gate decision rationale and comments (en) > a whitespace-only comment is refused inline (focus on it) and nothing is sent  1298ms
   ✓ gate decision rationale and comments (en) > a invisible-only comment is refused inline (focus on it) and nothing is sent  941ms
   ✓ gate decision rationale and comments (en) > visible text is sent verbatim; empty comments are omitted; an empty rationale stays 'too short'  1396ms
   ✓ gate decision rationale and comments (en) > a server 400 validation.blank on /rationale lands on the field  1227ms
   ✓ gate decision rationale and comments (ar) > a whitespace-only rationale is refused inline and nothing is sent  989ms
   ✓ gate decision rationale and comments (ar) > a invisible-only rationale is refused inline and nothing is sent  609ms
   ✓ gate decision rationale and comments (ar) > a invisible (long enough for min 3)-only rationale is refused inline and nothing is sent  1006ms
   ✓ gate decision rationale and comments (ar) > a whitespace-only comment is refused inline (focus on it) and nothing is sent  815ms
   ✓ gate decision rationale and comments (ar) > a invisible-only comment is refused inline (focus on it) and nothing is sent  819ms
   ✓ gate decision rationale and comments (ar) > visible text is sent verbatim; empty comments are omitted; an empty rationale stays 'too short'  1242ms
   ✓ gate decision rationale and comments (ar) > a server 400 validation.blank on /rationale lands on the field  894ms
   ✓ journey step editor (en) > a whitespace-only actor is refused inline (not turned into null) and nothing is sent  904ms
   ✓ journey step editor (en) > a invisible-only actor is refused inline (not turned into null) and nothing is sent  1100ms
   ✓ journey step editor (en) > several blank fields: each gets the message and focus goes to the first (name)  1367ms
   ✓ journey step editor (en) > visible text is sent verbatim; emptied optional text is null; an empty name is required  1426ms
   ✓ journey step editor (ar) > a whitespace-only actor is refused inline (not turned into null) and nothing is sent  1016ms
   ✓ journey step editor (ar) > a invisible-only actor is refused inline (not turned into null) and nothing is sent  1146ms
   ✓ journey step editor (ar) > several blank fields: each gets the message and focus goes to the first (name)  909ms
   ✓ journey step editor (ar) > visible text is sent verbatim; emptied optional text is null; an empty name is required  1621ms
   ✓ Finance validation note and archive reason (en) > note: a whitespace-only note is refused inline and nothing is sent  1306ms
   ✓ Finance validation note and archive reason (en) > note: a invisible-only note is refused inline and nothing is sent  1179ms
   ✓ Finance validation note and archive reason (en) > note: empty is 'required'; visible text is sent verbatim  1667ms
   ✓ Finance validation note and archive reason (en) > reason: a whitespace-only reason is refused inline and nothing is archived  846ms
   ✓ Finance validation note and archive reason (en) > reason: a invisible-only reason is refused inline and nothing is archived  1072ms
   ✓ Finance validation note and archive reason (en) > reason: a server 400 validation.blank on /reason is the field message, not a generic error  893ms
   ✓ Finance validation note and archive reason (en) > reason: a reason with U+0000 is refused inline with the localized message and nothing is archived  667ms
   ✓ Finance validation note and archive reason (en) > reason: a server 400 validation.invalid_character on /reason is the localized field message  646ms
   ✓ Finance validation note and archive reason (en) > reason: empty keeps 'too short'; visible text is sent verbatim  1172ms
   ✓ Finance validation note and archive reason (ar) > note: a whitespace-only note is refused inline and nothing is sent  2078ms
   ✓ Finance validation note and archive reason (ar) > note: a invisible-only note is refused inline and nothing is sent  1315ms
   ✓ Finance validation note and archive reason (ar) > note: empty is 'required'; visible text is sent verbatim  1136ms
   ✓ Finance validation note and archive reason (ar) > reason: a whitespace-only reason is refused inline and nothing is archived  745ms
   ✓ Finance validation note and archive reason (ar) > reason: a invisible-only reason is refused inline and nothing is archived  1310ms
   ✓ Finance validation note and archive reason (ar) > reason: a server 400 validation.blank on /reason is the field message, not a generic error  832ms
   ✓ Finance validation note and archive reason (ar) > reason: a reason with U+0000 is refused inline with the localized message and nothing is archived  695ms
   ✓ Finance validation note and archive reason (ar) > reason: a server 400 validation.invalid_character on /reason is the localized field message  1601ms
   ✓ Finance validation note and archive reason (ar) > reason: empty keeps 'too short'; visible text is sent verbatim  1958ms
   ✓ North Star statement (en) > a whitespace-only statement is refused inline and nothing is sent  491ms
   ✓ North Star statement (en) > a invisible-only statement is refused inline and nothing is sent  521ms
   ✓ North Star statement (ar) > a whitespace-only statement is refused inline and nothing is sent  590ms
   ✓ North Star statement (ar) > a invisible-only statement is refused inline and nothing is sent  1673ms
 ✓ |unit-web| src/pages/render-time-language.test.tsx (28 tests) 33546ms
   ✓ sign-in (dev form), 'en' → 'ar' > an invalid user name: the inline message follows the switch  1105ms
   ✓ journey step editor, 'en' → 'ar' > a field error on a step follows the switch  2804ms
   ✓ journey step editor, 'en' → 'ar' > the form-level "Step N:" error follows the switch (prefix and message)  1966ms
   ✓ journey step editor, 'ar' → 'en' > a field error on a step follows the switch  1659ms
   ✓ journey step editor, 'ar' → 'en' > the form-level "Step N:" error follows the switch (prefix and message)  1600ms
   ✓ row-action note and reason dialog, 'en' → 'ar' > the Finance validation note's 'required' follows the switch  2569ms
   ✓ row-action note and reason dialog, 'en' → 'ar' > the Finance validation choice's 'required' follows the switch  1365ms
   ✓ row-action note and reason dialog, 'en' → 'ar' > the archive reason's 'too short' follows the switch  1896ms
   ✓ row-action note and reason dialog, 'ar' → 'en' > the Finance validation note's 'required' follows the switch  2951ms
   ✓ row-action note and reason dialog, 'ar' → 'en' > the Finance validation choice's 'required' follows the switch  2200ms
   ✓ row-action note and reason dialog, 'ar' → 'en' > the archive reason's 'too short' follows the switch  1307ms
   ✓ gate dialogs, 'en' → 'ar' > the submission note's field error follows the switch  659ms
   ✓ gate dialogs, 'en' → 'ar' > the decision rationale's field error follows the switch  1363ms
   ✓ gate dialogs, 'ar' → 'en' > the submission note's field error follows the switch  2112ms
   ✓ gate dialogs, 'ar' → 'en' > the decision rationale's field error follows the switch  1176ms
   ✓ North Star statement, 'en' → 'ar' > the statement's field error follows the switch  1364ms
   ✓ North Star statement, 'ar' → 'en' > the statement's field error follows the switch  705ms
   ✓ evidence dialogs, 'en' → 'ar' > upload without a file: 'required' follows the switch  1562ms
   ✓ evidence dialogs, 'en' → 'ar' > a link without a record type or record: both 'required' messages follow the switch  653ms
   ✓ evidence dialogs, 'ar' → 'en' > upload without a file: 'required' follows the switch  886ms
   ✓ evidence dialogs, 'ar' → 'en' > a link without a record type or record: both 'required' messages follow the switch  654ms
 ✓ |unit-web| src/pages/business-cases/business-cases.test.tsx (18 tests) 16557ms
   ✓ business cases (en) > register: levels, Finance baseline states with text (Stale is never green) and drafts  1585ms
   ✓ business cases (en) > detail: all ten sections, totals with gross / cost / net apart, net Unknown (never 0), roll-up by reference  684ms
   ✓ business cases (en) > totals: a partial total says how many Unknown lines it leaves out  689ms
   ✓ business cases (en) > sections: saves only the changed section with If-Match; blank text is refused inline and nothing is sent  1792ms
   ✓ business cases (en) > sections: a 409 shows the standard conflict panel (nothing saved) with the current values  676ms
   ✓ business cases (en) > lines: exactly one class from one select; the value basis follows the class; a 422 is translated  635ms
   ✓ business cases (en) > Finance validation: a business approval for FIN who did not author the case; If-Match; translated 403  910ms
   ✓ business cases (en) > Finance validation: the case author sees no validate action, only the separation-of-duties note  338ms
   ✓ business cases (en) > read-only auditor: the ten sections as text, no enabled write control, the read-only note  620ms
   ✓ business cases (ar) > register: levels, Finance baseline states with text (Stale is never green) and drafts  922ms
   ✓ business cases (ar) > detail: all ten sections, totals with gross / cost / net apart, net Unknown (never 0), roll-up by reference  866ms
   ✓ business cases (ar) > totals: a partial total says how many Unknown lines it leaves out  530ms
   ✓ business cases (ar) > sections: saves only the changed section with If-Match; blank text is refused inline and nothing is sent  1846ms
   ✓ business cases (ar) > sections: a 409 shows the standard conflict panel (nothing saved) with the current values  1086ms
   ✓ business cases (ar) > lines: exactly one class from one select; the value basis follows the class; a 422 is translated  1316ms
   ✓ business cases (ar) > Finance validation: a business approval for FIN who did not author the case; If-Match; translated 403  833ms
   ✓ business cases (ar) > Finance validation: the case author sees no validate action, only the separation-of-duties note  526ms
   ✓ business cases (ar) > read-only auditor: the ten sections as text, no enabled write control, the read-only note  701ms
 ✓ |unit-web| src/auth/session-bound.test.tsx (34 tests) 20083ms
   ✓ F-DG2-530/580 no effect of A's action after a further await once the tab is B's (en) > Y1: a create whose post-create GET /me returns B: B is not navigated and never sees A's code or name  1920ms
   ✓ F-DG2-530/580 no effect of A's action after a further await once the tab is B's (en) > Y1c: the same create under one identity still lands on the created record  641ms
   ✓ F-DG2-530/580 no effect of A's action after a further await once the tab is B's (en) > an edit whose identity changes between its awaits: B is not navigated to A's record and keeps nothing of A's  551ms
   ✓ F-DG2-530/580 no effect of A's action after a further await once the tab is B's (en) > an organization create whose identity changes between its awaits: B is not navigated to A's new organization  680ms
   ✓ F-DG2-530/580 no effect of A's action after a further await once the tab is B's (en) > a user create whose identity changes between its awaits: B is not navigated to A's new user  821ms
   ✓ F-DG2-530/580 no effect of A's action after a further await once the tab is B's (en) > sanity: the organization and user creates under one identity still navigate to the new record  1423ms
   ✓ F-DG2-570 the header and the data of ONE identity on in-app navigation (en) > N1: B signed in elsewhere, no focus event: opening A's record asks GET /me first; B's header above B's answer  477ms
   ✓ F-DG2-570 the header and the data of ONE identity on in-app navigation (en) > N2: opening the list: B's header with B's list and B's permissions, never A's header or A's empty-state  674ms
   ✓ F-DG2-570 the header and the data of ONE identity on in-app navigation (en) > N0 (the reviewer's Y5): B signed in a moment ago, no time passes, no focus event: the next page is B's under B's header  548ms
   ✓ F-DG2-570 the header and the data of ONE identity on in-app navigation (en) > bounded: one GET /me per navigation, shared by the page's burst; other GETs only after the window; same identity kept  799ms
   ✓ F-DG2-530/580 no effect of A's action after a further await once the tab is B's (ar) > Y1: a create whose post-create GET /me returns B: B is not navigated and never sees A's code or name  843ms
   ✓ F-DG2-530/580 no effect of A's action after a further await once the tab is B's (ar) > Y1c: the same create under one identity still lands on the created record  431ms
   ✓ F-DG2-530/580 no effect of A's action after a further await once the tab is B's (ar) > Y1c (not visible to the creator): the creator still gets 'created, but you cannot open it' with the 201's code  411ms
   ✓ F-DG2-530/580 no effect of A's action after a further await once the tab is B's (ar) > router state left in history (Back/Forward) never shows A's created record to B  459ms
   ✓ F-DG2-530/580 no effect of A's action after a further await once the tab is B's (ar) > an edit whose identity changes between its awaits: B is not navigated to A's record and keeps nothing of A's  496ms
   ✓ F-DG2-530/580 no effect of A's action after a further await once the tab is B's (ar) > an organization create whose identity changes between its awaits: B is not navigated to A's new organization  619ms
   ✓ F-DG2-530/580 no effect of A's action after a further await once the tab is B's (ar) > a user create whose identity changes between its awaits: B is not navigated to A's new user  598ms
   ✓ F-DG2-530/580 no effect of A's action after a further await once the tab is B's (ar) > sanity: the organization and user creates under one identity still navigate to the new record  763ms
   ✓ F-DG2-570 the header and the data of ONE identity on in-app navigation (ar) > bounded: one GET /me per navigation, shared by the page's burst; other GETs only after the window; same identity kept  680ms
   ✓ F-DG2-570 the header and the data of ONE identity on in-app navigation (ar) > writes neither wait for nor trigger the recheck: the save goes out at once with the user's own CSRF token  620ms
   ✓ the convention: no raw navigate or cache write in app code (T-DG2-FE15) > the ESLint rule refuses a raw navigate, a raw cache write and a useNavigate import in a page  3498ms
 ✓ |unit-web| src/pages/portfolio/portfolio.test.tsx (32 tests) 23832ms
   ✓ Portfolio (en) > lists code, name, wave, owners and three separate columns: proposed rank, selection and funding  1084ms
   ✓ Portfolio (en) > the proposed rank is Unknown (never 0) when the prioritization view is unavailable  927ms
   ✓ Portfolio (en) > filters by status and wave on the server  679ms
   ✓ Portfolio (en) > creates a draft at any time: POST /initiatives with the transformation and an Idempotency-Key  1393ms
   ✓ Portfolio (en) > the read-only auditor sees the list with no enabled write control  1377ms
   ✓ Portfolio (ar) > lists code, name, wave, owners and three separate columns: proposed rank, selection and funding  390ms
   ✓ Portfolio (ar) > filters by status and wave on the server  577ms
   ✓ Portfolio (ar) > creates a draft at any time: POST /initiatives with the transformation and an Idempotency-Key  1330ms
   ✓ Portfolio (ar) > the read-only auditor sees the list with no enabled write control  968ms
   ✓ Portfolio (ar) > outcome hierarchy: five levels, an Unknown target is Unknown (never 0)  502ms
   ✓ Initiative Card (en) > shows all 14 T05 fields in the source order and the 3-7 deliverables warning (a warning, not a block)  1252ms
   ✓ Initiative Card (en) > submit refused: 'Case for change not yet approved (G1)…' is the dialog's one translated alert  964ms
   ✓ Initiative Card (en) > submit refused: 'Outcome before activity…' (validation at /outcomeContributions) is translated  785ms
   ✓ Initiative Card (en) > launch refused: 'North Star, outcomes and target state not yet approved', then 'Selected - unfunded…'  1188ms
   ✓ Initiative Card (en) > select is a labelled business approval: rationale required, If-Match, no 'on behalf of' control  845ms
   ✓ Initiative Card (en) > a 409 shows the conflict banner and reloads  607ms
   ✓ Initiative Card (en) > a gap link to another TOM record shows 'A project portfolio is not a Target Operating Model…'  702ms
   ✓ Initiative Card (en) > an outcome contribution needs an outcome; the KPI is optional and labelled so  675ms
   ✓ Initiative Card (en) > the read-only auditor sees the card with no enabled write control  457ms
   ✓ Initiative Card (ar) > submit refused: 'Case for change not yet approved (G1)…' is the dialog's one translated alert  556ms
   ✓ Initiative Card (ar) > submit refused: 'Outcome before activity…' (validation at /outcomeContributions) is translated  639ms
   ✓ Initiative Card (ar) > launch refused: 'North Star, outcomes and target state not yet approved', then 'Selected - unfunded…'  1650ms
   ✓ Initiative Card (ar) > select is a labelled business approval: rationale required, If-Match, no 'on behalf of' control  1007ms
   ✓ Initiative Card (ar) > a 409 shows the conflict banner and reloads  705ms
   ✓ Initiative Card (ar) > a gap link to another TOM record shows 'A project portfolio is not a Target Operating Model…'  621ms
   ✓ Initiative Card (ar) > an outcome contribution needs an outcome; the KPI is optional and labelled so  488ms
 ✓ |unit-web| src/pages/gates/g4.test.tsx (16 tests) 7101ms
   ✓ G4 refusal item by item (en) > two initiatives without owners: two separate translated 'Owners' items, never the joined English message  1101ms
   ✓ G4 refusal item by item (en) > without a usable gate view: one translated line per refused criterion, never the English message  841ms
   ✓ G4 refusal item by item (ar) > two initiatives without owners: two separate translated 'Owners' items, never the joined English message  652ms
   ✓ G4 refusal item by item (ar) > without a usable gate view: one translated line per refused criterion, never the English message  551ms
   ✓ G4 view (en) > the decision's 403 urn:mth:problem:forbidden is translated  796ms
   ✓ G4 view (en) > the decision's 403 urn:mth:problem:forbidden is translated  900ms
   ✓ G4 view (en) > the decision's 409 urn:mth:problem:version-conflict is translated  335ms
   ✓ G4 view (ar) > the decision's 403 urn:mth:problem:forbidden is translated  365ms
   ✓ G4 view (ar) > the decision's 409 urn:mth:problem:version-conflict is translated  441ms
 ✓ |unit-web| src/auth/session-generation.test.tsx (26 tests) 14060ms
   ✓ F-DG2-530 a write in flight across an identity change (en) > X3: A's PATCH answered after B's /me is not written into B's cache, not shown, and does not navigate B  1750ms
   ✓ F-DG2-530 a write in flight across an identity change (en) > X3b: the same after a session END here and B's sign-in: A's late answer never lands  911ms
   ✓ F-DG2-530 a write in flight across an identity change (en) > an archive in flight across an identity change: A's archived record never lands in B's cache  674ms
   ✓ F-DG2-530 a write in flight across an identity change (en) > an organization save in flight across an identity change: A's change is never stored under B  718ms
   ✓ F-DG2-530 a write in flight across an identity change (en) > a user save in flight across an identity change: A's change is never stored under B  897ms
   ✓ F-DG2-530 a write in flight across an identity change (en) > a same-person new session: the in-flight save is dropped silently, the draft is kept and usable  635ms
   ✓ F-DG2-530 a write in flight across an identity change (en) > a language save retried after a 409 is never written for the identity that replaced A  406ms
   ✓ F-DG2-530 X6: refocus and reconnect revalidate GET /me first (en) > after B signs in elsewhere, a refocus within /me's staleTime shows B's header with B's data, never A's  849ms
   ✓ F-DG2-530 X6: refocus and reconnect revalidate GET /me first (en) > the same identity: a refocus refetches /me once, then the stale page queries; nothing when all is fresh  509ms
   ✓ F-DG2-530 a write in flight across an identity change (ar) > X3: A's PATCH answered after B's /me is not written into B's cache, not shown, and does not navigate B  607ms
   ✓ F-DG2-530 a write in flight across an identity change (ar) > X3b: the same after a session END here and B's sign-in: A's late answer never lands  580ms
   ✓ F-DG2-530 a write in flight across an identity change (ar) > an archive in flight across an identity change: A's archived record never lands in B's cache  1196ms
   ✓ F-DG2-530 a write in flight across an identity change (ar) > an organization save in flight across an identity change: A's change is never stored under B  836ms
   ✓ F-DG2-530 a write in flight across an identity change (ar) > a user save in flight across an identity change: A's change is never stored under B  689ms
   ✓ F-DG2-530 a write in flight across an identity change (ar) > a same-person new session: the in-flight save is dropped silently, the draft is kept and usable  592ms
   ✓ F-DG2-530 a write in flight across an identity change (ar) > a language save retried after a 409 is never written for the identity that replaced A  306ms
   ✓ F-DG2-530 X6: refocus and reconnect revalidate GET /me first (ar) > after B signs in elsewhere, a refocus within /me's staleTime shows B's header with B's data, never A's  395ms
   ✓ F-DG2-530 X6: refocus and reconnect revalidate GET /me first (ar) > the same identity: a refocus refetches /me once, then the stale page queries; nothing when all is fresh  569ms
 ✓ |unit-web| src/auth/session-end.test.tsx (12 tests) 12882ms
   ✓ session end while the app is open (en) > a 401 on navigation lands once on sign-in with the message; signing in again returns to the page  2532ms
   ✓ session end while the app is open (en) > a 401 on a dialog mutation (the commit-time upload refusal) closes the dialog and lands once on sign-in  1891ms
   ✓ session end while the app is open (en) > a sign-out elsewhere noticed by the next /me probe lands once on sign-in, never on the stale shell  593ms
   ✓ session end while the app is open (en) > a 403 (forbidden) is never treated as a session end  1043ms
   ✓ session end while the app is open (ar) > a 401 on navigation lands once on sign-in with the message; signing in again returns to the page  1259ms
   ✓ session end while the app is open (ar) > a 401 on a dialog mutation (the commit-time upload refusal) closes the dialog and lands once on sign-in  1561ms
   ✓ session end while the app is open (ar) > a sign-out elsewhere noticed by the next /me probe lands once on sign-in, never on the stale shell  484ms
   ✓ session end while the app is open (ar) > a 403 (forbidden) is never treated as a session end  1143ms
   ✓ session end under <StrictMode> (as in production) > still lands exactly once on sign-in  1172ms
   ✓ sign-in page and the cached identity > decides 'already signed in' only from a fresh /me, never from a stale cache  449ms
   ✓ sign-in page and the cached identity > signing out here shows 'signed out', not 'session ended', and no /me loop  654ms
 ✓ |unit-web| src/auth/session-identity.test.tsx (18 tests) 12531ms
   ✓ F-DG2-500 a session end on the sign-in page (en) > W5: Back to /login after A's session ends, B signs in with the development form: B never sees A's records  1585ms
   ✓ F-DG2-500 a session end on the sign-in page (en) > W5b (OIDC mode): B signs in in another tab and this tab's /me re-probe brings B: B never sees A's records  930ms
   ✓ F-DG2-500 an identity change with no session end in this tab (en) > a refocus /me that returns another identity removes every session query before B renders, and drops A's drafts  768ms
   ✓ F-DG2-500 an identity change with no session end in this tab (en) > a new session of the same person (signed in again elsewhere) refetches the queries but keeps their own draft  445ms
   ✓ F-DG2-500 an identity change with no session end in this tab (en) > the same identity re-probed (window refocus) keeps the cache and the page state  317ms
   ✓ F-DG2-500 sign-out here and 403 (en) > signing out here clears everything; B signing in afterwards never sees A's records  1827ms
   ✓ F-DG2-500 a session end on the sign-in page (ar) > W5: Back to /login after A's session ends, B signs in with the development form: B never sees A's records  1018ms
   ✓ F-DG2-500 a session end on the sign-in page (ar) > W5b (OIDC mode): B signs in in another tab and this tab's /me re-probe brings B: B never sees A's records  793ms
   ✓ F-DG2-500 an identity change with no session end in this tab (ar) > a refocus /me that returns another identity removes every session query before B renders, and drops A's drafts  1487ms
   ✓ F-DG2-500 an identity change with no session end in this tab (ar) > a new session of the same person (signed in again elsewhere) refetches the queries but keeps their own draft  685ms
   ✓ F-DG2-500 an identity change with no session end in this tab (ar) > the same identity re-probed (window refocus) keeps the cache and the page state  659ms
   ✓ F-DG2-500 sign-out here and 403 (ar) > signing out here clears everything; B signing in afterwards never sees A's records  1207ms
   ✓ F-DG2-500 sign-out here and 403 (ar) > a 403 is never a session end: the phase, the identity and the cache are kept  551ms
 ✓ |unit-web| src/pages/benefit-formulas/benefit-formulas.test.tsx (18 tests) 15963ms
   ✓ T09 benefit formulas (en) > register: the six T09 columns with confidence H/M/L; examples marked illustrative with 100000 and 500000 SAR per year  2396ms
   ✓ T09 benefit formulas (en) > builder: an undefined variable shows translated, with its position, before saving; nothing is sent  825ms
   ✓ T09 benefit formulas (en) > builder: monthly ARPU × annual customers is a period mismatch, translated, before saving  444ms
   ✓ T09 benefit formulas (en) > builder: a fraction is entered as percent and stored as a fraction; a version is saved with If-Match  1701ms
   ✓ T09 benefit formulas (en) > builder: a fraction difference shows percentage points (translated suffix), never %  463ms
   ✓ T09 benefit formulas (en) > builder: a 409 shows the standard conflict panel; nothing was saved  1048ms
   ✓ T09 benefit formulas (en) > Finance validation of a version: a business approval by FIN; the author cannot; translated refusal  819ms
   ✓ T09 benefit formulas (en) > read-only auditor: no builder, no write control, the read-only note; a validated version reads Validated  313ms
   ✓ T09 benefit formulas (ar) > register: the six T09 columns with confidence H/M/L; examples marked illustrative with 100000 and 500000 SAR per year  1373ms
   ✓ T09 benefit formulas (ar) > builder: an undefined variable shows translated, with its position, before saving; nothing is sent  2160ms
   ✓ T09 benefit formulas (ar) > builder: monthly ARPU × annual customers is a period mismatch, translated, before saving  444ms
   ✓ T09 benefit formulas (ar) > builder: a fraction is entered as percent and stored as a fraction; a version is saved with If-Match  949ms
   ✓ T09 benefit formulas (ar) > builder: a fraction difference shows percentage points (translated suffix), never %  928ms
   ✓ T09 benefit formulas (ar) > builder: a 409 shows the standard conflict panel; nothing was saved  713ms
   ✓ T09 benefit formulas (ar) > Finance validation of a version: a business approval by FIN; the author cannot; translated refusal  520ms
   ✓ T09 benefit formulas (ar) > Finance validation: the version's author sees the separation-of-duties note and no action  364ms
 ✓ |unit-web| src/pages/portfolio/fe-e.test.tsx (18 tests) 19233ms
   ✓ Funding decisions (en) > is a labelled business approval with no 'on behalf of' control; rationale required; POST with an Idempotency-Key  2337ms
   ✓ Funding decisions (en) > the BE-E 422s are the dialog's one translated alert; funding.amount_invalid is also inline at /amount  865ms
   ✓ Funding decisions (en) > the history shows a missing amount as Unknown (never 0); a re-selected initiative explains the deselect rule  1142ms
   ✓ Funding decisions (en) > an exact decimal amount is shown with its currency; the auditor sees no record control  414ms
   ✓ Funding decisions (ar) > is a labelled business approval with no 'on behalf of' control; rationale required; POST with an Idempotency-Key  992ms
   ✓ Funding decisions (ar) > the BE-E 422s are the dialog's one translated alert; funding.amount_invalid is also inline at /amount  775ms
   ✓ Funding decisions (ar) > the history shows a missing amount as Unknown (never 0); a re-selected initiative explains the deselect rule  359ms
   ✓ Funding decisions (ar) > an exact decimal amount is shown with its currency; the auditor sees no record control  1301ms
   ✓ Deliverables and milestones on the card (en) > creates (Idempotency-Key), edits (If-Match) and archives (reason, If-Match) a deliverable  1182ms
   ✓ Deliverables and milestones on the card (en) > creates a milestone with its wave and forecast, and edits it with If-Match  1526ms
   ✓ Deliverables and milestones on the card (en) > 422 initiative.read_only (a closure raced the edit) is translated as the dialog's one alert  1186ms
   ✓ Deliverables and milestones on the card (en) > a cancelled initiative shows deliverables, milestones and funding with no write control  816ms
   ✓ Deliverables and milestones on the card (en) > the card edit form translates initiative.planned_range specifically (RecordDialog namespaces)  1810ms
   ✓ Deliverables and milestones on the card (ar) > creates (Idempotency-Key), edits (If-Match) and archives (reason, If-Match) a deliverable  2018ms
   ✓ Deliverables and milestones on the card (ar) > creates a milestone with its wave and forecast, and edits it with If-Match  949ms
   ✓ Deliverables and milestones on the card (ar) > 422 initiative.read_only (a closure raced the edit) is translated as the dialog's one alert  462ms
   ✓ Deliverables and milestones on the card (ar) > the card edit form translates initiative.planned_range specifically (RecordDialog namespaces)  833ms
 ✓ |unit-web| src/pages/roadmap/roadmap.test.tsx (14 tests) 13487ms
   ✓ roadmap (en) > shows the four source waves verbatim (English source also shown in Arabic) with overlapping horizons  1201ms
   ✓ roadmap (en) > moving a milestone PATCHes the forecast with If-Match and the timeline, table and board all show the new date from one refetch  1458ms
   ✓ roadmap (en) > a 409 on moving a milestone shows the conflict notice and reloads the roadmap  1044ms
   ✓ roadmap (en) > re-approving a date requires a reason; then it is POSTed with If-Match  946ms
   ✓ roadmap (en) > deliverable acceptance sends the AcceptanceDecision with If-Match (no 'on behalf of' control)  1263ms
   ✓ roadmap (en) > an Unknown schedule flag is shown as Unknown; missing dates are Unknown, never blank  487ms
   ✓ roadmap (en) > the read-only auditor sees no write control  453ms
   ✓ roadmap (ar) > shows the four source waves verbatim (English source also shown in Arabic) with overlapping horizons  566ms
   ✓ roadmap (ar) > moving a milestone PATCHes the forecast with If-Match and the timeline, table and board all show the new date from one refetch  1082ms
   ✓ roadmap (ar) > a 409 on moving a milestone shows the conflict notice and reloads the roadmap  1405ms
   ✓ roadmap (ar) > re-approving a date requires a reason; then it is POSTed with If-Match  1178ms
   ✓ roadmap (ar) > deliverable acceptance sends the AcceptanceDecision with If-Match (no 'on behalf of' control)  1882ms
   ✓ roadmap (ar) > the read-only auditor sees no write control  303ms
 ✓ |unit-web| src/pages/gates/g1-agreements.test.tsx (10 tests) 10861ms
   ✓ G1 agreements step (en) > approving G1 needs the three labelled confirmations; then sends agreements with all three true  1650ms
   ✓ G1 agreements step (en) > a non-approve outcome on G1 sends no agreements (even after ticking them)  892ms
   ✓ G1 agreements step (en) > approving another gate (G2) shows no confirmations and sends no agreements  1122ms
   ✓ G1 agreements step (en) > the server's 422 gate.g1_agreements_required is the one form-level alert, with the missing confirmations  678ms
   ✓ G1 agreements step (en) > the server's 422 gate.agreements_not_applicable is translated as the one form-level alert  524ms
   ✓ G1 agreements step (ar) > approving G1 needs the three labelled confirmations; then sends agreements with all three true  944ms
   ✓ G1 agreements step (ar) > a non-approve outcome on G1 sends no agreements (even after ticking them)  1217ms
   ✓ G1 agreements step (ar) > approving another gate (G2) shows no confirmations and sends no agreements  1361ms
   ✓ G1 agreements step (ar) > the server's 422 gate.g1_agreements_required is the one form-level alert, with the missing confirmations  1529ms
   ✓ G1 agreements step (ar) > the server's 422 gate.agreements_not_applicable is translated as the one form-level alert  940ms
 ✓ |unit-web| src/pages/capacity/fe-e.test.tsx (13 tests) 11783ms
   ✓ capacity editing (en) > creates a role; a taken code (409) is the form's translated alert; then the role is created  2033ms
   ✓ capacity editing (en) > edits a role's labels and archives it, each with If-Match  1531ms
   ✓ capacity editing (en) > creates a capacity row with a decimal FTE string; a duplicate (409) is translated  949ms
   ✓ capacity editing (en) > creates a demand; after the save the plan is re-read and the conflict with its shortfall appears; Unknown stays Unknown  944ms
   ✓ capacity editing (en) > edits a planned demand with If-Match; 422 resource_demand.not_planned is translated  496ms
   ✓ capacity editing (ar) > creates a role; a taken code (409) is the form's translated alert; then the role is created  794ms
   ✓ capacity editing (ar) > edits a role's labels and archives it, each with If-Match  674ms
   ✓ capacity editing (ar) > creates a capacity row with a decimal FTE string; a duplicate (409) is translated  1283ms
   ✓ capacity editing (ar) > creates a demand; after the save the plan is re-read and the conflict with its shortfall appears; Unknown stays Unknown  1451ms
   ✓ capacity editing (ar) > edits a planned demand with If-Match; 422 resource_demand.not_planned is translated  724ms
   ✓ capacity editing (ar) > the read-only auditor sees roles and capacity rows with no editing control  572ms
 ✓ |unit-web| src/pages/dispensations/dispensations.test.tsx (12 tests) 7836ms
   ✓ Dispensations (en) > lists waivers and inherited approvals; unverified evidence is shown as unverified; recorder cannot decide  719ms
   ✓ Dispensations (en) > a waiver needs a reason and an expiry: refused inline, nothing sent; then sent with its scope  505ms
   ✓ Dispensations (en) > an inherited approval (Modular) needs the approving body, the date and evidence; 422s are translated  484ms
   ✓ Dispensations (en) > deciding is a labelled business approval; the delegated-decision 422 and the recorder 403 are translated  565ms
   ✓ Dispensations (en) > revoking an accepted dispensation needs a reason and is a business approval  353ms
   ✓ Dispensations (en) > the read-only auditor sees the register with no enabled write control  362ms
   ✓ Dispensations (ar) > a waiver needs a reason and an expiry: refused inline, nothing sent; then sent with its scope  753ms
   ✓ Dispensations (ar) > an inherited approval (Modular) needs the approving body, the date and evidence; 422s are translated  1664ms
   ✓ Dispensations (ar) > deciding is a labelled business approval; the delegated-decision 422 and the recorder 403 are translated  970ms
   ✓ Dispensations (ar) > revoking an accepted dispensation needs a reason and is a business approval  440ms
   ✓ Dispensations (ar) > the read-only auditor sees the register with no enabled write control  805ms
 ✓ |unit-web| src/pages/dependencies/dependencies.test.tsx (12 tests) 10059ms
   ✓ dependencies (en) > shows the seven T08 columns, an External source, the type label and the needed-by conflict flag  1111ms
   ✓ dependencies (en) > a cycle is refused and shown as the translated message with the path INI-01 → INI-02 → INI-03 → INI-01  1059ms
   ✓ dependencies (en) > an External source is sent as {kind: external, label}  1590ms
   ✓ dependencies (en) > dependency types: system types are undeletable; an administrator may retire a custom type  606ms
   ✓ dependencies (en) > a system type's 422 dependency_type.system_undeletable is translated  520ms
   ✓ dependencies (ar) > shows the seven T08 columns, an External source, the type label and the needed-by conflict flag  353ms
   ✓ dependencies (ar) > a cycle is refused and shown as the translated message with the path INI-01 → INI-02 → INI-03 → INI-01  1448ms
   ✓ dependencies (ar) > an External source is sent as {kind: external, label}  1113ms
   ✓ dependencies (ar) > dependency types: system types are undeletable; an administrator may retire a custom type  773ms
   ✓ dependencies (ar) > a system type's 422 dependency_type.system_undeletable is translated  846ms
   ✓ dependencies (ar) > the read-only auditor sees the map and no write control  369ms
 ✓ |unit-web| src/pages/roadmap/fe-e.test.tsx (8 tests) 10522ms
   ✓ wave editing (en) > edits planned dates (overlap accepted) with If-Match; the source text is read-only and never sent  2686ms
   ✓ wave editing (en) > 422 roadmap_wave.planned_range is inline at the planned end and translated  1082ms
   ✓ wave editing (en) > adds a non-source wave with its bilingual texts (POST, Idempotency-Key)  1832ms
   ✓ wave editing (en) > the read-only auditor gets no wave control  561ms
   ✓ wave editing (ar) > edits planned dates (overlap accepted) with If-Match; the source text is read-only and never sent  1100ms
   ✓ wave editing (ar) > 422 roadmap_wave.planned_range is inline at the planned end and translated  768ms
   ✓ wave editing (ar) > adds a non-source wave with its bilingual texts (POST, Idempotency-Key)  2310ms
 ✓ |unit-web| src/pages/approvals/approvals.test.tsx (16 tests) 8470ms
   ✓ Approvals (en) > lists my approvals; an Unknown due date shows Unknown with its reason, never a date  637ms
   ✓ Approvals (en) > offers exactly four outcomes; defer needs a date; the decision sends subjectVersion with If-Match  851ms
   ✓ Approvals (en) > a blank rationale is refused before sending  314ms
   ✓ Approvals (en) > a stale 409 says the record changed, records nothing and links to the history  450ms
   ✓ Approvals (en) > offers 'on behalf of' only for an active delegation to me  408ms
   ✓ Approvals (ar) > offers exactly four outcomes; defer needs a date; the decision sends subjectVersion with If-Match  391ms
   ✓ Approvals (ar) > a blank rationale is refused before sending  303ms
   ✓ Approvals (ar) > a stale 409 says the record changed, records nothing and links to the history  464ms
   ✓ Approvals (ar) > the requester is not offered the decision; the history shows 'B on behalf of A'  746ms
   ✓ Approvals (ar) > offers 'on behalf of' only for an active delegation to me  506ms
   ✓ Delegations (en) > records a delegation with Asia/Riyadh wall-clock times sent as UTC; a loop 422 is translated  637ms
   ✓ Delegations (en) > revokes with a reason and If-Match; a read-only user sees no action  1279ms
   ✓ Delegations (ar) > records a delegation with Asia/Riyadh wall-clock times sent as UTC; a loop 422 is translated  486ms
   ✓ Delegations (ar) > revokes with a reason and If-Match; a read-only user sees no action  511ms
 ✓ |unit-web| src/pages/my-work/my-work.test.tsx (21 tests) 8456ms
   ✓ My Work (en) > renders tasks and reminders from messageKey + messageParams; Unknown due dates; system-managed tasks  1315ms
   ✓ My Work (en) > marks a task done and a reminder read with bodiless POSTs and If-Match  1387ms
   ✓ My Work (ar) > marks a task done and a reminder read with bodiless POSTs and If-Match  810ms
   ✓ Calendar, jobs and groups (en) > calendar: a technical administrator adds a holiday; a range error is caught before sending  535ms
   ✓ Calendar, jobs and groups (en) > jobs: no permission without job.read; job.configure edits a schedule with If-Match  407ms
   ✓ Calendar, jobs and groups (ar) > calendar: read-only without calendar.configure; the calculator shows Unknown with its reason  482ms
   ✓ Calendar, jobs and groups (ar) > calendar: a technical administrator adds a holiday; a range error is caught before sending  1126ms
   ✓ Calendar, jobs and groups (ar) > jobs: no permission without job.read; job.configure edits a schedule with If-Match  580ms
   ✓ Calendar, jobs and groups (ar) > groups: membership grants no permission (stated); group.manage creates a group  700ms
 ✓ |unit-web| src/pages/transformations/transformations.test.tsx (21 tests) 14559ms
   ✓ after create (F-DG1-004) > shows the created record when the server lets the creator read it  1369ms
   ✓ after create (F-DG1-004) > explains, in English, that the draft was created but cannot be opened (server 404), instead of 'Not found'  625ms
   ✓ after create (F-DG1-004) > explains the same in Arabic (RTL), using the glossary term for Transformation  496ms
   ✓ after create (F-DG1-004) > treats a 403 for the just-created record the same way  342ms
   ✓ truly out-of-scope records keep the correct localized message > 404 without a just-created record: 'Not found' (en) / 'غير موجود' (ar), nothing disclosed  507ms
   ✓ truly out-of-scope records keep the correct localized message > 403: 'You do not have access' rather than 'Not found'  647ms
   ✓ audit trail changes (F-DG1-005) > English: field and value labels, not raw keys or enum codes  834ms
   ✓ audit trail changes (F-DG1-005) > Arabic: the same changes with Arabic labels in the RTL layout  1557ms
   ✓ P1 close rule in the edit form (F-DG1-001, T-DG1-FE3) > en: the rendered status select for an active record has no Closed option  994ms
   ✓ derived creator assignment on the audit trail (F-DG1-008) > English: localized action, fields, role, user and scope; nothing raw or marked untranslated  303ms
   ✓ derived creator assignment on the audit trail (F-DG1-008) > an action the catalogue does not know stays readable and is explicitly marked (en and ar)  636ms
   ✓ effective permissions refresh after create (F-DG1-210) > English: Edit, Archive and the audit trail appear after create, without a reload  1199ms
   ✓ effective permissions refresh after create (F-DG1-210) > Arabic (RTL): the same controls and the audit trail appear after create, without a reload  2173ms
   ✓ effective permissions refresh after create (F-DG1-210) > does not over-grant: if the refreshed server answer adds nothing, Archive and the audit trail stay hidden  1152ms
   ✓ effective permissions refresh after create (F-DG1-210) > a failed /me refresh never blocks the navigation; the UI stays fail-safe (no controls offered)  1033ms
 ✓ |unit-web| src/app/app.test.tsx (17 tests) 3967ms
   ✓ bilingual shell > renders Arabic RTL by default with the provisional wordmark  838ms
   ✓ bilingual shell > switches to English LTR and persists the preference with If-Match  623ms
   ✓ bilingual shell > shows all fourteen areas to an administrator  807ms
   ✓ transformations > lists transformations with a sortable code column and removable filter chips  392ms
 ✓ |unit-web| src/components/LanguageSwitch.test.tsx (10 tests) 4934ms
   ✓ a refused language save, 'en' → other ('403 csrf') > keeps ar on screen and says, in ar, that it was not saved  994ms
   ✓ a refused language save, 'ar' → other ('403 csrf') > keeps en on screen and says, in en, that it was not saved  701ms
   ✓ a refused language save, 'en' → other ('403 forbidden') > keeps ar on screen and says, in ar, that it was not saved  823ms
   ✓ a refused language save, 'ar' → other ('503') > keeps en on screen and says, in en, that it was not saved  939ms
   ✓ the live region and the persisted preference > switching back clears the notice; the region stays in the DOM, empty  367ms
   ✓ the live region and the persisted preference > a successful save never flips back to the previous language while the PUT is in flight  666ms
 ✓ |unit-web| src/pages/raci/governance.test.tsx (15 tests) 7015ms
   ✓ Governance (en) > RACI: edits a row with the cell selects and saves it as one PATCH with If-Match  1779ms
   ✓ Governance (en) > RACI: an auditor sees the matrix read-only (no cell editor, no save)  326ms
   ✓ Governance (en) > role mapping: an unmapped governance role shows the visible routing error  544ms
   ✓ Governance (en) > decision rights: submits the matrix for business approval with If-Match  332ms
   ✓ Governance (en) > decision rights: a field with an unknown party code is refused before sending  762ms
   ✓ Governance (ar) > RACI: edits a row with the cell selects and saves it as one PATCH with If-Match  335ms
   ✓ Governance (ar) > role mapping: an unmapped governance role shows the visible routing error  576ms
   ✓ Governance (ar) > decision rights: seeded rows; the due-date preview shows Unknown with its reason  587ms
   ✓ Governance (ar) > decision rights: submits the matrix for business approval with If-Match  538ms
 ✓ |unit-web| src/pages/team/team.test.tsx (10 tests) 12550ms
   ✓ Team (English LTR) > shows the six governance roles with B0018 accountability text verbatim and who holds each  1039ms
   ✓ Team (English LTR) > lists team members with the accountability on each assignment, sortable and filterable  1588ms
   ✓ Team (English LTR) > a Transformation Lead assigns a Workstream Lead: Idempotency-Key, reason, accountability preview  1128ms
   ✓ Team (English LTR) > shows a 403 from the server in words; nothing is assigned  1447ms
   ✓ Team: read-only auditor (AUD) > sees the roles, accountabilities and members, a read-only note, and no assign control  567ms
   ✓ Team assign dialog: accountability preview follows the selected role (F-DG2-430) > en: WL on open, then KDS, TD, none and WL again, in StrictMode with no React warning  1546ms
   ✓ Team assign dialog: accountability preview follows the selected role (F-DG2-430) > ar: WL on open, then KDS, TD, none and WL again, in StrictMode with no React warning  1224ms
   ✓ Team: the success notice follows a language switch, 'en' → 'ar' > the notice is shown in the language now on screen, not the one it was created in  1835ms
   ✓ Team: the success notice follows a language switch, 'ar' → 'en' > the notice is shown in the language now on screen, not the one it was created in  1933ms
 ✓ |unit-web| src/components/RecordForm.alerts.test.tsx (16 tests) 4998ms
   ✓ record form: one alert per distinct form error (en) > dialog > a 400 whose only field error has pointer "" says its message once, in one live region  711ms
   ✓ record form: one alert per distinct form error (en) > dialog > a field-pointer error stays on its field; the generic banner is said once  409ms
   ✓ record form: one alert per distinct form error (en) > inline-sections > two distinct form-level messages: each is said exactly once, one live region each  645ms
   ✓ record form: one alert per distinct form error (en) > inline-sections > a field-pointer error stays on its field; the generic banner is said once  577ms
   ✓ record form: one alert per distinct form error (ar) > dialog > a 400 whose only field error has pointer "" says its message once, in one live region  492ms
   ✓ record form: one alert per distinct form error (ar) > dialog > two distinct form-level messages: each is said exactly once, one live region each  490ms
   ✓ record form: one alert per distinct form error (ar) > dialog > a field-pointer error stays on its field; the generic banner is said once  355ms
 ✓ |unit-web| src/pages/kpi/kpi.test.tsx (27 tests) 14421ms
   ✓ KPI screens (en) > RAG panel: the seven elements, the threshold version named, and the override beside the calculated RAG  802ms
   ✓ KPI screens (en) > no actual for the current period: Unknown, grey and labelled, with its reason; never 0 and never green  966ms
   ✓ KPI screens (en) > four-step update: submits once, then lists downstream views, 'review pending' and 'Finance review pending'  2112ms
   ✓ KPI screens (en) > a second entry for the same KPI and period is value version 2 of the same slot (If-Match)  828ms
   ✓ KPI screens (en) > a 409 on submit is the form's one alert: nothing was saved, the latest data is loaded  946ms
   ✓ KPI screens (en) > read-only viewer (auditor): no write action on the KPI page, labels say business approval  579ms
   ✓ KPI screens (en) > data quality: an open finding is resolved with a note and If-Match  915ms
   ✓ KPI screens (ar) > four-step update: submits once, then lists downstream views, 'review pending' and 'Finance review pending'  959ms
   ✓ KPI screens (ar) > a second entry for the same KPI and period is value version 2 of the same slot (If-Match)  1742ms
   ✓ KPI screens (ar) > a 409 on submit is the form's one alert: nothing was saved, the latest data is loaded  1350ms
   ✓ KPI screens (ar) > no active version: the update explains it and links to the versions (no form)  456ms
   ✓ KPI screens (ar) > data quality: an open finding is resolved with a note and If-Match  616ms
 ✓ |unit-web| src/app/p3-seams.test.tsx (10 tests) 6704ms
   ✓ P3 routes > workspace tabs (en) > the workspace tabs include the P3 tabs, labelled from their own namespaces  2286ms
   ✓ P3 routes > workspace tabs (ar) > the workspace tabs include the P3 tabs, labelled from their own namespaces  489ms
   ✓ P3 navigation areas > en /initiatives-roadmaps leads into the Initiatives and Roadmaps tab of each transformation  1157ms
   ✓ P3 navigation areas > ar /initiatives-roadmaps leads into the المبادرات وخرائط الطريق tab of each transformation  771ms
   ✓ P3 navigation areas > en /benefits-finance leads into the Benefits and Finance tab of each transformation  850ms
   ✓ P3 navigation areas > ar /benefits-finance leads into the المنافع والمالية tab of each transformation  1126ms
 ✓ |unit-web| src/pages/capacity/capacity.test.tsx (6 tests) 3276ms
   ✓ capacity (en) > the role × month grid shows decimal FTE, the conflict with its shortfall, and Unknown capacity as Unknown (never 0)  1581ms
   ✓ capacity (en) > committing a demand POSTs with If-Match; a 409 shows the conflict notice and reloads  659ms
   ✓ capacity (ar) > committing a demand POSTs with If-Match; a 409 shows the conflict notice and reloads  487ms
 ✓ |unit-web| src/pages/gates/inherited-approval.test.tsx (16 tests) 6844ms
   ✓ inherited-approval annotation (en) > Gates list: G1 pending_verification (counts false) is a badge next to 'Not submitted'  670ms
   ✓ inherited-approval annotation (en) > Gates list: G1 accepted (counts true) is a badge next to 'Not submitted'  798ms
   ✓ inherited-approval annotation (en) > Gates list: G1 accepted (counts false) is a badge next to 'Not submitted'  492ms
   ✓ inherited-approval annotation (en) > Gates list: G1 rejected (counts false) is a badge next to 'Not submitted'  346ms
   ✓ inherited-approval annotation (en) > Gates list: no inherited approval, no badge  556ms
   ✓ inherited-approval annotation (en) > gate view: an accepted inherited approval is a labelled row beside the 'Not submitted' status  966ms
   ✓ inherited-approval annotation (en) > gate view: without an inherited approval there is no row  713ms
   ✓ inherited-approval annotation (ar) > Gates list: G1 accepted (counts true) is a badge next to 'Not submitted'  591ms
 ✓ |unit-web| src/pages/readiness/readiness.test.tsx (4 tests) 1933ms
   ✓ Readiness (en) > lists the missing diagnostic areas by name, the gates and the translated sequencing blockers  1160ms
   ✓ Readiness (en) > an accepted, verified inherited approval counts, and the gate itself still is not approved  305ms
   ✓ Readiness (ar) > lists the missing diagnostic areas by name, the gates and the translated sequencing blockers  304ms
 ✓ |unit-web| src/pages/transformations/modeGuidance.test.tsx (5 tests) 2389ms
   ✓ New transformation: mode guidance (English LTR) > shows When to use and How for the selected mode and switches with the mode  1172ms
   ✓ New transformation: mode guidance (English LTR) > Modular requires an entry phase before anything is sent  394ms
   ✓ New transformation: mode guidance (English LTR) > a server validation error on the entry phase is shown on that field  439ms
   ✓ New transformation: mode guidance (Arabic RTL) > shows the Arabic rendering, marked provisional, with the English source text alongside  370ms
 ✓ |unit-web| src/components/States.test.tsx (15 tests) 1374ms
 ✓ |unit-web| src/test/harness-config.test.ts (2 tests) 3ms
 ✓ |unit-web| src/lib/lib.test.ts (24 tests) 145ms
 ✓ |unit-web| src/i18n/i18n.test.ts (11 tests) 69ms
 ✓ |unit-web| src/test/react-warning-guard.test.tsx (4 tests) 85ms
 ✓ |unit-web| src/lib/auditChanges.test.ts (125 tests) 246ms
 ✓ |unit-web| src/pages/business-cases/problem-codes.test.ts (4 tests) 36ms
 ✓ |unit-web| src/styles/styles.test.ts (6 tests) 46ms
 ✓ |unit-web| src/i18n/glossary.test.ts (8 tests) 23ms
 ✓ |unit-node| apps/api/src/modules/workflows/workflows.test.ts (14 tests) 3006ms
   ✓ workflows module (P2) > its declared boundary holds, and an undeclared dependency would be caught  2934ms
 ✓ |unit-node| packages/shared/src/formula/fuzz.test.ts (111 tests) 23956ms
   ✓ fuzz: no uncaught exception, no code execution > 10 000 random byte strings (0–255, up to 80 bytes)  5369ms
   ✓ fuzz: no uncaught exception, no code execution > 10 000 random UTF-16 strings including astral code points and lone surrogates  3002ms
   ✓ fuzz: no uncaught exception, no code execution > 20 000 random strings over the grammar alphabet reach parser, type checker and evaluator  10657ms
   ✓ source scan: no dynamic code in packages/shared/src/formula (ADR-0024 §6) > every file of the engine's import closure gets the engine-source lint rules (eslint.config.js)  3192ms
   ✓ source scan: no dynamic code in packages/shared/src/formula (ADR-0024 §6) > ESLint refuses the round-5 handler forms (G1, G2, A1, A2), F1 and every lintable probe-table row in an engine source  1654ms
 ✓ |unit-node| apps/api/src/modules/kpi/kpi.test.ts (38 tests) 4110ms
   ✓ kpi module (P2) > its declared boundary holds, and a planted bypass or undeclared dependency would be caught  3876ms
 ✓ |unit-node| apps/api/src/architecture.test.ts (137 tests) 32315ms
   ✓ API module boundaries (ADR-0002) > every import respects dependsOn, public surfaces and allowed packages  19808ms
   ✓ package dependency direction (ADR-0002 rule 5) > packages/db imports only @mth/config and @mth/shared  482ms
   ✓ package dependency direction (ADR-0002 rule 5) > packages/shared imports no workspace package  2143ms
   ✓ package dependency direction (ADR-0002 rule 5) > apps/web never imports @mth/db or @mth/config (browser bundle, no secrets)  7624ms
   ✓ package dependency direction (ADR-0002 rule 5) > apps/worker imports no API code  552ms
 ✓ |unit-node| packages/shared/src/kpi/property.test.ts (11 tests) 8435ms
   ✓ measures > higher- and lower-is-better shortfalls are exact negatives; deviation follows the sign  1505ms
   ✓ measures > band: within ⇔ L ≤ a ≤ U, the shortfall is never negative, and equals the distance to the band  820ms
   ✓ RAG > higher-is-better: a lower actual never gives a better RAG (monotonic), relative and absolute  1701ms
   ✓ RAG > relative mode is scale-invariant: scaling actual and expected by k > 0 keeps the RAG  603ms
   ✓ changes > pp = (x₁ − x₀) × 100 exactly, and relative × |x₀| = x₁ − x₀ (to precision 80)  575ms
   ✓ cumulative and roll-ups > cumulative YTD of a flow equals the exact sum of its period values; removing any period makes it Unknown  785ms
   ✓ trajectory > linear expected values lie between the neighbouring points; step values are point values  942ms
   ✓ storage rounding > rounds once half-up: |stored − exact| ≤ 0.0000005 and the record is honest  1242ms
 ✓ |unit-node| packages/shared/src/scoring.test.ts (36 tests) 1606ms
   ✓ property: all 5^5 integer score combinations under v1 equal an independent BigInt rational computation > stored value, 2-digit display and 0–100 view all match for 3125 combinations  1494ms
 ✓ |unit-node| packages/shared/src/adoption/measures.test.ts (24 tests) 1359ms
   ✓ properties (seeded) > never 0 for an empty denominator: Unknown with value null exactly when the denominator is 0  842ms
 ✓ |unit-node| apps/api/src/modules/evidence/evidence.test.ts (13 tests) 1620ms
   ✓ evidence module (P2) > its declared boundary holds  1143ms
 ✓ |unit-node| packages/shared/src/schemas/schemas.test.ts (69 tests) 378ms
 ✓ |unit-node| apps/api/src/modules/platform/platform.test.ts (19 tests) 453ms
   ✓ invalid characters (U+0000): SQLSTATE mapping and the central request check (F-DG2-231) > a deeply nested body is scanned without recursion (no stack overflow)  306ms
 ✓ |unit-node| apps/api/src/server.test.ts (6 tests) 1921ms
   ✓ route registration > declares access on every /api route and on the health endpoints  1120ms
   ✓ route registration > registers dev login only in AUTH_MODE=dev; production configuration refuses dev mode entirely  542ms
 ✓ |unit-node| apps/api/src/modules/reporting/reporting.test.ts (4 tests) 211ms
 ✓ |unit-node| apps/api/src/modules/methodology/methodology.test.ts (4 tests) 288ms
 ✓ |unit-node| apps/api/src/modules/platform/in-flight.test.ts (4 tests) 270ms
 ✓ |unit-node| packages/shared/src/value.test.ts (29 tests) 418ms
 ✓ |unit-node| apps/api/src/modules/platform/media-types.test.ts (57 tests) 424ms
 ✓ |unit-node| packages/config/src/load.test.ts (17 tests) 167ms
 ✓ |unit-node| apps/api/src/modules/raid/raid.test.ts (7 tests) 173ms
 ✓ |unit-node| apps/api/src/modules/platform/connection-hygiene.test.ts (6 tests) 76ms
 ✓ |unit-node| packages/shared/src/adoption/form-schema.test.ts (8 tests) 32ms
 ✓ |unit-node| apps/api/src/modules/kpi/formulas.test.ts (10 tests) 136ms
 ✓ |unit-node| apps/api/src/modules/benefits/totals.test.ts (14 tests) 79ms
 ✓ |unit-node| apps/api/src/request-encoding.test.ts (11 tests) 205ms
 ✓ |unit-node| packages/design-tokens/src/tokens.test.ts (15 tests) 74ms
 ✓ |unit-node| packages/shared/src/formula/formula.test.ts (140 tests) 373ms
 ✓ |unit-node| packages/db/src/seed.test.ts (31 tests) 76ms
 ✓ |unit-node| packages/shared/src/kpi/a05.test.ts (17 tests) 70ms
 ✓ |unit-node| apps/api/src/modules/platform/incomplete-body.test.ts (10 tests) 315ms
 ✓ |unit-node| apps/api/src/modules/kpi/totals.test.ts (20 tests) 36ms
 ✓ |unit-node| packages/shared/src/time/working-days.test.ts (19 tests) 45ms
 ✓ |unit-node| apps/api/src/modules/kpi/rules.test.ts (30 tests) 129ms
 ✓ |unit-node| packages/shared/src/kpi/change.test.ts (22 tests) 47ms
 ✓ |unit-node| apps/api/src/modules/benefits/d2-rules.test.ts (15 tests) 26ms
 ✓ |unit-node| apps/api/src/modules/adoption/adoption.test.ts (2 tests) 72ms
(node:1621) [FSTDEP022] FastifyWarning: The router options for constraints property access is deprecated. Please use "options.routerOptions" instead for accessing router options. The router options will be removed in `fastify@6`.
(Use `node --trace-warnings ...` to show where the warning was created)
 ✓ |unit-node| apps/api/src/modules/platform/framework-errors.test.ts (6 tests) 149ms
 ✓ |unit-node| apps/api/src/modules/benefits/benefits.test.ts (2 tests) 72ms
 ✓ |unit-node| apps/api/src/modules/governance/governance.test.ts (2 tests) 111ms
 ✓ |unit-node| packages/shared/src/kpi/rag.test.ts (38 tests) 18ms
 ✓ |unit-node| apps/api/src/modules/benefits/register-rules.test.ts (45 tests) 29ms
 ✓ |unit-node| apps/api/src/modules/platform/health.test.ts (2 tests) 74ms
 ✓ |unit-node| packages/shared/src/kpi/formula-binding.test.ts (26 tests) 49ms
 ✓ |unit-node| packages/shared/src/kpi/types.test.ts (40 tests) 18ms
 ✓ |unit-node| packages/shared/src/governance/recurrence.test.ts (19 tests) 12ms
 ✓ |unit-node| apps/api/src/modules/portfolio/budget.test.ts (13 tests) 29ms
 ✓ |unit-node| apps/api/src/modules/admin/branding.test.ts (4 tests) 108ms
 ✓ |unit-node| apps/api/src/modules/platform/advisory-locks.test.ts (3 tests) 84ms
 ✓ |unit-node| apps/api/src/modules/tasks/tasks.test.ts (5 tests) 55ms
 ✓ |unit-node| apps/api/src/modules/sustainment/sustainment.test.ts (2 tests) 139ms
 ✓ |unit-node| packages/shared/src/kpi/periods.test.ts (26 tests) 31ms
 ✓ |unit-node| apps/api/src/modules/workflows/g4.test.ts (5 tests) 37ms
 ✓ |unit-node| apps/api/src/modules/kpi/kbe-c.test.ts (9 tests) 34ms
 ✓ |unit-node| packages/shared/src/kpi/purity.test.ts (14 tests) 38ms
 ✓ |unit-node| packages/shared/src/kpi/measures.test.ts (30 tests) 28ms
 ✓ |unit-node| apps/api/src/modules/kpi/p3-gate-facts.test.ts (9 tests) 33ms
 ✓ |unit-node| packages/shared/src/kpi/aggregate.test.ts (20 tests) 13ms
 ✓ |unit-node| packages/shared/src/schemas/roadmap.test.ts (6 tests) 42ms
 ✓ |unit-node| apps/api/src/modules/platform/request-encoding.test.ts (7 tests) 20ms
 ✓ |unit-node| packages/shared/src/kpi/trajectory.test.ts (14 tests) 17ms
 ✓ |unit-node| packages/shared/src/schedule/critical-path.test.ts (13 tests) 46ms
 ✓ |unit-node| packages/shared/src/schedule/working-day-slip.test.ts (11 tests) 22ms
 ✓ |unit-node| apps/api/src/modules/raid/corrective.test.ts (4 tests) 135ms
 ✓ |unit-node| apps/api/src/modules/platform/db-errors-p4.test.ts (5 tests) 18ms
 ✓ |unit-node| apps/api/src/modules/portfolio/sequencing.test.ts (9 tests) 28ms
 ✓ |unit-node| apps/api/src/modules/platform/db-errors.test.ts (7 tests) 41ms
 ✓ |unit-node| apps/api/src/modules/platform/db-errors-p4-meetings.test.ts (4 tests) 8ms
 ✓ |unit-node| apps/api/src/modules/portfolio/readiness-transform.test.ts (4 tests) 10ms
 ✓ |unit-node| apps/api/src/modules/workflows/t08-cycle-problem.test.ts (2 tests) 5ms
 ✓ |unit-node| apps/api/src/modules/transformations/good-outcome.test.ts (7 tests) 28ms
 ✓ |unit-node| packages/shared/src/schemas/corrective.test.ts (10 tests) 12ms
 ✓ |unit-node| apps/api/src/modules/transformations/exclusions.test.ts (19 tests) 7ms
 ✓ |unit-node| apps/api/src/modules/identity/oidc-claims.test.ts (5 tests) 10ms
 ✓ |unit-node| packages/shared/src/kpi/status.test.ts (25 tests) 63ms
 ✓ |unit-node| apps/api/src/modules/portfolio/schedule.test.ts (14 tests) 57ms
 ✓ |unit-node| apps/api/src/modules/transformations/thesis.test.ts (4 tests) 15ms
 ✓ |unit-node| apps/api/src/modules/governance/raci.test.ts (2 tests) 3ms
 ✓ |unit-node| apps/api/src/modules/portfolio/capacity.test.ts (4 tests) 7ms
 ✓ |unit-node| apps/api/src/modules/access/rules.test.ts (12 tests) 8ms
 ✓ |unit-node| apps/api/src/modules/transformations/transitions.test.ts (2 tests) 4ms

 Test Files  120 passed (120)
      Tests  2290 passed (2290)
   Start at  16:49:30
   Duration  334.09s (transform 17.75s, setup 14.88s, collect 269.94s, tests 551.88s, environment 60.75s, prepare 21.01s)


 RUN  v3.2.4 /home/user/wt/dg4-be-j

 ✓ |unit-formula-nocodegen| packages/shared/src/formula/codegen.nocodegen.test.ts (10 tests) 24ms
 ✓ |unit-formula-nocodegen| packages/shared/src/formula/formula.test.ts (140 tests) 203ms
 ✓ |unit-formula-nocodegen| packages/shared/src/formula/fuzz.test.ts (111 tests | 2 skipped) 7033ms
   ✓ fuzz: no uncaught exception, no code execution > 10 000 random byte strings (0–255, up to 80 bytes)  2159ms
   ✓ fuzz: no uncaught exception, no code execution > 10 000 random UTF-16 strings including astral code points and lone surrogates  1635ms
   ✓ fuzz: no uncaught exception, no code execution > 20 000 random strings over the grammar alphabet reach parser, type checker and evaluator  3189ms

 Test Files  3 passed (3)
      Tests  259 passed | 2 skipped (261)
   Start at  16:55:06
   Duration  8.87s (transform 827ms, setup 0ms, collect 2.57s, tests 7.26s, environment 1ms, prepare 621ms)

