port-policy: PostgreSQL listening on port 23500 (attempt 1)
e2e database mth: server_encoding UTF8, lc_collate C, lc_ctype C
mth-db migrate: applying 0001_identity_access.sql
mth-db migrate: applying 0002_transformation.sql
mth-db migrate: applying 0003_audit_event.sql
mth-db migrate: applying 0004_outbox_jobs.sql
mth-db migrate: applying 0005_seed_roles_permissions.sql
mth-db migrate: applying 0006_pgboss_schema_v25.sql
mth-db migrate: applying 0007_oidc_login_browser_binding.sql
mth-db migrate: applying 0008_scoped_assignment_derived_from.sql
mth-db migrate: applying 0009_business_unit_hierarchy_guard.sql
mth-db migrate: applying 0010_p2_record_guards.sql
mth-db migrate: applying 0011_p2_methodology_catalogue.sql
mth-db migrate: applying 0012_p2_evidence.sql
mth-db migrate: applying 0013_p2_direction_charter.sql
mth-db migrate: applying 0014_p2_kpi_baseline_value_pool.sql
mth-db migrate: applying 0015_p2_diagnose.sql
mth-db migrate: applying 0016_p2_design_tom.sql
mth-db migrate: applying 0017_p2_decisions_gates.sql
mth-db migrate: applying 0018_p2_access_instantiation.sql
mth-db migrate: applying 0019_evidence_review_separation.sql
mth-db migrate: applying 0020_p3_portfolio_roadmap.sql
mth-db migrate: applying 0021_p3_prioritization.sql
mth-db migrate: applying 0022_p3_dependency_capacity_funding.sql
mth-db migrate: applying 0023_p3_business_case_formula.sql
mth-db migrate: applying 0024_p3_gates_access_instantiation.sql
mth-db migrate: applying 0025_p3_g1_agreement_guard.sql
mth-db migrate: applied 25 migration(s)
mth-db seed-dev: seeded SYNTHETIC dev users: dev.admin, dev.office, dev.lead, dev.auditor, dev.nobody
port-policy: API listening on port 23501 (attempt 1)
API: http://localhost:23501 (APP_BASE_URL=http://localhost:23501, PORT=23501)
{"status":"ready","checks":{"database":"ok","migrations":"ok"}}
npm warn Unknown project config "strict-peer-dependencies". This will stop working in the next major version of npm. See `npm help npmrc` for supported config options.
npm warn Unknown project config "auto-install-peers". This will stop working in the next major version of npm. See `npm help npmrc` for supported config options.
npm warn Unknown project config "link-workspace-packages". This will stop working in the next major version of npm. See `npm help npmrc` for supported config options.

Running 88 tests using 1 worker

  ✓   1 [chromium-en] › apps/web/e2e/journeys.spec.ts:187:1 › sign-in page: Arabic RTL by default, provisional wordmark, dev form in dev mode (1.5s)
  ✓   2 [chromium-en] › apps/web/e2e/journeys.spec.ts:213:1 › shell: navigation, language persistence and My Work (Transformation Office) (2.3s)
  ✓   3 [chromium-en] › apps/web/e2e/journeys.spec.ts:258:1 › create a modular transformation with an entry phase (5.8s)
  ✓   4 [chromium-en] › apps/web/e2e/journeys.spec.ts:332:1 › list: sort, filter chips, column selection and pagination controls (3.2s)
  ✓   5 [chromium-en] › apps/web/e2e/journeys.spec.ts:390:1 › edit: a concurrent change gives a 409 conflict with compare and re-apply (2.8s)
  ✓   6 [chromium-en] › apps/web/e2e/journeys.spec.ts:442:1 › archive with a mandatory reason makes the record read-only (3.2s)
  ✓   7 [chromium-en] › apps/web/e2e/journeys.spec.ts:477:1 › administration screens (access + technical administrator) (5.6s)
  ✓   8 [chromium-en] › apps/web/e2e/journeys.spec.ts:538:1 › a user without roles sees no Administration and no business records (2.3s)
  ✓   9 [chromium-en] › apps/web/e2e/journeys.spec.ts:560:1 › a business-unit Lead creates a record: Edit/Archive and the audit trail appear without a reload (F-DG1-210), the derived grant localized (F-DG1-008) (4.0s)
  ✓  10 [chromium-en] › apps/web/e2e/p2-blank-text.spec.ts:58:1 › setup: a fresh End-to-End transformation for the blank-text checks (164ms)
  ✓  11 [chromium-en] › apps/web/e2e/p2-blank-text.spec.ts:73:1 › Charter create: a whitespace Case for change is an inline error and creates no charter (3.0s)
  ✓  12 [chromium-en] › apps/web/e2e/p2-blank-text.spec.ts:113:1 › Charter edit: a whitespace Out of scope is an inline error, writes no version and keeps the value (4.4s)
  ✓  13 [chromium-en] › apps/web/e2e/p2-blank-text.spec.ts:163:1 › T01: a whitespace Current state is an inline error and sends nothing (3.6s)
  ✓  14 [chromium-en] › apps/web/e2e/p2-blank-text.spec.ts:265:1 › Gate G1 submission: a whitespace note is an inline error and submits nothing; visible text is verbatim (3.3s)
  ✓  15 [chromium-en] › apps/web/e2e/p2-blank-text.spec.ts:326:1 › Gate G1 decision: a whitespace rationale is an inline error and decides nothing (3.2s)
  ✓  16 [chromium-en] › apps/web/e2e/p2-blank-text.spec.ts:384:1 › Journey steps: a whitespace actor is an inline error and writes no journey version (3.6s)
  ✓  17 [chromium-en] › apps/web/e2e/p2-blank-text.spec.ts:427:1 › Reason dialog: an invisible-only archive reason is an inline error and archives nothing (4.0s)
  ✓  18 [chromium-en] › apps/web/e2e/p2-blank-text.spec.ts:463:1 › Charter create: a form-level validation problem (invalid UTF-8 body) is said once, in one live region (3.0s)
  ✓  19 [chromium-en] › apps/web/e2e/p2-journeys.spec.ts:42:1 › lead creates an End-to-End transformation; the workspace tabs lead to the P2 screens (3.1s)
  ✓  20 [chromium-en] › apps/web/e2e/p2-journeys.spec.ts:83:1 › Diagnose: six T01 dimensions with Unknown; value pools labelled Unquantified with a partial total (7.9s)
  ✓  21 [chromium-en] › apps/web/e2e/p2-journeys.spec.ts:168:1 › Charter: create, save a second version, compare versions; the 3-5 top-outcomes warning (4.9s)
  ✓  22 [chromium-en] › apps/web/e2e/p2-journeys.spec.ts:248:1 › Define: North Star, the good outcome test with reasons, and a required T02 target date (5.0s)
  ✓  23 [chromium-en] › apps/web/e2e/p2-journeys.spec.ts:332:1 › Design: ten canvas boxes, the per-dimension view; workshop mode converts an unresolved item into T04 (6.3s)
  ✓  24 [chromium-en] › apps/web/e2e/p2-journeys.spec.ts:414:1 › Evidence: note, filename reference and file upload; a link; review by another person (6.6s)
  ✓  25 [chromium-en] › apps/web/e2e/p2-journeys.spec.ts:608:1 › Gates: G1 shows unverified evidence and offers no submission while incomplete; once complete it is submitted (5.6s)
  ✓  26 [chromium-en] › apps/web/e2e/p2-journeys.spec.ts:675:1 › Gates: the approver's decision — 409 when the submission was superseded, then approval with a rationale (5.8s)
  ✓  27 [chromium-en] › apps/web/e2e/p2-journeys.spec.ts:828:1 › Define → G2: activate a KPI, pass the good outcome test, add a guardrail, compose the thesis; G2 is decided (21.7s)
  ✓  28 [chromium-en] › apps/web/e2e/p2-journeys.spec.ts:1031:1 › Design → G3: the target state is complete and G3 is decided by the Sponsor (6.5s)
  ✓  29 [chromium-en] › apps/web/e2e/p2-journeys.spec.ts:1084:1 › Team: the six governance roles with their B0018 accountability; the lead assigns a Workstream Lead (6.5s)
  ✓  30 [chromium-en] › apps/web/e2e/p2-journeys.spec.ts:1157:1 › read-only auditor (AUD): every P2 screen without write controls; Unknown and Unquantified rendered (14.4s)
  ✓  31 [chromium-en] › apps/web/e2e/p3-portfolio.spec.ts:43:1 › setup: a fresh End-to-End transformation with one draft initiative, an outcome and a journey (119ms)
  ✓  32 [chromium-en] › apps/web/e2e/p3-portfolio.spec.ts:78:1 › Portfolio: three separate columns, filters, a draft created before G1, the outcome hierarchy (3.6s)
  ✓  33 [chromium-en] › apps/web/e2e/p3-portfolio.spec.ts:129:1 › Initiative Card: 14 T05 fields, submit refused before G1, not TOM evidence, an outcome contribution (5.6s)
  ✓  34 [chromium-en] › apps/web/e2e/p3-portfolio.spec.ts:207:1 › Readiness: the five missing diagnostic areas and the translated sequencing blocker (2.0s)
  ✓  35 [chromium-en] › apps/web/e2e/p3-portfolio.spec.ts:224:1 › Dispensations: a waiver with reason, scope and expiry; the recorder is not offered the decision (3.7s)
  ✓  36 [chromium-en] › apps/web/e2e/p3-portfolio.spec.ts:272:1 › the read-only auditor sees every FE-A screen with no write control and sends nothing (6.5s)
  ✓  37 [chromium-en] › apps/web/e2e/p3-seams.spec.ts:26:1 › setup: a fresh synthetic transformation for the P3 seam checks (46ms)
  ✘  38 [chromium-en] › apps/web/e2e/p3-seams.spec.ts:38:1 › P3 pages: bilingual titles, an honest 'being built' state and the P3 workspace tabs (6.1s)
  -  39 [chromium-en] › apps/web/e2e/p3-seams.spec.ts:76:1 › Initiatives and Roadmaps / Benefits and Finance lead into the Portfolio and Business cases tabs
  ✓  40 [chromium-en] › apps/web/e2e/session-end.spec.ts:156:1 › signed out in another tab, then an in-app link: one landing on sign-in with the message (5.4s)
  ✓  41 [chromium-en] › apps/web/e2e/session-end.spec.ts:187:1 › access withdrawn while the Upload dialog is open: the upload is refused, the dialog closes, one landing on sign-in (5.7s)
  ✓  42 [chromium-en] › apps/web/e2e/session-end.spec.ts:266:1 › after a session end, another browser context from the same IP can still sign in (no 429) (7.3s)
  ✓  43 [chromium-en] › apps/web/e2e/session-end.spec.ts:299:1 › a 403 is not a session end: a refused change keeps the user signed in where they are (5.2s)
  ✓  44 [chromium-en] › apps/web/e2e/session-end.spec.ts:407:1 › a session end on the sign-in page: the next user to sign in in the tab never sees the previous user's records (5.6s)
  ✓  45 [chromium-ar] › apps/web/e2e/journeys.spec.ts:187:1 › sign-in page: Arabic RTL by default, provisional wordmark, dev form in dev mode (1.5s)
  ✓  46 [chromium-ar] › apps/web/e2e/journeys.spec.ts:213:1 › shell: navigation, language persistence and My Work (Transformation Office) (2.0s)
  ✓  47 [chromium-ar] › apps/web/e2e/journeys.spec.ts:258:1 › create a modular transformation with an entry phase (5.7s)
  ✓  48 [chromium-ar] › apps/web/e2e/journeys.spec.ts:332:1 › list: sort, filter chips, column selection and pagination controls (4.0s)
  ✓  49 [chromium-ar] › apps/web/e2e/journeys.spec.ts:390:1 › edit: a concurrent change gives a 409 conflict with compare and re-apply (2.7s)
  ✓  50 [chromium-ar] › apps/web/e2e/journeys.spec.ts:442:1 › archive with a mandatory reason makes the record read-only (3.0s)
  ✓  51 [chromium-ar] › apps/web/e2e/journeys.spec.ts:477:1 › administration screens (access + technical administrator) (5.9s)
  ✓  52 [chromium-ar] › apps/web/e2e/journeys.spec.ts:538:1 › a user without roles sees no Administration and no business records (2.3s)
  ✓  53 [chromium-ar] › apps/web/e2e/journeys.spec.ts:560:1 › a business-unit Lead creates a record: Edit/Archive and the audit trail appear without a reload (F-DG1-210), the derived grant localized (F-DG1-008) (3.9s)
  ✓  54 [chromium-ar] › apps/web/e2e/p2-blank-text.spec.ts:58:1 › setup: a fresh End-to-End transformation for the blank-text checks (86ms)
  ✓  55 [chromium-ar] › apps/web/e2e/p2-blank-text.spec.ts:73:1 › Charter create: a whitespace Case for change is an inline error and creates no charter (3.0s)
  ✓  56 [chromium-ar] › apps/web/e2e/p2-blank-text.spec.ts:113:1 › Charter edit: a whitespace Out of scope is an inline error, writes no version and keeps the value (4.0s)
  ✓  57 [chromium-ar] › apps/web/e2e/p2-blank-text.spec.ts:163:1 › T01: a whitespace Current state is an inline error and sends nothing (3.3s)
  ✓  58 [chromium-ar] › apps/web/e2e/p2-blank-text.spec.ts:265:1 › Gate G1 submission: a whitespace note is an inline error and submits nothing; visible text is verbatim (3.1s)
  ✓  59 [chromium-ar] › apps/web/e2e/p2-blank-text.spec.ts:326:1 › Gate G1 decision: a whitespace rationale is an inline error and decides nothing (3.0s)
  ✓  60 [chromium-ar] › apps/web/e2e/p2-blank-text.spec.ts:384:1 › Journey steps: a whitespace actor is an inline error and writes no journey version (4.1s)
  ✓  61 [chromium-ar] › apps/web/e2e/p2-blank-text.spec.ts:427:1 › Reason dialog: an invisible-only archive reason is an inline error and archives nothing (3.4s)
  ✓  62 [chromium-ar] › apps/web/e2e/p2-blank-text.spec.ts:463:1 › Charter create: a form-level validation problem (invalid UTF-8 body) is said once, in one live region (3.0s)
  ✓  63 [chromium-ar] › apps/web/e2e/p2-journeys.spec.ts:42:1 › lead creates an End-to-End transformation; the workspace tabs lead to the P2 screens (2.8s)
  ✓  64 [chromium-ar] › apps/web/e2e/p2-journeys.spec.ts:83:1 › Diagnose: six T01 dimensions with Unknown; value pools labelled Unquantified with a partial total (7.3s)
  ✓  65 [chromium-ar] › apps/web/e2e/p2-journeys.spec.ts:168:1 › Charter: create, save a second version, compare versions; the 3-5 top-outcomes warning (5.5s)
  ✓  66 [chromium-ar] › apps/web/e2e/p2-journeys.spec.ts:248:1 › Define: North Star, the good outcome test with reasons, and a required T02 target date (4.5s)
  ✓  67 [chromium-ar] › apps/web/e2e/p2-journeys.spec.ts:332:1 › Design: ten canvas boxes, the per-dimension view; workshop mode converts an unresolved item into T04 (6.1s)
  ✓  68 [chromium-ar] › apps/web/e2e/p2-journeys.spec.ts:414:1 › Evidence: note, filename reference and file upload; a link; review by another person (6.6s)
  ✓  69 [chromium-ar] › apps/web/e2e/p2-journeys.spec.ts:608:1 › Gates: G1 shows unverified evidence and offers no submission while incomplete; once complete it is submitted (4.9s)
  ✓  70 [chromium-ar] › apps/web/e2e/p2-journeys.spec.ts:675:1 › Gates: the approver's decision — 409 when the submission was superseded, then approval with a rationale (4.3s)
  ✓  71 [chromium-ar] › apps/web/e2e/p2-journeys.spec.ts:828:1 › Define → G2: activate a KPI, pass the good outcome test, add a guardrail, compose the thesis; G2 is decided (18.5s)
  ✓  72 [chromium-ar] › apps/web/e2e/p2-journeys.spec.ts:1031:1 › Design → G3: the target state is complete and G3 is decided by the Sponsor (5.1s)
  ✓  73 [chromium-ar] › apps/web/e2e/p2-journeys.spec.ts:1084:1 › Team: the six governance roles with their B0018 accountability; the lead assigns a Workstream Lead (4.8s)
  ✓  74 [chromium-ar] › apps/web/e2e/p2-journeys.spec.ts:1157:1 › read-only auditor (AUD): every P2 screen without write controls; Unknown and Unquantified rendered (13.0s)
  ✓  75 [chromium-ar] › apps/web/e2e/p3-portfolio.spec.ts:43:1 › setup: a fresh End-to-End transformation with one draft initiative, an outcome and a journey (135ms)
  ✓  76 [chromium-ar] › apps/web/e2e/p3-portfolio.spec.ts:78:1 › Portfolio: three separate columns, filters, a draft created before G1, the outcome hierarchy (4.1s)
  ✓  77 [chromium-ar] › apps/web/e2e/p3-portfolio.spec.ts:129:1 › Initiative Card: 14 T05 fields, submit refused before G1, not TOM evidence, an outcome contribution (5.6s)
  ✓  78 [chromium-ar] › apps/web/e2e/p3-portfolio.spec.ts:207:1 › Readiness: the five missing diagnostic areas and the translated sequencing blocker (1.9s)
  ✓  79 [chromium-ar] › apps/web/e2e/p3-portfolio.spec.ts:224:1 › Dispensations: a waiver with reason, scope and expiry; the recorder is not offered the decision (2.9s)
  ✓  80 [chromium-ar] › apps/web/e2e/p3-portfolio.spec.ts:272:1 › the read-only auditor sees every FE-A screen with no write control and sends nothing (6.6s)
  ✓  81 [chromium-ar] › apps/web/e2e/p3-seams.spec.ts:26:1 › setup: a fresh synthetic transformation for the P3 seam checks (69ms)
  ✘  82 [chromium-ar] › apps/web/e2e/p3-seams.spec.ts:38:1 › P3 pages: bilingual titles, an honest 'being built' state and the P3 workspace tabs (6.0s)
  -  83 [chromium-ar] › apps/web/e2e/p3-seams.spec.ts:76:1 › Initiatives and Roadmaps / Benefits and Finance lead into the Portfolio and Business cases tabs
  ✓  84 [chromium-ar] › apps/web/e2e/session-end.spec.ts:156:1 › signed out in another tab, then an in-app link: one landing on sign-in with the message (5.0s)
  ✓  85 [chromium-ar] › apps/web/e2e/session-end.spec.ts:187:1 › access withdrawn while the Upload dialog is open: the upload is refused, the dialog closes, one landing on sign-in (5.2s)
  ✓  86 [chromium-ar] › apps/web/e2e/session-end.spec.ts:266:1 › after a session end, another browser context from the same IP can still sign in (no 429) (6.9s)
  ✓  87 [chromium-ar] › apps/web/e2e/session-end.spec.ts:299:1 › a 403 is not a session end: a refused change keeps the user signed in where they are (5.2s)
  ✓  88 [chromium-ar] › apps/web/e2e/session-end.spec.ts:407:1 › a session end on the sign-in page: the next user to sign in in the tab never sees the previous user's records (5.5s)


  1) [chromium-en] › apps/web/e2e/p3-seams.spec.ts:38:1 › P3 pages: bilingual titles, an honest 'being built' state and the P3 workspace tabs 

    Error: [2mexpect([22m[31mlocator[39m[2m).[22mtoBeVisible[2m([22m[2m)[22m failed

    Locator: locator('[data-state=\'being-built\']')
    Expected: visible
    Timeout: 5000ms
    Error: element(s) not found

    Call log:
    [2m  - Expect "toBeVisible" with timeout 5000ms[22m
    [2m  - waiting for locator('[data-state=\'being-built\']')[22m


      73 |     await expect(page.locator("main#main h1")).toHaveText(exactly(tr(lang, titleKey)));
      74 |     const state = page.locator("[data-state='being-built']");
    > 75 |     await expect(state).toBeVisible();
         |                         ^
      76 |     await expect(state).toHaveAttribute("role", "note");
      77 |     await expect(state).toContainText(tr(lang, `${ns}.stub.title`));
      78 |     await expect(state).toContainText(tr(lang, `${ns}.stub.body`));
        at /home/user/wt/dg3-fe-a/apps/web/e2e/p3-seams.spec.ts:75:25

    attachment #1: screenshot (image/png) ──────────────────────────────────────────────────────────
    test-results/apps-web-e2e-p3-seams-P3-p-cca04-e-and-the-P3-workspace-tabs-chromium-en/test-failed-1.png
    ────────────────────────────────────────────────────────────────────────────────────────────────

    Error Context: test-results/apps-web-e2e-p3-seams-P3-p-cca04-e-and-the-P3-workspace-tabs-chromium-en/error-context.md

    attachment #3: trace (application/zip) ─────────────────────────────────────────────────────────
    test-results/apps-web-e2e-p3-seams-P3-p-cca04-e-and-the-P3-workspace-tabs-chromium-en/trace.zip
    Usage:

        npx playwright show-trace test-results/apps-web-e2e-p3-seams-P3-p-cca04-e-and-the-P3-workspace-tabs-chromium-en/trace.zip

    ────────────────────────────────────────────────────────────────────────────────────────────────

  2) [chromium-ar] › apps/web/e2e/p3-seams.spec.ts:38:1 › P3 pages: bilingual titles, an honest 'being built' state and the P3 workspace tabs 

    Error: [2mexpect([22m[31mlocator[39m[2m).[22mtoBeVisible[2m([22m[2m)[22m failed

    Locator: locator('[data-state=\'being-built\']')
    Expected: visible
    Timeout: 5000ms
    Error: element(s) not found

    Call log:
    [2m  - Expect "toBeVisible" with timeout 5000ms[22m
    [2m  - waiting for locator('[data-state=\'being-built\']')[22m


      73 |     await expect(page.locator("main#main h1")).toHaveText(exactly(tr(lang, titleKey)));
      74 |     const state = page.locator("[data-state='being-built']");
    > 75 |     await expect(state).toBeVisible();
         |                         ^
      76 |     await expect(state).toHaveAttribute("role", "note");
      77 |     await expect(state).toContainText(tr(lang, `${ns}.stub.title`));
      78 |     await expect(state).toContainText(tr(lang, `${ns}.stub.body`));
        at /home/user/wt/dg3-fe-a/apps/web/e2e/p3-seams.spec.ts:75:25

    attachment #1: screenshot (image/png) ──────────────────────────────────────────────────────────
    test-results/apps-web-e2e-p3-seams-P3-p-cca04-e-and-the-P3-workspace-tabs-chromium-ar/test-failed-1.png
    ────────────────────────────────────────────────────────────────────────────────────────────────

    Error Context: test-results/apps-web-e2e-p3-seams-P3-p-cca04-e-and-the-P3-workspace-tabs-chromium-ar/error-context.md

    attachment #3: trace (application/zip) ─────────────────────────────────────────────────────────
    test-results/apps-web-e2e-p3-seams-P3-p-cca04-e-and-the-P3-workspace-tabs-chromium-ar/trace.zip
    Usage:

        npx playwright show-trace test-results/apps-web-e2e-p3-seams-P3-p-cca04-e-and-the-P3-workspace-tabs-chromium-ar/trace.zip

    ────────────────────────────────────────────────────────────────────────────────────────────────

  2 failed
    [chromium-en] › apps/web/e2e/p3-seams.spec.ts:38:1 › P3 pages: bilingual titles, an honest 'being built' state and the P3 workspace tabs 
    [chromium-ar] › apps/web/e2e/p3-seams.spec.ts:38:1 › P3 pages: bilingual titles, an honest 'being built' state and the P3 workspace tabs 
  2 did not run
  84 passed (6.9m)

To open last HTML report run:
[36m[39m
[36m  npx playwright show-report[39m
[36m[39m
---- api.log (tail)
EXIT=1
