mth-db migrate: applying 0001_identity_access.sql
mth-db migrate: applying 0002_transformation.sql
mth-db migrate: applying 0003_audit_event.sql
mth-db migrate: applying 0004_outbox_jobs.sql
mth-db migrate: applying 0005_seed_roles_permissions.sql
mth-db migrate: applying 0006_pgboss_schema_v25.sql
mth-db migrate: applying 0007_oidc_login_browser_binding.sql
mth-db migrate: applying 0008_scoped_assignment_derived_from.sql
mth-db migrate: applying 0009_business_unit_hierarchy_guard.sql
mth-db migrate: applying 0010_p2_record_guards.sql
mth-db migrate: applying 0011_p2_methodology_catalogue.sql
mth-db migrate: applying 0012_p2_evidence.sql
mth-db migrate: applying 0013_p2_direction_charter.sql
mth-db migrate: applying 0014_p2_kpi_baseline_value_pool.sql
mth-db migrate: applying 0015_p2_diagnose.sql
mth-db migrate: applying 0016_p2_design_tom.sql
mth-db migrate: applying 0017_p2_decisions_gates.sql
mth-db migrate: applying 0018_p2_access_instantiation.sql
mth-db migrate: applying 0019_evidence_review_separation.sql
mth-db migrate: applied 19 migration(s)
mth-db seed-dev: seeded SYNTHETIC dev users: dev.admin, dev.office, dev.lead, dev.auditor, dev.nobody
{"status":"ready","checks":{"database":"ok","migrations":"ok"}}
npm warn Unknown project config "strict-peer-dependencies". This will stop working in the next major version of npm. See `npm help npmrc` for supported config options.
npm warn Unknown project config "auto-install-peers". This will stop working in the next major version of npm. See `npm help npmrc` for supported config options.
npm warn Unknown project config "link-workspace-packages". This will stop working in the next major version of npm. See `npm help npmrc` for supported config options.

Running 16 tests using 1 worker

  ✓   1 [chromium-en] › apps/web/e2e/p2-blank-text.spec.ts:58:1 › setup: a fresh End-to-End transformation for the blank-text checks (139ms)
  ✓   2 [chromium-en] › apps/web/e2e/p2-blank-text.spec.ts:73:1 › Charter create: a whitespace Case for change is an inline error and creates no charter (2.3s)
  ✓   3 [chromium-en] › apps/web/e2e/p2-blank-text.spec.ts:113:1 › Charter edit: a whitespace Out of scope is an inline error, writes no version and keeps the value (3.3s)
  ✓   4 [chromium-en] › apps/web/e2e/p2-blank-text.spec.ts:163:1 › T01: a whitespace Current state is an inline error and sends nothing (2.7s)
  ✓   5 [chromium-en] › apps/web/e2e/p2-blank-text.spec.ts:265:1 › Gate G1 submission: a whitespace note is an inline error and submits nothing; visible text is verbatim (2.2s)
  ✓   6 [chromium-en] › apps/web/e2e/p2-blank-text.spec.ts:326:1 › Gate G1 decision: a whitespace rationale is an inline error and decides nothing (2.1s)
  ✓   7 [chromium-en] › apps/web/e2e/p2-blank-text.spec.ts:382:1 › Journey steps: a whitespace actor is an inline error and writes no journey version (2.6s)
  ✓   8 [chromium-en] › apps/web/e2e/p2-blank-text.spec.ts:425:1 › Reason dialog: an invisible-only archive reason is an inline error and archives nothing (2.6s)
  ✓   9 [chromium-ar] › apps/web/e2e/p2-blank-text.spec.ts:58:1 › setup: a fresh End-to-End transformation for the blank-text checks (103ms)
  ✓  10 [chromium-ar] › apps/web/e2e/p2-blank-text.spec.ts:73:1 › Charter create: a whitespace Case for change is an inline error and creates no charter (2.0s)
  ✓  11 [chromium-ar] › apps/web/e2e/p2-blank-text.spec.ts:113:1 › Charter edit: a whitespace Out of scope is an inline error, writes no version and keeps the value (2.8s)
  ✓  12 [chromium-ar] › apps/web/e2e/p2-blank-text.spec.ts:163:1 › T01: a whitespace Current state is an inline error and sends nothing (2.6s)
  ✓  13 [chromium-ar] › apps/web/e2e/p2-blank-text.spec.ts:265:1 › Gate G1 submission: a whitespace note is an inline error and submits nothing; visible text is verbatim (2.1s)
  ✓  14 [chromium-ar] › apps/web/e2e/p2-blank-text.spec.ts:326:1 › Gate G1 decision: a whitespace rationale is an inline error and decides nothing (2.0s)
  ✓  15 [chromium-ar] › apps/web/e2e/p2-blank-text.spec.ts:382:1 › Journey steps: a whitespace actor is an inline error and writes no journey version (2.3s)
  ✓  16 [chromium-ar] › apps/web/e2e/p2-blank-text.spec.ts:425:1 › Reason dialog: an invisible-only archive reason is an inline error and archives nothing (2.6s)

  16 passed (36.8s)

To open last HTML report run:
[36m[39m
[36m  npx playwright show-report[39m
[36m[39m
exit 0
