   × gate submission note (en) > a whitespace-only note is refused inline and nothing is sent 1374ms
   ✓ gate submission note (en) > a invisible-only note is refused inline and nothing is sent 155ms
   × gate submission note (en) > visible text is sent verbatim; an empty note is omitted 140ms
   × gate submission note (ar) > a whitespace-only note is refused inline and nothing is sent 1123ms
   ✓ gate submission note (ar) > a invisible-only note is refused inline and nothing is sent 109ms
   × gate submission note (ar) > visible text is sent verbatim; an empty note is omitted 118ms
   × gate decision rationale and comments (en) > a whitespace-only rationale is refused inline and nothing is sent 172ms
   × gate decision rationale and comments (en) > a invisible-only rationale is refused inline and nothing is sent 139ms
   × gate decision rationale and comments (en) > a invisible (long enough for min 3)-only rationale is refused inline and nothing is sent 1164ms
   × gate decision rationale and comments (en) > a whitespace-only comment is refused inline (focus on it) and nothing is sent 1136ms
   × gate decision rationale and comments (en) > a invisible-only comment is refused inline (focus on it) and nothing is sent 1141ms
   × gate decision rationale and comments (en) > visible text is sent verbatim; empty comments are omitted; an empty rationale stays 'too short' 146ms
   × gate decision rationale and comments (en) > a server 400 validation.blank on /rationale lands on the field 1151ms
   × gate decision rationale and comments (ar) > a whitespace-only rationale is refused inline and nothing is sent 176ms
   × gate decision rationale and comments (ar) > a invisible-only rationale is refused inline and nothing is sent 120ms
   × gate decision rationale and comments (ar) > a invisible (long enough for min 3)-only rationale is refused inline and nothing is sent 1130ms
   × gate decision rationale and comments (ar) > a whitespace-only comment is refused inline (focus on it) and nothing is sent 1149ms
   × gate decision rationale and comments (ar) > a invisible-only comment is refused inline (focus on it) and nothing is sent 1146ms
   × gate decision rationale and comments (ar) > visible text is sent verbatim; empty comments are omitted; an empty rationale stays 'too short' 150ms
   × gate decision rationale and comments (ar) > a server 400 validation.blank on /rationale lands on the field 1132ms
   × journey step editor (en) > a whitespace-only actor is refused inline (not turned into null) and nothing is sent 1652ms
   × journey step editor (en) > a invisible-only actor is refused inline (not turned into null) and nothing is sent 1649ms
   × journey step editor (en) > several blank fields: each gets the message and focus goes to the first (name) 1609ms
   × journey step editor (en) > visible text is sent verbatim; emptied optional text is null; an empty name is required 1634ms
   × journey step editor (ar) > a whitespace-only actor is refused inline (not turned into null) and nothing is sent 1699ms
   × journey step editor (ar) > a invisible-only actor is refused inline (not turned into null) and nothing is sent 1638ms
   × journey step editor (ar) > several blank fields: each gets the message and focus goes to the first (name) 1620ms
   × journey step editor (ar) > visible text is sent verbatim; emptied optional text is null; an empty name is required 1637ms
   × Finance validation note and archive reason (en) > note: a whitespace-only note is refused inline and nothing is sent 582ms
   × Finance validation note and archive reason (en) > note: a invisible-only note is refused inline and nothing is sent 1554ms
   × Finance validation note and archive reason (en) > note: empty is 'required'; visible text is sent verbatim 579ms
   × Finance validation note and archive reason (en) > reason: a whitespace-only reason is refused inline and nothing is archived 600ms
   ✓ Finance validation note and archive reason (en) > reason: a invisible-only reason is refused inline and nothing is archived  597ms
   × Finance validation note and archive reason (en) > reason: a server 400 validation.blank on /reason is the field message, not a generic error 1586ms
   × Finance validation note and archive reason (en) > reason: empty keeps 'too short'; visible text is sent verbatim 603ms
   × Finance validation note and archive reason (ar) > note: a whitespace-only note is refused inline and nothing is sent 616ms
   × Finance validation note and archive reason (ar) > note: a invisible-only note is refused inline and nothing is sent 1591ms
   × Finance validation note and archive reason (ar) > note: empty is 'required'; visible text is sent verbatim 613ms
   × Finance validation note and archive reason (ar) > reason: a whitespace-only reason is refused inline and nothing is archived 555ms
   ✓ Finance validation note and archive reason (ar) > reason: a invisible-only reason is refused inline and nothing is archived  679ms
   × Finance validation note and archive reason (ar) > reason: a server 400 validation.blank on /reason is the field message, not a generic error 1575ms
   × Finance validation note and archive reason (ar) > reason: empty keeps 'too short'; visible text is sent verbatim 536ms
   × North Star statement (en) > a whitespace-only statement is refused inline and nothing is sent 1161ms
   × North Star statement (en) > a invisible-only statement is refused inline and nothing is sent 1152ms
   × North Star statement (ar) > a whitespace-only statement is refused inline and nothing is sent 1163ms
   × North Star statement (ar) > a invisible-only statement is refused inline and nothing is sent 1161ms
   ✓ P1 transformation edit: server validation.blank on /name (en) > is the localized field message, not only a generic failure 63ms
   ✓ P1 transformation edit: server validation.blank on /name (ar) > is the localized field message, not only a generic failure 55ms
⎯⎯⎯⎯⎯⎯ Failed Tests 42 ⎯⎯⎯⎯⎯⎯⎯
      Tests  42 failed | 6 passed (48)
