
> mobily-transformation-hub@0.1.0 test /home/user/My-owns
> vitest run --project unit-node --project unit-web


 RUN  v3.2.4 /home/user/My-owns

 ✓ |unit-web| src/pages/transformations/transformations.test.tsx (21 tests) 3629ms
   ✓ after create (F-DG1-004) > shows the created record when the server lets the creator read it  498ms
   ✓ effective permissions refresh after create (F-DG1-210) > English: Edit, Archive and the audit trail appear after create, without a reload  483ms
   ✓ effective permissions refresh after create (F-DG1-210) > Arabic (RTL): the same controls and the audit trail appear after create, without a reload  440ms
 ✓ |unit-web| src/app/app.test.tsx (17 tests) 1713ms
   ✓ transformations > lists transformations with a sortable code column and removable filter chips  314ms
stderr | src/pages/team/team.test.tsx > Team (English LTR) > shows a 403 from the server in words; nothing is assigned
Cannot update a component (`AssignDialog`) while rendering a different component (`RecordDialog`). To locate the bad setState() call inside `RecordDialog`, follow the stack trace as described in https://react.dev/link/setstate-in-render

 ✓ |unit-web| src/pages/team/team.test.tsx (6 tests) 1601ms
   ✓ Team (English LTR) > shows the six governance roles with B0018 accountability text verbatim and who holds each  403ms
 ✓ |unit-web| src/pages/transformations/modeGuidance.test.tsx (5 tests) 840ms
   ✓ New transformation: mode guidance (English LTR) > shows When to use and How for the selected mode and switches with the mode  380ms
 ✓ |unit-web| src/pages/p2.test.tsx (56 tests) 12744ms
   ✓ Diagnose > shows the six T01 dimensions with Unknown for missing values, and value pools that are never 0  646ms
   ✓ Diagnose > renders the six workstreams with their key questions  401ms
   ✓ Diagnose > edits a T01 row with only the changed fields and If-Match  532ms
   ✓ Diagnose > a 409 on save writes nothing, compares, and re-applies on the current version  420ms
   ✓ Diagnose > a 400 validation.blank shows a localized message on its field ('en')  481ms
   ✓ Diagnose > a 400 validation.blank shows a localized message on its field ('ar')  483ms
   ✓ Diagnose > an invisible-only value is blocked client-side with validation.blank ('en')  515ms
   ✓ Diagnose > an invisible-only value is blocked client-side with validation.blank ('ar')  461ms
   ✓ Diagnose > a whitespace-only T01 value is an inline blank error and sends nothing ('en')  556ms
   ✓ Diagnose > a whitespace-only T01 value is an inline blank error and sends nothing ('ar')  432ms
   ✓ Diagnose > T01: an emptied field is sent as an explicit null; visible text is sent verbatim  387ms
   ✓ Charter > scope pre-check: an empty Out of scope reads as failing (EN and AR)  324ms
   ✓ Design > shows the ten canvas boxes and the per-dimension view  324ms
   ✓ Design > converts an unresolved workshop item into a design decision with If-Match  494ms
 ✓ |unit-web| src/components/States.test.tsx (15 tests) 362ms
 ✓ |unit-web| src/i18n/i18n.test.ts (11 tests) 21ms
 ✓ |unit-web| src/lib/lib.test.ts (23 tests) 65ms
 ✓ |unit-web| src/lib/auditChanges.test.ts (15 tests) 18ms
 ✓ |unit-web| src/i18n/glossary.test.ts (8 tests) 8ms
 ✓ |unit-web| src/styles/styles.test.ts (6 tests) 7ms
 ✓ |unit-node| apps/api/src/modules/workflows/workflows.test.ts (14 tests) 752ms
   ✓ workflows module (P2) > its declared boundary holds, and an undeclared dependency would be caught  695ms
 ✓ |unit-node| apps/api/src/architecture.test.ts (135 tests) 3032ms
   ✓ API module boundaries (ADR-0002) > every import respects dependsOn, public surfaces and allowed packages  1690ms
   ✓ package dependency direction (ADR-0002 rule 5) > apps/web never imports @mth/db or @mth/config (browser bundle, no secrets)  764ms
 ✓ |unit-node| apps/api/src/modules/evidence/evidence.test.ts (8 tests) 479ms
   ✓ evidence module (P2) > its declared boundary holds  404ms
 ✓ |unit-node| apps/api/src/modules/kpi/kpi.test.ts (18 tests) 687ms
   ✓ kpi module (P2) > its declared boundary holds, and a planted bypass or undeclared dependency would be caught  650ms
 ✓ |unit-web| src/pages/p2-blank-forms.test.tsx (48 tests) 21835ms
   ✓ gate submission note (en) > a whitespace-only note is refused inline and nothing is sent  546ms
   ✓ gate submission note (en) > visible text is sent verbatim; an empty note is omitted  467ms
   ✓ gate submission note (ar) > visible text is sent verbatim; an empty note is omitted  339ms
   ✓ journey step editor (en) > a whitespace-only actor is refused inline (not turned into null) and nothing is sent  879ms
   ✓ journey step editor (en) > a invisible-only actor is refused inline (not turned into null) and nothing is sent  821ms
   ✓ journey step editor (en) > several blank fields: each gets the message and focus goes to the first (name)  745ms
   ✓ journey step editor (en) > visible text is sent verbatim; emptied optional text is null; an empty name is required  890ms
   ✓ journey step editor (ar) > a whitespace-only actor is refused inline (not turned into null) and nothing is sent  748ms
   ✓ journey step editor (ar) > a invisible-only actor is refused inline (not turned into null) and nothing is sent  753ms
   ✓ journey step editor (ar) > several blank fields: each gets the message and focus goes to the first (name)  754ms
   ✓ journey step editor (ar) > visible text is sent verbatim; emptied optional text is null; an empty name is required  759ms
   ✓ Finance validation note and archive reason (en) > note: a whitespace-only note is refused inline and nothing is sent  628ms
   ✓ Finance validation note and archive reason (en) > note: a invisible-only note is refused inline and nothing is sent  605ms
   ✓ Finance validation note and archive reason (en) > note: empty is 'required'; visible text is sent verbatim  589ms
   ✓ Finance validation note and archive reason (en) > reason: a whitespace-only reason is refused inline and nothing is archived  687ms
   ✓ Finance validation note and archive reason (en) > reason: a invisible-only reason is refused inline and nothing is archived  610ms
   ✓ Finance validation note and archive reason (en) > reason: a server 400 validation.blank on /reason is the field message, not a generic error  665ms
   ✓ Finance validation note and archive reason (en) > reason: empty keeps 'too short'; visible text is sent verbatim  684ms
   ✓ Finance validation note and archive reason (ar) > note: a whitespace-only note is refused inline and nothing is sent  677ms
   ✓ Finance validation note and archive reason (ar) > note: a invisible-only note is refused inline and nothing is sent  890ms
   ✓ Finance validation note and archive reason (ar) > note: empty is 'required'; visible text is sent verbatim  864ms
   ✓ Finance validation note and archive reason (ar) > reason: a whitespace-only reason is refused inline and nothing is archived  749ms
   ✓ Finance validation note and archive reason (ar) > reason: a invisible-only reason is refused inline and nothing is archived  690ms
   ✓ Finance validation note and archive reason (ar) > reason: a server 400 validation.blank on /reason is the field message, not a generic error  757ms
   ✓ Finance validation note and archive reason (ar) > reason: empty keeps 'too short'; visible text is sent verbatim  924ms
 ✓ |unit-node| apps/api/src/server.test.ts (6 tests) 323ms
 ✓ |unit-node| packages/shared/src/value.test.ts (29 tests) 172ms
 ✓ |unit-node| apps/api/src/modules/methodology/methodology.test.ts (4 tests) 217ms
 ✓ |unit-node| packages/config/src/load.test.ts (17 tests) 88ms
 ✓ |unit-node| apps/api/src/modules/reporting/reporting.test.ts (4 tests) 106ms
 ✓ |unit-node| packages/design-tokens/src/tokens.test.ts (15 tests) 48ms
 ✓ |unit-node| packages/shared/src/schemas/schemas.test.ts (37 tests) 73ms
 ✓ |unit-node| apps/api/src/modules/kpi/rules.test.ts (30 tests) 34ms
 ✓ |unit-node| apps/api/src/modules/platform/platform.test.ts (13 tests) 17ms
 ✓ |unit-node| packages/db/src/seed.test.ts (7 tests) 18ms
 ✓ |unit-node| apps/api/src/modules/access/rules.test.ts (12 tests) 7ms
 ✓ |unit-node| apps/api/src/modules/admin/branding.test.ts (4 tests) 35ms
 ✓ |unit-node| apps/api/src/modules/transformations/good-outcome.test.ts (7 tests) 7ms
 ✓ |unit-node| apps/api/src/modules/transformations/exclusions.test.ts (19 tests) 6ms
 ✓ |unit-node| apps/api/src/modules/transformations/thesis.test.ts (4 tests) 5ms
 ✓ |unit-node| apps/api/src/modules/transformations/transitions.test.ts (2 tests) 3ms

 Test Files  32 passed (32)
      Tests  616 passed (616)
   Start at  07:07:10
   Duration  27.46s (transform 2.59s, setup 0ms, collect 18.06s, tests 48.95s, environment 5.60s, prepare 2.50s)

exit 0
