port-policy: PostgreSQL listening on port 25736 (attempt 1)
e2e database mth: server_encoding UTF8, lc_collate C, lc_ctype C
mth-db migrate: applying 0001_identity_access.sql
mth-db migrate: applying 0002_transformation.sql
mth-db migrate: applying 0003_audit_event.sql
mth-db migrate: applying 0004_outbox_jobs.sql
mth-db migrate: applying 0005_seed_roles_permissions.sql
mth-db migrate: applying 0006_pgboss_schema_v25.sql
mth-db migrate: applying 0007_oidc_login_browser_binding.sql
mth-db migrate: applying 0008_scoped_assignment_derived_from.sql
mth-db migrate: applying 0009_business_unit_hierarchy_guard.sql
mth-db migrate: applying 0010_p2_record_guards.sql
mth-db migrate: applying 0011_p2_methodology_catalogue.sql
mth-db migrate: applying 0012_p2_evidence.sql
mth-db migrate: applying 0013_p2_direction_charter.sql
mth-db migrate: applying 0014_p2_kpi_baseline_value_pool.sql
mth-db migrate: applying 0015_p2_diagnose.sql
mth-db migrate: applying 0016_p2_design_tom.sql
mth-db migrate: applying 0017_p2_decisions_gates.sql
mth-db migrate: applying 0018_p2_access_instantiation.sql
mth-db migrate: applying 0019_evidence_review_separation.sql
mth-db migrate: applying 0020_p3_portfolio_roadmap.sql
mth-db migrate: applying 0021_p3_prioritization.sql
mth-db migrate: applying 0022_p3_dependency_capacity_funding.sql
mth-db migrate: applying 0023_p3_business_case_formula.sql
mth-db migrate: applying 0024_p3_gates_access_instantiation.sql
mth-db migrate: applying 0025_p3_g1_agreement_guard.sql
mth-db migrate: applying 0026_p3_enable_g4.sql
mth-db migrate: applying 0027_p3_calculation_rounding.sql
mth-db migrate: applying 0028_p4_calendar_jobs_work_items.sql
mth-db migrate: applying 0029_p4_groups_role_mapping_delegation.sql
mth-db migrate: applying 0030_p4_decision_rights_raci.sql
mth-db migrate: applying 0031_p4_approvals_permissions.sql
mth-db migrate: applying 0032_p4_slice_i_c_reserved.sql
mth-db migrate: applying 0033_p4_kpi_dictionary_versions.sql
mth-db migrate: applying 0034_p4_kpi_trajectories_actuals.sql
mth-db migrate: applying 0035_p4_kpi_calculation_runs_quality.sql
mth-db migrate: applying 0036_p4_kpi_permissions_backfill.sql
mth-db migrate: applying 0037_p4_benefit_register.sql
mth-db migrate: applying 0038_p4_benefit_measurement_validation.sql
mth-db migrate: applying 0039_p4_benefit_value_views.sql
mth-db migrate: applying 0040_p4_benefit_permissions.sql
mth-db migrate: applying 0041_p4_raid_actions_corrective.sql
mth-db migrate: applying 0042_p4_budget_schedule.sql
mth-db migrate: applying 0043_p4_raid_permissions.sql
mth-db migrate: applying 0044_p4_forums_meetings.sql
mth-db migrate: applying 0045_p4_t16_escalation.sql
mth-db migrate: applying 0046_p4_governance_permissions.sql
mth-db migrate: applying 0047_p4_adoption.sql
mth-db migrate: applying 0048_p4_sustainment.sql
mth-db migrate: applying 0049_p4_adoption_sustainment_permissions.sql
mth-db migrate: applying 0050_p4_sustainment_schedules.sql
mth-db migrate: applying 0051_p4_phases_gates_g5_g6_exceptions.sql
mth-db migrate: applying 0052_p4_change_control.sql
mth-db migrate: applying 0053_p4_gates_change_permissions.sql
mth-db migrate: applying 0054_p4_gate_exception_expiry_schedule.sql
mth-db migrate: applying 0055_p4_traceability_modular_structure.sql
mth-db migrate: applying 0056_p4_dashboards_t10.sql
mth-db migrate: applying 0057_p4_dashboards_traceability_permissions.sql
mth-db migrate: applying 0058_p4_approval_reminder_kinds.sql
mth-db migrate: applying 0059_p4_enable_g5_g6.sql
mth-db migrate: applying 0060_p4_governance_schedules_weekly_cadence.sql
mth-db migrate: applied 60 migration(s)
mth-db seed-dev: seeded SYNTHETIC dev users: dev.admin, dev.office, dev.lead, dev.auditor, dev.nobody
port-policy: API listening on port 25737 (attempt 1)
API: http://localhost:25737 (APP_BASE_URL=http://localhost:25737, PORT=25737)
{"status":"ready","checks":{"database":"ok","migrations":"ok"}}
npm warn Unknown project config "strict-peer-dependencies". This will stop working in the next major version of npm. See `npm help npmrc` for supported config options.
npm warn Unknown project config "auto-install-peers". This will stop working in the next major version of npm. See `npm help npmrc` for supported config options.
npm warn Unknown project config "link-workspace-packages". This will stop working in the next major version of npm. See `npm help npmrc` for supported config options.

Running 54 tests using 1 worker

  ✓   1 [chromium-en] › apps/web/e2e/p2-journeys.spec.ts:42:1 › lead creates an End-to-End transformation; the workspace tabs lead to the P2 screens (4.8s)
  ✓   2 [chromium-en] › apps/web/e2e/p2-journeys.spec.ts:83:1 › Diagnose: six T01 dimensions with Unknown; value pools labelled Unquantified with a partial total (9.3s)
  ✓   3 [chromium-en] › apps/web/e2e/p2-journeys.spec.ts:168:1 › Charter: create, save a second version, compare versions; the 3-5 top-outcomes warning (6.9s)
  ✓   4 [chromium-en] › apps/web/e2e/p2-journeys.spec.ts:248:1 › Define: North Star, the good outcome test with reasons, and a required T02 target date (6.2s)
  ✓   5 [chromium-en] › apps/web/e2e/p2-journeys.spec.ts:332:1 › Design: ten canvas boxes, the per-dimension view; workshop mode converts an unresolved item into T04 (7.6s)
  ✓   6 [chromium-en] › apps/web/e2e/p2-journeys.spec.ts:414:1 › Evidence: note, filename reference and file upload; a link; review by another person (9.6s)
  ✓   7 [chromium-en] › apps/web/e2e/p2-journeys.spec.ts:608:1 › Gates: G1 shows unverified evidence and offers no submission while incomplete; once complete it is submitted (8.2s)
  ✓   8 [chromium-en] › apps/web/e2e/p2-journeys.spec.ts:675:1 › Gates: the approver's decision — 409 when the submission was superseded, then approval with a rationale (7.1s)
  ✓   9 [chromium-en] › apps/web/e2e/p2-journeys.spec.ts:828:1 › Define → G2: activate a KPI, pass the good outcome test, add a guardrail, compose the thesis; G2 is decided (24.7s)
  ✓  10 [chromium-en] › apps/web/e2e/p2-journeys.spec.ts:1031:1 › Design → G3: the target state is complete and G3 is decided by the Sponsor (8.2s)
  ✓  11 [chromium-en] › apps/web/e2e/p2-journeys.spec.ts:1084:1 › Team: the six governance roles with their B0018 accountability; the lead assigns a Workstream Lead (7.7s)
  ✓  12 [chromium-en] › apps/web/e2e/p2-journeys.spec.ts:1157:1 › read-only auditor (AUD): every P2 screen without write controls; Unknown and Unquantified rendered (17.6s)
  ✓  13 [chromium-en] › apps/web/e2e/p4-change-phases.spec.ts:170:1 › 1. phases: six phases in order; a version-0 step is assigned and started; an unmet rule is refused (6.1s)
  ✓  14 [chromium-en] › apps/web/e2e/p4-change-phases.spec.ts:234:1 › 2. the materiality policy is read at version 0 and its first save sends If-Match "0" (3.5s)
  ✓  15 [chromium-en] › apps/web/e2e/p4-change-phases.spec.ts:263:1 › 3. the Lead raises a schedule rebaseline: preview, saved draft, submit to the Sponsor, frozen assessment (7.0s)
  ✓  16 [chromium-en] › apps/web/e2e/p4-change-phases.spec.ts:319:1 › 4. returned by the Sponsor, edited and submitted as round 2, then approved and applied (6.5s)
  ✓  17 [chromium-en] › apps/web/e2e/p4-change-phases.spec.ts:364:1 › 5. G5: scaling before approval is refused naming G5; a disposition is proposed for the open risk (6.1s)
  ✓  18 [chromium-en] › apps/web/e2e/p4-change-phases.spec.ts:406:1 › 5b. an approved disposition completes the row; after G5, scaling inside the scope succeeds and outside is refused (6.9s)
  ✓  19 [chromium-en] › apps/web/e2e/p4-change-phases.spec.ts:474:1 › 6. the auditor reads without write actions; 390 px and 200 % text have no page-level overflow (12.5s)
  ✓  20 [chromium-en] › apps/web/e2e/p4-governance.spec.ts:70:1 › role mapping: unmapped roles show the routing error; the Lead maps the Sponsor (5.5s)
  ✓  21 [chromium-en] › apps/web/e2e/p4-governance.spec.ts:97:1 › decision rights and RACI: seeded rows; exact RACI values; a second accountable is refused (6.9s)
  ✓  22 [chromium-en] › apps/web/e2e/p4-governance.spec.ts:132:1 › the Lead requests a business approval routed by the T11 row (4.1s)
  ✓  23 [chromium-en] › apps/web/e2e/p4-governance.spec.ts:155:1 › the Sponsor decides from My Work: defer needs a date, then approve with a rationale (6.7s)
  ✓  24 [chromium-en] › apps/web/e2e/p4-governance.spec.ts:196:1 › a record changed after the request: 409 'the record changed' with a link to its history (3.1s)
  ✓  25 [chromium-en] › apps/web/e2e/p4-governance.spec.ts:234:1 › delegations: the Sponsor delegates to the Business Owner; the reverse is refused as a loop (8.8s)
  ✓  26 [chromium-en] › apps/web/e2e/p4-governance.spec.ts:274:1 › the auditor sees the approval records and a read-only RACI (4.3s)
  ✓  27 [chromium-en] › apps/web/e2e/p4-governance.spec.ts:290:1 › administration: calendar and jobs; governance: groups and Transform readiness (10.5s)
  ✓  28 [chromium-ar] › apps/web/e2e/p2-journeys.spec.ts:42:1 › lead creates an End-to-End transformation; the workspace tabs lead to the P2 screens (4.2s)
  ✓  29 [chromium-ar] › apps/web/e2e/p2-journeys.spec.ts:83:1 › Diagnose: six T01 dimensions with Unknown; value pools labelled Unquantified with a partial total (9.1s)
  ✓  30 [chromium-ar] › apps/web/e2e/p2-journeys.spec.ts:168:1 › Charter: create, save a second version, compare versions; the 3-5 top-outcomes warning (6.4s)
  ✓  31 [chromium-ar] › apps/web/e2e/p2-journeys.spec.ts:248:1 › Define: North Star, the good outcome test with reasons, and a required T02 target date (5.8s)
  ✓  32 [chromium-ar] › apps/web/e2e/p2-journeys.spec.ts:332:1 › Design: ten canvas boxes, the per-dimension view; workshop mode converts an unresolved item into T04 (7.3s)
  ✓  33 [chromium-ar] › apps/web/e2e/p2-journeys.spec.ts:414:1 › Evidence: note, filename reference and file upload; a link; review by another person (8.4s)
  ✓  34 [chromium-ar] › apps/web/e2e/p2-journeys.spec.ts:608:1 › Gates: G1 shows unverified evidence and offers no submission while incomplete; once complete it is submitted (7.7s)
  ✓  35 [chromium-ar] › apps/web/e2e/p2-journeys.spec.ts:675:1 › Gates: the approver's decision — 409 when the submission was superseded, then approval with a rationale (6.2s)
  ✓  36 [chromium-ar] › apps/web/e2e/p2-journeys.spec.ts:828:1 › Define → G2: activate a KPI, pass the good outcome test, add a guardrail, compose the thesis; G2 is decided (24.8s)
  ✓  37 [chromium-ar] › apps/web/e2e/p2-journeys.spec.ts:1031:1 › Design → G3: the target state is complete and G3 is decided by the Sponsor (7.5s)
  ✓  38 [chromium-ar] › apps/web/e2e/p2-journeys.spec.ts:1084:1 › Team: the six governance roles with their B0018 accountability; the lead assigns a Workstream Lead (7.1s)
  ✓  39 [chromium-ar] › apps/web/e2e/p2-journeys.spec.ts:1157:1 › read-only auditor (AUD): every P2 screen without write controls; Unknown and Unquantified rendered (17.5s)
  ✓  40 [chromium-ar] › apps/web/e2e/p4-change-phases.spec.ts:170:1 › 1. phases: six phases in order; a version-0 step is assigned and started; an unmet rule is refused (5.6s)
  ✓  41 [chromium-ar] › apps/web/e2e/p4-change-phases.spec.ts:234:1 › 2. the materiality policy is read at version 0 and its first save sends If-Match "0" (3.6s)
  ✓  42 [chromium-ar] › apps/web/e2e/p4-change-phases.spec.ts:263:1 › 3. the Lead raises a schedule rebaseline: preview, saved draft, submit to the Sponsor, frozen assessment (6.5s)
  ✓  43 [chromium-ar] › apps/web/e2e/p4-change-phases.spec.ts:319:1 › 4. returned by the Sponsor, edited and submitted as round 2, then approved and applied (6.0s)
  ✓  44 [chromium-ar] › apps/web/e2e/p4-change-phases.spec.ts:364:1 › 5. G5: scaling before approval is refused naming G5; a disposition is proposed for the open risk (5.9s)
  ✓  45 [chromium-ar] › apps/web/e2e/p4-change-phases.spec.ts:406:1 › 5b. an approved disposition completes the row; after G5, scaling inside the scope succeeds and outside is refused (6.5s)
  ✓  46 [chromium-ar] › apps/web/e2e/p4-change-phases.spec.ts:474:1 › 6. the auditor reads without write actions; 390 px and 200 % text have no page-level overflow (11.8s)
  ✓  47 [chromium-ar] › apps/web/e2e/p4-governance.spec.ts:70:1 › role mapping: unmapped roles show the routing error; the Lead maps the Sponsor (4.9s)
  ✓  48 [chromium-ar] › apps/web/e2e/p4-governance.spec.ts:97:1 › decision rights and RACI: seeded rows; exact RACI values; a second accountable is refused (7.4s)
  ✓  49 [chromium-ar] › apps/web/e2e/p4-governance.spec.ts:132:1 › the Lead requests a business approval routed by the T11 row (3.9s)
  ✓  50 [chromium-ar] › apps/web/e2e/p4-governance.spec.ts:155:1 › the Sponsor decides from My Work: defer needs a date, then approve with a rationale (6.7s)
  ✓  51 [chromium-ar] › apps/web/e2e/p4-governance.spec.ts:196:1 › a record changed after the request: 409 'the record changed' with a link to its history (3.3s)
  ✓  52 [chromium-ar] › apps/web/e2e/p4-governance.spec.ts:234:1 › delegations: the Sponsor delegates to the Business Owner; the reverse is refused as a loop (8.6s)
  ✓  53 [chromium-ar] › apps/web/e2e/p4-governance.spec.ts:274:1 › the auditor sees the approval records and a read-only RACI (4.5s)
  ✓  54 [chromium-ar] › apps/web/e2e/p4-governance.spec.ts:290:1 › administration: calendar and jobs; governance: groups and Transform readiness (10.8s)

  54 passed (7.2m)

To open last HTML report run:
[36m[39m
[36m  npx playwright show-report[39m
[36m[39m
exit=0
