
> mobily-transformation-hub@0.1.0 test /home/user/wt/dg4-be-m
> vitest run --project unit-node --project unit-web && vitest run --project unit-formula-nocodegen


 RUN  v3.2.4 /home/user/wt/dg4-be-m

 ✓ |unit-web| src/pages/portfolio/portfolio.test.tsx (32 tests) 23822ms
   ✓ Portfolio (en) > lists code, name, wave, owners and three separate columns: proposed rank, selection and funding  897ms
   ✓ Portfolio (en) > the proposed rank is Unknown (never 0) when the prioritization view is unavailable  596ms
   ✓ Portfolio (en) > filters by status and wave on the server  367ms
   ✓ Portfolio (en) > creates a draft at any time: POST /initiatives with the transformation and an Idempotency-Key  1651ms
   ✓ Portfolio (en) > the read-only auditor sees the list with no enabled write control  673ms
   ✓ Portfolio (en) > outcome hierarchy: five levels, an Unknown target is Unknown (never 0)  635ms
   ✓ Portfolio (ar) > lists code, name, wave, owners and three separate columns: proposed rank, selection and funding  659ms
   ✓ Portfolio (ar) > the proposed rank is Unknown (never 0) when the prioritization view is unavailable  472ms
   ✓ Portfolio (ar) > filters by status and wave on the server  315ms
   ✓ Portfolio (ar) > creates a draft at any time: POST /initiatives with the transformation and an Idempotency-Key  1458ms
   ✓ Portfolio (ar) > the read-only auditor sees the list with no enabled write control  558ms
   ✓ Portfolio (ar) > outcome hierarchy: five levels, an Unknown target is Unknown (never 0)  322ms
   ✓ Initiative Card (en) > shows all 14 T05 fields in the source order and the 3-7 deliverables warning (a warning, not a block)  815ms
   ✓ Initiative Card (en) > submit refused: 'Case for change not yet approved (G1)…' is the dialog's one translated alert  617ms
   ✓ Initiative Card (en) > submit refused: 'Outcome before activity…' (validation at /outcomeContributions) is translated  464ms
   ✓ Initiative Card (en) > launch refused: 'North Star, outcomes and target state not yet approved', then 'Selected - unfunded…'  736ms
   ✓ Initiative Card (en) > select is a labelled business approval: rationale required, If-Match, no 'on behalf of' control  766ms
   ✓ Initiative Card (en) > a 409 shows the conflict banner and reloads  665ms
   ✓ Initiative Card (en) > a gap link to another TOM record shows 'A project portfolio is not a Target Operating Model…'  997ms
   ✓ Initiative Card (en) > an outcome contribution needs an outcome; the KPI is optional and labelled so  950ms
   ✓ Initiative Card (en) > the read-only auditor sees the card with no enabled write control  392ms
   ✓ Initiative Card (en) > a cancelled initiative is read-only even for the lead  391ms
   ✓ Initiative Card (ar) > shows all 14 T05 fields in the source order and the 3-7 deliverables warning (a warning, not a block)  593ms
   ✓ Initiative Card (ar) > submit refused: 'Case for change not yet approved (G1)…' is the dialog's one translated alert  608ms
   ✓ Initiative Card (ar) > submit refused: 'Outcome before activity…' (validation at /outcomeContributions) is translated  767ms
   ✓ Initiative Card (ar) > launch refused: 'North Star, outcomes and target state not yet approved', then 'Selected - unfunded…'  1514ms
   ✓ Initiative Card (ar) > select is a labelled business approval: rationale required, If-Match, no 'on behalf of' control  1160ms
   ✓ Initiative Card (ar) > a 409 shows the conflict banner and reloads  1081ms
   ✓ Initiative Card (ar) > a gap link to another TOM record shows 'A project portfolio is not a Target Operating Model…'  760ms
   ✓ Initiative Card (ar) > an outcome contribution needs an outcome; the KPI is optional and labelled so  870ms
   ✓ Initiative Card (ar) > the read-only auditor sees the card with no enabled write control  563ms
   ✓ Initiative Card (ar) > a cancelled initiative is read-only even for the lead  503ms
 ✓ |unit-web| src/pages/p2.test.tsx (56 tests) 47306ms
   ✓ Diagnose > shows the six T01 dimensions with Unknown for missing values, and value pools that are never 0  1321ms
   ✓ Diagnose > shows the totals as Unknown when no pool is quantified  514ms
   ✓ Diagnose > renders the six workstreams with their key questions  1128ms
   ✓ Diagnose > edits a T01 row with only the changed fields and If-Match  1226ms
   ✓ Diagnose > a 409 on save writes nothing, compares, and re-applies on the current version  907ms
   ✓ Diagnose > a 400 validation.blank shows a localized message on its field ('en')  1919ms
   ✓ Diagnose > a 400 validation.blank shows a localized message on its field ('ar')  1659ms
   ✓ Diagnose > an invisible-only value is blocked client-side with validation.blank ('en')  1104ms
   ✓ Diagnose > an invisible-only value is blocked client-side with validation.blank ('ar')  1156ms
   ✓ Diagnose > a whitespace-only T01 value is an inline blank error and sends nothing ('en')  1397ms
   ✓ Diagnose > a whitespace-only T01 value is an inline blank error and sends nothing ('ar')  1515ms
   ✓ Diagnose > T01: an emptied field is sent as an explicit null; visible text is sent verbatim  2735ms
   ✓ Diagnose > Arabic: RTL with Arabic labels and the unquantified label  413ms
   ✓ Define > shows the good outcome test per outcome with pass / fail / unknown and localized reasons  381ms
   ✓ Define > requires a target date on a T02 row before sending anything  1165ms
   ✓ Define > sets the North Star with one sentence and no If-Match the first time  983ms
   ✓ Define: KPI activation (F-DG2-201) > offers Activate on a draft KPI, states the unmet precondition on 422, then activates with If-Match  1076ms
   ✓ Define: KPI activation (F-DG2-201) > Arabic: the Activate action and the 422 reason are in Arabic  1638ms
   ✓ Define: KPI activation (F-DG2-201) > an active KPI shows Active and offers no Activate  644ms
   ✓ Charter > shows the 14 fields, the thesis, the five scope checks with pre-checks and the top-outcomes warning  421ms
   ✓ Charter > scope pre-check: an empty Out of scope reads as failing (EN and AR)  1978ms
   ✓ Charter > thesis: an empty part is Incomplete and no sentence is composed (F-DG2-203)  398ms
   ✓ Charter > thesis: the four parts compose the B0037 sentence (EN and AR)  764ms
   ✓ Charter > North Star (field 5): the current statement; a superseded link is flagged Stale (F-DG2-204)  343ms
   ✓ Charter > North Star (field 5): a superseded statement is never shown as the current one  314ms
   ✓ Charter > compares a version with the previous one  904ms
   ✓ Charter > create: a whitespace Case for change is an inline blank error and creates nothing ('en')  638ms
   ✓ Charter > create: a whitespace Case for change is an inline blank error and creates nothing ('ar')  482ms
   ✓ Charter > edit: a whitespace Out of scope is an inline blank error, sends nothing and keeps the value (en)  718ms
   ✓ Charter > edit: a whitespace Out of scope is an inline blank error, sends nothing and keeps the value (ar)  950ms
   ✓ Charter > edit: emptying a filled field sends null; visible text is verbatim (en)  795ms
   ✓ Charter > edit: emptying a filled field sends null; visible text is verbatim (ar)  937ms
   ✓ Charter > edit: a change summary alone is not a change (never a content-free version)  809ms
   ✓ Design > shows the ten canvas boxes and the per-dimension view  1427ms
   ✓ Design > converts an unresolved workshop item into a design decision with If-Match  1887ms
   ✓ Decisions (T04) > creates a design decision with inline options and an idempotency key  361ms
   ✓ Gates (business approval) > lists G1-G6 as business approvals with live readiness, and never mentions the engineering gates  536ms
   ✓ Gates (business approval) > shows unverified evidence as unverified, the failing outcome at G2, and submits with If-Match  615ms
   ✓ Gates (business approval) > the approver's decision: rationale required; 403 and 409 problems in words  1489ms
   ✓ Gates (business approval) > gate detail heading: the verbatim B0023 name once (EN and AR)  792ms
   ✓ Gates (business approval) > Arabic: the gate is labelled a business approval, RTL  358ms
   ✓ Evidence > uploads a revision as octet-stream with a percent-encoded file name and If-Match  1944ms
   ✓ Evidence > never offers review to the creator; a filename reference can only be rejected  1342ms
   ✓ read-only auditor (AUD) > diagnose: no write control and a read-only note  470ms
   ✓ read-only auditor (AUD) > design: no write control and a read-only note  367ms
   ✓ read-only auditor (AUD) > team: no write control and a read-only note  333ms
 ✓ |unit-web| src/pages/p2-blank-forms.test.tsx (52 tests) 51307ms
   ✓ gate submission note (en) > a whitespace-only note is refused inline and nothing is sent  1043ms
   ✓ gate submission note (en) > a invisible-only note is refused inline and nothing is sent  680ms
   ✓ gate submission note (en) > visible text is sent verbatim; an empty note is omitted  1038ms
   ✓ gate submission note (ar) > a whitespace-only note is refused inline and nothing is sent  510ms
   ✓ gate submission note (ar) > a invisible-only note is refused inline and nothing is sent  742ms
   ✓ gate submission note (ar) > visible text is sent verbatim; an empty note is omitted  1147ms
   ✓ gate decision rationale and comments (en) > a whitespace-only rationale is refused inline and nothing is sent  1743ms
   ✓ gate decision rationale and comments (en) > a invisible-only rationale is refused inline and nothing is sent  1159ms
   ✓ gate decision rationale and comments (en) > a invisible (long enough for min 3)-only rationale is refused inline and nothing is sent  839ms
   ✓ gate decision rationale and comments (en) > a whitespace-only comment is refused inline (focus on it) and nothing is sent  691ms
   ✓ gate decision rationale and comments (en) > a invisible-only comment is refused inline (focus on it) and nothing is sent  692ms
   ✓ gate decision rationale and comments (en) > visible text is sent verbatim; empty comments are omitted; an empty rationale stays 'too short'  924ms
   ✓ gate decision rationale and comments (en) > a server 400 validation.blank on /rationale lands on the field  528ms
   ✓ gate decision rationale and comments (ar) > a whitespace-only rationale is refused inline and nothing is sent  750ms
   ✓ gate decision rationale and comments (ar) > a invisible-only rationale is refused inline and nothing is sent  1012ms
   ✓ gate decision rationale and comments (ar) > a invisible (long enough for min 3)-only rationale is refused inline and nothing is sent  1336ms
   ✓ gate decision rationale and comments (ar) > a whitespace-only comment is refused inline (focus on it) and nothing is sent  675ms
   ✓ gate decision rationale and comments (ar) > a invisible-only comment is refused inline (focus on it) and nothing is sent  859ms
   ✓ gate decision rationale and comments (ar) > visible text is sent verbatim; empty comments are omitted; an empty rationale stays 'too short'  624ms
   ✓ gate decision rationale and comments (ar) > a server 400 validation.blank on /rationale lands on the field  1101ms
   ✓ journey step editor (en) > a whitespace-only actor is refused inline (not turned into null) and nothing is sent  1442ms
   ✓ journey step editor (en) > a invisible-only actor is refused inline (not turned into null) and nothing is sent  1450ms
   ✓ journey step editor (en) > several blank fields: each gets the message and focus goes to the first (name)  1718ms
   ✓ journey step editor (en) > visible text is sent verbatim; emptied optional text is null; an empty name is required  1699ms
   ✓ journey step editor (ar) > a whitespace-only actor is refused inline (not turned into null) and nothing is sent  1169ms
   ✓ journey step editor (ar) > a invisible-only actor is refused inline (not turned into null) and nothing is sent  1652ms
   ✓ journey step editor (ar) > several blank fields: each gets the message and focus goes to the first (name)  1449ms
   ✓ journey step editor (ar) > visible text is sent verbatim; emptied optional text is null; an empty name is required  1326ms
   ✓ Finance validation note and archive reason (en) > note: a whitespace-only note is refused inline and nothing is sent  724ms
   ✓ Finance validation note and archive reason (en) > note: a invisible-only note is refused inline and nothing is sent  853ms
   ✓ Finance validation note and archive reason (en) > note: empty is 'required'; visible text is sent verbatim  1024ms
   ✓ Finance validation note and archive reason (en) > reason: a whitespace-only reason is refused inline and nothing is archived  1015ms
   ✓ Finance validation note and archive reason (en) > reason: a invisible-only reason is refused inline and nothing is archived  1007ms
   ✓ Finance validation note and archive reason (en) > reason: a server 400 validation.blank on /reason is the field message, not a generic error  1259ms
   ✓ Finance validation note and archive reason (en) > reason: a reason with U+0000 is refused inline with the localized message and nothing is archived  1308ms
   ✓ Finance validation note and archive reason (en) > reason: a server 400 validation.invalid_character on /reason is the localized field message  988ms
   ✓ Finance validation note and archive reason (en) > reason: empty keeps 'too short'; visible text is sent verbatim  803ms
   ✓ Finance validation note and archive reason (ar) > note: a whitespace-only note is refused inline and nothing is sent  1039ms
   ✓ Finance validation note and archive reason (ar) > note: a invisible-only note is refused inline and nothing is sent  1154ms
   ✓ Finance validation note and archive reason (ar) > note: empty is 'required'; visible text is sent verbatim  1586ms
   ✓ Finance validation note and archive reason (ar) > reason: a whitespace-only reason is refused inline and nothing is archived  1183ms
   ✓ Finance validation note and archive reason (ar) > reason: a invisible-only reason is refused inline and nothing is archived  724ms
   ✓ Finance validation note and archive reason (ar) > reason: a server 400 validation.blank on /reason is the field message, not a generic error  594ms
   ✓ Finance validation note and archive reason (ar) > reason: a reason with U+0000 is refused inline with the localized message and nothing is archived  859ms
   ✓ Finance validation note and archive reason (ar) > reason: a server 400 validation.invalid_character on /reason is the localized field message  532ms
   ✓ Finance validation note and archive reason (ar) > reason: empty keeps 'too short'; visible text is sent verbatim  1192ms
   ✓ North Star statement (en) > a whitespace-only statement is refused inline and nothing is sent  777ms
   ✓ North Star statement (en) > a invisible-only statement is refused inline and nothing is sent  676ms
   ✓ North Star statement (ar) > a whitespace-only statement is refused inline and nothing is sent  575ms
   ✓ North Star statement (ar) > a invisible-only statement is refused inline and nothing is sent  924ms
   ✓ P1 transformation edit: server validation.blank on /name (ar) > is the localized field message, not only a generic failure  308ms
 ✓ |unit-web| src/pages/render-time-language.test.tsx (28 tests) 27435ms
   ✓ sign-in (dev form), 'en' → 'ar' > an invalid user name: the inline message follows the switch  925ms
   ✓ journey step editor, 'en' → 'ar' > a field error on a step follows the switch  2460ms
   ✓ journey step editor, 'en' → 'ar' > the form-level "Step N:" error follows the switch (prefix and message)  2186ms
   ✓ journey step editor, 'ar' → 'en' > a field error on a step follows the switch  1392ms
   ✓ journey step editor, 'ar' → 'en' > the form-level "Step N:" error follows the switch (prefix and message)  1707ms
   ✓ row-action note and reason dialog, 'en' → 'ar' > the Finance validation note's 'required' follows the switch  1668ms
   ✓ row-action note and reason dialog, 'en' → 'ar' > the Finance validation choice's 'required' follows the switch  1632ms
   ✓ row-action note and reason dialog, 'en' → 'ar' > the archive reason's 'too short' follows the switch  1410ms
   ✓ row-action note and reason dialog, 'ar' → 'en' > the Finance validation note's 'required' follows the switch  1651ms
   ✓ row-action note and reason dialog, 'ar' → 'en' > the Finance validation choice's 'required' follows the switch  1379ms
   ✓ row-action note and reason dialog, 'ar' → 'en' > the archive reason's 'too short' follows the switch  1355ms
   ✓ gate dialogs, 'en' → 'ar' > the submission note's field error follows the switch  725ms
   ✓ gate dialogs, 'en' → 'ar' > the decision rationale's field error follows the switch  1200ms
   ✓ gate dialogs, 'ar' → 'en' > the submission note's field error follows the switch  929ms
   ✓ gate dialogs, 'ar' → 'en' > the decision rationale's field error follows the switch  1194ms
   ✓ North Star statement, 'en' → 'ar' > the statement's field error follows the switch  756ms
   ✓ North Star statement, 'ar' → 'en' > the statement's field error follows the switch  1161ms
   ✓ evidence dialogs, 'en' → 'ar' > upload without a file: 'required' follows the switch  736ms
   ✓ evidence dialogs, 'en' → 'ar' > a link without a record type or record: both 'required' messages follow the switch  486ms
   ✓ evidence dialogs, 'ar' → 'en' > upload without a file: 'required' follows the switch  810ms
   ✓ evidence dialogs, 'ar' → 'en' > a link without a record type or record: both 'required' messages follow the switch  713ms
 ✓ |unit-web| src/auth/session-bound.test.tsx (34 tests) 17784ms
   ✓ F-DG2-530/580 no effect of A's action after a further await once the tab is B's (en) > Y1: a create whose post-create GET /me returns B: B is not navigated and never sees A's code or name  1389ms
   ✓ F-DG2-530/580 no effect of A's action after a further await once the tab is B's (en) > Y1c: the same create under one identity still lands on the created record  386ms
   ✓ F-DG2-530/580 no effect of A's action after a further await once the tab is B's (en) > Y1c (not visible to the creator): the creator still gets 'created, but you cannot open it' with the 201's code  352ms
   ✓ F-DG2-530/580 no effect of A's action after a further await once the tab is B's (en) > an edit whose identity changes between its awaits: B is not navigated to A's record and keeps nothing of A's  708ms
   ✓ F-DG2-530/580 no effect of A's action after a further await once the tab is B's (en) > an organization create whose identity changes between its awaits: B is not navigated to A's new organization  928ms
   ✓ F-DG2-530/580 no effect of A's action after a further await once the tab is B's (en) > a user create whose identity changes between its awaits: B is not navigated to A's new user  1177ms
   ✓ F-DG2-530/580 no effect of A's action after a further await once the tab is B's (en) > sanity: the organization and user creates under one identity still navigate to the new record  628ms
   ✓ F-DG2-570 the header and the data of ONE identity on in-app navigation (en) > N1: B signed in elsewhere, no focus event: opening A's record asks GET /me first; B's header above B's answer  328ms
   ✓ F-DG2-570 the header and the data of ONE identity on in-app navigation (en) > N2: opening the list: B's header with B's list and B's permissions, never A's header or A's empty-state  547ms
   ✓ F-DG2-570 the header and the data of ONE identity on in-app navigation (en) > N0 (the reviewer's Y5): B signed in a moment ago, no time passes, no focus event: the next page is B's under B's header  418ms
   ✓ F-DG2-570 the header and the data of ONE identity on in-app navigation (en) > bounded: one GET /me per navigation, shared by the page's burst; other GETs only after the window; same identity kept  557ms
   ✓ F-DG2-570 the header and the data of ONE identity on in-app navigation (en) > writes neither wait for nor trigger the recheck: the save goes out at once with the user's own CSRF token  315ms
   ✓ F-DG2-530/580 no effect of A's action after a further await once the tab is B's (ar) > Y1: a create whose post-create GET /me returns B: B is not navigated and never sees A's code or name  952ms
   ✓ F-DG2-530/580 no effect of A's action after a further await once the tab is B's (ar) > Y1c: the same create under one identity still lands on the created record  357ms
   ✓ F-DG2-530/580 no effect of A's action after a further await once the tab is B's (ar) > Y1c (not visible to the creator): the creator still gets 'created, but you cannot open it' with the 201's code  388ms
   ✓ F-DG2-530/580 no effect of A's action after a further await once the tab is B's (ar) > router state left in history (Back/Forward) never shows A's created record to B  427ms
   ✓ F-DG2-530/580 no effect of A's action after a further await once the tab is B's (ar) > an edit whose identity changes between its awaits: B is not navigated to A's record and keeps nothing of A's  508ms
   ✓ F-DG2-530/580 no effect of A's action after a further await once the tab is B's (ar) > an organization create whose identity changes between its awaits: B is not navigated to A's new organization  1045ms
   ✓ F-DG2-530/580 no effect of A's action after a further await once the tab is B's (ar) > a user create whose identity changes between its awaits: B is not navigated to A's new user  680ms
   ✓ F-DG2-530/580 no effect of A's action after a further await once the tab is B's (ar) > sanity: the organization and user creates under one identity still navigate to the new record  404ms
   ✓ F-DG2-570 the header and the data of ONE identity on in-app navigation (ar) > bounded: one GET /me per navigation, shared by the page's burst; other GETs only after the window; same identity kept  336ms
   ✓ F-DG2-570 the header and the data of ONE identity on in-app navigation (ar) > writes neither wait for nor trigger the recheck: the save goes out at once with the user's own CSRF token  307ms
   ✓ the convention: no raw navigate or cache write in app code (T-DG2-FE15) > the ESLint rule refuses a raw navigate, a raw cache write and a useNavigate import in a page  3366ms
 ✓ |unit-web| src/pages/prioritization/prioritization.test.tsx (20 tests) 18080ms
   ✓ prioritization (en) > ranked table: an incomplete score is 'incomplete' (never a number), 3.30 complete; 0–100 shows 57.5 with its label  1516ms
   ✓ prioritization (en) > scorecard: 6 is refused inline and nothing is sent; 4 is POSTed as the integer; the weighted score is read-only 'incomplete'  2202ms
   ✓ prioritization (en) > weight sets: the live total refuses 95% and 105%; 100% is accepted and POSTed as decimal strings  1287ms
   ✓ prioritization (en) > weight sets: the proposer is never offered approval; another approver's approval is a business approval with If-Match; 403 SoD is translated  1870ms
   ✓ prioritization (en) > weight set approval: a 409 shows the conflict banner and reloads  972ms
   ✓ prioritization (en) > ranking history: causes are translated from codes, including 'weight version 2', score change and the override reason  839ms
   ✓ prioritization (en) > overrides: a reason is required (missing and invisible-only are refused, nothing sent); with a reason it is POSTed  477ms
   ✓ prioritization (en) > the read-only auditor sees the data and no enabled write control  546ms
   ✓ prioritization (en) > never mentions a delivery gate (DG0–DG7)  474ms
   ✓ prioritization (ar) > ranked table: an incomplete score is 'incomplete' (never a number), 3.30 complete; 0–100 shows 57.5 with its label  826ms
   ✓ prioritization (ar) > scorecard: 6 is refused inline and nothing is sent; 4 is POSTed as the integer; the weighted score is read-only 'incomplete'  1427ms
   ✓ prioritization (ar) > weight sets: the live total refuses 95% and 105%; 100% is accepted and POSTed as decimal strings  739ms
   ✓ prioritization (ar) > weight sets: the proposer is never offered approval; another approver's approval is a business approval with If-Match; 403 SoD is translated  1418ms
   ✓ prioritization (ar) > weight set approval: a 409 shows the conflict banner and reloads  618ms
   ✓ prioritization (ar) > ranking history: causes are translated from codes, including 'weight version 2', score change and the override reason  395ms
   ✓ prioritization (ar) > overrides: a reason is required (missing and invisible-only are refused, nothing sent); with a reason it is POSTed  770ms
   ✓ prioritization (ar) > the read-only auditor sees the data and no enabled write control  624ms
   ✓ prioritization (ar) > never mentions a delivery gate (DG0–DG7)  633ms
 ✓ |unit-web| src/auth/session-generation.test.tsx (26 tests) 16324ms
   ✓ F-DG2-530 a write in flight across an identity change (en) > X3: A's PATCH answered after B's /me is not written into B's cache, not shown, and does not navigate B  1655ms
   ✓ F-DG2-530 a write in flight across an identity change (en) > X3b: the same after a session END here and B's sign-in: A's late answer never lands  602ms
   ✓ F-DG2-530 a write in flight across an identity change (en) > an archive in flight across an identity change: A's archived record never lands in B's cache  662ms
   ✓ F-DG2-530 a write in flight across an identity change (en) > an organization save in flight across an identity change: A's change is never stored under B  958ms
   ✓ F-DG2-530 a write in flight across an identity change (en) > a user save in flight across an identity change: A's change is never stored under B  855ms
   ✓ F-DG2-530 a write in flight across an identity change (en) > a same-person new session: the in-flight save is dropped silently, the draft is kept and usable  724ms
   ✓ F-DG2-530 a write in flight across an identity change (en) > a language save retried after a 409 is never written for the identity that replaced A  610ms
   ✓ F-DG2-530 X6: refocus and reconnect revalidate GET /me first (en) > after B signs in elsewhere, a refocus within /me's staleTime shows B's header with B's data, never A's  607ms
   ✓ F-DG2-530 X6: refocus and reconnect revalidate GET /me first (en) > the same identity: a refocus refetches /me once, then the stale page queries; nothing when all is fresh  561ms
   ✓ F-DG2-530 X6: refocus and reconnect revalidate GET /me first (en) > a refocus whose /me finds the session ended navigates once to sign-in and refetches no page data  303ms
   ✓ F-DG2-530 a write in flight across an identity change (ar) > X3: A's PATCH answered after B's /me is not written into B's cache, not shown, and does not navigate B  976ms
   ✓ F-DG2-530 a write in flight across an identity change (ar) > X3b: the same after a session END here and B's sign-in: A's late answer never lands  768ms
   ✓ F-DG2-530 a write in flight across an identity change (ar) > an archive in flight across an identity change: A's archived record never lands in B's cache  941ms
   ✓ F-DG2-530 a write in flight across an identity change (ar) > an organization save in flight across an identity change: A's change is never stored under B  754ms
   ✓ F-DG2-530 a write in flight across an identity change (ar) > a user save in flight across an identity change: A's change is never stored under B  895ms
   ✓ F-DG2-530 a write in flight across an identity change (ar) > a same-person new session: the in-flight save is dropped silently, the draft is kept and usable  680ms
   ✓ F-DG2-530 a write in flight across an identity change (ar) > a language save retried after a 409 is never written for the identity that replaced A  950ms
   ✓ F-DG2-530 a write in flight across an identity change (ar) > sanity: a write in flight that finishes under the SAME identity still updates the cache and navigates  844ms
   ✓ F-DG2-530 X6: refocus and reconnect revalidate GET /me first (ar) > after B signs in elsewhere, a refocus within /me's staleTime shows B's header with B's data, never A's  920ms
   ✓ F-DG2-530 X6: refocus and reconnect revalidate GET /me first (ar) > the same identity: a refocus refetches /me once, then the stale page queries; nothing when all is fresh  503ms
 ✓ |unit-web| src/pages/business-cases/business-cases.test.tsx (18 tests) 12074ms
   ✓ business cases (en) > register: levels, Finance baseline states with text (Stale is never green) and drafts  1955ms
   ✓ business cases (en) > detail: all ten sections, totals with gross / cost / net apart, net Unknown (never 0), roll-up by reference  816ms
   ✓ business cases (en) > totals: a partial total says how many Unknown lines it leaves out  424ms
   ✓ business cases (en) > sections: saves only the changed section with If-Match; blank text is refused inline and nothing is sent  1138ms
   ✓ business cases (en) > sections: a 409 shows the standard conflict panel (nothing saved) with the current values  918ms
   ✓ business cases (en) > lines: exactly one class from one select; the value basis follows the class; a 422 is translated  1282ms
   ✓ business cases (en) > Finance validation: a business approval for FIN who did not author the case; If-Match; translated 403  841ms
   ✓ business cases (en) > Finance validation: the case author sees no validate action, only the separation-of-duties note  550ms
   ✓ business cases (ar) > register: levels, Finance baseline states with text (Stale is never green) and drafts  443ms
   ✓ business cases (ar) > detail: all ten sections, totals with gross / cost / net apart, net Unknown (never 0), roll-up by reference  657ms
   ✓ business cases (ar) > sections: saves only the changed section with If-Match; blank text is refused inline and nothing is sent  676ms
   ✓ business cases (ar) > sections: a 409 shows the standard conflict panel (nothing saved) with the current values  459ms
   ✓ business cases (ar) > lines: exactly one class from one select; the value basis follows the class; a 422 is translated  533ms
   ✓ business cases (ar) > Finance validation: a business approval for FIN who did not author the case; If-Match; translated 403  525ms
 ✓ |unit-web| src/pages/portfolio/fe-e.test.tsx (18 tests) 9574ms
   ✓ Funding decisions (en) > is a labelled business approval with no 'on behalf of' control; rationale required; POST with an Idempotency-Key  2202ms
   ✓ Funding decisions (en) > the BE-E 422s are the dialog's one translated alert; funding.amount_invalid is also inline at /amount  1705ms
   ✓ Funding decisions (ar) > is a labelled business approval with no 'on behalf of' control; rationale required; POST with an Idempotency-Key  648ms
   ✓ Funding decisions (ar) > the BE-E 422s are the dialog's one translated alert; funding.amount_invalid is also inline at /amount  467ms
   ✓ Funding decisions (ar) > an exact decimal amount is shown with its currency; the auditor sees no record control  321ms
   ✓ Deliverables and milestones on the card (en) > creates (Idempotency-Key), edits (If-Match) and archives (reason, If-Match) a deliverable  841ms
   ✓ Deliverables and milestones on the card (en) > the card edit form translates initiative.planned_range specifically (RecordDialog namespaces)  407ms
   ✓ Deliverables and milestones on the card (ar) > creates (Idempotency-Key), edits (If-Match) and archives (reason, If-Match) a deliverable  470ms
   ✓ Deliverables and milestones on the card (ar) > the card edit form translates initiative.planned_range specifically (RecordDialog namespaces)  591ms
 ✓ |unit-web| src/auth/session-end.test.tsx (12 tests) 9781ms
   ✓ session end while the app is open (en) > a 401 on navigation lands once on sign-in with the message; signing in again returns to the page  1572ms
   ✓ session end while the app is open (en) > a 401 on a dialog mutation (the commit-time upload refusal) closes the dialog and lands once on sign-in  1206ms
   ✓ session end while the app is open (en) > a sign-out elsewhere noticed by the next /me probe lands once on sign-in, never on the stale shell  567ms
   ✓ session end while the app is open (en) > a 403 (forbidden) is never treated as a session end  692ms
   ✓ session end while the app is open (ar) > a 401 on navigation lands once on sign-in with the message; signing in again returns to the page  1121ms
   ✓ session end while the app is open (ar) > a 401 on a dialog mutation (the commit-time upload refusal) closes the dialog and lands once on sign-in  1054ms
   ✓ session end while the app is open (ar) > a sign-out elsewhere noticed by the next /me probe lands once on sign-in, never on the stale shell  571ms
   ✓ session end while the app is open (ar) > a 403 (forbidden) is never treated as a session end  699ms
   ✓ session end under <StrictMode> (as in production) > still lands exactly once on sign-in  1181ms
   ✓ sign-in page and the cached identity > decides 'already signed in' only from a fresh /me, never from a stale cache  604ms
   ✓ sign-in page and the cached identity > signing out here shows 'signed out', not 'session ended', and no /me loop  478ms
 ✓ |unit-web| src/pages/benefit-formulas/benefit-formulas.test.tsx (18 tests) 11541ms
   ✓ T09 benefit formulas (en) > register: the six T09 columns with confidence H/M/L; examples marked illustrative with 100000 and 500000 SAR per year  1095ms
   ✓ T09 benefit formulas (en) > builder: an undefined variable shows translated, with its position, before saving; nothing is sent  752ms
   ✓ T09 benefit formulas (en) > builder: monthly ARPU × annual customers is a period mismatch, translated, before saving  504ms
   ✓ T09 benefit formulas (en) > builder: a fraction is entered as percent and stored as a fraction; a version is saved with If-Match  863ms
   ✓ T09 benefit formulas (en) > builder: a fraction difference shows percentage points (translated suffix), never %  472ms
   ✓ T09 benefit formulas (en) > builder: a 409 shows the standard conflict panel; nothing was saved  941ms
   ✓ T09 benefit formulas (en) > Finance validation of a version: a business approval by FIN; the author cannot; translated refusal  876ms
   ✓ T09 benefit formulas (en) > Finance validation: the version's author sees the separation-of-duties note and no action  734ms
   ✓ T09 benefit formulas (en) > read-only auditor: no builder, no write control, the read-only note; a validated version reads Validated  396ms
   ✓ T09 benefit formulas (ar) > register: the six T09 columns with confidence H/M/L; examples marked illustrative with 100000 and 500000 SAR per year  661ms
   ✓ T09 benefit formulas (ar) > builder: an undefined variable shows translated, with its position, before saving; nothing is sent  733ms
   ✓ T09 benefit formulas (ar) > builder: monthly ARPU × annual customers is a period mismatch, translated, before saving  340ms
   ✓ T09 benefit formulas (ar) > builder: a fraction is entered as percent and stored as a fraction; a version is saved with If-Match  1099ms
   ✓ T09 benefit formulas (ar) > builder: a 409 shows the standard conflict panel; nothing was saved  454ms
   ✓ T09 benefit formulas (ar) > Finance validation of a version: a business approval by FIN; the author cannot; translated refusal  365ms
   ✓ T09 benefit formulas (ar) > Finance validation: the version's author sees the separation-of-duties note and no action  403ms
   ✓ T09 benefit formulas (ar) > read-only auditor: no builder, no write control, the read-only note; a validated version reads Validated  591ms
 ✓ |unit-web| src/pages/transformations/transformations.test.tsx (21 tests) 12493ms
   ✓ after create (F-DG1-004) > shows the created record when the server lets the creator read it  911ms
   ✓ after create (F-DG1-004) > explains, in English, that the draft was created but cannot be opened (server 404), instead of 'Not found'  730ms
   ✓ after create (F-DG1-004) > explains the same in Arabic (RTL), using the glossary term for Transformation  443ms
   ✓ after create (F-DG1-004) > treats a 403 for the just-created record the same way  702ms
   ✓ truly out-of-scope records keep the correct localized message > 404 without a just-created record: 'Not found' (en) / 'غير موجود' (ar), nothing disclosed  424ms
   ✓ audit trail changes (F-DG1-005) > English: field and value labels, not raw keys or enum codes  699ms
   ✓ audit trail changes (F-DG1-005) > Arabic: the same changes with Arabic labels in the RTL layout  426ms
   ✓ derived creator assignment on the audit trail (F-DG1-008) > English: localized action, fields, role, user and scope; nothing raw or marked untranslated  1046ms
   ✓ derived creator assignment on the audit trail (F-DG1-008) > Arabic (RTL): the same event with Arabic labels and the glossary role name  484ms
   ✓ derived creator assignment on the audit trail (F-DG1-008) > an action the catalogue does not know stays readable and is explicitly marked (en and ar)  665ms
   ✓ effective permissions refresh after create (F-DG1-210) > English: Edit, Archive and the audit trail appear after create, without a reload  1775ms
   ✓ effective permissions refresh after create (F-DG1-210) > Arabic (RTL): the same controls and the audit trail appear after create, without a reload  1695ms
   ✓ effective permissions refresh after create (F-DG1-210) > does not over-grant: if the refreshed server answer adds nothing, Archive and the audit trail stay hidden  865ms
   ✓ effective permissions refresh after create (F-DG1-210) > a failed /me refresh never blocks the navigation; the UI stays fail-safe (no controls offered)  877ms
 ✓ |unit-web| src/pages/gates/g4.test.tsx (16 tests) 12280ms
   ✓ G4 refusal item by item (en) > two initiatives without owners: two separate translated 'Owners' items, never the joined English message  2025ms
   ✓ G4 refusal item by item (en) > without a usable gate view: one translated line per refused criterion, never the English message  1471ms
   ✓ G4 refusal item by item (ar) > two initiatives without owners: two separate translated 'Owners' items, never the joined English message  848ms
   ✓ G4 refusal item by item (ar) > without a usable gate view: one translated line per refused criterion, never the English message  543ms
   ✓ G4 view (en) > lists the eight G4 criteria with their missing items: 'Owners', 'Finance validation' and the initiative  379ms
   ✓ G4 view (en) > a refused submission shows the 422 list with the initiative names, translated  658ms
   ✓ G4 view (en) > the decision's 403 urn:mth:problem:forbidden is translated  995ms
   ✓ G4 view (en) > the decision's 403 urn:mth:problem:forbidden is translated  851ms
   ✓ G4 view (en) > the decision's 409 urn:mth:problem:version-conflict is translated  920ms
   ✓ G4 view (ar) > lists the eight G4 criteria with their missing items: 'Owners', 'Finance validation' and the initiative  425ms
   ✓ G4 view (ar) > a refused submission shows the 422 list with the initiative names, translated  621ms
   ✓ G4 view (ar) > the decision's 403 urn:mth:problem:forbidden is translated  371ms
   ✓ G4 view (ar) > the decision's 403 urn:mth:problem:forbidden is translated  792ms
   ✓ G4 view (ar) > the decision's 409 urn:mth:problem:version-conflict is translated  1215ms
 ✓ |unit-web| src/pages/dependencies/dependencies.test.tsx (12 tests) 5923ms
   ✓ dependencies (en) > shows the seven T08 columns, an External source, the type label and the needed-by conflict flag  855ms
   ✓ dependencies (en) > a cycle is refused and shown as the translated message with the path INI-01 → INI-02 → INI-03 → INI-01  905ms
   ✓ dependencies (en) > an External source is sent as {kind: external, label}  693ms
   ✓ dependencies (en) > dependency types: system types are undeletable; an administrator may retire a custom type  620ms
   ✓ dependencies (en) > a system type's 422 dependency_type.system_undeletable is translated  333ms
   ✓ dependencies (ar) > a cycle is refused and shown as the translated message with the path INI-01 → INI-02 → INI-03 → INI-01  383ms
   ✓ dependencies (ar) > an External source is sent as {kind: external, label}  658ms
   ✓ dependencies (ar) > dependency types: system types are undeletable; an administrator may retire a custom type  419ms
   ✓ dependencies (ar) > a system type's 422 dependency_type.system_undeletable is translated  352ms
 ✓ |unit-web| src/pages/gates/g1-agreements.test.tsx (10 tests) 7127ms
   ✓ G1 agreements step (en) > approving G1 needs the three labelled confirmations; then sends agreements with all three true  1543ms
   ✓ G1 agreements step (en) > a non-approve outcome on G1 sends no agreements (even after ticking them)  985ms
   ✓ G1 agreements step (en) > approving another gate (G2) shows no confirmations and sends no agreements  567ms
   ✓ G1 agreements step (en) > the server's 422 gate.g1_agreements_required is the one form-level alert, with the missing confirmations  633ms
   ✓ G1 agreements step (en) > the server's 422 gate.agreements_not_applicable is translated as the one form-level alert  658ms
   ✓ G1 agreements step (ar) > approving G1 needs the three labelled confirmations; then sends agreements with all three true  531ms
   ✓ G1 agreements step (ar) > a non-approve outcome on G1 sends no agreements (even after ticking them)  737ms
   ✓ G1 agreements step (ar) > approving another gate (G2) shows no confirmations and sends no agreements  425ms
   ✓ G1 agreements step (ar) > the server's 422 gate.g1_agreements_required is the one form-level alert, with the missing confirmations  691ms
   ✓ G1 agreements step (ar) > the server's 422 gate.agreements_not_applicable is translated as the one form-level alert  352ms
 ✓ |unit-web| src/auth/session-identity.test.tsx (18 tests) 9214ms
   ✓ F-DG2-500 a session end on the sign-in page (en) > W5: Back to /login after A's session ends, B signs in with the development form: B never sees A's records  1712ms
   ✓ F-DG2-500 a session end on the sign-in page (en) > W5b (OIDC mode): B signs in in another tab and this tab's /me re-probe brings B: B never sees A's records  644ms
   ✓ F-DG2-500 an identity change with no session end in this tab (en) > a refocus /me that returns another identity removes every session query before B renders, and drops A's drafts  664ms
   ✓ F-DG2-500 an identity change with no session end in this tab (en) > the same identity re-probed (window refocus) keeps the cache and the page state  371ms
   ✓ F-DG2-500 sign-out here and 403 (en) > signing out here clears everything; B signing in afterwards never sees A's records  852ms
   ✓ F-DG2-500 a session end on the sign-in page (ar) > W5: Back to /login after A's session ends, B signs in with the development form: B never sees A's records  819ms
   ✓ F-DG2-500 a session end on the sign-in page (ar) > W5b (OIDC mode): B signs in in another tab and this tab's /me re-probe brings B: B never sees A's records  708ms
   ✓ F-DG2-500 an identity change with no session end in this tab (ar) > a refocus /me that returns another identity removes every session query before B renders, and drops A's drafts  392ms
   ✓ F-DG2-500 an identity change with no session end in this tab (ar) > the same identity re-probed (window refocus) keeps the cache and the page state  402ms
   ✓ F-DG2-500 sign-out here and 403 (ar) > signing out here clears everything; B signing in afterwards never sees A's records  1424ms
   ✓ F-DG2-500 sign-out here and 403 (ar) > a 403 is never a session end: the phase, the identity and the cache are kept  336ms
 ✓ |unit-web| src/pages/my-work/my-work.test.tsx (21 tests) 7348ms
   ✓ My Work (en) > renders tasks and reminders from messageKey + messageParams; Unknown due dates; system-managed tasks  598ms
   ✓ My Work (en) > marks a task done and a reminder read with bodiless POSTs and If-Match  810ms
   ✓ My Work (ar) > renders tasks and reminders from messageKey + messageParams; Unknown due dates; system-managed tasks  338ms
   ✓ My Work (ar) > marks a task done and a reminder read with bodiless POSTs and If-Match  825ms
   ✓ Calendar, jobs and groups (en) > calendar: read-only without calendar.configure; the calculator shows Unknown with its reason  341ms
   ✓ Calendar, jobs and groups (en) > calendar: a technical administrator adds a holiday; a range error is caught before sending  765ms
   ✓ Calendar, jobs and groups (en) > jobs: no permission without job.read; job.configure edits a schedule with If-Match  451ms
   ✓ Calendar, jobs and groups (ar) > calendar: read-only without calendar.configure; the calculator shows Unknown with its reason  344ms
   ✓ Calendar, jobs and groups (ar) > calendar: a technical administrator adds a holiday; a range error is caught before sending  606ms
   ✓ Calendar, jobs and groups (ar) > jobs: no permission without job.read; job.configure edits a schedule with If-Match  800ms
   ✓ Calendar, jobs and groups (ar) > groups: membership grants no permission (stated); group.manage creates a group  631ms
 ✓ |unit-web| src/pages/kpi/kpi.test.tsx (27 tests) 9699ms
   ✓ KPI screens (en) > RAG panel: the seven elements, the threshold version named, and the override beside the calculated RAG  469ms
   ✓ KPI screens (en) > no actual for the current period: Unknown, grey and labelled, with its reason; never 0 and never green  301ms
   ✓ KPI screens (en) > the status overview shows Unknown KPIs grey and labelled (no zero in the list)  304ms
   ✓ KPI screens (en) > four-step update: submits once, then lists downstream views, 'review pending' and 'Finance review pending'  920ms
   ✓ KPI screens (en) > a second entry for the same KPI and period is value version 2 of the same slot (If-Match)  570ms
   ✓ KPI screens (en) > a 409 on submit is the form's one alert: nothing was saved, the latest data is loaded  438ms
   ✓ KPI screens (en) > review queue: the reviewer accepts with If-Match; the submitter of a value is not offered a decision  436ms
   ✓ KPI screens (en) > an actual: a submitted value says it is not used until accepted; a draft is labelled not submitted  512ms
   ✓ KPI screens (en) > data quality: an open finding is resolved with a note and If-Match  645ms
   ✓ KPI screens (ar) > RAG panel: the seven elements, the threshold version named, and the override beside the calculated RAG  361ms
   ✓ KPI screens (ar) > no actual for the current period: Unknown, grey and labelled, with its reason; never 0 and never green  690ms
   ✓ KPI screens (ar) > the status overview shows Unknown KPIs grey and labelled (no zero in the list)  303ms
   ✓ KPI screens (ar) > four-step update: submits once, then lists downstream views, 'review pending' and 'Finance review pending'  614ms
   ✓ KPI screens (ar) > a second entry for the same KPI and period is value version 2 of the same slot (If-Match)  523ms
   ✓ KPI screens (ar) > a 409 on submit is the form's one alert: nothing was saved, the latest data is loaded  524ms
   ✓ KPI screens (ar) > no active version: the update explains it and links to the versions (no form)  379ms
   ✓ KPI screens (ar) > review queue: the reviewer accepts with If-Match; the submitter of a value is not offered a decision  356ms
   ✓ KPI screens (ar) > data quality: an open finding is resolved with a note and If-Match  353ms
 ✓ |unit-web| src/pages/team/team.test.tsx (10 tests) 10293ms
   ✓ Team (English LTR) > shows the six governance roles with B0018 accountability text verbatim and who holds each  929ms
   ✓ Team (English LTR) > lists team members with the accountability on each assignment, sortable and filterable  780ms
   ✓ Team (English LTR) > a Transformation Lead assigns a Workstream Lead: Idempotency-Key, reason, accountability preview  959ms
   ✓ Team (English LTR) > shows a 403 from the server in words; nothing is assigned  1159ms
   ✓ Team: read-only auditor (AUD) > sees the roles, accountabilities and members, a read-only note, and no assign control  730ms
   ✓ Team (Arabic RTL) > shows Arabic role names and the provisional Arabic accountability text  695ms
   ✓ Team assign dialog: accountability preview follows the selected role (F-DG2-430) > en: WL on open, then KDS, TD, none and WL again, in StrictMode with no React warning  1412ms
   ✓ Team assign dialog: accountability preview follows the selected role (F-DG2-430) > ar: WL on open, then KDS, TD, none and WL again, in StrictMode with no React warning  919ms
   ✓ Team: the success notice follows a language switch, 'en' → 'ar' > the notice is shown in the language now on screen, not the one it was created in  1125ms
   ✓ Team: the success notice follows a language switch, 'ar' → 'en' > the notice is shown in the language now on screen, not the one it was created in  1569ms
 ✓ |unit-web| src/pages/dispensations/dispensations.test.tsx (12 tests) 8434ms
   ✓ Dispensations (en) > lists waivers and inherited approvals; unverified evidence is shown as unverified; recorder cannot decide  723ms
   ✓ Dispensations (en) > a waiver needs a reason and an expiry: refused inline, nothing sent; then sent with its scope  1017ms
   ✓ Dispensations (en) > an inherited approval (Modular) needs the approving body, the date and evidence; 422s are translated  630ms
   ✓ Dispensations (en) > deciding is a labelled business approval; the delegated-decision 422 and the recorder 403 are translated  675ms
   ✓ Dispensations (en) > revoking an accepted dispensation needs a reason and is a business approval  413ms
   ✓ Dispensations (en) > the read-only auditor sees the register with no enabled write control  360ms
   ✓ Dispensations (ar) > lists waivers and inherited approvals; unverified evidence is shown as unverified; recorder cannot decide  323ms
   ✓ Dispensations (ar) > a waiver needs a reason and an expiry: refused inline, nothing sent; then sent with its scope  669ms
   ✓ Dispensations (ar) > an inherited approval (Modular) needs the approving body, the date and evidence; 422s are translated  888ms
   ✓ Dispensations (ar) > deciding is a labelled business approval; the delegated-decision 422 and the recorder 403 are translated  1111ms
   ✓ Dispensations (ar) > revoking an accepted dispensation needs a reason and is a business approval  1007ms
   ✓ Dispensations (ar) > the read-only auditor sees the register with no enabled write control  615ms
 ✓ |unit-web| src/pages/approvals/approvals.test.tsx (16 tests) 9521ms
   ✓ Approvals (en) > lists my approvals; an Unknown due date shows Unknown with its reason, never a date  371ms
   ✓ Approvals (en) > offers exactly four outcomes; defer needs a date; the decision sends subjectVersion with If-Match  805ms
   ✓ Approvals (en) > a blank rationale is refused before sending  408ms
   ✓ Approvals (en) > a stale 409 says the record changed, records nothing and links to the history  605ms
   ✓ Approvals (en) > the requester is not offered the decision; the history shows 'B on behalf of A'  398ms
   ✓ Approvals (en) > offers 'on behalf of' only for an active delegation to me  552ms
   ✓ Approvals (ar) > offers exactly four outcomes; defer needs a date; the decision sends subjectVersion with If-Match  983ms
   ✓ Approvals (ar) > a blank rationale is refused before sending  466ms
   ✓ Approvals (ar) > a stale 409 says the record changed, records nothing and links to the history  1336ms
   ✓ Approvals (ar) > the requester is not offered the decision; the history shows 'B on behalf of A'  598ms
   ✓ Delegations (en) > records a delegation with Asia/Riyadh wall-clock times sent as UTC; a loop 422 is translated  490ms
   ✓ Delegations (en) > revokes with a reason and If-Match; a read-only user sees no action  701ms
   ✓ Delegations (ar) > records a delegation with Asia/Riyadh wall-clock times sent as UTC; a loop 422 is translated  550ms
   ✓ Delegations (ar) > revokes with a reason and If-Match; a read-only user sees no action  778ms
 ✓ |unit-web| src/app/app.test.tsx (17 tests) 5486ms
   ✓ bilingual shell > renders Arabic RTL by default with the provisional wordmark  506ms
   ✓ bilingual shell > switches to English LTR and persists the preference with If-Match  488ms
   ✓ bilingual shell > shows all fourteen areas to an administrator  695ms
   ✓ bilingual shell > hides Administration from a Workstream Lead, and the admin route shows no-permission  309ms
   ✓ bilingual shell > a partial area (Governance) leads into the Gates tab of each transformation; its portfolio view stays planned  782ms
   ✓ transformations > lists transformations with a sortable code column and removable filter chips  692ms
   ✓ transformations > detail shows the workspace header with Unknown for data from later stages  674ms
   ✓ transformations > edit: a 409 writes nothing, shows compare, and re-applies on the current version  520ms
 ✓ |unit-web| src/pages/roadmap/roadmap.test.tsx (14 tests) 10830ms
   ✓ roadmap (en) > shows the four source waves verbatim (English source also shown in Arabic) with overlapping horizons  1372ms
   ✓ roadmap (en) > moving a milestone PATCHes the forecast with If-Match and the timeline, table and board all show the new date from one refetch  1288ms
   ✓ roadmap (en) > a 409 on moving a milestone shows the conflict notice and reloads the roadmap  1079ms
   ✓ roadmap (en) > re-approving a date requires a reason; then it is POSTed with If-Match  1197ms
   ✓ roadmap (en) > deliverable acceptance sends the AcceptanceDecision with If-Match (no 'on behalf of' control)  897ms
   ✓ roadmap (en) > an Unknown schedule flag is shown as Unknown; missing dates are Unknown, never blank  411ms
   ✓ roadmap (en) > the read-only auditor sees no write control  321ms
   ✓ roadmap (ar) > shows the four source waves verbatim (English source also shown in Arabic) with overlapping horizons  313ms
   ✓ roadmap (ar) > moving a milestone PATCHes the forecast with If-Match and the timeline, table and board all show the new date from one refetch  1122ms
   ✓ roadmap (ar) > a 409 on moving a milestone shows the conflict notice and reloads the roadmap  741ms
   ✓ roadmap (ar) > re-approving a date requires a reason; then it is POSTed with If-Match  672ms
   ✓ roadmap (ar) > deliverable acceptance sends the AcceptanceDecision with If-Match (no 'on behalf of' control)  742ms
   ✓ roadmap (ar) > an Unknown schedule flag is shown as Unknown; missing dates are Unknown, never blank  385ms
 ✓ |unit-web| src/pages/capacity/fe-e.test.tsx (13 tests) 10235ms
   ✓ capacity editing (en) > creates a role; a taken code (409) is the form's translated alert; then the role is created  1458ms
   ✓ capacity editing (en) > edits a role's labels and archives it, each with If-Match  1085ms
   ✓ capacity editing (en) > creates a capacity row with a decimal FTE string; a duplicate (409) is translated  804ms
   ✓ capacity editing (en) > creates a demand; after the save the plan is re-read and the conflict with its shortfall appears; Unknown stays Unknown  1292ms
   ✓ capacity editing (en) > edits a planned demand with If-Match; 422 resource_demand.not_planned is translated  424ms
   ✓ capacity editing (ar) > creates a role; a taken code (409) is the form's translated alert; then the role is created  583ms
   ✓ capacity editing (ar) > edits a role's labels and archives it, each with If-Match  558ms
   ✓ capacity editing (ar) > creates a capacity row with a decimal FTE string; a duplicate (409) is translated  737ms
   ✓ capacity editing (ar) > creates a demand; after the save the plan is re-read and the conflict with its shortfall appears; Unknown stays Unknown  1800ms
   ✓ capacity editing (ar) > edits a planned demand with If-Match; 422 resource_demand.not_planned is translated  844ms
   ✓ capacity editing (ar) > the read-only auditor sees roles and capacity rows with no editing control  436ms
 ✓ |unit-web| src/pages/raci/governance.test.tsx (15 tests) 8002ms
   ✓ Governance (en) > RACI: edits a row with the cell selects and saves it as one PATCH with If-Match  1439ms
   ✓ Governance (en) > RACI: an auditor sees the matrix read-only (no cell editor, no save)  382ms
   ✓ Governance (en) > role mapping: an unmapped governance role shows the visible routing error  559ms
   ✓ Governance (en) > decision rights: seeded rows; the due-date preview shows Unknown with its reason  612ms
   ✓ Governance (en) > decision rights: submits the matrix for business approval with If-Match  676ms
   ✓ Governance (en) > decision rights: a field with an unknown party code is refused before sending  655ms
   ✓ Governance (ar) > RACI: edits a row with the cell selects and saves it as one PATCH with If-Match  479ms
   ✓ Governance (ar) > role mapping: an unmapped governance role shows the visible routing error  671ms
   ✓ Governance (ar) > decision rights: submits the matrix for business approval with If-Match  589ms
   ✓ Governance (ar) > decision rights: a field with an unknown party code is refused before sending  912ms
 ✓ |unit-web| src/pages/gates/inherited-approval.test.tsx (16 tests) 6957ms
   ✓ inherited-approval annotation (en) > Gates list: G1 pending_verification (counts false) is a badge next to 'Not submitted'  864ms
   ✓ inherited-approval annotation (en) > Gates list: G1 accepted (counts true) is a badge next to 'Not submitted'  305ms
   ✓ inherited-approval annotation (en) > Gates list: G1 revoked (counts false) is a badge next to 'Not submitted'  378ms
   ✓ inherited-approval annotation (en) > Gates list: no inherited approval, no badge  539ms
   ✓ inherited-approval annotation (en) > gate view: an accepted inherited approval is a labelled row beside the 'Not submitted' status  755ms
   ✓ inherited-approval annotation (ar) > Gates list: G1 accepted (counts true) is a badge next to 'Not submitted'  360ms
   ✓ inherited-approval annotation (ar) > Gates list: G1 accepted (counts false) is a badge next to 'Not submitted'  347ms
   ✓ inherited-approval annotation (ar) > Gates list: G1 rejected (counts false) is a badge next to 'Not submitted'  690ms
   ✓ inherited-approval annotation (ar) > Gates list: no inherited approval, no badge  386ms
   ✓ inherited-approval annotation (ar) > gate view: an accepted inherited approval is a labelled row beside the 'Not submitted' status  343ms
   ✓ inherited-approval annotation (ar) > gate view: without an inherited approval there is no row  652ms
 ✓ |unit-web| src/components/RecordForm.alerts.test.tsx (16 tests) 3499ms
   ✓ record form: one alert per distinct form error (en) > dialog > a 400 whose only field error has pointer "" says its message once, in one live region  742ms
   ✓ record form: one alert per distinct form error (en) > dialog > a field-pointer error stays on its field; the generic banner is said once  437ms
   ✓ record form: one alert per distinct form error (en) > inline-sections > a 400 whose only field error has pointer "" says its message once, in one live region  328ms
 ✓ |unit-web| src/pages/roadmap/fe-e.test.tsx (8 tests) 8121ms
   ✓ wave editing (en) > edits planned dates (overlap accepted) with If-Match; the source text is read-only and never sent  2304ms
   ✓ wave editing (en) > 422 roadmap_wave.planned_range is inline at the planned end and translated  783ms
   ✓ wave editing (en) > adds a non-source wave with its bilingual texts (POST, Idempotency-Key)  1812ms
   ✓ wave editing (en) > the read-only auditor gets no wave control  305ms
   ✓ wave editing (ar) > edits planned dates (overlap accepted) with If-Match; the source text is read-only and never sent  593ms
   ✓ wave editing (ar) > 422 roadmap_wave.planned_range is inline at the planned end and translated  477ms
   ✓ wave editing (ar) > adds a non-source wave with its bilingual texts (POST, Idempotency-Key)  1512ms
   ✓ wave editing (ar) > the read-only auditor gets no wave control  324ms
 ✓ |unit-web| src/components/LanguageSwitch.test.tsx (10 tests) 5426ms
   ✓ a refused language save, 'en' → other ('403 csrf') > keeps ar on screen and says, in ar, that it was not saved  1470ms
   ✓ a refused language save, 'ar' → other ('403 csrf') > keeps en on screen and says, in en, that it was not saved  798ms
   ✓ a refused language save, 'en' → other ('403 forbidden') > keeps ar on screen and says, in ar, that it was not saved  734ms
   ✓ a refused language save, 'ar' → other ('503') > keeps en on screen and says, in en, that it was not saved  705ms
   ✓ the live region and the persisted preference > switching back clears the notice; the region stays in the DOM, empty  424ms
   ✓ the live region and the persisted preference > a successful save never flips back to the previous language while the PUT is in flight  351ms
   ✓ the live region and the persisted preference > if the persisted preference changes later and is re-applied, the notice says so in that language  406ms
 ✓ |unit-web| src/pages/capacity/capacity.test.tsx (6 tests) 2100ms
   ✓ capacity (en) > the role × month grid shows decimal FTE, the conflict with its shortfall, and Unknown capacity as Unknown (never 0)  478ms
   ✓ capacity (en) > committing a demand POSTs with If-Match; a 409 shows the conflict notice and reloads  568ms
   ✓ capacity (en) > the read-only auditor sees the grid and no commit or release control  314ms
   ✓ capacity (ar) > committing a demand POSTs with If-Match; a 409 shows the conflict notice and reloads  304ms
 ✓ |unit-web| src/pages/transformations/modeGuidance.test.tsx (5 tests) 1798ms
   ✓ New transformation: mode guidance (English LTR) > shows When to use and How for the selected mode and switches with the mode  760ms
   ✓ New transformation: mode guidance (English LTR) > Modular requires an entry phase before anything is sent  497ms
 ✓ |unit-web| src/app/p3-seams.test.tsx (10 tests) 3457ms
   ✓ P3 routes > workspace tabs (en) > the workspace tabs include the P3 tabs, labelled from their own namespaces  899ms
   ✓ P3 routes > workspace tabs (ar) > the workspace tabs include the P3 tabs, labelled from their own namespaces  338ms
   ✓ P3 navigation areas > en /initiatives-roadmaps leads into the Initiatives and Roadmaps tab of each transformation  686ms
   ✓ P3 navigation areas > ar /initiatives-roadmaps leads into the المبادرات وخرائط الطريق tab of each transformation  481ms
   ✓ P3 navigation areas > en /benefits-finance leads into the Benefits and Finance tab of each transformation  499ms
   ✓ P3 navigation areas > ar /benefits-finance leads into the المنافع والمالية tab of each transformation  544ms
 ✓ |unit-web| src/components/States.test.tsx (15 tests) 769ms
   ✓ explicit states in en > loading is a polite live region with a text label  383ms
 ✓ |unit-web| src/i18n/i18n.test.ts (11 tests) 314ms
 ✓ |unit-web| src/lib/auditChanges.test.ts (125 tests) 343ms
 ✓ |unit-web| src/pages/readiness/readiness.test.tsx (4 tests) 2888ms
   ✓ Readiness (en) > lists the missing diagnostic areas by name, the gates and the translated sequencing blockers  1671ms
   ✓ Readiness (en) > an accepted, verified inherited approval counts, and the gate itself still is not approved  607ms
   ✓ Readiness (ar) > an accepted, verified inherited approval counts, and the gate itself still is not approved  317ms
 ✓ |unit-web| src/test/react-warning-guard.test.tsx (4 tests) 36ms
 ✓ |unit-web| src/i18n/glossary.test.ts (8 tests) 46ms
 ✓ |unit-web| src/lib/lib.test.ts (24 tests) 169ms
 ✓ |unit-web| src/styles/styles.test.ts (6 tests) 11ms
 ✓ |unit-web| src/test/harness-config.test.ts (2 tests) 12ms
 ✓ |unit-web| src/pages/business-cases/problem-codes.test.ts (4 tests) 25ms
 ✓ |unit-node| packages/shared/src/kpi/property.test.ts (11 tests) 3300ms
   ✓ measures > higher- and lower-is-better shortfalls are exact negatives; deviation follows the sign  311ms
   ✓ measures > band: within ⇔ L ≤ a ≤ U, the shortfall is never negative, and equals the distance to the band  360ms
   ✓ RAG > higher-is-better: a lower actual never gives a better RAG (monotonic), relative and absolute  501ms
   ✓ trajectory > linear expected values lie between the neighbouring points; step values are point values  903ms
   ✓ storage rounding > rounds once half-up: |stored − exact| ≤ 0.0000005 and the record is honest  402ms
 ✓ |unit-node| apps/api/src/modules/workflows/workflows.test.ts (14 tests) 3140ms
   ✓ workflows module (P2) > its declared boundary holds, and an undeclared dependency would be caught  2866ms
 ✓ |unit-node| packages/shared/src/formula/fuzz.test.ts (111 tests) 20655ms
   ✓ fuzz: no uncaught exception, no code execution > 10 000 random byte strings (0–255, up to 80 bytes)  4851ms
   ✓ fuzz: no uncaught exception, no code execution > 10 000 random UTF-16 strings including astral code points and lone surrogates  3032ms
   ✓ fuzz: no uncaught exception, no code execution > 20 000 random strings over the grammar alphabet reach parser, type checker and evaluator  8899ms
   ✓ source scan: no dynamic code in packages/shared/src/formula (ADR-0024 §6) > every file of the engine's import closure gets the engine-source lint rules (eslint.config.js)  2759ms
   ✓ source scan: no dynamic code in packages/shared/src/formula (ADR-0024 §6) > ESLint refuses the round-5 handler forms (G1, G2, A1, A2), F1 and every lintable probe-table row in an engine source  918ms
 ✓ |unit-node| apps/api/src/architecture.test.ts (137 tests) 20937ms
   ✓ API module boundaries (ADR-0002) > every import respects dependsOn, public surfaces and allowed packages  14317ms
   ✓ package dependency direction (ADR-0002 rule 5) > packages/db imports only @mth/config and @mth/shared  311ms
   ✓ package dependency direction (ADR-0002 rule 5) > packages/shared imports no workspace package  1608ms
   ✓ package dependency direction (ADR-0002 rule 5) > apps/web never imports @mth/db or @mth/config (browser bundle, no secrets)  3350ms
   ✓ package dependency direction (ADR-0002 rule 5) > apps/worker imports no API code  421ms
 ✓ |unit-node| packages/shared/src/adoption/measures.test.ts (24 tests) 1140ms
   ✓ properties (seeded) > never 0 for an empty denominator: Unknown with value null exactly when the denominator is 0  382ms
   ✓ properties (seeded) > the numerator never exceeds the denominator, and the result does not depend on record order  336ms
 ✓ |unit-node| apps/api/src/modules/evidence/evidence.test.ts (13 tests) 1187ms
   ✓ evidence module (P2) > its declared boundary holds  914ms
 ✓ |unit-node| apps/api/src/modules/kpi/kpi.test.ts (38 tests) 2928ms
   ✓ kpi module (P2) > its declared boundary holds, and a planted bypass or undeclared dependency would be caught  2784ms
 ✓ |unit-node| packages/shared/src/scoring.test.ts (36 tests) 824ms
   ✓ property: all 5^5 integer score combinations under v1 equal an independent BigInt rational computation > stored value, 2-digit display and 0–100 view all match for 3125 combinations  753ms
 ✓ |unit-node| apps/api/src/server.test.ts (6 tests) 2188ms
   ✓ route registration > declares access on every /api route and on the health endpoints  931ms
   ✓ route registration > registers dev login only in AUTH_MODE=dev; production configuration refuses dev mode entirely  734ms
 ✓ |unit-node| apps/api/src/modules/methodology/methodology.test.ts (4 tests) 652ms
   ✓ methodology module (P2) > its declared boundary holds, and an undeclared dependency would be caught  598ms
 ✓ |unit-node| packages/shared/src/value.test.ts (29 tests) 315ms
 ✓ |unit-node| apps/api/src/modules/admin/branding.test.ts (4 tests) 168ms
 ✓ |unit-node| packages/shared/src/schemas/schemas.test.ts (69 tests) 645ms
 ✓ |unit-node| apps/api/src/modules/platform/in-flight.test.ts (4 tests) 381ms
 ✓ |unit-node| apps/api/src/modules/reporting/reporting.test.ts (4 tests) 1141ms
   ✓ reporting module (P1 scaffold, D-048) > its declared boundary holds, and a planted bypass or undeclared dependency would be caught  1064ms
 ✓ |unit-node| apps/api/src/modules/platform/platform.test.ts (19 tests) 698ms
   ✓ invalid characters (U+0000): SQLSTATE mapping and the central request check (F-DG2-231) > a deeply nested body is scanned without recursion (no stack overflow)  612ms
 ✓ |unit-node| packages/shared/src/formula/formula.test.ts (140 tests) 154ms
 ✓ |unit-node| apps/api/src/modules/platform/health.test.ts (2 tests) 151ms
 ✓ |unit-node| apps/api/src/modules/platform/incomplete-body.test.ts (10 tests) 160ms
 ✓ |unit-node| apps/api/src/modules/platform/connection-hygiene.test.ts (6 tests) 204ms
 ✓ |unit-node| apps/api/src/modules/kpi/rules.test.ts (30 tests) 163ms
 ✓ |unit-node| apps/api/src/modules/platform/media-types.test.ts (57 tests) 713ms
 ✓ |unit-node| apps/api/src/modules/kpi/formulas.test.ts (10 tests) 34ms
 ✓ |unit-node| packages/config/src/load.test.ts (17 tests) 360ms
(node:1371) [FSTDEP022] FastifyWarning: The router options for constraints property access is deprecated. Please use "options.routerOptions" instead for accessing router options. The router options will be removed in `fastify@6`.
(Use `node --trace-warnings ...` to show where the warning was created)
 ✓ |unit-node| apps/api/src/modules/platform/framework-errors.test.ts (6 tests) 121ms
 ✓ |unit-node| packages/db/src/seed.test.ts (34 tests) 63ms
 ✓ |unit-node| apps/api/src/request-encoding.test.ts (11 tests) 199ms
 ✓ |unit-node| packages/shared/src/kpi/a05.test.ts (17 tests) 99ms
 ✓ |unit-node| apps/api/src/modules/benefits/totals.test.ts (14 tests) 109ms
 ✓ |unit-node| apps/api/src/modules/raid/raid.test.ts (7 tests) 75ms
 ✓ |unit-node| packages/design-tokens/src/tokens.test.ts (15 tests) 39ms
 ✓ |unit-node| apps/api/src/modules/kpi/totals.test.ts (20 tests) 54ms
 ✓ |unit-node| apps/api/src/modules/benefits/register-rules.test.ts (45 tests) 314ms
 ✓ |unit-node| apps/api/src/modules/platform/db-errors-p4.test.ts (5 tests) 12ms
 ✓ |unit-node| apps/api/src/modules/platform/advisory-locks.test.ts (3 tests) 129ms
 ✓ |unit-node| apps/api/src/modules/benefits/benefits.test.ts (2 tests) 63ms
 ✓ |unit-node| packages/shared/src/kpi/types.test.ts (40 tests) 153ms
 ✓ |unit-node| apps/api/src/modules/transformations/thesis.test.ts (4 tests) 13ms
 ✓ |unit-node| apps/api/src/modules/tasks/tasks.test.ts (5 tests) 83ms
 ✓ |unit-node| packages/shared/src/kpi/formula-binding.test.ts (26 tests) 290ms
 ✓ |unit-node| apps/api/src/modules/portfolio/budget.test.ts (13 tests) 42ms
 ✓ |unit-node| apps/api/src/modules/governance/governance.test.ts (2 tests) 164ms
 ✓ |unit-node| packages/shared/src/time/working-days.test.ts (19 tests) 128ms
 ✓ |unit-node| apps/api/src/modules/adoption/adoption.test.ts (2 tests) 88ms
 ✓ |unit-node| packages/shared/src/kpi/rag.test.ts (38 tests) 64ms
 ✓ |unit-node| packages/shared/src/kpi/periods.test.ts (26 tests) 17ms
 ✓ |unit-node| apps/api/src/modules/kpi/p3-gate-facts.test.ts (9 tests) 98ms
 ✓ |unit-node| packages/shared/src/governance/recurrence.test.ts (19 tests) 28ms
 ✓ |unit-node| packages/shared/src/kpi/change.test.ts (22 tests) 57ms
 ✓ |unit-node| packages/shared/src/adoption/form-schema.test.ts (8 tests) 17ms
 ✓ |unit-node| apps/api/src/modules/sustainment/sustainment.test.ts (2 tests) 88ms
 ✓ |unit-node| packages/shared/src/kpi/status.test.ts (25 tests) 22ms
 ✓ |unit-node| apps/api/src/modules/access/rules.test.ts (12 tests) 13ms
 ✓ |unit-node| apps/api/src/modules/portfolio/sequencing.test.ts (9 tests) 8ms
 ✓ |unit-node| packages/shared/src/kpi/purity.test.ts (14 tests) 44ms
 ✓ |unit-node| packages/shared/src/kpi/measures.test.ts (30 tests) 32ms
 ✓ |unit-node| apps/api/src/modules/benefits/d2-rules.test.ts (15 tests) 192ms
 ✓ |unit-node| packages/shared/src/schemas/roadmap.test.ts (6 tests) 19ms
 ✓ |unit-node| packages/shared/src/schemas/corrective.test.ts (10 tests) 37ms
 ✓ |unit-node| apps/api/src/modules/kpi/kbe-c.test.ts (9 tests) 11ms
 ✓ |unit-node| apps/api/src/modules/portfolio/schedule.test.ts (14 tests) 36ms
 ✓ |unit-node| apps/api/src/modules/platform/request-encoding.test.ts (7 tests) 18ms
 ✓ |unit-node| packages/shared/src/schedule/critical-path.test.ts (13 tests) 20ms
 ✓ |unit-node| apps/api/src/modules/platform/db-errors.test.ts (7 tests) 21ms
 ✓ |unit-node| apps/api/src/modules/transformations/exclusions.test.ts (19 tests) 15ms
 ✓ |unit-node| packages/shared/src/schedule/working-day-slip.test.ts (11 tests) 19ms
 ✓ |unit-node| apps/api/src/modules/transformations/good-outcome.test.ts (7 tests) 28ms
 ✓ |unit-node| packages/shared/src/kpi/aggregate.test.ts (20 tests) 26ms
 ✓ |unit-node| apps/api/src/modules/platform/db-errors-p4-meetings.test.ts (4 tests) 41ms
 ✓ |unit-node| packages/shared/src/kpi/trajectory.test.ts (14 tests) 15ms
 ✓ |unit-node| apps/api/src/modules/raid/corrective.test.ts (4 tests) 19ms
 ✓ |unit-node| apps/api/src/modules/portfolio/capacity.test.ts (4 tests) 13ms
 ✓ |unit-node| apps/api/src/modules/workflows/g4.test.ts (5 tests) 13ms
 ✓ |unit-node| apps/api/src/modules/identity/oidc-claims.test.ts (5 tests) 14ms
 ✓ |unit-node| apps/api/src/modules/portfolio/readiness-transform.test.ts (4 tests) 20ms
 ✓ |unit-node| apps/api/src/modules/governance/raci.test.ts (2 tests) 3ms
 ✓ |unit-node| apps/api/src/modules/transformations/transitions.test.ts (2 tests) 8ms
 ✓ |unit-node| apps/api/src/modules/workflows/t08-cycle-problem.test.ts (2 tests) 4ms

 Test Files  120 passed (120)
      Tests  2293 passed (2293)
   Start at  19:25:41
   Duration  296.91s (transform 17.92s, setup 12.54s, collect 264.11s, tests 473.44s, environment 49.83s, prepare 21.07s)


 RUN  v3.2.4 /home/user/wt/dg4-be-m

 ✓ |unit-formula-nocodegen| packages/shared/src/formula/codegen.nocodegen.test.ts (10 tests) 18ms
 ✓ |unit-formula-nocodegen| packages/shared/src/formula/formula.test.ts (140 tests) 126ms
 ✓ |unit-formula-nocodegen| packages/shared/src/formula/fuzz.test.ts (111 tests | 2 skipped) 7639ms
   ✓ fuzz: no uncaught exception, no code execution > 10 000 random byte strings (0–255, up to 80 bytes)  2239ms
   ✓ fuzz: no uncaught exception, no code execution > 10 000 random UTF-16 strings including astral code points and lone surrogates  1692ms
   ✓ fuzz: no uncaught exception, no code execution > 20 000 random strings over the grammar alphabet reach parser, type checker and evaluator  3673ms

 Test Files  3 passed (3)
      Tests  259 passed | 2 skipped (261)
   Start at  19:30:39
   Duration  9.07s (transform 465ms, setup 0ms, collect 1.23s, tests 7.78s, environment 0ms, prepare 571ms)

