# mutation: sed 's/contributions: contributions.filter((c) => c.outcomeKpiId === k.id),/contributions: contributions.filter((c) => c.outcomeKpiId === k.id || c.outcomeKpiId === null),/' apps/api/src/modules/portfolio/hierarchy.ts (temporary; restored after)
diff --git a/apps/api/src/modules/portfolio/hierarchy.ts b/apps/api/src/modules/portfolio/hierarchy.ts
index bac27c4..fa3e57c 100644
--- a/apps/api/src/modules/portfolio/hierarchy.ts
+++ b/apps/api/src/modules/portfolio/hierarchy.ts
@@ -79,7 +79,7 @@ export async function loadOutcomeHierarchy(db: DbOrTx, transformationId: string)
           kpiDefinitionId: k.kpi_definition_id,
           targetValue: k.target_value,
           targetDate: String(k.target_date).slice(0, 10),
-          contributions: contributions.filter((c) => c.outcomeKpiId === k.id),
+          contributions: contributions.filter((c) => c.outcomeKpiId === k.id || c.outcomeKpiId === null),
         })),
         // Contributions linked to the outcome without a KPI (or to a KPI row that is archived).
         contributions: contributions.filter(
port-policy: PostgreSQL listening on port 23100 (attempt 1)
qa disposable cluster: PostgreSQL 16.13 (Ubuntu 16.13-0ubuntu0.24.04.1) on x86_64-pc-linux-gnu, compiled by gcc (Ubuntu 13.3.0-6ubuntu2~24.04.1) 13.3.0, 64-bit; server_encoding UTF8, lc_collate C, lc_ctype C

 RUN  v3.2.4 <worktree>

[integration] PostgreSQL 16.13 (Ubuntu 16.13-0ubuntu0.24.04.1); database mth_test_muz3ykkz_e56295d0 (server_encoding UTF8); applied 27 migrations to a fresh database
 ❯ |integration| apps/api/test/integration/portfolio/hierarchy.test.ts (3 tests | 1 failed) 890ms
   × GET /transformations/{id}/outcome-hierarchy, full nested shape (REQ-PB-032) > returns all five levels, linked, field by field 49ms
     → expected [ { …(17) } ] to deeply equal []
   ✓ GET /transformations/{id}/outcome-hierarchy, full nested shape (REQ-PB-032) > refuses a contribution without an outcome (400 at /outcomeId) and the tree is unchanged 80ms
   ✓ GET /transformations/{id}/outcome-hierarchy, full nested shape (REQ-PB-032) > is readable by AUD (same tree) and not by another organization or an unscoped user 59ms

⎯⎯⎯⎯⎯⎯⎯ Failed Tests 1 ⎯⎯⎯⎯⎯⎯⎯

 FAIL  |integration| apps/api/test/integration/portfolio/hierarchy.test.ts > GET /transformations/{id}/outcome-hierarchy, full nested shape (REQ-PB-032) > returns all five levels, linked, field by field
AssertionError: expected [ { …(17) } ] to deeply equal []

[32m- Expected[39m
[31m+ Received[39m

[32m- [][39m
[31m+ [[39m
[31m+   {[39m
[31m+     "contributionStatement": "Synthetic: no KPI chosen yet.",[39m
[31m+     "createdAt": "2026-10-08T05:40:54.213Z",[39m
[31m+     "createdBy": "01a11a07-6154-7683-8a3f-026eea450135",[39m
[31m+     "expectedKpiMovement": null,[39m
[31m+     "id": "01a11a07-634c-71c3-8001-3908c725fb03",[39m
[31m+     "initiativeId": "01a11a07-62e6-7168-9759-8f1ddac6e3cb",[39m
[31m+     "organizationId": "01a11a07-6126-7238-81b5-8215bf39ef31",[39m
[31m+     "outcomeId": "01a11a07-6276-71bc-ad4a-3d3dcdf41b03",[39m
[31m+     "outcomeKpiId": null,[39m
[31m+     "removeReason": null,[39m
[31m+     "removedAt": null,[39m
[31m+     "removedBy": null,[39m
[31m+     "status": "active",[39m
[31m+     "transformationId": "01a11a07-61c4-762f-b5dd-0fc6880901ef",[39m
[31m+     "updatedAt": "2026-10-08T05:40:54.213Z",[39m
[31m+     "updatedBy": "01a11a07-6154-7683-8a3f-026eea450135",[39m
[31m+     "version": 1,[39m
[31m+   },[39m
[31m+ ][39m

 ❯ apps/api/test/integration/portfolio/hierarchy.test.ts:113:34
    111|     expect(unset!.targetValue).toBeNull();
    112|     expect(unset!.targetDate).toBe("2028-06-30");
    113|     expect(unset!.contributions).toEqual([]);
       |                                  ^
    114| 
    115|     // Level 5: the contribution to the KPI hangs under that KPI only.

⎯⎯⎯⎯⎯⎯⎯⎯⎯⎯⎯⎯⎯⎯⎯⎯⎯⎯⎯⎯⎯⎯⎯⎯[1/1]⎯


 Test Files  1 failed (1)
      Tests  1 failed | 2 passed (3)
   Start at  05:40:48
   Duration  6.36s (transform 1.67s, setup 0ms, collect 3.79s, tests 890ms, environment 0ms, prepare 156ms)

EXIT=1
