
> mobily-transformation-hub@0.1.0 test /home/user/wt/dg4-be-f
> vitest run --project unit-node --project unit-web && vitest run --project unit-formula-nocodegen


 RUN  v3.2.4 /home/user/wt/dg4-be-f

 ✓ |unit-web| src/pages/render-time-language.test.tsx (28 tests) 30790ms
   ✓ sign-in (dev form), 'en' → 'ar' > an invalid user name: the inline message follows the switch  905ms
   ✓ sign-in (dev form), 'en' → 'ar' > a refused sign-in: the server's problem follows the switch  691ms
   ✓ sign-in (dev form), 'ar' → 'en' > an invalid user name: the inline message follows the switch  419ms
   ✓ journey step editor, 'en' → 'ar' > a field error on a step follows the switch  3846ms
   ✓ journey step editor, 'en' → 'ar' > the form-level "Step N:" error follows the switch (prefix and message)  2378ms
   ✓ journey step editor, 'ar' → 'en' > a field error on a step follows the switch  1424ms
   ✓ journey step editor, 'ar' → 'en' > the form-level "Step N:" error follows the switch (prefix and message)  1393ms
   ✓ row-action note and reason dialog, 'en' → 'ar' > the Finance validation note's 'required' follows the switch  2606ms
   ✓ row-action note and reason dialog, 'en' → 'ar' > the Finance validation choice's 'required' follows the switch  1834ms
   ✓ row-action note and reason dialog, 'en' → 'ar' > the archive reason's 'too short' follows the switch  954ms
   ✓ row-action note and reason dialog, 'ar' → 'en' > the Finance validation note's 'required' follows the switch  1425ms
   ✓ row-action note and reason dialog, 'ar' → 'en' > the Finance validation choice's 'required' follows the switch  1684ms
   ✓ row-action note and reason dialog, 'ar' → 'en' > the archive reason's 'too short' follows the switch  1751ms
   ✓ gate dialogs, 'en' → 'ar' > the submission note's field error follows the switch  676ms
   ✓ gate dialogs, 'en' → 'ar' > the decision rationale's field error follows the switch  900ms
   ✓ gate dialogs, 'ar' → 'en' > the submission note's field error follows the switch  623ms
   ✓ gate dialogs, 'ar' → 'en' > the decision rationale's field error follows the switch  750ms
   ✓ North Star statement, 'en' → 'ar' > the statement's field error follows the switch  622ms
   ✓ North Star statement, 'ar' → 'en' > the statement's field error follows the switch  905ms
   ✓ evidence dialogs, 'en' → 'ar' > upload without a file: 'required' follows the switch  1229ms
   ✓ evidence dialogs, 'en' → 'ar' > a link without a record type or record: both 'required' messages follow the switch  963ms
   ✓ evidence dialogs, 'ar' → 'en' > upload without a file: 'required' follows the switch  1085ms
   ✓ evidence dialogs, 'ar' → 'en' > a link without a record type or record: both 'required' messages follow the switch  1120ms
 ✓ |unit-web| src/pages/p2.test.tsx (56 tests) 50856ms
   ✓ Diagnose > shows the six T01 dimensions with Unknown for missing values, and value pools that are never 0  2431ms
   ✓ Diagnose > shows the totals as Unknown when no pool is quantified  713ms
   ✓ Diagnose > renders the six workstreams with their key questions  1320ms
   ✓ Diagnose > edits a T01 row with only the changed fields and If-Match  1631ms
   ✓ Diagnose > a 409 on save writes nothing, compares, and re-applies on the current version  946ms
   ✓ Diagnose > a 400 validation.blank shows a localized message on its field ('en')  2146ms
   ✓ Diagnose > a 400 validation.blank shows a localized message on its field ('ar')  1779ms
   ✓ Diagnose > an invisible-only value is blocked client-side with validation.blank ('en')  2334ms
   ✓ Diagnose > an invisible-only value is blocked client-side with validation.blank ('ar')  3002ms
   ✓ Diagnose > a whitespace-only T01 value is an inline blank error and sends nothing ('en')  1586ms
   ✓ Diagnose > a whitespace-only T01 value is an inline blank error and sends nothing ('ar')  2190ms
   ✓ Diagnose > T01: an emptied field is sent as an explicit null; visible text is sent verbatim  1666ms
   ✓ Diagnose > Arabic: RTL with Arabic labels and the unquantified label  569ms
   ✓ Define > shows the good outcome test per outcome with pass / fail / unknown and localized reasons  513ms
   ✓ Define > requires a target date on a T02 row before sending anything  749ms
   ✓ Define > sets the North Star with one sentence and no If-Match the first time  450ms
   ✓ Define: KPI activation (F-DG2-201) > offers Activate on a draft KPI, states the unmet precondition on 422, then activates with If-Match  954ms
   ✓ Define: KPI activation (F-DG2-201) > Arabic: the Activate action and the 422 reason are in Arabic  1027ms
   ✓ Define: KPI activation (F-DG2-201) > an active KPI shows Active and offers no Activate  630ms
   ✓ Charter > shows the 14 fields, the thesis, the five scope checks with pre-checks and the top-outcomes warning  596ms
   ✓ Charter > scope pre-check: an empty Out of scope reads as failing (EN and AR)  1289ms
   ✓ Charter > thesis: an empty part is Incomplete and no sentence is composed (F-DG2-203)  315ms
   ✓ Charter > thesis: a part the API flags incomplete is never shown as answered  387ms
   ✓ Charter > thesis: the four parts compose the B0037 sentence (EN and AR)  707ms
   ✓ Charter > North Star (field 5): a superseded statement is never shown as the current one  343ms
   ✓ Charter > compares a version with the previous one  764ms
   ✓ Charter > create: a whitespace Case for change is an inline blank error and creates nothing ('en')  1014ms
   ✓ Charter > create: a whitespace Case for change is an inline blank error and creates nothing ('ar')  1224ms
   ✓ Charter > edit: a whitespace Out of scope is an inline blank error, sends nothing and keeps the value (en)  1549ms
   ✓ Charter > edit: a whitespace Out of scope is an inline blank error, sends nothing and keeps the value (ar)  983ms
   ✓ Charter > edit: emptying a filled field sends null; visible text is verbatim (en)  1109ms
   ✓ Charter > edit: emptying a filled field sends null; visible text is verbatim (ar)  1263ms
   ✓ Charter > edit: a change summary alone is not a change (never a content-free version)  639ms
   ✓ Design > shows the ten canvas boxes and the per-dimension view  1136ms
   ✓ Design > converts an unresolved workshop item into a design decision with If-Match  2105ms
   ✓ Decisions (T04) > creates a design decision with inline options and an idempotency key  376ms
   ✓ Gates (business approval) > lists G1-G6 as business approvals with live readiness, and never mentions the engineering gates  669ms
   ✓ Gates (business approval) > shows unverified evidence as unverified, the failing outcome at G2, and submits with If-Match  754ms
   ✓ Gates (business approval) > lists outcomes failing the good outcome test at G2  309ms
   ✓ Gates (business approval) > the approver's decision: rationale required; 403 and 409 problems in words  1859ms
   ✓ Gates (business approval) > gate detail heading: the verbatim B0023 name once (EN and AR)  644ms
   ✓ Evidence > uploads a revision as octet-stream with a percent-encoded file name and If-Match  989ms
   ✓ Evidence > never offers review to the creator; a filename reference can only be rejected  505ms
   ✓ read-only auditor (AUD) > diagnose: no write control and a read-only note  457ms
   ✓ read-only auditor (AUD) > team: no write control and a read-only note  423ms
 ✓ |unit-web| src/pages/p2-blank-forms.test.tsx (52 tests) 52010ms
   ✓ gate submission note (en) > a whitespace-only note is refused inline and nothing is sent  1760ms
   ✓ gate submission note (en) > a invisible-only note is refused inline and nothing is sent  632ms
   ✓ gate submission note (en) > visible text is sent verbatim; an empty note is omitted  1067ms
   ✓ gate submission note (ar) > a whitespace-only note is refused inline and nothing is sent  1020ms
   ✓ gate submission note (ar) > a invisible-only note is refused inline and nothing is sent  839ms
   ✓ gate submission note (ar) > visible text is sent verbatim; an empty note is omitted  1714ms
   ✓ gate decision rationale and comments (en) > a whitespace-only rationale is refused inline and nothing is sent  1246ms
   ✓ gate decision rationale and comments (en) > a invisible-only rationale is refused inline and nothing is sent  991ms
   ✓ gate decision rationale and comments (en) > a invisible (long enough for min 3)-only rationale is refused inline and nothing is sent  1191ms
   ✓ gate decision rationale and comments (en) > a whitespace-only comment is refused inline (focus on it) and nothing is sent  742ms
   ✓ gate decision rationale and comments (en) > a invisible-only comment is refused inline (focus on it) and nothing is sent  1378ms
   ✓ gate decision rationale and comments (en) > visible text is sent verbatim; empty comments are omitted; an empty rationale stays 'too short'  1326ms
   ✓ gate decision rationale and comments (en) > a server 400 validation.blank on /rationale lands on the field  989ms
   ✓ gate decision rationale and comments (ar) > a whitespace-only rationale is refused inline and nothing is sent  1321ms
   ✓ gate decision rationale and comments (ar) > a invisible-only rationale is refused inline and nothing is sent  1063ms
   ✓ gate decision rationale and comments (ar) > a invisible (long enough for min 3)-only rationale is refused inline and nothing is sent  601ms
   ✓ gate decision rationale and comments (ar) > a whitespace-only comment is refused inline (focus on it) and nothing is sent  908ms
   ✓ gate decision rationale and comments (ar) > a invisible-only comment is refused inline (focus on it) and nothing is sent  710ms
   ✓ gate decision rationale and comments (ar) > visible text is sent verbatim; empty comments are omitted; an empty rationale stays 'too short'  1042ms
   ✓ gate decision rationale and comments (ar) > a server 400 validation.blank on /rationale lands on the field  1025ms
   ✓ journey step editor (en) > a whitespace-only actor is refused inline (not turned into null) and nothing is sent  1693ms
   ✓ journey step editor (en) > a invisible-only actor is refused inline (not turned into null) and nothing is sent  1267ms
   ✓ journey step editor (en) > several blank fields: each gets the message and focus goes to the first (name)  1458ms
   ✓ journey step editor (en) > visible text is sent verbatim; emptied optional text is null; an empty name is required  1962ms
   ✓ journey step editor (ar) > a whitespace-only actor is refused inline (not turned into null) and nothing is sent  1158ms
   ✓ journey step editor (ar) > a invisible-only actor is refused inline (not turned into null) and nothing is sent  1209ms
   ✓ journey step editor (ar) > several blank fields: each gets the message and focus goes to the first (name)  1248ms
   ✓ journey step editor (ar) > visible text is sent verbatim; emptied optional text is null; an empty name is required  2089ms
   ✓ Finance validation note and archive reason (en) > note: a whitespace-only note is refused inline and nothing is sent  1464ms
   ✓ Finance validation note and archive reason (en) > note: a invisible-only note is refused inline and nothing is sent  984ms
   ✓ Finance validation note and archive reason (en) > note: empty is 'required'; visible text is sent verbatim  983ms
   ✓ Finance validation note and archive reason (en) > reason: a whitespace-only reason is refused inline and nothing is archived  1327ms
   ✓ Finance validation note and archive reason (en) > reason: a invisible-only reason is refused inline and nothing is archived  1372ms
   ✓ Finance validation note and archive reason (en) > reason: a server 400 validation.blank on /reason is the field message, not a generic error  675ms
   ✓ Finance validation note and archive reason (en) > reason: a reason with U+0000 is refused inline with the localized message and nothing is archived  536ms
   ✓ Finance validation note and archive reason (en) > reason: a server 400 validation.invalid_character on /reason is the localized field message  910ms
   ✓ Finance validation note and archive reason (en) > reason: empty keeps 'too short'; visible text is sent verbatim  907ms
   ✓ Finance validation note and archive reason (ar) > note: a whitespace-only note is refused inline and nothing is sent  995ms
   ✓ Finance validation note and archive reason (ar) > note: a invisible-only note is refused inline and nothing is sent  730ms
   ✓ Finance validation note and archive reason (ar) > note: empty is 'required'; visible text is sent verbatim  1143ms
   ✓ Finance validation note and archive reason (ar) > reason: a whitespace-only reason is refused inline and nothing is archived  789ms
   ✓ Finance validation note and archive reason (ar) > reason: a invisible-only reason is refused inline and nothing is archived  887ms
   ✓ Finance validation note and archive reason (ar) > reason: a server 400 validation.blank on /reason is the field message, not a generic error  698ms
   ✓ Finance validation note and archive reason (ar) > reason: a reason with U+0000 is refused inline with the localized message and nothing is archived  676ms
   ✓ Finance validation note and archive reason (ar) > reason: a server 400 validation.invalid_character on /reason is the localized field message  435ms
   ✓ Finance validation note and archive reason (ar) > reason: empty keeps 'too short'; visible text is sent verbatim  387ms
   ✓ North Star statement (en) > a invisible-only statement is refused inline and nothing is sent  552ms
   ✓ North Star statement (ar) > a whitespace-only statement is refused inline and nothing is sent  422ms
   ✓ North Star statement (ar) > a invisible-only statement is refused inline and nothing is sent  647ms
   ✓ P1 transformation edit: server validation.blank on /name (en) > is the localized field message, not only a generic failure  311ms
 ✓ |unit-web| src/auth/session-bound.test.tsx (34 tests) 19320ms
   ✓ F-DG2-530/580 no effect of A's action after a further await once the tab is B's (en) > Y1: a create whose post-create GET /me returns B: B is not navigated and never sees A's code or name  1683ms
   ✓ F-DG2-530/580 no effect of A's action after a further await once the tab is B's (en) > Y1c: the same create under one identity still lands on the created record  588ms
   ✓ F-DG2-530/580 no effect of A's action after a further await once the tab is B's (en) > Y1c (not visible to the creator): the creator still gets 'created, but you cannot open it' with the 201's code  469ms
   ✓ F-DG2-530/580 no effect of A's action after a further await once the tab is B's (en) > an edit whose identity changes between its awaits: B is not navigated to A's record and keeps nothing of A's  738ms
   ✓ F-DG2-530/580 no effect of A's action after a further await once the tab is B's (en) > an organization create whose identity changes between its awaits: B is not navigated to A's new organization  855ms
   ✓ F-DG2-530/580 no effect of A's action after a further await once the tab is B's (en) > a user create whose identity changes between its awaits: B is not navigated to A's new user  869ms
   ✓ F-DG2-530/580 no effect of A's action after a further await once the tab is B's (en) > sanity: the organization and user creates under one identity still navigate to the new record  537ms
   ✓ F-DG2-570 the header and the data of ONE identity on in-app navigation (en) > N1: B signed in elsewhere, no focus event: opening A's record asks GET /me first; B's header above B's answer  357ms
   ✓ F-DG2-570 the header and the data of ONE identity on in-app navigation (en) > bounded: one GET /me per navigation, shared by the page's burst; other GETs only after the window; same identity kept  483ms
   ✓ F-DG2-570 the header and the data of ONE identity on in-app navigation (en) > writes neither wait for nor trigger the recheck: the save goes out at once with the user's own CSRF token  332ms
   ✓ F-DG2-530/580 no effect of A's action after a further await once the tab is B's (ar) > Y1: a create whose post-create GET /me returns B: B is not navigated and never sees A's code or name  788ms
   ✓ F-DG2-530/580 no effect of A's action after a further await once the tab is B's (ar) > Y1c: the same create under one identity still lands on the created record  600ms
   ✓ F-DG2-530/580 no effect of A's action after a further await once the tab is B's (ar) > router state left in history (Back/Forward) never shows A's created record to B  338ms
   ✓ F-DG2-530/580 no effect of A's action after a further await once the tab is B's (ar) > an edit whose identity changes between its awaits: B is not navigated to A's record and keeps nothing of A's  810ms
   ✓ F-DG2-530/580 no effect of A's action after a further await once the tab is B's (ar) > an organization create whose identity changes between its awaits: B is not navigated to A's new organization  479ms
   ✓ F-DG2-530/580 no effect of A's action after a further await once the tab is B's (ar) > a user create whose identity changes between its awaits: B is not navigated to A's new user  725ms
   ✓ F-DG2-530/580 no effect of A's action after a further await once the tab is B's (ar) > sanity: the organization and user creates under one identity still navigate to the new record  588ms
   ✓ F-DG2-570 the header and the data of ONE identity on in-app navigation (ar) > bounded: one GET /me per navigation, shared by the page's burst; other GETs only after the window; same identity kept  405ms
   ✓ the convention: no raw navigate or cache write in app code (T-DG2-FE15) > the ESLint rule refuses a raw navigate, a raw cache write and a useNavigate import in a page  5260ms
 ✓ |unit-web| src/pages/prioritization/prioritization.test.tsx (20 tests) 25895ms
   ✓ prioritization (en) > ranked table: an incomplete score is 'incomplete' (never a number), 3.30 complete; 0–100 shows 57.5 with its label  3502ms
   ✓ prioritization (en) > scorecard: 6 is refused inline and nothing is sent; 4 is POSTed as the integer; the weighted score is read-only 'incomplete'  2197ms
   ✓ prioritization (en) > weight sets: the live total refuses 95% and 105%; 100% is accepted and POSTed as decimal strings  484ms
   ✓ prioritization (en) > weight sets: the proposer is never offered approval; another approver's approval is a business approval with If-Match; 403 SoD is translated  2104ms
   ✓ prioritization (en) > weight set approval: a 409 shows the conflict banner and reloads  1856ms
   ✓ prioritization (en) > ranking history: causes are translated from codes, including 'weight version 2', score change and the override reason  850ms
   ✓ prioritization (en) > overrides: a reason is required (missing and invisible-only are refused, nothing sent); with a reason it is POSTed  1470ms
   ✓ prioritization (en) > the read-only auditor sees the data and no enabled write control  1053ms
   ✓ prioritization (en) > a portfolio above 500 eligible initiatives is the translated 422 state, not an empty table  338ms
   ✓ prioritization (en) > never mentions a delivery gate (DG0–DG7)  529ms
   ✓ prioritization (ar) > ranked table: an incomplete score is 'incomplete' (never a number), 3.30 complete; 0–100 shows 57.5 with its label  1245ms
   ✓ prioritization (ar) > scorecard: 6 is refused inline and nothing is sent; 4 is POSTed as the integer; the weighted score is read-only 'incomplete'  2077ms
   ✓ prioritization (ar) > weight sets: the live total refuses 95% and 105%; 100% is accepted and POSTed as decimal strings  1183ms
   ✓ prioritization (ar) > weight sets: the proposer is never offered approval; another approver's approval is a business approval with If-Match; 403 SoD is translated  1958ms
   ✓ prioritization (ar) > weight set approval: a 409 shows the conflict banner and reloads  1205ms
   ✓ prioritization (ar) > ranking history: causes are translated from codes, including 'weight version 2', score change and the override reason  559ms
   ✓ prioritization (ar) > overrides: a reason is required (missing and invisible-only are refused, nothing sent); with a reason it is POSTed  1189ms
   ✓ prioritization (ar) > the read-only auditor sees the data and no enabled write control  1125ms
   ✓ prioritization (ar) > never mentions a delivery gate (DG0–DG7)  675ms
 ✓ |unit-web| src/pages/portfolio/portfolio.test.tsx (32 tests) 28625ms
   ✓ Portfolio (en) > lists code, name, wave, owners and three separate columns: proposed rank, selection and funding  1099ms
   ✓ Portfolio (en) > the proposed rank is Unknown (never 0) when the prioritization view is unavailable  1112ms
   ✓ Portfolio (en) > filters by status and wave on the server  810ms
   ✓ Portfolio (en) > creates a draft at any time: POST /initiatives with the transformation and an Idempotency-Key  1148ms
   ✓ Portfolio (en) > the read-only auditor sees the list with no enabled write control  722ms
   ✓ Portfolio (en) > outcome hierarchy: five levels, an Unknown target is Unknown (never 0)  619ms
   ✓ Portfolio (ar) > lists code, name, wave, owners and three separate columns: proposed rank, selection and funding  608ms
   ✓ Portfolio (ar) > the proposed rank is Unknown (never 0) when the prioritization view is unavailable  573ms
   ✓ Portfolio (ar) > filters by status and wave on the server  659ms
   ✓ Portfolio (ar) > creates a draft at any time: POST /initiatives with the transformation and an Idempotency-Key  1727ms
   ✓ Portfolio (ar) > the read-only auditor sees the list with no enabled write control  748ms
   ✓ Portfolio (ar) > outcome hierarchy: five levels, an Unknown target is Unknown (never 0)  489ms
   ✓ Initiative Card (en) > shows all 14 T05 fields in the source order and the 3-7 deliverables warning (a warning, not a block)  889ms
   ✓ Initiative Card (en) > submit refused: 'Case for change not yet approved (G1)…' is the dialog's one translated alert  997ms
   ✓ Initiative Card (en) > submit refused: 'Outcome before activity…' (validation at /outcomeContributions) is translated  1128ms
   ✓ Initiative Card (en) > launch refused: 'North Star, outcomes and target state not yet approved', then 'Selected - unfunded…'  1518ms
   ✓ Initiative Card (en) > select is a labelled business approval: rationale required, If-Match, no 'on behalf of' control  1061ms
   ✓ Initiative Card (en) > a 409 shows the conflict banner and reloads  875ms
   ✓ Initiative Card (en) > a gap link to another TOM record shows 'A project portfolio is not a Target Operating Model…'  1058ms
   ✓ Initiative Card (en) > an outcome contribution needs an outcome; the KPI is optional and labelled so  1056ms
   ✓ Initiative Card (en) > the read-only auditor sees the card with no enabled write control  482ms
   ✓ Initiative Card (en) > a cancelled initiative is read-only even for the lead  507ms
   ✓ Initiative Card (ar) > shows all 14 T05 fields in the source order and the 3-7 deliverables warning (a warning, not a block)  837ms
   ✓ Initiative Card (ar) > submit refused: 'Case for change not yet approved (G1)…' is the dialog's one translated alert  907ms
   ✓ Initiative Card (ar) > submit refused: 'Outcome before activity…' (validation at /outcomeContributions) is translated  669ms
   ✓ Initiative Card (ar) > launch refused: 'North Star, outcomes and target state not yet approved', then 'Selected - unfunded…'  1230ms
   ✓ Initiative Card (ar) > select is a labelled business approval: rationale required, If-Match, no 'on behalf of' control  1353ms
   ✓ Initiative Card (ar) > a 409 shows the conflict banner and reloads  757ms
   ✓ Initiative Card (ar) > a gap link to another TOM record shows 'A project portfolio is not a Target Operating Model…'  998ms
   ✓ Initiative Card (ar) > an outcome contribution needs an outcome; the KPI is optional and labelled so  1116ms
   ✓ Initiative Card (ar) > the read-only auditor sees the card with no enabled write control  500ms
   ✓ Initiative Card (ar) > a cancelled initiative is read-only even for the lead  370ms
 ✓ |unit-web| src/pages/business-cases/business-cases.test.tsx (18 tests) 22163ms
   ✓ business cases (en) > register: levels, Finance baseline states with text (Stale is never green) and drafts  2411ms
   ✓ business cases (en) > detail: all ten sections, totals with gross / cost / net apart, net Unknown (never 0), roll-up by reference  664ms
   ✓ business cases (en) > totals: a partial total says how many Unknown lines it leaves out  506ms
   ✓ business cases (en) > sections: saves only the changed section with If-Match; blank text is refused inline and nothing is sent  2262ms
   ✓ business cases (en) > sections: a 409 shows the standard conflict panel (nothing saved) with the current values  1402ms
   ✓ business cases (en) > lines: exactly one class from one select; the value basis follows the class; a 422 is translated  1878ms
   ✓ business cases (en) > Finance validation: a business approval for FIN who did not author the case; If-Match; translated 403  1853ms
   ✓ business cases (en) > Finance validation: the case author sees no validate action, only the separation-of-duties note  711ms
   ✓ business cases (en) > read-only auditor: the ten sections as text, no enabled write control, the read-only note  658ms
   ✓ business cases (ar) > register: levels, Finance baseline states with text (Stale is never green) and drafts  847ms
   ✓ business cases (ar) > detail: all ten sections, totals with gross / cost / net apart, net Unknown (never 0), roll-up by reference  937ms
   ✓ business cases (ar) > totals: a partial total says how many Unknown lines it leaves out  338ms
   ✓ business cases (ar) > sections: saves only the changed section with If-Match; blank text is refused inline and nothing is sent  1894ms
   ✓ business cases (ar) > sections: a 409 shows the standard conflict panel (nothing saved) with the current values  1587ms
   ✓ business cases (ar) > lines: exactly one class from one select; the value basis follows the class; a 422 is translated  1592ms
   ✓ business cases (ar) > Finance validation: a business approval for FIN who did not author the case; If-Match; translated 403  1395ms
   ✓ business cases (ar) > Finance validation: the case author sees no validate action, only the separation-of-duties note  938ms
 ✓ |unit-web| src/pages/capacity/fe-e.test.tsx (13 tests) 11533ms
   ✓ capacity editing (en) > creates a role; a taken code (409) is the form's translated alert; then the role is created  1697ms
   ✓ capacity editing (en) > edits a role's labels and archives it, each with If-Match  810ms
   ✓ capacity editing (en) > creates a capacity row with a decimal FTE string; a duplicate (409) is translated  1420ms
   ✓ capacity editing (en) > creates a demand; after the save the plan is re-read and the conflict with its shortfall appears; Unknown stays Unknown  1379ms
   ✓ capacity editing (en) > edits a planned demand with If-Match; 422 resource_demand.not_planned is translated  639ms
   ✓ capacity editing (en) > the read-only auditor sees roles and capacity rows with no editing control  715ms
   ✓ capacity editing (ar) > creates a role; a taken code (409) is the form's translated alert; then the role is created  736ms
   ✓ capacity editing (ar) > edits a role's labels and archives it, each with If-Match  1098ms
   ✓ capacity editing (ar) > creates a capacity row with a decimal FTE string; a duplicate (409) is translated  891ms
   ✓ capacity editing (ar) > creates a demand; after the save the plan is re-read and the conflict with its shortfall appears; Unknown stays Unknown  975ms
   ✓ capacity editing (ar) > edits a planned demand with If-Match; 422 resource_demand.not_planned is translated  519ms
   ✓ capacity editing (ar) > the read-only auditor sees roles and capacity rows with no editing control  579ms
 ✓ |unit-web| src/pages/gates/g4.test.tsx (16 tests) 12194ms
   ✓ G4 refusal item by item (en) > two initiatives without owners: two separate translated 'Owners' items, never the joined English message  2518ms
   ✓ G4 refusal item by item (en) > without a usable gate view: one translated line per refused criterion, never the English message  1545ms
   ✓ G4 refusal item by item (ar) > two initiatives without owners: two separate translated 'Owners' items, never the joined English message  1166ms
   ✓ G4 refusal item by item (ar) > without a usable gate view: one translated line per refused criterion, never the English message  696ms
   ✓ G4 view (en) > lists the eight G4 criteria with their missing items: 'Owners', 'Finance validation' and the initiative  517ms
   ✓ G4 view (en) > a refused submission shows the 422 list with the initiative names, translated  563ms
   ✓ G4 view (en) > the decision's 403 urn:mth:problem:forbidden is translated  688ms
   ✓ G4 view (en) > the decision's 403 urn:mth:problem:forbidden is translated  489ms
   ✓ G4 view (en) > the decision's 409 urn:mth:problem:version-conflict is translated  664ms
   ✓ G4 view (ar) > lists the eight G4 criteria with their missing items: 'Owners', 'Finance validation' and the initiative  402ms
   ✓ G4 view (ar) > a refused submission shows the 422 list with the initiative names, translated  659ms
   ✓ G4 view (ar) > the decision's 403 urn:mth:problem:forbidden is translated  842ms
   ✓ G4 view (ar) > the decision's 403 urn:mth:problem:forbidden is translated  896ms
   ✓ G4 view (ar) > the decision's 409 urn:mth:problem:version-conflict is translated  533ms
 ✓ |unit-web| src/pages/roadmap/roadmap.test.tsx (14 tests) 11350ms
   ✓ roadmap (en) > shows the four source waves verbatim (English source also shown in Arabic) with overlapping horizons  1440ms
   ✓ roadmap (en) > moving a milestone PATCHes the forecast with If-Match and the timeline, table and board all show the new date from one refetch  784ms
   ✓ roadmap (en) > a 409 on moving a milestone shows the conflict notice and reloads the roadmap  1080ms
   ✓ roadmap (en) > re-approving a date requires a reason; then it is POSTed with If-Match  1618ms
   ✓ roadmap (en) > deliverable acceptance sends the AcceptanceDecision with If-Match (no 'on behalf of' control)  1393ms
   ✓ roadmap (en) > the read-only auditor sees no write control  498ms
   ✓ roadmap (ar) > shows the four source waves verbatim (English source also shown in Arabic) with overlapping horizons  416ms
   ✓ roadmap (ar) > moving a milestone PATCHes the forecast with If-Match and the timeline, table and board all show the new date from one refetch  840ms
   ✓ roadmap (ar) > a 409 on moving a milestone shows the conflict notice and reloads the roadmap  946ms
   ✓ roadmap (ar) > re-approving a date requires a reason; then it is POSTed with If-Match  894ms
   ✓ roadmap (ar) > deliverable acceptance sends the AcceptanceDecision with If-Match (no 'on behalf of' control)  792ms
 ✓ |unit-web| src/pages/dispensations/dispensations.test.tsx (12 tests) 10574ms
   ✓ Dispensations (en) > lists waivers and inherited approvals; unverified evidence is shown as unverified; recorder cannot decide  1716ms
   ✓ Dispensations (en) > a waiver needs a reason and an expiry: refused inline, nothing sent; then sent with its scope  968ms
   ✓ Dispensations (en) > an inherited approval (Modular) needs the approving body, the date and evidence; 422s are translated  1421ms
   ✓ Dispensations (en) > deciding is a labelled business approval; the delegated-decision 422 and the recorder 403 are translated  1460ms
   ✓ Dispensations (en) > revoking an accepted dispensation needs a reason and is a business approval  586ms
   ✓ Dispensations (en) > the read-only auditor sees the register with no enabled write control  588ms
   ✓ Dispensations (ar) > lists waivers and inherited approvals; unverified evidence is shown as unverified; recorder cannot decide  467ms
   ✓ Dispensations (ar) > a waiver needs a reason and an expiry: refused inline, nothing sent; then sent with its scope  963ms
   ✓ Dispensations (ar) > an inherited approval (Modular) needs the approving body, the date and evidence; 422s are translated  944ms
   ✓ Dispensations (ar) > deciding is a labelled business approval; the delegated-decision 422 and the recorder 403 are translated  487ms
   ✓ Dispensations (ar) > revoking an accepted dispensation needs a reason and is a business approval  387ms
   ✓ Dispensations (ar) > the read-only auditor sees the register with no enabled write control  585ms
 ✓ |unit-web| src/pages/gates/g1-agreements.test.tsx (10 tests) 12015ms
   ✓ G1 agreements step (en) > approving G1 needs the three labelled confirmations; then sends agreements with all three true  3550ms
   ✓ G1 agreements step (en) > a non-approve outcome on G1 sends no agreements (even after ticking them)  1328ms
   ✓ G1 agreements step (en) > approving another gate (G2) shows no confirmations and sends no agreements  552ms
   ✓ G1 agreements step (en) > the server's 422 gate.g1_agreements_required is the one form-level alert, with the missing confirmations  856ms
   ✓ G1 agreements step (en) > the server's 422 gate.agreements_not_applicable is translated as the one form-level alert  824ms
   ✓ G1 agreements step (ar) > approving G1 needs the three labelled confirmations; then sends agreements with all three true  1624ms
   ✓ G1 agreements step (ar) > a non-approve outcome on G1 sends no agreements (even after ticking them)  991ms
   ✓ G1 agreements step (ar) > approving another gate (G2) shows no confirmations and sends no agreements  708ms
   ✓ G1 agreements step (ar) > the server's 422 gate.g1_agreements_required is the one form-level alert, with the missing confirmations  957ms
   ✓ G1 agreements step (ar) > the server's 422 gate.agreements_not_applicable is translated as the one form-level alert  610ms
 ✓ |unit-web| src/auth/session-generation.test.tsx (26 tests) 16849ms
   ✓ F-DG2-530 a write in flight across an identity change (en) > X3: A's PATCH answered after B's /me is not written into B's cache, not shown, and does not navigate B  1581ms
   ✓ F-DG2-530 a write in flight across an identity change (en) > X3b: the same after a session END here and B's sign-in: A's late answer never lands  1072ms
   ✓ F-DG2-530 a write in flight across an identity change (en) > an archive in flight across an identity change: A's archived record never lands in B's cache  1252ms
   ✓ F-DG2-530 a write in flight across an identity change (en) > an organization save in flight across an identity change: A's change is never stored under B  888ms
   ✓ F-DG2-530 a write in flight across an identity change (en) > a user save in flight across an identity change: A's change is never stored under B  746ms
   ✓ F-DG2-530 a write in flight across an identity change (en) > a same-person new session: the in-flight save is dropped silently, the draft is kept and usable  555ms
   ✓ F-DG2-530 a write in flight across an identity change (en) > a language save retried after a 409 is never written for the identity that replaced A  702ms
   ✓ F-DG2-530 a write in flight across an identity change (en) > sanity: a write in flight that finishes under the SAME identity still updates the cache and navigates  409ms
   ✓ F-DG2-530 X6: refocus and reconnect revalidate GET /me first (en) > after B signs in elsewhere, a refocus within /me's staleTime shows B's header with B's data, never A's  572ms
   ✓ F-DG2-530 X6: refocus and reconnect revalidate GET /me first (en) > the same identity: a refocus refetches /me once, then the stale page queries; nothing when all is fresh  875ms
   ✓ F-DG2-530 a write in flight across an identity change (ar) > X3: A's PATCH answered after B's /me is not written into B's cache, not shown, and does not navigate B  690ms
   ✓ F-DG2-530 a write in flight across an identity change (ar) > X3b: the same after a session END here and B's sign-in: A's late answer never lands  875ms
   ✓ F-DG2-530 a write in flight across an identity change (ar) > an archive in flight across an identity change: A's archived record never lands in B's cache  1194ms
   ✓ F-DG2-530 a write in flight across an identity change (ar) > an organization save in flight across an identity change: A's change is never stored under B  1149ms
   ✓ F-DG2-530 a write in flight across an identity change (ar) > a user save in flight across an identity change: A's change is never stored under B  1059ms
   ✓ F-DG2-530 a write in flight across an identity change (ar) > a same-person new session: the in-flight save is dropped silently, the draft is kept and usable  567ms
   ✓ F-DG2-530 a write in flight across an identity change (ar) > a language save retried after a 409 is never written for the identity that replaced A  511ms
   ✓ F-DG2-530 a write in flight across an identity change (ar) > sanity: a write in flight that finishes under the SAME identity still updates the cache and navigates  521ms
   ✓ F-DG2-530 X6: refocus and reconnect revalidate GET /me first (ar) > after B signs in elsewhere, a refocus within /me's staleTime shows B's header with B's data, never A's  583ms
   ✓ F-DG2-530 X6: refocus and reconnect revalidate GET /me first (ar) > the same identity: a refocus refetches /me once, then the stale page queries; nothing when all is fresh  435ms
   ✓ F-DG2-530 X6: refocus and reconnect revalidate GET /me first (ar) > a refocus whose /me finds the session ended navigates once to sign-in and refetches no page data  331ms
 ✓ |unit-web| src/pages/raci/governance.test.tsx (15 tests) 7348ms
   ✓ Governance (en) > RACI: edits a row with the cell selects and saves it as one PATCH with If-Match  1130ms
   ✓ Governance (en) > RACI: an auditor sees the matrix read-only (no cell editor, no save)  307ms
   ✓ Governance (en) > role mapping: an unmapped governance role shows the visible routing error  324ms
   ✓ Governance (en) > decision rights: seeded rows; the due-date preview shows Unknown with its reason  398ms
   ✓ Governance (en) > decision rights: submits the matrix for business approval with If-Match  726ms
   ✓ Governance (en) > decision rights: a field with an unknown party code is refused before sending  669ms
   ✓ Governance (ar) > RACI: edits a row with the cell selects and saves it as one PATCH with If-Match  795ms
   ✓ Governance (ar) > RACI: an auditor sees the matrix read-only (no cell editor, no save)  569ms
   ✓ Governance (ar) > decision rights: submits the matrix for business approval with If-Match  552ms
   ✓ Governance (ar) > decision rights: a field with an unknown party code is refused before sending  699ms
   ✓ Governance (ar) > Transform readiness lists what is missing and links to the fix  333ms
 ✓ |unit-web| src/pages/team/team.test.tsx (10 tests) 10442ms
   ✓ Team (English LTR) > shows the six governance roles with B0018 accountability text verbatim and who holds each  1959ms
   ✓ Team (English LTR) > lists team members with the accountability on each assignment, sortable and filterable  936ms
   ✓ Team (English LTR) > a Transformation Lead assigns a Workstream Lead: Idempotency-Key, reason, accountability preview  527ms
   ✓ Team (English LTR) > shows a 403 from the server in words; nothing is assigned  918ms
   ✓ Team: read-only auditor (AUD) > sees the roles, accountabilities and members, a read-only note, and no assign control  565ms
   ✓ Team (Arabic RTL) > shows Arabic role names and the provisional Arabic accountability text  378ms
   ✓ Team assign dialog: accountability preview follows the selected role (F-DG2-430) > en: WL on open, then KDS, TD, none and WL again, in StrictMode with no React warning  957ms
   ✓ Team assign dialog: accountability preview follows the selected role (F-DG2-430) > ar: WL on open, then KDS, TD, none and WL again, in StrictMode with no React warning  718ms
   ✓ Team: the success notice follows a language switch, 'en' → 'ar' > the notice is shown in the language now on screen, not the one it was created in  1560ms
   ✓ Team: the success notice follows a language switch, 'ar' → 'en' > the notice is shown in the language now on screen, not the one it was created in  1912ms
 ✓ |unit-web| src/auth/session-identity.test.tsx (18 tests) 10305ms
   ✓ F-DG2-500 a session end on the sign-in page (en) > W5: Back to /login after A's session ends, B signs in with the development form: B never sees A's records  2819ms
   ✓ F-DG2-500 a session end on the sign-in page (en) > W5b (OIDC mode): B signs in in another tab and this tab's /me re-probe brings B: B never sees A's records  657ms
   ✓ F-DG2-500 an identity change with no session end in this tab (en) > a refocus /me that returns another identity removes every session query before B renders, and drops A's drafts  520ms
   ✓ F-DG2-500 an identity change with no session end in this tab (en) > the same identity re-probed (window refocus) keeps the cache and the page state  360ms
   ✓ F-DG2-500 sign-out here and 403 (en) > signing out here clears everything; B signing in afterwards never sees A's records  1118ms
   ✓ F-DG2-500 a session end on the sign-in page (ar) > W5: Back to /login after A's session ends, B signs in with the development form: B never sees A's records  738ms
   ✓ F-DG2-500 a session end on the sign-in page (ar) > W5b (OIDC mode): B signs in in another tab and this tab's /me re-probe brings B: B never sees A's records  843ms
   ✓ F-DG2-500 an identity change with no session end in this tab (ar) > a refocus /me that returns another identity removes every session query before B renders, and drops A's drafts  505ms
   ✓ F-DG2-500 an identity change with no session end in this tab (ar) > a new session of the same person (signed in again elsewhere) refetches the queries but keeps their own draft  413ms
   ✓ F-DG2-500 an identity change with no session end in this tab (ar) > the same identity re-probed (window refocus) keeps the cache and the page state  436ms
   ✓ F-DG2-500 sign-out here and 403 (ar) > signing out here clears everything; B signing in afterwards never sees A's records  1235ms
 ✓ |unit-web| src/pages/roadmap/fe-e.test.tsx (8 tests) 10738ms
   ✓ wave editing (en) > edits planned dates (overlap accepted) with If-Match; the source text is read-only and never sent  2119ms
   ✓ wave editing (en) > 422 roadmap_wave.planned_range is inline at the planned end and translated  941ms
   ✓ wave editing (en) > adds a non-source wave with its bilingual texts (POST, Idempotency-Key)  2938ms
   ✓ wave editing (en) > the read-only auditor gets no wave control  499ms
   ✓ wave editing (ar) > edits planned dates (overlap accepted) with If-Match; the source text is read-only and never sent  524ms
   ✓ wave editing (ar) > 422 roadmap_wave.planned_range is inline at the planned end and translated  1093ms
   ✓ wave editing (ar) > adds a non-source wave with its bilingual texts (POST, Idempotency-Key)  2075ms
   ✓ wave editing (ar) > the read-only auditor gets no wave control  535ms
 ✓ |unit-web| src/pages/approvals/approvals.test.tsx (16 tests) 8468ms
   ✓ Approvals (en) > lists my approvals; an Unknown due date shows Unknown with its reason, never a date  809ms
   ✓ Approvals (en) > offers exactly four outcomes; defer needs a date; the decision sends subjectVersion with If-Match  1173ms
   ✓ Approvals (en) > a blank rationale is refused before sending  427ms
   ✓ Approvals (en) > a stale 409 says the record changed, records nothing and links to the history  559ms
   ✓ Approvals (en) > the requester is not offered the decision; the history shows 'B on behalf of A'  325ms
   ✓ Approvals (en) > offers 'on behalf of' only for an active delegation to me  538ms
   ✓ Approvals (ar) > lists my approvals; an Unknown due date shows Unknown with its reason, never a date  340ms
   ✓ Approvals (ar) > offers exactly four outcomes; defer needs a date; the decision sends subjectVersion with If-Match  960ms
   ✓ Approvals (ar) > a blank rationale is refused before sending  605ms
   ✓ Approvals (ar) > a stale 409 says the record changed, records nothing and links to the history  793ms
   ✓ Approvals (ar) > offers 'on behalf of' only for an active delegation to me  359ms
   ✓ Delegations (en) > records a delegation with Asia/Riyadh wall-clock times sent as UTC; a loop 422 is translated  337ms
   ✓ Delegations (en) > revokes with a reason and If-Match; a read-only user sees no action  322ms
   ✓ Delegations (ar) > records a delegation with Asia/Riyadh wall-clock times sent as UTC; a loop 422 is translated  400ms
   ✓ Delegations (ar) > revokes with a reason and If-Match; a read-only user sees no action  396ms
 ✓ |unit-web| src/pages/my-work/my-work.test.tsx (21 tests) 9889ms
   ✓ My Work (en) > renders tasks and reminders from messageKey + messageParams; Unknown due dates; system-managed tasks  2008ms
   ✓ My Work (en) > marks a task done and a reminder read with bodiless POSTs and If-Match  1122ms
   ✓ My Work (ar) > renders tasks and reminders from messageKey + messageParams; Unknown due dates; system-managed tasks  353ms
   ✓ My Work (ar) > marks a task done and a reminder read with bodiless POSTs and If-Match  1023ms
   ✓ My Work (ar) > an unknown message key renders a neutral text, never the raw key  409ms
   ✓ Calendar, jobs and groups (en) > calendar: read-only without calendar.configure; the calculator shows Unknown with its reason  377ms
   ✓ Calendar, jobs and groups (en) > calendar: a technical administrator adds a holiday; a range error is caught before sending  1271ms
   ✓ Calendar, jobs and groups (en) > jobs: no permission without job.read; job.configure edits a schedule with If-Match  821ms
   ✓ Calendar, jobs and groups (ar) > calendar: read-only without calendar.configure; the calculator shows Unknown with its reason  325ms
   ✓ Calendar, jobs and groups (ar) > calendar: a technical administrator adds a holiday; a range error is caught before sending  600ms
   ✓ Calendar, jobs and groups (ar) > jobs: no permission without job.read; job.configure edits a schedule with If-Match  548ms
   ✓ Calendar, jobs and groups (ar) > groups: membership grants no permission (stated); group.manage creates a group  316ms
 ✓ |unit-web| src/pages/dependencies/dependencies.test.tsx (12 tests) 7581ms
   ✓ dependencies (en) > shows the seven T08 columns, an External source, the type label and the needed-by conflict flag  1188ms
   ✓ dependencies (en) > a cycle is refused and shown as the translated message with the path INI-01 → INI-02 → INI-03 → INI-01  1230ms
   ✓ dependencies (en) > an External source is sent as {kind: external, label}  768ms
   ✓ dependencies (en) > dependency types: system types are undeletable; an administrator may retire a custom type  526ms
   ✓ dependencies (en) > a system type's 422 dependency_type.system_undeletable is translated  757ms
   ✓ dependencies (ar) > shows the seven T08 columns, an External source, the type label and the needed-by conflict flag  470ms
   ✓ dependencies (ar) > a cycle is refused and shown as the translated message with the path INI-01 → INI-02 → INI-03 → INI-01  736ms
   ✓ dependencies (ar) > an External source is sent as {kind: external, label}  586ms
   ✓ dependencies (ar) > dependency types: system types are undeletable; an administrator may retire a custom type  419ms
   ✓ dependencies (ar) > a system type's 422 dependency_type.system_undeletable is translated  332ms
   ✓ dependencies (ar) > the read-only auditor sees the map and no write control  304ms
 ✓ |unit-web| src/auth/session-end.test.tsx (12 tests) 12755ms
   ✓ session end while the app is open (en) > a 401 on navigation lands once on sign-in with the message; signing in again returns to the page  3039ms
   ✓ session end while the app is open (en) > a 401 on a dialog mutation (the commit-time upload refusal) closes the dialog and lands once on sign-in  1525ms
   ✓ session end while the app is open (en) > a sign-out elsewhere noticed by the next /me probe lands once on sign-in, never on the stale shell  712ms
   ✓ session end while the app is open (en) > a 403 (forbidden) is never treated as a session end  1032ms
   ✓ session end while the app is open (ar) > a 401 on navigation lands once on sign-in with the message; signing in again returns to the page  1367ms
   ✓ session end while the app is open (ar) > a 401 on a dialog mutation (the commit-time upload refusal) closes the dialog and lands once on sign-in  1217ms
   ✓ session end while the app is open (ar) > a sign-out elsewhere noticed by the next /me probe lands once on sign-in, never on the stale shell  857ms
   ✓ session end while the app is open (ar) > a 403 (forbidden) is never treated as a session end  932ms
   ✓ session end under <StrictMode> (as in production) > still lands exactly once on sign-in  945ms
   ✓ sign-in page and the cached identity > decides 'already signed in' only from a fresh /me, never from a stale cache  445ms
   ✓ sign-in page and the cached identity > signing out here shows 'signed out', not 'session ended', and no /me loop  628ms
 ✓ |unit-web| src/pages/portfolio/fe-e.test.tsx (18 tests) 15766ms
   ✓ Funding decisions (en) > is a labelled business approval with no 'on behalf of' control; rationale required; POST with an Idempotency-Key  1969ms
   ✓ Funding decisions (en) > the BE-E 422s are the dialog's one translated alert; funding.amount_invalid is also inline at /amount  1454ms
   ✓ Funding decisions (en) > the history shows a missing amount as Unknown (never 0); a re-selected initiative explains the deselect rule  362ms
   ✓ Funding decisions (en) > an exact decimal amount is shown with its currency; the auditor sees no record control  524ms
   ✓ Funding decisions (ar) > is a labelled business approval with no 'on behalf of' control; rationale required; POST with an Idempotency-Key  1312ms
   ✓ Funding decisions (ar) > the BE-E 422s are the dialog's one translated alert; funding.amount_invalid is also inline at /amount  555ms
   ✓ Funding decisions (ar) > the history shows a missing amount as Unknown (never 0); a re-selected initiative explains the deselect rule  417ms
   ✓ Funding decisions (ar) > an exact decimal amount is shown with its currency; the auditor sees no record control  489ms
   ✓ Deliverables and milestones on the card (en) > creates (Idempotency-Key), edits (If-Match) and archives (reason, If-Match) a deliverable  1085ms
   ✓ Deliverables and milestones on the card (en) > creates a milestone with its wave and forecast, and edits it with If-Match  1088ms
   ✓ Deliverables and milestones on the card (en) > 422 initiative.read_only (a closure raced the edit) is translated as the dialog's one alert  640ms
   ✓ Deliverables and milestones on the card (en) > a cancelled initiative shows deliverables, milestones and funding with no write control  355ms
   ✓ Deliverables and milestones on the card (en) > the card edit form translates initiative.planned_range specifically (RecordDialog namespaces)  957ms
   ✓ Deliverables and milestones on the card (ar) > creates (Idempotency-Key), edits (If-Match) and archives (reason, If-Match) a deliverable  1482ms
   ✓ Deliverables and milestones on the card (ar) > creates a milestone with its wave and forecast, and edits it with If-Match  1064ms
   ✓ Deliverables and milestones on the card (ar) > a cancelled initiative shows deliverables, milestones and funding with no write control  471ms
   ✓ Deliverables and milestones on the card (ar) > the card edit form translates initiative.planned_range specifically (RecordDialog namespaces)  1256ms
 ✓ |unit-web| src/app/app.test.tsx (17 tests) 6178ms
   ✓ bilingual shell > switches to English LTR and persists the preference with If-Match  692ms
   ✓ bilingual shell > shows all fourteen areas to an administrator  704ms
   ✓ bilingual shell > hides Administration from a Workstream Lead, and the admin route shows no-permission  371ms
   ✓ bilingual shell > a partial area (Governance) leads into the Gates tab of each transformation; its portfolio view stays planned  944ms
   ✓ transformations > lists transformations with a sortable code column and removable filter chips  991ms
   ✓ transformations > detail shows the workspace header with Unknown for data from later stages  684ms
   ✓ transformations > edit: a 409 writes nothing, shows compare, and re-applies on the current version  749ms
 ✓ |unit-web| src/pages/benefit-formulas/benefit-formulas.test.tsx (18 tests) 14891ms
   ✓ T09 benefit formulas (en) > register: the six T09 columns with confidence H/M/L; examples marked illustrative with 100000 and 500000 SAR per year  2724ms
   ✓ T09 benefit formulas (en) > builder: an undefined variable shows translated, with its position, before saving; nothing is sent  1487ms
   ✓ T09 benefit formulas (en) > builder: monthly ARPU × annual customers is a period mismatch, translated, before saving  435ms
   ✓ T09 benefit formulas (en) > builder: a fraction is entered as percent and stored as a fraction; a version is saved with If-Match  708ms
   ✓ T09 benefit formulas (en) > builder: a 409 shows the standard conflict panel; nothing was saved  1076ms
   ✓ T09 benefit formulas (en) > Finance validation of a version: a business approval by FIN; the author cannot; translated refusal  1024ms
   ✓ T09 benefit formulas (en) > Finance validation: the version's author sees the separation-of-duties note and no action  702ms
   ✓ T09 benefit formulas (en) > read-only auditor: no builder, no write control, the read-only note; a validated version reads Validated  361ms
   ✓ T09 benefit formulas (ar) > register: the six T09 columns with confidence H/M/L; examples marked illustrative with 100000 and 500000 SAR per year  706ms
   ✓ T09 benefit formulas (ar) > builder: an undefined variable shows translated, with its position, before saving; nothing is sent  945ms
   ✓ T09 benefit formulas (ar) > builder: monthly ARPU × annual customers is a period mismatch, translated, before saving  524ms
   ✓ T09 benefit formulas (ar) > builder: a fraction is entered as percent and stored as a fraction; a version is saved with If-Match  1118ms
   ✓ T09 benefit formulas (ar) > builder: a fraction difference shows percentage points (translated suffix), never %  375ms
   ✓ T09 benefit formulas (ar) > builder: a 409 shows the standard conflict panel; nothing was saved  627ms
   ✓ T09 benefit formulas (ar) > Finance validation of a version: a business approval by FIN; the author cannot; translated refusal  868ms
   ✓ T09 benefit formulas (ar) > Finance validation: the version's author sees the separation-of-duties note and no action  668ms
   ✓ T09 benefit formulas (ar) > read-only auditor: no builder, no write control, the read-only note; a validated version reads Validated  306ms
 ✓ |unit-web| src/pages/gates/inherited-approval.test.tsx (16 tests) 5551ms
   ✓ inherited-approval annotation (en) > Gates list: G1 pending_verification (counts false) is a badge next to 'Not submitted'  999ms
   ✓ inherited-approval annotation (en) > Gates list: G1 accepted (counts true) is a badge next to 'Not submitted'  994ms
   ✓ inherited-approval annotation (en) > Gates list: G1 revoked (counts false) is a badge next to 'Not submitted'  374ms
   ✓ inherited-approval annotation (en) > Gates list: no inherited approval, no badge  308ms
   ✓ inherited-approval annotation (en) > gate view: an accepted inherited approval is a labelled row beside the 'Not submitted' status  657ms
   ✓ inherited-approval annotation (ar) > gate view: an accepted inherited approval is a labelled row beside the 'Not submitted' status  399ms
 ✓ |unit-web| src/pages/transformations/transformations.test.tsx (21 tests) 13460ms
   ✓ after create (F-DG1-004) > shows the created record when the server lets the creator read it  1453ms
   ✓ after create (F-DG1-004) > explains, in English, that the draft was created but cannot be opened (server 404), instead of 'Not found'  701ms
   ✓ after create (F-DG1-004) > explains the same in Arabic (RTL), using the glossary term for Transformation  986ms
   ✓ audit trail changes (F-DG1-005) > English: field and value labels, not raw keys or enum codes  384ms
   ✓ audit trail changes (F-DG1-005) > Arabic: the same changes with Arabic labels in the RTL layout  373ms
   ✓ derived creator assignment on the audit trail (F-DG1-008) > English: localized action, fields, role, user and scope; nothing raw or marked untranslated  1233ms
   ✓ derived creator assignment on the audit trail (F-DG1-008) > Arabic (RTL): the same event with Arabic labels and the glossary role name  486ms
   ✓ derived creator assignment on the audit trail (F-DG1-008) > an action the catalogue does not know stays readable and is explicitly marked (en and ar)  737ms
   ✓ effective permissions refresh after create (F-DG1-210) > English: Edit, Archive and the audit trail appear after create, without a reload  2366ms
   ✓ effective permissions refresh after create (F-DG1-210) > Arabic (RTL): the same controls and the audit trail appear after create, without a reload  2251ms
   ✓ effective permissions refresh after create (F-DG1-210) > does not over-grant: if the refreshed server answer adds nothing, Archive and the audit trail stay hidden  951ms
   ✓ effective permissions refresh after create (F-DG1-210) > a failed /me refresh never blocks the navigation; the UI stays fail-safe (no controls offered)  581ms
 ✓ |unit-web| src/components/LanguageSwitch.test.tsx (10 tests) 6772ms
   ✓ a refused language save, 'en' → other ('403 csrf') > keeps ar on screen and says, in ar, that it was not saved  1372ms
   ✓ a refused language save, 'ar' → other ('403 csrf') > keeps en on screen and says, in en, that it was not saved  625ms
   ✓ a refused language save, 'en' → other ('403 forbidden') > keeps ar on screen and says, in ar, that it was not saved  904ms
   ✓ a refused language save, 'ar' → other ('503') > keeps en on screen and says, in en, that it was not saved  751ms
   ✓ the live region and the persisted preference > switching back clears the notice; the region stays in the DOM, empty  1003ms
   ✓ the live region and the persisted preference > a successful save never flips back to the previous language while the PUT is in flight  470ms
   ✓ the live region and the persisted preference > if the persisted preference changes later and is re-applied, the notice says so in that language  885ms
   ✓ the live region and the persisted preference > en: the notice is a warning banner below the header, not inside it  379ms
   ✓ the live region and the persisted preference > ar: the notice is a warning banner below the header, not inside it  332ms
 ✓ |unit-web| src/pages/capacity/capacity.test.tsx (6 tests) 5071ms
   ✓ capacity (en) > the role × month grid shows decimal FTE, the conflict with its shortfall, and Unknown capacity as Unknown (never 0)  1130ms
   ✓ capacity (en) > committing a demand POSTs with If-Match; a 409 shows the conflict notice and reloads  2005ms
   ✓ capacity (en) > the read-only auditor sees the grid and no commit or release control  331ms
   ✓ capacity (ar) > the role × month grid shows decimal FTE, the conflict with its shortfall, and Unknown capacity as Unknown (never 0)  727ms
   ✓ capacity (ar) > committing a demand POSTs with If-Match; a 409 shows the conflict notice and reloads  621ms
 ✓ |unit-web| src/app/p3-seams.test.tsx (10 tests) 6870ms
   ✓ P3 routes > workspace tabs (en) > the workspace tabs include the P3 tabs, labelled from their own namespaces  1727ms
   ✓ P3 routes > workspace tabs (ar) > the workspace tabs include the P3 tabs, labelled from their own namespaces  1095ms
   ✓ P3 navigation areas > en /initiatives-roadmaps leads into the Initiatives and Roadmaps tab of each transformation  760ms
   ✓ P3 navigation areas > ar /initiatives-roadmaps leads into the المبادرات وخرائط الطريق tab of each transformation  1111ms
   ✓ P3 navigation areas > en /benefits-finance leads into the Benefits and Finance tab of each transformation  1156ms
   ✓ P3 navigation areas > ar /benefits-finance leads into the المنافع والمالية tab of each transformation  965ms
 ✓ |unit-web| src/components/RecordForm.alerts.test.tsx (16 tests) 3958ms
   ✓ record form: one alert per distinct form error (en) > dialog > a 400 whose only field error has pointer "" says its message once, in one live region  880ms
   ✓ record form: one alert per distinct form error (en) > dialog > the same pointer-"" code twice is still said once  320ms
   ✓ record form: one alert per distinct form error (en) > dialog > two distinct form-level messages: each is said exactly once, one live region each  379ms
   ✓ record form: one alert per distinct form error (en) > inline-sections > a 400 whose only field error has pointer "" says its message once, in one live region  460ms
 ✓ |unit-web| src/pages/transformations/modeGuidance.test.tsx (5 tests) 3491ms
   ✓ New transformation: mode guidance (English LTR) > shows When to use and How for the selected mode and switches with the mode  1275ms
   ✓ New transformation: mode guidance (English LTR) > Modular requires an entry phase before anything is sent  714ms
   ✓ New transformation: mode guidance (English LTR) > a server validation error on the entry phase is shown on that field  1021ms
   ✓ New transformation: mode guidance (Arabic RTL) > shows the Arabic rendering, marked provisional, with the English source text alongside  460ms
 ✓ |unit-web| src/pages/readiness/readiness.test.tsx (4 tests) 2742ms
   ✓ Readiness (en) > lists the missing diagnostic areas by name, the gates and the translated sequencing blockers  993ms
   ✓ Readiness (en) > an accepted, verified inherited approval counts, and the gate itself still is not approved  301ms
   ✓ Readiness (ar) > lists the missing diagnostic areas by name, the gates and the translated sequencing blockers  694ms
   ✓ Readiness (ar) > an accepted, verified inherited approval counts, and the gate itself still is not approved  748ms
 ✓ |unit-web| src/components/States.test.tsx (15 tests) 1140ms
   ✓ explicit states in en > loading is a polite live region with a text label  365ms
 ✓ |unit-web| src/i18n/i18n.test.ts (11 tests) 82ms
 ✓ |unit-web| src/lib/auditChanges.test.ts (125 tests) 162ms
 ✓ |unit-web| src/lib/lib.test.ts (24 tests) 179ms
 ✓ |unit-web| src/test/react-warning-guard.test.tsx (4 tests) 141ms
 ✓ |unit-web| src/styles/styles.test.ts (6 tests) 10ms
 ✓ |unit-web| src/pages/business-cases/problem-codes.test.ts (4 tests) 70ms
 ✓ |unit-web| src/i18n/glossary.test.ts (8 tests) 49ms
 ✓ |unit-web| src/test/harness-config.test.ts (2 tests) 21ms
 ✓ |unit-node| apps/api/src/modules/kpi/kpi.test.ts (38 tests) 5021ms
   ✓ kpi module (P2) > its declared boundary holds, and a planted bypass or undeclared dependency would be caught  4717ms
 ✓ |unit-node| packages/shared/src/formula/fuzz.test.ts (111 tests) 24714ms
   ✓ fuzz: no uncaught exception, no code execution > 10 000 random byte strings (0–255, up to 80 bytes)  3949ms
   ✓ fuzz: no uncaught exception, no code execution > 10 000 random UTF-16 strings including astral code points and lone surrogates  4405ms
   ✓ fuzz: no uncaught exception, no code execution > 20 000 random strings over the grammar alphabet reach parser, type checker and evaluator  11442ms
   ✓ source scan: no dynamic code in packages/shared/src/formula (ADR-0024 §6) > every file of the engine's import closure gets the engine-source lint rules (eslint.config.js)  3432ms
   ✓ source scan: no dynamic code in packages/shared/src/formula (ADR-0024 §6) > ESLint refuses the round-5 handler forms (G1, G2, A1, A2), F1 and every lintable probe-table row in an engine source  1196ms
 ✓ |unit-node| apps/api/src/modules/workflows/workflows.test.ts (14 tests) 2836ms
   ✓ workflows module (P2) > its declared boundary holds, and an undeclared dependency would be caught  2714ms
 ✓ |unit-node| apps/api/src/architecture.test.ts (137 tests) 24613ms
   ✓ API module boundaries (ADR-0002) > every import respects dependsOn, public surfaces and allowed packages  17183ms
   ✓ package dependency direction (ADR-0002 rule 5) > packages/shared imports no workspace package  1438ms
   ✓ package dependency direction (ADR-0002 rule 5) > apps/web never imports @mth/db or @mth/config (browser bundle, no secrets)  4432ms
   ✓ package dependency direction (ADR-0002 rule 5) > apps/worker imports no API code  365ms
 ✓ |unit-node| packages/shared/src/kpi/property.test.ts (11 tests) 2362ms
   ✓ measures > band: within ⇔ L ≤ a ≤ U, the shortfall is never negative, and equals the distance to the band  315ms
   ✓ trajectory > linear expected values lie between the neighbouring points; step values are point values  397ms
 ✓ |unit-node| packages/shared/src/scoring.test.ts (36 tests) 967ms
   ✓ property: all 5^5 integer score combinations under v1 equal an independent BigInt rational computation > stored value, 2-digit display and 0–100 view all match for 3125 combinations  888ms
 ✓ |unit-node| apps/api/src/modules/evidence/evidence.test.ts (13 tests) 1502ms
   ✓ evidence module (P2) > its declared boundary holds  1306ms
 ✓ |unit-node| apps/api/src/modules/reporting/reporting.test.ts (4 tests) 502ms
   ✓ reporting module (P1 scaffold, D-048) > its declared boundary holds, and a planted bypass or undeclared dependency would be caught  443ms
 ✓ |unit-node| apps/api/src/server.test.ts (6 tests) 1986ms
   ✓ route registration > declares access on every /api route and on the health endpoints  941ms
   ✓ route registration > registers dev login only in AUTH_MODE=dev; production configuration refuses dev mode entirely  797ms
 ✓ |unit-node| packages/shared/src/schemas/schemas.test.ts (69 tests) 353ms
 ✓ |unit-node| packages/shared/src/value.test.ts (29 tests) 537ms
 ✓ |unit-node| apps/api/src/modules/methodology/methodology.test.ts (4 tests) 705ms
   ✓ methodology module (P2) > its declared boundary holds, and an undeclared dependency would be caught  617ms
 ✓ |unit-node| apps/api/src/modules/platform/platform.test.ts (19 tests) 435ms
   ✓ invalid characters (U+0000): SQLSTATE mapping and the central request check (F-DG2-231) > a deeply nested body is scanned without recursion (no stack overflow)  348ms
 ✓ |unit-node| apps/api/src/modules/platform/in-flight.test.ts (4 tests) 322ms
 ✓ |unit-node| packages/config/src/load.test.ts (17 tests) 180ms
 ✓ |unit-node| packages/shared/src/formula/formula.test.ts (140 tests) 152ms
 ✓ |unit-node| apps/api/src/modules/platform/connection-hygiene.test.ts (6 tests) 180ms
 ✓ |unit-node| apps/api/src/modules/platform/media-types.test.ts (57 tests) 577ms
 ✓ |unit-node| apps/api/src/modules/admin/branding.test.ts (4 tests) 447ms
   ✓ GET /api/v1/branding/tokens (REQ-S15-002) > returns the seven seeded tokens with their values and provenance=provisional, valid against the contract  417ms
 ✓ |unit-node| apps/api/src/modules/platform/advisory-locks.test.ts (3 tests) 138ms
 ✓ |unit-node| apps/api/src/modules/governance/governance.test.ts (2 tests) 88ms
 ✓ |unit-node| packages/db/src/seed.test.ts (31 tests) 145ms
 ✓ |unit-node| packages/shared/src/kpi/change.test.ts (22 tests) 40ms
 ✓ |unit-node| apps/api/src/modules/platform/incomplete-body.test.ts (10 tests) 200ms
 ✓ |unit-node| apps/api/src/request-encoding.test.ts (11 tests) 231ms
 ✓ |unit-node| apps/api/src/modules/raid/raid.test.ts (7 tests) 297ms
 ✓ |unit-node| apps/api/src/modules/platform/health.test.ts (2 tests) 53ms
 ✓ |unit-node| packages/shared/src/time/working-days.test.ts (19 tests) 64ms
 ✓ |unit-node| packages/shared/src/kpi/purity.test.ts (14 tests) 43ms
 ✓ |unit-node| packages/shared/src/schemas/roadmap.test.ts (6 tests) 29ms
 ✓ |unit-node| apps/api/src/modules/workflows/g4.test.ts (5 tests) 16ms
 ✓ |unit-node| apps/api/src/modules/tasks/tasks.test.ts (5 tests) 78ms
 ✓ |unit-node| packages/shared/src/governance/recurrence.test.ts (19 tests) 41ms
 ✓ |unit-node| packages/shared/src/schedule/critical-path.test.ts (13 tests) 64ms
 ✓ |unit-node| apps/api/src/modules/benefits/register-rules.test.ts (45 tests) 78ms
(node:4219) [FSTDEP022] FastifyWarning: The router options for constraints property access is deprecated. Please use "options.routerOptions" instead for accessing router options. The router options will be removed in `fastify@6`.
(Use `node --trace-warnings ...` to show where the warning was created)
 ✓ |unit-node| apps/api/src/modules/platform/framework-errors.test.ts (6 tests) 81ms
 ✓ |unit-node| packages/shared/src/kpi/types.test.ts (40 tests) 94ms
 ✓ |unit-node| apps/api/src/modules/benefits/benefits.test.ts (2 tests) 45ms
 ✓ |unit-node| packages/shared/src/kpi/a05.test.ts (17 tests) 63ms
 ✓ |unit-node| apps/api/src/modules/kpi/formulas.test.ts (10 tests) 32ms
 ✓ |unit-node| apps/api/src/modules/raid/corrective.test.ts (4 tests) 35ms
 ✓ |unit-node| packages/shared/src/kpi/rag.test.ts (38 tests) 44ms
 ✓ |unit-node| packages/design-tokens/src/tokens.test.ts (15 tests) 86ms
 ✓ |unit-node| apps/api/src/modules/kpi/rules.test.ts (30 tests) 161ms
 ✓ |unit-node| apps/api/src/modules/kpi/kbe-c.test.ts (9 tests) 139ms
 ✓ |unit-node| apps/api/src/modules/adoption/adoption.test.ts (2 tests) 18ms
 ✓ |unit-node| apps/api/src/modules/platform/db-errors-p4-meetings.test.ts (4 tests) 54ms
 ✓ |unit-node| apps/api/src/modules/benefits/totals.test.ts (14 tests) 174ms
 ✓ |unit-node| packages/shared/src/kpi/formula-binding.test.ts (26 tests) 44ms
 ✓ |unit-node| packages/shared/src/kpi/periods.test.ts (26 tests) 32ms
 ✓ |unit-node| apps/api/src/modules/kpi/p3-gate-facts.test.ts (9 tests) 19ms
 ✓ |unit-node| apps/api/src/modules/transformations/thesis.test.ts (4 tests) 35ms
 ✓ |unit-node| apps/api/src/modules/portfolio/sequencing.test.ts (9 tests) 29ms
 ✓ |unit-node| apps/api/src/modules/portfolio/schedule.test.ts (14 tests) 28ms
 ✓ |unit-node| apps/api/src/modules/kpi/totals.test.ts (20 tests) 30ms
 ✓ |unit-node| packages/shared/src/kpi/measures.test.ts (30 tests) 28ms
 ✓ |unit-node| apps/api/src/modules/transformations/good-outcome.test.ts (7 tests) 19ms
 ✓ |unit-node| apps/api/src/modules/benefits/d2-rules.test.ts (15 tests) 32ms
 ✓ |unit-node| apps/api/src/modules/sustainment/sustainment.test.ts (2 tests) 41ms
 ✓ |unit-node| packages/shared/src/schedule/working-day-slip.test.ts (11 tests) 49ms
 ✓ |unit-node| apps/api/src/modules/platform/request-encoding.test.ts (7 tests) 32ms
 ✓ |unit-node| packages/shared/src/kpi/trajectory.test.ts (14 tests) 12ms
 ✓ |unit-node| apps/api/src/modules/portfolio/budget.test.ts (13 tests) 26ms
 ✓ |unit-node| apps/api/src/modules/platform/db-errors-p4.test.ts (5 tests) 20ms
 ✓ |unit-node| packages/shared/src/kpi/aggregate.test.ts (20 tests) 35ms
 ✓ |unit-node| packages/shared/src/kpi/status.test.ts (25 tests) 28ms
 ✓ |unit-node| apps/api/src/modules/identity/oidc-claims.test.ts (5 tests) 10ms
 ✓ |unit-node| apps/api/src/modules/transformations/exclusions.test.ts (19 tests) 15ms
 ✓ |unit-node| apps/api/src/modules/access/rules.test.ts (12 tests) 9ms
 ✓ |unit-node| apps/api/src/modules/platform/db-errors.test.ts (7 tests) 13ms
 ✓ |unit-node| packages/shared/src/schemas/corrective.test.ts (10 tests) 40ms
 ✓ |unit-node| apps/api/src/modules/portfolio/readiness-transform.test.ts (4 tests) 15ms
 ✓ |unit-node| apps/api/src/modules/portfolio/capacity.test.ts (4 tests) 18ms
 ✓ |unit-node| apps/api/src/modules/workflows/t08-cycle-problem.test.ts (2 tests) 3ms
 ✓ |unit-node| apps/api/src/modules/transformations/transitions.test.ts (2 tests) 4ms
 ✓ |unit-node| apps/api/src/modules/governance/raci.test.ts (2 tests) 3ms

 Test Files  117 passed (117)
      Tests  2231 passed (2231)
   Start at  11:32:26
   Duration  314.03s (transform 14.95s, setup 13.69s, collect 229.27s, tests 539.99s, environment 63.35s, prepare 23.22s)


 RUN  v3.2.4 /home/user/wt/dg4-be-f

 ✓ |unit-formula-nocodegen| packages/shared/src/formula/codegen.nocodegen.test.ts (10 tests) 25ms
 ✓ |unit-formula-nocodegen| packages/shared/src/formula/formula.test.ts (140 tests) 214ms
 ✓ |unit-formula-nocodegen| packages/shared/src/formula/fuzz.test.ts (111 tests | 2 skipped) 7111ms
   ✓ fuzz: no uncaught exception, no code execution > 10 000 random byte strings (0–255, up to 80 bytes)  2185ms
   ✓ fuzz: no uncaught exception, no code execution > 10 000 random UTF-16 strings including astral code points and lone surrogates  1734ms
   ✓ fuzz: no uncaught exception, no code execution > 20 000 random strings over the grammar alphabet reach parser, type checker and evaluator  3119ms

 Test Files  3 passed (3)
      Tests  259 passed | 2 skipped (261)
   Start at  11:37:41
   Duration  8.62s (transform 604ms, setup 0ms, collect 1.67s, tests 7.35s, environment 1ms, prepare 595ms)

