port-policy: PostgreSQL listening on port 24852 (attempt 1)
qa disposable cluster: PostgreSQL 16.13 (Ubuntu 16.13-0ubuntu0.24.04.1) on x86_64-pc-linux-gnu, compiled by gcc (Ubuntu 13.3.0-6ubuntu2~24.04.1) 13.3.0, 64-bit; server_encoding UTF8, lc_collate C, lc_ctype C
=== iteration 1 2026-10-09T21:16:02Z
 ✓ |integration| apps/api/test/integration/contract/contract.test.ts (45 tests) 32903ms
 ✓ |integration| apps/api/test/integration/kpi-p4/data-quality.test.ts (5 tests) 573ms
 ✓ |integration| apps/api/test/integration/kpi-p4/fixture-dates.test.ts (3 tests) 557ms
 Test Files  3 passed (3)
      Tests  53 passed (53)
=== iteration 1 exit=0
=== iteration 2 2026-10-09T21:16:48Z
 ✓ |integration| apps/api/test/integration/contract/contract.test.ts (45 tests) 32433ms
 ✓ |integration| apps/api/test/integration/kpi-p4/data-quality.test.ts (5 tests) 543ms
 ✓ |integration| apps/api/test/integration/kpi-p4/fixture-dates.test.ts (3 tests) 465ms
 Test Files  3 passed (3)
      Tests  53 passed (53)
=== iteration 2 exit=0
=== iteration 3 2026-10-09T21:17:33Z
 ✓ |integration| apps/api/test/integration/contract/contract.test.ts (45 tests) 38924ms
 ✓ |integration| apps/api/test/integration/kpi-p4/data-quality.test.ts (5 tests) 628ms
 ✓ |integration| apps/api/test/integration/kpi-p4/fixture-dates.test.ts (3 tests) 615ms
 Test Files  3 passed (3)
      Tests  53 passed (53)
=== iteration 3 exit=0
=== iteration 4 2026-10-09T21:18:25Z
 ✓ |integration| apps/api/test/integration/contract/contract.test.ts (45 tests) 36451ms
 ✓ |integration| apps/api/test/integration/kpi-p4/data-quality.test.ts (5 tests) 546ms
 ✓ |integration| apps/api/test/integration/kpi-p4/fixture-dates.test.ts (3 tests) 495ms
 Test Files  3 passed (3)
      Tests  53 passed (53)
=== iteration 4 exit=0
=== iteration 5 2026-10-09T21:19:17Z
 ✓ |integration| apps/api/test/integration/contract/contract.test.ts (45 tests) 33161ms
 ✓ |integration| apps/api/test/integration/kpi-p4/data-quality.test.ts (5 tests) 572ms
 ✓ |integration| apps/api/test/integration/kpi-p4/fixture-dates.test.ts (3 tests) 533ms
 Test Files  3 passed (3)
      Tests  53 passed (53)
=== iteration 5 exit=0
=== iteration 6 2026-10-09T21:20:03Z
 ✓ |integration| apps/api/test/integration/contract/contract.test.ts (45 tests) 33924ms
 ✓ |integration| apps/api/test/integration/kpi-p4/data-quality.test.ts (5 tests) 585ms
 ✓ |integration| apps/api/test/integration/kpi-p4/fixture-dates.test.ts (3 tests) 527ms
 Test Files  3 passed (3)
      Tests  53 passed (53)
=== iteration 6 exit=0
=== iteration 7 2026-10-09T21:20:49Z
 ✓ |integration| apps/api/test/integration/contract/contract.test.ts (45 tests) 33049ms
 ✓ |integration| apps/api/test/integration/kpi-p4/data-quality.test.ts (5 tests) 553ms
 ✓ |integration| apps/api/test/integration/kpi-p4/fixture-dates.test.ts (3 tests) 493ms
 Test Files  3 passed (3)
      Tests  53 passed (53)
=== iteration 7 exit=0
=== iteration 8 2026-10-09T21:21:36Z
 ✓ |integration| apps/api/test/integration/contract/contract.test.ts (45 tests) 32719ms
 ✓ |integration| apps/api/test/integration/kpi-p4/data-quality.test.ts (5 tests) 551ms
 ✓ |integration| apps/api/test/integration/kpi-p4/fixture-dates.test.ts (3 tests) 510ms
 Test Files  3 passed (3)
      Tests  53 passed (53)
=== iteration 8 exit=0
=== iteration 9 2026-10-09T21:22:21Z
 ✓ |integration| apps/api/test/integration/contract/contract.test.ts (45 tests) 34709ms
 ✓ |integration| apps/api/test/integration/kpi-p4/data-quality.test.ts (5 tests) 595ms
 ✓ |integration| apps/api/test/integration/kpi-p4/fixture-dates.test.ts (3 tests) 531ms
 Test Files  3 passed (3)
      Tests  53 passed (53)
=== iteration 9 exit=0
=== iteration 10 2026-10-09T21:23:09Z
 ✓ |integration| apps/api/test/integration/contract/contract.test.ts (45 tests) 33903ms
 ✓ |integration| apps/api/test/integration/kpi-p4/data-quality.test.ts (5 tests) 592ms
 ✓ |integration| apps/api/test/integration/kpi-p4/fixture-dates.test.ts (3 tests) 583ms
 Test Files  3 passed (3)
      Tests  53 passed (53)
=== iteration 10 exit=0
=== iteration 11 2026-10-09T21:23:57Z
 ✓ |integration| apps/api/test/integration/contract/contract.test.ts (45 tests) 35420ms
 ✓ |integration| apps/api/test/integration/kpi-p4/data-quality.test.ts (5 tests) 640ms
 ✓ |integration| apps/api/test/integration/kpi-p4/fixture-dates.test.ts (3 tests) 631ms
 Test Files  3 passed (3)
      Tests  53 passed (53)
=== iteration 11 exit=0
=== iteration 12 2026-10-09T21:24:47Z
 ✓ |integration| apps/api/test/integration/contract/contract.test.ts (45 tests) 37688ms
 ✓ |integration| apps/api/test/integration/kpi-p4/data-quality.test.ts (5 tests) 778ms
 ✓ |integration| apps/api/test/integration/kpi-p4/fixture-dates.test.ts (3 tests) 852ms
 Test Files  3 passed (3)
      Tests  53 passed (53)
=== iteration 12 exit=0
=== iteration 13 2026-10-09T21:25:42Z
 ✓ |integration| apps/api/test/integration/contract/contract.test.ts (45 tests) 35856ms
 ✓ |integration| apps/api/test/integration/kpi-p4/fixture-dates.test.ts (3 tests) 621ms
 ✓ |integration| apps/api/test/integration/kpi-p4/data-quality.test.ts (5 tests) 735ms
 Test Files  3 passed (3)
      Tests  53 passed (53)
=== iteration 13 exit=0
=== iteration 14 2026-10-09T21:26:34Z
 ✓ |integration| apps/api/test/integration/contract/contract.test.ts (45 tests) 37007ms
 ✓ |integration| apps/api/test/integration/kpi-p4/data-quality.test.ts (5 tests) 640ms
 ✓ |integration| apps/api/test/integration/kpi-p4/fixture-dates.test.ts (3 tests) 600ms
 Test Files  3 passed (3)
      Tests  53 passed (53)
=== iteration 14 exit=0
=== iteration 15 2026-10-09T21:27:27Z
 ✓ |integration| apps/api/test/integration/contract/contract.test.ts (45 tests) 36106ms
 ✓ |integration| apps/api/test/integration/kpi-p4/data-quality.test.ts (5 tests) 570ms
 ✓ |integration| apps/api/test/integration/kpi-p4/fixture-dates.test.ts (3 tests) 537ms
 Test Files  3 passed (3)
      Tests  53 passed (53)
=== iteration 15 exit=0
=== iteration 16 2026-10-09T21:28:16Z
 ✓ |integration| apps/api/test/integration/contract/contract.test.ts (45 tests) 35620ms
 ✓ |integration| apps/api/test/integration/kpi-p4/data-quality.test.ts (5 tests) 656ms
 ✓ |integration| apps/api/test/integration/kpi-p4/fixture-dates.test.ts (3 tests) 736ms
 Test Files  3 passed (3)
      Tests  53 passed (53)
=== iteration 16 exit=0
=== iteration 17 2026-10-09T21:29:07Z
 ✓ |integration| apps/api/test/integration/contract/contract.test.ts (45 tests) 40379ms
 ✓ |integration| apps/api/test/integration/kpi-p4/fixture-dates.test.ts (3 tests) 815ms
 ✓ |integration| apps/api/test/integration/kpi-p4/data-quality.test.ts (5 tests) 1156ms
 Test Files  3 passed (3)
      Tests  53 passed (53)
=== iteration 17 exit=0
=== iteration 18 2026-10-09T21:30:08Z
 ✓ |integration| apps/api/test/integration/contract/contract.test.ts (45 tests) 44834ms
 ✓ |integration| apps/api/test/integration/kpi-p4/data-quality.test.ts (5 tests) 666ms
 ✓ |integration| apps/api/test/integration/kpi-p4/fixture-dates.test.ts (3 tests) 698ms
 Test Files  3 passed (3)
      Tests  53 passed (53)
=== iteration 18 exit=0
=== iteration 19 2026-10-09T21:31:14Z
 ✓ |integration| apps/api/test/integration/contract/contract.test.ts (45 tests) 42432ms
 ✓ |integration| apps/api/test/integration/kpi-p4/fixture-dates.test.ts (3 tests) 616ms
 ✓ |integration| apps/api/test/integration/kpi-p4/data-quality.test.ts (5 tests) 827ms
 Test Files  3 passed (3)
      Tests  53 passed (53)
=== iteration 19 exit=0
=== iteration 20 2026-10-09T21:32:18Z
 ✓ |integration| apps/api/test/integration/contract/contract.test.ts (45 tests) 40923ms
 ✓ |integration| apps/api/test/integration/kpi-p4/data-quality.test.ts (5 tests) 689ms
 ✓ |integration| apps/api/test/integration/kpi-p4/fixture-dates.test.ts (3 tests) 778ms
 Test Files  3 passed (3)
      Tests  53 passed (53)
=== iteration 20 exit=0
=== LOOP DONE: 20 iterations, 0 failed
EXIT=0
