
> mobily-transformation-hub@0.1.0 test /home/user/wt/dg4-kbe-r1
> vitest run --project unit-node --project unit-web && vitest run --project unit-formula-nocodegen


 RUN  v3.2.4 /home/user/wt/dg4-kbe-r1

 ✓ |unit-web| src/pages/render-time-language.test.tsx (28 tests) 24486ms
   ✓ sign-in (dev form), 'en' → 'ar' > an invalid user name: the inline message follows the switch  585ms
   ✓ sign-in (dev form), 'en' → 'ar' > a refused sign-in: the server's problem follows the switch  415ms
   ✓ journey step editor, 'en' → 'ar' > a field error on a step follows the switch  1730ms
   ✓ journey step editor, 'en' → 'ar' > the form-level "Step N:" error follows the switch (prefix and message)  1498ms
   ✓ journey step editor, 'ar' → 'en' > a field error on a step follows the switch  1823ms
   ✓ journey step editor, 'ar' → 'en' > the form-level "Step N:" error follows the switch (prefix and message)  987ms
   ✓ row-action note and reason dialog, 'en' → 'ar' > the Finance validation note's 'required' follows the switch  1283ms
   ✓ row-action note and reason dialog, 'en' → 'ar' > the Finance validation choice's 'required' follows the switch  1053ms
   ✓ row-action note and reason dialog, 'en' → 'ar' > the archive reason's 'too short' follows the switch  1088ms
   ✓ row-action note and reason dialog, 'ar' → 'en' > the Finance validation note's 'required' follows the switch  869ms
   ✓ row-action note and reason dialog, 'ar' → 'en' > the Finance validation choice's 'required' follows the switch  900ms
   ✓ row-action note and reason dialog, 'ar' → 'en' > the archive reason's 'too short' follows the switch  711ms
   ✓ record form, 'en' → 'ar' > a server field error and a form-level (unmapped) error both follow the switch  367ms
   ✓ gate dialogs, 'en' → 'ar' > the submission note's field error follows the switch  828ms
   ✓ gate dialogs, 'en' → 'ar' > the decision rationale's field error follows the switch  1200ms
   ✓ gate dialogs, 'ar' → 'en' > the submission note's field error follows the switch  380ms
   ✓ gate dialogs, 'ar' → 'en' > the decision rationale's field error follows the switch  613ms
   ✓ North Star statement, 'en' → 'ar' > the statement's field error follows the switch  1689ms
   ✓ North Star statement, 'ar' → 'en' > the statement's field error follows the switch  1355ms
   ✓ evidence dialogs, 'en' → 'ar' > upload without a file: 'required' follows the switch  1124ms
   ✓ evidence dialogs, 'en' → 'ar' > a link without a record type or record: both 'required' messages follow the switch  1015ms
   ✓ evidence dialogs, 'ar' → 'en' > upload without a file: 'required' follows the switch  823ms
   ✓ evidence dialogs, 'ar' → 'en' > a link without a record type or record: both 'required' messages follow the switch  1273ms
 ✓ |unit-web| src/pages/p2.test.tsx (56 tests) 41353ms
   ✓ Diagnose > shows the six T01 dimensions with Unknown for missing values, and value pools that are never 0  1135ms
   ✓ Diagnose > shows the totals as Unknown when no pool is quantified  543ms
   ✓ Diagnose > renders the six workstreams with their key questions  845ms
   ✓ Diagnose > edits a T01 row with only the changed fields and If-Match  1256ms
   ✓ Diagnose > a 409 on save writes nothing, compares, and re-applies on the current version  909ms
   ✓ Diagnose > a 400 validation.blank shows a localized message on its field ('en')  1438ms
   ✓ Diagnose > a 400 validation.blank shows a localized message on its field ('ar')  1237ms
   ✓ Diagnose > an invisible-only value is blocked client-side with validation.blank ('en')  1291ms
   ✓ Diagnose > an invisible-only value is blocked client-side with validation.blank ('ar')  1432ms
   ✓ Diagnose > a whitespace-only T01 value is an inline blank error and sends nothing ('en')  1265ms
   ✓ Diagnose > a whitespace-only T01 value is an inline blank error and sends nothing ('ar')  1293ms
   ✓ Diagnose > T01: an emptied field is sent as an explicit null; visible text is sent verbatim  1357ms
   ✓ Diagnose > Arabic: RTL with Arabic labels and the unquantified label  308ms
   ✓ Define > shows the good outcome test per outcome with pass / fail / unknown and localized reasons  400ms
   ✓ Define > requires a target date on a T02 row before sending anything  1108ms
   ✓ Define > sets the North Star with one sentence and no If-Match the first time  661ms
   ✓ Define: KPI activation (F-DG2-201) > offers Activate on a draft KPI, states the unmet precondition on 422, then activates with If-Match  723ms
   ✓ Define: KPI activation (F-DG2-201) > Arabic: the Activate action and the 422 reason are in Arabic  1926ms
   ✓ Define: KPI activation (F-DG2-201) > an active KPI shows Active and offers no Activate  685ms
   ✓ Charter > shows the 14 fields, the thesis, the five scope checks with pre-checks and the top-outcomes warning  1043ms
   ✓ Charter > scope pre-check: an empty Out of scope reads as failing (EN and AR)  2258ms
   ✓ Charter > thesis: the four parts compose the B0037 sentence (EN and AR)  1132ms
   ✓ Charter > compares a version with the previous one  873ms
   ✓ Charter > create: a whitespace Case for change is an inline blank error and creates nothing ('en')  498ms
   ✓ Charter > create: a whitespace Case for change is an inline blank error and creates nothing ('ar')  428ms
   ✓ Charter > edit: a whitespace Out of scope is an inline blank error, sends nothing and keeps the value (en)  1567ms
   ✓ Charter > edit: a whitespace Out of scope is an inline blank error, sends nothing and keeps the value (ar)  1158ms
   ✓ Charter > edit: emptying a filled field sends null; visible text is verbatim (en)  788ms
   ✓ Charter > edit: emptying a filled field sends null; visible text is verbatim (ar)  1193ms
   ✓ Charter > edit: a change summary alone is not a change (never a content-free version)  713ms
   ✓ Design > shows the ten canvas boxes and the per-dimension view  894ms
   ✓ Design > converts an unresolved workshop item into a design decision with If-Match  1488ms
   ✓ Gates (business approval) > shows unverified evidence as unverified, the failing outcome at G2, and submits with If-Match  902ms
   ✓ Gates (business approval) > the approver's decision: rationale required; 403 and 409 problems in words  1589ms
   ✓ Gates (business approval) > gate detail heading: the verbatim B0023 name once (EN and AR)  426ms
   ✓ Evidence > uploads a revision as octet-stream with a percent-encoded file name and If-Match  519ms
   ✓ Evidence > never offers review to the creator; a filename reference can only be rejected  522ms
   ✓ read-only auditor (AUD) > diagnose: no write control and a read-only note  356ms
 ✓ |unit-web| src/pages/p2-blank-forms.test.tsx (52 tests) 43744ms
   ✓ gate submission note (en) > a whitespace-only note is refused inline and nothing is sent  1568ms
   ✓ gate submission note (en) > a invisible-only note is refused inline and nothing is sent  517ms
   ✓ gate submission note (en) > visible text is sent verbatim; an empty note is omitted  1161ms
   ✓ gate submission note (ar) > a whitespace-only note is refused inline and nothing is sent  349ms
   ✓ gate submission note (ar) > a invisible-only note is refused inline and nothing is sent  403ms
   ✓ gate submission note (ar) > visible text is sent verbatim; an empty note is omitted  837ms
   ✓ gate decision rationale and comments (en) > a whitespace-only rationale is refused inline and nothing is sent  1432ms
   ✓ gate decision rationale and comments (en) > a invisible-only rationale is refused inline and nothing is sent  599ms
   ✓ gate decision rationale and comments (en) > a invisible (long enough for min 3)-only rationale is refused inline and nothing is sent  674ms
   ✓ gate decision rationale and comments (en) > a whitespace-only comment is refused inline (focus on it) and nothing is sent  677ms
   ✓ gate decision rationale and comments (en) > a invisible-only comment is refused inline (focus on it) and nothing is sent  655ms
   ✓ gate decision rationale and comments (en) > visible text is sent verbatim; empty comments are omitted; an empty rationale stays 'too short'  662ms
   ✓ gate decision rationale and comments (en) > a server 400 validation.blank on /rationale lands on the field  421ms
   ✓ gate decision rationale and comments (ar) > a whitespace-only rationale is refused inline and nothing is sent  602ms
   ✓ gate decision rationale and comments (ar) > a invisible-only rationale is refused inline and nothing is sent  484ms
   ✓ gate decision rationale and comments (ar) > a invisible (long enough for min 3)-only rationale is refused inline and nothing is sent  434ms
   ✓ gate decision rationale and comments (ar) > a whitespace-only comment is refused inline (focus on it) and nothing is sent  536ms
   ✓ gate decision rationale and comments (ar) > a invisible-only comment is refused inline (focus on it) and nothing is sent  341ms
   ✓ gate decision rationale and comments (ar) > visible text is sent verbatim; empty comments are omitted; an empty rationale stays 'too short'  605ms
   ✓ gate decision rationale and comments (ar) > a server 400 validation.blank on /rationale lands on the field  575ms
   ✓ journey step editor (en) > a whitespace-only actor is refused inline (not turned into null) and nothing is sent  933ms
   ✓ journey step editor (en) > a invisible-only actor is refused inline (not turned into null) and nothing is sent  1115ms
   ✓ journey step editor (en) > several blank fields: each gets the message and focus goes to the first (name)  2259ms
   ✓ journey step editor (en) > visible text is sent verbatim; emptied optional text is null; an empty name is required  1735ms
   ✓ journey step editor (ar) > a whitespace-only actor is refused inline (not turned into null) and nothing is sent  1138ms
   ✓ journey step editor (ar) > a invisible-only actor is refused inline (not turned into null) and nothing is sent  1438ms
   ✓ journey step editor (ar) > several blank fields: each gets the message and focus goes to the first (name)  1109ms
   ✓ journey step editor (ar) > visible text is sent verbatim; emptied optional text is null; an empty name is required  1826ms
   ✓ Finance validation note and archive reason (en) > note: a whitespace-only note is refused inline and nothing is sent  1253ms
   ✓ Finance validation note and archive reason (en) > note: a invisible-only note is refused inline and nothing is sent  558ms
   ✓ Finance validation note and archive reason (en) > note: empty is 'required'; visible text is sent verbatim  1951ms
   ✓ Finance validation note and archive reason (en) > reason: a whitespace-only reason is refused inline and nothing is archived  1284ms
   ✓ Finance validation note and archive reason (en) > reason: a invisible-only reason is refused inline and nothing is archived  815ms
   ✓ Finance validation note and archive reason (en) > reason: a server 400 validation.blank on /reason is the field message, not a generic error  819ms
   ✓ Finance validation note and archive reason (en) > reason: a reason with U+0000 is refused inline with the localized message and nothing is archived  584ms
   ✓ Finance validation note and archive reason (en) > reason: a server 400 validation.invalid_character on /reason is the localized field message  737ms
   ✓ Finance validation note and archive reason (en) > reason: empty keeps 'too short'; visible text is sent verbatim  854ms
   ✓ Finance validation note and archive reason (ar) > note: a whitespace-only note is refused inline and nothing is sent  1088ms
   ✓ Finance validation note and archive reason (ar) > note: a invisible-only note is refused inline and nothing is sent  779ms
   ✓ Finance validation note and archive reason (ar) > note: empty is 'required'; visible text is sent verbatim  983ms
   ✓ Finance validation note and archive reason (ar) > reason: a whitespace-only reason is refused inline and nothing is archived  1193ms
   ✓ Finance validation note and archive reason (ar) > reason: a invisible-only reason is refused inline and nothing is archived  687ms
   ✓ Finance validation note and archive reason (ar) > reason: a server 400 validation.blank on /reason is the field message, not a generic error  729ms
   ✓ Finance validation note and archive reason (ar) > reason: a reason with U+0000 is refused inline with the localized message and nothing is archived  621ms
   ✓ Finance validation note and archive reason (ar) > reason: a server 400 validation.invalid_character on /reason is the localized field message  611ms
   ✓ Finance validation note and archive reason (ar) > reason: empty keeps 'too short'; visible text is sent verbatim  627ms
   ✓ North Star statement (en) > a whitespace-only statement is refused inline and nothing is sent  563ms
   ✓ North Star statement (en) > a invisible-only statement is refused inline and nothing is sent  300ms
   ✓ North Star statement (ar) > a whitespace-only statement is refused inline and nothing is sent  531ms
   ✓ North Star statement (ar) > a invisible-only statement is refused inline and nothing is sent  702ms
 ✓ |unit-web| src/auth/session-bound.test.tsx (34 tests) 17907ms
   ✓ F-DG2-530/580 no effect of A's action after a further await once the tab is B's (en) > Y1: a create whose post-create GET /me returns B: B is not navigated and never sees A's code or name  1540ms
   ✓ F-DG2-530/580 no effect of A's action after a further await once the tab is B's (en) > Y1c: the same create under one identity still lands on the created record  608ms
   ✓ F-DG2-530/580 no effect of A's action after a further await once the tab is B's (en) > Y1c (not visible to the creator): the creator still gets 'created, but you cannot open it' with the 201's code  552ms
   ✓ F-DG2-530/580 no effect of A's action after a further await once the tab is B's (en) > an edit whose identity changes between its awaits: B is not navigated to A's record and keeps nothing of A's  580ms
   ✓ F-DG2-530/580 no effect of A's action after a further await once the tab is B's (en) > an organization create whose identity changes between its awaits: B is not navigated to A's new organization  1224ms
   ✓ F-DG2-530/580 no effect of A's action after a further await once the tab is B's (en) > a user create whose identity changes between its awaits: B is not navigated to A's new user  1174ms
   ✓ F-DG2-530/580 no effect of A's action after a further await once the tab is B's (en) > sanity: the organization and user creates under one identity still navigate to the new record  674ms
   ✓ F-DG2-530/580 no effect of A's action after a further await once the tab is B's (en) > sanity: an edit under one identity (a same-identity /me between its awaits) still updates the cache and navigates  404ms
   ✓ F-DG2-530/580 no effect of A's action after a further await once the tab is B's (ar) > Y1: a create whose post-create GET /me returns B: B is not navigated and never sees A's code or name  615ms
   ✓ F-DG2-530/580 no effect of A's action after a further await once the tab is B's (ar) > Y1c: the same create under one identity still lands on the created record  448ms
   ✓ F-DG2-530/580 no effect of A's action after a further await once the tab is B's (ar) > an edit whose identity changes between its awaits: B is not navigated to A's record and keeps nothing of A's  480ms
   ✓ F-DG2-530/580 no effect of A's action after a further await once the tab is B's (ar) > an organization create whose identity changes between its awaits: B is not navigated to A's new organization  566ms
   ✓ F-DG2-530/580 no effect of A's action after a further await once the tab is B's (ar) > a user create whose identity changes between its awaits: B is not navigated to A's new user  723ms
   ✓ F-DG2-530/580 no effect of A's action after a further await once the tab is B's (ar) > sanity: the organization and user creates under one identity still navigate to the new record  618ms
   ✓ F-DG2-570 the header and the data of ONE identity on in-app navigation (ar) > N2: opening the list: B's header with B's list and B's permissions, never A's header or A's empty-state  435ms
   ✓ F-DG2-570 the header and the data of ONE identity on in-app navigation (ar) > N0 (the reviewer's Y5): B signed in a moment ago, no time passes, no focus event: the next page is B's under B's header  301ms
   ✓ F-DG2-570 the header and the data of ONE identity on in-app navigation (ar) > bounded: one GET /me per navigation, shared by the page's burst; other GETs only after the window; same identity kept  666ms
   ✓ the convention: no raw navigate or cache write in app code (T-DG2-FE15) > the ESLint rule refuses a raw navigate, a raw cache write and a useNavigate import in a page  4105ms
 ✓ |unit-web| src/pages/prioritization/prioritization.test.tsx (20 tests) 15676ms
   ✓ prioritization (en) > ranked table: an incomplete score is 'incomplete' (never a number), 3.30 complete; 0–100 shows 57.5 with its label  1914ms
   ✓ prioritization (en) > scorecard: 6 is refused inline and nothing is sent; 4 is POSTed as the integer; the weighted score is read-only 'incomplete'  1686ms
   ✓ prioritization (en) > weight sets: the live total refuses 95% and 105%; 100% is accepted and POSTed as decimal strings  769ms
   ✓ prioritization (en) > weight sets: the proposer is never offered approval; another approver's approval is a business approval with If-Match; 403 SoD is translated  2076ms
   ✓ prioritization (en) > weight set approval: a 409 shows the conflict banner and reloads  562ms
   ✓ prioritization (en) > overrides: a reason is required (missing and invisible-only are refused, nothing sent); with a reason it is POSTed  665ms
   ✓ prioritization (en) > the read-only auditor sees the data and no enabled write control  640ms
   ✓ prioritization (ar) > ranked table: an incomplete score is 'incomplete' (never a number), 3.30 complete; 0–100 shows 57.5 with its label  580ms
   ✓ prioritization (ar) > scorecard: 6 is refused inline and nothing is sent; 4 is POSTed as the integer; the weighted score is read-only 'incomplete'  1268ms
   ✓ prioritization (ar) > weight sets: the live total refuses 95% and 105%; 100% is accepted and POSTed as decimal strings  535ms
   ✓ prioritization (ar) > weight sets: the proposer is never offered approval; another approver's approval is a business approval with If-Match; 403 SoD is translated  1415ms
   ✓ prioritization (ar) > weight set approval: a 409 shows the conflict banner and reloads  584ms
   ✓ prioritization (ar) > ranking history: causes are translated from codes, including 'weight version 2', score change and the override reason  308ms
   ✓ prioritization (ar) > overrides: a reason is required (missing and invisible-only are refused, nothing sent); with a reason it is POSTed  917ms
   ✓ prioritization (ar) > the read-only auditor sees the data and no enabled write control  568ms
   ✓ prioritization (ar) > a portfolio above 500 eligible initiatives is the translated 422 state, not an empty table  339ms
 ✓ |unit-web| src/pages/portfolio/portfolio.test.tsx (32 tests) 19019ms
   ✓ Portfolio (en) > lists code, name, wave, owners and three separate columns: proposed rank, selection and funding  1644ms
   ✓ Portfolio (en) > the proposed rank is Unknown (never 0) when the prioritization view is unavailable  828ms
   ✓ Portfolio (en) > filters by status and wave on the server  903ms
   ✓ Portfolio (en) > creates a draft at any time: POST /initiatives with the transformation and an Idempotency-Key  1472ms
   ✓ Portfolio (en) > the read-only auditor sees the list with no enabled write control  754ms
   ✓ Portfolio (en) > outcome hierarchy: five levels, an Unknown target is Unknown (never 0)  424ms
   ✓ Portfolio (ar) > lists code, name, wave, owners and three separate columns: proposed rank, selection and funding  549ms
   ✓ Portfolio (ar) > the proposed rank is Unknown (never 0) when the prioritization view is unavailable  432ms
   ✓ Portfolio (ar) > filters by status and wave on the server  457ms
   ✓ Portfolio (ar) > creates a draft at any time: POST /initiatives with the transformation and an Idempotency-Key  978ms
   ✓ Portfolio (ar) > the read-only auditor sees the list with no enabled write control  675ms
   ✓ Initiative Card (en) > shows all 14 T05 fields in the source order and the 3-7 deliverables warning (a warning, not a block)  546ms
   ✓ Initiative Card (en) > submit refused: 'Case for change not yet approved (G1)…' is the dialog's one translated alert  677ms
   ✓ Initiative Card (en) > submit refused: 'Outcome before activity…' (validation at /outcomeContributions) is translated  369ms
   ✓ Initiative Card (en) > launch refused: 'North Star, outcomes and target state not yet approved', then 'Selected - unfunded…'  678ms
   ✓ Initiative Card (en) > select is a labelled business approval: rationale required, If-Match, no 'on behalf of' control  615ms
   ✓ Initiative Card (en) > a 409 shows the conflict banner and reloads  464ms
   ✓ Initiative Card (en) > a gap link to another TOM record shows 'A project portfolio is not a Target Operating Model…'  972ms
   ✓ Initiative Card (en) > an outcome contribution needs an outcome; the KPI is optional and labelled so  488ms
   ✓ Initiative Card (ar) > shows all 14 T05 fields in the source order and the 3-7 deliverables warning (a warning, not a block)  310ms
   ✓ Initiative Card (ar) > submit refused: 'Outcome before activity…' (validation at /outcomeContributions) is translated  734ms
   ✓ Initiative Card (ar) > launch refused: 'North Star, outcomes and target state not yet approved', then 'Selected - unfunded…'  722ms
   ✓ Initiative Card (ar) > select is a labelled business approval: rationale required, If-Match, no 'on behalf of' control  551ms
   ✓ Initiative Card (ar) > a 409 shows the conflict banner and reloads  363ms
   ✓ Initiative Card (ar) > a gap link to another TOM record shows 'A project portfolio is not a Target Operating Model…'  318ms
   ✓ Initiative Card (ar) > an outcome contribution needs an outcome; the KPI is optional and labelled so  611ms
   ✓ Initiative Card (ar) > the read-only auditor sees the card with no enabled write control  441ms
 ✓ |unit-web| src/auth/session-generation.test.tsx (26 tests) 13567ms
   ✓ F-DG2-530 a write in flight across an identity change (en) > X3: A's PATCH answered after B's /me is not written into B's cache, not shown, and does not navigate B  1276ms
   ✓ F-DG2-530 a write in flight across an identity change (en) > X3b: the same after a session END here and B's sign-in: A's late answer never lands  1080ms
   ✓ F-DG2-530 a write in flight across an identity change (en) > an archive in flight across an identity change: A's archived record never lands in B's cache  841ms
   ✓ F-DG2-530 a write in flight across an identity change (en) > an organization save in flight across an identity change: A's change is never stored under B  699ms
   ✓ F-DG2-530 a write in flight across an identity change (en) > a user save in flight across an identity change: A's change is never stored under B  577ms
   ✓ F-DG2-530 a write in flight across an identity change (en) > a same-person new session: the in-flight save is dropped silently, the draft is kept and usable  577ms
   ✓ F-DG2-530 a write in flight across an identity change (en) > a language save retried after a 409 is never written for the identity that replaced A  418ms
   ✓ F-DG2-530 a write in flight across an identity change (en) > sanity: a write in flight that finishes under the SAME identity still updates the cache and navigates  738ms
   ✓ F-DG2-530 X6: refocus and reconnect revalidate GET /me first (en) > the same identity: a refocus refetches /me once, then the stale page queries; nothing when all is fresh  417ms
   ✓ F-DG2-530 X6: refocus and reconnect revalidate GET /me first (en) > a refocus whose /me finds the session ended navigates once to sign-in and refetches no page data  316ms
   ✓ F-DG2-530 a write in flight across an identity change (ar) > X3: A's PATCH answered after B's /me is not written into B's cache, not shown, and does not navigate B  987ms
   ✓ F-DG2-530 a write in flight across an identity change (ar) > X3b: the same after a session END here and B's sign-in: A's late answer never lands  922ms
   ✓ F-DG2-530 a write in flight across an identity change (ar) > an archive in flight across an identity change: A's archived record never lands in B's cache  764ms
   ✓ F-DG2-530 a write in flight across an identity change (ar) > an organization save in flight across an identity change: A's change is never stored under B  682ms
   ✓ F-DG2-530 a write in flight across an identity change (ar) > a user save in flight across an identity change: A's change is never stored under B  604ms
   ✓ F-DG2-530 a write in flight across an identity change (ar) > a same-person new session: the in-flight save is dropped silently, the draft is kept and usable  600ms
   ✓ F-DG2-530 a write in flight across an identity change (ar) > a language save retried after a 409 is never written for the identity that replaced A  365ms
   ✓ F-DG2-530 a write in flight across an identity change (ar) > sanity: a write in flight that finishes under the SAME identity still updates the cache and navigates  323ms
   ✓ F-DG2-530 X6: refocus and reconnect revalidate GET /me first (ar) > after B signs in elsewhere, a refocus within /me's staleTime shows B's header with B's data, never A's  512ms
   ✓ F-DG2-530 X6: refocus and reconnect revalidate GET /me first (ar) > the same identity: a refocus refetches /me once, then the stale page queries; nothing when all is fresh  403ms
 ✓ |unit-web| src/pages/kpi/kpi.test.tsx (27 tests) 10149ms
   ✓ KPI screens (en) > RAG panel: the seven elements, the threshold version named, and the override beside the calculated RAG  868ms
   ✓ KPI screens (en) > no actual for the current period: Unknown, grey and labelled, with its reason; never 0 and never green  426ms
   ✓ KPI screens (en) > four-step update: submits once, then lists downstream views, 'review pending' and 'Finance review pending'  1362ms
   ✓ KPI screens (en) > a second entry for the same KPI and period is value version 2 of the same slot (If-Match)  709ms
   ✓ KPI screens (en) > a 409 on submit is the form's one alert: nothing was saved, the latest data is loaded  1074ms
   ✓ KPI screens (en) > an actual: a submitted value says it is not used until accepted; a draft is labelled not submitted  314ms
   ✓ KPI screens (en) > read-only viewer (auditor): no write action on the KPI page, labels say business approval  387ms
   ✓ KPI screens (en) > data quality: an open finding is resolved with a note and If-Match  791ms
   ✓ KPI screens (ar) > four-step update: submits once, then lists downstream views, 'review pending' and 'Finance review pending'  604ms
   ✓ KPI screens (ar) > a 409 on submit is the form's one alert: nothing was saved, the latest data is loaded  306ms
   ✓ KPI screens (ar) > read-only viewer (auditor): no write action on the KPI page, labels say business approval  498ms
   ✓ KPI screens (ar) > data quality: an open finding is resolved with a note and If-Match  601ms
 ✓ |unit-web| src/pages/roadmap/roadmap.test.tsx (14 tests) 8770ms
   ✓ roadmap (en) > shows the four source waves verbatim (English source also shown in Arabic) with overlapping horizons  1031ms
   ✓ roadmap (en) > moving a milestone PATCHes the forecast with If-Match and the timeline, table and board all show the new date from one refetch  1010ms
   ✓ roadmap (en) > a 409 on moving a milestone shows the conflict notice and reloads the roadmap  721ms
   ✓ roadmap (en) > re-approving a date requires a reason; then it is POSTed with If-Match  944ms
   ✓ roadmap (en) > deliverable acceptance sends the AcceptanceDecision with If-Match (no 'on behalf of' control)  878ms
   ✓ roadmap (en) > an Unknown schedule flag is shown as Unknown; missing dates are Unknown, never blank  314ms
   ✓ roadmap (en) > the read-only auditor sees no write control  514ms
   ✓ roadmap (ar) > shows the four source waves verbatim (English source also shown in Arabic) with overlapping horizons  460ms
   ✓ roadmap (ar) > moving a milestone PATCHes the forecast with If-Match and the timeline, table and board all show the new date from one refetch  580ms
   ✓ roadmap (ar) > a 409 on moving a milestone shows the conflict notice and reloads the roadmap  576ms
   ✓ roadmap (ar) > re-approving a date requires a reason; then it is POSTed with If-Match  726ms
   ✓ roadmap (ar) > deliverable acceptance sends the AcceptanceDecision with If-Match (no 'on behalf of' control)  525ms
   ✓ roadmap (ar) > the read-only auditor sees no write control  312ms
 ✓ |unit-web| src/pages/team/team.test.tsx (10 tests) 9655ms
   ✓ Team (English LTR) > shows the six governance roles with B0018 accountability text verbatim and who holds each  1027ms
   ✓ Team (English LTR) > lists team members with the accountability on each assignment, sortable and filterable  1112ms
   ✓ Team (English LTR) > a Transformation Lead assigns a Workstream Lead: Idempotency-Key, reason, accountability preview  995ms
   ✓ Team (English LTR) > shows a 403 from the server in words; nothing is assigned  776ms
   ✓ Team: read-only auditor (AUD) > sees the roles, accountabilities and members, a read-only note, and no assign control  491ms
   ✓ Team (Arabic RTL) > shows Arabic role names and the provisional Arabic accountability text  573ms
   ✓ Team assign dialog: accountability preview follows the selected role (F-DG2-430) > en: WL on open, then KDS, TD, none and WL again, in StrictMode with no React warning  1705ms
   ✓ Team assign dialog: accountability preview follows the selected role (F-DG2-430) > ar: WL on open, then KDS, TD, none and WL again, in StrictMode with no React warning  831ms
   ✓ Team: the success notice follows a language switch, 'en' → 'ar' > the notice is shown in the language now on screen, not the one it was created in  951ms
   ✓ Team: the success notice follows a language switch, 'ar' → 'en' > the notice is shown in the language now on screen, not the one it was created in  1188ms
 ✓ |unit-web| src/pages/transformations/transformations.test.tsx (21 tests) 9826ms
   ✓ after create (F-DG1-004) > shows the created record when the server lets the creator read it  1021ms
   ✓ after create (F-DG1-004) > explains, in English, that the draft was created but cannot be opened (server 404), instead of 'Not found'  617ms
   ✓ after create (F-DG1-004) > explains the same in Arabic (RTL), using the glossary term for Transformation  445ms
   ✓ truly out-of-scope records keep the correct localized message > 404 without a just-created record: 'Not found' (en) / 'غير موجود' (ar), nothing disclosed  316ms
   ✓ derived creator assignment on the audit trail (F-DG1-008) > Arabic (RTL): the same event with Arabic labels and the glossary role name  359ms
   ✓ derived creator assignment on the audit trail (F-DG1-008) > an action the catalogue does not know stays readable and is explicitly marked (en and ar)  1361ms
   ✓ effective permissions refresh after create (F-DG1-210) > English: Edit, Archive and the audit trail appear after create, without a reload  1638ms
   ✓ effective permissions refresh after create (F-DG1-210) > Arabic (RTL): the same controls and the audit trail appear after create, without a reload  1409ms
   ✓ effective permissions refresh after create (F-DG1-210) > does not over-grant: if the refreshed server answer adds nothing, Archive and the audit trail stay hidden  661ms
   ✓ effective permissions refresh after create (F-DG1-210) > a failed /me refresh never blocks the navigation; the UI stays fail-safe (no controls offered)  837ms
 ✓ |unit-web| src/auth/session-end.test.tsx (12 tests) 11414ms
   ✓ session end while the app is open (en) > a 401 on navigation lands once on sign-in with the message; signing in again returns to the page  2182ms
   ✓ session end while the app is open (en) > a 401 on a dialog mutation (the commit-time upload refusal) closes the dialog and lands once on sign-in  1174ms
   ✓ session end while the app is open (en) > a sign-out elsewhere noticed by the next /me probe lands once on sign-in, never on the stale shell  728ms
   ✓ session end while the app is open (en) > a 403 (forbidden) is never treated as a session end  1112ms
   ✓ session end while the app is open (ar) > a 401 on navigation lands once on sign-in with the message; signing in again returns to the page  1278ms
   ✓ session end while the app is open (ar) > a 401 on a dialog mutation (the commit-time upload refusal) closes the dialog and lands once on sign-in  912ms
   ✓ session end while the app is open (ar) > a sign-out elsewhere noticed by the next /me probe lands once on sign-in, never on the stale shell  707ms
   ✓ session end while the app is open (ar) > a 403 (forbidden) is never treated as a session end  1001ms
   ✓ session end under <StrictMode> (as in production) > still lands exactly once on sign-in  912ms
   ✓ sign-in page and the cached identity > decides 'already signed in' only from a fresh /me, never from a stale cache  523ms
   ✓ sign-in page and the cached identity > signing out here shows 'signed out', not 'session ended', and no /me loop  821ms
 ✓ |unit-web| src/pages/business-cases/business-cases.test.tsx (18 tests) 13073ms
   ✓ business cases (en) > register: levels, Finance baseline states with text (Stale is never green) and drafts  1054ms
   ✓ business cases (en) > detail: all ten sections, totals with gross / cost / net apart, net Unknown (never 0), roll-up by reference  507ms
   ✓ business cases (en) > totals: a partial total says how many Unknown lines it leaves out  397ms
   ✓ business cases (en) > sections: saves only the changed section with If-Match; blank text is refused inline and nothing is sent  1289ms
   ✓ business cases (en) > sections: a 409 shows the standard conflict panel (nothing saved) with the current values  441ms
   ✓ business cases (en) > lines: exactly one class from one select; the value basis follows the class; a 422 is translated  758ms
   ✓ business cases (en) > Finance validation: a business approval for FIN who did not author the case; If-Match; translated 403  904ms
   ✓ business cases (en) > Finance validation: the case author sees no validate action, only the separation-of-duties note  622ms
   ✓ business cases (en) > read-only auditor: the ten sections as text, no enabled write control, the read-only note  434ms
   ✓ business cases (ar) > register: levels, Finance baseline states with text (Stale is never green) and drafts  502ms
   ✓ business cases (ar) > detail: all ten sections, totals with gross / cost / net apart, net Unknown (never 0), roll-up by reference  905ms
   ✓ business cases (ar) > totals: a partial total says how many Unknown lines it leaves out  466ms
   ✓ business cases (ar) > sections: saves only the changed section with If-Match; blank text is refused inline and nothing is sent  1704ms
   ✓ business cases (ar) > sections: a 409 shows the standard conflict panel (nothing saved) with the current values  459ms
   ✓ business cases (ar) > lines: exactly one class from one select; the value basis follows the class; a 422 is translated  1184ms
   ✓ business cases (ar) > Finance validation: a business approval for FIN who did not author the case; If-Match; translated 403  880ms
   ✓ business cases (ar) > Finance validation: the case author sees no validate action, only the separation-of-duties note  312ms
 ✓ |unit-web| src/pages/gates/g1-agreements.test.tsx (10 tests) 10361ms
   ✓ G1 agreements step (en) > approving G1 needs the three labelled confirmations; then sends agreements with all three true  1829ms
   ✓ G1 agreements step (en) > a non-approve outcome on G1 sends no agreements (even after ticking them)  1176ms
   ✓ G1 agreements step (en) > approving another gate (G2) shows no confirmations and sends no agreements  603ms
   ✓ G1 agreements step (en) > the server's 422 gate.g1_agreements_required is the one form-level alert, with the missing confirmations  739ms
   ✓ G1 agreements step (en) > the server's 422 gate.agreements_not_applicable is translated as the one form-level alert  977ms
   ✓ G1 agreements step (ar) > approving G1 needs the three labelled confirmations; then sends agreements with all three true  1200ms
   ✓ G1 agreements step (ar) > a non-approve outcome on G1 sends no agreements (even after ticking them)  1193ms
   ✓ G1 agreements step (ar) > approving another gate (G2) shows no confirmations and sends no agreements  999ms
   ✓ G1 agreements step (ar) > the server's 422 gate.g1_agreements_required is the one form-level alert, with the missing confirmations  774ms
   ✓ G1 agreements step (ar) > the server's 422 gate.agreements_not_applicable is translated as the one form-level alert  868ms
 ✓ |unit-web| src/pages/benefit-formulas/benefit-formulas.test.tsx (18 tests) 12694ms
   ✓ T09 benefit formulas (en) > register: the six T09 columns with confidence H/M/L; examples marked illustrative with 100000 and 500000 SAR per year  2533ms
   ✓ T09 benefit formulas (en) > builder: an undefined variable shows translated, with its position, before saving; nothing is sent  682ms
   ✓ T09 benefit formulas (en) > builder: monthly ARPU × annual customers is a period mismatch, translated, before saving  324ms
   ✓ T09 benefit formulas (en) > builder: a fraction is entered as percent and stored as a fraction; a version is saved with If-Match  1378ms
   ✓ T09 benefit formulas (en) > builder: a fraction difference shows percentage points (translated suffix), never %  300ms
   ✓ T09 benefit formulas (en) > builder: a 409 shows the standard conflict panel; nothing was saved  822ms
   ✓ T09 benefit formulas (en) > Finance validation of a version: a business approval by FIN; the author cannot; translated refusal  720ms
   ✓ T09 benefit formulas (ar) > register: the six T09 columns with confidence H/M/L; examples marked illustrative with 100000 and 500000 SAR per year  536ms
   ✓ T09 benefit formulas (ar) > builder: an undefined variable shows translated, with its position, before saving; nothing is sent  1556ms
   ✓ T09 benefit formulas (ar) > builder: a fraction is entered as percent and stored as a fraction; a version is saved with If-Match  1153ms
   ✓ T09 benefit formulas (ar) > builder: a fraction difference shows percentage points (translated suffix), never %  354ms
   ✓ T09 benefit formulas (ar) > builder: a 409 shows the standard conflict panel; nothing was saved  420ms
   ✓ T09 benefit formulas (ar) > Finance validation of a version: a business approval by FIN; the author cannot; translated refusal  710ms
   ✓ T09 benefit formulas (ar) > Finance validation: the version's author sees the separation-of-duties note and no action  453ms
 ✓ |unit-web| src/pages/portfolio/fe-e.test.tsx (18 tests) 13717ms
   ✓ Funding decisions (en) > is a labelled business approval with no 'on behalf of' control; rationale required; POST with an Idempotency-Key  1566ms
   ✓ Funding decisions (en) > the BE-E 422s are the dialog's one translated alert; funding.amount_invalid is also inline at /amount  985ms
   ✓ Funding decisions (en) > the history shows a missing amount as Unknown (never 0); a re-selected initiative explains the deselect rule  456ms
   ✓ Funding decisions (en) > an exact decimal amount is shown with its currency; the auditor sees no record control  754ms
   ✓ Funding decisions (ar) > is a labelled business approval with no 'on behalf of' control; rationale required; POST with an Idempotency-Key  1680ms
   ✓ Funding decisions (ar) > the BE-E 422s are the dialog's one translated alert; funding.amount_invalid is also inline at /amount  1255ms
   ✓ Deliverables and milestones on the card (en) > creates (Idempotency-Key), edits (If-Match) and archives (reason, If-Match) a deliverable  1440ms
   ✓ Deliverables and milestones on the card (en) > creates a milestone with its wave and forecast, and edits it with If-Match  813ms
   ✓ Deliverables and milestones on the card (en) > 422 initiative.read_only (a closure raced the edit) is translated as the dialog's one alert  472ms
   ✓ Deliverables and milestones on the card (en) > the card edit form translates initiative.planned_range specifically (RecordDialog namespaces)  446ms
   ✓ Deliverables and milestones on the card (ar) > creates (Idempotency-Key), edits (If-Match) and archives (reason, If-Match) a deliverable  1138ms
   ✓ Deliverables and milestones on the card (ar) > creates a milestone with its wave and forecast, and edits it with If-Match  562ms
   ✓ Deliverables and milestones on the card (ar) > 422 initiative.read_only (a closure raced the edit) is translated as the dialog's one alert  421ms
   ✓ Deliverables and milestones on the card (ar) > the card edit form translates initiative.planned_range specifically (RecordDialog namespaces)  673ms
 ✓ |unit-web| src/auth/session-identity.test.tsx (18 tests) 9882ms
   ✓ F-DG2-500 a session end on the sign-in page (en) > W5: Back to /login after A's session ends, B signs in with the development form: B never sees A's records  1412ms
   ✓ F-DG2-500 a session end on the sign-in page (en) > W5b (OIDC mode): B signs in in another tab and this tab's /me re-probe brings B: B never sees A's records  567ms
   ✓ F-DG2-500 an identity change with no session end in this tab (en) > a refocus /me that returns another identity removes every session query before B renders, and drops A's drafts  309ms
   ✓ F-DG2-500 an identity change with no session end in this tab (en) > a new session of the same person (signed in again elsewhere) refetches the queries but keeps their own draft  782ms
   ✓ F-DG2-500 an identity change with no session end in this tab (en) > the same identity re-probed (window refocus) keeps the cache and the page state  1038ms
   ✓ F-DG2-500 sign-out here and 403 (en) > signing out here clears everything; B signing in afterwards never sees A's records  1041ms
   ✓ F-DG2-500 a session end on the sign-in page (ar) > W5: Back to /login after A's session ends, B signs in with the development form: B never sees A's records  1240ms
   ✓ F-DG2-500 a session end on the sign-in page (ar) > W5b (OIDC mode): B signs in in another tab and this tab's /me re-probe brings B: B never sees A's records  836ms
   ✓ F-DG2-500 an identity change with no session end in this tab (ar) > a refocus /me that returns another identity removes every session query before B renders, and drops A's drafts  446ms
   ✓ F-DG2-500 an identity change with no session end in this tab (ar) > a new session of the same person (signed in again elsewhere) refetches the queries but keeps their own draft  334ms
   ✓ F-DG2-500 an identity change with no session end in this tab (ar) > the same identity re-probed (window refocus) keeps the cache and the page state  402ms
   ✓ F-DG2-500 sign-out here and 403 (ar) > signing out here clears everything; B signing in afterwards never sees A's records  963ms
 ✓ |unit-web| src/pages/gates/g4.test.tsx (16 tests) 9512ms
   ✓ G4 refusal item by item (en) > two initiatives without owners: two separate translated 'Owners' items, never the joined English message  1274ms
   ✓ G4 refusal item by item (en) > without a usable gate view: one translated line per refused criterion, never the English message  617ms
   ✓ G4 refusal item by item (ar) > two initiatives without owners: two separate translated 'Owners' items, never the joined English message  496ms
   ✓ G4 refusal item by item (ar) > without a usable gate view: one translated line per refused criterion, never the English message  369ms
   ✓ G4 view (en) > lists the eight G4 criteria with their missing items: 'Owners', 'Finance validation' and the initiative  332ms
   ✓ G4 view (en) > a refused submission shows the 422 list with the initiative names, translated  329ms
   ✓ G4 view (en) > the decision's 403 urn:mth:problem:forbidden is translated  1041ms
   ✓ G4 view (en) > the decision's 403 urn:mth:problem:forbidden is translated  1398ms
   ✓ G4 view (en) > the decision's 409 urn:mth:problem:version-conflict is translated  747ms
   ✓ G4 view (ar) > a refused submission shows the 422 list with the initiative names, translated  579ms
   ✓ G4 view (ar) > the decision's 403 urn:mth:problem:forbidden is translated  927ms
   ✓ G4 view (ar) > the decision's 403 urn:mth:problem:forbidden is translated  684ms
   ✓ G4 view (ar) > the decision's 409 urn:mth:problem:version-conflict is translated  449ms
 ✓ |unit-web| src/pages/raci/governance.test.tsx (15 tests) 7423ms
   ✓ Governance (en) > RACI: edits a row with the cell selects and saves it as one PATCH with If-Match  1157ms
   ✓ Governance (en) > RACI: an auditor sees the matrix read-only (no cell editor, no save)  909ms
   ✓ Governance (en) > role mapping: an unmapped governance role shows the visible routing error  533ms
   ✓ Governance (en) > decision rights: submits the matrix for business approval with If-Match  867ms
   ✓ Governance (en) > decision rights: a field with an unknown party code is refused before sending  766ms
   ✓ Governance (ar) > RACI: edits a row with the cell selects and saves it as one PATCH with If-Match  525ms
   ✓ Governance (ar) > decision rights: seeded rows; the due-date preview shows Unknown with its reason  364ms
   ✓ Governance (ar) > decision rights: submits the matrix for business approval with If-Match  595ms
   ✓ Governance (ar) > decision rights: a field with an unknown party code is refused before sending  684ms
 ✓ |unit-web| src/pages/roadmap/fe-e.test.tsx (8 tests) 7552ms
   ✓ wave editing (en) > edits planned dates (overlap accepted) with If-Match; the source text is read-only and never sent  1613ms
   ✓ wave editing (en) > 422 roadmap_wave.planned_range is inline at the planned end and translated  429ms
   ✓ wave editing (en) > adds a non-source wave with its bilingual texts (POST, Idempotency-Key)  1654ms
   ✓ wave editing (ar) > edits planned dates (overlap accepted) with If-Match; the source text is read-only and never sent  570ms
   ✓ wave editing (ar) > 422 roadmap_wave.planned_range is inline at the planned end and translated  683ms
   ✓ wave editing (ar) > adds a non-source wave with its bilingual texts (POST, Idempotency-Key)  2084ms
   ✓ wave editing (ar) > the read-only auditor gets no wave control  306ms
 ✓ |unit-web| src/pages/dispensations/dispensations.test.tsx (12 tests) 9204ms
   ✓ Dispensations (en) > lists waivers and inherited approvals; unverified evidence is shown as unverified; recorder cannot decide  1359ms
   ✓ Dispensations (en) > a waiver needs a reason and an expiry: refused inline, nothing sent; then sent with its scope  1008ms
   ✓ Dispensations (en) > an inherited approval (Modular) needs the approving body, the date and evidence; 422s are translated  620ms
   ✓ Dispensations (en) > deciding is a labelled business approval; the delegated-decision 422 and the recorder 403 are translated  832ms
   ✓ Dispensations (en) > revoking an accepted dispensation needs a reason and is a business approval  523ms
   ✓ Dispensations (en) > the read-only auditor sees the register with no enabled write control  757ms
   ✓ Dispensations (ar) > lists waivers and inherited approvals; unverified evidence is shown as unverified; recorder cannot decide  539ms
   ✓ Dispensations (ar) > a waiver needs a reason and an expiry: refused inline, nothing sent; then sent with its scope  1318ms
   ✓ Dispensations (ar) > an inherited approval (Modular) needs the approving body, the date and evidence; 422s are translated  639ms
   ✓ Dispensations (ar) > deciding is a labelled business approval; the delegated-decision 422 and the recorder 403 are translated  481ms
   ✓ Dispensations (ar) > revoking an accepted dispensation needs a reason and is a business approval  311ms
   ✓ Dispensations (ar) > the read-only auditor sees the register with no enabled write control  816ms
 ✓ |unit-web| src/pages/dependencies/dependencies.test.tsx (12 tests) 8065ms
   ✓ dependencies (en) > shows the seven T08 columns, an External source, the type label and the needed-by conflict flag  1363ms
   ✓ dependencies (en) > a cycle is refused and shown as the translated message with the path INI-01 → INI-02 → INI-03 → INI-01  1272ms
   ✓ dependencies (en) > an External source is sent as {kind: external, label}  1347ms
   ✓ dependencies (en) > dependency types: system types are undeletable; an administrator may retire a custom type  601ms
   ✓ dependencies (en) > a system type's 422 dependency_type.system_undeletable is translated  397ms
   ✓ dependencies (ar) > a cycle is refused and shown as the translated message with the path INI-01 → INI-02 → INI-03 → INI-01  706ms
   ✓ dependencies (ar) > an External source is sent as {kind: external, label}  664ms
   ✓ dependencies (ar) > dependency types: system types are undeletable; an administrator may retire a custom type  507ms
   ✓ dependencies (ar) > a system type's 422 dependency_type.system_undeletable is translated  637ms
 ✓ |unit-web| src/components/LanguageSwitch.test.tsx (10 tests) 4081ms
   ✓ a refused language save, 'en' → other ('403 csrf') > keeps ar on screen and says, in ar, that it was not saved  1041ms
   ✓ a refused language save, 'ar' → other ('403 csrf') > keeps en on screen and says, in en, that it was not saved  652ms
   ✓ a refused language save, 'en' → other ('403 forbidden') > keeps ar on screen and says, in ar, that it was not saved  736ms
   ✓ a refused language save, 'ar' → other ('503') > keeps en on screen and says, in en, that it was not saved  467ms
   ✓ the live region and the persisted preference > if the persisted preference changes later and is re-applied, the notice says so in that language  367ms
 ✓ |unit-web| src/pages/my-work/my-work.test.tsx (21 tests) 6934ms
   ✓ My Work (en) > renders tasks and reminders from messageKey + messageParams; Unknown due dates; system-managed tasks  761ms
   ✓ My Work (en) > marks a task done and a reminder read with bodiless POSTs and If-Match  604ms
   ✓ My Work (ar) > marks a task done and a reminder read with bodiless POSTs and If-Match  459ms
   ✓ Calendar, jobs and groups (en) > calendar: a technical administrator adds a holiday; a range error is caught before sending  423ms
   ✓ Calendar, jobs and groups (en) > jobs: no permission without job.read; job.configure edits a schedule with If-Match  868ms
   ✓ Calendar, jobs and groups (en) > groups: membership grants no permission (stated); group.manage creates a group  774ms
   ✓ Calendar, jobs and groups (ar) > jobs: no permission without job.read; job.configure edits a schedule with If-Match  1048ms
   ✓ Calendar, jobs and groups (ar) > groups: membership grants no permission (stated); group.manage creates a group  649ms
 ✓ |unit-web| src/pages/capacity/fe-e.test.tsx (13 tests) 9213ms
   ✓ capacity editing (en) > creates a role; a taken code (409) is the form's translated alert; then the role is created  1004ms
   ✓ capacity editing (en) > edits a role's labels and archives it, each with If-Match  734ms
   ✓ capacity editing (en) > creates a capacity row with a decimal FTE string; a duplicate (409) is translated  885ms
   ✓ capacity editing (en) > creates a demand; after the save the plan is re-read and the conflict with its shortfall appears; Unknown stays Unknown  1108ms
   ✓ capacity editing (en) > edits a planned demand with If-Match; 422 resource_demand.not_planned is translated  1037ms
   ✓ capacity editing (ar) > creates a role; a taken code (409) is the form's translated alert; then the role is created  374ms
   ✓ capacity editing (ar) > edits a role's labels and archives it, each with If-Match  586ms
   ✓ capacity editing (ar) > creates a capacity row with a decimal FTE string; a duplicate (409) is translated  1369ms
   ✓ capacity editing (ar) > creates a demand; after the save the plan is re-read and the conflict with its shortfall appears; Unknown stays Unknown  887ms
   ✓ capacity editing (ar) > edits a planned demand with If-Match; 422 resource_demand.not_planned is translated  716ms
 ✓ |unit-web| src/app/app.test.tsx (17 tests) 6554ms
   ✓ bilingual shell > switches to English LTR and persists the preference with If-Match  625ms
   ✓ bilingual shell > shows all fourteen areas to an administrator  886ms
   ✓ bilingual shell > hides Administration from a Workstream Lead, and the admin route shows no-permission  587ms
   ✓ bilingual shell > a partial area (Governance) leads into the Gates tab of each transformation; its portfolio view stays planned  1446ms
   ✓ transformations > lists transformations with a sortable code column and removable filter chips  839ms
   ✓ transformations > detail shows the workspace header with Unknown for data from later stages  634ms
   ✓ transformations > detail shows the no-permission state for a 404  355ms
   ✓ transformations > edit: a 409 writes nothing, shows compare, and re-applies on the current version  344ms
 ✓ |unit-web| src/pages/gates/inherited-approval.test.tsx (16 tests) 5353ms
   ✓ inherited-approval annotation (en) > Gates list: G1 pending_verification (counts false) is a badge next to 'Not submitted'  1325ms
   ✓ inherited-approval annotation (en) > Gates list: G1 accepted (counts false) is a badge next to 'Not submitted'  376ms
   ✓ inherited-approval annotation (en) > Gates list: G1 rejected (counts false) is a badge next to 'Not submitted'  453ms
   ✓ inherited-approval annotation (en) > Gates list: no inherited approval, no badge  316ms
   ✓ inherited-approval annotation (en) > gate view: an accepted inherited approval is a labelled row beside the 'Not submitted' status  660ms
   ✓ inherited-approval annotation (ar) > Gates list: no inherited approval, no badge  454ms
   ✓ inherited-approval annotation (ar) > gate view: an accepted inherited approval is a labelled row beside the 'Not submitted' status  483ms
 ✓ |unit-web| src/pages/approvals/approvals.test.tsx (16 tests) 8133ms
   ✓ Approvals (en) > offers exactly four outcomes; defer needs a date; the decision sends subjectVersion with If-Match  1367ms
   ✓ Approvals (en) > a blank rationale is refused before sending  595ms
   ✓ Approvals (en) > a stale 409 says the record changed, records nothing and links to the history  815ms
   ✓ Approvals (en) > the requester is not offered the decision; the history shows 'B on behalf of A'  366ms
   ✓ Approvals (en) > offers 'on behalf of' only for an active delegation to me  468ms
   ✓ Approvals (ar) > a stale 409 says the record changed, records nothing and links to the history  367ms
   ✓ Approvals (ar) > the requester is not offered the decision; the history shows 'B on behalf of A'  554ms
   ✓ Approvals (ar) > offers 'on behalf of' only for an active delegation to me  682ms
   ✓ Delegations (en) > records a delegation with Asia/Riyadh wall-clock times sent as UTC; a loop 422 is translated  377ms
   ✓ Delegations (en) > revokes with a reason and If-Match; a read-only user sees no action  805ms
   ✓ Delegations (ar) > revokes with a reason and If-Match; a read-only user sees no action  656ms
 ✓ |unit-web| src/app/p3-seams.test.tsx (10 tests) 3996ms
   ✓ P3 routes > workspace tabs (en) > the workspace tabs include the P3 tabs, labelled from their own namespaces  1169ms
   ✓ P3 routes > workspace tabs (ar) > the workspace tabs include the P3 tabs, labelled from their own namespaces  474ms
   ✓ P3 navigation areas > en /initiatives-roadmaps leads into the Initiatives and Roadmaps tab of each transformation  731ms
   ✓ P3 navigation areas > ar /initiatives-roadmaps leads into the المبادرات وخرائط الطريق tab of each transformation  601ms
   ✓ P3 navigation areas > en /benefits-finance leads into the Benefits and Finance tab of each transformation  472ms
   ✓ P3 navigation areas > ar /benefits-finance leads into the المنافع والمالية tab of each transformation  508ms
 ✓ |unit-web| src/pages/transformations/modeGuidance.test.tsx (5 tests) 3147ms
   ✓ New transformation: mode guidance (English LTR) > shows When to use and How for the selected mode and switches with the mode  1409ms
   ✓ New transformation: mode guidance (English LTR) > Modular requires an entry phase before anything is sent  942ms
   ✓ New transformation: mode guidance (English LTR) > a server validation error on the entry phase is shown on that field  492ms
 ✓ |unit-web| src/components/RecordForm.alerts.test.tsx (16 tests) 4506ms
   ✓ record form: one alert per distinct form error (en) > dialog > a 400 whose only field error has pointer "" says its message once, in one live region  1889ms
   ✓ record form: one alert per distinct form error (ar) > dialog > a 400 whose only field error has pointer "" says its message once, in one live region  374ms
   ✓ record form: one alert per distinct form error (ar) > dialog > the same pointer-"" code twice is still said once  402ms
 ✓ |unit-web| src/pages/capacity/capacity.test.tsx (6 tests) 3297ms
   ✓ capacity (en) > the role × month grid shows decimal FTE, the conflict with its shortfall, and Unknown capacity as Unknown (never 0)  961ms
   ✓ capacity (en) > committing a demand POSTs with If-Match; a 409 shows the conflict notice and reloads  1117ms
   ✓ capacity (en) > the read-only auditor sees the grid and no commit or release control  317ms
   ✓ capacity (ar) > the read-only auditor sees the grid and no commit or release control  370ms
 ✓ |unit-web| src/pages/readiness/readiness.test.tsx (4 tests) 1819ms
   ✓ Readiness (en) > lists the missing diagnostic areas by name, the gates and the translated sequencing blockers  707ms
   ✓ Readiness (en) > an accepted, verified inherited approval counts, and the gate itself still is not approved  434ms
   ✓ Readiness (ar) > lists the missing diagnostic areas by name, the gates and the translated sequencing blockers  358ms
 ✓ |unit-web| src/components/States.test.tsx (15 tests) 1237ms
   ✓ explicit states in en > loading is a polite live region with a text label  342ms
 ✓ |unit-web| src/test/react-warning-guard.test.tsx (4 tests) 59ms
 ✓ |unit-web| src/lib/auditChanges.test.ts (125 tests) 162ms
 ✓ |unit-web| src/i18n/i18n.test.ts (11 tests) 102ms
 ✓ |unit-web| src/styles/styles.test.ts (6 tests) 9ms
 ✓ |unit-web| src/i18n/glossary.test.ts (8 tests) 24ms
 ✓ |unit-web| src/test/harness-config.test.ts (2 tests) 3ms
 ✓ |unit-web| src/lib/lib.test.ts (24 tests) 259ms
 ✓ |unit-web| src/pages/business-cases/problem-codes.test.ts (4 tests) 19ms
 ✓ |unit-node| apps/api/src/modules/workflows/workflows.test.ts (14 tests) 4374ms
   ✓ workflows module (P2) > its declared boundary holds, and an undeclared dependency would be caught  4279ms
 ✓ |unit-node| packages/shared/src/formula/fuzz.test.ts (111 tests) 21658ms
   ✓ fuzz: no uncaught exception, no code execution > 10 000 random byte strings (0–255, up to 80 bytes)  4156ms
   ✓ fuzz: no uncaught exception, no code execution > 10 000 random UTF-16 strings including astral code points and lone surrogates  3701ms
   ✓ fuzz: no uncaught exception, no code execution > 20 000 random strings over the grammar alphabet reach parser, type checker and evaluator  9840ms
   ✓ source scan: no dynamic code in packages/shared/src/formula (ADR-0024 §6) > every file of the engine's import closure gets the engine-source lint rules (eslint.config.js)  3008ms
   ✓ source scan: no dynamic code in packages/shared/src/formula (ADR-0024 §6) > ESLint refuses the round-5 handler forms (G1, G2, A1, A2), F1 and every lintable probe-table row in an engine source  777ms
 ✓ |unit-node| apps/api/src/architecture.test.ts (137 tests) 25975ms
   ✓ API module boundaries (ADR-0002) > every import respects dependsOn, public surfaces and allowed packages  17130ms
   ✓ package dependency direction (ADR-0002 rule 5) > packages/shared imports no workspace package  2141ms
   ✓ package dependency direction (ADR-0002 rule 5) > apps/web never imports @mth/db or @mth/config (browser bundle, no secrets)  4715ms
   ✓ package dependency direction (ADR-0002 rule 5) > apps/worker imports no API code  736ms
 ✓ |unit-node| apps/api/src/modules/kpi/kpi.test.ts (39 tests) 3774ms
   ✓ kpi module (P2) > its declared boundary holds, and a planted bypass or undeclared dependency would be caught  3480ms
 ✓ |unit-node| packages/shared/src/kpi/property.test.ts (11 tests) 2390ms
   ✓ trajectory > linear expected values lie between the neighbouring points; step values are point values  572ms
 ✓ |unit-node| apps/api/src/modules/reporting/reporting.test.ts (4 tests) 2041ms
   ✓ reporting module (P1 scaffold, D-048) > its declared boundary holds, and a planted bypass or undeclared dependency would be caught  1870ms
 ✓ |unit-node| apps/api/src/modules/evidence/evidence.test.ts (13 tests) 1140ms
   ✓ evidence module (P2) > its declared boundary holds  855ms
 ✓ |unit-node| apps/api/src/server.test.ts (6 tests) 2948ms
   ✓ route registration > declares access on every /api route and on the health endpoints  1608ms
   ✓ route registration > registers dev login only in AUTH_MODE=dev; production configuration refuses dev mode entirely  691ms
   ✓ module composition (D-048, P2) > wires the P2 business modules (each registering routes) and keeps reporting a route-free scaffold until P5  416ms
 ✓ |unit-node| packages/shared/src/scoring.test.ts (36 tests) 985ms
   ✓ property: all 5^5 integer score combinations under v1 equal an independent BigInt rational computation > stored value, 2-digit display and 0–100 view all match for 3125 combinations  873ms
 ✓ |unit-node| packages/shared/src/adoption/measures.test.ts (24 tests) 1311ms
   ✓ properties (seeded) > never 0 for an empty denominator: Unknown with value null exactly when the denominator is 0  790ms
   ✓ properties (seeded) > completion never changes proficiency: any training records leave the proficiency measure identical  354ms
 ✓ |unit-node| packages/shared/src/schemas/schemas.test.ts (69 tests) 514ms
 ✓ |unit-node| packages/shared/src/value.test.ts (29 tests) 233ms
 ✓ |unit-node| apps/api/src/modules/reporting/dashboards/areas.test.ts (19 tests) 849ms
   ✓ combine (ADR-0037 §3 precedence) > property: Unknown or Stale inputs never combine to green, and the result is one of the inputs' ranks (2000 seeded sets)  586ms
 ✓ |unit-node| apps/api/src/modules/platform/in-flight.test.ts (4 tests) 321ms
 ✓ |unit-node| packages/config/src/load.test.ts (17 tests) 86ms
 ✓ |unit-node| apps/api/src/modules/methodology/methodology.test.ts (4 tests) 294ms
 ✓ |unit-node| packages/shared/src/formula/formula.test.ts (140 tests) 258ms
 ✓ |unit-node| packages/shared/src/kpi/change.test.ts (22 tests) 90ms
 ✓ |unit-node| apps/api/src/modules/platform/platform.test.ts (19 tests) 519ms
   ✓ invalid characters (U+0000): SQLSTATE mapping and the central request check (F-DG2-231) > a deeply nested body is scanned without recursion (no stack overflow)  458ms
 ✓ |unit-node| apps/api/src/modules/platform/incomplete-body.test.ts (10 tests) 136ms
 ✓ |unit-node| apps/api/src/modules/platform/connection-hygiene.test.ts (6 tests) 108ms
 ✓ |unit-node| apps/api/src/modules/sustainment/sustainment.test.ts (2 tests) 37ms
 ✓ |unit-node| apps/api/src/modules/platform/media-types.test.ts (57 tests) 269ms
 ✓ |unit-node| apps/api/src/modules/raid/raid.test.ts (7 tests) 132ms
(node:4096) [FSTDEP022] FastifyWarning: The router options for constraints property access is deprecated. Please use "options.routerOptions" instead for accessing router options. The router options will be removed in `fastify@6`.
(Use `node --trace-warnings ...` to show where the warning was created)
 ✓ |unit-node| apps/api/src/modules/platform/framework-errors.test.ts (6 tests) 210ms
 ✓ |unit-node| packages/design-tokens/src/tokens.test.ts (15 tests) 144ms
 ✓ |unit-node| apps/api/src/modules/kpi/formulas.test.ts (10 tests) 71ms
 ✓ |unit-node| packages/db/src/seed.test.ts (34 tests) 56ms
 ✓ |unit-node| packages/shared/src/schemas/roadmap.test.ts (6 tests) 36ms
 ✓ |unit-node| packages/shared/src/kpi/a05.test.ts (17 tests) 65ms
 ✓ |unit-node| apps/api/src/modules/benefits/benefits.test.ts (2 tests) 105ms
 ✓ |unit-node| apps/api/src/request-encoding.test.ts (11 tests) 151ms
 ✓ |unit-node| apps/api/src/modules/benefits/d2-rules.test.ts (15 tests) 90ms
 ✓ |unit-node| packages/shared/src/time/working-days.test.ts (19 tests) 123ms
 ✓ |unit-node| apps/api/src/modules/kpi/rules.test.ts (30 tests) 86ms
 ✓ |unit-node| apps/api/src/modules/benefits/totals.test.ts (14 tests) 85ms
 ✓ |unit-node| apps/api/src/modules/benefits/register-rules.test.ts (45 tests) 191ms
 ✓ |unit-node| apps/api/src/modules/adoption/adoption.test.ts (2 tests) 100ms
 ✓ |unit-node| apps/api/src/modules/platform/advisory-locks.test.ts (3 tests) 115ms
 ✓ |unit-node| apps/api/src/modules/platform/health.test.ts (2 tests) 36ms
 ✓ |unit-node| packages/shared/src/kpi/types.test.ts (40 tests) 50ms
 ✓ |unit-node| packages/shared/src/kpi/formula-binding.test.ts (26 tests) 20ms
 ✓ |unit-node| apps/api/src/modules/tasks/tasks.test.ts (5 tests) 90ms
 ✓ |unit-node| apps/api/src/modules/portfolio/schedule.test.ts (14 tests) 46ms
 ✓ |unit-node| apps/api/src/modules/kpi/p3-gate-facts.test.ts (9 tests) 41ms
 ✓ |unit-node| packages/shared/src/adoption/form-schema.test.ts (8 tests) 13ms
 ✓ |unit-node| packages/shared/src/kpi/rag.test.ts (38 tests) 62ms
 ✓ |unit-node| apps/api/src/modules/governance/governance.test.ts (2 tests) 307ms
 ✓ |unit-node| apps/api/src/modules/platform/db-errors.test.ts (7 tests) 19ms
 ✓ |unit-node| apps/api/src/modules/portfolio/capacity.test.ts (4 tests) 9ms
 ✓ |unit-node| apps/api/src/modules/admin/branding.test.ts (4 tests) 95ms
 ✓ |unit-node| packages/shared/src/kpi/purity.test.ts (14 tests) 22ms
 ✓ |unit-node| apps/api/src/modules/portfolio/budget.test.ts (13 tests) 46ms
 ✓ |unit-node| apps/api/src/modules/workflows/g4.test.ts (5 tests) 31ms
 ✓ |unit-node| packages/shared/src/schedule/critical-path.test.ts (13 tests) 36ms
 ✓ |unit-node| apps/api/src/modules/governance/raci.test.ts (2 tests) 8ms
 ✓ |unit-node| apps/api/src/modules/transformations/good-outcome.test.ts (7 tests) 31ms
 ✓ |unit-node| packages/shared/src/governance/recurrence.test.ts (19 tests) 39ms
 ✓ |unit-node| apps/api/src/modules/transformations/exclusions.test.ts (19 tests) 5ms
 ✓ |unit-node| packages/shared/src/schedule/working-day-slip.test.ts (11 tests) 34ms
 ✓ |unit-node| apps/api/src/modules/raid/corrective.test.ts (4 tests) 19ms
 ✓ |unit-node| apps/api/src/modules/kpi/totals.test.ts (20 tests) 44ms
 ✓ |unit-node| packages/shared/src/schemas/corrective.test.ts (10 tests) 22ms
 ✓ |unit-node| packages/shared/src/kpi/measures.test.ts (30 tests) 32ms
 ✓ |unit-node| apps/api/src/modules/kpi/kbe-c.test.ts (9 tests) 26ms
 ✓ |unit-node| apps/api/src/modules/platform/db-errors-p4-meetings.test.ts (4 tests) 30ms
 ✓ |unit-node| packages/shared/src/kpi/status.test.ts (25 tests) 40ms
 ✓ |unit-node| packages/shared/src/kpi/aggregate.test.ts (20 tests) 16ms
 ✓ |unit-node| apps/api/src/modules/portfolio/readiness-transform.test.ts (4 tests) 6ms
 ✓ |unit-node| packages/shared/src/kpi/periods.test.ts (26 tests) 12ms
 ✓ |unit-node| apps/api/src/modules/platform/request-encoding.test.ts (7 tests) 7ms
 ✓ |unit-node| apps/api/src/modules/access/rules.test.ts (12 tests) 26ms
 ✓ |unit-node| packages/shared/src/kpi/trajectory.test.ts (14 tests) 13ms
 ✓ |unit-node| apps/api/src/modules/platform/db-errors-p4.test.ts (5 tests) 33ms
 ✓ |unit-node| apps/api/src/modules/portfolio/sequencing.test.ts (9 tests) 12ms
 ✓ |unit-node| apps/api/src/modules/identity/oidc-claims.test.ts (5 tests) 17ms
 ✓ |unit-node| apps/api/src/modules/transformations/thesis.test.ts (4 tests) 15ms
 ✓ |unit-node| apps/api/src/modules/workflows/t08-cycle-problem.test.ts (2 tests) 7ms
 ✓ |unit-node| apps/api/src/modules/transformations/transitions.test.ts (2 tests) 5ms

 Test Files  121 passed (121)
      Tests  2313 passed (2313)
   Start at  21:51:02
   Duration  289.70s (transform 16.47s, setup 14.36s, collect 254.39s, tests 459.45s, environment 50.18s, prepare 20.34s)


 RUN  v3.2.4 /home/user/wt/dg4-kbe-r1

 ✓ |unit-formula-nocodegen| packages/shared/src/formula/codegen.nocodegen.test.ts (10 tests) 51ms
 ✓ |unit-formula-nocodegen| packages/shared/src/formula/formula.test.ts (140 tests) 149ms
 ✓ |unit-formula-nocodegen| packages/shared/src/formula/fuzz.test.ts (111 tests | 2 skipped) 5904ms
   ✓ fuzz: no uncaught exception, no code execution > 10 000 random byte strings (0–255, up to 80 bytes)  1715ms
   ✓ fuzz: no uncaught exception, no code execution > 10 000 random UTF-16 strings including astral code points and lone surrogates  1399ms
   ✓ fuzz: no uncaught exception, no code execution > 20 000 random strings over the grammar alphabet reach parser, type checker and evaluator  2753ms

 Test Files  3 passed (3)
      Tests  259 passed | 2 skipped (261)
   Start at  21:55:53
   Duration  7.63s (transform 663ms, setup 0ms, collect 2.23s, tests 6.10s, environment 7ms, prepare 570ms)

pnpm test (C.UTF-8) EXIT=0
