
> mobily-transformation-hub@0.1.0 test /home/user/My-owns
> vitest run --project unit-node --project unit-web && vitest run --project unit-formula-nocodegen


 RUN  v3.2.4 /home/user/My-owns

 ✓ |unit-web| src/auth/session-bound.test.tsx (34 tests) 19347ms
   ✓ F-DG2-530/580 no effect of A's action after a further await once the tab is B's (en) > Y1: a create whose post-create GET /me returns B: B is not navigated and never sees A's code or name  1287ms
   ✓ F-DG2-530/580 no effect of A's action after a further await once the tab is B's (en) > Y1c: the same create under one identity still lands on the created record  1089ms
   ✓ F-DG2-530/580 no effect of A's action after a further await once the tab is B's (en) > Y1c (not visible to the creator): the creator still gets 'created, but you cannot open it' with the 201's code  380ms
   ✓ F-DG2-530/580 no effect of A's action after a further await once the tab is B's (en) > router state left in history (Back/Forward) never shows A's created record to B  447ms
   ✓ F-DG2-530/580 no effect of A's action after a further await once the tab is B's (en) > an edit whose identity changes between its awaits: B is not navigated to A's record and keeps nothing of A's  828ms
   ✓ F-DG2-530/580 no effect of A's action after a further await once the tab is B's (en) > an organization create whose identity changes between its awaits: B is not navigated to A's new organization  721ms
   ✓ F-DG2-530/580 no effect of A's action after a further await once the tab is B's (en) > a user create whose identity changes between its awaits: B is not navigated to A's new user  1198ms
   ✓ F-DG2-530/580 no effect of A's action after a further await once the tab is B's (en) > sanity: the organization and user creates under one identity still navigate to the new record  1208ms
   ✓ F-DG2-570 the header and the data of ONE identity on in-app navigation (en) > N1: B signed in elsewhere, no focus event: opening A's record asks GET /me first; B's header above B's answer  423ms
   ✓ F-DG2-570 the header and the data of ONE identity on in-app navigation (en) > N2: opening the list: B's header with B's list and B's permissions, never A's header or A's empty-state  635ms
   ✓ F-DG2-570 the header and the data of ONE identity on in-app navigation (en) > N0 (the reviewer's Y5): B signed in a moment ago, no time passes, no focus event: the next page is B's under B's header  341ms
   ✓ F-DG2-570 the header and the data of ONE identity on in-app navigation (en) > bounded: one GET /me per navigation, shared by the page's burst; other GETs only after the window; same identity kept  546ms
   ✓ F-DG2-530/580 no effect of A's action after a further await once the tab is B's (ar) > Y1: a create whose post-create GET /me returns B: B is not navigated and never sees A's code or name  949ms
   ✓ F-DG2-530/580 no effect of A's action after a further await once the tab is B's (ar) > Y1c: the same create under one identity still lands on the created record  437ms
   ✓ F-DG2-530/580 no effect of A's action after a further await once the tab is B's (ar) > router state left in history (Back/Forward) never shows A's created record to B  316ms
   ✓ F-DG2-530/580 no effect of A's action after a further await once the tab is B's (ar) > an edit whose identity changes between its awaits: B is not navigated to A's record and keeps nothing of A's  683ms
   ✓ F-DG2-530/580 no effect of A's action after a further await once the tab is B's (ar) > an organization create whose identity changes between its awaits: B is not navigated to A's new organization  774ms
   ✓ F-DG2-530/580 no effect of A's action after a further await once the tab is B's (ar) > a user create whose identity changes between its awaits: B is not navigated to A's new user  646ms
   ✓ F-DG2-530/580 no effect of A's action after a further await once the tab is B's (ar) > sanity: the organization and user creates under one identity still navigate to the new record  603ms
   ✓ F-DG2-570 the header and the data of ONE identity on in-app navigation (ar) > N2: opening the list: B's header with B's list and B's permissions, never A's header or A's empty-state  380ms
   ✓ F-DG2-570 the header and the data of ONE identity on in-app navigation (ar) > bounded: one GET /me per navigation, shared by the page's burst; other GETs only after the window; same identity kept  303ms
   ✓ the convention: no raw navigate or cache write in app code (T-DG2-FE15) > the ESLint rule refuses a raw navigate, a raw cache write and a useNavigate import in a page  3723ms
 ✓ |unit-web| src/pages/p2-blank-forms.test.tsx (52 tests) 42543ms
   ✓ gate submission note (en) > a whitespace-only note is refused inline and nothing is sent  1671ms
   ✓ gate submission note (en) > visible text is sent verbatim; an empty note is omitted  800ms
   ✓ gate submission note (ar) > a whitespace-only note is refused inline and nothing is sent  341ms
   ✓ gate submission note (ar) > a invisible-only note is refused inline and nothing is sent  458ms
   ✓ gate submission note (ar) > visible text is sent verbatim; an empty note is omitted  975ms
   ✓ gate decision rationale and comments (en) > a whitespace-only rationale is refused inline and nothing is sent  969ms
   ✓ gate decision rationale and comments (en) > a invisible-only rationale is refused inline and nothing is sent  360ms
   ✓ gate decision rationale and comments (en) > a invisible (long enough for min 3)-only rationale is refused inline and nothing is sent  1236ms
   ✓ gate decision rationale and comments (en) > a whitespace-only comment is refused inline (focus on it) and nothing is sent  598ms
   ✓ gate decision rationale and comments (en) > a invisible-only comment is refused inline (focus on it) and nothing is sent  1012ms
   ✓ gate decision rationale and comments (en) > visible text is sent verbatim; empty comments are omitted; an empty rationale stays 'too short'  1037ms
   ✓ gate decision rationale and comments (en) > a server 400 validation.blank on /rationale lands on the field  413ms
   ✓ gate decision rationale and comments (ar) > a whitespace-only rationale is refused inline and nothing is sent  727ms
   ✓ gate decision rationale and comments (ar) > a invisible-only rationale is refused inline and nothing is sent  1171ms
   ✓ gate decision rationale and comments (ar) > a invisible (long enough for min 3)-only rationale is refused inline and nothing is sent  656ms
   ✓ gate decision rationale and comments (ar) > a whitespace-only comment is refused inline (focus on it) and nothing is sent  440ms
   ✓ gate decision rationale and comments (ar) > a invisible-only comment is refused inline (focus on it) and nothing is sent  464ms
   ✓ gate decision rationale and comments (ar) > visible text is sent verbatim; empty comments are omitted; an empty rationale stays 'too short'  1135ms
   ✓ gate decision rationale and comments (ar) > a server 400 validation.blank on /rationale lands on the field  655ms
   ✓ journey step editor (en) > a whitespace-only actor is refused inline (not turned into null) and nothing is sent  612ms
   ✓ journey step editor (en) > a invisible-only actor is refused inline (not turned into null) and nothing is sent  1428ms
   ✓ journey step editor (en) > several blank fields: each gets the message and focus goes to the first (name)  1248ms
   ✓ journey step editor (en) > visible text is sent verbatim; emptied optional text is null; an empty name is required  946ms
   ✓ journey step editor (ar) > a whitespace-only actor is refused inline (not turned into null) and nothing is sent  1127ms
   ✓ journey step editor (ar) > a invisible-only actor is refused inline (not turned into null) and nothing is sent  849ms
   ✓ journey step editor (ar) > several blank fields: each gets the message and focus goes to the first (name)  1535ms
   ✓ journey step editor (ar) > visible text is sent verbatim; emptied optional text is null; an empty name is required  993ms
   ✓ Finance validation note and archive reason (en) > note: a whitespace-only note is refused inline and nothing is sent  914ms
   ✓ Finance validation note and archive reason (en) > note: a invisible-only note is refused inline and nothing is sent  1091ms
   ✓ Finance validation note and archive reason (en) > note: empty is 'required'; visible text is sent verbatim  928ms
   ✓ Finance validation note and archive reason (en) > reason: a whitespace-only reason is refused inline and nothing is archived  1213ms
   ✓ Finance validation note and archive reason (en) > reason: a invisible-only reason is refused inline and nothing is archived  896ms
   ✓ Finance validation note and archive reason (en) > reason: a server 400 validation.blank on /reason is the field message, not a generic error  903ms
   ✓ Finance validation note and archive reason (en) > reason: a reason with U+0000 is refused inline with the localized message and nothing is archived  689ms
   ✓ Finance validation note and archive reason (en) > reason: a server 400 validation.invalid_character on /reason is the localized field message  1118ms
   ✓ Finance validation note and archive reason (en) > reason: empty keeps 'too short'; visible text is sent verbatim  813ms
   ✓ Finance validation note and archive reason (ar) > note: a whitespace-only note is refused inline and nothing is sent  920ms
   ✓ Finance validation note and archive reason (ar) > note: a invisible-only note is refused inline and nothing is sent  1186ms
   ✓ Finance validation note and archive reason (ar) > note: empty is 'required'; visible text is sent verbatim  1166ms
   ✓ Finance validation note and archive reason (ar) > reason: a whitespace-only reason is refused inline and nothing is archived  722ms
   ✓ Finance validation note and archive reason (ar) > reason: a invisible-only reason is refused inline and nothing is archived  581ms
   ✓ Finance validation note and archive reason (ar) > reason: a server 400 validation.blank on /reason is the field message, not a generic error  809ms
   ✓ Finance validation note and archive reason (ar) > reason: a reason with U+0000 is refused inline with the localized message and nothing is archived  557ms
   ✓ Finance validation note and archive reason (ar) > reason: a server 400 validation.invalid_character on /reason is the localized field message  685ms
   ✓ Finance validation note and archive reason (ar) > reason: empty keeps 'too short'; visible text is sent verbatim  471ms
   ✓ North Star statement (en) > a whitespace-only statement is refused inline and nothing is sent  567ms
   ✓ North Star statement (ar) > a whitespace-only statement is refused inline and nothing is sent  728ms
   ✓ North Star statement (ar) > a invisible-only statement is refused inline and nothing is sent  639ms
   ✓ P1 transformation edit: server validation.blank on /name (ar) > is the localized field message, not only a generic failure  304ms
 ✓ |unit-web| src/pages/p2.test.tsx (56 tests) 45772ms
   ✓ Diagnose > shows the six T01 dimensions with Unknown for missing values, and value pools that are never 0  1581ms
   ✓ Diagnose > shows the totals as Unknown when no pool is quantified  1024ms
   ✓ Diagnose > renders the six workstreams with their key questions  866ms
   ✓ Diagnose > edits a T01 row with only the changed fields and If-Match  1304ms
   ✓ Diagnose > a 409 on save writes nothing, compares, and re-applies on the current version  2818ms
   ✓ Diagnose > a 400 validation.blank shows a localized message on its field ('en')  2471ms
   ✓ Diagnose > a 400 validation.blank shows a localized message on its field ('ar')  1671ms
   ✓ Diagnose > an invisible-only value is blocked client-side with validation.blank ('en')  1258ms
   ✓ Diagnose > an invisible-only value is blocked client-side with validation.blank ('ar')  1387ms
   ✓ Diagnose > a whitespace-only T01 value is an inline blank error and sends nothing ('en')  1215ms
   ✓ Diagnose > a whitespace-only T01 value is an inline blank error and sends nothing ('ar')  1448ms
   ✓ Diagnose > T01: an emptied field is sent as an explicit null; visible text is sent verbatim  1885ms
   ✓ Diagnose > Arabic: RTL with Arabic labels and the unquantified label  463ms
   ✓ Define > shows the good outcome test per outcome with pass / fail / unknown and localized reasons  509ms
   ✓ Define > requires a target date on a T02 row before sending anything  391ms
   ✓ Define > sets the North Star with one sentence and no If-Match the first time  571ms
   ✓ Define: KPI activation (F-DG2-201) > offers Activate on a draft KPI, states the unmet precondition on 422, then activates with If-Match  1091ms
   ✓ Define: KPI activation (F-DG2-201) > Arabic: the Activate action and the 422 reason are in Arabic  1858ms
   ✓ Define: KPI activation (F-DG2-201) > an active KPI shows Active and offers no Activate  352ms
   ✓ Charter > shows the 14 fields, the thesis, the five scope checks with pre-checks and the top-outcomes warning  371ms
   ✓ Charter > scope pre-check: an empty Out of scope reads as failing (EN and AR)  1130ms
   ✓ Charter > thesis: an empty part is Incomplete and no sentence is composed (F-DG2-203)  514ms
   ✓ Charter > thesis: the four parts compose the B0037 sentence (EN and AR)  694ms
   ✓ Charter > North Star (field 5): the current statement; a superseded link is flagged Stale (F-DG2-204)  484ms
   ✓ Charter > North Star (field 5): a superseded statement is never shown as the current one  330ms
   ✓ Charter > compares a version with the previous one  659ms
   ✓ Charter > create: a whitespace Case for change is an inline blank error and creates nothing ('en')  760ms
   ✓ Charter > create: a whitespace Case for change is an inline blank error and creates nothing ('ar')  860ms
   ✓ Charter > edit: a whitespace Out of scope is an inline blank error, sends nothing and keeps the value (en)  696ms
   ✓ Charter > edit: a whitespace Out of scope is an inline blank error, sends nothing and keeps the value (ar)  546ms
   ✓ Charter > edit: emptying a filled field sends null; visible text is verbatim (en)  1062ms
   ✓ Charter > edit: emptying a filled field sends null; visible text is verbatim (ar)  1319ms
   ✓ Charter > edit: a change summary alone is not a change (never a content-free version)  1180ms
   ✓ Design > shows the ten canvas boxes and the per-dimension view  1126ms
   ✓ Design > converts an unresolved workshop item into a design decision with If-Match  1322ms
   ✓ Gates (business approval) > lists G1-G6 as business approvals with live readiness, and never mentions the engineering gates  668ms
   ✓ Gates (business approval) > lists outcomes failing the good outcome test at G2  455ms
   ✓ Gates (business approval) > the approver's decision: rationale required; 403 and 409 problems in words  625ms
   ✓ Gates (business approval) > gate list titles: the verbatim B0023 name once, never the code twice (EN and AR)  300ms
   ✓ Gates (business approval) > gate detail heading: the verbatim B0023 name once (EN and AR)  913ms
   ✓ Evidence > uploads a revision as octet-stream with a percent-encoded file name and If-Match  1762ms
   ✓ Evidence > never offers review to the creator; a filename reference can only be rejected  811ms
 ✓ |unit-web| src/pages/render-time-language.test.tsx (28 tests) 24798ms
   ✓ sign-in (dev form), 'en' → 'ar' > an invalid user name: the inline message follows the switch  1242ms
   ✓ sign-in (dev form), 'ar' → 'en' > an invalid user name: the inline message follows the switch  398ms
   ✓ sign-in (dev form), 'ar' → 'en' > a refused sign-in: the server's problem follows the switch  360ms
   ✓ journey step editor, 'en' → 'ar' > a field error on a step follows the switch  2846ms
   ✓ journey step editor, 'en' → 'ar' > the form-level "Step N:" error follows the switch (prefix and message)  1733ms
   ✓ journey step editor, 'ar' → 'en' > a field error on a step follows the switch  1328ms
   ✓ journey step editor, 'ar' → 'en' > the form-level "Step N:" error follows the switch (prefix and message)  1574ms
   ✓ row-action note and reason dialog, 'en' → 'ar' > the Finance validation note's 'required' follows the switch  1473ms
   ✓ row-action note and reason dialog, 'en' → 'ar' > the Finance validation choice's 'required' follows the switch  1338ms
   ✓ row-action note and reason dialog, 'en' → 'ar' > the archive reason's 'too short' follows the switch  1209ms
   ✓ row-action note and reason dialog, 'ar' → 'en' > the Finance validation note's 'required' follows the switch  1149ms
   ✓ row-action note and reason dialog, 'ar' → 'en' > the Finance validation choice's 'required' follows the switch  1769ms
   ✓ row-action note and reason dialog, 'ar' → 'en' > the archive reason's 'too short' follows the switch  1345ms
   ✓ gate dialogs, 'en' → 'ar' > the submission note's field error follows the switch  800ms
   ✓ gate dialogs, 'en' → 'ar' > the decision rationale's field error follows the switch  675ms
   ✓ gate dialogs, 'ar' → 'en' > the submission note's field error follows the switch  640ms
   ✓ gate dialogs, 'ar' → 'en' > the decision rationale's field error follows the switch  747ms
   ✓ North Star statement, 'en' → 'ar' > the statement's field error follows the switch  743ms
   ✓ North Star statement, 'ar' → 'en' > the statement's field error follows the switch  662ms
   ✓ evidence dialogs, 'en' → 'ar' > upload without a file: 'required' follows the switch  538ms
   ✓ evidence dialogs, 'en' → 'ar' > a link without a record type or record: both 'required' messages follow the switch  629ms
   ✓ evidence dialogs, 'ar' → 'en' > upload without a file: 'required' follows the switch  778ms
   ✓ evidence dialogs, 'ar' → 'en' > a link without a record type or record: both 'required' messages follow the switch  384ms
 ✓ |unit-web| src/auth/session-generation.test.tsx (26 tests) 16353ms
   ✓ F-DG2-530 a write in flight across an identity change (en) > X3: A's PATCH answered after B's /me is not written into B's cache, not shown, and does not navigate B  1745ms
   ✓ F-DG2-530 a write in flight across an identity change (en) > X3b: the same after a session END here and B's sign-in: A's late answer never lands  752ms
   ✓ F-DG2-530 a write in flight across an identity change (en) > an archive in flight across an identity change: A's archived record never lands in B's cache  1645ms
   ✓ F-DG2-530 a write in flight across an identity change (en) > an organization save in flight across an identity change: A's change is never stored under B  1089ms
   ✓ F-DG2-530 a write in flight across an identity change (en) > a user save in flight across an identity change: A's change is never stored under B  757ms
   ✓ F-DG2-530 a write in flight across an identity change (en) > a same-person new session: the in-flight save is dropped silently, the draft is kept and usable  567ms
   ✓ F-DG2-530 a write in flight across an identity change (en) > a language save retried after a 409 is never written for the identity that replaced A  604ms
   ✓ F-DG2-530 a write in flight across an identity change (en) > sanity: a write in flight that finishes under the SAME identity still updates the cache and navigates  615ms
   ✓ F-DG2-530 X6: refocus and reconnect revalidate GET /me first (en) > after B signs in elsewhere, a refocus within /me's staleTime shows B's header with B's data, never A's  474ms
   ✓ F-DG2-530 X6: refocus and reconnect revalidate GET /me first (en) > the same identity: a refocus refetches /me once, then the stale page queries; nothing when all is fresh  578ms
   ✓ F-DG2-530 a write in flight across an identity change (ar) > X3: A's PATCH answered after B's /me is not written into B's cache, not shown, and does not navigate B  648ms
   ✓ F-DG2-530 a write in flight across an identity change (ar) > X3b: the same after a session END here and B's sign-in: A's late answer never lands  672ms
   ✓ F-DG2-530 a write in flight across an identity change (ar) > an archive in flight across an identity change: A's archived record never lands in B's cache  1307ms
   ✓ F-DG2-530 a write in flight across an identity change (ar) > an organization save in flight across an identity change: A's change is never stored under B  753ms
   ✓ F-DG2-530 a write in flight across an identity change (ar) > a user save in flight across an identity change: A's change is never stored under B  611ms
   ✓ F-DG2-530 a write in flight across an identity change (ar) > a same-person new session: the in-flight save is dropped silently, the draft is kept and usable  670ms
   ✓ F-DG2-530 a write in flight across an identity change (ar) > a language save retried after a 409 is never written for the identity that replaced A  623ms
   ✓ F-DG2-530 a write in flight across an identity change (ar) > sanity: a write in flight that finishes under the SAME identity still updates the cache and navigates  418ms
   ✓ F-DG2-530 X6: refocus and reconnect revalidate GET /me first (ar) > after B signs in elsewhere, a refocus within /me's staleTime shows B's header with B's data, never A's  811ms
   ✓ F-DG2-530 X6: refocus and reconnect revalidate GET /me first (ar) > the same identity: a refocus refetches /me once, then the stale page queries; nothing when all is fresh  626ms
 ✓ |unit-web| src/pages/portfolio/portfolio.test.tsx (32 tests) 19748ms
   ✓ Portfolio (en) > lists code, name, wave, owners and three separate columns: proposed rank, selection and funding  1532ms
   ✓ Portfolio (en) > creates a draft at any time: POST /initiatives with the transformation and an Idempotency-Key  1061ms
   ✓ Portfolio (en) > outcome hierarchy: five levels, an Unknown target is Unknown (never 0)  404ms
   ✓ Portfolio (ar) > the proposed rank is Unknown (never 0) when the prioritization view is unavailable  1113ms
   ✓ Portfolio (ar) > filters by status and wave on the server  1563ms
   ✓ Portfolio (ar) > creates a draft at any time: POST /initiatives with the transformation and an Idempotency-Key  822ms
   ✓ Portfolio (ar) > outcome hierarchy: five levels, an Unknown target is Unknown (never 0)  324ms
   ✓ Initiative Card (en) > shows all 14 T05 fields in the source order and the 3-7 deliverables warning (a warning, not a block)  465ms
   ✓ Initiative Card (en) > submit refused: 'Case for change not yet approved (G1)…' is the dialog's one translated alert  432ms
   ✓ Initiative Card (en) > submit refused: 'Outcome before activity…' (validation at /outcomeContributions) is translated  561ms
   ✓ Initiative Card (en) > launch refused: 'North Star, outcomes and target state not yet approved', then 'Selected - unfunded…'  985ms
   ✓ Initiative Card (en) > select is a labelled business approval: rationale required, If-Match, no 'on behalf of' control  812ms
   ✓ Initiative Card (en) > a 409 shows the conflict banner and reloads  584ms
   ✓ Initiative Card (en) > a gap link to another TOM record shows 'A project portfolio is not a Target Operating Model…'  1711ms
   ✓ Initiative Card (en) > an outcome contribution needs an outcome; the KPI is optional and labelled so  529ms
   ✓ Initiative Card (ar) > shows all 14 T05 fields in the source order and the 3-7 deliverables warning (a warning, not a block)  501ms
   ✓ Initiative Card (ar) > submit refused: 'Outcome before activity…' (validation at /outcomeContributions) is translated  734ms
   ✓ Initiative Card (ar) > launch refused: 'North Star, outcomes and target state not yet approved', then 'Selected - unfunded…'  745ms
   ✓ Initiative Card (ar) > select is a labelled business approval: rationale required, If-Match, no 'on behalf of' control  709ms
   ✓ Initiative Card (ar) > a 409 shows the conflict banner and reloads  581ms
   ✓ Initiative Card (ar) > a gap link to another TOM record shows 'A project portfolio is not a Target Operating Model…'  415ms
   ✓ Initiative Card (ar) > an outcome contribution needs an outcome; the KPI is optional and labelled so  526ms
   ✓ Initiative Card (ar) > the read-only auditor sees the card with no enabled write control  419ms
 ✓ |unit-web| src/pages/prioritization/prioritization.test.tsx (20 tests) 14833ms
   ✓ prioritization (en) > ranked table: an incomplete score is 'incomplete' (never a number), 3.30 complete; 0–100 shows 57.5 with its label  1840ms
   ✓ prioritization (en) > scorecard: 6 is refused inline and nothing is sent; 4 is POSTed as the integer; the weighted score is read-only 'incomplete'  1815ms
   ✓ prioritization (en) > weight sets: the live total refuses 95% and 105%; 100% is accepted and POSTed as decimal strings  686ms
   ✓ prioritization (en) > weight sets: the proposer is never offered approval; another approver's approval is a business approval with If-Match; 403 SoD is translated  1056ms
   ✓ prioritization (en) > weight set approval: a 409 shows the conflict banner and reloads  987ms
   ✓ prioritization (en) > overrides: a reason is required (missing and invisible-only are refused, nothing sent); with a reason it is POSTed  655ms
   ✓ prioritization (en) > the read-only auditor sees the data and no enabled write control  965ms
   ✓ prioritization (ar) > ranked table: an incomplete score is 'incomplete' (never a number), 3.30 complete; 0–100 shows 57.5 with its label  379ms
   ✓ prioritization (ar) > scorecard: 6 is refused inline and nothing is sent; 4 is POSTed as the integer; the weighted score is read-only 'incomplete'  882ms
   ✓ prioritization (ar) > weight sets: the live total refuses 95% and 105%; 100% is accepted and POSTed as decimal strings  1197ms
   ✓ prioritization (ar) > weight sets: the proposer is never offered approval; another approver's approval is a business approval with If-Match; 403 SoD is translated  981ms
   ✓ prioritization (ar) > weight set approval: a 409 shows the conflict banner and reloads  627ms
   ✓ prioritization (ar) > ranking history: causes are translated from codes, including 'weight version 2', score change and the override reason  456ms
   ✓ prioritization (ar) > overrides: a reason is required (missing and invisible-only are refused, nothing sent); with a reason it is POSTed  861ms
   ✓ prioritization (ar) > the read-only auditor sees the data and no enabled write control  501ms
 ✓ |unit-web| src/auth/session-end.test.tsx (12 tests) 11608ms
   ✓ session end while the app is open (en) > a 401 on navigation lands once on sign-in with the message; signing in again returns to the page  2493ms
   ✓ session end while the app is open (en) > a 401 on a dialog mutation (the commit-time upload refusal) closes the dialog and lands once on sign-in  1290ms
   ✓ session end while the app is open (en) > a sign-out elsewhere noticed by the next /me probe lands once on sign-in, never on the stale shell  627ms
   ✓ session end while the app is open (en) > a 403 (forbidden) is never treated as a session end  783ms
   ✓ session end while the app is open (ar) > a 401 on navigation lands once on sign-in with the message; signing in again returns to the page  1134ms
   ✓ session end while the app is open (ar) > a 401 on a dialog mutation (the commit-time upload refusal) closes the dialog and lands once on sign-in  1454ms
   ✓ session end while the app is open (ar) > a sign-out elsewhere noticed by the next /me probe lands once on sign-in, never on the stale shell  652ms
   ✓ session end while the app is open (ar) > a 403 (forbidden) is never treated as a session end  1134ms
   ✓ session end under <StrictMode> (as in production) > still lands exactly once on sign-in  976ms
   ✓ sign-in page and the cached identity > decides 'already signed in' only from a fresh /me, never from a stale cache  522ms
   ✓ sign-in page and the cached identity > signing out here shows 'signed out', not 'session ended', and no /me loop  477ms
 ✓ |unit-web| src/pages/portfolio/fe-e.test.tsx (18 tests) 11505ms
   ✓ Funding decisions (en) > is a labelled business approval with no 'on behalf of' control; rationale required; POST with an Idempotency-Key  1805ms
   ✓ Funding decisions (en) > the BE-E 422s are the dialog's one translated alert; funding.amount_invalid is also inline at /amount  786ms
   ✓ Funding decisions (en) > an exact decimal amount is shown with its currency; the auditor sees no record control  335ms
   ✓ Funding decisions (ar) > is a labelled business approval with no 'on behalf of' control; rationale required; POST with an Idempotency-Key  793ms
   ✓ Funding decisions (ar) > the BE-E 422s are the dialog's one translated alert; funding.amount_invalid is also inline at /amount  1232ms
   ✓ Funding decisions (ar) > the history shows a missing amount as Unknown (never 0); a re-selected initiative explains the deselect rule  318ms
   ✓ Funding decisions (ar) > an exact decimal amount is shown with its currency; the auditor sees no record control  566ms
   ✓ Deliverables and milestones on the card (en) > creates (Idempotency-Key), edits (If-Match) and archives (reason, If-Match) a deliverable  1032ms
   ✓ Deliverables and milestones on the card (en) > creates a milestone with its wave and forecast, and edits it with If-Match  842ms
   ✓ Deliverables and milestones on the card (en) > 422 initiative.read_only (a closure raced the edit) is translated as the dialog's one alert  548ms
   ✓ Deliverables and milestones on the card (en) > the card edit form translates initiative.planned_range specifically (RecordDialog namespaces)  603ms
   ✓ Deliverables and milestones on the card (ar) > creates (Idempotency-Key), edits (If-Match) and archives (reason, If-Match) a deliverable  717ms
   ✓ Deliverables and milestones on the card (ar) > creates a milestone with its wave and forecast, and edits it with If-Match  438ms
   ✓ Deliverables and milestones on the card (ar) > the card edit form translates initiative.planned_range specifically (RecordDialog namespaces)  573ms
 ✓ |unit-web| src/pages/benefit-formulas/benefit-formulas.test.tsx (18 tests) 9847ms
   ✓ T09 benefit formulas (en) > register: the six T09 columns with confidence H/M/L; examples marked illustrative with 100000 and 500000 SAR per year  1897ms
   ✓ T09 benefit formulas (en) > builder: an undefined variable shows translated, with its position, before saving; nothing is sent  1010ms
   ✓ T09 benefit formulas (en) > builder: a fraction is entered as percent and stored as a fraction; a version is saved with If-Match  994ms
   ✓ T09 benefit formulas (en) > builder: a 409 shows the standard conflict panel; nothing was saved  570ms
   ✓ T09 benefit formulas (en) > Finance validation of a version: a business approval by FIN; the author cannot; translated refusal  900ms
   ✓ T09 benefit formulas (en) > Finance validation: the version's author sees the separation-of-duties note and no action  377ms
   ✓ T09 benefit formulas (ar) > register: the six T09 columns with confidence H/M/L; examples marked illustrative with 100000 and 500000 SAR per year  651ms
   ✓ T09 benefit formulas (ar) > builder: an undefined variable shows translated, with its position, before saving; nothing is sent  630ms
   ✓ T09 benefit formulas (ar) > builder: a fraction is entered as percent and stored as a fraction; a version is saved with If-Match  580ms
   ✓ T09 benefit formulas (ar) > builder: a 409 shows the standard conflict panel; nothing was saved  347ms
   ✓ T09 benefit formulas (ar) > Finance validation of a version: a business approval by FIN; the author cannot; translated refusal  436ms
 ✓ |unit-web| src/auth/session-identity.test.tsx (18 tests) 9614ms
   ✓ F-DG2-500 a session end on the sign-in page (en) > W5: Back to /login after A's session ends, B signs in with the development form: B never sees A's records  1434ms
   ✓ F-DG2-500 a session end on the sign-in page (en) > W5b (OIDC mode): B signs in in another tab and this tab's /me re-probe brings B: B never sees A's records  933ms
   ✓ F-DG2-500 an identity change with no session end in this tab (en) > a refocus /me that returns another identity removes every session query before B renders, and drops A's drafts  748ms
   ✓ F-DG2-500 an identity change with no session end in this tab (en) > a new session of the same person (signed in again elsewhere) refetches the queries but keeps their own draft  316ms
   ✓ F-DG2-500 an identity change with no session end in this tab (en) > the same identity re-probed (window refocus) keeps the cache and the page state  373ms
   ✓ F-DG2-500 sign-out here and 403 (en) > signing out here clears everything; B signing in afterwards never sees A's records  1115ms
   ✓ F-DG2-500 a session end on the sign-in page (ar) > W5: Back to /login after A's session ends, B signs in with the development form: B never sees A's records  1129ms
   ✓ F-DG2-500 a session end on the sign-in page (ar) > W5b (OIDC mode): B signs in in another tab and this tab's /me re-probe brings B: B never sees A's records  596ms
   ✓ F-DG2-500 an identity change with no session end in this tab (ar) > a refocus /me that returns another identity removes every session query before B renders, and drops A's drafts  582ms
   ✓ F-DG2-500 an identity change with no session end in this tab (ar) > a new session of the same person (signed in again elsewhere) refetches the queries but keeps their own draft  412ms
   ✓ F-DG2-500 an identity change with no session end in this tab (ar) > the same identity re-probed (window refocus) keeps the cache and the page state  378ms
   ✓ F-DG2-500 sign-out here and 403 (ar) > signing out here clears everything; B signing in afterwards never sees A's records  1029ms
   ✓ F-DG2-500 sign-out here and 403 (ar) > a 403 is never a session end: the phase, the identity and the cache are kept  345ms
 ✓ |unit-web| src/pages/transformations/transformations.test.tsx (21 tests) 11092ms
   ✓ after create (F-DG1-004) > shows the created record when the server lets the creator read it  1650ms
   ✓ after create (F-DG1-004) > explains, in English, that the draft was created but cannot be opened (server 404), instead of 'Not found'  910ms
   ✓ after create (F-DG1-004) > explains the same in Arabic (RTL), using the glossary term for Transformation  581ms
   ✓ after create (F-DG1-004) > treats a 403 for the just-created record the same way  486ms
   ✓ audit trail changes (F-DG1-005) > Arabic: the same changes with Arabic labels in the RTL layout  600ms
   ✓ derived creator assignment on the audit trail (F-DG1-008) > English: localized action, fields, role, user and scope; nothing raw or marked untranslated  315ms
   ✓ derived creator assignment on the audit trail (F-DG1-008) > Arabic (RTL): the same event with Arabic labels and the glossary role name  351ms
   ✓ derived creator assignment on the audit trail (F-DG1-008) > an action the catalogue does not know stays readable and is explicitly marked (en and ar)  937ms
   ✓ effective permissions refresh after create (F-DG1-210) > English: Edit, Archive and the audit trail appear after create, without a reload  1479ms
   ✓ effective permissions refresh after create (F-DG1-210) > Arabic (RTL): the same controls and the audit trail appear after create, without a reload  1392ms
   ✓ effective permissions refresh after create (F-DG1-210) > does not over-grant: if the refreshed server answer adds nothing, Archive and the audit trail stay hidden  950ms
   ✓ effective permissions refresh after create (F-DG1-210) > a failed /me refresh never blocks the navigation; the UI stays fail-safe (no controls offered)  523ms
 ✓ |unit-web| src/pages/business-cases/business-cases.test.tsx (18 tests) 12658ms
   ✓ business cases (en) > register: levels, Finance baseline states with text (Stale is never green) and drafts  1028ms
   ✓ business cases (en) > detail: all ten sections, totals with gross / cost / net apart, net Unknown (never 0), roll-up by reference  715ms
   ✓ business cases (en) > sections: saves only the changed section with If-Match; blank text is refused inline and nothing is sent  960ms
   ✓ business cases (en) > sections: a 409 shows the standard conflict panel (nothing saved) with the current values  1295ms
   ✓ business cases (en) > lines: exactly one class from one select; the value basis follows the class; a 422 is translated  1074ms
   ✓ business cases (en) > Finance validation: a business approval for FIN who did not author the case; If-Match; translated 403  1129ms
   ✓ business cases (en) > Finance validation: the case author sees no validate action, only the separation-of-duties note  682ms
   ✓ business cases (ar) > register: levels, Finance baseline states with text (Stale is never green) and drafts  558ms
   ✓ business cases (ar) > detail: all ten sections, totals with gross / cost / net apart, net Unknown (never 0), roll-up by reference  613ms
   ✓ business cases (ar) > sections: saves only the changed section with If-Match; blank text is refused inline and nothing is sent  942ms
   ✓ business cases (ar) > sections: a 409 shows the standard conflict panel (nothing saved) with the current values  641ms
   ✓ business cases (ar) > lines: exactly one class from one select; the value basis follows the class; a 422 is translated  882ms
   ✓ business cases (ar) > Finance validation: a business approval for FIN who did not author the case; If-Match; translated 403  733ms
   ✓ business cases (ar) > Finance validation: the case author sees no validate action, only the separation-of-duties note  326ms
   ✓ business cases (ar) > read-only auditor: the ten sections as text, no enabled write control, the read-only note  316ms
 ✓ |unit-web| src/pages/capacity/fe-e.test.tsx (13 tests) 8845ms
   ✓ capacity editing (en) > creates a role; a taken code (409) is the form's translated alert; then the role is created  1204ms
   ✓ capacity editing (en) > edits a role's labels and archives it, each with If-Match  1205ms
   ✓ capacity editing (en) > creates a capacity row with a decimal FTE string; a duplicate (409) is translated  889ms
   ✓ capacity editing (en) > creates a demand; after the save the plan is re-read and the conflict with its shortfall appears; Unknown stays Unknown  769ms
   ✓ capacity editing (en) > edits a planned demand with If-Match; 422 resource_demand.not_planned is translated  824ms
   ✓ capacity editing (en) > the read-only auditor sees roles and capacity rows with no editing control  322ms
   ✓ capacity editing (ar) > creates a role; a taken code (409) is the form's translated alert; then the role is created  712ms
   ✓ capacity editing (ar) > edits a role's labels and archives it, each with If-Match  861ms
   ✓ capacity editing (ar) > creates a capacity row with a decimal FTE string; a duplicate (409) is translated  530ms
   ✓ capacity editing (ar) > creates a demand; after the save the plan is re-read and the conflict with its shortfall appears; Unknown stays Unknown  581ms
   ✓ capacity editing (ar) > edits a planned demand with If-Match; 422 resource_demand.not_planned is translated  554ms
   ✓ capacity editing (ar) > the read-only auditor sees roles and capacity rows with no editing control  367ms
 ✓ |unit-web| src/pages/team/team.test.tsx (10 tests) 11588ms
   ✓ Team (English LTR) > shows the six governance roles with B0018 accountability text verbatim and who holds each  1789ms
   ✓ Team (English LTR) > lists team members with the accountability on each assignment, sortable and filterable  491ms
   ✓ Team (English LTR) > a Transformation Lead assigns a Workstream Lead: Idempotency-Key, reason, accountability preview  1301ms
   ✓ Team (English LTR) > shows a 403 from the server in words; nothing is assigned  934ms
   ✓ Team: read-only auditor (AUD) > sees the roles, accountabilities and members, a read-only note, and no assign control  635ms
   ✓ Team (Arabic RTL) > shows Arabic role names and the provisional Arabic accountability text  573ms
   ✓ Team assign dialog: accountability preview follows the selected role (F-DG2-430) > en: WL on open, then KDS, TD, none and WL again, in StrictMode with no React warning  1563ms
   ✓ Team assign dialog: accountability preview follows the selected role (F-DG2-430) > ar: WL on open, then KDS, TD, none and WL again, in StrictMode with no React warning  1045ms
   ✓ Team: the success notice follows a language switch, 'en' → 'ar' > the notice is shown in the language now on screen, not the one it was created in  1574ms
   ✓ Team: the success notice follows a language switch, 'ar' → 'en' > the notice is shown in the language now on screen, not the one it was created in  1678ms
 ✓ |unit-web| src/pages/kpi/kpi.test.tsx (27 tests) 11372ms
   ✓ KPI screens (en) > RAG panel: the seven elements, the threshold version named, and the override beside the calculated RAG  1153ms
   ✓ KPI screens (en) > no actual for the current period: Unknown, grey and labelled, with its reason; never 0 and never green  411ms
   ✓ KPI screens (en) > the status overview shows Unknown KPIs grey and labelled (no zero in the list)  340ms
   ✓ KPI screens (en) > four-step update: submits once, then lists downstream views, 'review pending' and 'Finance review pending'  1253ms
   ✓ KPI screens (en) > a second entry for the same KPI and period is value version 2 of the same slot (If-Match)  675ms
   ✓ KPI screens (en) > a 409 on submit is the form's one alert: nothing was saved, the latest data is loaded  812ms
   ✓ KPI screens (en) > review queue: the reviewer accepts with If-Match; the submitter of a value is not offered a decision  433ms
   ✓ KPI screens (en) > an actual: a submitted value says it is not used until accepted; a draft is labelled not submitted  492ms
   ✓ KPI screens (en) > read-only viewer (auditor): no write action on the KPI page, labels say business approval  336ms
   ✓ KPI screens (en) > data quality: an open finding is resolved with a note and If-Match  746ms
   ✓ KPI screens (ar) > four-step update: submits once, then lists downstream views, 'review pending' and 'Finance review pending'  356ms
   ✓ KPI screens (ar) > a second entry for the same KPI and period is value version 2 of the same slot (If-Match)  659ms
   ✓ KPI screens (ar) > a 409 on submit is the form's one alert: nothing was saved, the latest data is loaded  475ms
   ✓ KPI screens (ar) > review queue: the reviewer accepts with If-Match; the submitter of a value is not offered a decision  406ms
   ✓ KPI screens (ar) > read-only viewer (auditor): no write action on the KPI page, labels say business approval  464ms
   ✓ KPI screens (ar) > data quality: an open finding is resolved with a note and If-Match  1006ms
 ✓ |unit-web| src/pages/roadmap/fe-e.test.tsx (8 tests) 7584ms
   ✓ wave editing (en) > edits planned dates (overlap accepted) with If-Match; the source text is read-only and never sent  2150ms
   ✓ wave editing (en) > 422 roadmap_wave.planned_range is inline at the planned end and translated  746ms
   ✓ wave editing (en) > adds a non-source wave with its bilingual texts (POST, Idempotency-Key)  1712ms
   ✓ wave editing (ar) > edits planned dates (overlap accepted) with If-Match; the source text is read-only and never sent  715ms
   ✓ wave editing (ar) > 422 roadmap_wave.planned_range is inline at the planned end and translated  534ms
   ✓ wave editing (ar) > adds a non-source wave with its bilingual texts (POST, Idempotency-Key)  1133ms
   ✓ wave editing (ar) > the read-only auditor gets no wave control  368ms
 ✓ |unit-web| src/pages/gates/g1-agreements.test.tsx (10 tests) 9347ms
   ✓ G1 agreements step (en) > approving G1 needs the three labelled confirmations; then sends agreements with all three true  2633ms
   ✓ G1 agreements step (en) > a non-approve outcome on G1 sends no agreements (even after ticking them)  811ms
   ✓ G1 agreements step (en) > approving another gate (G2) shows no confirmations and sends no agreements  378ms
   ✓ G1 agreements step (en) > the server's 422 gate.g1_agreements_required is the one form-level alert, with the missing confirmations  821ms
   ✓ G1 agreements step (en) > the server's 422 gate.agreements_not_applicable is translated as the one form-level alert  888ms
   ✓ G1 agreements step (ar) > approving G1 needs the three labelled confirmations; then sends agreements with all three true  1073ms
   ✓ G1 agreements step (ar) > a non-approve outcome on G1 sends no agreements (even after ticking them)  840ms
   ✓ G1 agreements step (ar) > approving another gate (G2) shows no confirmations and sends no agreements  554ms
   ✓ G1 agreements step (ar) > the server's 422 gate.g1_agreements_required is the one form-level alert, with the missing confirmations  915ms
   ✓ G1 agreements step (ar) > the server's 422 gate.agreements_not_applicable is translated as the one form-level alert  427ms
 ✓ |unit-web| src/pages/gates/g4.test.tsx (16 tests) 12049ms
   ✓ G4 refusal item by item (en) > two initiatives without owners: two separate translated 'Owners' items, never the joined English message  2059ms
   ✓ G4 refusal item by item (en) > without a usable gate view: one translated line per refused criterion, never the English message  709ms
   ✓ G4 refusal item by item (ar) > two initiatives without owners: two separate translated 'Owners' items, never the joined English message  1355ms
   ✓ G4 refusal item by item (ar) > without a usable gate view: one translated line per refused criterion, never the English message  322ms
   ✓ G4 view (en) > a refused submission shows the 422 list with the initiative names, translated  456ms
   ✓ G4 view (en) > the decision's 403 urn:mth:problem:forbidden is translated  1099ms
   ✓ G4 view (en) > the decision's 403 urn:mth:problem:forbidden is translated  1459ms
   ✓ G4 view (en) > the decision's 409 urn:mth:problem:version-conflict is translated  852ms
   ✓ G4 view (ar) > a refused submission shows the 422 list with the initiative names, translated  943ms
   ✓ G4 view (ar) > the decision's 403 urn:mth:problem:forbidden is translated  605ms
   ✓ G4 view (ar) > the decision's 403 urn:mth:problem:forbidden is translated  783ms
   ✓ G4 view (ar) > the decision's 409 urn:mth:problem:version-conflict is translated  940ms
 ✓ |unit-web| src/pages/raci/governance.test.tsx (15 tests) 7255ms
   ✓ Governance (en) > RACI: edits a row with the cell selects and saves it as one PATCH with If-Match  1612ms
   ✓ Governance (en) > decision rights: submits the matrix for business approval with If-Match  431ms
   ✓ Governance (en) > decision rights: a field with an unknown party code is refused before sending  547ms
   ✓ Governance (en) > Transform readiness lists what is missing and links to the fix  482ms
   ✓ Governance (ar) > RACI: edits a row with the cell selects and saves it as one PATCH with If-Match  751ms
   ✓ Governance (ar) > role mapping: an unmapped governance role shows the visible routing error  642ms
   ✓ Governance (ar) > decision rights: seeded rows; the due-date preview shows Unknown with its reason  722ms
   ✓ Governance (ar) > decision rights: a field with an unknown party code is refused before sending  545ms
 ✓ |unit-web| src/pages/dependencies/dependencies.test.tsx (12 tests) 7794ms
   ✓ dependencies (en) > shows the seven T08 columns, an External source, the type label and the needed-by conflict flag  656ms
   ✓ dependencies (en) > a cycle is refused and shown as the translated message with the path INI-01 → INI-02 → INI-03 → INI-01  1438ms
   ✓ dependencies (en) > an External source is sent as {kind: external, label}  1076ms
   ✓ dependencies (en) > dependency types: system types are undeletable; an administrator may retire a custom type  474ms
   ✓ dependencies (en) > a system type's 422 dependency_type.system_undeletable is translated  464ms
   ✓ dependencies (ar) > shows the seven T08 columns, an External source, the type label and the needed-by conflict flag  380ms
   ✓ dependencies (ar) > a cycle is refused and shown as the translated message with the path INI-01 → INI-02 → INI-03 → INI-01  491ms
   ✓ dependencies (ar) > an External source is sent as {kind: external, label}  1140ms
   ✓ dependencies (ar) > dependency types: system types are undeletable; an administrator may retire a custom type  397ms
   ✓ dependencies (ar) > a system type's 422 dependency_type.system_undeletable is translated  582ms
   ✓ dependencies (ar) > the read-only auditor sees the map and no write control  421ms
 ✓ |unit-web| src/pages/dispensations/dispensations.test.tsx (12 tests) 9647ms
   ✓ Dispensations (en) > lists waivers and inherited approvals; unverified evidence is shown as unverified; recorder cannot decide  1738ms
   ✓ Dispensations (en) > a waiver needs a reason and an expiry: refused inline, nothing sent; then sent with its scope  1447ms
   ✓ Dispensations (en) > an inherited approval (Modular) needs the approving body, the date and evidence; 422s are translated  923ms
   ✓ Dispensations (en) > deciding is a labelled business approval; the delegated-decision 422 and the recorder 403 are translated  893ms
   ✓ Dispensations (en) > revoking an accepted dispensation needs a reason and is a business approval  416ms
   ✓ Dispensations (en) > the read-only auditor sees the register with no enabled write control  613ms
   ✓ Dispensations (ar) > lists waivers and inherited approvals; unverified evidence is shown as unverified; recorder cannot decide  695ms
   ✓ Dispensations (ar) > a waiver needs a reason and an expiry: refused inline, nothing sent; then sent with its scope  836ms
   ✓ Dispensations (ar) > an inherited approval (Modular) needs the approving body, the date and evidence; 422s are translated  777ms
   ✓ Dispensations (ar) > deciding is a labelled business approval; the delegated-decision 422 and the recorder 403 are translated  562ms
   ✓ Dispensations (ar) > revoking an accepted dispensation needs a reason and is a business approval  394ms
   ✓ Dispensations (ar) > the read-only auditor sees the register with no enabled write control  351ms
 ✓ |unit-web| src/app/app.test.tsx (17 tests) 5261ms
   ✓ bilingual shell > renders Arabic RTL by default with the provisional wordmark  396ms
   ✓ bilingual shell > switches to English LTR and persists the preference with If-Match  446ms
   ✓ bilingual shell > shows all fourteen areas to an administrator  448ms
   ✓ bilingual shell > hides Administration from a Workstream Lead, and the admin route shows no-permission  493ms
   ✓ bilingual shell > marks planned areas as planned instead of pretending they work  413ms
   ✓ bilingual shell > a partial area (Governance) leads into the Gates tab of each transformation; its portfolio view stays planned  600ms
   ✓ transformations > lists transformations with a sortable code column and removable filter chips  765ms
   ✓ transformations > shows the empty state (not zero rows) when nothing is visible  429ms
   ✓ transformations > detail shows the workspace header with Unknown for data from later stages  682ms
 ✓ |unit-web| src/pages/roadmap/roadmap.test.tsx (14 tests) 8662ms
   ✓ roadmap (en) > shows the four source waves verbatim (English source also shown in Arabic) with overlapping horizons  881ms
   ✓ roadmap (en) > moving a milestone PATCHes the forecast with If-Match and the timeline, table and board all show the new date from one refetch  673ms
   ✓ roadmap (en) > a 409 on moving a milestone shows the conflict notice and reloads the roadmap  575ms
   ✓ roadmap (en) > re-approving a date requires a reason; then it is POSTed with If-Match  825ms
   ✓ roadmap (en) > deliverable acceptance sends the AcceptanceDecision with If-Match (no 'on behalf of' control)  1066ms
   ✓ roadmap (en) > an Unknown schedule flag is shown as Unknown; missing dates are Unknown, never blank  315ms
   ✓ roadmap (en) > the read-only auditor sees no write control  513ms
   ✓ roadmap (ar) > shows the four source waves verbatim (English source also shown in Arabic) with overlapping horizons  493ms
   ✓ roadmap (ar) > moving a milestone PATCHes the forecast with If-Match and the timeline, table and board all show the new date from one refetch  736ms
   ✓ roadmap (ar) > a 409 on moving a milestone shows the conflict notice and reloads the roadmap  737ms
   ✓ roadmap (ar) > re-approving a date requires a reason; then it is POSTed with If-Match  609ms
   ✓ roadmap (ar) > deliverable acceptance sends the AcceptanceDecision with If-Match (no 'on behalf of' control)  563ms
   ✓ roadmap (ar) > an Unknown schedule flag is shown as Unknown; missing dates are Unknown, never blank  317ms
   ✓ roadmap (ar) > the read-only auditor sees no write control  357ms
 ✓ |unit-web| src/pages/my-work/my-work.test.tsx (21 tests) 6829ms
   ✓ My Work (en) > renders tasks and reminders from messageKey + messageParams; Unknown due dates; system-managed tasks  861ms
   ✓ My Work (en) > marks a task done and a reminder read with bodiless POSTs and If-Match  713ms
   ✓ My Work (ar) > renders tasks and reminders from messageKey + messageParams; Unknown due dates; system-managed tasks  394ms
   ✓ My Work (ar) > marks a task done and a reminder read with bodiless POSTs and If-Match  665ms
   ✓ Calendar, jobs and groups (en) > calendar: a technical administrator adds a holiday; a range error is caught before sending  713ms
   ✓ Calendar, jobs and groups (en) > jobs: no permission without job.read; job.configure edits a schedule with If-Match  545ms
   ✓ Calendar, jobs and groups (ar) > calendar: a technical administrator adds a holiday; a range error is caught before sending  729ms
   ✓ Calendar, jobs and groups (ar) > jobs: no permission without job.read; job.configure edits a schedule with If-Match  612ms
   ✓ Calendar, jobs and groups (ar) > groups: membership grants no permission (stated); group.manage creates a group  361ms
 ✓ |unit-web| src/components/LanguageSwitch.test.tsx (10 tests) 5777ms
   ✓ a refused language save, 'en' → other ('403 csrf') > keeps ar on screen and says, in ar, that it was not saved  1412ms
   ✓ a refused language save, 'ar' → other ('403 csrf') > keeps en on screen and says, in en, that it was not saved  650ms
   ✓ a refused language save, 'en' → other ('403 forbidden') > keeps ar on screen and says, in ar, that it was not saved  631ms
   ✓ a refused language save, 'ar' → other ('503') > keeps en on screen and says, in en, that it was not saved  800ms
   ✓ the live region and the persisted preference > switching back clears the notice; the region stays in the DOM, empty  325ms
   ✓ the live region and the persisted preference > a successful save never flips back to the previous language while the PUT is in flight  571ms
   ✓ the live region and the persisted preference > if the persisted preference changes later and is re-applied, the notice says so in that language  530ms
   ✓ the live region and the persisted preference > en: the notice is a warning banner below the header, not inside it  403ms
   ✓ the live region and the persisted preference > ar: the notice is a warning banner below the header, not inside it  360ms
 ✓ |unit-web| src/pages/gates/inherited-approval.test.tsx (16 tests) 5737ms
   ✓ inherited-approval annotation (en) > Gates list: G1 pending_verification (counts false) is a badge next to 'Not submitted'  799ms
   ✓ inherited-approval annotation (en) > Gates list: G1 revoked (counts false) is a badge next to 'Not submitted'  481ms
   ✓ inherited-approval annotation (en) > gate view: an accepted inherited approval is a labelled row beside the 'Not submitted' status  533ms
   ✓ inherited-approval annotation (en) > gate view: without an inherited approval there is no row  482ms
   ✓ inherited-approval annotation (ar) > Gates list: G1 accepted (counts true) is a badge next to 'Not submitted'  462ms
   ✓ inherited-approval annotation (ar) > Gates list: G1 revoked (counts false) is a badge next to 'Not submitted'  444ms
   ✓ inherited-approval annotation (ar) > Gates list: no inherited approval, no badge  340ms
   ✓ inherited-approval annotation (ar) > gate view: an accepted inherited approval is a labelled row beside the 'Not submitted' status  603ms
 ✓ |unit-web| src/pages/approvals/approvals.test.tsx (16 tests) 7973ms
   ✓ Approvals (en) > lists my approvals; an Unknown due date shows Unknown with its reason, never a date  465ms
   ✓ Approvals (en) > offers exactly four outcomes; defer needs a date; the decision sends subjectVersion with If-Match  438ms
   ✓ Approvals (en) > a blank rationale is refused before sending  404ms
   ✓ Approvals (en) > a stale 409 says the record changed, records nothing and links to the history  822ms
   ✓ Approvals (en) > the requester is not offered the decision; the history shows 'B on behalf of A'  426ms
   ✓ Approvals (en) > offers 'on behalf of' only for an active delegation to me  843ms
   ✓ Approvals (ar) > offers exactly four outcomes; defer needs a date; the decision sends subjectVersion with If-Match  536ms
   ✓ Approvals (ar) > a blank rationale is refused before sending  388ms
   ✓ Approvals (ar) > a stale 409 says the record changed, records nothing and links to the history  652ms
   ✓ Approvals (ar) > offers 'on behalf of' only for an active delegation to me  306ms
   ✓ Delegations (en) > records a delegation with Asia/Riyadh wall-clock times sent as UTC; a loop 422 is translated  334ms
   ✓ Delegations (en) > revokes with a reason and If-Match; a read-only user sees no action  589ms
   ✓ Delegations (ar) > records a delegation with Asia/Riyadh wall-clock times sent as UTC; a loop 422 is translated  643ms
   ✓ Delegations (ar) > revokes with a reason and If-Match; a read-only user sees no action  760ms
 ✓ |unit-web| src/pages/capacity/capacity.test.tsx (6 tests) 3750ms
   ✓ capacity (en) > the role × month grid shows decimal FTE, the conflict with its shortfall, and Unknown capacity as Unknown (never 0)  1291ms
   ✓ capacity (en) > committing a demand POSTs with If-Match; a 409 shows the conflict notice and reloads  748ms
   ✓ capacity (en) > the read-only auditor sees the grid and no commit or release control  631ms
   ✓ capacity (ar) > committing a demand POSTs with If-Match; a 409 shows the conflict notice and reloads  478ms
   ✓ capacity (ar) > the read-only auditor sees the grid and no commit or release control  367ms
 ✓ |unit-web| src/app/p3-seams.test.tsx (10 tests) 4958ms
   ✓ P3 routes > workspace tabs (en) > the workspace tabs include the P3 tabs, labelled from their own namespaces  1427ms
   ✓ P3 routes > workspace tabs (ar) > the workspace tabs include the P3 tabs, labelled from their own namespaces  724ms
   ✓ P3 navigation areas > en /initiatives-roadmaps leads into the Initiatives and Roadmaps tab of each transformation  930ms
   ✓ P3 navigation areas > ar /initiatives-roadmaps leads into the المبادرات وخرائط الطريق tab of each transformation  609ms
   ✓ P3 navigation areas > en /benefits-finance leads into the Benefits and Finance tab of each transformation  774ms
   ✓ P3 navigation areas > ar /benefits-finance leads into the المنافع والمالية tab of each transformation  422ms
 ✓ |unit-web| src/components/RecordForm.alerts.test.tsx (16 tests) 3028ms
   ✓ record form: one alert per distinct form error (en) > dialog > a 400 whose only field error has pointer "" says its message once, in one live region  939ms
 ✓ |unit-web| src/components/States.test.tsx (15 tests) 837ms
   ✓ explicit states in en > loading is a polite live region with a text label  333ms
 ✓ |unit-web| src/pages/readiness/readiness.test.tsx (4 tests) 2169ms
   ✓ Readiness (en) > lists the missing diagnostic areas by name, the gates and the translated sequencing blockers  1174ms
   ✓ Readiness (en) > an accepted, verified inherited approval counts, and the gate itself still is not approved  427ms
 ✓ |unit-web| src/pages/transformations/modeGuidance.test.tsx (5 tests) 2400ms
   ✓ New transformation: mode guidance (English LTR) > shows When to use and How for the selected mode and switches with the mode  1113ms
   ✓ New transformation: mode guidance (English LTR) > Modular requires an entry phase before anything is sent  603ms
   ✓ New transformation: mode guidance (English LTR) > a server validation error on the entry phase is shown on that field  321ms
 ✓ |unit-web| src/lib/auditChanges.test.ts (125 tests) 105ms
 ✓ |unit-web| src/test/react-warning-guard.test.tsx (4 tests) 60ms
 ✓ |unit-web| src/i18n/glossary.test.ts (8 tests) 20ms
 ✓ |unit-web| src/i18n/i18n.test.ts (11 tests) 115ms
 ✓ |unit-web| src/lib/lib.test.ts (24 tests) 83ms
 ✓ |unit-web| src/styles/styles.test.ts (6 tests) 13ms
 ✓ |unit-web| src/test/harness-config.test.ts (2 tests) 3ms
 ✓ |unit-web| src/pages/business-cases/problem-codes.test.ts (4 tests) 15ms
 ✓ |unit-node| apps/api/src/modules/kpi/kpi.test.ts (39 tests) 3893ms
   ✓ kpi module (P2) > its declared boundary holds, and a planted bypass or undeclared dependency would be caught  3671ms
 ✓ |unit-node| packages/shared/src/formula/fuzz.test.ts (111 tests) 15009ms
   ✓ fuzz: no uncaught exception, no code execution > 10 000 random byte strings (0–255, up to 80 bytes)  2559ms
   ✓ fuzz: no uncaught exception, no code execution > 10 000 random UTF-16 strings including astral code points and lone surrogates  2158ms
   ✓ fuzz: no uncaught exception, no code execution > 20 000 random strings over the grammar alphabet reach parser, type checker and evaluator  5444ms
   ✓ source scan: no dynamic code in packages/shared/src/formula (ADR-0024 §6) > every file of the engine's import closure gets the engine-source lint rules (eslint.config.js)  3395ms
   ✓ source scan: no dynamic code in packages/shared/src/formula (ADR-0024 §6) > ESLint refuses the round-5 handler forms (G1, G2, A1, A2), F1 and every lintable probe-table row in an engine source  1350ms
 ✓ |unit-node| packages/shared/src/kpi/property.test.ts (11 tests) 2117ms
   ✓ changes > pp = (x₁ − x₀) × 100 exactly, and relative × |x₀| = x₁ − x₀ (to precision 80)  300ms
   ✓ trajectory > linear expected values lie between the neighbouring points; step values are point values  379ms
   ✓ storage rounding > rounds once half-up: |stored − exact| ≤ 0.0000005 and the record is honest  301ms
 ✓ |unit-node| apps/api/src/architecture.test.ts (137 tests) 17838ms
   ✓ API module boundaries (ADR-0002) > every import respects dependsOn, public surfaces and allowed packages  11080ms
   ✓ package dependency direction (ADR-0002 rule 5) > packages/db imports only @mth/config and @mth/shared  419ms
   ✓ package dependency direction (ADR-0002 rule 5) > packages/shared imports no workspace package  1486ms
   ✓ package dependency direction (ADR-0002 rule 5) > apps/web never imports @mth/db or @mth/config (browser bundle, no secrets)  4048ms
 ✓ |unit-node| apps/api/src/modules/workflows/workflows.test.ts (14 tests) 2759ms
   ✓ workflows module (P2) > its declared boundary holds, and an undeclared dependency would be caught  2586ms
 ✓ |unit-node| apps/api/src/modules/reporting/reporting.test.ts (4 tests) 2167ms
   ✓ reporting module (P1 scaffold, D-048) > its declared boundary holds, and a planted bypass or undeclared dependency would be caught  2061ms
 ✓ |unit-node| apps/api/src/server.test.ts (6 tests) 2303ms
   ✓ route registration > declares access on every /api route and on the health endpoints  1003ms
   ✓ route registration > registers dev login only in AUTH_MODE=dev; production configuration refuses dev mode entirely  914ms
 ✓ |unit-node| packages/shared/src/adoption/measures.test.ts (24 tests) 790ms
 ✓ |unit-node| apps/api/src/modules/evidence/evidence.test.ts (13 tests) 1096ms
   ✓ evidence module (P2) > its declared boundary holds  960ms
 ✓ |unit-node| packages/shared/src/schemas/schemas.test.ts (69 tests) 243ms
 ✓ |unit-node| packages/shared/src/scoring.test.ts (36 tests) 594ms
   ✓ property: all 5^5 integer score combinations under v1 equal an independent BigInt rational computation > stored value, 2-digit display and 0–100 view all match for 3125 combinations  506ms
 ✓ |unit-node| packages/shared/src/formula/formula.test.ts (140 tests) 182ms
 ✓ |unit-node| apps/api/src/modules/reporting/dashboards/areas.test.ts (19 tests) 363ms
 ✓ |unit-node| apps/api/src/modules/platform/in-flight.test.ts (4 tests) 314ms
 ✓ |unit-node| apps/api/src/modules/methodology/methodology.test.ts (4 tests) 252ms
 ✓ |unit-node| packages/shared/src/value.test.ts (29 tests) 234ms
 ✓ |unit-node| apps/api/src/modules/platform/platform.test.ts (19 tests) 186ms
 ✓ |unit-node| apps/api/src/modules/sustainment/sustainment.test.ts (2 tests) 42ms
 ✓ |unit-node| apps/api/src/modules/benefits/register-rules.test.ts (45 tests) 64ms
 ✓ |unit-node| apps/api/src/modules/benefits/d2-rules.test.ts (15 tests) 22ms
 ✓ |unit-node| apps/api/src/modules/platform/media-types.test.ts (57 tests) 261ms
 ✓ |unit-node| apps/api/src/modules/platform/incomplete-body.test.ts (10 tests) 308ms
 ✓ |unit-node| apps/api/src/modules/kpi/formulas.test.ts (10 tests) 64ms
 ✓ |unit-node| apps/api/src/modules/portfolio/budget.test.ts (13 tests) 30ms
 ✓ |unit-node| packages/shared/src/kpi/measures.test.ts (30 tests) 25ms
 ✓ |unit-node| packages/config/src/load.test.ts (17 tests) 221ms
 ✓ |unit-node| apps/api/src/modules/platform/health.test.ts (2 tests) 105ms
 ✓ |unit-node| apps/api/src/modules/raid/raid.test.ts (7 tests) 137ms
 ✓ |unit-node| apps/api/src/modules/benefits/totals.test.ts (14 tests) 88ms
 ✓ |unit-node| apps/api/src/modules/platform/connection-hygiene.test.ts (6 tests) 96ms
 ✓ |unit-node| apps/api/src/request-encoding.test.ts (11 tests) 369ms
   ✓ the application/json parser > answers 400 validation.json for invalid UTF-8, the same with Content-Length and chunked; the handler never runs  304ms
 ✓ |unit-node| apps/api/src/modules/kpi/kbe-c.test.ts (9 tests) 100ms
 ✓ |unit-node| packages/db/src/seed.test.ts (34 tests) 152ms
 ✓ |unit-node| apps/api/src/modules/admin/branding.test.ts (4 tests) 64ms
 ✓ |unit-node| packages/shared/src/time/working-days.test.ts (19 tests) 177ms
 ✓ |unit-node| packages/shared/src/kpi/a05.test.ts (17 tests) 41ms
(node:1617) [FSTDEP022] FastifyWarning: The router options for constraints property access is deprecated. Please use "options.routerOptions" instead for accessing router options. The router options will be removed in `fastify@6`.
(Use `node --trace-warnings ...` to show where the warning was created)
 ✓ |unit-node| apps/api/src/modules/platform/framework-errors.test.ts (6 tests) 60ms
 ✓ |unit-node| apps/api/src/modules/adoption/adoption.test.ts (2 tests) 125ms
 ✓ |unit-node| apps/api/src/modules/platform/advisory-locks.test.ts (3 tests) 110ms
 ✓ |unit-node| apps/api/src/modules/kpi/rules.test.ts (30 tests) 47ms
 ✓ |unit-node| apps/api/src/modules/governance/governance.test.ts (2 tests) 124ms
 ✓ |unit-node| packages/shared/src/kpi/change.test.ts (22 tests) 28ms
 ✓ |unit-node| packages/shared/src/governance/recurrence.test.ts (19 tests) 42ms
 ✓ |unit-node| apps/api/src/modules/transformations/exclusions.test.ts (19 tests) 11ms
 ✓ |unit-node| packages/design-tokens/src/tokens.test.ts (15 tests) 73ms
 ✓ |unit-node| packages/shared/src/kpi/purity.test.ts (14 tests) 29ms
 ✓ |unit-node| apps/api/src/modules/tasks/tasks.test.ts (5 tests) 59ms
 ✓ |unit-node| apps/api/src/modules/benefits/benefits.test.ts (2 tests) 87ms
 ✓ |unit-node| apps/api/src/modules/raid/corrective.test.ts (4 tests) 24ms
 ✓ |unit-node| packages/shared/src/schemas/roadmap.test.ts (6 tests) 33ms
 ✓ |unit-node| packages/shared/src/kpi/rag.test.ts (38 tests) 50ms
 ✓ |unit-node| packages/shared/src/kpi/aggregate.test.ts (20 tests) 41ms
 ✓ |unit-node| packages/shared/src/kpi/types.test.ts (40 tests) 53ms
 ✓ |unit-node| apps/api/src/modules/platform/db-errors.test.ts (7 tests) 16ms
 ✓ |unit-node| packages/shared/src/kpi/trajectory.test.ts (14 tests) 16ms
 ✓ |unit-node| apps/api/src/modules/kpi/totals.test.ts (20 tests) 21ms
 ✓ |unit-node| apps/api/src/modules/transformations/good-outcome.test.ts (7 tests) 40ms
 ✓ |unit-node| apps/api/src/modules/platform/db-errors-p4-meetings.test.ts (4 tests) 32ms
 ✓ |unit-node| packages/shared/src/kpi/status.test.ts (25 tests) 16ms
 ✓ |unit-node| apps/api/src/modules/kpi/p3-gate-facts.test.ts (9 tests) 13ms
 ✓ |unit-node| packages/shared/src/kpi/formula-binding.test.ts (26 tests) 65ms
 ✓ |unit-node| apps/api/src/modules/portfolio/schedule.test.ts (14 tests) 17ms
 ✓ |unit-node| apps/api/src/modules/workflows/g4.test.ts (5 tests) 6ms
 ✓ |unit-node| apps/api/src/modules/platform/request-encoding.test.ts (7 tests) 16ms
 ✓ |unit-node| packages/shared/src/schedule/critical-path.test.ts (13 tests) 16ms
 ✓ |unit-node| apps/api/src/modules/portfolio/sequencing.test.ts (9 tests) 19ms
 ✓ |unit-node| apps/api/src/modules/platform/db-errors-p4.test.ts (5 tests) 15ms
 ✓ |unit-node| packages/shared/src/schedule/working-day-slip.test.ts (11 tests) 34ms
 ✓ |unit-node| packages/shared/src/adoption/form-schema.test.ts (8 tests) 18ms
 ✓ |unit-node| apps/api/src/modules/workflows/t08-cycle-problem.test.ts (2 tests) 13ms
 ✓ |unit-node| packages/shared/src/kpi/periods.test.ts (26 tests) 33ms
 ✓ |unit-node| apps/api/src/modules/portfolio/capacity.test.ts (4 tests) 6ms
 ✓ |unit-node| apps/api/src/modules/access/rules.test.ts (12 tests) 21ms
 ✓ |unit-node| packages/shared/src/schemas/corrective.test.ts (10 tests) 30ms
 ✓ |unit-node| apps/api/src/modules/transformations/thesis.test.ts (4 tests) 19ms
 ✓ |unit-node| apps/api/src/modules/transformations/transitions.test.ts (2 tests) 20ms
 ✓ |unit-node| apps/api/src/modules/portfolio/readiness-transform.test.ts (4 tests) 9ms
 ✓ |unit-node| apps/api/src/modules/identity/oidc-claims.test.ts (5 tests) 21ms
 ✓ |unit-node| apps/api/src/modules/governance/raci.test.ts (2 tests) 3ms

 Test Files  121 passed (121)
      Tests  2313 passed (2313)
   Start at  21:38:42
   Duration  273.82s (transform 13.36s, setup 12.61s, collect 233.98s, tests 447.23s, environment 48.58s, prepare 19.50s)


 RUN  v3.2.4 /home/user/My-owns

 ✓ |unit-formula-nocodegen| packages/shared/src/formula/codegen.nocodegen.test.ts (10 tests) 23ms
 ✓ |unit-formula-nocodegen| packages/shared/src/formula/formula.test.ts (140 tests) 118ms
 ✓ |unit-formula-nocodegen| packages/shared/src/formula/fuzz.test.ts (111 tests | 2 skipped) 7199ms
   ✓ fuzz: no uncaught exception, no code execution > 10 000 random byte strings (0–255, up to 80 bytes)  1719ms
   ✓ fuzz: no uncaught exception, no code execution > 10 000 random UTF-16 strings including astral code points and lone surrogates  1692ms
   ✓ fuzz: no uncaught exception, no code execution > 20 000 random strings over the grammar alphabet reach parser, type checker and evaluator  3751ms

 Test Files  3 passed (3)
      Tests  259 passed | 2 skipped (261)
   Start at  21:43:17
   Duration  8.98s (transform 679ms, setup 0ms, collect 1.79s, tests 7.34s, environment 1ms, prepare 679ms)

exit=0
