
> mobily-transformation-hub@0.1.0 test /home/user/My-owns
> vitest run --project unit-node --project unit-web && vitest run --project unit-formula-nocodegen


 RUN  v3.2.4 /home/user/My-owns

 ✓ |unit-web| src/auth/session-generation.test.tsx (26 tests) 15887ms
   ✓ F-DG2-530 a write in flight across an identity change (en) > X3: A's PATCH answered after B's /me is not written into B's cache, not shown, and does not navigate B  983ms
   ✓ F-DG2-530 a write in flight across an identity change (en) > X3b: the same after a session END here and B's sign-in: A's late answer never lands  1587ms
   ✓ F-DG2-530 a write in flight across an identity change (en) > an archive in flight across an identity change: A's archived record never lands in B's cache  1400ms
   ✓ F-DG2-530 a write in flight across an identity change (en) > an organization save in flight across an identity change: A's change is never stored under B  1131ms
   ✓ F-DG2-530 a write in flight across an identity change (en) > a user save in flight across an identity change: A's change is never stored under B  798ms
   ✓ F-DG2-530 a write in flight across an identity change (en) > a same-person new session: the in-flight save is dropped silently, the draft is kept and usable  1198ms
   ✓ F-DG2-530 a write in flight across an identity change (en) > a language save retried after a 409 is never written for the identity that replaced A  523ms
   ✓ F-DG2-530 a write in flight across an identity change (en) > sanity: a write in flight that finishes under the SAME identity still updates the cache and navigates  350ms
   ✓ F-DG2-530 X6: refocus and reconnect revalidate GET /me first (en) > after B signs in elsewhere, a refocus within /me's staleTime shows B's header with B's data, never A's  548ms
   ✓ F-DG2-530 X6: refocus and reconnect revalidate GET /me first (en) > the same identity: a refocus refetches /me once, then the stale page queries; nothing when all is fresh  468ms
   ✓ F-DG2-530 a write in flight across an identity change (ar) > X3: A's PATCH answered after B's /me is not written into B's cache, not shown, and does not navigate B  1023ms
   ✓ F-DG2-530 a write in flight across an identity change (ar) > X3b: the same after a session END here and B's sign-in: A's late answer never lands  574ms
   ✓ F-DG2-530 a write in flight across an identity change (ar) > an archive in flight across an identity change: A's archived record never lands in B's cache  832ms
   ✓ F-DG2-530 a write in flight across an identity change (ar) > an organization save in flight across an identity change: A's change is never stored under B  642ms
   ✓ F-DG2-530 a write in flight across an identity change (ar) > a user save in flight across an identity change: A's change is never stored under B  671ms
   ✓ F-DG2-530 a write in flight across an identity change (ar) > a same-person new session: the in-flight save is dropped silently, the draft is kept and usable  884ms
   ✓ F-DG2-530 a write in flight across an identity change (ar) > a language save retried after a 409 is never written for the identity that replaced A  685ms
   ✓ F-DG2-530 X6: refocus and reconnect revalidate GET /me first (ar) > after B signs in elsewhere, a refocus within /me's staleTime shows B's header with B's data, never A's  531ms
   ✓ F-DG2-530 X6: refocus and reconnect revalidate GET /me first (ar) > the same identity: a refocus refetches /me once, then the stale page queries; nothing when all is fresh  494ms
 ✓ |unit-web| src/pages/p2.test.tsx (56 tests) 39882ms
   ✓ Diagnose > shows the six T01 dimensions with Unknown for missing values, and value pools that are never 0  1595ms
   ✓ Diagnose > renders the six workstreams with their key questions  458ms
   ✓ Diagnose > edits a T01 row with only the changed fields and If-Match  1455ms
   ✓ Diagnose > a 409 on save writes nothing, compares, and re-applies on the current version  989ms
   ✓ Diagnose > a 400 validation.blank shows a localized message on its field ('en')  2316ms
   ✓ Diagnose > a 400 validation.blank shows a localized message on its field ('ar')  1043ms
   ✓ Diagnose > an invisible-only value is blocked client-side with validation.blank ('en')  1774ms
   ✓ Diagnose > an invisible-only value is blocked client-side with validation.blank ('ar')  801ms
   ✓ Diagnose > a whitespace-only T01 value is an inline blank error and sends nothing ('en')  814ms
   ✓ Diagnose > a whitespace-only T01 value is an inline blank error and sends nothing ('ar')  702ms
   ✓ Diagnose > T01: an emptied field is sent as an explicit null; visible text is sent verbatim  1686ms
   ✓ Diagnose > Arabic: RTL with Arabic labels and the unquantified label  480ms
   ✓ Define > shows the good outcome test per outcome with pass / fail / unknown and localized reasons  628ms
   ✓ Define > requires a target date on a T02 row before sending anything  554ms
   ✓ Define > sets the North Star with one sentence and no If-Match the first time  675ms
   ✓ Define: KPI activation (F-DG2-201) > offers Activate on a draft KPI, states the unmet precondition on 422, then activates with If-Match  934ms
   ✓ Define: KPI activation (F-DG2-201) > Arabic: the Activate action and the 422 reason are in Arabic  1828ms
   ✓ Define: KPI activation (F-DG2-201) > an active KPI shows Active and offers no Activate  625ms
   ✓ Charter > shows the 14 fields, the thesis, the five scope checks with pre-checks and the top-outcomes warning  671ms
   ✓ Charter > scope pre-check: an empty Out of scope reads as failing (EN and AR)  977ms
   ✓ Charter > thesis: an empty part is Incomplete and no sentence is composed (F-DG2-203)  428ms
   ✓ Charter > thesis: the four parts compose the B0037 sentence (EN and AR)  451ms
   ✓ Charter > North Star (field 5): a superseded statement is never shown as the current one  409ms
   ✓ Charter > compares a version with the previous one  1061ms
   ✓ Charter > create: a whitespace Case for change is an inline blank error and creates nothing ('en')  768ms
   ✓ Charter > create: a whitespace Case for change is an inline blank error and creates nothing ('ar')  386ms
   ✓ Charter > edit: a whitespace Out of scope is an inline blank error, sends nothing and keeps the value (en)  749ms
   ✓ Charter > edit: a whitespace Out of scope is an inline blank error, sends nothing and keeps the value (ar)  813ms
   ✓ Charter > edit: emptying a filled field sends null; visible text is verbatim (en)  1256ms
   ✓ Charter > edit: emptying a filled field sends null; visible text is verbatim (ar)  1116ms
   ✓ Charter > edit: a change summary alone is not a change (never a content-free version)  772ms
   ✓ Charter > offers to create the charter when none exists  315ms
   ✓ Design > shows the ten canvas boxes and the per-dimension view  1351ms
   ✓ Design > converts an unresolved workshop item into a design decision with If-Match  2339ms
   ✓ Decisions (T04) > creates a design decision with inline options and an idempotency key  316ms
   ✓ Gates (business approval) > shows unverified evidence as unverified, the failing outcome at G2, and submits with If-Match  529ms
   ✓ Gates (business approval) > the approver's decision: rationale required; 403 and 409 problems in words  967ms
   ✓ Gates (business approval) > gate detail heading: the verbatim B0023 name once (EN and AR)  394ms
   ✓ Evidence > uploads a revision as octet-stream with a percent-encoded file name and If-Match  408ms
   ✓ Evidence > never offers review to the creator; a filename reference can only be rejected  668ms
   ✓ read-only auditor (AUD) > team: no write control and a read-only note  390ms
 ✓ |unit-web| src/pages/p2-blank-forms.test.tsx (52 tests) 41011ms
   ✓ gate submission note (en) > a whitespace-only note is refused inline and nothing is sent  1060ms
   ✓ gate submission note (en) > a invisible-only note is refused inline and nothing is sent  976ms
   ✓ gate submission note (en) > visible text is sent verbatim; an empty note is omitted  763ms
   ✓ gate submission note (ar) > a whitespace-only note is refused inline and nothing is sent  766ms
   ✓ gate submission note (ar) > visible text is sent verbatim; an empty note is omitted  1420ms
   ✓ gate decision rationale and comments (en) > a whitespace-only rationale is refused inline and nothing is sent  1687ms
   ✓ gate decision rationale and comments (en) > a invisible-only rationale is refused inline and nothing is sent  687ms
   ✓ gate decision rationale and comments (en) > a invisible (long enough for min 3)-only rationale is refused inline and nothing is sent  598ms
   ✓ gate decision rationale and comments (en) > a whitespace-only comment is refused inline (focus on it) and nothing is sent  451ms
   ✓ gate decision rationale and comments (en) > a invisible-only comment is refused inline (focus on it) and nothing is sent  378ms
   ✓ gate decision rationale and comments (en) > visible text is sent verbatim; empty comments are omitted; an empty rationale stays 'too short'  356ms
   ✓ gate decision rationale and comments (en) > a server 400 validation.blank on /rationale lands on the field  518ms
   ✓ gate decision rationale and comments (ar) > a whitespace-only rationale is refused inline and nothing is sent  502ms
   ✓ gate decision rationale and comments (ar) > a invisible-only rationale is refused inline and nothing is sent  592ms
   ✓ gate decision rationale and comments (ar) > a invisible (long enough for min 3)-only rationale is refused inline and nothing is sent  603ms
   ✓ gate decision rationale and comments (ar) > a whitespace-only comment is refused inline (focus on it) and nothing is sent  696ms
   ✓ gate decision rationale and comments (ar) > a invisible-only comment is refused inline (focus on it) and nothing is sent  536ms
   ✓ gate decision rationale and comments (ar) > visible text is sent verbatim; empty comments are omitted; an empty rationale stays 'too short'  547ms
   ✓ gate decision rationale and comments (ar) > a server 400 validation.blank on /rationale lands on the field  791ms
   ✓ journey step editor (en) > a whitespace-only actor is refused inline (not turned into null) and nothing is sent  1210ms
   ✓ journey step editor (en) > a invisible-only actor is refused inline (not turned into null) and nothing is sent  850ms
   ✓ journey step editor (en) > several blank fields: each gets the message and focus goes to the first (name)  1221ms
   ✓ journey step editor (en) > visible text is sent verbatim; emptied optional text is null; an empty name is required  1691ms
   ✓ journey step editor (ar) > a whitespace-only actor is refused inline (not turned into null) and nothing is sent  1193ms
   ✓ journey step editor (ar) > a invisible-only actor is refused inline (not turned into null) and nothing is sent  1042ms
   ✓ journey step editor (ar) > several blank fields: each gets the message and focus goes to the first (name)  1205ms
   ✓ journey step editor (ar) > visible text is sent verbatim; emptied optional text is null; an empty name is required  2020ms
   ✓ Finance validation note and archive reason (en) > note: a whitespace-only note is refused inline and nothing is sent  669ms
   ✓ Finance validation note and archive reason (en) > note: a invisible-only note is refused inline and nothing is sent  702ms
   ✓ Finance validation note and archive reason (en) > note: empty is 'required'; visible text is sent verbatim  1337ms
   ✓ Finance validation note and archive reason (en) > reason: a whitespace-only reason is refused inline and nothing is archived  905ms
   ✓ Finance validation note and archive reason (en) > reason: a invisible-only reason is refused inline and nothing is archived  600ms
   ✓ Finance validation note and archive reason (en) > reason: a server 400 validation.blank on /reason is the field message, not a generic error  873ms
   ✓ Finance validation note and archive reason (en) > reason: a reason with U+0000 is refused inline with the localized message and nothing is archived  791ms
   ✓ Finance validation note and archive reason (en) > reason: a server 400 validation.invalid_character on /reason is the localized field message  420ms
   ✓ Finance validation note and archive reason (en) > reason: empty keeps 'too short'; visible text is sent verbatim  566ms
   ✓ Finance validation note and archive reason (ar) > note: a whitespace-only note is refused inline and nothing is sent  768ms
   ✓ Finance validation note and archive reason (ar) > note: a invisible-only note is refused inline and nothing is sent  705ms
   ✓ Finance validation note and archive reason (ar) > note: empty is 'required'; visible text is sent verbatim  905ms
   ✓ Finance validation note and archive reason (ar) > reason: a whitespace-only reason is refused inline and nothing is archived  802ms
   ✓ Finance validation note and archive reason (ar) > reason: a invisible-only reason is refused inline and nothing is archived  474ms
   ✓ Finance validation note and archive reason (ar) > reason: a server 400 validation.blank on /reason is the field message, not a generic error  505ms
   ✓ Finance validation note and archive reason (ar) > reason: a reason with U+0000 is refused inline with the localized message and nothing is archived  565ms
   ✓ Finance validation note and archive reason (ar) > reason: a server 400 validation.invalid_character on /reason is the localized field message  693ms
   ✓ Finance validation note and archive reason (ar) > reason: empty keeps 'too short'; visible text is sent verbatim  812ms
   ✓ North Star statement (en) > a whitespace-only statement is refused inline and nothing is sent  729ms
   ✓ North Star statement (en) > a invisible-only statement is refused inline and nothing is sent  477ms
   ✓ North Star statement (ar) > a whitespace-only statement is refused inline and nothing is sent  967ms
   ✓ North Star statement (ar) > a invisible-only statement is refused inline and nothing is sent  863ms
 ✓ |unit-web| src/auth/session-bound.test.tsx (34 tests) 19749ms
   ✓ F-DG2-530/580 no effect of A's action after a further await once the tab is B's (en) > Y1: a create whose post-create GET /me returns B: B is not navigated and never sees A's code or name  1308ms
   ✓ F-DG2-530/580 no effect of A's action after a further await once the tab is B's (en) > Y1c: the same create under one identity still lands on the created record  1857ms
   ✓ F-DG2-530/580 no effect of A's action after a further await once the tab is B's (en) > an edit whose identity changes between its awaits: B is not navigated to A's record and keeps nothing of A's  635ms
   ✓ F-DG2-530/580 no effect of A's action after a further await once the tab is B's (en) > an organization create whose identity changes between its awaits: B is not navigated to A's new organization  800ms
   ✓ F-DG2-530/580 no effect of A's action after a further await once the tab is B's (en) > a user create whose identity changes between its awaits: B is not navigated to A's new user  1083ms
   ✓ F-DG2-530/580 no effect of A's action after a further await once the tab is B's (en) > sanity: the organization and user creates under one identity still navigate to the new record  1205ms
   ✓ F-DG2-530/580 no effect of A's action after a further await once the tab is B's (en) > sanity: an edit under one identity (a same-identity /me between its awaits) still updates the cache and navigates  341ms
   ✓ F-DG2-570 the header and the data of ONE identity on in-app navigation (en) > N1: B signed in elsewhere, no focus event: opening A's record asks GET /me first; B's header above B's answer  342ms
   ✓ F-DG2-570 the header and the data of ONE identity on in-app navigation (en) > N0 (the reviewer's Y5): B signed in a moment ago, no time passes, no focus event: the next page is B's under B's header  331ms
   ✓ F-DG2-570 the header and the data of ONE identity on in-app navigation (en) > bounded: one GET /me per navigation, shared by the page's burst; other GETs only after the window; same identity kept  467ms
   ✓ F-DG2-530/580 no effect of A's action after a further await once the tab is B's (ar) > Y1: a create whose post-create GET /me returns B: B is not navigated and never sees A's code or name  699ms
   ✓ F-DG2-530/580 no effect of A's action after a further await once the tab is B's (ar) > Y1c: the same create under one identity still lands on the created record  315ms
   ✓ F-DG2-530/580 no effect of A's action after a further await once the tab is B's (ar) > router state left in history (Back/Forward) never shows A's created record to B  579ms
   ✓ F-DG2-530/580 no effect of A's action after a further await once the tab is B's (ar) > an edit whose identity changes between its awaits: B is not navigated to A's record and keeps nothing of A's  732ms
   ✓ F-DG2-530/580 no effect of A's action after a further await once the tab is B's (ar) > an organization create whose identity changes between its awaits: B is not navigated to A's new organization  1033ms
   ✓ F-DG2-530/580 no effect of A's action after a further await once the tab is B's (ar) > a user create whose identity changes between its awaits: B is not navigated to A's new user  675ms
   ✓ F-DG2-530/580 no effect of A's action after a further await once the tab is B's (ar) > sanity: the organization and user creates under one identity still navigate to the new record  652ms
   ✓ F-DG2-570 the header and the data of ONE identity on in-app navigation (ar) > N0 (the reviewer's Y5): B signed in a moment ago, no time passes, no focus event: the next page is B's under B's header  535ms
   ✓ F-DG2-570 the header and the data of ONE identity on in-app navigation (ar) > bounded: one GET /me per navigation, shared by the page's burst; other GETs only after the window; same identity kept  301ms
   ✓ the convention: no raw navigate or cache write in app code (T-DG2-FE15) > the ESLint rule refuses a raw navigate, a raw cache write and a useNavigate import in a page  4046ms
 ✓ |unit-web| src/auth/session-end.test.tsx (12 tests) 11638ms
   ✓ session end while the app is open (en) > a 401 on navigation lands once on sign-in with the message; signing in again returns to the page  1537ms
   ✓ session end while the app is open (en) > a 401 on a dialog mutation (the commit-time upload refusal) closes the dialog and lands once on sign-in  1883ms
   ✓ session end while the app is open (en) > a sign-out elsewhere noticed by the next /me probe lands once on sign-in, never on the stale shell  610ms
   ✓ session end while the app is open (en) > a 403 (forbidden) is never treated as a session end  946ms
   ✓ session end while the app is open (ar) > a 401 on navigation lands once on sign-in with the message; signing in again returns to the page  1130ms
   ✓ session end while the app is open (ar) > a 401 on a dialog mutation (the commit-time upload refusal) closes the dialog and lands once on sign-in  938ms
   ✓ session end while the app is open (ar) > a sign-out elsewhere noticed by the next /me probe lands once on sign-in, never on the stale shell  527ms
   ✓ session end while the app is open (ar) > a 403 (forbidden) is never treated as a session end  1271ms
   ✓ session end under <StrictMode> (as in production) > still lands exactly once on sign-in  1225ms
   ✓ sign-in page and the cached identity > decides 'already signed in' only from a fresh /me, never from a stale cache  983ms
   ✓ sign-in page and the cached identity > signing out here shows 'signed out', not 'session ended', and no /me loop  537ms
 ✓ |unit-web| src/pages/portfolio/portfolio.test.tsx (32 tests) 16762ms
   ✓ Portfolio (en) > lists code, name, wave, owners and three separate columns: proposed rank, selection and funding  1322ms
   ✓ Portfolio (en) > filters by status and wave on the server  560ms
   ✓ Portfolio (en) > creates a draft at any time: POST /initiatives with the transformation and an Idempotency-Key  635ms
   ✓ Portfolio (en) > the read-only auditor sees the list with no enabled write control  467ms
   ✓ Portfolio (en) > outcome hierarchy: five levels, an Unknown target is Unknown (never 0)  426ms
   ✓ Portfolio (ar) > lists code, name, wave, owners and three separate columns: proposed rank, selection and funding  421ms
   ✓ Portfolio (ar) > the proposed rank is Unknown (never 0) when the prioritization view is unavailable  496ms
   ✓ Portfolio (ar) > creates a draft at any time: POST /initiatives with the transformation and an Idempotency-Key  759ms
   ✓ Portfolio (ar) > the read-only auditor sees the list with no enabled write control  692ms
   ✓ Initiative Card (en) > shows all 14 T05 fields in the source order and the 3-7 deliverables warning (a warning, not a block)  473ms
   ✓ Initiative Card (en) > submit refused: 'Case for change not yet approved (G1)…' is the dialog's one translated alert  953ms
   ✓ Initiative Card (en) > submit refused: 'Outcome before activity…' (validation at /outcomeContributions) is translated  871ms
   ✓ Initiative Card (en) > launch refused: 'North Star, outcomes and target state not yet approved', then 'Selected - unfunded…'  839ms
   ✓ Initiative Card (en) > select is a labelled business approval: rationale required, If-Match, no 'on behalf of' control  455ms
   ✓ Initiative Card (en) > a 409 shows the conflict banner and reloads  762ms
   ✓ Initiative Card (en) > a gap link to another TOM record shows 'A project portfolio is not a Target Operating Model…'  308ms
   ✓ Initiative Card (en) > an outcome contribution needs an outcome; the KPI is optional and labelled so  641ms
   ✓ Initiative Card (en) > the read-only auditor sees the card with no enabled write control  312ms
   ✓ Initiative Card (ar) > shows all 14 T05 fields in the source order and the 3-7 deliverables warning (a warning, not a block)  406ms
   ✓ Initiative Card (ar) > submit refused: 'Case for change not yet approved (G1)…' is the dialog's one translated alert  472ms
   ✓ Initiative Card (ar) > submit refused: 'Outcome before activity…' (validation at /outcomeContributions) is translated  632ms
   ✓ Initiative Card (ar) > launch refused: 'North Star, outcomes and target state not yet approved', then 'Selected - unfunded…'  739ms
   ✓ Initiative Card (ar) > select is a labelled business approval: rationale required, If-Match, no 'on behalf of' control  419ms
   ✓ Initiative Card (ar) > a 409 shows the conflict banner and reloads  309ms
   ✓ Initiative Card (ar) > a gap link to another TOM record shows 'A project portfolio is not a Target Operating Model…'  584ms
 ✓ |unit-web| src/pages/render-time-language.test.tsx (28 tests) 19114ms
   ✓ sign-in (dev form), 'en' → 'ar' > an invalid user name: the inline message follows the switch  502ms
   ✓ journey step editor, 'en' → 'ar' > a field error on a step follows the switch  1414ms
   ✓ journey step editor, 'en' → 'ar' > the form-level "Step N:" error follows the switch (prefix and message)  1623ms
   ✓ journey step editor, 'ar' → 'en' > a field error on a step follows the switch  1010ms
   ✓ journey step editor, 'ar' → 'en' > the form-level "Step N:" error follows the switch (prefix and message)  1253ms
   ✓ row-action note and reason dialog, 'en' → 'ar' > the Finance validation note's 'required' follows the switch  1581ms
   ✓ row-action note and reason dialog, 'en' → 'ar' > the Finance validation choice's 'required' follows the switch  1115ms
   ✓ row-action note and reason dialog, 'en' → 'ar' > the archive reason's 'too short' follows the switch  1165ms
   ✓ row-action note and reason dialog, 'ar' → 'en' > the Finance validation note's 'required' follows the switch  1144ms
   ✓ row-action note and reason dialog, 'ar' → 'en' > the Finance validation choice's 'required' follows the switch  913ms
   ✓ row-action note and reason dialog, 'ar' → 'en' > the archive reason's 'too short' follows the switch  732ms
   ✓ gate dialogs, 'en' → 'ar' > the submission note's field error follows the switch  524ms
   ✓ gate dialogs, 'en' → 'ar' > the decision rationale's field error follows the switch  793ms
   ✓ gate dialogs, 'ar' → 'en' > the submission note's field error follows the switch  371ms
   ✓ gate dialogs, 'ar' → 'en' > the decision rationale's field error follows the switch  455ms
   ✓ North Star statement, 'en' → 'ar' > the statement's field error follows the switch  394ms
   ✓ North Star statement, 'ar' → 'en' > the statement's field error follows the switch  349ms
   ✓ evidence dialogs, 'en' → 'ar' > upload without a file: 'required' follows the switch  1110ms
   ✓ evidence dialogs, 'en' → 'ar' > a link without a record type or record: both 'required' messages follow the switch  531ms
   ✓ evidence dialogs, 'ar' → 'en' > upload without a file: 'required' follows the switch  512ms
   ✓ evidence dialogs, 'ar' → 'en' > a link without a record type or record: both 'required' messages follow the switch  835ms
 ✓ |unit-web| src/pages/prioritization/prioritization.test.tsx (20 tests) 12199ms
   ✓ prioritization (en) > ranked table: an incomplete score is 'incomplete' (never a number), 3.30 complete; 0–100 shows 57.5 with its label  1627ms
   ✓ prioritization (en) > scorecard: 6 is refused inline and nothing is sent; 4 is POSTed as the integer; the weighted score is read-only 'incomplete'  1082ms
   ✓ prioritization (en) > weight sets: the live total refuses 95% and 105%; 100% is accepted and POSTed as decimal strings  464ms
   ✓ prioritization (en) > weight sets: the proposer is never offered approval; another approver's approval is a business approval with If-Match; 403 SoD is translated  1056ms
   ✓ prioritization (en) > weight set approval: a 409 shows the conflict banner and reloads  868ms
   ✓ prioritization (en) > overrides: a reason is required (missing and invisible-only are refused, nothing sent); with a reason it is POSTed  351ms
   ✓ prioritization (en) > the read-only auditor sees the data and no enabled write control  504ms
   ✓ prioritization (ar) > ranked table: an incomplete score is 'incomplete' (never a number), 3.30 complete; 0–100 shows 57.5 with its label  626ms
   ✓ prioritization (ar) > scorecard: 6 is refused inline and nothing is sent; 4 is POSTed as the integer; the weighted score is read-only 'incomplete'  702ms
   ✓ prioritization (ar) > weight sets: the live total refuses 95% and 105%; 100% is accepted and POSTed as decimal strings  557ms
   ✓ prioritization (ar) > weight sets: the proposer is never offered approval; another approver's approval is a business approval with If-Match; 403 SoD is translated  1076ms
   ✓ prioritization (ar) > weight set approval: a 409 shows the conflict banner and reloads  488ms
   ✓ prioritization (ar) > ranking history: causes are translated from codes, including 'weight version 2', score change and the override reason  419ms
   ✓ prioritization (ar) > overrides: a reason is required (missing and invisible-only are refused, nothing sent); with a reason it is POSTed  453ms
   ✓ prioritization (ar) > the read-only auditor sees the data and no enabled write control  807ms
   ✓ prioritization (ar) > never mentions a delivery gate (DG0–DG7)  575ms
 ✓ |unit-web| src/auth/session-identity.test.tsx (18 tests) 8832ms
   ✓ F-DG2-500 a session end on the sign-in page (en) > W5: Back to /login after A's session ends, B signs in with the development form: B never sees A's records  1477ms
   ✓ F-DG2-500 a session end on the sign-in page (en) > W5b (OIDC mode): B signs in in another tab and this tab's /me re-probe brings B: B never sees A's records  1150ms
   ✓ F-DG2-500 an identity change with no session end in this tab (en) > a refocus /me that returns another identity removes every session query before B renders, and drops A's drafts  397ms
   ✓ F-DG2-500 sign-out here and 403 (en) > signing out here clears everything; B signing in afterwards never sees A's records  1042ms
   ✓ F-DG2-500 sign-out here and 403 (en) > a 403 is never a session end: the phase, the identity and the cache are kept  339ms
   ✓ F-DG2-500 a session end on the sign-in page (ar) > W5: Back to /login after A's session ends, B signs in with the development form: B never sees A's records  967ms
   ✓ F-DG2-500 a session end on the sign-in page (ar) > W5b (OIDC mode): B signs in in another tab and this tab's /me re-probe brings B: B never sees A's records  747ms
   ✓ F-DG2-500 an identity change with no session end in this tab (ar) > a refocus /me that returns another identity removes every session query before B renders, and drops A's drafts  697ms
   ✓ F-DG2-500 sign-out here and 403 (ar) > signing out here clears everything; B signing in afterwards never sees A's records  942ms
 ✓ |unit-web| src/pages/business-cases/business-cases.test.tsx (18 tests) 9404ms
   ✓ business cases (en) > register: levels, Finance baseline states with text (Stale is never green) and drafts  1083ms
   ✓ business cases (en) > detail: all ten sections, totals with gross / cost / net apart, net Unknown (never 0), roll-up by reference  432ms
   ✓ business cases (en) > totals: a partial total says how many Unknown lines it leaves out  347ms
   ✓ business cases (en) > sections: saves only the changed section with If-Match; blank text is refused inline and nothing is sent  1017ms
   ✓ business cases (en) > sections: a 409 shows the standard conflict panel (nothing saved) with the current values  925ms
   ✓ business cases (en) > lines: exactly one class from one select; the value basis follows the class; a 422 is translated  563ms
   ✓ business cases (en) > Finance validation: a business approval for FIN who did not author the case; If-Match; translated 403  677ms
   ✓ business cases (en) > Finance validation: the case author sees no validate action, only the separation-of-duties note  359ms
   ✓ business cases (en) > read-only auditor: the ten sections as text, no enabled write control, the read-only note  320ms
   ✓ business cases (ar) > register: levels, Finance baseline states with text (Stale is never green) and drafts  374ms
   ✓ business cases (ar) > sections: saves only the changed section with If-Match; blank text is refused inline and nothing is sent  677ms
   ✓ business cases (ar) > sections: a 409 shows the standard conflict panel (nothing saved) with the current values  573ms
   ✓ business cases (ar) > lines: exactly one class from one select; the value basis follows the class; a 422 is translated  873ms
   ✓ business cases (ar) > Finance validation: a business approval for FIN who did not author the case; If-Match; translated 403  312ms
 ✓ |unit-web| src/pages/kpi/kpi.test.tsx (27 tests) 7963ms
   ✓ KPI screens (en) > RAG panel: the seven elements, the threshold version named, and the override beside the calculated RAG  544ms
   ✓ KPI screens (en) > no actual for the current period: Unknown, grey and labelled, with its reason; never 0 and never green  362ms
   ✓ KPI screens (en) > the status overview shows Unknown KPIs grey and labelled (no zero in the list)  412ms
   ✓ KPI screens (en) > four-step update: submits once, then lists downstream views, 'review pending' and 'Finance review pending'  986ms
   ✓ KPI screens (en) > data quality: an open finding is resolved with a note and If-Match  444ms
   ✓ KPI screens (ar) > RAG panel: the seven elements, the threshold version named, and the override beside the calculated RAG  674ms
   ✓ KPI screens (ar) > four-step update: submits once, then lists downstream views, 'review pending' and 'Finance review pending'  473ms
   ✓ KPI screens (ar) > a second entry for the same KPI and period is value version 2 of the same slot (If-Match)  329ms
   ✓ KPI screens (ar) > read-only viewer (auditor): no write action on the KPI page, labels say business approval  498ms
   ✓ KPI screens (ar) > data quality: an open finding is resolved with a note and If-Match  469ms
 ✓ |unit-web| src/pages/portfolio/fe-e.test.tsx (18 tests) 10585ms
   ✓ Funding decisions (en) > is a labelled business approval with no 'on behalf of' control; rationale required; POST with an Idempotency-Key  975ms
   ✓ Funding decisions (en) > the BE-E 422s are the dialog's one translated alert; funding.amount_invalid is also inline at /amount  794ms
   ✓ Funding decisions (en) > an exact decimal amount is shown with its currency; the auditor sees no record control  325ms
   ✓ Funding decisions (ar) > is a labelled business approval with no 'on behalf of' control; rationale required; POST with an Idempotency-Key  851ms
   ✓ Funding decisions (ar) > the BE-E 422s are the dialog's one translated alert; funding.amount_invalid is also inline at /amount  476ms
   ✓ Funding decisions (ar) > the history shows a missing amount as Unknown (never 0); a re-selected initiative explains the deselect rule  314ms
   ✓ Funding decisions (ar) > an exact decimal amount is shown with its currency; the auditor sees no record control  316ms
   ✓ Deliverables and milestones on the card (en) > creates (Idempotency-Key), edits (If-Match) and archives (reason, If-Match) a deliverable  1504ms
   ✓ Deliverables and milestones on the card (en) > creates a milestone with its wave and forecast, and edits it with If-Match  742ms
   ✓ Deliverables and milestones on the card (en) > 422 initiative.read_only (a closure raced the edit) is translated as the dialog's one alert  524ms
   ✓ Deliverables and milestones on the card (en) > the card edit form translates initiative.planned_range specifically (RecordDialog namespaces)  668ms
   ✓ Deliverables and milestones on the card (ar) > creates (Idempotency-Key), edits (If-Match) and archives (reason, If-Match) a deliverable  958ms
   ✓ Deliverables and milestones on the card (ar) > creates a milestone with its wave and forecast, and edits it with If-Match  318ms
   ✓ Deliverables and milestones on the card (ar) > the card edit form translates initiative.planned_range specifically (RecordDialog namespaces)  908ms
 ✓ |unit-web| src/pages/benefit-formulas/benefit-formulas.test.tsx (18 tests) 10132ms
   ✓ T09 benefit formulas (en) > register: the six T09 columns with confidence H/M/L; examples marked illustrative with 100000 and 500000 SAR per year  2029ms
   ✓ T09 benefit formulas (en) > builder: an undefined variable shows translated, with its position, before saving; nothing is sent  506ms
   ✓ T09 benefit formulas (en) > builder: a fraction is entered as percent and stored as a fraction; a version is saved with If-Match  679ms
   ✓ T09 benefit formulas (en) > builder: a 409 shows the standard conflict panel; nothing was saved  529ms
   ✓ T09 benefit formulas (en) > Finance validation of a version: a business approval by FIN; the author cannot; translated refusal  631ms
   ✓ T09 benefit formulas (en) > Finance validation: the version's author sees the separation-of-duties note and no action  333ms
   ✓ T09 benefit formulas (ar) > register: the six T09 columns with confidence H/M/L; examples marked illustrative with 100000 and 500000 SAR per year  409ms
   ✓ T09 benefit formulas (ar) > builder: an undefined variable shows translated, with its position, before saving; nothing is sent  540ms
   ✓ T09 benefit formulas (ar) > builder: a fraction is entered as percent and stored as a fraction; a version is saved with If-Match  490ms
   ✓ T09 benefit formulas (ar) > builder: a 409 shows the standard conflict panel; nothing was saved  827ms
   ✓ T09 benefit formulas (ar) > Finance validation of a version: a business approval by FIN; the author cannot; translated refusal  839ms
   ✓ T09 benefit formulas (ar) > read-only auditor: no builder, no write control, the read-only note; a validated version reads Validated  819ms
 ✓ |unit-web| src/pages/team/team.test.tsx (10 tests) 8469ms
   ✓ Team (English LTR) > shows the six governance roles with B0018 accountability text verbatim and who holds each  1641ms
   ✓ Team (English LTR) > lists team members with the accountability on each assignment, sortable and filterable  558ms
   ✓ Team (English LTR) > a Transformation Lead assigns a Workstream Lead: Idempotency-Key, reason, accountability preview  386ms
   ✓ Team (English LTR) > shows a 403 from the server in words; nothing is assigned  647ms
   ✓ Team: read-only auditor (AUD) > sees the roles, accountabilities and members, a read-only note, and no assign control  658ms
   ✓ Team (Arabic RTL) > shows Arabic role names and the provisional Arabic accountability text  396ms
   ✓ Team assign dialog: accountability preview follows the selected role (F-DG2-430) > en: WL on open, then KDS, TD, none and WL again, in StrictMode with no React warning  1174ms
   ✓ Team assign dialog: accountability preview follows the selected role (F-DG2-430) > ar: WL on open, then KDS, TD, none and WL again, in StrictMode with no React warning  526ms
   ✓ Team: the success notice follows a language switch, 'en' → 'ar' > the notice is shown in the language now on screen, not the one it was created in  1107ms
   ✓ Team: the success notice follows a language switch, 'ar' → 'en' > the notice is shown in the language now on screen, not the one it was created in  1371ms
 ✓ |unit-web| src/pages/transformations/transformations.test.tsx (21 tests) 9100ms
   ✓ after create (F-DG1-004) > shows the created record when the server lets the creator read it  1049ms
   ✓ after create (F-DG1-004) > explains, in English, that the draft was created but cannot be opened (server 404), instead of 'Not found'  869ms
   ✓ after create (F-DG1-004) > explains the same in Arabic (RTL), using the glossary term for Transformation  408ms
   ✓ audit trail changes (F-DG1-005) > English: field and value labels, not raw keys or enum codes  524ms
   ✓ audit trail changes (F-DG1-005) > Arabic: the same changes with Arabic labels in the RTL layout  344ms
   ✓ derived creator assignment on the audit trail (F-DG1-008) > English: localized action, fields, role, user and scope; nothing raw or marked untranslated  618ms
   ✓ derived creator assignment on the audit trail (F-DG1-008) > an action the catalogue does not know stays readable and is explicitly marked (en and ar)  922ms
   ✓ effective permissions refresh after create (F-DG1-210) > English: Edit, Archive and the audit trail appear after create, without a reload  1403ms
   ✓ effective permissions refresh after create (F-DG1-210) > Arabic (RTL): the same controls and the audit trail appear after create, without a reload  1266ms
   ✓ effective permissions refresh after create (F-DG1-210) > does not over-grant: if the refreshed server answer adds nothing, Archive and the audit trail stay hidden  465ms
 ✓ |unit-web| src/pages/capacity/fe-e.test.tsx (13 tests) 8280ms
   ✓ capacity editing (en) > creates a role; a taken code (409) is the form's translated alert; then the role is created  1403ms
   ✓ capacity editing (en) > edits a role's labels and archives it, each with If-Match  620ms
   ✓ capacity editing (en) > creates a capacity row with a decimal FTE string; a duplicate (409) is translated  617ms
   ✓ capacity editing (en) > creates a demand; after the save the plan is re-read and the conflict with its shortfall appears; Unknown stays Unknown  617ms
   ✓ capacity editing (en) > edits a planned demand with If-Match; 422 resource_demand.not_planned is translated  332ms
   ✓ capacity editing (ar) > creates a role; a taken code (409) is the form's translated alert; then the role is created  567ms
   ✓ capacity editing (ar) > edits a role's labels and archives it, each with If-Match  700ms
   ✓ capacity editing (ar) > creates a capacity row with a decimal FTE string; a duplicate (409) is translated  627ms
   ✓ capacity editing (ar) > creates a demand; after the save the plan is re-read and the conflict with its shortfall appears; Unknown stays Unknown  1016ms
   ✓ capacity editing (ar) > edits a planned demand with If-Match; 422 resource_demand.not_planned is translated  793ms
   ✓ capacity editing (ar) > the read-only auditor sees roles and capacity rows with no editing control  671ms
 ✓ |unit-web| src/pages/roadmap/roadmap.test.tsx (14 tests) 6075ms
   ✓ roadmap (en) > shows the four source waves verbatim (English source also shown in Arabic) with overlapping horizons  539ms
   ✓ roadmap (en) > moving a milestone PATCHes the forecast with If-Match and the timeline, table and board all show the new date from one refetch  585ms
   ✓ roadmap (en) > a 409 on moving a milestone shows the conflict notice and reloads the roadmap  457ms
   ✓ roadmap (en) > re-approving a date requires a reason; then it is POSTed with If-Match  805ms
   ✓ roadmap (en) > deliverable acceptance sends the AcceptanceDecision with If-Match (no 'on behalf of' control)  703ms
   ✓ roadmap (ar) > shows the four source waves verbatim (English source also shown in Arabic) with overlapping horizons  362ms
   ✓ roadmap (ar) > moving a milestone PATCHes the forecast with If-Match and the timeline, table and board all show the new date from one refetch  355ms
   ✓ roadmap (ar) > a 409 on moving a milestone shows the conflict notice and reloads the roadmap  342ms
   ✓ roadmap (ar) > re-approving a date requires a reason; then it is POSTed with If-Match  867ms
   ✓ roadmap (ar) > deliverable acceptance sends the AcceptanceDecision with If-Match (no 'on behalf of' control)  455ms
 ✓ |unit-web| src/pages/gates/g4.test.tsx (16 tests) 7638ms
   ✓ G4 refusal item by item (en) > two initiatives without owners: two separate translated 'Owners' items, never the joined English message  1273ms
   ✓ G4 refusal item by item (en) > without a usable gate view: one translated line per refused criterion, never the English message  496ms
   ✓ G4 refusal item by item (ar) > two initiatives without owners: two separate translated 'Owners' items, never the joined English message  631ms
   ✓ G4 refusal item by item (ar) > without a usable gate view: one translated line per refused criterion, never the English message  353ms
   ✓ G4 view (en) > a refused submission shows the 422 list with the initiative names, translated  624ms
   ✓ G4 view (en) > the decision's 403 urn:mth:problem:forbidden is translated  902ms
   ✓ G4 view (en) > the decision's 403 urn:mth:problem:forbidden is translated  403ms
   ✓ G4 view (en) > the decision's 409 urn:mth:problem:version-conflict is translated  646ms
   ✓ G4 view (ar) > lists the eight G4 criteria with their missing items: 'Owners', 'Finance validation' and the initiative  330ms
   ✓ G4 view (ar) > a refused submission shows the 422 list with the initiative names, translated  390ms
   ✓ G4 view (ar) > the decision's 403 urn:mth:problem:forbidden is translated  363ms
   ✓ G4 view (ar) > the decision's 403 urn:mth:problem:forbidden is translated  405ms
   ✓ G4 view (ar) > the decision's 409 urn:mth:problem:version-conflict is translated  526ms
 ✓ |unit-web| src/pages/gates/g1-agreements.test.tsx (10 tests) 6921ms
   ✓ G1 agreements step (en) > approving G1 needs the three labelled confirmations; then sends agreements with all three true  1750ms
   ✓ G1 agreements step (en) > a non-approve outcome on G1 sends no agreements (even after ticking them)  882ms
   ✓ G1 agreements step (en) > approving another gate (G2) shows no confirmations and sends no agreements  344ms
   ✓ G1 agreements step (en) > the server's 422 gate.g1_agreements_required is the one form-level alert, with the missing confirmations  459ms
   ✓ G1 agreements step (ar) > approving G1 needs the three labelled confirmations; then sends agreements with all three true  594ms
   ✓ G1 agreements step (ar) > a non-approve outcome on G1 sends no agreements (even after ticking them)  450ms
   ✓ G1 agreements step (ar) > approving another gate (G2) shows no confirmations and sends no agreements  404ms
   ✓ G1 agreements step (ar) > the server's 422 gate.g1_agreements_required is the one form-level alert, with the missing confirmations  1232ms
   ✓ G1 agreements step (ar) > the server's 422 gate.agreements_not_applicable is translated as the one form-level alert  538ms
 ✓ |unit-web| src/pages/dependencies/dependencies.test.tsx (12 tests) 6251ms
   ✓ dependencies (en) > shows the seven T08 columns, an External source, the type label and the needed-by conflict flag  651ms
   ✓ dependencies (en) > a cycle is refused and shown as the translated message with the path INI-01 → INI-02 → INI-03 → INI-01  557ms
   ✓ dependencies (en) > an External source is sent as {kind: external, label}  705ms
   ✓ dependencies (en) > dependency types: system types are undeletable; an administrator may retire a custom type  740ms
   ✓ dependencies (en) > a system type's 422 dependency_type.system_undeletable is translated  430ms
   ✓ dependencies (ar) > shows the seven T08 columns, an External source, the type label and the needed-by conflict flag  336ms
   ✓ dependencies (ar) > a cycle is refused and shown as the translated message with the path INI-01 → INI-02 → INI-03 → INI-01  361ms
   ✓ dependencies (ar) > an External source is sent as {kind: external, label}  1635ms
 ✓ |unit-web| src/pages/my-work/my-work.test.tsx (21 tests) 5258ms
   ✓ My Work (en) > renders tasks and reminders from messageKey + messageParams; Unknown due dates; system-managed tasks  880ms
   ✓ My Work (en) > marks a task done and a reminder read with bodiless POSTs and If-Match  557ms
   ✓ My Work (ar) > marks a task done and a reminder read with bodiless POSTs and If-Match  1179ms
   ✓ Calendar, jobs and groups (en) > calendar: a technical administrator adds a holiday; a range error is caught before sending  322ms
   ✓ Calendar, jobs and groups (ar) > jobs: no permission without job.read; job.configure edits a schedule with If-Match  330ms
   ✓ Calendar, jobs and groups (ar) > groups: membership grants no permission (stated); group.manage creates a group  326ms
 ✓ |unit-web| src/pages/approvals/approvals.test.tsx (16 tests) 4728ms
   ✓ Approvals (en) > lists my approvals; an Unknown due date shows Unknown with its reason, never a date  550ms
   ✓ Approvals (en) > offers exactly four outcomes; defer needs a date; the decision sends subjectVersion with If-Match  521ms
   ✓ Approvals (en) > the requester is not offered the decision; the history shows 'B on behalf of A'  362ms
   ✓ Approvals (ar) > offers 'on behalf of' only for an active delegation to me  308ms
   ✓ Delegations (en) > revokes with a reason and If-Match; a read-only user sees no action  403ms
   ✓ Delegations (ar) > revokes with a reason and If-Match; a read-only user sees no action  389ms
 ✓ |unit-web| src/components/LanguageSwitch.test.tsx (10 tests) 4912ms
   ✓ a refused language save, 'en' → other ('403 csrf') > keeps ar on screen and says, in ar, that it was not saved  1169ms
   ✓ a refused language save, 'ar' → other ('403 csrf') > keeps en on screen and says, in en, that it was not saved  498ms
   ✓ a refused language save, 'en' → other ('403 forbidden') > keeps ar on screen and says, in ar, that it was not saved  687ms
   ✓ a refused language save, 'ar' → other ('503') > keeps en on screen and says, in en, that it was not saved  523ms
   ✓ the live region and the persisted preference > switching back clears the notice; the region stays in the DOM, empty  569ms
   ✓ the live region and the persisted preference > a successful save never flips back to the previous language while the PUT is in flight  310ms
   ✓ the live region and the persisted preference > if the persisted preference changes later and is re-applied, the notice says so in that language  546ms
   ✓ the live region and the persisted preference > en: the notice is a warning banner below the header, not inside it  403ms
 ✓ |unit-web| src/pages/dispensations/dispensations.test.tsx (12 tests) 6562ms
   ✓ Dispensations (en) > lists waivers and inherited approvals; unverified evidence is shown as unverified; recorder cannot decide  480ms
   ✓ Dispensations (en) > a waiver needs a reason and an expiry: refused inline, nothing sent; then sent with its scope  464ms
   ✓ Dispensations (en) > an inherited approval (Modular) needs the approving body, the date and evidence; 422s are translated  701ms
   ✓ Dispensations (en) > deciding is a labelled business approval; the delegated-decision 422 and the recorder 403 are translated  855ms
   ✓ Dispensations (en) > revoking an accepted dispensation needs a reason and is a business approval  739ms
   ✓ Dispensations (en) > the read-only auditor sees the register with no enabled write control  465ms
   ✓ Dispensations (ar) > a waiver needs a reason and an expiry: refused inline, nothing sent; then sent with its scope  561ms
   ✓ Dispensations (ar) > an inherited approval (Modular) needs the approving body, the date and evidence; 422s are translated  848ms
   ✓ Dispensations (ar) > deciding is a labelled business approval; the delegated-decision 422 and the recorder 403 are translated  494ms
   ✓ Dispensations (ar) > revoking an accepted dispensation needs a reason and is a business approval  526ms
 ✓ |unit-web| src/pages/roadmap/fe-e.test.tsx (8 tests) 7209ms
   ✓ wave editing (en) > edits planned dates (overlap accepted) with If-Match; the source text is read-only and never sent  2084ms
   ✓ wave editing (en) > 422 roadmap_wave.planned_range is inline at the planned end and translated  625ms
   ✓ wave editing (en) > adds a non-source wave with its bilingual texts (POST, Idempotency-Key)  1872ms
   ✓ wave editing (ar) > edits planned dates (overlap accepted) with If-Match; the source text is read-only and never sent  370ms
   ✓ wave editing (ar) > 422 roadmap_wave.planned_range is inline at the planned end and translated  821ms
   ✓ wave editing (ar) > adds a non-source wave with its bilingual texts (POST, Idempotency-Key)  1047ms
 ✓ |unit-web| src/pages/raci/governance.test.tsx (15 tests) 6589ms
   ✓ Governance (en) > RACI: edits a row with the cell selects and saves it as one PATCH with If-Match  1133ms
   ✓ Governance (en) > role mapping: an unmapped governance role shows the visible routing error  643ms
   ✓ Governance (en) > decision rights: seeded rows; the due-date preview shows Unknown with its reason  525ms
   ✓ Governance (en) > decision rights: submits the matrix for business approval with If-Match  518ms
   ✓ Governance (en) > decision rights: a field with an unknown party code is refused before sending  654ms
   ✓ Governance (en) > Transform readiness lists what is missing and links to the fix  564ms
   ✓ Governance (ar) > RACI: edits a row with the cell selects and saves it as one PATCH with If-Match  313ms
   ✓ Governance (ar) > role mapping: an unmapped governance role shows the visible routing error  533ms
   ✓ Governance (ar) > decision rights: seeded rows; the due-date preview shows Unknown with its reason  367ms
   ✓ Governance (ar) > decision rights: submits the matrix for business approval with If-Match  324ms
   ✓ Governance (ar) > decision rights: a field with an unknown party code is refused before sending  383ms
 ✓ |unit-web| src/app/app.test.tsx (17 tests) 5910ms
   ✓ bilingual shell > renders Arabic RTL by default with the provisional wordmark  348ms
   ✓ bilingual shell > switches to English LTR and persists the preference with If-Match  546ms
   ✓ bilingual shell > shows all fourteen areas to an administrator  665ms
   ✓ bilingual shell > hides Administration from a Workstream Lead, and the admin route shows no-permission  338ms
   ✓ bilingual shell > a partial area (Governance) leads into the Gates tab of each transformation; its portfolio view stays planned  977ms
   ✓ transformations > lists transformations with a sortable code column and removable filter chips  1023ms
   ✓ transformations > detail shows the workspace header with Unknown for data from later stages  550ms
   ✓ transformations > edit: a 409 writes nothing, shows compare, and re-applies on the current version  472ms
 ✓ |unit-web| src/pages/gates/inherited-approval.test.tsx (16 tests) 4430ms
   ✓ inherited-approval annotation (en) > Gates list: G1 pending_verification (counts false) is a badge next to 'Not submitted'  478ms
   ✓ inherited-approval annotation (en) > Gates list: G1 accepted (counts false) is a badge next to 'Not submitted'  351ms
   ✓ inherited-approval annotation (en) > Gates list: G1 rejected (counts false) is a badge next to 'Not submitted'  309ms
   ✓ inherited-approval annotation (ar) > Gates list: G1 accepted (counts false) is a badge next to 'Not submitted'  530ms
   ✓ inherited-approval annotation (ar) > Gates list: G1 rejected (counts false) is a badge next to 'Not submitted'  361ms
   ✓ inherited-approval annotation (ar) > Gates list: G1 revoked (counts false) is a badge next to 'Not submitted'  367ms
   ✓ inherited-approval annotation (ar) > Gates list: no inherited approval, no badge  458ms
   ✓ inherited-approval annotation (ar) > gate view: an accepted inherited approval is a labelled row beside the 'Not submitted' status  301ms
 ✓ |unit-web| src/components/RecordForm.alerts.test.tsx (16 tests) 3093ms
   ✓ record form: one alert per distinct form error (en) > dialog > a 400 whose only field error has pointer "" says its message once, in one live region  713ms
   ✓ record form: one alert per distinct form error (ar) > dialog > a 400 whose only field error has pointer "" says its message once, in one live region  874ms
 ✓ |unit-web| src/app/p3-seams.test.tsx (10 tests) 3776ms
   ✓ P3 routes > workspace tabs (en) > the workspace tabs include the P3 tabs, labelled from their own namespaces  1335ms
   ✓ P3 routes > workspace tabs (ar) > the workspace tabs include the P3 tabs, labelled from their own namespaces  538ms
   ✓ P3 navigation areas > en /initiatives-roadmaps leads into the Initiatives and Roadmaps tab of each transformation  470ms
   ✓ P3 navigation areas > en /benefits-finance leads into the Benefits and Finance tab of each transformation  508ms
   ✓ P3 navigation areas > ar /benefits-finance leads into the المنافع والمالية tab of each transformation  617ms
 ✓ |unit-web| src/pages/capacity/capacity.test.tsx (6 tests) 3095ms
   ✓ capacity (en) > the role × month grid shows decimal FTE, the conflict with its shortfall, and Unknown capacity as Unknown (never 0)  737ms
   ✓ capacity (en) > committing a demand POSTs with If-Match; a 409 shows the conflict notice and reloads  550ms
   ✓ capacity (en) > the read-only auditor sees the grid and no commit or release control  351ms
   ✓ capacity (ar) > the role × month grid shows decimal FTE, the conflict with its shortfall, and Unknown capacity as Unknown (never 0)  429ms
   ✓ capacity (ar) > committing a demand POSTs with If-Match; a 409 shows the conflict notice and reloads  673ms
   ✓ capacity (ar) > the read-only auditor sees the grid and no commit or release control  342ms
 ✓ |unit-web| src/components/States.test.tsx (15 tests) 837ms
 ✓ |unit-web| src/pages/readiness/readiness.test.tsx (4 tests) 968ms
   ✓ Readiness (en) > lists the missing diagnostic areas by name, the gates and the translated sequencing blockers  477ms
 ✓ |unit-web| src/pages/transformations/modeGuidance.test.tsx (5 tests) 2222ms
   ✓ New transformation: mode guidance (English LTR) > shows When to use and How for the selected mode and switches with the mode  460ms
   ✓ New transformation: mode guidance (English LTR) > Modular requires an entry phase before anything is sent  1236ms
   ✓ New transformation: mode guidance (English LTR) > a server validation error on the entry phase is shown on that field  368ms
 ✓ |unit-web| src/i18n/i18n.test.ts (11 tests) 48ms
 ✓ |unit-web| src/test/react-warning-guard.test.tsx (4 tests) 65ms
 ✓ |unit-web| src/lib/auditChanges.test.ts (125 tests) 241ms
 ✓ |unit-web| src/styles/styles.test.ts (6 tests) 15ms
 ✓ |unit-web| src/lib/lib.test.ts (24 tests) 118ms
 ✓ |unit-web| src/i18n/glossary.test.ts (8 tests) 40ms
 ✓ |unit-web| src/test/harness-config.test.ts (2 tests) 4ms
 ✓ |unit-web| src/pages/business-cases/problem-codes.test.ts (4 tests) 10ms
 ✓ |unit-node| apps/api/src/modules/kpi/kpi.test.ts (39 tests) 3956ms
   ✓ kpi module (P2) > its declared boundary holds, and a planted bypass or undeclared dependency would be caught  3794ms
 ✓ |unit-node| packages/shared/src/formula/fuzz.test.ts (111 tests) 20933ms
   ✓ fuzz: no uncaught exception, no code execution > 10 000 random byte strings (0–255, up to 80 bytes)  3802ms
   ✓ fuzz: no uncaught exception, no code execution > 10 000 random UTF-16 strings including astral code points and lone surrogates  3572ms
   ✓ fuzz: no uncaught exception, no code execution > 20 000 random strings over the grammar alphabet reach parser, type checker and evaluator  8859ms
   ✓ source scan: no dynamic code in packages/shared/src/formula (ADR-0024 §6) > every file of the engine's import closure gets the engine-source lint rules (eslint.config.js)  3518ms
   ✓ source scan: no dynamic code in packages/shared/src/formula (ADR-0024 §6) > ESLint refuses the round-5 handler forms (G1, G2, A1, A2), F1 and every lintable probe-table row in an engine source  964ms
 ✓ |unit-node| apps/api/src/architecture.test.ts (137 tests) 23847ms
   ✓ API module boundaries (ADR-0002) > every import respects dependsOn, public surfaces and allowed packages  14857ms
   ✓ the checker itself catches planted violations (self-check, incl. F-DG1-109, F-DG1-117, F-DG1-124) > F-DG1-135: only *.test.ts/*.test.tsx (build-excluded) get the test allowance; *.test.mts etc. get full rules  475ms
   ✓ package dependency direction (ADR-0002 rule 5) > packages/db imports only @mth/config and @mth/shared  438ms
   ✓ package dependency direction (ADR-0002 rule 5) > packages/shared imports no workspace package  2243ms
   ✓ package dependency direction (ADR-0002 rule 5) > apps/web never imports @mth/db or @mth/config (browser bundle, no secrets)  3937ms
   ✓ package dependency direction (ADR-0002 rule 5) > apps/worker imports no API code  498ms
 ✓ |unit-node| packages/shared/src/kpi/property.test.ts (11 tests) 2785ms
   ✓ measures > band: within ⇔ L ≤ a ≤ U, the shortfall is never negative, and equals the distance to the band  352ms
   ✓ cumulative and roll-ups > cumulative YTD of a flow equals the exact sum of its period values; removing any period makes it Unknown  346ms
   ✓ storage rounding > rounds once half-up: |stored − exact| ≤ 0.0000005 and the record is honest  644ms
 ✓ |unit-node| apps/api/src/modules/workflows/workflows.test.ts (14 tests) 2533ms
   ✓ workflows module (P2) > its declared boundary holds, and an undeclared dependency would be caught  2429ms
 ✓ |unit-node| apps/api/src/modules/evidence/evidence.test.ts (13 tests) 931ms
   ✓ evidence module (P2) > its declared boundary holds  480ms
 ✓ |unit-node| apps/api/src/modules/reporting/reporting.test.ts (4 tests) 1480ms
   ✓ reporting module (P1 scaffold, D-048) > its declared boundary holds, and a planted bypass or undeclared dependency would be caught  1410ms
 ✓ |unit-node| packages/shared/src/scoring.test.ts (36 tests) 500ms
   ✓ property: all 5^5 integer score combinations under v1 equal an independent BigInt rational computation > stored value, 2-digit display and 0–100 view all match for 3125 combinations  409ms
 ✓ |unit-node| apps/api/src/server.test.ts (6 tests) 2158ms
   ✓ route registration > declares access on every /api route and on the health endpoints  554ms
   ✓ route registration > registers dev login only in AUTH_MODE=dev; production configuration refuses dev mode entirely  898ms
   ✓ module composition (D-048, P2) > wires the P2 business modules (each registering routes) and keeps reporting a route-free scaffold until P5  432ms
 ✓ |unit-node| apps/api/src/modules/platform/in-flight.test.ts (4 tests) 301ms
 ✓ |unit-node| packages/shared/src/adoption/measures.test.ts (24 tests) 860ms
   ✓ properties (seeded) > never 0 for an empty denominator: Unknown with value null exactly when the denominator is 0  378ms
 ✓ |unit-node| apps/api/src/modules/reporting/dashboards/areas.test.ts (19 tests) 453ms
   ✓ combine (ADR-0037 §3 precedence) > property: Unknown or Stale inputs never combine to green, and the result is one of the inputs' ranks (2000 seeded sets)  326ms
 ✓ |unit-node| packages/shared/src/schemas/schemas.test.ts (69 tests) 559ms
 ✓ |unit-node| packages/shared/src/value.test.ts (29 tests) 218ms
 ✓ |unit-node| apps/api/src/modules/methodology/methodology.test.ts (4 tests) 340ms
 ✓ |unit-node| packages/config/src/load.test.ts (17 tests) 109ms
 ✓ |unit-node| apps/api/src/modules/platform/platform.test.ts (19 tests) 244ms
 ✓ |unit-node| apps/api/src/modules/platform/media-types.test.ts (57 tests) 184ms
 ✓ |unit-node| packages/shared/src/formula/formula.test.ts (140 tests) 333ms
 ✓ |unit-node| apps/api/src/modules/platform/connection-hygiene.test.ts (6 tests) 80ms
 ✓ |unit-node| apps/api/src/modules/platform/incomplete-body.test.ts (10 tests) 148ms
 ✓ |unit-node| packages/shared/src/time/working-days.test.ts (19 tests) 68ms
 ✓ |unit-node| apps/api/src/request-encoding.test.ts (11 tests) 87ms
 ✓ |unit-node| packages/db/src/seed.test.ts (34 tests) 68ms
 ✓ |unit-node| apps/api/src/modules/admin/branding.test.ts (4 tests) 88ms
 ✓ |unit-node| apps/api/src/modules/raid/raid.test.ts (7 tests) 116ms
(node:1430) [FSTDEP022] FastifyWarning: The router options for constraints property access is deprecated. Please use "options.routerOptions" instead for accessing router options. The router options will be removed in `fastify@6`.
(Use `node --trace-warnings ...` to show where the warning was created)
 ✓ |unit-node| apps/api/src/modules/platform/framework-errors.test.ts (6 tests) 66ms
 ✓ |unit-node| apps/api/src/modules/sustainment/sustainment.test.ts (2 tests) 222ms
 ✓ |unit-node| apps/api/src/modules/kpi/rules.test.ts (30 tests) 57ms
 ✓ |unit-node| apps/api/src/modules/benefits/benefits.test.ts (2 tests) 38ms
 ✓ |unit-node| apps/api/src/modules/platform/advisory-locks.test.ts (3 tests) 66ms
 ✓ |unit-node| packages/design-tokens/src/tokens.test.ts (15 tests) 45ms
 ✓ |unit-node| apps/api/src/modules/platform/health.test.ts (2 tests) 93ms
 ✓ |unit-node| apps/api/src/modules/governance/governance.test.ts (2 tests) 60ms
 ✓ |unit-node| packages/shared/src/kpi/a05.test.ts (17 tests) 66ms
 ✓ |unit-node| apps/api/src/modules/benefits/totals.test.ts (14 tests) 98ms
 ✓ |unit-node| apps/api/src/modules/benefits/register-rules.test.ts (45 tests) 197ms
 ✓ |unit-node| apps/api/src/modules/portfolio/budget.test.ts (13 tests) 132ms
 ✓ |unit-node| packages/shared/src/kpi/change.test.ts (22 tests) 55ms
 ✓ |unit-node| packages/shared/src/kpi/purity.test.ts (14 tests) 39ms
 ✓ |unit-node| apps/api/src/modules/adoption/adoption.test.ts (2 tests) 67ms
 ✓ |unit-node| packages/shared/src/kpi/trajectory.test.ts (14 tests) 31ms
 ✓ |unit-node| apps/api/src/modules/kpi/formulas.test.ts (10 tests) 164ms
 ✓ |unit-node| apps/api/src/modules/tasks/tasks.test.ts (5 tests) 46ms
 ✓ |unit-node| apps/api/src/modules/benefits/d2-rules.test.ts (15 tests) 179ms
 ✓ |unit-node| packages/shared/src/kpi/rag.test.ts (38 tests) 36ms
 ✓ |unit-node| packages/shared/src/kpi/formula-binding.test.ts (26 tests) 23ms
 ✓ |unit-node| packages/shared/src/kpi/periods.test.ts (26 tests) 11ms
 ✓ |unit-node| packages/shared/src/governance/recurrence.test.ts (19 tests) 50ms
 ✓ |unit-node| packages/shared/src/kpi/types.test.ts (40 tests) 35ms
 ✓ |unit-node| apps/api/src/modules/kpi/totals.test.ts (20 tests) 29ms
 ✓ |unit-node| packages/shared/src/schedule/working-day-slip.test.ts (11 tests) 14ms
 ✓ |unit-node| packages/shared/src/kpi/measures.test.ts (30 tests) 131ms
 ✓ |unit-node| packages/shared/src/adoption/form-schema.test.ts (8 tests) 13ms
 ✓ |unit-node| packages/shared/src/schemas/roadmap.test.ts (6 tests) 36ms
 ✓ |unit-node| apps/api/src/modules/kpi/p3-gate-facts.test.ts (9 tests) 26ms
 ✓ |unit-node| packages/shared/src/kpi/status.test.ts (25 tests) 24ms
 ✓ |unit-node| apps/api/src/modules/portfolio/capacity.test.ts (4 tests) 15ms
 ✓ |unit-node| apps/api/src/modules/platform/db-errors.test.ts (7 tests) 36ms
 ✓ |unit-node| packages/shared/src/schemas/corrective.test.ts (10 tests) 9ms
 ✓ |unit-node| packages/shared/src/kpi/aggregate.test.ts (20 tests) 32ms
 ✓ |unit-node| packages/shared/src/schedule/critical-path.test.ts (13 tests) 18ms
 ✓ |unit-node| apps/api/src/modules/kpi/kbe-c.test.ts (9 tests) 71ms
 ✓ |unit-node| apps/api/src/modules/portfolio/schedule.test.ts (14 tests) 22ms
 ✓ |unit-node| apps/api/src/modules/platform/db-errors-p4.test.ts (5 tests) 20ms
 ✓ |unit-node| apps/api/src/modules/workflows/g4.test.ts (5 tests) 22ms
 ✓ |unit-node| apps/api/src/modules/transformations/good-outcome.test.ts (7 tests) 30ms
 ✓ |unit-node| apps/api/src/modules/platform/db-errors-p4-meetings.test.ts (4 tests) 27ms
 ✓ |unit-node| apps/api/src/modules/access/rules.test.ts (12 tests) 9ms
 ✓ |unit-node| apps/api/src/modules/transformations/thesis.test.ts (4 tests) 12ms
 ✓ |unit-node| apps/api/src/modules/platform/request-encoding.test.ts (7 tests) 20ms
 ✓ |unit-node| apps/api/src/modules/portfolio/sequencing.test.ts (9 tests) 16ms
 ✓ |unit-node| apps/api/src/modules/raid/corrective.test.ts (4 tests) 37ms
 ✓ |unit-node| apps/api/src/modules/transformations/exclusions.test.ts (19 tests) 56ms
 ✓ |unit-node| apps/api/src/modules/identity/oidc-claims.test.ts (5 tests) 5ms
 ✓ |unit-node| apps/api/src/modules/workflows/t08-cycle-problem.test.ts (2 tests) 17ms
 ✓ |unit-node| apps/api/src/modules/transformations/transitions.test.ts (2 tests) 8ms
 ✓ |unit-node| apps/api/src/modules/portfolio/readiness-transform.test.ts (4 tests) 8ms
 ✓ |unit-node| apps/api/src/modules/governance/raci.test.ts (2 tests) 3ms

 Test Files  121 passed (121)
      Tests  2313 passed (2313)
   Start at  21:34:04
   Duration  259.38s (transform 17.20s, setup 10.91s, collect 237.91s, tests 402.04s, environment 41.98s, prepare 18.47s)


 RUN  v3.2.4 /home/user/My-owns

 ✓ |unit-formula-nocodegen| packages/shared/src/formula/codegen.nocodegen.test.ts (10 tests) 25ms
 ✓ |unit-formula-nocodegen| packages/shared/src/formula/formula.test.ts (140 tests) 206ms
 ✓ |unit-formula-nocodegen| packages/shared/src/formula/fuzz.test.ts (111 tests | 2 skipped) 7524ms
   ✓ fuzz: no uncaught exception, no code execution > 10 000 random byte strings (0–255, up to 80 bytes)  2074ms
   ✓ fuzz: no uncaught exception, no code execution > 10 000 random UTF-16 strings including astral code points and lone surrogates  1881ms
   ✓ fuzz: no uncaught exception, no code execution > 20 000 random strings over the grammar alphabet reach parser, type checker and evaluator  3546ms

 Test Files  3 passed (3)
      Tests  259 passed | 2 skipped (261)
   Start at  21:38:24
   Duration  9.03s (transform 620ms, setup 0ms, collect 1.21s, tests 7.76s, environment 0ms, prepare 557ms)

exit=0
