
> mobily-transformation-hub@0.1.0 test /home/user/wt/dg4-fe-d2
> vitest run --project unit-node --project unit-web && vitest run --project unit-formula-nocodegen


 RUN  v3.2.4 /home/user/wt/dg4-fe-d2

 ✓ |unit-web| src/i18n/glossary.test.ts (8 tests) 21ms
 ✓ |unit-web| src/pages/portfolio/fe-e.test.tsx (18 tests) 8033ms
   ✓ Funding decisions (en) > is a labelled business approval with no 'on behalf of' control; rationale required; POST with an Idempotency-Key  1482ms
   ✓ Funding decisions (en) > the BE-E 422s are the dialog's one translated alert; funding.amount_invalid is also inline at /amount  1097ms
   ✓ Funding decisions (en) > the history shows a missing amount as Unknown (never 0); a re-selected initiative explains the deselect rule  398ms
   ✓ Funding decisions (en) > an exact decimal amount is shown with its currency; the auditor sees no record control  340ms
   ✓ Funding decisions (ar) > is a labelled business approval with no 'on behalf of' control; rationale required; POST with an Idempotency-Key  678ms
   ✓ Funding decisions (ar) > the BE-E 422s are the dialog's one translated alert; funding.amount_invalid is also inline at /amount  662ms
   ✓ Deliverables and milestones on the card (en) > creates (Idempotency-Key), edits (If-Match) and archives (reason, If-Match) a deliverable  450ms
   ✓ Deliverables and milestones on the card (en) > creates a milestone with its wave and forecast, and edits it with If-Match  330ms
   ✓ Deliverables and milestones on the card (en) > the card edit form translates initiative.planned_range specifically (RecordDialog namespaces)  466ms
   ✓ Deliverables and milestones on the card (ar) > creates (Idempotency-Key), edits (If-Match) and archives (reason, If-Match) a deliverable  455ms
   ✓ Deliverables and milestones on the card (ar) > creates a milestone with its wave and forecast, and edits it with If-Match  306ms
   ✓ Deliverables and milestones on the card (ar) > the card edit form translates initiative.planned_range specifically (RecordDialog namespaces)  341ms
 ✓ |unit-web| src/pages/portfolio/portfolio.test.tsx (32 tests) 11072ms
   ✓ Portfolio (en) > lists code, name, wave, owners and three separate columns: proposed rank, selection and funding  1044ms
   ✓ Portfolio (en) > the proposed rank is Unknown (never 0) when the prioritization view is unavailable  351ms
   ✓ Portfolio (en) > filters by status and wave on the server  320ms
   ✓ Portfolio (en) > creates a draft at any time: POST /initiatives with the transformation and an Idempotency-Key  746ms
   ✓ Portfolio (en) > the read-only auditor sees the list with no enabled write control  422ms
   ✓ Portfolio (ar) > lists code, name, wave, owners and three separate columns: proposed rank, selection and funding  353ms
   ✓ Portfolio (ar) > filters by status and wave on the server  443ms
   ✓ Portfolio (ar) > creates a draft at any time: POST /initiatives with the transformation and an Idempotency-Key  541ms
   ✓ Initiative Card (en) > submit refused: 'Case for change not yet approved (G1)…' is the dialog's one translated alert  320ms
   ✓ Initiative Card (en) > launch refused: 'North Star, outcomes and target state not yet approved', then 'Selected - unfunded…'  450ms
   ✓ Initiative Card (en) > select is a labelled business approval: rationale required, If-Match, no 'on behalf of' control  460ms
   ✓ Initiative Card (ar) > submit refused: 'Case for change not yet approved (G1)…' is the dialog's one translated alert  321ms
   ✓ Initiative Card (ar) > launch refused: 'North Star, outcomes and target state not yet approved', then 'Selected - unfunded…'  425ms
   ✓ Initiative Card (ar) > select is a labelled business approval: rationale required, If-Match, no 'on behalf of' control  334ms
   ✓ Initiative Card (ar) > a 409 shows the conflict banner and reloads  331ms
   ✓ Initiative Card (ar) > a gap link to another TOM record shows 'A project portfolio is not a Target Operating Model…'  499ms
   ✓ Initiative Card (ar) > an outcome contribution needs an outcome; the KPI is optional and labelled so  336ms
 ✓ |unit-web| src/pages/p2-blank-forms.test.tsx (52 tests) 21888ms
   ✓ gate submission note (en) > a whitespace-only note is refused inline and nothing is sent  1066ms
   ✓ gate submission note (en) > a invisible-only note is refused inline and nothing is sent  647ms
   ✓ gate submission note (en) > visible text is sent verbatim; an empty note is omitted  924ms
   ✓ gate submission note (ar) > a whitespace-only note is refused inline and nothing is sent  376ms
   ✓ gate submission note (ar) > a invisible-only note is refused inline and nothing is sent  379ms
   ✓ gate submission note (ar) > visible text is sent verbatim; an empty note is omitted  660ms
   ✓ gate decision rationale and comments (en) > a whitespace-only rationale is refused inline and nothing is sent  704ms
   ✓ gate decision rationale and comments (en) > a invisible-only rationale is refused inline and nothing is sent  440ms
   ✓ gate decision rationale and comments (en) > a invisible (long enough for min 3)-only rationale is refused inline and nothing is sent  325ms
   ✓ gate decision rationale and comments (en) > a whitespace-only comment is refused inline (focus on it) and nothing is sent  376ms
   ✓ gate decision rationale and comments (en) > a invisible-only comment is refused inline (focus on it) and nothing is sent  318ms
   ✓ gate decision rationale and comments (en) > visible text is sent verbatim; empty comments are omitted; an empty rationale stays 'too short'  333ms
   ✓ gate decision rationale and comments (en) > a server 400 validation.blank on /rationale lands on the field  331ms
   ✓ gate decision rationale and comments (ar) > a whitespace-only rationale is refused inline and nothing is sent  340ms
   ✓ journey step editor (en) > a whitespace-only actor is refused inline (not turned into null) and nothing is sent  498ms
   ✓ journey step editor (en) > a invisible-only actor is refused inline (not turned into null) and nothing is sent  532ms
   ✓ journey step editor (en) > several blank fields: each gets the message and focus goes to the first (name)  615ms
   ✓ journey step editor (en) > visible text is sent verbatim; emptied optional text is null; an empty name is required  437ms
   ✓ journey step editor (ar) > a whitespace-only actor is refused inline (not turned into null) and nothing is sent  348ms
   ✓ journey step editor (ar) > a invisible-only actor is refused inline (not turned into null) and nothing is sent  474ms
   ✓ journey step editor (ar) > several blank fields: each gets the message and focus goes to the first (name)  422ms
   ✓ journey step editor (ar) > visible text is sent verbatim; emptied optional text is null; an empty name is required  653ms
   ✓ Finance validation note and archive reason (en) > note: a whitespace-only note is refused inline and nothing is sent  455ms
   ✓ Finance validation note and archive reason (en) > note: a invisible-only note is refused inline and nothing is sent  344ms
   ✓ Finance validation note and archive reason (en) > note: empty is 'required'; visible text is sent verbatim  501ms
   ✓ Finance validation note and archive reason (en) > reason: a whitespace-only reason is refused inline and nothing is archived  335ms
   ✓ Finance validation note and archive reason (en) > reason: a invisible-only reason is refused inline and nothing is archived  385ms
   ✓ Finance validation note and archive reason (en) > reason: a server 400 validation.blank on /reason is the field message, not a generic error  401ms
   ✓ Finance validation note and archive reason (en) > reason: a reason with U+0000 is refused inline with the localized message and nothing is archived  377ms
   ✓ Finance validation note and archive reason (en) > reason: a server 400 validation.invalid_character on /reason is the localized field message  600ms
   ✓ Finance validation note and archive reason (en) > reason: empty keeps 'too short'; visible text is sent verbatim  456ms
   ✓ Finance validation note and archive reason (ar) > note: a whitespace-only note is refused inline and nothing is sent  305ms
   ✓ Finance validation note and archive reason (ar) > note: a invisible-only note is refused inline and nothing is sent  375ms
   ✓ Finance validation note and archive reason (ar) > note: empty is 'required'; visible text is sent verbatim  640ms
   ✓ Finance validation note and archive reason (ar) > reason: a whitespace-only reason is refused inline and nothing is archived  354ms
   ✓ Finance validation note and archive reason (ar) > reason: a invisible-only reason is refused inline and nothing is archived  353ms
   ✓ Finance validation note and archive reason (ar) > reason: a server 400 validation.blank on /reason is the field message, not a generic error  311ms
   ✓ Finance validation note and archive reason (ar) > reason: a reason with U+0000 is refused inline with the localized message and nothing is archived  718ms
   ✓ Finance validation note and archive reason (ar) > reason: a server 400 validation.invalid_character on /reason is the localized field message  479ms
   ✓ Finance validation note and archive reason (ar) > reason: empty keeps 'too short'; visible text is sent verbatim  474ms
   ✓ North Star statement (en) > a whitespace-only statement is refused inline and nothing is sent  325ms
 ✓ |unit-web| src/pages/actions/BudgetPanel.test.tsx (18 tests) 8520ms
   ✓ budget panel (en) > lines in their own currency with Unknown for an empty amount; totals per currency, Unknown with reason  1120ms
   ✓ budget panel (en) > no active line: the budget is Unknown 'No budget lines' (no_budget_lines), never a total of 0  458ms
   ✓ budget panel (en) > create: decimal strings, empty amounts omitted (Unknown), an invalid amount is refused inline with the §11 text  807ms
   ✓ budget panel (en) > a refusal is translated: 409 budget_line.duplicate on create keeps the dialog with the §11 text  446ms
   ✓ budget panel (en) > edit sends only the changed member with If-Match of the version seen; a stale version is a 409 (nothing saved, lines re-read)  766ms
   ✓ budget panel (en) > archive sends the reason with If-Match; 422 budget_line.archived is translated in the dialog  851ms
   ✓ budget panel (en) > the auditor (no budget.edit) sees the panel read-only: no add, edit or archive control  681ms
   ✓ budget panel (ar) > lines in their own currency with Unknown for an empty amount; totals per currency, Unknown with reason  777ms
   ✓ budget panel (ar) > no active line: the budget is Unknown 'No budget lines' (no_budget_lines), never a total of 0  418ms
   ✓ budget panel (ar) > create: decimal strings, empty amounts omitted (Unknown), an invalid amount is refused inline with the §11 text  372ms
   ✓ budget panel (ar) > a refusal is translated: 409 budget_line.duplicate on create keeps the dialog with the §11 text  316ms
   ✓ budget panel (ar) > edit sends only the changed member with If-Match of the version seen; a stale version is a 409 (nothing saved, lines re-read)  496ms
   ✓ budget panel (ar) > archive sends the reason with If-Match; 422 budget_line.archived is translated in the dialog  472ms
   ✓ budget panel (ar) > the auditor (no budget.edit) sees the panel read-only: no add, edit or archive control  518ms
 ✓ |unit-web| src/pages/p2.test.tsx (56 tests) 20131ms
   ✓ Diagnose > shows the six T01 dimensions with Unknown for missing values, and value pools that are never 0  932ms
   ✓ Diagnose > shows the totals as Unknown when no pool is quantified  381ms
   ✓ Diagnose > renders the six workstreams with their key questions  449ms
   ✓ Diagnose > edits a T01 row with only the changed fields and If-Match  823ms
   ✓ Diagnose > a 409 on save writes nothing, compares, and re-applies on the current version  810ms
   ✓ Diagnose > a 400 validation.blank shows a localized message on its field ('en')  854ms
   ✓ Diagnose > a 400 validation.blank shows a localized message on its field ('ar')  669ms
   ✓ Diagnose > an invisible-only value is blocked client-side with validation.blank ('en')  727ms
   ✓ Diagnose > an invisible-only value is blocked client-side with validation.blank ('ar')  612ms
   ✓ Diagnose > a whitespace-only T01 value is an inline blank error and sends nothing ('en')  677ms
   ✓ Diagnose > a whitespace-only T01 value is an inline blank error and sends nothing ('ar')  873ms
   ✓ Diagnose > T01: an emptied field is sent as an explicit null; visible text is sent verbatim  1106ms
   ✓ Define > shows the good outcome test per outcome with pass / fail / unknown and localized reasons  309ms
   ✓ Define > requires a target date on a T02 row before sending anything  314ms
   ✓ Define > sets the North Star with one sentence and no If-Match the first time  375ms
   ✓ Define: KPI activation (F-DG2-201) > offers Activate on a draft KPI, states the unmet precondition on 422, then activates with If-Match  348ms
   ✓ Define: KPI activation (F-DG2-201) > Arabic: the Activate action and the 422 reason are in Arabic  450ms
   ✓ Charter > scope pre-check: an empty Out of scope reads as failing (EN and AR)  469ms
   ✓ Charter > thesis: the four parts compose the B0037 sentence (EN and AR)  310ms
   ✓ Charter > edit: a whitespace Out of scope is an inline blank error, sends nothing and keeps the value (en)  372ms
   ✓ Charter > edit: a whitespace Out of scope is an inline blank error, sends nothing and keeps the value (ar)  398ms
   ✓ Charter > edit: emptying a filled field sends null; visible text is verbatim (en)  383ms
   ✓ Charter > edit: emptying a filled field sends null; visible text is verbatim (ar)  587ms
   ✓ Charter > edit: a change summary alone is not a change (never a content-free version)  390ms
   ✓ Design > shows the ten canvas boxes and the per-dimension view  433ms
   ✓ Design > converts an unresolved workshop item into a design decision with If-Match  595ms
   ✓ Gates (business approval) > lists G1-G6 as business approvals with live readiness, and never mentions the engineering gates  348ms
   ✓ Gates (business approval) > the approver's decision: rationale required; 403 and 409 problems in words  337ms
   ✓ Evidence > uploads a revision as octet-stream with a percent-encoded file name and If-Match  332ms
   ✓ Evidence > never offers review to the creator; a filename reference can only be rejected  400ms
 ✓ |unit-web| src/pages/prioritization/prioritization.test.tsx (20 tests) 7392ms
   ✓ prioritization (en) > ranked table: an incomplete score is 'incomplete' (never a number), 3.30 complete; 0–100 shows 57.5 with its label  1306ms
   ✓ prioritization (en) > scorecard: 6 is refused inline and nothing is sent; 4 is POSTed as the integer; the weighted score is read-only 'incomplete'  610ms
   ✓ prioritization (en) > weight sets: the live total refuses 95% and 105%; 100% is accepted and POSTed as decimal strings  306ms
   ✓ prioritization (en) > weight sets: the proposer is never offered approval; another approver's approval is a business approval with If-Match; 403 SoD is translated  529ms
   ✓ prioritization (en) > overrides: a reason is required (missing and invisible-only are refused, nothing sent); with a reason it is POSTed  321ms
   ✓ prioritization (en) > the read-only auditor sees the data and no enabled write control  314ms
   ✓ prioritization (ar) > ranked table: an incomplete score is 'incomplete' (never a number), 3.30 complete; 0–100 shows 57.5 with its label  515ms
   ✓ prioritization (ar) > scorecard: 6 is refused inline and nothing is sent; 4 is POSTed as the integer; the weighted score is read-only 'incomplete'  728ms
   ✓ prioritization (ar) > weight sets: the live total refuses 95% and 105%; 100% is accepted and POSTed as decimal strings  321ms
   ✓ prioritization (ar) > weight sets: the proposer is never offered approval; another approver's approval is a business approval with If-Match; 403 SoD is translated  518ms
   ✓ prioritization (ar) > weight set approval: a 409 shows the conflict banner and reloads  327ms
 ✓ |unit-web| src/pages/benefits/plan-values.test.tsx (15 tests) 9908ms
   ✓ plan-value editing (en) > Edit reads getBenefitPlanValue, pre-fills the form and PATCHes the changed member with the read's If-Match  791ms
   ✓ plan-value editing (en) > an unchanged form sends nothing and says so; Cancel closes  313ms
   ✓ plan-value editing (en) > a 409 (changed by someone else after the read) is a conflict: the record is re-read, If-Match never moves under the typed values  610ms
   ✓ plan-value editing (en) > a failed read (500) shows its state in the section and no form; Cancel removes it  3293ms
   ✓ plan-value editing (ar) > Edit reads getBenefitPlanValue, pre-fills the form and PATCHes the changed member with the read's If-Match  347ms
   ✓ plan-value editing (ar) > an unchanged form sends nothing and says so; Cancel closes  319ms
   ✓ plan-value editing (ar) > a 409 (changed by someone else after the read) is a conflict: the record is re-read, If-Match never moves under the typed values  438ms
   ✓ plan-value editing (ar) > a failed read (500) shows its state in the section and no form; Cancel removes it  3185ms
 ✓ |unit-web| src/auth/session-end.test.tsx (12 tests) 6630ms
   ✓ session end while the app is open (en) > a 401 on navigation lands once on sign-in with the message; signing in again returns to the page  1039ms
   ✓ session end while the app is open (en) > a 401 on a dialog mutation (the commit-time upload refusal) closes the dialog and lands once on sign-in  765ms
   ✓ session end while the app is open (en) > a sign-out elsewhere noticed by the next /me probe lands once on sign-in, never on the stale shell  515ms
   ✓ session end while the app is open (en) > a 403 (forbidden) is never treated as a session end  548ms
   ✓ session end while the app is open (ar) > a 401 on navigation lands once on sign-in with the message; signing in again returns to the page  683ms
   ✓ session end while the app is open (ar) > a 401 on a dialog mutation (the commit-time upload refusal) closes the dialog and lands once on sign-in  716ms
   ✓ session end while the app is open (ar) > a sign-out elsewhere noticed by the next /me probe lands once on sign-in, never on the stale shell  480ms
   ✓ session end while the app is open (ar) > a 403 (forbidden) is never treated as a session end  492ms
   ✓ session end under <StrictMode> (as in production) > still lands exactly once on sign-in  628ms
   ✓ sign-in page and the cached identity > decides 'already signed in' only from a fresh /me, never from a stale cache  370ms
   ✓ sign-in page and the cached identity > signing out here shows 'signed out', not 'session ended', and no /me loop  371ms
 ✓ |unit-web| src/auth/session-bound.test.tsx (34 tests) 8303ms
   ✓ F-DG2-530/580 no effect of A's action after a further await once the tab is B's (en) > Y1: a create whose post-create GET /me returns B: B is not navigated and never sees A's code or name  793ms
   ✓ F-DG2-530/580 no effect of A's action after a further await once the tab is B's (en) > an edit whose identity changes between its awaits: B is not navigated to A's record and keeps nothing of A's  426ms
   ✓ F-DG2-530/580 no effect of A's action after a further await once the tab is B's (en) > an organization create whose identity changes between its awaits: B is not navigated to A's new organization  449ms
   ✓ F-DG2-530/580 no effect of A's action after a further await once the tab is B's (en) > a user create whose identity changes between its awaits: B is not navigated to A's new user  477ms
   ✓ F-DG2-530/580 no effect of A's action after a further await once the tab is B's (ar) > Y1: a create whose post-create GET /me returns B: B is not navigated and never sees A's code or name  537ms
   ✓ F-DG2-530/580 no effect of A's action after a further await once the tab is B's (ar) > an edit whose identity changes between its awaits: B is not navigated to A's record and keeps nothing of A's  392ms
   ✓ F-DG2-530/580 no effect of A's action after a further await once the tab is B's (ar) > an organization create whose identity changes between its awaits: B is not navigated to A's new organization  413ms
   ✓ F-DG2-530/580 no effect of A's action after a further await once the tab is B's (ar) > a user create whose identity changes between its awaits: B is not navigated to A's new user  535ms
   ✓ the convention: no raw navigate or cache write in app code (T-DG2-FE15) > the ESLint rule refuses a raw navigate, a raw cache write and a useNavigate import in a page  1420ms
 ✓ |unit-web| src/auth/session-generation.test.tsx (26 tests) 9172ms
   ✓ F-DG2-530 a write in flight across an identity change (en) > X3: A's PATCH answered after B's /me is not written into B's cache, not shown, and does not navigate B  734ms
   ✓ F-DG2-530 a write in flight across an identity change (en) > X3b: the same after a session END here and B's sign-in: A's late answer never lands  523ms
   ✓ F-DG2-530 a write in flight across an identity change (en) > an archive in flight across an identity change: A's archived record never lands in B's cache  538ms
   ✓ F-DG2-530 a write in flight across an identity change (en) > an organization save in flight across an identity change: A's change is never stored under B  568ms
   ✓ F-DG2-530 a write in flight across an identity change (en) > a user save in flight across an identity change: A's change is never stored under B  535ms
   ✓ F-DG2-530 a write in flight across an identity change (en) > a same-person new session: the in-flight save is dropped silently, the draft is kept and usable  427ms
   ✓ F-DG2-530 X6: refocus and reconnect revalidate GET /me first (en) > after B signs in elsewhere, a refocus within /me's staleTime shows B's header with B's data, never A's  313ms
   ✓ F-DG2-530 X6: refocus and reconnect revalidate GET /me first (en) > the same identity: a refocus refetches /me once, then the stale page queries; nothing when all is fresh  382ms
   ✓ F-DG2-530 a write in flight across an identity change (ar) > X3: A's PATCH answered after B's /me is not written into B's cache, not shown, and does not navigate B  544ms
   ✓ F-DG2-530 a write in flight across an identity change (ar) > X3b: the same after a session END here and B's sign-in: A's late answer never lands  540ms
   ✓ F-DG2-530 a write in flight across an identity change (ar) > an archive in flight across an identity change: A's archived record never lands in B's cache  544ms
   ✓ F-DG2-530 a write in flight across an identity change (ar) > an organization save in flight across an identity change: A's change is never stored under B  599ms
   ✓ F-DG2-530 a write in flight across an identity change (ar) > a user save in flight across an identity change: A's change is never stored under B  585ms
   ✓ F-DG2-530 a write in flight across an identity change (ar) > a same-person new session: the in-flight save is dropped silently, the draft is kept and usable  435ms
   ✓ F-DG2-530 a write in flight across an identity change (ar) > a language save retried after a 409 is never written for the identity that replaced A  303ms
   ✓ F-DG2-530 X6: refocus and reconnect revalidate GET /me first (ar) > after B signs in elsewhere, a refocus within /me's staleTime shows B's header with B's data, never A's  312ms
   ✓ F-DG2-530 X6: refocus and reconnect revalidate GET /me first (ar) > the same identity: a refocus refetches /me once, then the stale page queries; nothing when all is fresh  376ms
 ✓ |unit-web| src/pages/render-time-language.test.tsx (28 tests) 10129ms
   ✓ sign-in (dev form), 'en' → 'ar' > an invalid user name: the inline message follows the switch  487ms
   ✓ journey step editor, 'en' → 'ar' > a field error on a step follows the switch  770ms
   ✓ journey step editor, 'en' → 'ar' > the form-level "Step N:" error follows the switch (prefix and message)  689ms
   ✓ journey step editor, 'ar' → 'en' > a field error on a step follows the switch  871ms
   ✓ journey step editor, 'ar' → 'en' > the form-level "Step N:" error follows the switch (prefix and message)  742ms
   ✓ row-action note and reason dialog, 'en' → 'ar' > the Finance validation note's 'required' follows the switch  635ms
   ✓ row-action note and reason dialog, 'en' → 'ar' > the Finance validation choice's 'required' follows the switch  580ms
   ✓ row-action note and reason dialog, 'en' → 'ar' > the archive reason's 'too short' follows the switch  418ms
   ✓ row-action note and reason dialog, 'ar' → 'en' > the Finance validation note's 'required' follows the switch  453ms
   ✓ row-action note and reason dialog, 'ar' → 'en' > the Finance validation choice's 'required' follows the switch  371ms
   ✓ row-action note and reason dialog, 'ar' → 'en' > the archive reason's 'too short' follows the switch  405ms
   ✓ North Star statement, 'en' → 'ar' > the statement's field error follows the switch  389ms
   ✓ North Star statement, 'ar' → 'en' > the statement's field error follows the switch  359ms
   ✓ evidence dialogs, 'en' → 'ar' > upload without a file: 'required' follows the switch  362ms
   ✓ evidence dialogs, 'en' → 'ar' > a link without a record type or record: both 'required' messages follow the switch  334ms
   ✓ evidence dialogs, 'ar' → 'en' > upload without a file: 'required' follows the switch  387ms
   ✓ evidence dialogs, 'ar' → 'en' > a link without a record type or record: both 'required' messages follow the switch  321ms
 ✓ |unit-web| src/pages/benefits/benefits.test.tsx (29 tests) 5484ms
   ✓ benefits screens (en) > T14 register: ten columns; Value (SAR) n/a and Unknown never 0; Realized kept apart with pending labelled  656ms
   ✓ benefits screens (en) > allocations: percent and unallocated share; the replace sends fractions with If-Match  310ms
   ✓ benefits screens (en) > allocations above 100 %: the preview warns and the server's 422 is translated in the one form alert  419ms
   ✓ benefits screens (en) > Finance decision: the content_incomplete 422 and a Business Owner's 403 are translated  384ms
   ✓ benefits screens (en) > read-only (auditor): Finance item without decide, register without create  346ms
   ✓ benefits screens (ar) > read-only (auditor): Finance item without decide, register without create  324ms
 ✓ |unit-web| src/pages/kpi/kpi-periods.test.tsx (6 tests) 8205ms
   ✓ KPI update periods (en) > a Lead or KPI owner chooses an open period that is not the current one, from the transformation's list  775ms
   ✓ KPI update periods (en) > a transformation-scoped KPI owner (no organization.read) gets the same choice  319ms
   ✓ KPI update periods (en) > no open period of the KPI's frequency: the form says so; a failed list is an error, never an empty choice  3265ms
   ✓ KPI update periods (ar) > no open period of the KPI's frequency: the form says so; a failed list is an error, never an empty choice  3337ms
 ✓ |unit-web| src/pages/dispensations/dispensations.test.tsx (12 tests) 4454ms
   ✓ Dispensations (en) > lists waivers and inherited approvals; unverified evidence is shown as unverified; recorder cannot decide  613ms
   ✓ Dispensations (en) > a waiver needs a reason and an expiry: refused inline, nothing sent; then sent with its scope  553ms
   ✓ Dispensations (en) > an inherited approval (Modular) needs the approving body, the date and evidence; 422s are translated  427ms
   ✓ Dispensations (en) > deciding is a labelled business approval; the delegated-decision 422 and the recorder 403 are translated  486ms
   ✓ Dispensations (en) > the read-only auditor sees the register with no enabled write control  314ms
   ✓ Dispensations (ar) > a waiver needs a reason and an expiry: refused inline, nothing sent; then sent with its scope  311ms
   ✓ Dispensations (ar) > an inherited approval (Modular) needs the approving body, the date and evidence; 422s are translated  465ms
   ✓ Dispensations (ar) > deciding is a labelled business approval; the delegated-decision 422 and the recorder 403 are translated  443ms
 ✓ |unit-web| src/pages/bau/sustain.test.tsx (14 tests) 3725ms
   ✓ BAU and improvement screens (en) > handover checklist marks data access missing; submit 422 names it in the shown language  687ms
   ✓ BAU and improvement screens (en) > only the receiving owner is offered accept, labelled a business approval  626ms
   ✓ BAU and improvement screens (en) > a failed check links to its recovery action; an unknown review signal is Unknown, never on track  385ms
   ✓ BAU and improvement screens (en) > CI backlog stays visible and editable after the transformation is closed  323ms
   ✓ BAU and improvement screens (ar) > handover checklist marks data access missing; submit 422 names it in the shown language  330ms
   ✓ BAU and improvement screens (ar) > only the receiving owner is offered accept, labelled a business approval  321ms
 ✓ |unit-web| src/pages/adoption/adoption.test.tsx (18 tests) 4675ms
   ✓ adoption screens (en) > T13: the seven columns, influence separate from impact, closed lists, provisional Arabic flag  1046ms
   ✓ adoption screens (en) > a server 400 stakeholder_group.stance_invalid lands on the stance field, translated  597ms
   ✓ adoption screens (en) > interventions: below-trajectory row shows Unassigned and Unknown due date with its reason  337ms
   ✓ adoption screens (en) > AUD sees the plan read-only (no write control)  306ms
   ✓ adoption screens (ar) > T13: the seven columns, influence separate from impact, closed lists, provisional Arabic flag  342ms
 ✓ |unit-web| src/pages/approvals/approvals.test.tsx (16 tests) 3387ms
   ✓ Approvals (en) > lists my approvals; an Unknown due date shows Unknown with its reason, never a date  304ms
   ✓ Approvals (en) > offers exactly four outcomes; defer needs a date; the decision sends subjectVersion with If-Match  497ms
 ✓ |unit-web| src/pages/capacity/fe-e.test.tsx (13 tests) 4303ms
   ✓ capacity editing (en) > creates a role; a taken code (409) is the form's translated alert; then the role is created  668ms
   ✓ capacity editing (en) > edits a role's labels and archives it, each with If-Match  442ms
   ✓ capacity editing (en) > creates a capacity row with a decimal FTE string; a duplicate (409) is translated  422ms
   ✓ capacity editing (en) > creates a demand; after the save the plan is re-read and the conflict with its shortfall appears; Unknown stays Unknown  417ms
   ✓ capacity editing (en) > edits a planned demand with If-Match; 422 resource_demand.not_planned is translated  353ms
   ✓ capacity editing (ar) > creates a capacity row with a decimal FTE string; a duplicate (409) is translated  356ms
   ✓ capacity editing (ar) > creates a demand; after the save the plan is re-read and the conflict with its shortfall appears; Unknown stays Unknown  372ms
   ✓ capacity editing (ar) > edits a planned demand with If-Match; 422 resource_demand.not_planned is translated  320ms
 ✓ |unit-web| src/pages/gates/g1-agreements.test.tsx (10 tests) 4452ms
   ✓ G1 agreements step (en) > approving G1 needs the three labelled confirmations; then sends agreements with all three true  1064ms
   ✓ G1 agreements step (en) > a non-approve outcome on G1 sends no agreements (even after ticking them)  487ms
   ✓ G1 agreements step (en) > the server's 422 gate.g1_agreements_required is the one form-level alert, with the missing confirmations  473ms
   ✓ G1 agreements step (en) > the server's 422 gate.agreements_not_applicable is translated as the one form-level alert  334ms
   ✓ G1 agreements step (ar) > approving G1 needs the three labelled confirmations; then sends agreements with all three true  551ms
   ✓ G1 agreements step (ar) > a non-approve outcome on G1 sends no agreements (even after ticking them)  410ms
 ✓ |unit-web| src/pages/raci/governance.test.tsx (15 tests) 3309ms
   ✓ Governance (en) > RACI: edits a row with the cell selects and saves it as one PATCH with If-Match  614ms
   ✓ Governance (en) > decision rights: submits the matrix for business approval with If-Match  308ms
   ✓ Governance (en) > decision rights: a field with an unknown party code is refused before sending  307ms
 ✓ |unit-web| src/pages/team/team.test.tsx (10 tests) 4625ms
   ✓ Team (English LTR) > shows the six governance roles with B0018 accountability text verbatim and who holds each  709ms
   ✓ Team (English LTR) > lists team members with the accountability on each assignment, sortable and filterable  461ms
   ✓ Team (English LTR) > a Transformation Lead assigns a Workstream Lead: Idempotency-Key, reason, accountability preview  422ms
   ✓ Team (English LTR) > shows a 403 from the server in words; nothing is assigned  473ms
   ✓ Team assign dialog: accountability preview follows the selected role (F-DG2-430) > en: WL on open, then KDS, TD, none and WL again, in StrictMode with no React warning  445ms
   ✓ Team assign dialog: accountability preview follows the selected role (F-DG2-430) > ar: WL on open, then KDS, TD, none and WL again, in StrictMode with no React warning  538ms
   ✓ Team: the success notice follows a language switch, 'en' → 'ar' > the notice is shown in the language now on screen, not the one it was created in  671ms
   ✓ Team: the success notice follows a language switch, 'ar' → 'en' > the notice is shown in the language now on screen, not the one it was created in  468ms
 ✓ |unit-web| src/pages/business-cases/business-cases.test.tsx (18 tests) 5874ms
   ✓ business cases (en) > register: levels, Finance baseline states with text (Stale is never green) and drafts  730ms
   ✓ business cases (en) > detail: all ten sections, totals with gross / cost / net apart, net Unknown (never 0), roll-up by reference  346ms
   ✓ business cases (en) > sections: saves only the changed section with If-Match; blank text is refused inline and nothing is sent  614ms
   ✓ business cases (en) > sections: a 409 shows the standard conflict panel (nothing saved) with the current values  364ms
   ✓ business cases (en) > lines: exactly one class from one select; the value basis follows the class; a 422 is translated  429ms
   ✓ business cases (en) > Finance validation: a business approval for FIN who did not author the case; If-Match; translated 403  356ms
   ✓ business cases (ar) > sections: saves only the changed section with If-Match; blank text is refused inline and nothing is sent  486ms
   ✓ business cases (ar) > sections: a 409 shows the standard conflict panel (nothing saved) with the current values  387ms
   ✓ business cases (ar) > lines: exactly one class from one select; the value basis follows the class; a 422 is translated  514ms
   ✓ business cases (ar) > Finance validation: a business approval for FIN who did not author the case; If-Match; translated 403  316ms
 ✓ |unit-web| src/pages/gates/g4.test.tsx (16 tests) 3844ms
   ✓ G4 refusal item by item (en) > two initiatives without owners: two separate translated 'Owners' items, never the joined English message  650ms
   ✓ G4 refusal item by item (en) > without a usable gate view: one translated line per refused criterion, never the English message  327ms
   ✓ G4 refusal item by item (ar) > two initiatives without owners: two separate translated 'Owners' items, never the joined English message  374ms
   ✓ G4 refusal item by item (ar) > without a usable gate view: one translated line per refused criterion, never the English message  313ms
   ✓ G4 view (en) > the decision's 403 urn:mth:problem:forbidden is translated  321ms
 ✓ |unit-web| src/pages/dependencies/dependencies.test.tsx (12 tests) 3102ms
   ✓ dependencies (en) > shows the seven T08 columns, an External source, the type label and the needed-by conflict flag  567ms
   ✓ dependencies (en) > a cycle is refused and shown as the translated message with the path INI-01 → INI-02 → INI-03 → INI-01  375ms
   ✓ dependencies (en) > an External source is sent as {kind: external, label}  350ms
 ✓ |unit-web| src/pages/raid/raid.test.tsx (18 tests) 6463ms
   ✓ RAID and actions screens (en) > T15 register: nine columns, Probability n/a outside Risk, per-type mitigation header, Dependency links to T08  485ms
   ✓ RAID and actions screens (en) > action register: source, follow-up date and overdue flag; edit sends If-Match  1338ms
   ✓ RAID and actions screens (en) > the read-only auditor sees the register without any write control  359ms
   ✓ RAID and actions screens (ar) > action register: source, follow-up date and overdue flag; edit sends If-Match  1567ms
   ✓ RAID and actions screens (ar) > the read-only auditor sees the register without any write control  307ms
 ✓ |unit-web| src/pages/kpi/kpi.test.tsx (27 tests) 5752ms
   ✓ KPI screens (en) > RAG panel: the seven elements, the threshold version named, and the override beside the calculated RAG  579ms
   ✓ KPI screens (en) > four-step update: submits once, then lists downstream views, 'review pending' and 'Finance review pending'  599ms
   ✓ KPI screens (en) > a second entry for the same KPI and period is value version 2 of the same slot (If-Match)  327ms
   ✓ KPI screens (en) > a 409 on submit is the form's one alert: nothing was saved, the latest data is loaded  510ms
   ✓ KPI screens (en) > no active version: the update explains it and links to the versions (no form)  302ms
   ✓ KPI screens (en) > data quality: an open finding is resolved with a note and If-Match  380ms
   ✓ KPI screens (ar) > a 409 on submit is the form's one alert: nothing was saved, the latest data is loaded  320ms
   ✓ KPI screens (ar) > data quality: an open finding is resolved with a note and If-Match  323ms
 ✓ |unit-web| src/pages/transformations/transformations.test.tsx (21 tests) 7062ms
   ✓ after create (F-DG1-004) > shows the created record when the server lets the creator read it  761ms
   ✓ after create (F-DG1-004) > explains, in English, that the draft was created but cannot be opened (server 404), instead of 'Not found'  416ms
   ✓ after create (F-DG1-004) > explains the same in Arabic (RTL), using the glossary term for Transformation  405ms
   ✓ after create (F-DG1-004) > treats a 403 for the just-created record the same way  347ms
   ✓ audit trail changes (F-DG1-005) > Arabic: the same changes with Arabic labels in the RTL layout  632ms
   ✓ derived creator assignment on the audit trail (F-DG1-008) > an action the catalogue does not know stays readable and is explicitly marked (en and ar)  416ms
   ✓ effective permissions refresh after create (F-DG1-210) > English: Edit, Archive and the audit trail appear after create, without a reload  967ms
   ✓ effective permissions refresh after create (F-DG1-210) > Arabic (RTL): the same controls and the audit trail appear after create, without a reload  926ms
   ✓ effective permissions refresh after create (F-DG1-210) > does not over-grant: if the refreshed server answer adds nothing, Archive and the audit trail stay hidden  808ms
 ✓ |unit-web| src/components/LanguageSwitch.test.tsx (10 tests) 3249ms
   ✓ a refused language save, 'en' → other ('403 csrf') > keeps ar on screen and says, in ar, that it was not saved  821ms
   ✓ a refused language save, 'ar' → other ('403 csrf') > keeps en on screen and says, in en, that it was not saved  526ms
   ✓ a refused language save, 'en' → other ('403 forbidden') > keeps ar on screen and says, in ar, that it was not saved  535ms
   ✓ a refused language save, 'ar' → other ('503') > keeps en on screen and says, in en, that it was not saved  440ms
 ✓ |unit-web| src/pages/benefit-formulas/benefit-formulas.test.tsx (18 tests) 4759ms
   ✓ T09 benefit formulas (en) > register: the six T09 columns with confidence H/M/L; examples marked illustrative with 100000 and 500000 SAR per year  725ms
   ✓ T09 benefit formulas (en) > builder: an undefined variable shows translated, with its position, before saving; nothing is sent  387ms
   ✓ T09 benefit formulas (en) > builder: a fraction is entered as percent and stored as a fraction; a version is saved with If-Match  376ms
   ✓ T09 benefit formulas (en) > builder: a 409 shows the standard conflict panel; nothing was saved  310ms
   ✓ T09 benefit formulas (ar) > builder: a fraction is entered as percent and stored as a fraction; a version is saved with If-Match  320ms
 ✓ |unit-web| src/auth/session-identity.test.tsx (18 tests) 6321ms
   ✓ F-DG2-500 a session end on the sign-in page (en) > W5: Back to /login after A's session ends, B signs in with the development form: B never sees A's records  1005ms
   ✓ F-DG2-500 a session end on the sign-in page (en) > W5b (OIDC mode): B signs in in another tab and this tab's /me re-probe brings B: B never sees A's records  705ms
   ✓ F-DG2-500 an identity change with no session end in this tab (en) > a refocus /me that returns another identity removes every session query before B renders, and drops A's drafts  354ms
   ✓ F-DG2-500 sign-out here and 403 (en) > signing out here clears everything; B signing in afterwards never sees A's records  654ms
   ✓ F-DG2-500 a session end on the sign-in page (ar) > W5: Back to /login after A's session ends, B signs in with the development form: B never sees A's records  543ms
   ✓ F-DG2-500 a session end on the sign-in page (ar) > W5b (OIDC mode): B signs in in another tab and this tab's /me re-probe brings B: B never sees A's records  521ms
   ✓ F-DG2-500 an identity change with no session end in this tab (ar) > a refocus /me that returns another identity removes every session query before B renders, and drops A's drafts  394ms
   ✓ F-DG2-500 sign-out here and 403 (ar) > signing out here clears everything; B signing in afterwards never sees A's records  893ms
 ✓ |unit-web| src/pages/actions/ScheduleNetworkPanel.test.tsx (11 tests) 5238ms
   ✓ schedule network panel (en) > computed (ADR-0031 §8 fixture): P = 18, path INI-01 → INI-02 → INI-04, INI-03 float 6 not critical  847ms
   ✓ schedule network panel (en) > not computable (missing duration): the reason and INI-03 listed; no critical styling or label at all  561ms
   ✓ schedule network panel (en) > record a duration: POST without If-Match; 409 initiative_schedule.exists is translated and the next save is a PATCH  672ms
   ✓ schedule network panel (en) > change a duration: a stale version is a 409 (nothing saved), the current value is re-read and shown, the next save sends the current version  728ms
   ✓ schedule network panel (en) > the auditor (no roadmap.edit) sees the network read-only: no duration control  313ms
   ✓ schedule network panel (ar) > record a duration: POST without If-Match; 409 initiative_schedule.exists is translated and the next save is a PATCH  678ms
   ✓ schedule network panel (ar) > change a duration: a stale version is a 409 (nothing saved), the current value is re-read and shown, the next save sends the current version  653ms
 ✓ |unit-web| src/app/app.test.tsx (17 tests) 3569ms
   ✓ bilingual shell > switches to English LTR and persists the preference with If-Match  364ms
   ✓ bilingual shell > shows all fourteen areas to an administrator  497ms
   ✓ bilingual shell > hides Administration from a Workstream Lead, and the admin route shows no-permission  416ms
   ✓ bilingual shell > a partial area (Governance) leads into the Gates tab of each transformation; its portfolio view stays planned  617ms
   ✓ transformations > lists transformations with a sortable code column and removable filter chips  408ms
   ✓ transformations > detail shows the workspace header with Unknown for data from later stages  319ms
 ✓ |unit-web| src/pages/meetings/governance.test.tsx (20 tests) 7373ms
   ✓ governance screens (en) > forums: the five layers with their verbatim source cadence; Arabic labelled provisional  329ms
   ✓ governance screens (en) > series editor: 'future meetings only' must be confirmed; the result lists the kept meetings  1065ms
   ✓ governance screens (en) > published minutes are read-only and the meeting shows the frozen note  443ms
   ✓ governance screens (en) > raising an ask without 'why now': the server's 400 lands on its field  342ms
   ✓ governance screens (en) > recording an Outcome is labelled a business decision and sends If-Match  694ms
   ✓ governance screens (en) > escalations: a routing error is a visible row; a rule without a stored row is labelled Default  319ms
   ✓ governance screens (ar) > series editor: 'future meetings only' must be confirmed; the result lists the kept meetings  673ms
   ✓ governance screens (ar) > meeting: the brief lists missing elements; quorum not configured is never 'met'; no engineering gate named  381ms
   ✓ governance screens (ar) > published minutes are read-only and the meeting shows the frozen note  393ms
   ✓ governance screens (ar) > recording an Outcome is labelled a business decision and sends If-Match  485ms
   ✓ governance screens (ar) > escalations: a routing error is a visible row; a rule without a stored row is labelled Default  544ms
 ✓ |unit-web| src/pages/roadmap/roadmap.test.tsx (14 tests) 6221ms
   ✓ roadmap (en) > shows the four source waves verbatim (English source also shown in Arabic) with overlapping horizons  835ms
   ✓ roadmap (en) > moving a milestone PATCHes the forecast with If-Match and the timeline, table and board all show the new date from one refetch  688ms
   ✓ roadmap (en) > a 409 on moving a milestone shows the conflict notice and reloads the roadmap  942ms
   ✓ roadmap (en) > re-approving a date requires a reason; then it is POSTed with If-Match  801ms
   ✓ roadmap (en) > deliverable acceptance sends the AcceptanceDecision with If-Match (no 'on behalf of' control)  634ms
   ✓ roadmap (ar) > moving a milestone PATCHes the forecast with If-Match and the timeline, table and board all show the new date from one refetch  441ms
   ✓ roadmap (ar) > a 409 on moving a milestone shows the conflict notice and reloads the roadmap  320ms
 ✓ |unit-web| src/pages/roadmap/fe-e.test.tsx (8 tests) 4471ms
   ✓ wave editing (en) > edits planned dates (overlap accepted) with If-Match; the source text is read-only and never sent  706ms
   ✓ wave editing (en) > 422 roadmap_wave.planned_range is inline at the planned end and translated  411ms
   ✓ wave editing (en) > adds a non-source wave with its bilingual texts (POST, Idempotency-Key)  1381ms
   ✓ wave editing (en) > the read-only auditor gets no wave control  375ms
   ✓ wave editing (ar) > adds a non-source wave with its bilingual texts (POST, Idempotency-Key)  884ms
 ✓ |unit-web| src/pages/actions/ExecutionPanel.test.tsx (12 tests) 13843ms
   ✓ execution panel (en) > milestone slip in working days (+5, −5, 0) beside calendar days; a missing date is Unknown with its reason  1576ms
   ✓ execution panel (en) > deliverable acceptance, demand without capacity (Unknown), dependency without impact (Unknown), decisions  971ms
   ✓ execution panel (en) > critical-path membership: a label when computed; null is Unknown with no critical styling  1611ms
   ✓ execution panel (en) > the initiative page holds the slot: budget lines, execution and schedule network, in its on-this-page navigation  876ms
   ✓ execution panel (en) > an answer outside the contract is the panel's error state; the rest of the initiative page still renders  3472ms
   ✓ execution panel (ar) > milestone slip in working days (+5, −5, 0) beside calendar days; a missing date is Unknown with its reason  387ms
   ✓ execution panel (ar) > deliverable acceptance, demand without capacity (Unknown), dependency without impact (Unknown), decisions  422ms
   ✓ execution panel (ar) > critical-path membership: a label when computed; null is Unknown with no critical styling  680ms
   ✓ execution panel (ar) > the initiative page holds the slot: budget lines, execution and schedule network, in its on-this-page navigation  556ms
   ✓ execution panel (ar) > an answer outside the contract is the panel's error state; the rest of the initiative page still renders  3280ms
 ✓ |unit-web| src/pages/gates/inherited-approval.test.tsx (16 tests) 3721ms
   ✓ inherited-approval annotation (en) > Gates list: G1 pending_verification (counts false) is a badge next to 'Not submitted'  477ms
   ✓ inherited-approval annotation (ar) > Gates list: G1 accepted (counts true) is a badge next to 'Not submitted'  407ms
   ✓ inherited-approval annotation (ar) > Gates list: no inherited approval, no badge  554ms
 ✓ |unit-web| src/pages/my-work/my-work.test.tsx (21 tests) 5467ms
   ✓ My Work (en) > renders tasks and reminders from messageKey + messageParams; Unknown due dates; system-managed tasks  779ms
   ✓ My Work (en) > marks a task done and a reminder read with bodiless POSTs and If-Match  784ms
   ✓ My Work (ar) > marks a task done and a reminder read with bodiless POSTs and If-Match  404ms
   ✓ Calendar, jobs and groups (en) > calendar: a technical administrator adds a holiday; a range error is caught before sending  393ms
   ✓ Calendar, jobs and groups (en) > jobs: no permission without job.read; job.configure edits a schedule with If-Match  403ms
   ✓ Calendar, jobs and groups (ar) > calendar: a technical administrator adds a holiday; a range error is caught before sending  563ms
   ✓ Calendar, jobs and groups (ar) > jobs: no permission without job.read; job.configure edits a schedule with If-Match  613ms
 ✓ |unit-web| src/app/p3-seams.test.tsx (10 tests) 4224ms
   ✓ P3 routes > workspace tabs (en) > the workspace tabs include the P3 tabs, labelled from their own namespaces  837ms
   ✓ P3 routes > workspace tabs (ar) > the workspace tabs include the P3 tabs, labelled from their own namespaces  465ms
   ✓ P3 navigation areas > en /initiatives-roadmaps leads into the Initiatives and Roadmaps tab of each transformation  1227ms
   ✓ P3 navigation areas > ar /initiatives-roadmaps leads into the المبادرات وخرائط الطريق tab of each transformation  884ms
   ✓ P3 navigation areas > en /benefits-finance leads into the Benefits and Finance tab of each transformation  400ms
   ✓ P3 navigation areas > ar /benefits-finance leads into the المنافع والمالية tab of each transformation  400ms
 ✓ |unit-web| src/pages/capacity/capacity.test.tsx (6 tests) 2420ms
   ✓ capacity (en) > the role × month grid shows decimal FTE, the conflict with its shortfall, and Unknown capacity as Unknown (never 0)  612ms
   ✓ capacity (en) > committing a demand POSTs with If-Match; a 409 shows the conflict notice and reloads  752ms
   ✓ capacity (en) > the read-only auditor sees the grid and no commit or release control  354ms
   ✓ capacity (ar) > committing a demand POSTs with If-Match; a 409 shows the conflict notice and reloads  337ms
 ✓ |unit-web| src/pages/transformations/modeGuidance.test.tsx (5 tests) 1960ms
   ✓ New transformation: mode guidance (English LTR) > shows When to use and How for the selected mode and switches with the mode  740ms
   ✓ New transformation: mode guidance (English LTR) > Modular requires an entry phase before anything is sent  490ms
   ✓ New transformation: mode guidance (English LTR) > a server validation error on the entry phase is shown on that field  353ms
   ✓ New transformation: mode guidance (Arabic RTL) > shows the Arabic rendering, marked provisional, with the English source text alongside  372ms
 ✓ |unit-web| src/pages/readiness/readiness.test.tsx (4 tests) 1784ms
   ✓ Readiness (en) > lists the missing diagnostic areas by name, the gates and the translated sequencing blockers  750ms
   ✓ Readiness (en) > an accepted, verified inherited approval counts, and the gate itself still is not approved  441ms
   ✓ Readiness (ar) > lists the missing diagnostic areas by name, the gates and the translated sequencing blockers  307ms
 ✓ |unit-web| src/components/RecordForm.alerts.test.tsx (16 tests) 2845ms
   ✓ record form: one alert per distinct form error (en) > dialog > a 400 whose only field error has pointer "" says its message once, in one live region  584ms
 ✓ |unit-web| src/components/States.test.tsx (15 tests) 772ms
 ✓ |unit-web| src/pages/my-work/message-keys.test.ts (83 tests) 95ms
 ✓ |unit-web| src/i18n/problems-slices-hijk.test.ts (8 tests) 186ms
 ✓ |unit-web| src/lib/lib.test.ts (24 tests) 177ms
 ✓ |unit-web| src/test/react-warning-guard.test.tsx (4 tests) 57ms
 ✓ |unit-web| src/i18n/i18n.test.ts (11 tests) 179ms
 ✓ |unit-web| src/lib/auditChanges.test.ts (125 tests) 137ms
 ✓ |unit-web| src/styles/styles.test.ts (6 tests) 23ms
 ✓ |unit-web| src/test/harness-config.test.ts (2 tests) 3ms
 ✓ |unit-web| src/pages/business-cases/problem-codes.test.ts (4 tests) 13ms
 ✓ |unit-node| apps/api/src/modules/workflows/workflows.test.ts (14 tests) 3221ms
   ✓ workflows module (P2) > its declared boundary holds, and an undeclared dependency would be caught  3013ms
 ✓ |unit-node| packages/shared/src/formula/fuzz.test.ts (111 tests) 13563ms
   ✓ fuzz: no uncaught exception, no code execution > 10 000 random byte strings (0–255, up to 80 bytes)  2457ms
   ✓ fuzz: no uncaught exception, no code execution > 10 000 random UTF-16 strings including astral code points and lone surrogates  1809ms
   ✓ fuzz: no uncaught exception, no code execution > 20 000 random strings over the grammar alphabet reach parser, type checker and evaluator  5079ms
   ✓ source scan: no dynamic code in packages/shared/src/formula (ADR-0024 §6) > every file of the engine's import closure gets the engine-source lint rules (eslint.config.js)  3108ms
   ✓ source scan: no dynamic code in packages/shared/src/formula (ADR-0024 §6) > ESLint refuses the round-5 handler forms (G1, G2, A1, A2), F1 and every lintable probe-table row in an engine source  975ms
 ✓ |unit-node| apps/api/src/architecture.test.ts (138 tests) 19155ms
   ✓ API module boundaries (ADR-0002) > every import respects dependsOn, public surfaces and allowed packages  12733ms
   ✓ package dependency direction (ADR-0002 rule 5) > packages/shared imports no workspace package  1331ms
   ✓ package dependency direction (ADR-0002 rule 5) > apps/web never imports @mth/db or @mth/config (browser bundle, no secrets)  3715ms
 ✓ |unit-node| apps/api/src/modules/kpi/kpi.test.ts (39 tests) 3590ms
   ✓ kpi module (P2) > its declared boundary holds, and a planted bypass or undeclared dependency would be caught  2985ms
 ✓ |unit-node| apps/api/src/modules/reporting/reporting.test.ts (4 tests) 2503ms
   ✓ reporting module (P1 scaffold, D-048) > its declared boundary holds, and a planted bypass or undeclared dependency would be caught  2314ms
 ✓ |unit-node| apps/api/src/server.test.ts (6 tests) 1406ms
   ✓ route registration > declares access on every /api route and on the health endpoints  607ms
   ✓ route registration > registers dev login only in AUTH_MODE=dev; production configuration refuses dev mode entirely  471ms
 ✓ |unit-node| packages/shared/src/kpi/property.test.ts (11 tests) 2019ms
   ✓ trajectory > linear expected values lie between the neighbouring points; step values are point values  326ms
   ✓ storage rounding > rounds once half-up: |stored − exact| ≤ 0.0000005 and the record is honest  603ms
 ✓ |unit-node| packages/shared/src/adoption/measures.test.ts (24 tests) 877ms
   ✓ properties (seeded) > the numerator never exceeds the denominator, and the result does not depend on record order  345ms
 ✓ |unit-node| packages/shared/src/scoring.test.ts (36 tests) 1174ms
   ✓ property: all 5^5 integer score combinations under v1 equal an independent BigInt rational computation > stored value, 2-digit display and 0–100 view all match for 3125 combinations  1073ms
 ✓ |unit-node| apps/api/src/modules/evidence/evidence.test.ts (13 tests) 1432ms
   ✓ evidence module (P2) > its declared boundary holds  1014ms
   ✓ FilesystemEvidenceStore (ADR-0010) > stores atomically and computes SHA-256 and size while streaming  316ms
 ✓ |unit-node| apps/api/src/modules/reporting/dashboards/areas.test.ts (19 tests) 610ms
   ✓ combine (ADR-0037 §3 precedence) > property: Unknown or Stale inputs never combine to green, and the result is one of the inputs' ranks (2000 seeded sets)  462ms
 ✓ |unit-node| apps/api/src/modules/platform/platform.test.ts (19 tests) 291ms
 ✓ |unit-node| packages/shared/src/schemas/schemas.test.ts (69 tests) 698ms
 ✓ |unit-node| apps/api/src/modules/methodology/methodology.test.ts (4 tests) 742ms
   ✓ methodology module (P2) > its declared boundary holds, and an undeclared dependency would be caught  676ms
 ✓ |unit-node| apps/api/src/modules/platform/in-flight.test.ts (4 tests) 329ms
 ✓ |unit-node| apps/api/src/modules/platform/media-types.test.ts (57 tests) 219ms
 ✓ |unit-node| packages/shared/src/formula/formula.test.ts (140 tests) 100ms
 ✓ |unit-node| packages/shared/src/value.test.ts (29 tests) 205ms
(node:1471) [FSTDEP022] FastifyWarning: The router options for constraints property access is deprecated. Please use "options.routerOptions" instead for accessing router options. The router options will be removed in `fastify@6`.
(Use `node --trace-warnings ...` to show where the warning was created)
 ✓ |unit-node| apps/api/src/modules/platform/framework-errors.test.ts (6 tests) 175ms
 ✓ |unit-node| apps/api/src/modules/platform/advisory-locks.test.ts (3 tests) 30ms
 ✓ |unit-node| apps/api/src/modules/benefits/benefits.test.ts (2 tests) 64ms
 ✓ |unit-node| apps/api/src/modules/platform/health.test.ts (2 tests) 69ms
 ✓ |unit-node| apps/api/src/modules/platform/connection-hygiene.test.ts (6 tests) 71ms
 ✓ |unit-node| apps/api/src/modules/governance/governance.test.ts (2 tests) 56ms
 ✓ |unit-node| apps/api/src/modules/kpi/rules.test.ts (30 tests) 96ms
 ✓ |unit-node| packages/shared/src/adoption/form-schema.test.ts (8 tests) 23ms
 ✓ |unit-node| packages/config/src/load.test.ts (17 tests) 188ms
 ✓ |unit-node| apps/api/src/modules/benefits/totals.test.ts (14 tests) 161ms
 ✓ |unit-node| apps/api/src/modules/kpi/formulas.test.ts (10 tests) 138ms
 ✓ |unit-node| apps/api/src/request-encoding.test.ts (11 tests) 416ms
 ✓ |unit-node| apps/api/src/modules/platform/incomplete-body.test.ts (10 tests) 165ms
 ✓ |unit-node| apps/api/src/modules/raid/raid.test.ts (7 tests) 108ms
 ✓ |unit-node| packages/shared/src/kpi/purity.test.ts (14 tests) 94ms
 ✓ |unit-node| apps/api/src/modules/benefits/register-rules.test.ts (45 tests) 70ms
 ✓ |unit-node| apps/api/src/modules/sustainment/sustainment.test.ts (2 tests) 61ms
 ✓ |unit-node| packages/shared/src/kpi/a05.test.ts (17 tests) 77ms
 ✓ |unit-node| packages/shared/src/kpi/periods.test.ts (26 tests) 25ms
 ✓ |unit-node| packages/db/src/seed.test.ts (34 tests) 73ms
 ✓ |unit-node| apps/api/src/modules/benefits/d2-rules.test.ts (15 tests) 44ms
 ✓ |unit-node| apps/api/src/modules/adoption/adoption.test.ts (2 tests) 39ms
 ✓ |unit-node| packages/shared/src/time/working-days.test.ts (19 tests) 74ms
 ✓ |unit-node| packages/shared/src/schemas/roadmap.test.ts (6 tests) 112ms
 ✓ |unit-node| apps/api/src/modules/tasks/tasks.test.ts (5 tests) 35ms
 ✓ |unit-node| packages/shared/src/kpi/rag.test.ts (38 tests) 25ms
 ✓ |unit-node| apps/api/src/modules/admin/branding.test.ts (4 tests) 104ms
 ✓ |unit-node| packages/shared/src/kpi/types.test.ts (40 tests) 39ms
 ✓ |unit-node| packages/design-tokens/src/tokens.test.ts (15 tests) 101ms
 ✓ |unit-node| packages/shared/src/kpi/change.test.ts (22 tests) 64ms
 ✓ |unit-node| apps/api/src/modules/platform/db-errors-p4.test.ts (5 tests) 24ms
 ✓ |unit-node| apps/api/src/modules/portfolio/capacity.test.ts (4 tests) 21ms
 ✓ |unit-node| apps/api/src/modules/kpi/p3-gate-facts.test.ts (9 tests) 15ms
 ✓ |unit-node| packages/shared/src/schedule/working-day-slip.test.ts (11 tests) 27ms
 ✓ |unit-node| apps/api/src/modules/transformations/good-outcome.test.ts (7 tests) 22ms
 ✓ |unit-node| packages/shared/src/schedule/critical-path.test.ts (13 tests) 18ms
 ✓ |unit-node| apps/api/src/modules/transformations/thesis.test.ts (4 tests) 87ms
 ✓ |unit-node| apps/api/src/modules/raid/corrective.test.ts (4 tests) 14ms
 ✓ |unit-node| packages/shared/src/kpi/trajectory.test.ts (14 tests) 64ms
 ✓ |unit-node| packages/shared/src/kpi/formula-binding.test.ts (26 tests) 41ms
 ✓ |unit-node| apps/api/src/modules/kpi/totals.test.ts (20 tests) 28ms
 ✓ |unit-node| apps/api/src/modules/portfolio/sequencing.test.ts (9 tests) 9ms
 ✓ |unit-node| packages/shared/src/schemas/missing-links.test.ts (10 tests) 15ms
 ✓ |unit-node| apps/api/src/modules/kpi/kbe-c.test.ts (9 tests) 20ms
 ✓ |unit-node| apps/api/src/modules/platform/db-errors-p4-meetings.test.ts (4 tests) 20ms
 ✓ |unit-node| apps/api/src/modules/portfolio/budget.test.ts (13 tests) 11ms
 ✓ |unit-node| packages/shared/src/kpi/status.test.ts (25 tests) 34ms
 ✓ |unit-node| packages/shared/src/kpi/measures.test.ts (30 tests) 30ms
 ✓ |unit-node| packages/shared/src/governance/recurrence.test.ts (19 tests) 26ms
 ✓ |unit-node| apps/api/src/modules/platform/db-errors.test.ts (7 tests) 40ms
 ✓ |unit-node| apps/api/src/modules/transformations/exclusions.test.ts (19 tests) 8ms
 ✓ |unit-node| packages/shared/src/kpi/aggregate.test.ts (20 tests) 45ms
 ✓ |unit-node| apps/api/src/modules/portfolio/schedule.test.ts (14 tests) 12ms
 ✓ |unit-node| apps/api/src/modules/identity/oidc-claims.test.ts (5 tests) 6ms
 ✓ |unit-node| packages/shared/src/schemas/corrective.test.ts (10 tests) 18ms
 ✓ |unit-node| apps/api/src/modules/platform/request-encoding.test.ts (7 tests) 10ms
 ✓ |unit-node| apps/api/src/modules/portfolio/readiness-transform.test.ts (4 tests) 5ms
 ✓ |unit-node| apps/api/src/modules/reporting/dashboards/finance.test.ts (12 tests) 14ms
 ✓ |unit-node| apps/api/src/modules/transformations/transitions.test.ts (2 tests) 5ms
 ✓ |unit-node| apps/api/src/modules/workflows/g4.test.ts (5 tests) 9ms
 ✓ |unit-node| apps/api/src/modules/access/rules.test.ts (12 tests) 7ms
 ✓ |unit-node| apps/api/src/modules/workflows/t08-cycle-problem.test.ts (2 tests) 3ms
 ✓ |unit-node| apps/api/src/modules/governance/raci.test.ts (2 tests) 3ms

 Test Files  135 passed (135)
      Tests  2588 passed (2588)
   Start at  06:19:13
   Duration  223.01s (transform 16.72s, setup 8.56s, collect 217.75s, tests 334.67s, environment 38.14s, prepare 16.85s)


 RUN  v3.2.4 /home/user/wt/dg4-fe-d2

 ✓ |unit-formula-nocodegen| packages/shared/src/formula/codegen.nocodegen.test.ts (10 tests) 20ms
 ✓ |unit-formula-nocodegen| packages/shared/src/formula/formula.test.ts (140 tests) 216ms
 ✓ |unit-formula-nocodegen| packages/shared/src/formula/fuzz.test.ts (111 tests | 2 skipped) 5543ms
   ✓ fuzz: no uncaught exception, no code execution > 10 000 random byte strings (0–255, up to 80 bytes)  1628ms
   ✓ fuzz: no uncaught exception, no code execution > 10 000 random UTF-16 strings including astral code points and lone surrogates  1321ms
   ✓ fuzz: no uncaught exception, no code execution > 20 000 random strings over the grammar alphabet reach parser, type checker and evaluator  2566ms

 Test Files  3 passed (3)
      Tests  259 passed | 2 skipped (261)
   Start at  06:22:56
   Duration  6.58s (transform 418ms, setup 0ms, collect 1.18s, tests 5.78s, environment 1ms, prepare 399ms)

EXIT 0
