
> mobily-transformation-hub@0.1.0 test /home/user/wt/dg4-fe-d2
> vitest run --project unit-node --project unit-web && vitest run --project unit-formula-nocodegen


 RUN  v3.2.4 /home/user/wt/dg4-fe-d2

 ✓ |unit-web| src/pages/actions/ExecutionPanel.test.tsx (12 tests) 13605ms
   ✓ execution panel (en) > milestone slip in working days (+5, −5, 0) beside calendar days; a missing date is Unknown with its reason  1432ms
   ✓ execution panel (en) > deliverable acceptance, demand without capacity (Unknown), dependency without impact (Unknown), decisions  644ms
   ✓ execution panel (en) > critical-path membership: a label when computed; null is Unknown with no critical styling  952ms
   ✓ execution panel (en) > the initiative page holds the slot: budget lines, execution and schedule network, in its on-this-page navigation  734ms
   ✓ execution panel (en) > an answer outside the contract is the panel's error state; the rest of the initiative page still renders  3414ms
   ✓ execution panel (ar) > milestone slip in working days (+5, −5, 0) beside calendar days; a missing date is Unknown with its reason  683ms
   ✓ execution panel (ar) > deliverable acceptance, demand without capacity (Unknown), dependency without impact (Unknown), decisions  479ms
   ✓ execution panel (ar) > critical-path membership: a label when computed; null is Unknown with no critical styling  1218ms
   ✓ execution panel (ar) > the initiative page holds the slot: budget lines, execution and schedule network, in its on-this-page navigation  704ms
   ✓ execution panel (ar) > an answer outside the contract is the panel's error state; the rest of the initiative page still renders  3327ms
 ✓ |unit-web| src/pages/p2.test.tsx (56 tests) 30861ms
   ✓ Diagnose > shows the six T01 dimensions with Unknown for missing values, and value pools that are never 0  1322ms
   ✓ Diagnose > shows the totals as Unknown when no pool is quantified  636ms
   ✓ Diagnose > renders the six workstreams with their key questions  910ms
   ✓ Diagnose > edits a T01 row with only the changed fields and If-Match  1360ms
   ✓ Diagnose > a 409 on save writes nothing, compares, and re-applies on the current version  857ms
   ✓ Diagnose > a 400 validation.blank shows a localized message on its field ('en')  1118ms
   ✓ Diagnose > a 400 validation.blank shows a localized message on its field ('ar')  1227ms
   ✓ Diagnose > an invisible-only value is blocked client-side with validation.blank ('en')  1389ms
   ✓ Diagnose > an invisible-only value is blocked client-side with validation.blank ('ar')  758ms
   ✓ Diagnose > a whitespace-only T01 value is an inline blank error and sends nothing ('en')  1332ms
   ✓ Diagnose > a whitespace-only T01 value is an inline blank error and sends nothing ('ar')  811ms
   ✓ Diagnose > T01: an emptied field is sent as an explicit null; visible text is sent verbatim  1001ms
   ✓ Diagnose > Arabic: RTL with Arabic labels and the unquantified label  429ms
   ✓ Define > shows the good outcome test per outcome with pass / fail / unknown and localized reasons  330ms
   ✓ Define > requires a target date on a T02 row before sending anything  405ms
   ✓ Define > sets the North Star with one sentence and no If-Match the first time  583ms
   ✓ Define: KPI activation (F-DG2-201) > offers Activate on a draft KPI, states the unmet precondition on 422, then activates with If-Match  712ms
   ✓ Define: KPI activation (F-DG2-201) > Arabic: the Activate action and the 422 reason are in Arabic  1033ms
   ✓ Charter > shows the 14 fields, the thesis, the five scope checks with pre-checks and the top-outcomes warning  329ms
   ✓ Charter > scope pre-check: an empty Out of scope reads as failing (EN and AR)  1217ms
   ✓ Charter > thesis: an empty part is Incomplete and no sentence is composed (F-DG2-203)  432ms
   ✓ Charter > thesis: a part the API flags incomplete is never shown as answered  427ms
   ✓ Charter > thesis: the four parts compose the B0037 sentence (EN and AR)  686ms
   ✓ Charter > compares a version with the previous one  323ms
   ✓ Charter > create: a whitespace Case for change is an inline blank error and creates nothing ('en')  596ms
   ✓ Charter > create: a whitespace Case for change is an inline blank error and creates nothing ('ar')  584ms
   ✓ Charter > edit: a whitespace Out of scope is an inline blank error, sends nothing and keeps the value (en)  661ms
   ✓ Charter > edit: a whitespace Out of scope is an inline blank error, sends nothing and keeps the value (ar)  832ms
   ✓ Charter > edit: emptying a filled field sends null; visible text is verbatim (en)  564ms
   ✓ Charter > edit: emptying a filled field sends null; visible text is verbatim (ar)  676ms
   ✓ Charter > edit: a change summary alone is not a change (never a content-free version)  372ms
   ✓ Design > shows the ten canvas boxes and the per-dimension view  822ms
   ✓ Design > converts an unresolved workshop item into a design decision with If-Match  1021ms
   ✓ Decisions (T04) > creates a design decision with inline options and an idempotency key  380ms
   ✓ Gates (business approval) > the approver's decision: rationale required; 403 and 409 problems in words  630ms
   ✓ Gates (business approval) > gate detail heading: the verbatim B0023 name once (EN and AR)  599ms
   ✓ Evidence > uploads a revision as octet-stream with a percent-encoded file name and If-Match  422ms
 ✓ |unit-web| src/pages/p2-blank-forms.test.tsx (52 tests) 30950ms
   ✓ gate submission note (en) > a whitespace-only note is refused inline and nothing is sent  1079ms
   ✓ gate submission note (en) > a invisible-only note is refused inline and nothing is sent  674ms
   ✓ gate submission note (en) > visible text is sent verbatim; an empty note is omitted  932ms
   ✓ gate submission note (ar) > a whitespace-only note is refused inline and nothing is sent  611ms
   ✓ gate submission note (ar) > a invisible-only note is refused inline and nothing is sent  320ms
   ✓ gate submission note (ar) > visible text is sent verbatim; an empty note is omitted  925ms
   ✓ gate decision rationale and comments (en) > a whitespace-only rationale is refused inline and nothing is sent  709ms
   ✓ gate decision rationale and comments (en) > a invisible-only rationale is refused inline and nothing is sent  594ms
   ✓ gate decision rationale and comments (en) > a invisible (long enough for min 3)-only rationale is refused inline and nothing is sent  499ms
   ✓ gate decision rationale and comments (en) > a whitespace-only comment is refused inline (focus on it) and nothing is sent  520ms
   ✓ gate decision rationale and comments (en) > a invisible-only comment is refused inline (focus on it) and nothing is sent  839ms
   ✓ gate decision rationale and comments (en) > visible text is sent verbatim; empty comments are omitted; an empty rationale stays 'too short'  708ms
   ✓ gate decision rationale and comments (en) > a server 400 validation.blank on /rationale lands on the field  849ms
   ✓ gate decision rationale and comments (ar) > a whitespace-only rationale is refused inline and nothing is sent  551ms
   ✓ gate decision rationale and comments (ar) > a invisible-only rationale is refused inline and nothing is sent  390ms
   ✓ gate decision rationale and comments (ar) > a invisible (long enough for min 3)-only rationale is refused inline and nothing is sent  700ms
   ✓ gate decision rationale and comments (ar) > a whitespace-only comment is refused inline (focus on it) and nothing is sent  326ms
   ✓ gate decision rationale and comments (ar) > a invisible-only comment is refused inline (focus on it) and nothing is sent  424ms
   ✓ gate decision rationale and comments (ar) > visible text is sent verbatim; empty comments are omitted; an empty rationale stays 'too short'  503ms
   ✓ gate decision rationale and comments (ar) > a server 400 validation.blank on /rationale lands on the field  311ms
   ✓ journey step editor (en) > a whitespace-only actor is refused inline (not turned into null) and nothing is sent  613ms
   ✓ journey step editor (en) > a invisible-only actor is refused inline (not turned into null) and nothing is sent  603ms
   ✓ journey step editor (en) > several blank fields: each gets the message and focus goes to the first (name)  900ms
   ✓ journey step editor (en) > visible text is sent verbatim; emptied optional text is null; an empty name is required  1222ms
   ✓ journey step editor (ar) > a whitespace-only actor is refused inline (not turned into null) and nothing is sent  853ms
   ✓ journey step editor (ar) > a invisible-only actor is refused inline (not turned into null) and nothing is sent  1174ms
   ✓ journey step editor (ar) > several blank fields: each gets the message and focus goes to the first (name)  805ms
   ✓ journey step editor (ar) > visible text is sent verbatim; emptied optional text is null; an empty name is required  1445ms
   ✓ Finance validation note and archive reason (en) > note: a whitespace-only note is refused inline and nothing is sent  610ms
   ✓ Finance validation note and archive reason (en) > note: a invisible-only note is refused inline and nothing is sent  820ms
   ✓ Finance validation note and archive reason (en) > note: empty is 'required'; visible text is sent verbatim  965ms
   ✓ Finance validation note and archive reason (en) > reason: a whitespace-only reason is refused inline and nothing is archived  647ms
   ✓ Finance validation note and archive reason (en) > reason: a invisible-only reason is refused inline and nothing is archived  651ms
   ✓ Finance validation note and archive reason (en) > reason: a server 400 validation.blank on /reason is the field message, not a generic error  389ms
   ✓ Finance validation note and archive reason (en) > reason: a server 400 validation.invalid_character on /reason is the localized field message  411ms
   ✓ Finance validation note and archive reason (en) > reason: empty keeps 'too short'; visible text is sent verbatim  389ms
   ✓ Finance validation note and archive reason (ar) > note: a whitespace-only note is refused inline and nothing is sent  353ms
   ✓ Finance validation note and archive reason (ar) > note: a invisible-only note is refused inline and nothing is sent  394ms
   ✓ Finance validation note and archive reason (ar) > note: empty is 'required'; visible text is sent verbatim  531ms
   ✓ Finance validation note and archive reason (ar) > reason: a whitespace-only reason is refused inline and nothing is archived  505ms
   ✓ Finance validation note and archive reason (ar) > reason: a invisible-only reason is refused inline and nothing is archived  315ms
   ✓ Finance validation note and archive reason (ar) > reason: a server 400 validation.blank on /reason is the field message, not a generic error  734ms
   ✓ Finance validation note and archive reason (ar) > reason: a reason with U+0000 is refused inline with the localized message and nothing is archived  340ms
   ✓ Finance validation note and archive reason (ar) > reason: a server 400 validation.invalid_character on /reason is the localized field message  609ms
   ✓ Finance validation note and archive reason (ar) > reason: empty keeps 'too short'; visible text is sent verbatim  368ms
   ✓ North Star statement (ar) > a whitespace-only statement is refused inline and nothing is sent  334ms
   ✓ North Star statement (ar) > a invisible-only statement is refused inline and nothing is sent  454ms
 ✓ |unit-web| src/pages/portfolio/portfolio.test.tsx (32 tests) 13998ms
   ✓ Portfolio (en) > lists code, name, wave, owners and three separate columns: proposed rank, selection and funding  1432ms
   ✓ Portfolio (en) > the proposed rank is Unknown (never 0) when the prioritization view is unavailable  861ms
   ✓ Portfolio (en) > filters by status and wave on the server  847ms
   ✓ Portfolio (en) > creates a draft at any time: POST /initiatives with the transformation and an Idempotency-Key  902ms
   ✓ Portfolio (en) > the read-only auditor sees the list with no enabled write control  347ms
   ✓ Portfolio (ar) > creates a draft at any time: POST /initiatives with the transformation and an Idempotency-Key  522ms
   ✓ Initiative Card (en) > shows all 14 T05 fields in the source order and the 3-7 deliverables warning (a warning, not a block)  344ms
   ✓ Initiative Card (en) > submit refused: 'Case for change not yet approved (G1)…' is the dialog's one translated alert  514ms
   ✓ Initiative Card (en) > submit refused: 'Outcome before activity…' (validation at /outcomeContributions) is translated  462ms
   ✓ Initiative Card (en) > launch refused: 'North Star, outcomes and target state not yet approved', then 'Selected - unfunded…'  460ms
   ✓ Initiative Card (en) > select is a labelled business approval: rationale required, If-Match, no 'on behalf of' control  586ms
   ✓ Initiative Card (en) > a 409 shows the conflict banner and reloads  479ms
   ✓ Initiative Card (en) > a gap link to another TOM record shows 'A project portfolio is not a Target Operating Model…'  596ms
   ✓ Initiative Card (en) > an outcome contribution needs an outcome; the KPI is optional and labelled so  374ms
   ✓ Initiative Card (ar) > shows all 14 T05 fields in the source order and the 3-7 deliverables warning (a warning, not a block)  345ms
   ✓ Initiative Card (ar) > submit refused: 'Case for change not yet approved (G1)…' is the dialog's one translated alert  348ms
   ✓ Initiative Card (ar) > submit refused: 'Outcome before activity…' (validation at /outcomeContributions) is translated  376ms
   ✓ Initiative Card (ar) > launch refused: 'North Star, outcomes and target state not yet approved', then 'Selected - unfunded…'  553ms
   ✓ Initiative Card (ar) > select is a labelled business approval: rationale required, If-Match, no 'on behalf of' control  535ms
   ✓ Initiative Card (ar) > a 409 shows the conflict banner and reloads  378ms
   ✓ Initiative Card (ar) > an outcome contribution needs an outcome; the KPI is optional and labelled so  421ms
 ✓ |unit-web| src/pages/render-time-language.test.tsx (28 tests) 10535ms
   ✓ sign-in (dev form), 'en' → 'ar' > an invalid user name: the inline message follows the switch  585ms
   ✓ journey step editor, 'en' → 'ar' > a field error on a step follows the switch  1300ms
   ✓ journey step editor, 'en' → 'ar' > the form-level "Step N:" error follows the switch (prefix and message)  557ms
   ✓ journey step editor, 'ar' → 'en' > a field error on a step follows the switch  500ms
   ✓ journey step editor, 'ar' → 'en' > the form-level "Step N:" error follows the switch (prefix and message)  384ms
   ✓ row-action note and reason dialog, 'en' → 'ar' > the Finance validation note's 'required' follows the switch  391ms
   ✓ row-action note and reason dialog, 'en' → 'ar' > the Finance validation choice's 'required' follows the switch  327ms
   ✓ row-action note and reason dialog, 'ar' → 'en' > the Finance validation note's 'required' follows the switch  329ms
   ✓ row-action note and reason dialog, 'ar' → 'en' > the Finance validation choice's 'required' follows the switch  310ms
   ✓ gate dialogs, 'en' → 'ar' > the submission note's field error follows the switch  356ms
   ✓ gate dialogs, 'en' → 'ar' > the decision rationale's field error follows the switch  459ms
   ✓ gate dialogs, 'ar' → 'en' > the submission note's field error follows the switch  407ms
   ✓ gate dialogs, 'ar' → 'en' > the decision rationale's field error follows the switch  533ms
   ✓ North Star statement, 'en' → 'ar' > the statement's field error follows the switch  446ms
   ✓ North Star statement, 'ar' → 'en' > the statement's field error follows the switch  719ms
   ✓ evidence dialogs, 'en' → 'ar' > upload without a file: 'required' follows the switch  384ms
   ✓ evidence dialogs, 'en' → 'ar' > a link without a record type or record: both 'required' messages follow the switch  494ms
   ✓ evidence dialogs, 'ar' → 'en' > upload without a file: 'required' follows the switch  320ms
   ✓ evidence dialogs, 'ar' → 'en' > a link without a record type or record: both 'required' messages follow the switch  402ms
 ✓ |unit-web| src/pages/benefits/plan-values.test.tsx (15 tests) 11046ms
   ✓ plan-value editing (en) > Edit reads getBenefitPlanValue, pre-fills the form and PATCHes the changed member with the read's If-Match  1308ms
   ✓ plan-value editing (en) > an unchanged form sends nothing and says so; Cancel closes  576ms
   ✓ plan-value editing (en) > a 409 (changed by someone else after the read) is a conflict: the record is re-read, If-Match never moves under the typed values  524ms
   ✓ plan-value editing (en) > a failed read (500) shows its state in the section and no form; Cancel removes it  3290ms
   ✓ plan-value editing (ar) > an unchanged form sends nothing and says so; Cancel closes  304ms
   ✓ plan-value editing (ar) > a 409 (changed by someone else after the read) is a conflict: the record is re-read, If-Match never moves under the typed values  554ms
   ✓ plan-value editing (ar) > a failed read (500) shows its state in the section and no form; Cancel removes it  3464ms
 ✓ |unit-web| src/auth/session-generation.test.tsx (26 tests) 11214ms
   ✓ F-DG2-530 a write in flight across an identity change (en) > X3: A's PATCH answered after B's /me is not written into B's cache, not shown, and does not navigate B  1252ms
   ✓ F-DG2-530 a write in flight across an identity change (en) > X3b: the same after a session END here and B's sign-in: A's late answer never lands  600ms
   ✓ F-DG2-530 a write in flight across an identity change (en) > an archive in flight across an identity change: A's archived record never lands in B's cache  562ms
   ✓ F-DG2-530 a write in flight across an identity change (en) > an organization save in flight across an identity change: A's change is never stored under B  587ms
   ✓ F-DG2-530 a write in flight across an identity change (en) > a user save in flight across an identity change: A's change is never stored under B  553ms
   ✓ F-DG2-530 a write in flight across an identity change (en) > a same-person new session: the in-flight save is dropped silently, the draft is kept and usable  480ms
   ✓ F-DG2-530 a write in flight across an identity change (en) > a language save retried after a 409 is never written for the identity that replaced A  348ms
   ✓ F-DG2-530 X6: refocus and reconnect revalidate GET /me first (en) > the same identity: a refocus refetches /me once, then the stale page queries; nothing when all is fresh  448ms
   ✓ F-DG2-530 a write in flight across an identity change (ar) > X3: A's PATCH answered after B's /me is not written into B's cache, not shown, and does not navigate B  907ms
   ✓ F-DG2-530 a write in flight across an identity change (ar) > X3b: the same after a session END here and B's sign-in: A's late answer never lands  578ms
   ✓ F-DG2-530 a write in flight across an identity change (ar) > an archive in flight across an identity change: A's archived record never lands in B's cache  775ms
   ✓ F-DG2-530 a write in flight across an identity change (ar) > an organization save in flight across an identity change: A's change is never stored under B  686ms
   ✓ F-DG2-530 a write in flight across an identity change (ar) > a user save in flight across an identity change: A's change is never stored under B  524ms
   ✓ F-DG2-530 a write in flight across an identity change (ar) > a same-person new session: the in-flight save is dropped silently, the draft is kept and usable  542ms
   ✓ F-DG2-530 a write in flight across an identity change (ar) > a language save retried after a 409 is never written for the identity that replaced A  377ms
   ✓ F-DG2-530 X6: refocus and reconnect revalidate GET /me first (ar) > after B signs in elsewhere, a refocus within /me's staleTime shows B's header with B's data, never A's  452ms
   ✓ F-DG2-530 X6: refocus and reconnect revalidate GET /me first (ar) > the same identity: a refocus refetches /me once, then the stale page queries; nothing when all is fresh  463ms
 ✓ |unit-web| src/pages/actions/BudgetPanel.test.tsx (18 tests) 12397ms
   ✓ budget panel (en) > lines in their own currency with Unknown for an empty amount; totals per currency, Unknown with reason  1505ms
   ✓ budget panel (en) > no active line: the budget is Unknown 'No budget lines' (no_budget_lines), never a total of 0  514ms
   ✓ budget panel (en) > create: decimal strings, empty amounts omitted (Unknown), an invalid amount is refused inline with the §11 text  1625ms
   ✓ budget panel (en) > a refusal is translated: 409 budget_line.duplicate on create keeps the dialog with the §11 text  940ms
   ✓ budget panel (en) > edit sends only the changed member with If-Match of the version seen; a stale version is a 409 (nothing saved, lines re-read)  2073ms
   ✓ budget panel (en) > archive sends the reason with If-Match; 422 budget_line.archived is translated in the dialog  933ms
   ✓ budget panel (en) > the auditor (no budget.edit) sees the panel read-only: no add, edit or archive control  669ms
   ✓ budget panel (ar) > lines in their own currency with Unknown for an empty amount; totals per currency, Unknown with reason  663ms
   ✓ budget panel (ar) > no active line: the budget is Unknown 'No budget lines' (no_budget_lines), never a total of 0  459ms
   ✓ budget panel (ar) > create: decimal strings, empty amounts omitted (Unknown), an invalid amount is refused inline with the §11 text  540ms
   ✓ budget panel (ar) > a refusal is translated: 409 budget_line.duplicate on create keeps the dialog with the §11 text  602ms
   ✓ budget panel (ar) > edit sends only the changed member with If-Match of the version seen; a stale version is a 409 (nothing saved, lines re-read)  799ms
   ✓ budget panel (ar) > archive sends the reason with If-Match; 422 budget_line.archived is translated in the dialog  582ms
   ✓ budget panel (ar) > the auditor (no budget.edit) sees the panel read-only: no add, edit or archive control  468ms
 ✓ |unit-web| src/pages/kpi/kpi-periods.test.tsx (6 tests) 9991ms
   ✓ KPI update periods (en) > a Lead or KPI owner chooses an open period that is not the current one, from the transformation's list  1880ms
   ✓ KPI update periods (en) > a transformation-scoped KPI owner (no organization.read) gets the same choice  427ms
   ✓ KPI update periods (en) > no open period of the KPI's frequency: the form says so; a failed list is an error, never an empty choice  3504ms
   ✓ KPI update periods (ar) > a Lead or KPI owner chooses an open period that is not the current one, from the transformation's list  582ms
   ✓ KPI update periods (ar) > a transformation-scoped KPI owner (no organization.read) gets the same choice  366ms
   ✓ KPI update periods (ar) > no open period of the KPI's frequency: the form says so; a failed list is an error, never an empty choice  3230ms
 ✓ |unit-web| src/auth/session-bound.test.tsx (34 tests) 16595ms
   ✓ F-DG2-530/580 no effect of A's action after a further await once the tab is B's (en) > Y1: a create whose post-create GET /me returns B: B is not navigated and never sees A's code or name  2499ms
   ✓ F-DG2-530/580 no effect of A's action after a further await once the tab is B's (en) > Y1c: the same create under one identity still lands on the created record  599ms
   ✓ F-DG2-530/580 no effect of A's action after a further await once the tab is B's (en) > an edit whose identity changes between its awaits: B is not navigated to A's record and keeps nothing of A's  950ms
   ✓ F-DG2-530/580 no effect of A's action after a further await once the tab is B's (en) > an organization create whose identity changes between its awaits: B is not navigated to A's new organization  587ms
   ✓ F-DG2-530/580 no effect of A's action after a further await once the tab is B's (en) > a user create whose identity changes between its awaits: B is not navigated to A's new user  899ms
   ✓ F-DG2-530/580 no effect of A's action after a further await once the tab is B's (en) > sanity: the organization and user creates under one identity still navigate to the new record  531ms
   ✓ F-DG2-570 the header and the data of ONE identity on in-app navigation (en) > N0 (the reviewer's Y5): B signed in a moment ago, no time passes, no focus event: the next page is B's under B's header  355ms
   ✓ F-DG2-570 the header and the data of ONE identity on in-app navigation (en) > bounded: one GET /me per navigation, shared by the page's burst; other GETs only after the window; same identity kept  418ms
   ✓ F-DG2-530/580 no effect of A's action after a further await once the tab is B's (ar) > Y1: a create whose post-create GET /me returns B: B is not navigated and never sees A's code or name  717ms
   ✓ F-DG2-530/580 no effect of A's action after a further await once the tab is B's (ar) > an edit whose identity changes between its awaits: B is not navigated to A's record and keeps nothing of A's  680ms
   ✓ F-DG2-530/580 no effect of A's action after a further await once the tab is B's (ar) > an organization create whose identity changes between its awaits: B is not navigated to A's new organization  662ms
   ✓ F-DG2-530/580 no effect of A's action after a further await once the tab is B's (ar) > a user create whose identity changes between its awaits: B is not navigated to A's new user  600ms
   ✓ F-DG2-530/580 no effect of A's action after a further await once the tab is B's (ar) > sanity: the organization and user creates under one identity still navigate to the new record  574ms
   ✓ the convention: no raw navigate or cache write in app code (T-DG2-FE15) > the ESLint rule refuses a raw navigate, a raw cache write and a useNavigate import in a page  3614ms
 ✓ |unit-web| src/pages/portfolio/fe-e.test.tsx (18 tests) 15285ms
   ✓ Funding decisions (en) > is a labelled business approval with no 'on behalf of' control; rationale required; POST with an Idempotency-Key  1908ms
   ✓ Funding decisions (en) > the BE-E 422s are the dialog's one translated alert; funding.amount_invalid is also inline at /amount  612ms
   ✓ Funding decisions (en) > an exact decimal amount is shown with its currency; the auditor sees no record control  373ms
   ✓ Funding decisions (ar) > is a labelled business approval with no 'on behalf of' control; rationale required; POST with an Idempotency-Key  1077ms
   ✓ Funding decisions (ar) > the BE-E 422s are the dialog's one translated alert; funding.amount_invalid is also inline at /amount  1095ms
   ✓ Funding decisions (ar) > the history shows a missing amount as Unknown (never 0); a re-selected initiative explains the deselect rule  547ms
   ✓ Funding decisions (ar) > an exact decimal amount is shown with its currency; the auditor sees no record control  559ms
   ✓ Deliverables and milestones on the card (en) > creates (Idempotency-Key), edits (If-Match) and archives (reason, If-Match) a deliverable  1260ms
   ✓ Deliverables and milestones on the card (en) > creates a milestone with its wave and forecast, and edits it with If-Match  694ms
   ✓ Deliverables and milestones on the card (en) > 422 initiative.read_only (a closure raced the edit) is translated as the dialog's one alert  610ms
   ✓ Deliverables and milestones on the card (en) > a cancelled initiative shows deliverables, milestones and funding with no write control  468ms
   ✓ Deliverables and milestones on the card (en) > the card edit form translates initiative.planned_range specifically (RecordDialog namespaces)  1383ms
   ✓ Deliverables and milestones on the card (ar) > creates (Idempotency-Key), edits (If-Match) and archives (reason, If-Match) a deliverable  1289ms
   ✓ Deliverables and milestones on the card (ar) > creates a milestone with its wave and forecast, and edits it with If-Match  1063ms
   ✓ Deliverables and milestones on the card (ar) > 422 initiative.read_only (a closure raced the edit) is translated as the dialog's one alert  546ms
   ✓ Deliverables and milestones on the card (ar) > a cancelled initiative shows deliverables, milestones and funding with no write control  489ms
   ✓ Deliverables and milestones on the card (ar) > the card edit form translates initiative.planned_range specifically (RecordDialog namespaces)  1019ms
 ✓ |unit-web| src/pages/meetings/governance.test.tsx (20 tests) 10071ms
   ✓ governance screens (en) > forums: the five layers with their verbatim source cadence; Arabic labelled provisional  480ms
   ✓ governance screens (en) > series editor: 'future meetings only' must be confirmed; the result lists the kept meetings  2087ms
   ✓ governance screens (en) > meeting: the brief lists missing elements; quorum not configured is never 'met'; no engineering gate named  453ms
   ✓ governance screens (en) > publishing an incomplete ask shows the server's 422 once, translated  464ms
   ✓ governance screens (en) > published minutes are read-only and the meeting shows the frozen note  663ms
   ✓ governance screens (en) > T16 log: nine columns; an earlier record shows Unknown for what it lacks; the overdue filter asks the server  699ms
   ✓ governance screens (en) > raising an ask without 'why now': the server's 400 lands on its field  486ms
   ✓ governance screens (en) > recording an Outcome is labelled a business decision and sends If-Match  776ms
   ✓ governance screens (ar) > series editor: 'future meetings only' must be confirmed; the result lists the kept meetings  754ms
   ✓ governance screens (ar) > publishing an incomplete ask shows the server's 422 once, translated  442ms
   ✓ governance screens (ar) > published minutes are read-only and the meeting shows the frozen note  474ms
   ✓ governance screens (ar) > T16 log: nine columns; an earlier record shows Unknown for what it lacks; the overdue filter asks the server  404ms
   ✓ governance screens (ar) > raising an ask without 'why now': the server's 400 lands on its field  544ms
   ✓ governance screens (ar) > recording an Outcome is labelled a business decision and sends If-Match  520ms
 ✓ |unit-web| src/pages/prioritization/prioritization.test.tsx (20 tests) 18118ms
   ✓ prioritization (en) > ranked table: an incomplete score is 'incomplete' (never a number), 3.30 complete; 0–100 shows 57.5 with its label  1911ms
   ✓ prioritization (en) > scorecard: 6 is refused inline and nothing is sent; 4 is POSTed as the integer; the weighted score is read-only 'incomplete'  2131ms
   ✓ prioritization (en) > weight sets: the live total refuses 95% and 105%; 100% is accepted and POSTed as decimal strings  537ms
   ✓ prioritization (en) > weight sets: the proposer is never offered approval; another approver's approval is a business approval with If-Match; 403 SoD is translated  1882ms
   ✓ prioritization (en) > weight set approval: a 409 shows the conflict banner and reloads  1195ms
   ✓ prioritization (en) > ranking history: causes are translated from codes, including 'weight version 2', score change and the override reason  540ms
   ✓ prioritization (en) > overrides: a reason is required (missing and invisible-only are refused, nothing sent); with a reason it is POSTed  1266ms
   ✓ prioritization (en) > the read-only auditor sees the data and no enabled write control  1325ms
   ✓ prioritization (en) > never mentions a delivery gate (DG0–DG7)  530ms
   ✓ prioritization (ar) > ranked table: an incomplete score is 'incomplete' (never a number), 3.30 complete; 0–100 shows 57.5 with its label  1126ms
   ✓ prioritization (ar) > scorecard: 6 is refused inline and nothing is sent; 4 is POSTed as the integer; the weighted score is read-only 'incomplete'  1379ms
   ✓ prioritization (ar) > weight sets: the live total refuses 95% and 105%; 100% is accepted and POSTed as decimal strings  869ms
   ✓ prioritization (ar) > weight sets: the proposer is never offered approval; another approver's approval is a business approval with If-Match; 403 SoD is translated  839ms
   ✓ prioritization (ar) > weight set approval: a 409 shows the conflict banner and reloads  582ms
   ✓ prioritization (ar) > overrides: a reason is required (missing and invisible-only are refused, nothing sent); with a reason it is POSTed  614ms
   ✓ prioritization (ar) > the read-only auditor sees the data and no enabled write control  626ms
 ✓ |unit-web| src/pages/transformations/transformations.test.tsx (21 tests) 10160ms
   ✓ after create (F-DG1-004) > shows the created record when the server lets the creator read it  686ms
   ✓ after create (F-DG1-004) > explains, in English, that the draft was created but cannot be opened (server 404), instead of 'Not found'  316ms
   ✓ after create (F-DG1-004) > explains the same in Arabic (RTL), using the glossary term for Transformation  644ms
   ✓ after create (F-DG1-004) > treats a 403 for the just-created record the same way  352ms
   ✓ audit trail changes (F-DG1-005) > English: field and value labels, not raw keys or enum codes  660ms
   ✓ audit trail changes (F-DG1-005) > Arabic: the same changes with Arabic labels in the RTL layout  754ms
   ✓ derived creator assignment on the audit trail (F-DG1-008) > Arabic (RTL): the same event with Arabic labels and the glossary role name  412ms
   ✓ derived creator assignment on the audit trail (F-DG1-008) > an action the catalogue does not know stays readable and is explicitly marked (en and ar)  718ms
   ✓ effective permissions refresh after create (F-DG1-210) > English: Edit, Archive and the audit trail appear after create, without a reload  1839ms
   ✓ effective permissions refresh after create (F-DG1-210) > Arabic (RTL): the same controls and the audit trail appear after create, without a reload  1537ms
   ✓ effective permissions refresh after create (F-DG1-210) > does not over-grant: if the refreshed server answer adds nothing, Archive and the audit trail stay hidden  1151ms
 ✓ |unit-web| src/auth/session-end.test.tsx (12 tests) 10970ms
   ✓ session end while the app is open (en) > a 401 on navigation lands once on sign-in with the message; signing in again returns to the page  2746ms
   ✓ session end while the app is open (en) > a 401 on a dialog mutation (the commit-time upload refusal) closes the dialog and lands once on sign-in  1479ms
   ✓ session end while the app is open (en) > a sign-out elsewhere noticed by the next /me probe lands once on sign-in, never on the stale shell  692ms
   ✓ session end while the app is open (en) > a 403 (forbidden) is never treated as a session end  876ms
   ✓ session end while the app is open (ar) > a 401 on navigation lands once on sign-in with the message; signing in again returns to the page  1301ms
   ✓ session end while the app is open (ar) > a 401 on a dialog mutation (the commit-time upload refusal) closes the dialog and lands once on sign-in  956ms
   ✓ session end while the app is open (ar) > a sign-out elsewhere noticed by the next /me probe lands once on sign-in, never on the stale shell  562ms
   ✓ session end while the app is open (ar) > a 403 (forbidden) is never treated as a session end  730ms
   ✓ session end under <StrictMode> (as in production) > still lands exactly once on sign-in  715ms
   ✓ sign-in page and the cached identity > decides 'already signed in' only from a fresh /me, never from a stale cache  392ms
   ✓ sign-in page and the cached identity > signing out here shows 'signed out', not 'session ended', and no /me loop  491ms
 ✓ |unit-web| src/pages/raid/raid.test.tsx (18 tests) 9850ms
   ✓ RAID and actions screens (en) > T15 register: nine columns, Probability n/a outside Risk, per-type mitigation header, Dependency links to T08  1129ms
   ✓ RAID and actions screens (en) > Dependency form: 'To' initiative required, no probability; nothing is sent without it  855ms
   ✓ RAID and actions screens (en) > Dependency edit has no 'In progress'; a Risk edit offers it; a closed Dependency shows no closure fields  469ms
   ✓ RAID and actions screens (en) > an Issue with a probability is refused by the server; the 422 is translated in one alert  457ms
   ✓ RAID and actions screens (en) > action register: source, follow-up date and overdue flag; edit sends If-Match  2259ms
   ✓ RAID and actions screens (en) > the read-only auditor sees the register without any write control  387ms
   ✓ RAID and actions screens (ar) > Dependency form: 'To' initiative required, no probability; nothing is sent without it  321ms
   ✓ RAID and actions screens (ar) > an Issue with a probability is refused by the server; the 422 is translated in one alert  466ms
   ✓ RAID and actions screens (ar) > action register: source, follow-up date and overdue flag; edit sends If-Match  1489ms
   ✓ RAID and actions screens (ar) > the read-only auditor sees the register without any write control  619ms
 ✓ |unit-web| src/auth/session-identity.test.tsx (18 tests) 8782ms
   ✓ F-DG2-500 a session end on the sign-in page (en) > W5: Back to /login after A's session ends, B signs in with the development form: B never sees A's records  968ms
   ✓ F-DG2-500 a session end on the sign-in page (en) > W5b (OIDC mode): B signs in in another tab and this tab's /me re-probe brings B: B never sees A's records  628ms
   ✓ F-DG2-500 an identity change with no session end in this tab (en) > a refocus /me that returns another identity removes every session query before B renders, and drops A's drafts  676ms
   ✓ F-DG2-500 an identity change with no session end in this tab (en) > the same identity re-probed (window refocus) keeps the cache and the page state  330ms
   ✓ F-DG2-500 sign-out here and 403 (en) > signing out here clears everything; B signing in afterwards never sees A's records  921ms
   ✓ F-DG2-500 a session end on the sign-in page (ar) > W5: Back to /login after A's session ends, B signs in with the development form: B never sees A's records  780ms
   ✓ F-DG2-500 a session end on the sign-in page (ar) > W5b (OIDC mode): B signs in in another tab and this tab's /me re-probe brings B: B never sees A's records  874ms
   ✓ F-DG2-500 an identity change with no session end in this tab (ar) > a refocus /me that returns another identity removes every session query before B renders, and drops A's drafts  490ms
   ✓ F-DG2-500 an identity change with no session end in this tab (ar) > a new session of the same person (signed in again elsewhere) refetches the queries but keeps their own draft  528ms
   ✓ F-DG2-500 an identity change with no session end in this tab (ar) > the same identity re-probed (window refocus) keeps the cache and the page state  302ms
   ✓ F-DG2-500 sign-out here and 403 (ar) > signing out here clears everything; B signing in afterwards never sees A's records  988ms
   ✓ F-DG2-500 sign-out here and 403 (ar) > a 403 is never a session end: the phase, the identity and the cache are kept  697ms
 ✓ |unit-web| src/pages/roadmap/roadmap.test.tsx (14 tests) 8719ms
   ✓ roadmap (en) > shows the four source waves verbatim (English source also shown in Arabic) with overlapping horizons  1570ms
   ✓ roadmap (en) > moving a milestone PATCHes the forecast with If-Match and the timeline, table and board all show the new date from one refetch  950ms
   ✓ roadmap (en) > a 409 on moving a milestone shows the conflict notice and reloads the roadmap  1437ms
   ✓ roadmap (en) > re-approving a date requires a reason; then it is POSTed with If-Match  706ms
   ✓ roadmap (en) > deliverable acceptance sends the AcceptanceDecision with If-Match (no 'on behalf of' control)  428ms
   ✓ roadmap (ar) > moving a milestone PATCHes the forecast with If-Match and the timeline, table and board all show the new date from one refetch  691ms
   ✓ roadmap (ar) > a 409 on moving a milestone shows the conflict notice and reloads the roadmap  649ms
   ✓ roadmap (ar) > re-approving a date requires a reason; then it is POSTed with If-Match  468ms
   ✓ roadmap (ar) > deliverable acceptance sends the AcceptanceDecision with If-Match (no 'on behalf of' control)  550ms
   ✓ roadmap (ar) > the read-only auditor sees no write control  470ms
 ✓ |unit-web| src/pages/business-cases/business-cases.test.tsx (18 tests) 16134ms
   ✓ business cases (en) > register: levels, Finance baseline states with text (Stale is never green) and drafts  997ms
   ✓ business cases (en) > detail: all ten sections, totals with gross / cost / net apart, net Unknown (never 0), roll-up by reference  939ms
   ✓ business cases (en) > totals: a partial total says how many Unknown lines it leaves out  538ms
   ✓ business cases (en) > sections: saves only the changed section with If-Match; blank text is refused inline and nothing is sent  1490ms
   ✓ business cases (en) > sections: a 409 shows the standard conflict panel (nothing saved) with the current values  767ms
   ✓ business cases (en) > lines: exactly one class from one select; the value basis follows the class; a 422 is translated  629ms
   ✓ business cases (en) > Finance validation: a business approval for FIN who did not author the case; If-Match; translated 403  741ms
   ✓ business cases (ar) > register: levels, Finance baseline states with text (Stale is never green) and drafts  423ms
   ✓ business cases (ar) > detail: all ten sections, totals with gross / cost / net apart, net Unknown (never 0), roll-up by reference  632ms
   ✓ business cases (ar) > sections: saves only the changed section with If-Match; blank text is refused inline and nothing is sent  1162ms
   ✓ business cases (ar) > sections: a 409 shows the standard conflict panel (nothing saved) with the current values  2415ms
   ✓ business cases (ar) > lines: exactly one class from one select; the value basis follows the class; a 422 is translated  1223ms
   ✓ business cases (ar) > Finance validation: a business approval for FIN who did not author the case; If-Match; translated 403  2202ms
   ✓ business cases (ar) > Finance validation: the case author sees no validate action, only the separation-of-duties note  881ms
   ✓ business cases (ar) > read-only auditor: the ten sections as text, no enabled write control, the read-only note  399ms
 ✓ |unit-web| src/pages/kpi/kpi.test.tsx (27 tests) 12145ms
   ✓ KPI screens (en) > RAG panel: the seven elements, the threshold version named, and the override beside the calculated RAG  777ms
   ✓ KPI screens (en) > no actual for the current period: Unknown, grey and labelled, with its reason; never 0 and never green  472ms
   ✓ KPI screens (en) > four-step update: submits once, then lists downstream views, 'review pending' and 'Finance review pending'  1047ms
   ✓ KPI screens (en) > a second entry for the same KPI and period is value version 2 of the same slot (If-Match)  489ms
   ✓ KPI screens (en) > a 409 on submit is the form's one alert: nothing was saved, the latest data is loaded  987ms
   ✓ KPI screens (en) > no active version: the update explains it and links to the versions (no form)  635ms
   ✓ KPI screens (en) > review queue: the reviewer accepts with If-Match; the submitter of a value is not offered a decision  544ms
   ✓ KPI screens (en) > an actual: a submitted value says it is not used until accepted; a draft is labelled not submitted  408ms
   ✓ KPI screens (en) > read-only viewer (auditor): no write action on the KPI page, labels say business approval  318ms
   ✓ KPI screens (en) > data quality: an open finding is resolved with a note and If-Match  897ms
   ✓ KPI screens (ar) > no actual for the current period: Unknown, grey and labelled, with its reason; never 0 and never green  358ms
   ✓ KPI screens (ar) > the status overview shows Unknown KPIs grey and labelled (no zero in the list)  334ms
   ✓ KPI screens (ar) > four-step update: submits once, then lists downstream views, 'review pending' and 'Finance review pending'  855ms
   ✓ KPI screens (ar) > a second entry for the same KPI and period is value version 2 of the same slot (If-Match)  394ms
   ✓ KPI screens (ar) > a 409 on submit is the form's one alert: nothing was saved, the latest data is loaded  530ms
   ✓ KPI screens (ar) > an actual: a submitted value says it is not used until accepted; a draft is labelled not submitted  503ms
   ✓ KPI screens (ar) > read-only viewer (auditor): no write action on the KPI page, labels say business approval  396ms
   ✓ KPI screens (ar) > data quality: an open finding is resolved with a note and If-Match  1158ms
 ✓ |unit-web| src/pages/benefits/benefits.test.tsx (29 tests) 13999ms
   ✓ benefits screens (en) > T14 register: ten columns; Value (SAR) n/a and Unknown never 0; Realized kept apart with pending labelled  1244ms
   ✓ benefits screens (en) > totals: per class and state, pending overlap apart, cost and net Unknown (never 0), non-financial counted apart  523ms
   ✓ benefits screens (en) > allocations: percent and unallocated share; the replace sends fractions with If-Match  398ms
   ✓ benefits screens (en) > allocations above 100 %: the preview warns and the server's 422 is translated in the one form alert  927ms
   ✓ benefits screens (en) > measurements: a validated value offers no edit; the 409 validated_immutable is translated  805ms
   ✓ benefits screens (en) > Finance decision: six items, the decision body with If-Match; labelled Finance validation, never DG0-DG7  343ms
   ✓ benefits screens (en) > Finance decision: a missing item is left to the server, whose 422 names the six items; the submitter is never offered a decision  343ms
   ✓ benefits screens (en) > Finance decision: the content_incomplete 422 and a Business Owner's 403 are translated  774ms
   ✓ benefits screens (en) > read-only (auditor): Finance item without decide, register without create  1170ms
   ✓ benefits screens (ar) > T14 register: ten columns; Value (SAR) n/a and Unknown never 0; Realized kept apart with pending labelled  1085ms
   ✓ benefits screens (ar) > totals: per class and state, pending overlap apart, cost and net Unknown (never 0), non-financial counted apart  535ms
   ✓ benefits screens (ar) > lifecycle: six steps with question and output, missing outputs listed, only the allowed next step offered  446ms
   ✓ benefits screens (ar) > allocations: percent and unallocated share; the replace sends fractions with If-Match  484ms
   ✓ benefits screens (ar) > allocations above 100 %: the preview warns and the server's 422 is translated in the one form alert  559ms
   ✓ benefits screens (ar) > measurements: a validated value offers no edit; the 409 validated_immutable is translated  607ms
   ✓ benefits screens (ar) > Finance decision: six items, the decision body with If-Match; labelled Finance validation, never DG0-DG7  1013ms
   ✓ benefits screens (ar) > Finance decision: the content_incomplete 422 and a Business Owner's 403 are translated  308ms
   ✓ benefits screens (ar) > read-only (auditor): Finance item without decide, register without create  660ms
 ✓ |unit-web| src/pages/my-work/my-work.test.tsx (21 tests) 7655ms
   ✓ My Work (en) > renders tasks and reminders from messageKey + messageParams; Unknown due dates; system-managed tasks  906ms
   ✓ My Work (en) > marks a task done and a reminder read with bodiless POSTs and If-Match  1070ms
   ✓ My Work (ar) > marks a task done and a reminder read with bodiless POSTs and If-Match  658ms
   ✓ Calendar, jobs and groups (en) > calendar: read-only without calendar.configure; the calculator shows Unknown with its reason  448ms
   ✓ Calendar, jobs and groups (en) > calendar: a technical administrator adds a holiday; a range error is caught before sending  625ms
   ✓ Calendar, jobs and groups (en) > jobs: no permission without job.read; job.configure edits a schedule with If-Match  725ms
   ✓ Calendar, jobs and groups (en) > groups: membership grants no permission (stated); group.manage creates a group  551ms
   ✓ Calendar, jobs and groups (ar) > calendar: read-only without calendar.configure; the calculator shows Unknown with its reason  453ms
   ✓ Calendar, jobs and groups (ar) > calendar: a technical administrator adds a holiday; a range error is caught before sending  599ms
   ✓ Calendar, jobs and groups (ar) > jobs: no permission without job.read; job.configure edits a schedule with If-Match  579ms
 ✓ |unit-web| src/pages/actions/ScheduleNetworkPanel.test.tsx (11 tests) 7964ms
   ✓ schedule network panel (en) > computed (ADR-0031 §8 fixture): P = 18, path INI-01 → INI-02 → INI-04, INI-03 float 6 not critical  2304ms
   ✓ schedule network panel (en) > not computable (missing duration): the reason and INI-03 listed; no critical styling or label at all  608ms
   ✓ schedule network panel (en) > record a duration: POST without If-Match; 409 initiative_schedule.exists is translated and the next save is a PATCH  790ms
   ✓ schedule network panel (en) > change a duration: a stale version is a 409 (nothing saved), the current value is re-read and shown, the next save sends the current version  880ms
   ✓ schedule network panel (en) > the auditor (no roadmap.edit) sees the network read-only: no duration control  432ms
   ✓ schedule network panel (ar) > computed (ADR-0031 §8 fixture): P = 18, path INI-01 → INI-02 → INI-04, INI-03 float 6 not critical  478ms
   ✓ schedule network panel (ar) > record a duration: POST without If-Match; 409 initiative_schedule.exists is translated and the next save is a PATCH  764ms
   ✓ schedule network panel (ar) > change a duration: a stale version is a 409 (nothing saved), the current value is re-read and shown, the next save sends the current version  1013ms
   ✓ schedule network panel (ar) > the auditor (no roadmap.edit) sees the network read-only: no duration control  404ms
 ✓ |unit-web| src/pages/benefit-formulas/benefit-formulas.test.tsx (18 tests) 10611ms
   ✓ T09 benefit formulas (en) > register: the six T09 columns with confidence H/M/L; examples marked illustrative with 100000 and 500000 SAR per year  1426ms
   ✓ T09 benefit formulas (en) > builder: an undefined variable shows translated, with its position, before saving; nothing is sent  769ms
   ✓ T09 benefit formulas (en) > builder: monthly ARPU × annual customers is a period mismatch, translated, before saving  436ms
   ✓ T09 benefit formulas (en) > builder: a fraction is entered as percent and stored as a fraction; a version is saved with If-Match  630ms
   ✓ T09 benefit formulas (en) > builder: a 409 shows the standard conflict panel; nothing was saved  428ms
   ✓ T09 benefit formulas (en) > Finance validation of a version: a business approval by FIN; the author cannot; translated refusal  396ms
   ✓ T09 benefit formulas (ar) > register: the six T09 columns with confidence H/M/L; examples marked illustrative with 100000 and 500000 SAR per year  743ms
   ✓ T09 benefit formulas (ar) > builder: an undefined variable shows translated, with its position, before saving; nothing is sent  1441ms
   ✓ T09 benefit formulas (ar) > builder: monthly ARPU × annual customers is a period mismatch, translated, before saving  314ms
   ✓ T09 benefit formulas (ar) > builder: a fraction is entered as percent and stored as a fraction; a version is saved with If-Match  910ms
   ✓ T09 benefit formulas (ar) > builder: a fraction difference shows percentage points (translated suffix), never %  449ms
   ✓ T09 benefit formulas (ar) > builder: a 409 shows the standard conflict panel; nothing was saved  1133ms
   ✓ T09 benefit formulas (ar) > Finance validation of a version: a business approval by FIN; the author cannot; translated refusal  480ms
 ✓ |unit-web| src/pages/adoption/adoption.test.tsx (18 tests) 8905ms
   ✓ adoption screens (en) > T13: the seven columns, influence separate from impact, closed lists, provisional Arabic flag  1231ms
   ✓ adoption screens (en) > a server 400 stakeholder_group.stance_invalid lands on the stance field, translated  679ms
   ✓ adoption screens (en) > indicators: all seven by name; a measure without data is Unknown, never 0  370ms
   ✓ adoption screens (en) > T04 decision page lists a champion's constraint through ?decisionId=  448ms
   ✓ adoption screens (en) > form: a proficiency observation is submitted with its stakeholder group; the API derives the result  1104ms
   ✓ adoption screens (en) > AUD sees the plan read-only (no write control)  935ms
   ✓ adoption screens (ar) > T13: the seven columns, influence separate from impact, closed lists, provisional Arabic flag  1036ms
   ✓ adoption screens (ar) > a server 400 stakeholder_group.stance_invalid lands on the stance field, translated  767ms
   ✓ adoption screens (ar) > form: a proficiency observation is submitted with its stakeholder group; the API derives the result  369ms
   ✓ adoption screens (ar) > AUD sees the plan read-only (no write control)  587ms
 ✓ |unit-web| src/pages/team/team.test.tsx (10 tests) 10686ms
   ✓ Team (English LTR) > shows the six governance roles with B0018 accountability text verbatim and who holds each  2112ms
   ✓ Team (English LTR) > lists team members with the accountability on each assignment, sortable and filterable  821ms
   ✓ Team (English LTR) > a Transformation Lead assigns a Workstream Lead: Idempotency-Key, reason, accountability preview  1116ms
   ✓ Team (English LTR) > shows a 403 from the server in words; nothing is assigned  835ms
   ✓ Team (Arabic RTL) > shows Arabic role names and the provisional Arabic accountability text  662ms
   ✓ Team assign dialog: accountability preview follows the selected role (F-DG2-430) > en: WL on open, then KDS, TD, none and WL again, in StrictMode with no React warning  1230ms
   ✓ Team assign dialog: accountability preview follows the selected role (F-DG2-430) > ar: WL on open, then KDS, TD, none and WL again, in StrictMode with no React warning  962ms
   ✓ Team: the success notice follows a language switch, 'en' → 'ar' > the notice is shown in the language now on screen, not the one it was created in  1360ms
   ✓ Team: the success notice follows a language switch, 'ar' → 'en' > the notice is shown in the language now on screen, not the one it was created in  1305ms
 ✓ |unit-web| src/pages/roadmap/fe-e.test.tsx (8 tests) 7189ms
   ✓ wave editing (en) > edits planned dates (overlap accepted) with If-Match; the source text is read-only and never sent  1424ms
   ✓ wave editing (en) > 422 roadmap_wave.planned_range is inline at the planned end and translated  535ms
   ✓ wave editing (en) > adds a non-source wave with its bilingual texts (POST, Idempotency-Key)  2084ms
   ✓ wave editing (en) > the read-only auditor gets no wave control  627ms
   ✓ wave editing (ar) > edits planned dates (overlap accepted) with If-Match; the source text is read-only and never sent  784ms
   ✓ wave editing (ar) > 422 roadmap_wave.planned_range is inline at the planned end and translated  705ms
   ✓ wave editing (ar) > adds a non-source wave with its bilingual texts (POST, Idempotency-Key)  871ms
 ✓ |unit-web| src/pages/dispensations/dispensations.test.tsx (12 tests) 6879ms
   ✓ Dispensations (en) > lists waivers and inherited approvals; unverified evidence is shown as unverified; recorder cannot decide  1142ms
   ✓ Dispensations (en) > a waiver needs a reason and an expiry: refused inline, nothing sent; then sent with its scope  758ms
   ✓ Dispensations (en) > an inherited approval (Modular) needs the approving body, the date and evidence; 422s are translated  690ms
   ✓ Dispensations (en) > deciding is a labelled business approval; the delegated-decision 422 and the recorder 403 are translated  1353ms
   ✓ Dispensations (en) > the read-only auditor sees the register with no enabled write control  483ms
   ✓ Dispensations (ar) > lists waivers and inherited approvals; unverified evidence is shown as unverified; recorder cannot decide  316ms
   ✓ Dispensations (ar) > a waiver needs a reason and an expiry: refused inline, nothing sent; then sent with its scope  561ms
   ✓ Dispensations (ar) > an inherited approval (Modular) needs the approving body, the date and evidence; 422s are translated  406ms
   ✓ Dispensations (ar) > deciding is a labelled business approval; the delegated-decision 422 and the recorder 403 are translated  475ms
 ✓ |unit-web| src/pages/gates/g1-agreements.test.tsx (10 tests) 9644ms
   ✓ G1 agreements step (en) > approving G1 needs the three labelled confirmations; then sends agreements with all three true  1610ms
   ✓ G1 agreements step (en) > a non-approve outcome on G1 sends no agreements (even after ticking them)  1019ms
   ✓ G1 agreements step (en) > approving another gate (G2) shows no confirmations and sends no agreements  650ms
   ✓ G1 agreements step (en) > the server's 422 gate.g1_agreements_required is the one form-level alert, with the missing confirmations  944ms
   ✓ G1 agreements step (en) > the server's 422 gate.agreements_not_applicable is translated as the one form-level alert  543ms
   ✓ G1 agreements step (ar) > approving G1 needs the three labelled confirmations; then sends agreements with all three true  1040ms
   ✓ G1 agreements step (ar) > a non-approve outcome on G1 sends no agreements (even after ticking them)  1054ms
   ✓ G1 agreements step (ar) > approving another gate (G2) shows no confirmations and sends no agreements  857ms
   ✓ G1 agreements step (ar) > the server's 422 gate.g1_agreements_required is the one form-level alert, with the missing confirmations  942ms
   ✓ G1 agreements step (ar) > the server's 422 gate.agreements_not_applicable is translated as the one form-level alert  979ms
 ✓ |unit-web| src/app/p3-seams.test.tsx (10 tests) 4973ms
   ✓ P3 routes > workspace tabs (en) > the workspace tabs include the P3 tabs, labelled from their own namespaces  1610ms
   ✓ P3 routes > workspace tabs (ar) > the workspace tabs include the P3 tabs, labelled from their own namespaces  908ms
   ✓ P3 navigation areas > en /initiatives-roadmaps leads into the Initiatives and Roadmaps tab of each transformation  789ms
   ✓ P3 navigation areas > ar /initiatives-roadmaps leads into the المبادرات وخرائط الطريق tab of each transformation  404ms
   ✓ P3 navigation areas > en /benefits-finance leads into the Benefits and Finance tab of each transformation  664ms
   ✓ P3 navigation areas > ar /benefits-finance leads into the المنافع والمالية tab of each transformation  574ms
 ✓ |unit-web| src/pages/capacity/fe-e.test.tsx (13 tests) 10429ms
   ✓ capacity editing (en) > creates a role; a taken code (409) is the form's translated alert; then the role is created  1704ms
   ✓ capacity editing (en) > edits a role's labels and archives it, each with If-Match  868ms
   ✓ capacity editing (en) > creates a capacity row with a decimal FTE string; a duplicate (409) is translated  804ms
   ✓ capacity editing (en) > creates a demand; after the save the plan is re-read and the conflict with its shortfall appears; Unknown stays Unknown  1190ms
   ✓ capacity editing (en) > edits a planned demand with If-Match; 422 resource_demand.not_planned is translated  570ms
   ✓ capacity editing (en) > the read-only auditor sees roles and capacity rows with no editing control  435ms
   ✓ capacity editing (ar) > creates a role; a taken code (409) is the form's translated alert; then the role is created  661ms
   ✓ capacity editing (ar) > edits a role's labels and archives it, each with If-Match  922ms
   ✓ capacity editing (ar) > creates a capacity row with a decimal FTE string; a duplicate (409) is translated  995ms
   ✓ capacity editing (ar) > creates a demand; after the save the plan is re-read and the conflict with its shortfall appears; Unknown stays Unknown  766ms
   ✓ capacity editing (ar) > edits a planned demand with If-Match; 422 resource_demand.not_planned is translated  701ms
   ✓ capacity editing (ar) > the read-only auditor sees roles and capacity rows with no editing control  661ms
 ✓ |unit-web| src/pages/bau/sustain.test.tsx (14 tests) 6268ms
   ✓ BAU and improvement screens (en) > handover checklist marks data access missing; submit 422 names it in the shown language  1044ms
   ✓ BAU and improvement screens (en) > only the receiving owner is offered accept, labelled a business approval  870ms
   ✓ BAU and improvement screens (en) > after reopening, the area shows the original handover acceptance and closure date  478ms
   ✓ BAU and improvement screens (en) > a failed check links to its recovery action; an unknown review signal is Unknown, never on track  539ms
   ✓ BAU and improvement screens (en) > CI backlog stays visible and editable after the transformation is closed  596ms
   ✓ BAU and improvement screens (ar) > handover checklist marks data access missing; submit 422 names it in the shown language  412ms
   ✓ BAU and improvement screens (ar) > only the receiving owner is offered accept, labelled a business approval  831ms
   ✓ BAU and improvement screens (ar) > a failed check links to its recovery action; an unknown review signal is Unknown, never on track  468ms
   ✓ BAU and improvement screens (ar) > CI backlog stays visible and editable after the transformation is closed  472ms
 ✓ |unit-web| src/pages/gates/g4.test.tsx (16 tests) 10658ms
   ✓ G4 refusal item by item (en) > two initiatives without owners: two separate translated 'Owners' items, never the joined English message  1299ms
   ✓ G4 refusal item by item (en) > without a usable gate view: one translated line per refused criterion, never the English message  1295ms
   ✓ G4 refusal item by item (ar) > two initiatives without owners: two separate translated 'Owners' items, never the joined English message  863ms
   ✓ G4 refusal item by item (ar) > without a usable gate view: one translated line per refused criterion, never the English message  627ms
   ✓ G4 view (en) > lists the eight G4 criteria with their missing items: 'Owners', 'Finance validation' and the initiative  475ms
   ✓ G4 view (en) > a refused submission shows the 422 list with the initiative names, translated  544ms
   ✓ G4 view (en) > the decision's 403 urn:mth:problem:forbidden is translated  741ms
   ✓ G4 view (en) > the decision's 403 urn:mth:problem:forbidden is translated  778ms
   ✓ G4 view (en) > the decision's 409 urn:mth:problem:version-conflict is translated  770ms
   ✓ G4 view (ar) > lists the eight G4 criteria with their missing items: 'Owners', 'Finance validation' and the initiative  359ms
   ✓ G4 view (ar) > a refused submission shows the 422 list with the initiative names, translated  577ms
   ✓ G4 view (ar) > the decision's 403 urn:mth:problem:forbidden is translated  696ms
   ✓ G4 view (ar) > the decision's 403 urn:mth:problem:forbidden is translated  750ms
   ✓ G4 view (ar) > the decision's 409 urn:mth:problem:version-conflict is translated  877ms
 ✓ |unit-web| src/pages/gates/inherited-approval.test.tsx (16 tests) 3837ms
   ✓ inherited-approval annotation (en) > Gates list: G1 pending_verification (counts false) is a badge next to 'Not submitted'  1105ms
   ✓ inherited-approval annotation (en) > Gates list: G1 accepted (counts false) is a badge next to 'Not submitted'  372ms
   ✓ inherited-approval annotation (en) > gate view: an accepted inherited approval is a labelled row beside the 'Not submitted' status  354ms
 ✓ |unit-web| src/app/app.test.tsx (17 tests) 5940ms
   ✓ bilingual shell > renders Arabic RTL by default with the provisional wordmark  494ms
   ✓ bilingual shell > switches to English LTR and persists the preference with If-Match  560ms
   ✓ bilingual shell > shows all fourteen areas to an administrator  717ms
   ✓ bilingual shell > hides Administration from a Workstream Lead, and the admin route shows no-permission  590ms
   ✓ bilingual shell > a partial area (Governance) leads into the Gates tab of each transformation; its portfolio view stays planned  880ms
   ✓ transformations > lists transformations with a sortable code column and removable filter chips  882ms
   ✓ transformations > detail shows the workspace header with Unknown for data from later stages  745ms
   ✓ transformations > edit: a 409 writes nothing, shows compare, and re-applies on the current version  308ms
 ✓ |unit-web| src/pages/raci/governance.test.tsx (15 tests) 6353ms
   ✓ Governance (en) > RACI: edits a row with the cell selects and saves it as one PATCH with If-Match  851ms
   ✓ Governance (en) > RACI: an auditor sees the matrix read-only (no cell editor, no save)  570ms
   ✓ Governance (en) > decision rights: seeded rows; the due-date preview shows Unknown with its reason  458ms
   ✓ Governance (en) > decision rights: submits the matrix for business approval with If-Match  593ms
   ✓ Governance (en) > decision rights: a field with an unknown party code is refused before sending  747ms
   ✓ Governance (ar) > decision rights: seeded rows; the due-date preview shows Unknown with its reason  400ms
   ✓ Governance (ar) > decision rights: submits the matrix for business approval with If-Match  485ms
   ✓ Governance (ar) > decision rights: a field with an unknown party code is refused before sending  649ms
   ✓ Governance (ar) > Transform readiness lists what is missing and links to the fix  461ms
 ✓ |unit-web| src/pages/approvals/approvals.test.tsx (16 tests) 6916ms
   ✓ Approvals (en) > lists my approvals; an Unknown due date shows Unknown with its reason, never a date  732ms
   ✓ Approvals (en) > offers exactly four outcomes; defer needs a date; the decision sends subjectVersion with If-Match  743ms
   ✓ Approvals (en) > a blank rationale is refused before sending  421ms
   ✓ Approvals (en) > a stale 409 says the record changed, records nothing and links to the history  528ms
   ✓ Approvals (ar) > offers exactly four outcomes; defer needs a date; the decision sends subjectVersion with If-Match  487ms
   ✓ Approvals (ar) > a blank rationale is refused before sending  330ms
   ✓ Approvals (ar) > a stale 409 says the record changed, records nothing and links to the history  465ms
   ✓ Approvals (ar) > offers 'on behalf of' only for an active delegation to me  354ms
   ✓ Delegations (en) > records a delegation with Asia/Riyadh wall-clock times sent as UTC; a loop 422 is translated  498ms
   ✓ Delegations (en) > revokes with a reason and If-Match; a read-only user sees no action  382ms
   ✓ Delegations (ar) > records a delegation with Asia/Riyadh wall-clock times sent as UTC; a loop 422 is translated  521ms
   ✓ Delegations (ar) > revokes with a reason and If-Match; a read-only user sees no action  559ms
 ✓ |unit-web| src/components/RecordForm.alerts.test.tsx (16 tests) 3064ms
   ✓ record form: one alert per distinct form error (en) > dialog > a 400 whose only field error has pointer "" says its message once, in one live region  568ms
   ✓ record form: one alert per distinct form error (en) > inline-sections > a 400 whose only field error has pointer "" says its message once, in one live region  495ms
 ✓ |unit-web| src/components/LanguageSwitch.test.tsx (10 tests) 5785ms
   ✓ a refused language save, 'en' → other ('403 csrf') > keeps ar on screen and says, in ar, that it was not saved  1533ms
   ✓ a refused language save, 'ar' → other ('403 csrf') > keeps en on screen and says, in en, that it was not saved  761ms
   ✓ a refused language save, 'en' → other ('403 forbidden') > keeps ar on screen and says, in ar, that it was not saved  725ms
   ✓ a refused language save, 'ar' → other ('503') > keeps en on screen and says, in en, that it was not saved  654ms
   ✓ the live region and the persisted preference > switching back clears the notice; the region stays in the DOM, empty  598ms
   ✓ the live region and the persisted preference > a successful save never flips back to the previous language while the PUT is in flight  360ms
   ✓ the live region and the persisted preference > if the persisted preference changes later and is re-applied, the notice says so in that language  455ms
   ✓ the live region and the persisted preference > ar: the notice is a warning banner below the header, not inside it  328ms
 ✓ |unit-web| src/pages/dependencies/dependencies.test.tsx (12 tests) 7063ms
   ✓ dependencies (en) > shows the seven T08 columns, an External source, the type label and the needed-by conflict flag  913ms
   ✓ dependencies (en) > a cycle is refused and shown as the translated message with the path INI-01 → INI-02 → INI-03 → INI-01  864ms
   ✓ dependencies (en) > an External source is sent as {kind: external, label}  1193ms
   ✓ dependencies (en) > dependency types: system types are undeletable; an administrator may retire a custom type  392ms
   ✓ dependencies (en) > a system type's 422 dependency_type.system_undeletable is translated  319ms
   ✓ dependencies (en) > the read-only auditor sees the map and no write control  454ms
   ✓ dependencies (ar) > shows the seven T08 columns, an External source, the type label and the needed-by conflict flag  624ms
   ✓ dependencies (ar) > a cycle is refused and shown as the translated message with the path INI-01 → INI-02 → INI-03 → INI-01  567ms
   ✓ dependencies (ar) > an External source is sent as {kind: external, label}  380ms
   ✓ dependencies (ar) > dependency types: system types are undeletable; an administrator may retire a custom type  453ms
   ✓ dependencies (ar) > a system type's 422 dependency_type.system_undeletable is translated  643ms
 ✓ |unit-web| src/pages/transformations/modeGuidance.test.tsx (5 tests) 1922ms
   ✓ New transformation: mode guidance (English LTR) > shows When to use and How for the selected mode and switches with the mode  798ms
   ✓ New transformation: mode guidance (English LTR) > Modular requires an entry phase before anything is sent  340ms
   ✓ New transformation: mode guidance (English LTR) > a server validation error on the entry phase is shown on that field  507ms
 ✓ |unit-web| src/pages/capacity/capacity.test.tsx (6 tests) 3470ms
   ✓ capacity (en) > the role × month grid shows decimal FTE, the conflict with its shortfall, and Unknown capacity as Unknown (never 0)  1335ms
   ✓ capacity (en) > committing a demand POSTs with If-Match; a 409 shows the conflict notice and reloads  516ms
   ✓ capacity (en) > the read-only auditor sees the grid and no commit or release control  326ms
   ✓ capacity (ar) > the role × month grid shows decimal FTE, the conflict with its shortfall, and Unknown capacity as Unknown (never 0)  366ms
   ✓ capacity (ar) > committing a demand POSTs with If-Match; a 409 shows the conflict notice and reloads  455ms
   ✓ capacity (ar) > the read-only auditor sees the grid and no commit or release control  470ms
 ✓ |unit-web| src/i18n/problems-slices-hijk.test.ts (8 tests) 215ms
 ✓ |unit-web| src/pages/readiness/readiness.test.tsx (4 tests) 2341ms
   ✓ Readiness (en) > lists the missing diagnostic areas by name, the gates and the translated sequencing blockers  991ms
   ✓ Readiness (en) > an accepted, verified inherited approval counts, and the gate itself still is not approved  493ms
   ✓ Readiness (ar) > lists the missing diagnostic areas by name, the gates and the translated sequencing blockers  426ms
   ✓ Readiness (ar) > an accepted, verified inherited approval counts, and the gate itself still is not approved  407ms
 ✓ |unit-web| src/components/States.test.tsx (15 tests) 672ms
 ✓ |unit-web| src/i18n/i18n.test.ts (11 tests) 82ms
 ✓ |unit-web| src/lib/auditChanges.test.ts (125 tests) 77ms
 ✓ |unit-web| src/lib/lib.test.ts (24 tests) 84ms
 ✓ |unit-web| src/test/react-warning-guard.test.tsx (4 tests) 30ms
 ✓ |unit-web| src/pages/my-work/message-keys.test.ts (83 tests) 131ms
 ✓ |unit-web| src/styles/styles.test.ts (6 tests) 16ms
 ✓ |unit-web| src/i18n/glossary.test.ts (8 tests) 15ms
 ✓ |unit-web| src/test/harness-config.test.ts (2 tests) 4ms
 ✓ |unit-web| src/pages/business-cases/problem-codes.test.ts (4 tests) 11ms
 ✓ |unit-node| apps/api/src/modules/kpi/kpi.test.ts (39 tests) 1729ms
   ✓ kpi module (P2) > its declared boundary holds, and a planted bypass or undeclared dependency would be caught  1583ms
 ✓ |unit-node| packages/shared/src/formula/fuzz.test.ts (111 tests) 10475ms
   ✓ fuzz: no uncaught exception, no code execution > 10 000 random byte strings (0–255, up to 80 bytes)  2422ms
   ✓ fuzz: no uncaught exception, no code execution > 10 000 random UTF-16 strings including astral code points and lone surrogates  1590ms
   ✓ fuzz: no uncaught exception, no code execution > 20 000 random strings over the grammar alphabet reach parser, type checker and evaluator  3454ms
   ✓ source scan: no dynamic code in packages/shared/src/formula (ADR-0024 §6) > every file of the engine's import closure gets the engine-source lint rules (eslint.config.js)  1969ms
   ✓ source scan: no dynamic code in packages/shared/src/formula (ADR-0024 §6) > ESLint refuses the round-5 handler forms (G1, G2, A1, A2), F1 and every lintable probe-table row in an engine source  977ms
 ✓ |unit-node| apps/api/src/architecture.test.ts (138 tests) 14969ms
   ✓ API module boundaries (ADR-0002) > every import respects dependsOn, public surfaces and allowed packages  7846ms
   ✓ package dependency direction (ADR-0002 rule 5) > packages/shared imports no workspace package  1256ms
   ✓ package dependency direction (ADR-0002 rule 5) > apps/web never imports @mth/db or @mth/config (browser bundle, no secrets)  4725ms
 ✓ |unit-node| apps/api/src/modules/workflows/workflows.test.ts (14 tests) 2675ms
   ✓ workflows module (P2) > its declared boundary holds, and an undeclared dependency would be caught  2575ms
 ✓ |unit-node| packages/shared/src/kpi/property.test.ts (11 tests) 1234ms
 ✓ |unit-node| apps/api/src/modules/reporting/reporting.test.ts (4 tests) 2296ms
   ✓ reporting module (P1 scaffold, D-048) > its declared boundary holds, and a planted bypass or undeclared dependency would be caught  2148ms
 ✓ |unit-node| apps/api/src/modules/evidence/evidence.test.ts (13 tests) 1157ms
   ✓ evidence module (P2) > its declared boundary holds  909ms
 ✓ |unit-node| packages/shared/src/scoring.test.ts (36 tests) 538ms
   ✓ property: all 5^5 integer score combinations under v1 equal an independent BigInt rational computation > stored value, 2-digit display and 0–100 view all match for 3125 combinations  484ms
 ✓ |unit-node| packages/shared/src/adoption/measures.test.ts (24 tests) 756ms
   ✓ properties (seeded) > never 0 for an empty denominator: Unknown with value null exactly when the denominator is 0  368ms
 ✓ |unit-node| packages/shared/src/schemas/schemas.test.ts (69 tests) 448ms
 ✓ |unit-node| apps/api/src/modules/methodology/methodology.test.ts (4 tests) 336ms
   ✓ methodology module (P2) > its declared boundary holds, and an undeclared dependency would be caught  318ms
 ✓ |unit-node| apps/api/src/server.test.ts (6 tests) 1575ms
   ✓ route registration > declares access on every /api route and on the health endpoints  612ms
   ✓ route registration > registers dev login only in AUTH_MODE=dev; production configuration refuses dev mode entirely  571ms
 ✓ |unit-node| apps/api/src/modules/platform/in-flight.test.ts (4 tests) 291ms
 ✓ |unit-node| apps/api/src/request-encoding.test.ts (11 tests) 140ms
 ✓ |unit-node| apps/api/src/modules/reporting/dashboards/areas.test.ts (19 tests) 579ms
   ✓ combine (ADR-0037 §3 precedence) > property: Unknown or Stale inputs never combine to green, and the result is one of the inputs' ranks (2000 seeded sets)  430ms
 ✓ |unit-node| packages/shared/src/value.test.ts (29 tests) 363ms
 ✓ |unit-node| apps/api/src/modules/platform/platform.test.ts (19 tests) 162ms
 ✓ |unit-node| packages/config/src/load.test.ts (17 tests) 104ms
 ✓ |unit-node| apps/api/src/modules/platform/media-types.test.ts (57 tests) 218ms
(node:4516) [FSTDEP022] FastifyWarning: The router options for constraints property access is deprecated. Please use "options.routerOptions" instead for accessing router options. The router options will be removed in `fastify@6`.
(Use `node --trace-warnings ...` to show where the warning was created)
 ✓ |unit-node| apps/api/src/modules/platform/framework-errors.test.ts (6 tests) 73ms
 ✓ |unit-node| apps/api/src/modules/platform/incomplete-body.test.ts (10 tests) 128ms
 ✓ |unit-node| apps/api/src/modules/benefits/totals.test.ts (14 tests) 77ms
 ✓ |unit-node| apps/api/src/modules/kpi/formulas.test.ts (10 tests) 51ms
 ✓ |unit-node| packages/shared/src/schemas/roadmap.test.ts (6 tests) 23ms
 ✓ |unit-node| packages/design-tokens/src/tokens.test.ts (15 tests) 41ms
 ✓ |unit-node| packages/shared/src/formula/formula.test.ts (140 tests) 198ms
 ✓ |unit-node| apps/api/src/modules/raid/raid.test.ts (7 tests) 36ms
 ✓ |unit-node| packages/shared/src/kpi/purity.test.ts (14 tests) 24ms
 ✓ |unit-node| apps/api/src/modules/kpi/rules.test.ts (30 tests) 86ms
 ✓ |unit-node| packages/shared/src/kpi/a05.test.ts (17 tests) 55ms
 ✓ |unit-node| packages/shared/src/time/working-days.test.ts (19 tests) 62ms
 ✓ |unit-node| apps/api/src/modules/transformations/thesis.test.ts (4 tests) 6ms
 ✓ |unit-node| apps/api/src/modules/admin/branding.test.ts (4 tests) 109ms
 ✓ |unit-node| packages/db/src/seed.test.ts (34 tests) 81ms
 ✓ |unit-node| apps/api/src/modules/platform/connection-hygiene.test.ts (6 tests) 104ms
 ✓ |unit-node| packages/shared/src/kpi/trajectory.test.ts (14 tests) 30ms
 ✓ |unit-node| apps/api/src/modules/platform/health.test.ts (2 tests) 67ms
 ✓ |unit-node| packages/shared/src/kpi/change.test.ts (22 tests) 62ms
 ✓ |unit-node| apps/api/src/modules/benefits/register-rules.test.ts (45 tests) 100ms
 ✓ |unit-node| apps/api/src/modules/benefits/benefits.test.ts (2 tests) 82ms
 ✓ |unit-node| apps/api/src/modules/sustainment/sustainment.test.ts (2 tests) 63ms
 ✓ |unit-node| packages/shared/src/kpi/aggregate.test.ts (20 tests) 12ms
 ✓ |unit-node| apps/api/src/modules/governance/governance.test.ts (2 tests) 106ms
 ✓ |unit-node| packages/shared/src/kpi/formula-binding.test.ts (26 tests) 341ms
 ✓ |unit-node| apps/api/src/modules/benefits/d2-rules.test.ts (15 tests) 25ms
 ✓ |unit-node| packages/shared/src/kpi/types.test.ts (40 tests) 37ms
 ✓ |unit-node| apps/api/src/modules/platform/db-errors.test.ts (7 tests) 11ms
 ✓ |unit-node| apps/api/src/modules/adoption/adoption.test.ts (2 tests) 99ms
 ✓ |unit-node| packages/shared/src/kpi/status.test.ts (25 tests) 17ms
 ✓ |unit-node| apps/api/src/modules/tasks/tasks.test.ts (5 tests) 47ms
 ✓ |unit-node| packages/shared/src/kpi/measures.test.ts (30 tests) 27ms
 ✓ |unit-node| apps/api/src/modules/kpi/totals.test.ts (20 tests) 24ms
 ✓ |unit-node| packages/shared/src/schedule/working-day-slip.test.ts (11 tests) 20ms
 ✓ |unit-node| packages/shared/src/governance/recurrence.test.ts (19 tests) 70ms
 ✓ |unit-node| packages/shared/src/kpi/periods.test.ts (26 tests) 19ms
 ✓ |unit-node| packages/shared/src/kpi/rag.test.ts (38 tests) 48ms
 ✓ |unit-node| apps/api/src/modules/platform/advisory-locks.test.ts (3 tests) 47ms
 ✓ |unit-node| packages/shared/src/adoption/form-schema.test.ts (8 tests) 27ms
 ✓ |unit-node| apps/api/src/modules/platform/db-errors-p4.test.ts (5 tests) 24ms
 ✓ |unit-node| apps/api/src/modules/transformations/good-outcome.test.ts (7 tests) 11ms
 ✓ |unit-node| apps/api/src/modules/portfolio/capacity.test.ts (4 tests) 18ms
 ✓ |unit-node| packages/shared/src/schedule/critical-path.test.ts (13 tests) 10ms
 ✓ |unit-node| apps/api/src/modules/kpi/kbe-c.test.ts (9 tests) 31ms
 ✓ |unit-node| apps/api/src/modules/platform/db-errors-p4-meetings.test.ts (4 tests) 78ms
 ✓ |unit-node| packages/shared/src/schemas/corrective.test.ts (10 tests) 13ms
 ✓ |unit-node| packages/shared/src/schemas/missing-links.test.ts (10 tests) 14ms
 ✓ |unit-node| apps/api/src/modules/raid/corrective.test.ts (4 tests) 166ms
 ✓ |unit-node| apps/api/src/modules/kpi/p3-gate-facts.test.ts (9 tests) 17ms
 ✓ |unit-node| apps/api/src/modules/reporting/dashboards/finance.test.ts (12 tests) 18ms
 ✓ |unit-node| apps/api/src/modules/portfolio/schedule.test.ts (14 tests) 9ms
 ✓ |unit-node| apps/api/src/modules/platform/request-encoding.test.ts (7 tests) 12ms
 ✓ |unit-node| apps/api/src/modules/portfolio/sequencing.test.ts (9 tests) 21ms
 ✓ |unit-node| apps/api/src/modules/workflows/g4.test.ts (5 tests) 13ms
 ✓ |unit-node| apps/api/src/modules/access/rules.test.ts (12 tests) 7ms
 ✓ |unit-node| apps/api/src/modules/portfolio/budget.test.ts (13 tests) 26ms
 ✓ |unit-node| apps/api/src/modules/transformations/exclusions.test.ts (19 tests) 9ms
 ✓ |unit-node| apps/api/src/modules/identity/oidc-claims.test.ts (5 tests) 15ms
 ✓ |unit-node| apps/api/src/modules/transformations/transitions.test.ts (2 tests) 7ms
 ✓ |unit-node| apps/api/src/modules/portfolio/readiness-transform.test.ts (4 tests) 13ms
 ✓ |unit-node| apps/api/src/modules/workflows/t08-cycle-problem.test.ts (2 tests) 3ms
 ✓ |unit-node| apps/api/src/modules/governance/raci.test.ts (2 tests) 3ms

 Test Files  135 passed (135)
      Tests  2588 passed (2588)
   Start at  06:23:04
   Duration  297.35s (transform 16.22s, setup 12.78s, collect 257.32s, tests 488.43s, environment 51.56s, prepare 19.83s)


 RUN  v3.2.4 /home/user/wt/dg4-fe-d2

 ✓ |unit-formula-nocodegen| packages/shared/src/formula/codegen.nocodegen.test.ts (10 tests) 23ms
 ✓ |unit-formula-nocodegen| packages/shared/src/formula/formula.test.ts (140 tests) 226ms
 ✓ |unit-formula-nocodegen| packages/shared/src/formula/fuzz.test.ts (111 tests | 2 skipped) 6166ms
   ✓ fuzz: no uncaught exception, no code execution > 10 000 random byte strings (0–255, up to 80 bytes)  1830ms
   ✓ fuzz: no uncaught exception, no code execution > 10 000 random UTF-16 strings including astral code points and lone surrogates  1239ms
   ✓ fuzz: no uncaught exception, no code execution > 20 000 random strings over the grammar alphabet reach parser, type checker and evaluator  3068ms

 Test Files  3 passed (3)
      Tests  259 passed | 2 skipped (261)
   Start at  06:28:02
   Duration  7.25s (transform 441ms, setup 0ms, collect 1.00s, tests 6.41s, environment 1ms, prepare 449ms)

EXIT 0
