port-policy: PostgreSQL listening on port 25566 (attempt 1)
e2e database mth: server_encoding UTF8, lc_collate C, lc_ctype C
mth-db migrate: applying 0001_identity_access.sql
mth-db migrate: applying 0002_transformation.sql
mth-db migrate: applying 0003_audit_event.sql
mth-db migrate: applying 0004_outbox_jobs.sql
mth-db migrate: applying 0005_seed_roles_permissions.sql
mth-db migrate: applying 0006_pgboss_schema_v25.sql
mth-db migrate: applying 0007_oidc_login_browser_binding.sql
mth-db migrate: applying 0008_scoped_assignment_derived_from.sql
mth-db migrate: applying 0009_business_unit_hierarchy_guard.sql
mth-db migrate: applying 0010_p2_record_guards.sql
mth-db migrate: applying 0011_p2_methodology_catalogue.sql
mth-db migrate: applying 0012_p2_evidence.sql
mth-db migrate: applying 0013_p2_direction_charter.sql
mth-db migrate: applying 0014_p2_kpi_baseline_value_pool.sql
mth-db migrate: applying 0015_p2_diagnose.sql
mth-db migrate: applying 0016_p2_design_tom.sql
mth-db migrate: applying 0017_p2_decisions_gates.sql
mth-db migrate: applying 0018_p2_access_instantiation.sql
mth-db migrate: applying 0019_evidence_review_separation.sql
mth-db migrate: applying 0020_p3_portfolio_roadmap.sql
mth-db migrate: applying 0021_p3_prioritization.sql
mth-db migrate: applying 0022_p3_dependency_capacity_funding.sql
mth-db migrate: applying 0023_p3_business_case_formula.sql
mth-db migrate: applying 0024_p3_gates_access_instantiation.sql
mth-db migrate: applying 0025_p3_g1_agreement_guard.sql
mth-db migrate: applying 0026_p3_enable_g4.sql
mth-db migrate: applying 0027_p3_calculation_rounding.sql
mth-db migrate: applying 0028_p4_calendar_jobs_work_items.sql
mth-db migrate: applying 0029_p4_groups_role_mapping_delegation.sql
mth-db migrate: applying 0030_p4_decision_rights_raci.sql
mth-db migrate: applying 0031_p4_approvals_permissions.sql
mth-db migrate: applying 0032_p4_slice_i_c_reserved.sql
mth-db migrate: applying 0033_p4_kpi_dictionary_versions.sql
mth-db migrate: applying 0034_p4_kpi_trajectories_actuals.sql
mth-db migrate: applying 0035_p4_kpi_calculation_runs_quality.sql
mth-db migrate: applying 0036_p4_kpi_permissions_backfill.sql
mth-db migrate: applying 0037_p4_benefit_register.sql
mth-db migrate: applying 0038_p4_benefit_measurement_validation.sql
mth-db migrate: applying 0039_p4_benefit_value_views.sql
mth-db migrate: applying 0040_p4_benefit_permissions.sql
mth-db migrate: applying 0041_p4_raid_actions_corrective.sql
mth-db migrate: applying 0042_p4_budget_schedule.sql
mth-db migrate: applying 0043_p4_raid_permissions.sql
mth-db migrate: applying 0044_p4_forums_meetings.sql
mth-db migrate: applying 0045_p4_t16_escalation.sql
mth-db migrate: applying 0046_p4_governance_permissions.sql
mth-db migrate: applying 0047_p4_adoption.sql
mth-db migrate: applying 0048_p4_sustainment.sql
mth-db migrate: applying 0049_p4_adoption_sustainment_permissions.sql
mth-db migrate: applying 0050_p4_sustainment_schedules.sql
mth-db migrate: applying 0051_p4_phases_gates_g5_g6_exceptions.sql
mth-db migrate: applying 0052_p4_change_control.sql
mth-db migrate: applying 0053_p4_gates_change_permissions.sql
mth-db migrate: applying 0054_p4_gate_exception_expiry_schedule.sql
mth-db migrate: applying 0055_p4_traceability_modular_structure.sql
mth-db migrate: applying 0056_p4_dashboards_t10.sql
mth-db migrate: applying 0057_p4_dashboards_traceability_permissions.sql
mth-db migrate: applying 0058_p4_approval_reminder_kinds.sql
mth-db migrate: applying 0059_p4_enable_g5_g6.sql
mth-db migrate: applying 0060_p4_governance_schedules_weekly_cadence.sql
mth-db migrate: applied 60 migration(s)
mth-db seed-dev: seeded SYNTHETIC dev users: dev.admin, dev.office, dev.lead, dev.auditor, dev.nobody
port-policy: API listening on port 25567 (attempt 1)
API: http://localhost:25567 (APP_BASE_URL=http://localhost:25567, PORT=25567)
{"status":"ready","checks":{"database":"ok","migrations":"ok"}}
npm warn Unknown project config "strict-peer-dependencies". This will stop working in the next major version of npm. See `npm help npmrc` for supported config options.
npm warn Unknown project config "auto-install-peers". This will stop working in the next major version of npm. See `npm help npmrc` for supported config options.
npm warn Unknown project config "link-workspace-packages". This will stop working in the next major version of npm. See `npm help npmrc` for supported config options.

Running 76 tests using 1 worker

  ✓   1 [chromium-en] › apps/web/e2e/journeys.spec.ts:187:1 › sign-in page: Arabic RTL by default, provisional wordmark, dev form in dev mode (1.4s)
  ✓   2 [chromium-en] › apps/web/e2e/journeys.spec.ts:213:1 › shell: navigation, language persistence and My Work (Transformation Office) (2.3s)
  ✓   3 [chromium-en] › apps/web/e2e/journeys.spec.ts:258:1 › create a modular transformation with an entry phase (5.4s)
  ✓   4 [chromium-en] › apps/web/e2e/journeys.spec.ts:332:1 › list: sort, filter chips, column selection and pagination controls (3.2s)
  ✓   5 [chromium-en] › apps/web/e2e/journeys.spec.ts:390:1 › edit: a concurrent change gives a 409 conflict with compare and re-apply (2.6s)
  ✓   6 [chromium-en] › apps/web/e2e/journeys.spec.ts:442:1 › archive with a mandatory reason makes the record read-only (2.9s)
  ✓   7 [chromium-en] › apps/web/e2e/journeys.spec.ts:477:1 › administration screens (access + technical administrator) (5.6s)
  ✓   8 [chromium-en] › apps/web/e2e/journeys.spec.ts:538:1 › a user without roles sees no Administration and no business records (2.3s)
  ✓   9 [chromium-en] › apps/web/e2e/journeys.spec.ts:560:1 › a business-unit Lead creates a record: Edit/Archive and the audit trail appear without a reload (F-DG1-210), the derived grant localized (F-DG1-008) (4.1s)
  ✓  10 [chromium-en] › apps/web/e2e/p2-journeys.spec.ts:42:1 › lead creates an End-to-End transformation; the workspace tabs lead to the P2 screens (3.1s)
  ✓  11 [chromium-en] › apps/web/e2e/p2-journeys.spec.ts:83:1 › Diagnose: six T01 dimensions with Unknown; value pools labelled Unquantified with a partial total (7.4s)
  ✓  12 [chromium-en] › apps/web/e2e/p2-journeys.spec.ts:168:1 › Charter: create, save a second version, compare versions; the 3-5 top-outcomes warning (5.6s)
  ✓  13 [chromium-en] › apps/web/e2e/p2-journeys.spec.ts:248:1 › Define: North Star, the good outcome test with reasons, and a required T02 target date (5.2s)
  ✓  14 [chromium-en] › apps/web/e2e/p2-journeys.spec.ts:332:1 › Design: ten canvas boxes, the per-dimension view; workshop mode converts an unresolved item into T04 (6.2s)
  ✓  15 [chromium-en] › apps/web/e2e/p2-journeys.spec.ts:414:1 › Evidence: note, filename reference and file upload; a link; review by another person (6.9s)
  ✓  16 [chromium-en] › apps/web/e2e/p2-journeys.spec.ts:608:1 › Gates: G1 shows unverified evidence and offers no submission while incomplete; once complete it is submitted (6.0s)
  ✓  17 [chromium-en] › apps/web/e2e/p2-journeys.spec.ts:675:1 › Gates: the approver's decision — 409 when the submission was superseded, then approval with a rationale (5.6s)
  ✓  18 [chromium-en] › apps/web/e2e/p2-journeys.spec.ts:828:1 › Define → G2: activate a KPI, pass the good outcome test, add a guardrail, compose the thesis; G2 is decided (20.5s)
  ✓  19 [chromium-en] › apps/web/e2e/p2-journeys.spec.ts:1031:1 › Design → G3: the target state is complete and G3 is decided by the Sponsor (6.1s)
  ✓  20 [chromium-en] › apps/web/e2e/p2-journeys.spec.ts:1084:1 › Team: the six governance roles with their B0018 accountability; the lead assigns a Workstream Lead (6.3s)
  ✓  21 [chromium-en] › apps/web/e2e/p2-journeys.spec.ts:1157:1 › read-only auditor (AUD): every P2 screen without write controls; Unknown and Unquantified rendered (14.8s)
  ✓  22 [chromium-en] › apps/web/e2e/p4-gates-closure.spec.ts:161:1 › 1. G5: missing items listed; the Lead requests an exception; the Sponsor accepts it and it covers (7.4s)
  ✓  23 [chromium-en] › apps/web/e2e/p4-gates-closure.spec.ts:213:1 › 2. the Lead submits G5 with exceptions; the submission records the exception lines (3.6s)
  ✓  24 [chromium-en] › apps/web/e2e/p4-gates-closure.spec.ts:247:1 › 3. the Sponsor records a criterion review: the gate is Under review; unreviewed rows read 'Not reviewed' (3.8s)
  ✓  25 [chromium-en] › apps/web/e2e/p4-gates-closure.spec.ts:279:1 › 4. G5 approval needs the scale scope; approved with one item; the Sponsor revokes an exception (4.8s)
  ✓  26 [chromium-en] › apps/web/e2e/p4-gates-closure.spec.ts:325:1 › 5. G6 lists 'Ownership transfer' as missing and cannot be submitted (2.6s)
  ✓  27 [chromium-en] › apps/web/e2e/p4-gates-closure.spec.ts:343:1 › 6. Modular G3: a G2 waiver is refused (DG3); a G3 links waiver is recorded, used at submission, and its revoke refuses approval (10.1s)
  ✓  28 [chromium-en] › apps/web/e2e/p4-gates-closure.spec.ts:441:1 › 7. closure: four statuses side by side and the label; closing is refused with a translated reason (2.8s)
  ✓  29 [chromium-en] › apps/web/e2e/p4-gates-closure.spec.ts:469:1 › 8. transition decision: submitted, returned, round 2 after an edit; a non-requester's withdrawal is refused (7.4s)
  ✓  30 [chromium-en] › apps/web/e2e/p4-gates-closure.spec.ts:566:1 › 9. the auditor sees read-only views; 390 px wide and 200 % text without page-level horizontal scroll (14.5s)
  ✓  31 [chromium-en] › apps/web/e2e/p4-governance.spec.ts:70:1 › role mapping: unmapped roles show the routing error; the Lead maps the Sponsor (4.0s)
  ✓  32 [chromium-en] › apps/web/e2e/p4-governance.spec.ts:97:1 › decision rights and RACI: seeded rows; exact RACI values; a second accountable is refused (5.7s)
  ✓  33 [chromium-en] › apps/web/e2e/p4-governance.spec.ts:132:1 › the Lead requests a business approval routed by the T11 row (3.1s)
  ✓  34 [chromium-en] › apps/web/e2e/p4-governance.spec.ts:155:1 › the Sponsor decides from My Work: defer needs a date, then approve with a rationale (4.9s)
  ✓  35 [chromium-en] › apps/web/e2e/p4-governance.spec.ts:196:1 › a record changed after the request: 409 'the record changed' with a link to its history (2.5s)
  ✓  36 [chromium-en] › apps/web/e2e/p4-governance.spec.ts:234:1 › delegations: the Sponsor delegates to the Business Owner; the reverse is refused as a loop (6.8s)
  ✓  37 [chromium-en] › apps/web/e2e/p4-governance.spec.ts:274:1 › the auditor sees the approval records and a read-only RACI (3.5s)
  ✓  38 [chromium-en] › apps/web/e2e/p4-governance.spec.ts:290:1 › administration: calendar and jobs; governance: groups and Transform readiness (8.2s)
  ✓  39 [chromium-ar] › apps/web/e2e/journeys.spec.ts:187:1 › sign-in page: Arabic RTL by default, provisional wordmark, dev form in dev mode (1.4s)
  ✓  40 [chromium-ar] › apps/web/e2e/journeys.spec.ts:213:1 › shell: navigation, language persistence and My Work (Transformation Office) (2.3s)
  ✓  41 [chromium-ar] › apps/web/e2e/journeys.spec.ts:258:1 › create a modular transformation with an entry phase (5.1s)
  ✓  42 [chromium-ar] › apps/web/e2e/journeys.spec.ts:332:1 › list: sort, filter chips, column selection and pagination controls (3.4s)
  ✓  43 [chromium-ar] › apps/web/e2e/journeys.spec.ts:390:1 › edit: a concurrent change gives a 409 conflict with compare and re-apply (2.6s)
  ✓  44 [chromium-ar] › apps/web/e2e/journeys.spec.ts:442:1 › archive with a mandatory reason makes the record read-only (3.0s)
  ✓  45 [chromium-ar] › apps/web/e2e/journeys.spec.ts:477:1 › administration screens (access + technical administrator) (5.9s)
  ✓  46 [chromium-ar] › apps/web/e2e/journeys.spec.ts:538:1 › a user without roles sees no Administration and no business records (2.4s)
  ✓  47 [chromium-ar] › apps/web/e2e/journeys.spec.ts:560:1 › a business-unit Lead creates a record: Edit/Archive and the audit trail appear without a reload (F-DG1-210), the derived grant localized (F-DG1-008) (4.0s)
  ✓  48 [chromium-ar] › apps/web/e2e/p2-journeys.spec.ts:42:1 › lead creates an End-to-End transformation; the workspace tabs lead to the P2 screens (2.8s)
  ✓  49 [chromium-ar] › apps/web/e2e/p2-journeys.spec.ts:83:1 › Diagnose: six T01 dimensions with Unknown; value pools labelled Unquantified with a partial total (6.8s)
  ✓  50 [chromium-ar] › apps/web/e2e/p2-journeys.spec.ts:168:1 › Charter: create, save a second version, compare versions; the 3-5 top-outcomes warning (5.2s)
  ✓  51 [chromium-ar] › apps/web/e2e/p2-journeys.spec.ts:248:1 › Define: North Star, the good outcome test with reasons, and a required T02 target date (4.6s)
  ✓  52 [chromium-ar] › apps/web/e2e/p2-journeys.spec.ts:332:1 › Design: ten canvas boxes, the per-dimension view; workshop mode converts an unresolved item into T04 (5.7s)
  ✓  53 [chromium-ar] › apps/web/e2e/p2-journeys.spec.ts:414:1 › Evidence: note, filename reference and file upload; a link; review by another person (6.5s)
  ✓  54 [chromium-ar] › apps/web/e2e/p2-journeys.spec.ts:608:1 › Gates: G1 shows unverified evidence and offers no submission while incomplete; once complete it is submitted (5.7s)
  ✓  55 [chromium-ar] › apps/web/e2e/p2-journeys.spec.ts:675:1 › Gates: the approver's decision — 409 when the submission was superseded, then approval with a rationale (4.9s)
  ✓  56 [chromium-ar] › apps/web/e2e/p2-journeys.spec.ts:828:1 › Define → G2: activate a KPI, pass the good outcome test, add a guardrail, compose the thesis; G2 is decided (19.2s)
  ✓  57 [chromium-ar] › apps/web/e2e/p2-journeys.spec.ts:1031:1 › Design → G3: the target state is complete and G3 is decided by the Sponsor (5.7s)
  ✓  58 [chromium-ar] › apps/web/e2e/p2-journeys.spec.ts:1084:1 › Team: the six governance roles with their B0018 accountability; the lead assigns a Workstream Lead (5.6s)
  ✓  59 [chromium-ar] › apps/web/e2e/p2-journeys.spec.ts:1157:1 › read-only auditor (AUD): every P2 screen without write controls; Unknown and Unquantified rendered (13.6s)
  ✓  60 [chromium-ar] › apps/web/e2e/p4-gates-closure.spec.ts:161:1 › 1. G5: missing items listed; the Lead requests an exception; the Sponsor accepts it and it covers (6.7s)
  ✓  61 [chromium-ar] › apps/web/e2e/p4-gates-closure.spec.ts:213:1 › 2. the Lead submits G5 with exceptions; the submission records the exception lines (3.8s)
  ✓  62 [chromium-ar] › apps/web/e2e/p4-gates-closure.spec.ts:247:1 › 3. the Sponsor records a criterion review: the gate is Under review; unreviewed rows read 'Not reviewed' (3.5s)
  ✓  63 [chromium-ar] › apps/web/e2e/p4-gates-closure.spec.ts:279:1 › 4. G5 approval needs the scale scope; approved with one item; the Sponsor revokes an exception (4.5s)
  ✓  64 [chromium-ar] › apps/web/e2e/p4-gates-closure.spec.ts:325:1 › 5. G6 lists 'Ownership transfer' as missing and cannot be submitted (2.5s)
  ✓  65 [chromium-ar] › apps/web/e2e/p4-gates-closure.spec.ts:343:1 › 6. Modular G3: a G2 waiver is refused (DG3); a G3 links waiver is recorded, used at submission, and its revoke refuses approval (9.8s)
  ✓  66 [chromium-ar] › apps/web/e2e/p4-gates-closure.spec.ts:441:1 › 7. closure: four statuses side by side and the label; closing is refused with a translated reason (2.8s)
  ✓  67 [chromium-ar] › apps/web/e2e/p4-gates-closure.spec.ts:469:1 › 8. transition decision: submitted, returned, round 2 after an edit; a non-requester's withdrawal is refused (6.8s)
  ✓  68 [chromium-ar] › apps/web/e2e/p4-gates-closure.spec.ts:566:1 › 9. the auditor sees read-only views; 390 px wide and 200 % text without page-level horizontal scroll (13.3s)
  ✓  69 [chromium-ar] › apps/web/e2e/p4-governance.spec.ts:70:1 › role mapping: unmapped roles show the routing error; the Lead maps the Sponsor (3.9s)
  ✓  70 [chromium-ar] › apps/web/e2e/p4-governance.spec.ts:97:1 › decision rights and RACI: seeded rows; exact RACI values; a second accountable is refused (5.3s)
  ✓  71 [chromium-ar] › apps/web/e2e/p4-governance.spec.ts:132:1 › the Lead requests a business approval routed by the T11 row (2.8s)
  ✓  72 [chromium-ar] › apps/web/e2e/p4-governance.spec.ts:155:1 › the Sponsor decides from My Work: defer needs a date, then approve with a rationale (4.8s)
  ✓  73 [chromium-ar] › apps/web/e2e/p4-governance.spec.ts:196:1 › a record changed after the request: 409 'the record changed' with a link to its history (2.4s)
  ✓  74 [chromium-ar] › apps/web/e2e/p4-governance.spec.ts:234:1 › delegations: the Sponsor delegates to the Business Owner; the reverse is refused as a loop (6.7s)
  ✓  75 [chromium-ar] › apps/web/e2e/p4-governance.spec.ts:274:1 › the auditor sees the approval records and a read-only RACI (3.5s)
  ✓  76 [chromium-ar] › apps/web/e2e/p4-governance.spec.ts:290:1 › administration: calendar and jobs; governance: groups and Transform readiness (8.2s)

  76 passed (7.3m)

To open last HTML report run:
[36m[39m
[36m  npx playwright show-report[39m
[36m[39m
exit=0
