# check: 09b-integration-run2   mode: nolocale   started: 2026-10-06T16:34:39Z
# command: env -u LANG -u LC_ALL -u LC_CTYPE -u LC_COLLATE -u LC_MESSAGES -u LC_NUMERIC -u LC_TIME -u LC_MONETARY  PATH=/opt/nvm/versions/node/v24.21.0/bin:$PATH env QA_PG_PORT=55471 tests/qa/support/with-pg.sh pnpm test:integration
# node v24.21.0; LANG=<unset> LC_ALL=<unset> LC_CTYPE=<unset>
port-policy: warning: PostgreSQL port 55471 is inside the ephemeral range 32768-60999 (a client socket in TIME_WAIT can hold it); will retry outside it on EADDRINUSE
port-policy: PostgreSQL listening on port 55471 (attempt 1)
qa disposable cluster: PostgreSQL 16.13 (Ubuntu 16.13-0ubuntu0.24.04.1) on x86_64-pc-linux-gnu, compiled by gcc (Ubuntu 13.3.0-6ubuntu2~24.04.1) 13.3.0, 64-bit; server_encoding UTF8, lc_collate C, lc_ctype C

> mobily-transformation-hub@0.1.0 test:integration /home/user/My-owns
> vitest run --project integration


 RUN  v3.2.4 /home/user/My-owns

[integration] PostgreSQL 16.13 (Ubuntu 16.13-0ubuntu0.24.04.1); database mth_test_muwwfs7j_c79d7206 (server_encoding UTF8); applied 19 migrations to a fresh database
 ✓ |integration| packages/db/test/integration/scratch-drop.test.ts (3 tests) 7883ms
   ✓ dropScratchDatabase never terminates a live client (F-DG1-009) > a drop right after pool.end() raises no 57P01 on the closing pool (40 rounds, 8 clients each)  7390ms
   ✓ dropScratchDatabase never terminates a live client (F-DG1-009) > a client that is still connected is NOT terminated: the drop refuses, names it, and succeeds once it ends  488ms
 ✓ |integration| apps/worker/test/integration/outbox.test.ts (10 tests) 5411ms
   ✓ worker runtime: end to end, restarts and the dead-letter queue > relays and handles a created transformation, and survives a restart without losing the job  3678ms
   ✓ worker runtime: end to end, restarts and the dead-letter queue > moves a job that keeps failing to ops.failed after the bounded retries  1038ms
 ✓ |integration| apps/api/test/integration/contract/contract.test.ts (14 tests) 4711ms
   ✓ every operation, validated against the contract and the zod mirrors > kpi module operations (P2; kpi-exercises.ts, owned by kpi-benefits-engineer)  667ms
   ✓ every operation, validated against the contract and the zod mirrors > P2 backend operations (p2-exercises.ts): every routed operation exercised with a success  2169ms
   ✓ every operation, validated against the contract and the zod mirrors > every GET operation with a path parameter: a malformed id is a declared 400 at /params/<name>; nothing written  333ms
   ✓ every operation, validated against the contract and the zod mirrors > every operation but the OIDC callback: U+0000 in the query is a declared 400 invalid_character  797ms
 ✓ |integration| tests/qa/integration/a13-job-idempotency.test.ts (5 tests) 3508ms
   ✓ A13 running worker: a duplicate delivery is a no-op > consumes the event once; an extra job with the same message completes as 'duplicate'  2644ms
 ✓ |integration| apps/api/test/integration/gates.test.ts (12 tests) 2429ms
   ✓ starter structure and live readiness > REQ-S13-012: evidence that is only a filename (or an inaccessible link) leaves g1.diagnostic incomplete  358ms
   ✓ G2 Direction readiness (REQ-PB-036 failing outcomes, REQ-PB-037 guardrails) > lists every outcome whose good outcome test is not passing (ids + criteria); zero guardrails blocks submission  457ms
 ✓ |integration| apps/api/test/integration/blank-text.test.ts (29 tests) 2650ms
 ✓ |integration| packages/db/test/integration/encoding.test.ts (8 tests) 2143ms
   ✓ a SQL_ASCII database is refused before anything is created > mth-db migrate: exit 1, the message on stderr, nothing applied, no schema_migration table  321ms
   ✓ a SQL_ASCII database is refused before anything is created > mth-db status: exit 1 with the same message, nothing written  311ms
   ✓ a SQL_ASCII database is refused before anything is created > mth-db seed-dev: exit 1 with the same message, nothing written  331ms
   ✓ a SQL_ASCII database is refused before anything is created > control: the same CLI migrates a UTF8 scratch database created the same way  790ms
 ✓ |integration| apps/api/test/integration/aud-write-deny.test.ts (128 tests) 1988ms
 ✓ |integration| packages/db/test/integration/bootstrap.test.ts (5 tests) 2158ms
   ✓ mth-db bootstrap > creates the first organization and a technical/access admin with no business permission, fully audited  539ms
   ✓ mth-db bootstrap > refuses to run twice  450ms
   ✓ mth-db bootstrap > validates its input and refuses the dev-login issuer  498ms
   ✓ mth-db seed-dev (synthetic, development only) > seeds synthetic users bound to urn:mth:dev-local once, idempotently  577ms
 ✓ |integration| apps/api/test/integration/registers.test.ts (23 tests) 1865ms
 ✓ |integration| apps/api/test/integration/dg2-repairs.test.ts (13 tests) 1429ms
 ✓ |integration| apps/api/test/integration/invalid-character.test.ts (20 tests) 1140ms
 ✓ |integration| apps/api/test/integration/invalid-utf8.test.ts (14 tests) 1182ms
 ✓ |integration| apps/api/test/integration/oidc.test.ts (33 tests) 1171ms
 ✓ |integration| apps/api/test/integration/kpi/kpi-resources.test.ts (23 tests) 1009ms
 ✓ |integration| apps/api/test/integration/access-derived-race.test.ts (4 tests) 1097ms
 ✓ |integration| apps/api/test/integration/bu-hierarchy-guard.test.ts (7 tests) 951ms
 ✓ |integration| packages/db/test/integration/migrate.test.ts (7 tests) 874ms
   ✓ mth-db migrate on a fresh database > applies every shipped migration, then reports up to date  456ms
 ✓ |integration| apps/api/test/integration/kpi/kpi-dg2-repairs.test.ts (11 tests) 932ms
 ✓ |integration| apps/api/test/integration/transformations.test.ts (30 tests) 907ms
 ✓ |integration| apps/api/test/integration/platform.test.ts (12 tests) 719ms
   ✓ readiness requires a UTF8 database (ADR-0003 'Database encoding', T-DG2-BE9) > reports 503 database: fail on a SQL_ASCII database, and database: ok on a UTF8 one created the same way  381ms
 ✓ |integration| apps/worker/test/integration/maintenance.test.ts (2 tests) 529ms
 ✓ |integration| apps/api/test/integration/access-scope.test.ts (18 tests) 638ms
 ✓ |integration| apps/api/test/integration/evidence.test.ts (6 tests) 606ms
 ✓ |integration| apps/api/test/integration/kpi/kpi-aud-write-deny.test.ts (18 tests) 450ms
 ✓ |integration| tests/qa/integration/a12-cross-scope.test.ts (14 tests) 481ms
 ✓ |integration| apps/api/test/integration/admin.test.ts (11 tests) 462ms
 ✓ |integration| apps/api/test/integration/organizations.test.ts (10 tests) 361ms
 ✓ |integration| tests/qa/integration/a14-concurrency.test.ts (5 tests) 313ms
 ✓ |integration| apps/api/test/integration/framework-errors.test.ts (11 tests) 295ms
 ✓ |integration| apps/api/test/integration/identity.test.ts (13 tests) 303ms
 ✓ |integration| packages/db/test/integration/protection.test.ts (17 tests) 108ms
 ✓ |integration| packages/db/test/integration/catalogue.test.ts (9 tests) 41ms

 Test Files  33 passed (33)
      Tests  545 passed (545)
   Start at  16:34:41
   Duration  63.87s (transform 1.44s, setup 0ms, collect 11.62s, tests 50.74s, environment 0ms, prepare 79ms)

# exit: 0   finished: 2026-10-06T16:35:46Z
