
> @mth/web@0.1.0 build /home/user/wt/dg4-fe-r2/apps/web
> tsc -p tsconfig.json && vite build

vite v7.1.11 building for production...
transforming...
✓ 548 modules transformed.
rendering chunks...
computing gzip size...
dist/index.html                                                        1.11 kB │ gzip:   0.48 kB
dist/assets/ibm-plex-sans-latin-400-normal-CYLoc0-x.woff              22.10 kB
dist/assets/ibm-plex-sans-latin-400-normal-CDDApCn2.woff2             22.59 kB
dist/assets/ibm-plex-sans-latin-600-normal-Cu4Hd6ag.woff              23.88 kB
dist/assets/ibm-plex-sans-latin-500-normal-BgVn5rGT.woff              23.92 kB
dist/assets/ibm-plex-sans-latin-500-normal-6ng42L7E.woff2             24.18 kB
dist/assets/ibm-plex-sans-latin-600-normal-CuJfVYMP.woff2             24.25 kB
dist/assets/ibm-plex-sans-arabic-arabic-400-normal-BM00HIL5.woff2     42.88 kB
dist/assets/ibm-plex-sans-arabic-arabic-400-normal-D-ylXcdQ.woff      44.18 kB
dist/assets/ibm-plex-sans-arabic-arabic-500-normal-CVSLUoBh.woff2     45.49 kB
dist/assets/ibm-plex-sans-arabic-arabic-600-normal-a0NpOJIw.woff2     45.73 kB
dist/assets/ibm-plex-sans-arabic-arabic-600-normal-BQ7tCLaK.woff      46.83 kB
dist/assets/ibm-plex-sans-arabic-arabic-500-normal-DCkCZrW1.woff      46.96 kB
dist/assets/vendor-DXNDhYAL.css                                        1.52 kB │ gzip:   0.33 kB
dist/assets/index-C4W1ZLo8.css                                        29.32 kB │ gzip:   5.64 kB
dist/assets/vendor-D5IgzPKA.js                                         1.22 kB │ gzip:   0.68 kB │ map:     4.19 kB
dist/assets/vendor-i18n-cR9N_hkb.js                                   49.18 kB │ gzip:  16.30 kB │ map:   166.95 kB
dist/assets/vendor-tanstack-BqUvQ4H9.js                               85.25 kB │ gzip:  23.73 kB │ map:   371.56 kB
dist/assets/vendor-forms-CEtlTSTg.js                                 111.34 kB │ gzip:  36.32 kB │ map:   653.06 kB
dist/assets/vendor-react-KfPm9aBL.js                                 273.19 kB │ gzip:  87.37 kB │ map: 1,376.51 kB
dist/assets/index-CyQjVRiM.js                                      2,440.71 kB │ gzip: 588.55 kB │ map: 5,397.98 kB

(!) Some chunks are larger than 500 kB after minification. Consider:
- Using dynamic import() to code-split the application
- Use build.rollupOptions.output.manualChunks to improve chunking: https://rollupjs.org/configuration-options/#output-manualchunks
- Adjust chunk size limit for this warning via build.chunkSizeWarningLimit.
✓ built in 7.34s
