
> mobily-transformation-hub@0.1.0 test /home/user/wt/dg4-be-r3
> vitest run --project unit-node --project unit-web && vitest run --project unit-formula-nocodegen


 RUN  v3.2.4 /home/user/wt/dg4-be-r3

 ✓ |unit-web| src/pages/render-time-language.test.tsx (28 tests) 30626ms
   ✓ sign-in (dev form), 'en' → 'ar' > an invalid user name: the inline message follows the switch  1102ms
   ✓ journey step editor, 'en' → 'ar' > a field error on a step follows the switch  2720ms
   ✓ journey step editor, 'en' → 'ar' > the form-level "Step N:" error follows the switch (prefix and message)  2856ms
   ✓ journey step editor, 'ar' → 'en' > a field error on a step follows the switch  1605ms
   ✓ journey step editor, 'ar' → 'en' > the form-level "Step N:" error follows the switch (prefix and message)  1250ms
   ✓ row-action note and reason dialog, 'en' → 'ar' > the Finance validation note's 'required' follows the switch  878ms
   ✓ row-action note and reason dialog, 'en' → 'ar' > the Finance validation choice's 'required' follows the switch  1149ms
   ✓ row-action note and reason dialog, 'en' → 'ar' > the archive reason's 'too short' follows the switch  1560ms
   ✓ row-action note and reason dialog, 'ar' → 'en' > the Finance validation note's 'required' follows the switch  1564ms
   ✓ row-action note and reason dialog, 'ar' → 'en' > the Finance validation choice's 'required' follows the switch  2254ms
   ✓ row-action note and reason dialog, 'ar' → 'en' > the archive reason's 'too short' follows the switch  1348ms
   ✓ gate dialogs, 'en' → 'ar' > the submission note's field error follows the switch  977ms
   ✓ gate dialogs, 'en' → 'ar' > the decision rationale's field error follows the switch  1339ms
   ✓ gate dialogs, 'ar' → 'en' > the submission note's field error follows the switch  624ms
   ✓ gate dialogs, 'ar' → 'en' > the decision rationale's field error follows the switch  1026ms
   ✓ North Star statement, 'en' → 'ar' > the statement's field error follows the switch  957ms
   ✓ North Star statement, 'ar' → 'en' > the statement's field error follows the switch  1355ms
   ✓ evidence dialogs, 'en' → 'ar' > upload without a file: 'required' follows the switch  967ms
   ✓ evidence dialogs, 'en' → 'ar' > a link without a record type or record: both 'required' messages follow the switch  1739ms
   ✓ evidence dialogs, 'ar' → 'en' > upload without a file: 'required' follows the switch  1276ms
   ✓ evidence dialogs, 'ar' → 'en' > a link without a record type or record: both 'required' messages follow the switch  973ms
 ✓ |unit-web| src/pages/p2-blank-forms.test.tsx (52 tests) 52310ms
   ✓ gate submission note (en) > a whitespace-only note is refused inline and nothing is sent  613ms
   ✓ gate submission note (en) > a invisible-only note is refused inline and nothing is sent  554ms
   ✓ gate submission note (en) > visible text is sent verbatim; an empty note is omitted  955ms
   ✓ gate submission note (ar) > a whitespace-only note is refused inline and nothing is sent  547ms
   ✓ gate submission note (ar) > a invisible-only note is refused inline and nothing is sent  1240ms
   ✓ gate submission note (ar) > visible text is sent verbatim; an empty note is omitted  1218ms
   ✓ gate decision rationale and comments (en) > a whitespace-only rationale is refused inline and nothing is sent  871ms
   ✓ gate decision rationale and comments (en) > a invisible-only rationale is refused inline and nothing is sent  576ms
   ✓ gate decision rationale and comments (en) > a invisible (long enough for min 3)-only rationale is refused inline and nothing is sent  984ms
   ✓ gate decision rationale and comments (en) > a whitespace-only comment is refused inline (focus on it) and nothing is sent  730ms
   ✓ gate decision rationale and comments (en) > a invisible-only comment is refused inline (focus on it) and nothing is sent  861ms
   ✓ gate decision rationale and comments (en) > visible text is sent verbatim; empty comments are omitted; an empty rationale stays 'too short'  706ms
   ✓ gate decision rationale and comments (en) > a server 400 validation.blank on /rationale lands on the field  1532ms
   ✓ gate decision rationale and comments (ar) > a whitespace-only rationale is refused inline and nothing is sent  856ms
   ✓ gate decision rationale and comments (ar) > a invisible-only rationale is refused inline and nothing is sent  566ms
   ✓ gate decision rationale and comments (ar) > a invisible (long enough for min 3)-only rationale is refused inline and nothing is sent  502ms
   ✓ gate decision rationale and comments (ar) > a whitespace-only comment is refused inline (focus on it) and nothing is sent  550ms
   ✓ gate decision rationale and comments (ar) > a invisible-only comment is refused inline (focus on it) and nothing is sent  1737ms
   ✓ gate decision rationale and comments (ar) > visible text is sent verbatim; empty comments are omitted; an empty rationale stays 'too short'  1592ms
   ✓ gate decision rationale and comments (ar) > a server 400 validation.blank on /rationale lands on the field  773ms
   ✓ journey step editor (en) > a whitespace-only actor is refused inline (not turned into null) and nothing is sent  1662ms
   ✓ journey step editor (en) > a invisible-only actor is refused inline (not turned into null) and nothing is sent  2106ms
   ✓ journey step editor (en) > several blank fields: each gets the message and focus goes to the first (name)  881ms
   ✓ journey step editor (en) > visible text is sent verbatim; emptied optional text is null; an empty name is required  1596ms
   ✓ journey step editor (ar) > a whitespace-only actor is refused inline (not turned into null) and nothing is sent  1201ms
   ✓ journey step editor (ar) > a invisible-only actor is refused inline (not turned into null) and nothing is sent  1550ms
   ✓ journey step editor (ar) > several blank fields: each gets the message and focus goes to the first (name)  2059ms
   ✓ journey step editor (ar) > visible text is sent verbatim; emptied optional text is null; an empty name is required  1757ms
   ✓ Finance validation note and archive reason (en) > note: a whitespace-only note is refused inline and nothing is sent  903ms
   ✓ Finance validation note and archive reason (en) > note: a invisible-only note is refused inline and nothing is sent  613ms
   ✓ Finance validation note and archive reason (en) > note: empty is 'required'; visible text is sent verbatim  899ms
   ✓ Finance validation note and archive reason (en) > reason: a whitespace-only reason is refused inline and nothing is archived  1098ms
   ✓ Finance validation note and archive reason (en) > reason: a invisible-only reason is refused inline and nothing is archived  796ms
   ✓ Finance validation note and archive reason (en) > reason: a server 400 validation.blank on /reason is the field message, not a generic error  472ms
   ✓ Finance validation note and archive reason (en) > reason: a reason with U+0000 is refused inline with the localized message and nothing is archived  864ms
   ✓ Finance validation note and archive reason (en) > reason: a server 400 validation.invalid_character on /reason is the localized field message  1102ms
   ✓ Finance validation note and archive reason (en) > reason: empty keeps 'too short'; visible text is sent verbatim  1236ms
   ✓ Finance validation note and archive reason (ar) > note: a whitespace-only note is refused inline and nothing is sent  1250ms
   ✓ Finance validation note and archive reason (ar) > note: a invisible-only note is refused inline and nothing is sent  865ms
   ✓ Finance validation note and archive reason (ar) > note: empty is 'required'; visible text is sent verbatim  1088ms
   ✓ Finance validation note and archive reason (ar) > reason: a whitespace-only reason is refused inline and nothing is archived  1069ms
   ✓ Finance validation note and archive reason (ar) > reason: a invisible-only reason is refused inline and nothing is archived  555ms
   ✓ Finance validation note and archive reason (ar) > reason: a server 400 validation.blank on /reason is the field message, not a generic error  1900ms
   ✓ Finance validation note and archive reason (ar) > reason: a reason with U+0000 is refused inline with the localized message and nothing is archived  1223ms
   ✓ Finance validation note and archive reason (ar) > reason: a server 400 validation.invalid_character on /reason is the localized field message  650ms
   ✓ Finance validation note and archive reason (ar) > reason: empty keeps 'too short'; visible text is sent verbatim  935ms
   ✓ North Star statement (en) > a whitespace-only statement is refused inline and nothing is sent  883ms
   ✓ North Star statement (en) > a invisible-only statement is refused inline and nothing is sent  1347ms
   ✓ North Star statement (ar) > a whitespace-only statement is refused inline and nothing is sent  1066ms
   ✓ North Star statement (ar) > a invisible-only statement is refused inline and nothing is sent  364ms
 ✓ |unit-web| src/pages/kpi/kpi.test.tsx (27 tests) 12763ms
   ✓ KPI screens (en) > RAG panel: the seven elements, the threshold version named, and the override beside the calculated RAG  610ms
   ✓ KPI screens (en) > no actual for the current period: Unknown, grey and labelled, with its reason; never 0 and never green  635ms
   ✓ KPI screens (en) > the status overview shows Unknown KPIs grey and labelled (no zero in the list)  777ms
   ✓ KPI screens (en) > four-step update: submits once, then lists downstream views, 'review pending' and 'Finance review pending'  1174ms
   ✓ KPI screens (en) > a second entry for the same KPI and period is value version 2 of the same slot (If-Match)  489ms
   ✓ KPI screens (en) > a 409 on submit is the form's one alert: nothing was saved, the latest data is loaded  437ms
   ✓ KPI screens (en) > read-only viewer (auditor): no write action on the KPI page, labels say business approval  996ms
   ✓ KPI screens (en) > data quality: an open finding is resolved with a note and If-Match  1038ms
   ✓ KPI screens (ar) > no actual for the current period: Unknown, grey and labelled, with its reason; never 0 and never green  319ms
   ✓ KPI screens (ar) > four-step update: submits once, then lists downstream views, 'review pending' and 'Finance review pending'  737ms
   ✓ KPI screens (ar) > a second entry for the same KPI and period is value version 2 of the same slot (If-Match)  1267ms
   ✓ KPI screens (ar) > a 409 on submit is the form's one alert: nothing was saved, the latest data is loaded  634ms
   ✓ KPI screens (ar) > no active version: the update explains it and links to the versions (no form)  395ms
   ✓ KPI screens (ar) > review queue: the reviewer accepts with If-Match; the submitter of a value is not offered a decision  352ms
   ✓ KPI screens (ar) > an actual: a submitted value says it is not used until accepted; a draft is labelled not submitted  390ms
   ✓ KPI screens (ar) > read-only viewer (auditor): no write action on the KPI page, labels say business approval  673ms
   ✓ KPI screens (ar) > data quality: an open finding is resolved with a note and If-Match  707ms
 ✓ |unit-web| src/pages/p2.test.tsx (56 tests) 57473ms
   ✓ Diagnose > shows the six T01 dimensions with Unknown for missing values, and value pools that are never 0  1648ms
   ✓ Diagnose > shows the totals as Unknown when no pool is quantified  906ms
   ✓ Diagnose > renders the six workstreams with their key questions  1459ms
   ✓ Diagnose > edits a T01 row with only the changed fields and If-Match  2663ms
   ✓ Diagnose > a 409 on save writes nothing, compares, and re-applies on the current version  2556ms
   ✓ Diagnose > a 400 validation.blank shows a localized message on its field ('en')  2628ms
   ✓ Diagnose > a 400 validation.blank shows a localized message on its field ('ar')  2026ms
   ✓ Diagnose > an invisible-only value is blocked client-side with validation.blank ('en')  1721ms
   ✓ Diagnose > an invisible-only value is blocked client-side with validation.blank ('ar')  2109ms
   ✓ Diagnose > a whitespace-only T01 value is an inline blank error and sends nothing ('en')  2970ms
   ✓ Diagnose > a whitespace-only T01 value is an inline blank error and sends nothing ('ar')  2404ms
   ✓ Diagnose > T01: an emptied field is sent as an explicit null; visible text is sent verbatim  2567ms
   ✓ Diagnose > Arabic: RTL with Arabic labels and the unquantified label  604ms
   ✓ Define > shows the good outcome test per outcome with pass / fail / unknown and localized reasons  918ms
   ✓ Define > requires a target date on a T02 row before sending anything  955ms
   ✓ Define > sets the North Star with one sentence and no If-Match the first time  1120ms
   ✓ Define: KPI activation (F-DG2-201) > offers Activate on a draft KPI, states the unmet precondition on 422, then activates with If-Match  1544ms
   ✓ Define: KPI activation (F-DG2-201) > Arabic: the Activate action and the 422 reason are in Arabic  1165ms
   ✓ Define: KPI activation (F-DG2-201) > an active KPI shows Active and offers no Activate  345ms
   ✓ Charter > shows the 14 fields, the thesis, the five scope checks with pre-checks and the top-outcomes warning  405ms
   ✓ Charter > scope pre-check: an empty Out of scope reads as failing (EN and AR)  2060ms
   ✓ Charter > thesis: the four parts compose the B0037 sentence (EN and AR)  465ms
   ✓ Charter > North Star (field 5): a superseded statement is never shown as the current one  356ms
   ✓ Charter > compares a version with the previous one  1177ms
   ✓ Charter > create: a whitespace Case for change is an inline blank error and creates nothing ('en')  1397ms
   ✓ Charter > create: a whitespace Case for change is an inline blank error and creates nothing ('ar')  765ms
   ✓ Charter > edit: a whitespace Out of scope is an inline blank error, sends nothing and keeps the value (en)  628ms
   ✓ Charter > edit: a whitespace Out of scope is an inline blank error, sends nothing and keeps the value (ar)  1141ms
   ✓ Charter > edit: emptying a filled field sends null; visible text is verbatim (en)  1188ms
   ✓ Charter > edit: emptying a filled field sends null; visible text is verbatim (ar)  1125ms
   ✓ Charter > edit: a change summary alone is not a change (never a content-free version)  863ms
   ✓ Design > shows the ten canvas boxes and the per-dimension view  1404ms
   ✓ Design > converts an unresolved workshop item into a design decision with If-Match  2328ms
   ✓ Decisions (T04) > reads the log with kind=design and shows D-codes, options A/B/C and Open status  466ms
   ✓ Decisions (T04) > creates a design decision with inline options and an idempotency key  555ms
   ✓ Gates (business approval) > lists G1-G6 as business approvals with live readiness, and never mentions the engineering gates  854ms
   ✓ Gates (business approval) > shows unverified evidence as unverified, the failing outcome at G2, and submits with If-Match  487ms
   ✓ Gates (business approval) > the approver's decision: rationale required; 403 and 409 problems in words  1398ms
   ✓ Gates (business approval) > gate list titles: the verbatim B0023 name once, never the code twice (EN and AR)  488ms
   ✓ Gates (business approval) > gate detail heading: the verbatim B0023 name once (EN and AR)  341ms
   ✓ Evidence > uploads a revision as octet-stream with a percent-encoded file name and If-Match  1065ms
   ✓ Evidence > never offers review to the creator; a filename reference can only be rejected  764ms
   ✓ read-only auditor (AUD) > diagnose: no write control and a read-only note  429ms
   ✓ read-only auditor (AUD) > gates: no write control and a read-only note  443ms
   ✓ read-only auditor (AUD) > team: no write control and a read-only note  322ms
 ✓ |unit-web| src/pages/raid/raid.test.tsx (18 tests) 12004ms
   ✓ RAID and actions screens (en) > T15 register: nine columns, Probability n/a outside Risk, per-type mitigation header, Dependency links to T08  726ms
   ✓ RAID and actions screens (en) > Dependency form: 'To' initiative required, no probability; nothing is sent without it  398ms
   ✓ RAID and actions screens (en) > Dependency edit has no 'In progress'; a Risk edit offers it; a closed Dependency shows no closure fields  410ms
   ✓ RAID and actions screens (en) > an Issue with a probability is refused by the server; the 422 is translated in one alert  1451ms
   ✓ RAID and actions screens (en) > action register: source, follow-up date and overdue flag; edit sends If-Match  3236ms
   ✓ RAID and actions screens (en) > corrective case: source and benefit step, owner Unassigned, follow-up Unknown with reason, signals never green  408ms
   ✓ RAID and actions screens (en) > rules: a rule without a stored row is labelled Default; saving it creates the row (POST, no If-Match)  600ms
   ✓ RAID and actions screens (en) > the read-only auditor sees the register without any write control  372ms
   ✓ RAID and actions screens (ar) > action register: source, follow-up date and overdue flag; edit sends If-Match  1597ms
   ✓ RAID and actions screens (ar) > corrective case: source and benefit step, owner Unassigned, follow-up Unknown with reason, signals never green  427ms
   ✓ RAID and actions screens (ar) > rules: a rule without a stored row is labelled Default; saving it creates the row (POST, no If-Match)  613ms
   ✓ RAID and actions screens (ar) > the read-only auditor sees the register without any write control  761ms
 ✓ |unit-web| src/pages/prioritization/prioritization.test.tsx (20 tests) 23175ms
   ✓ prioritization (en) > ranked table: an incomplete score is 'incomplete' (never a number), 3.30 complete; 0–100 shows 57.5 with its label  2300ms
   ✓ prioritization (en) > scorecard: 6 is refused inline and nothing is sent; 4 is POSTed as the integer; the weighted score is read-only 'incomplete'  2383ms
   ✓ prioritization (en) > weight sets: the live total refuses 95% and 105%; 100% is accepted and POSTed as decimal strings  884ms
   ✓ prioritization (en) > weight sets: the proposer is never offered approval; another approver's approval is a business approval with If-Match; 403 SoD is translated  1697ms
   ✓ prioritization (en) > weight set approval: a 409 shows the conflict banner and reloads  501ms
   ✓ prioritization (en) > ranking history: causes are translated from codes, including 'weight version 2', score change and the override reason  485ms
   ✓ prioritization (en) > overrides: a reason is required (missing and invisible-only are refused, nothing sent); with a reason it is POSTed  998ms
   ✓ prioritization (en) > the read-only auditor sees the data and no enabled write control  1519ms
   ✓ prioritization (ar) > ranked table: an incomplete score is 'incomplete' (never a number), 3.30 complete; 0–100 shows 57.5 with its label  1686ms
   ✓ prioritization (ar) > scorecard: 6 is refused inline and nothing is sent; 4 is POSTed as the integer; the weighted score is read-only 'incomplete'  2246ms
   ✓ prioritization (ar) > weight sets: the live total refuses 95% and 105%; 100% is accepted and POSTed as decimal strings  1648ms
   ✓ prioritization (ar) > weight sets: the proposer is never offered approval; another approver's approval is a business approval with If-Match; 403 SoD is translated  2301ms
   ✓ prioritization (ar) > weight set approval: a 409 shows the conflict banner and reloads  1150ms
   ✓ prioritization (ar) > ranking history: causes are translated from codes, including 'weight version 2', score change and the override reason  499ms
   ✓ prioritization (ar) > overrides: a reason is required (missing and invisible-only are refused, nothing sent); with a reason it is POSTed  1194ms
   ✓ prioritization (ar) > the read-only auditor sees the data and no enabled write control  568ms
   ✓ prioritization (ar) > a portfolio above 500 eligible initiatives is the translated 422 state, not an empty table  309ms
   ✓ prioritization (ar) > never mentions a delivery gate (DG0–DG7)  322ms
 ✓ |unit-web| src/pages/portfolio/portfolio.test.tsx (32 tests) 21905ms
   ✓ Portfolio (en) > lists code, name, wave, owners and three separate columns: proposed rank, selection and funding  1196ms
   ✓ Portfolio (en) > the proposed rank is Unknown (never 0) when the prioritization view is unavailable  799ms
   ✓ Portfolio (en) > filters by status and wave on the server  831ms
   ✓ Portfolio (en) > creates a draft at any time: POST /initiatives with the transformation and an Idempotency-Key  1374ms
   ✓ Portfolio (en) > the read-only auditor sees the list with no enabled write control  350ms
   ✓ Portfolio (en) > outcome hierarchy: five levels, an Unknown target is Unknown (never 0)  416ms
   ✓ Portfolio (ar) > lists code, name, wave, owners and three separate columns: proposed rank, selection and funding  506ms
   ✓ Portfolio (ar) > filters by status and wave on the server  506ms
   ✓ Portfolio (ar) > creates a draft at any time: POST /initiatives with the transformation and an Idempotency-Key  885ms
   ✓ Portfolio (ar) > the read-only auditor sees the list with no enabled write control  758ms
   ✓ Initiative Card (en) > submit refused: 'Case for change not yet approved (G1)…' is the dialog's one translated alert  336ms
   ✓ Initiative Card (en) > launch refused: 'North Star, outcomes and target state not yet approved', then 'Selected - unfunded…'  669ms
   ✓ Initiative Card (en) > select is a labelled business approval: rationale required, If-Match, no 'on behalf of' control  1447ms
   ✓ Initiative Card (en) > a 409 shows the conflict banner and reloads  655ms
   ✓ Initiative Card (en) > a gap link to another TOM record shows 'A project portfolio is not a Target Operating Model…'  850ms
   ✓ Initiative Card (en) > an outcome contribution needs an outcome; the KPI is optional and labelled so  1536ms
   ✓ Initiative Card (en) > the read-only auditor sees the card with no enabled write control  460ms
   ✓ Initiative Card (en) > a cancelled initiative is read-only even for the lead  384ms
   ✓ Initiative Card (ar) > shows all 14 T05 fields in the source order and the 3-7 deliverables warning (a warning, not a block)  365ms
   ✓ Initiative Card (ar) > submit refused: 'Case for change not yet approved (G1)…' is the dialog's one translated alert  894ms
   ✓ Initiative Card (ar) > submit refused: 'Outcome before activity…' (validation at /outcomeContributions) is translated  616ms
   ✓ Initiative Card (ar) > launch refused: 'North Star, outcomes and target state not yet approved', then 'Selected - unfunded…'  1221ms
   ✓ Initiative Card (ar) > select is a labelled business approval: rationale required, If-Match, no 'on behalf of' control  709ms
   ✓ Initiative Card (ar) > a 409 shows the conflict banner and reloads  1185ms
   ✓ Initiative Card (ar) > a gap link to another TOM record shows 'A project portfolio is not a Target Operating Model…'  691ms
   ✓ Initiative Card (ar) > an outcome contribution needs an outcome; the KPI is optional and labelled so  757ms
   ✓ Initiative Card (ar) > the read-only auditor sees the card with no enabled write control  347ms
 ✓ |unit-web| src/auth/session-bound.test.tsx (34 tests) 23380ms
   ✓ F-DG2-530/580 no effect of A's action after a further await once the tab is B's (en) > Y1: a create whose post-create GET /me returns B: B is not navigated and never sees A's code or name  1615ms
   ✓ F-DG2-530/580 no effect of A's action after a further await once the tab is B's (en) > Y1c: the same create under one identity still lands on the created record  557ms
   ✓ F-DG2-530/580 no effect of A's action after a further await once the tab is B's (en) > Y1c (not visible to the creator): the creator still gets 'created, but you cannot open it' with the 201's code  439ms
   ✓ F-DG2-530/580 no effect of A's action after a further await once the tab is B's (en) > router state left in history (Back/Forward) never shows A's created record to B  359ms
   ✓ F-DG2-530/580 no effect of A's action after a further await once the tab is B's (en) > an edit whose identity changes between its awaits: B is not navigated to A's record and keeps nothing of A's  538ms
   ✓ F-DG2-530/580 no effect of A's action after a further await once the tab is B's (en) > an organization create whose identity changes between its awaits: B is not navigated to A's new organization  878ms
   ✓ F-DG2-530/580 no effect of A's action after a further await once the tab is B's (en) > a user create whose identity changes between its awaits: B is not navigated to A's new user  1111ms
   ✓ F-DG2-530/580 no effect of A's action after a further await once the tab is B's (en) > sanity: the organization and user creates under one identity still navigate to the new record  338ms
   ✓ F-DG2-570 the header and the data of ONE identity on in-app navigation (en) > N1: B signed in elsewhere, no focus event: opening A's record asks GET /me first; B's header above B's answer  321ms
   ✓ F-DG2-570 the header and the data of ONE identity on in-app navigation (en) > N2: opening the list: B's header with B's list and B's permissions, never A's header or A's empty-state  502ms
   ✓ F-DG2-570 the header and the data of ONE identity on in-app navigation (en) > bounded: one GET /me per navigation, shared by the page's burst; other GETs only after the window; same identity kept  826ms
   ✓ F-DG2-570 the header and the data of ONE identity on in-app navigation (en) > writes neither wait for nor trigger the recheck: the save goes out at once with the user's own CSRF token  388ms
   ✓ F-DG2-530/580 no effect of A's action after a further await once the tab is B's (ar) > Y1: a create whose post-create GET /me returns B: B is not navigated and never sees A's code or name  1073ms
   ✓ F-DG2-530/580 no effect of A's action after a further await once the tab is B's (ar) > Y1c: the same create under one identity still lands on the created record  1125ms
   ✓ F-DG2-530/580 no effect of A's action after a further await once the tab is B's (ar) > Y1c (not visible to the creator): the creator still gets 'created, but you cannot open it' with the 201's code  511ms
   ✓ F-DG2-530/580 no effect of A's action after a further await once the tab is B's (ar) > router state left in history (Back/Forward) never shows A's created record to B  550ms
   ✓ F-DG2-530/580 no effect of A's action after a further await once the tab is B's (ar) > an edit whose identity changes between its awaits: B is not navigated to A's record and keeps nothing of A's  703ms
   ✓ F-DG2-530/580 no effect of A's action after a further await once the tab is B's (ar) > an organization create whose identity changes between its awaits: B is not navigated to A's new organization  897ms
   ✓ F-DG2-530/580 no effect of A's action after a further await once the tab is B's (ar) > a user create whose identity changes between its awaits: B is not navigated to A's new user  1688ms
   ✓ F-DG2-530/580 no effect of A's action after a further await once the tab is B's (ar) > sanity: the organization and user creates under one identity still navigate to the new record  686ms
   ✓ F-DG2-530/580 no effect of A's action after a further await once the tab is B's (ar) > sanity: an edit under one identity (a same-identity /me between its awaits) still updates the cache and navigates  394ms
   ✓ F-DG2-570 the header and the data of ONE identity on in-app navigation (ar) > N1: B signed in elsewhere, no focus event: opening A's record asks GET /me first; B's header above B's answer  322ms
   ✓ F-DG2-570 the header and the data of ONE identity on in-app navigation (ar) > N2: opening the list: B's header with B's list and B's permissions, never A's header or A's empty-state  562ms
   ✓ F-DG2-570 the header and the data of ONE identity on in-app navigation (ar) > bounded: one GET /me per navigation, shared by the page's burst; other GETs only after the window; same identity kept  594ms
   ✓ F-DG2-570 the header and the data of ONE identity on in-app navigation (ar) > writes neither wait for nor trigger the recheck: the save goes out at once with the user's own CSRF token  312ms
   ✓ the convention: no raw navigate or cache write in app code (T-DG2-FE15) > the ESLint rule refuses a raw navigate, a raw cache write and a useNavigate import in a page  5196ms
 ✓ |unit-web| src/pages/business-cases/business-cases.test.tsx (18 tests) 20600ms
   ✓ business cases (en) > register: levels, Finance baseline states with text (Stale is never green) and drafts  1990ms
   ✓ business cases (en) > detail: all ten sections, totals with gross / cost / net apart, net Unknown (never 0), roll-up by reference  1339ms
   ✓ business cases (en) > totals: a partial total says how many Unknown lines it leaves out  968ms
   ✓ business cases (en) > sections: saves only the changed section with If-Match; blank text is refused inline and nothing is sent  2454ms
   ✓ business cases (en) > sections: a 409 shows the standard conflict panel (nothing saved) with the current values  1592ms
   ✓ business cases (en) > lines: exactly one class from one select; the value basis follows the class; a 422 is translated  1257ms
   ✓ business cases (en) > Finance validation: a business approval for FIN who did not author the case; If-Match; translated 403  841ms
   ✓ business cases (en) > Finance validation: the case author sees no validate action, only the separation-of-duties note  1132ms
   ✓ business cases (en) > read-only auditor: the ten sections as text, no enabled write control, the read-only note  318ms
   ✓ business cases (ar) > register: levels, Finance baseline states with text (Stale is never green) and drafts  571ms
   ✓ business cases (ar) > detail: all ten sections, totals with gross / cost / net apart, net Unknown (never 0), roll-up by reference  982ms
   ✓ business cases (ar) > totals: a partial total says how many Unknown lines it leaves out  336ms
   ✓ business cases (ar) > sections: saves only the changed section with If-Match; blank text is refused inline and nothing is sent  1988ms
   ✓ business cases (ar) > sections: a 409 shows the standard conflict panel (nothing saved) with the current values  1108ms
   ✓ business cases (ar) > lines: exactly one class from one select; the value basis follows the class; a 422 is translated  1066ms
   ✓ business cases (ar) > Finance validation: a business approval for FIN who did not author the case; If-Match; translated 403  1276ms
   ✓ business cases (ar) > Finance validation: the case author sees no validate action, only the separation-of-duties note  863ms
   ✓ business cases (ar) > read-only auditor: the ten sections as text, no enabled write control, the read-only note  506ms
 ✓ |unit-web| src/pages/benefits/benefits.test.tsx (29 tests) 19714ms
   ✓ benefits screens (en) > T14 register: ten columns; Value (SAR) n/a and Unknown never 0; Realized kept apart with pending labelled  2237ms
   ✓ benefits screens (en) > totals: per class and state, pending overlap apart, cost and net Unknown (never 0), non-financial counted apart  740ms
   ✓ benefits screens (en) > lifecycle: six steps with question and output, missing outputs listed, only the allowed next step offered  433ms
   ✓ benefits screens (en) > allocations: percent and unallocated share; the replace sends fractions with If-Match  1626ms
   ✓ benefits screens (en) > allocations above 100 %: the preview warns and the server's 422 is translated in the one form alert  1227ms
   ✓ benefits screens (en) > measurements: a validated value offers no edit; the 409 validated_immutable is translated  754ms
   ✓ benefits screens (en) > Finance decision: six items, the decision body with If-Match; labelled Finance validation, never DG0-DG7  358ms
   ✓ benefits screens (en) > Finance decision: a missing item is left to the server, whose 422 names the six items; the submitter is never offered a decision  684ms
   ✓ benefits screens (en) > Finance decision: the content_incomplete 422 and a Business Owner's 403 are translated  550ms
   ✓ benefits screens (en) > read-only (auditor): Finance item without decide, register without create  1301ms
   ✓ benefits screens (ar) > T14 register: ten columns; Value (SAR) n/a and Unknown never 0; Realized kept apart with pending labelled  958ms
   ✓ benefits screens (ar) > totals: per class and state, pending overlap apart, cost and net Unknown (never 0), non-financial counted apart  836ms
   ✓ benefits screens (ar) > lifecycle: six steps with question and output, missing outputs listed, only the allowed next step offered  605ms
   ✓ benefits screens (ar) > allocations: percent and unallocated share; the replace sends fractions with If-Match  914ms
   ✓ benefits screens (ar) > allocations above 100 %: the preview warns and the server's 422 is translated in the one form alert  848ms
   ✓ benefits screens (ar) > values: seven states apart; measurements before Measure are explained (a delivered enabler is not realized value)  424ms
   ✓ benefits screens (ar) > measurements: a validated value offers no edit; the 409 validated_immutable is translated  969ms
   ✓ benefits screens (ar) > Finance decision: six items, the decision body with If-Match; labelled Finance validation, never DG0-DG7  655ms
   ✓ benefits screens (ar) > Finance decision: a missing item is left to the server, whose 422 names the six items; the submitter is never offered a decision  611ms
   ✓ benefits screens (ar) > Finance decision: the content_incomplete 422 and a Business Owner's 403 are translated  462ms
   ✓ benefits screens (ar) > read-only (auditor): Finance item without decide, register without create  1692ms
 ✓ |unit-web| src/auth/session-generation.test.tsx (26 tests) 19042ms
   ✓ F-DG2-530 a write in flight across an identity change (en) > X3: A's PATCH answered after B's /me is not written into B's cache, not shown, and does not navigate B  1689ms
   ✓ F-DG2-530 a write in flight across an identity change (en) > X3b: the same after a session END here and B's sign-in: A's late answer never lands  1081ms
   ✓ F-DG2-530 a write in flight across an identity change (en) > an archive in flight across an identity change: A's archived record never lands in B's cache  1206ms
   ✓ F-DG2-530 a write in flight across an identity change (en) > an organization save in flight across an identity change: A's change is never stored under B  764ms
   ✓ F-DG2-530 a write in flight across an identity change (en) > a user save in flight across an identity change: A's change is never stored under B  748ms
   ✓ F-DG2-530 a write in flight across an identity change (en) > a same-person new session: the in-flight save is dropped silently, the draft is kept and usable  865ms
   ✓ F-DG2-530 a write in flight across an identity change (en) > a language save retried after a 409 is never written for the identity that replaced A  621ms
   ✓ F-DG2-530 a write in flight across an identity change (en) > sanity: a write in flight that finishes under the SAME identity still updates the cache and navigates  602ms
   ✓ F-DG2-530 X6: refocus and reconnect revalidate GET /me first (en) > after B signs in elsewhere, a refocus within /me's staleTime shows B's header with B's data, never A's  707ms
   ✓ F-DG2-530 X6: refocus and reconnect revalidate GET /me first (en) > the same identity: a refocus refetches /me once, then the stale page queries; nothing when all is fresh  654ms
   ✓ F-DG2-530 a write in flight across an identity change (ar) > X3: A's PATCH answered after B's /me is not written into B's cache, not shown, and does not navigate B  1026ms
   ✓ F-DG2-530 a write in flight across an identity change (ar) > X3b: the same after a session END here and B's sign-in: A's late answer never lands  1222ms
   ✓ F-DG2-530 a write in flight across an identity change (ar) > an archive in flight across an identity change: A's archived record never lands in B's cache  1130ms
   ✓ F-DG2-530 a write in flight across an identity change (ar) > an organization save in flight across an identity change: A's change is never stored under B  957ms
   ✓ F-DG2-530 a write in flight across an identity change (ar) > a user save in flight across an identity change: A's change is never stored under B  1106ms
   ✓ F-DG2-530 a write in flight across an identity change (ar) > a same-person new session: the in-flight save is dropped silently, the draft is kept and usable  883ms
   ✓ F-DG2-530 a write in flight across an identity change (ar) > a language save retried after a 409 is never written for the identity that replaced A  625ms
   ✓ F-DG2-530 a write in flight across an identity change (ar) > sanity: a write in flight that finishes under the SAME identity still updates the cache and navigates  1119ms
   ✓ F-DG2-530 X6: refocus and reconnect revalidate GET /me first (ar) > after B signs in elsewhere, a refocus within /me's staleTime shows B's header with B's data, never A's  919ms
   ✓ F-DG2-530 X6: refocus and reconnect revalidate GET /me first (ar) > the same identity: a refocus refetches /me once, then the stale page queries; nothing when all is fresh  438ms
 ✓ |unit-web| src/pages/portfolio/fe-e.test.tsx (18 tests) 16948ms
   ✓ Funding decisions (en) > is a labelled business approval with no 'on behalf of' control; rationale required; POST with an Idempotency-Key  2613ms
   ✓ Funding decisions (en) > the BE-E 422s are the dialog's one translated alert; funding.amount_invalid is also inline at /amount  1277ms
   ✓ Funding decisions (en) > the history shows a missing amount as Unknown (never 0); a re-selected initiative explains the deselect rule  599ms
   ✓ Funding decisions (en) > an exact decimal amount is shown with its currency; the auditor sees no record control  323ms
   ✓ Funding decisions (ar) > is a labelled business approval with no 'on behalf of' control; rationale required; POST with an Idempotency-Key  941ms
   ✓ Funding decisions (ar) > the BE-E 422s are the dialog's one translated alert; funding.amount_invalid is also inline at /amount  816ms
   ✓ Funding decisions (ar) > the history shows a missing amount as Unknown (never 0); a re-selected initiative explains the deselect rule  903ms
   ✓ Funding decisions (ar) > an exact decimal amount is shown with its currency; the auditor sees no record control  342ms
   ✓ Deliverables and milestones on the card (en) > creates (Idempotency-Key), edits (If-Match) and archives (reason, If-Match) a deliverable  1282ms
   ✓ Deliverables and milestones on the card (en) > creates a milestone with its wave and forecast, and edits it with If-Match  1158ms
   ✓ Deliverables and milestones on the card (en) > the card edit form translates initiative.planned_range specifically (RecordDialog namespaces)  1282ms
   ✓ Deliverables and milestones on the card (ar) > creates (Idempotency-Key), edits (If-Match) and archives (reason, If-Match) a deliverable  1317ms
   ✓ Deliverables and milestones on the card (ar) > creates a milestone with its wave and forecast, and edits it with If-Match  838ms
   ✓ Deliverables and milestones on the card (ar) > 422 initiative.read_only (a closure raced the edit) is translated as the dialog's one alert  1041ms
   ✓ Deliverables and milestones on the card (ar) > the card edit form translates initiative.planned_range specifically (RecordDialog namespaces)  1330ms
 ✓ |unit-web| src/pages/gates/g4.test.tsx (16 tests) 13017ms
   ✓ G4 refusal item by item (en) > two initiatives without owners: two separate translated 'Owners' items, never the joined English message  1858ms
   ✓ G4 refusal item by item (en) > without a usable gate view: one translated line per refused criterion, never the English message  955ms
   ✓ G4 refusal item by item (ar) > two initiatives without owners: two separate translated 'Owners' items, never the joined English message  952ms
   ✓ G4 refusal item by item (ar) > without a usable gate view: one translated line per refused criterion, never the English message  525ms
   ✓ G4 view (en) > lists the eight G4 criteria with their missing items: 'Owners', 'Finance validation' and the initiative  531ms
   ✓ G4 view (en) > a refused submission shows the 422 list with the initiative names, translated  549ms
   ✓ G4 view (en) > the decision's 403 urn:mth:problem:forbidden is translated  873ms
   ✓ G4 view (en) > the decision's 403 urn:mth:problem:forbidden is translated  1727ms
   ✓ G4 view (en) > the decision's 409 urn:mth:problem:version-conflict is translated  1063ms
   ✓ G4 view (ar) > lists the eight G4 criteria with their missing items: 'Owners', 'Finance validation' and the initiative  602ms
   ✓ G4 view (ar) > a refused submission shows the 422 list with the initiative names, translated  561ms
   ✓ G4 view (ar) > the decision's 403 urn:mth:problem:forbidden is translated  591ms
   ✓ G4 view (ar) > the decision's 403 urn:mth:problem:forbidden is translated  1533ms
   ✓ G4 view (ar) > the decision's 409 urn:mth:problem:version-conflict is translated  677ms
 ✓ |unit-web| src/pages/team/team.test.tsx (10 tests) 11488ms
   ✓ Team (English LTR) > shows the six governance roles with B0018 accountability text verbatim and who holds each  754ms
   ✓ Team (English LTR) > lists team members with the accountability on each assignment, sortable and filterable  917ms
   ✓ Team (English LTR) > a Transformation Lead assigns a Workstream Lead: Idempotency-Key, reason, accountability preview  1012ms
   ✓ Team (English LTR) > shows a 403 from the server in words; nothing is assigned  906ms
   ✓ Team: read-only auditor (AUD) > sees the roles, accountabilities and members, a read-only note, and no assign control  618ms
   ✓ Team (Arabic RTL) > shows Arabic role names and the provisional Arabic accountability text  444ms
   ✓ Team assign dialog: accountability preview follows the selected role (F-DG2-430) > en: WL on open, then KDS, TD, none and WL again, in StrictMode with no React warning  1485ms
   ✓ Team assign dialog: accountability preview follows the selected role (F-DG2-430) > ar: WL on open, then KDS, TD, none and WL again, in StrictMode with no React warning  1866ms
   ✓ Team: the success notice follows a language switch, 'en' → 'ar' > the notice is shown in the language now on screen, not the one it was created in  1604ms
   ✓ Team: the success notice follows a language switch, 'ar' → 'en' > the notice is shown in the language now on screen, not the one it was created in  1880ms
 ✓ |unit-web| src/pages/gates/g1-agreements.test.tsx (10 tests) 11939ms
   ✓ G1 agreements step (en) > approving G1 needs the three labelled confirmations; then sends agreements with all three true  2202ms
   ✓ G1 agreements step (en) > a non-approve outcome on G1 sends no agreements (even after ticking them)  1793ms
   ✓ G1 agreements step (en) > approving another gate (G2) shows no confirmations and sends no agreements  763ms
   ✓ G1 agreements step (en) > the server's 422 gate.g1_agreements_required is the one form-level alert, with the missing confirmations  575ms
   ✓ G1 agreements step (en) > the server's 422 gate.agreements_not_applicable is translated as the one form-level alert  1159ms
   ✓ G1 agreements step (ar) > approving G1 needs the three labelled confirmations; then sends agreements with all three true  1333ms
   ✓ G1 agreements step (ar) > a non-approve outcome on G1 sends no agreements (even after ticking them)  639ms
   ✓ G1 agreements step (ar) > approving another gate (G2) shows no confirmations and sends no agreements  658ms
   ✓ G1 agreements step (ar) > the server's 422 gate.g1_agreements_required is the one form-level alert, with the missing confirmations  1882ms
   ✓ G1 agreements step (ar) > the server's 422 gate.agreements_not_applicable is translated as the one form-level alert  915ms
 ✓ |unit-web| src/auth/session-end.test.tsx (12 tests) 15031ms
   ✓ session end while the app is open (en) > a 401 on navigation lands once on sign-in with the message; signing in again returns to the page  2970ms
   ✓ session end while the app is open (en) > a 401 on a dialog mutation (the commit-time upload refusal) closes the dialog and lands once on sign-in  1483ms
   ✓ session end while the app is open (en) > a sign-out elsewhere noticed by the next /me probe lands once on sign-in, never on the stale shell  708ms
   ✓ session end while the app is open (en) > a 403 (forbidden) is never treated as a session end  1462ms
   ✓ session end while the app is open (ar) > a 401 on navigation lands once on sign-in with the message; signing in again returns to the page  1765ms
   ✓ session end while the app is open (ar) > a 401 on a dialog mutation (the commit-time upload refusal) closes the dialog and lands once on sign-in  2101ms
   ✓ session end while the app is open (ar) > a sign-out elsewhere noticed by the next /me probe lands once on sign-in, never on the stale shell  816ms
   ✓ session end while the app is open (ar) > a 403 (forbidden) is never treated as a session end  1431ms
   ✓ session end under <StrictMode> (as in production) > still lands exactly once on sign-in  1101ms
   ✓ sign-in page and the cached identity > decides 'already signed in' only from a fresh /me, never from a stale cache  488ms
   ✓ sign-in page and the cached identity > signing out here shows 'signed out', not 'session ended', and no /me loop  666ms
 ✓ |unit-web| src/pages/roadmap/roadmap.test.tsx (14 tests) 13119ms
   ✓ roadmap (en) > shows the four source waves verbatim (English source also shown in Arabic) with overlapping horizons  1176ms
   ✓ roadmap (en) > moving a milestone PATCHes the forecast with If-Match and the timeline, table and board all show the new date from one refetch  1171ms
   ✓ roadmap (en) > a 409 on moving a milestone shows the conflict notice and reloads the roadmap  775ms
   ✓ roadmap (en) > re-approving a date requires a reason; then it is POSTed with If-Match  880ms
   ✓ roadmap (en) > deliverable acceptance sends the AcceptanceDecision with If-Match (no 'on behalf of' control)  1857ms
   ✓ roadmap (en) > an Unknown schedule flag is shown as Unknown; missing dates are Unknown, never blank  353ms
   ✓ roadmap (en) > the read-only auditor sees no write control  774ms
   ✓ roadmap (ar) > shows the four source waves verbatim (English source also shown in Arabic) with overlapping horizons  967ms
   ✓ roadmap (ar) > moving a milestone PATCHes the forecast with If-Match and the timeline, table and board all show the new date from one refetch  1254ms
   ✓ roadmap (ar) > a 409 on moving a milestone shows the conflict notice and reloads the roadmap  863ms
   ✓ roadmap (ar) > re-approving a date requires a reason; then it is POSTed with If-Match  940ms
   ✓ roadmap (ar) > deliverable acceptance sends the AcceptanceDecision with If-Match (no 'on behalf of' control)  803ms
   ✓ roadmap (ar) > an Unknown schedule flag is shown as Unknown; missing dates are Unknown, never blank  360ms
   ✓ roadmap (ar) > the read-only auditor sees no write control  945ms
 ✓ |unit-web| src/pages/capacity/fe-e.test.tsx (13 tests) 14560ms
   ✓ capacity editing (en) > creates a role; a taken code (409) is the form's translated alert; then the role is created  1862ms
   ✓ capacity editing (en) > edits a role's labels and archives it, each with If-Match  1139ms
   ✓ capacity editing (en) > creates a capacity row with a decimal FTE string; a duplicate (409) is translated  1120ms
   ✓ capacity editing (en) > creates a demand; after the save the plan is re-read and the conflict with its shortfall appears; Unknown stays Unknown  2185ms
   ✓ capacity editing (en) > edits a planned demand with If-Match; 422 resource_demand.not_planned is translated  843ms
   ✓ capacity editing (en) > the read-only auditor sees roles and capacity rows with no editing control  466ms
   ✓ capacity editing (ar) > creates a role; a taken code (409) is the form's translated alert; then the role is created  1099ms
   ✓ capacity editing (ar) > edits a role's labels and archives it, each with If-Match  1258ms
   ✓ capacity editing (ar) > creates a capacity row with a decimal FTE string; a duplicate (409) is translated  1070ms
   ✓ capacity editing (ar) > creates a demand; after the save the plan is re-read and the conflict with its shortfall appears; Unknown stays Unknown  1856ms
   ✓ capacity editing (ar) > edits a planned demand with If-Match; 422 resource_demand.not_planned is translated  1114ms
   ✓ capacity editing (ar) > the read-only auditor sees roles and capacity rows with no editing control  443ms
 ✓ |unit-web| src/pages/benefit-formulas/benefit-formulas.test.tsx (18 tests) 16539ms
   ✓ T09 benefit formulas (en) > register: the six T09 columns with confidence H/M/L; examples marked illustrative with 100000 and 500000 SAR per year  1978ms
   ✓ T09 benefit formulas (en) > builder: an undefined variable shows translated, with its position, before saving; nothing is sent  1518ms
   ✓ T09 benefit formulas (en) > builder: a fraction is entered as percent and stored as a fraction; a version is saved with If-Match  1570ms
   ✓ T09 benefit formulas (en) > builder: a fraction difference shows percentage points (translated suffix), never %  336ms
   ✓ T09 benefit formulas (en) > builder: a 409 shows the standard conflict panel; nothing was saved  1790ms
   ✓ T09 benefit formulas (en) > Finance validation of a version: a business approval by FIN; the author cannot; translated refusal  1582ms
   ✓ T09 benefit formulas (ar) > register: the six T09 columns with confidence H/M/L; examples marked illustrative with 100000 and 500000 SAR per year  1087ms
   ✓ T09 benefit formulas (ar) > builder: an undefined variable shows translated, with its position, before saving; nothing is sent  875ms
   ✓ T09 benefit formulas (ar) > builder: monthly ARPU × annual customers is a period mismatch, translated, before saving  715ms
   ✓ T09 benefit formulas (ar) > builder: a fraction is entered as percent and stored as a fraction; a version is saved with If-Match  1363ms
   ✓ T09 benefit formulas (ar) > builder: a 409 shows the standard conflict panel; nothing was saved  1206ms
   ✓ T09 benefit formulas (ar) > Finance validation of a version: a business approval by FIN; the author cannot; translated refusal  893ms
   ✓ T09 benefit formulas (ar) > Finance validation: the version's author sees the separation-of-duties note and no action  328ms
 ✓ |unit-web| src/pages/dispensations/dispensations.test.tsx (12 tests) 11426ms
   ✓ Dispensations (en) > lists waivers and inherited approvals; unverified evidence is shown as unverified; recorder cannot decide  1346ms
   ✓ Dispensations (en) > a waiver needs a reason and an expiry: refused inline, nothing sent; then sent with its scope  1315ms
   ✓ Dispensations (en) > an inherited approval (Modular) needs the approving body, the date and evidence; 422s are translated  983ms
   ✓ Dispensations (en) > deciding is a labelled business approval; the delegated-decision 422 and the recorder 403 are translated  1473ms
   ✓ Dispensations (en) > revoking an accepted dispensation needs a reason and is a business approval  358ms
   ✓ Dispensations (en) > the read-only auditor sees the register with no enabled write control  396ms
   ✓ Dispensations (ar) > lists waivers and inherited approvals; unverified evidence is shown as unverified; recorder cannot decide  780ms
   ✓ Dispensations (ar) > a waiver needs a reason and an expiry: refused inline, nothing sent; then sent with its scope  871ms
   ✓ Dispensations (ar) > an inherited approval (Modular) needs the approving body, the date and evidence; 422s are translated  1194ms
   ✓ Dispensations (ar) > deciding is a labelled business approval; the delegated-decision 422 and the recorder 403 are translated  1039ms
   ✓ Dispensations (ar) > revoking an accepted dispensation needs a reason and is a business approval  1393ms
 ✓ |unit-web| src/pages/transformations/transformations.test.tsx (21 tests) 16491ms
   ✓ after create (F-DG1-004) > shows the created record when the server lets the creator read it  3413ms
   ✓ after create (F-DG1-004) > explains, in English, that the draft was created but cannot be opened (server 404), instead of 'Not found'  1033ms
   ✓ after create (F-DG1-004) > explains the same in Arabic (RTL), using the glossary term for Transformation  709ms
   ✓ after create (F-DG1-004) > treats a 403 for the just-created record the same way  441ms
   ✓ audit trail changes (F-DG1-005) > English: field and value labels, not raw keys or enum codes  328ms
   ✓ audit trail changes (F-DG1-005) > Arabic: the same changes with Arabic labels in the RTL layout  331ms
   ✓ derived creator assignment on the audit trail (F-DG1-008) > an action the catalogue does not know stays readable and is explicitly marked (en and ar)  918ms
   ✓ effective permissions refresh after create (F-DG1-210) > English: Edit, Archive and the audit trail appear after create, without a reload  2415ms
   ✓ effective permissions refresh after create (F-DG1-210) > Arabic (RTL): the same controls and the audit trail appear after create, without a reload  2993ms
   ✓ effective permissions refresh after create (F-DG1-210) > does not over-grant: if the refreshed server answer adds nothing, Archive and the audit trail stay hidden  1223ms
   ✓ effective permissions refresh after create (F-DG1-210) > a failed /me refresh never blocks the navigation; the UI stays fail-safe (no controls offered)  1284ms
 ✓ |unit-web| src/pages/meetings/governance.test.tsx (20 tests) 14307ms
   ✓ governance screens (en) > forums: the five layers with their verbatim source cadence; Arabic labelled provisional  1114ms
   ✓ governance screens (en) > series editor: 'future meetings only' must be confirmed; the result lists the kept meetings  2015ms
   ✓ governance screens (en) > meeting: the brief lists missing elements; quorum not configured is never 'met'; no engineering gate named  413ms
   ✓ governance screens (en) > published minutes are read-only and the meeting shows the frozen note  335ms
   ✓ governance screens (en) > T16 log: nine columns; an earlier record shows Unknown for what it lacks; the overdue filter asks the server  734ms
   ✓ governance screens (en) > raising an ask without 'why now': the server's 400 lands on its field  833ms
   ✓ governance screens (en) > recording an Outcome is labelled a business decision and sends If-Match  1869ms
   ✓ governance screens (ar) > series editor: 'future meetings only' must be confirmed; the result lists the kept meetings  1775ms
   ✓ governance screens (ar) > meeting: the brief lists missing elements; quorum not configured is never 'met'; no engineering gate named  632ms
   ✓ governance screens (ar) > publishing an incomplete ask shows the server's 422 once, translated  693ms
   ✓ governance screens (ar) > published minutes are read-only and the meeting shows the frozen note  659ms
   ✓ governance screens (ar) > T16 log: nine columns; an earlier record shows Unknown for what it lacks; the overdue filter asks the server  969ms
   ✓ governance screens (ar) > raising an ask without 'why now': the server's 400 lands on its field  520ms
   ✓ governance screens (ar) > recording an Outcome is labelled a business decision and sends If-Match  874ms
   ✓ governance screens (ar) > escalations: a routing error is a visible row; a rule without a stored row is labelled Default  432ms
 ✓ |unit-web| src/pages/dependencies/dependencies.test.tsx (12 tests) 10585ms
   ✓ dependencies (en) > shows the seven T08 columns, an External source, the type label and the needed-by conflict flag  1247ms
   ✓ dependencies (en) > a cycle is refused and shown as the translated message with the path INI-01 → INI-02 → INI-03 → INI-01  749ms
   ✓ dependencies (en) > an External source is sent as {kind: external, label}  892ms
   ✓ dependencies (en) > dependency types: system types are undeletable; an administrator may retire a custom type  1086ms
   ✓ dependencies (en) > a system type's 422 dependency_type.system_undeletable is translated  624ms
   ✓ dependencies (en) > the read-only auditor sees the map and no write control  556ms
   ✓ dependencies (ar) > shows the seven T08 columns, an External source, the type label and the needed-by conflict flag  733ms
   ✓ dependencies (ar) > a cycle is refused and shown as the translated message with the path INI-01 → INI-02 → INI-03 → INI-01  1285ms
   ✓ dependencies (ar) > an External source is sent as {kind: external, label}  1534ms
   ✓ dependencies (ar) > dependency types: system types are undeletable; an administrator may retire a custom type  777ms
   ✓ dependencies (ar) > a system type's 422 dependency_type.system_undeletable is translated  728ms
   ✓ dependencies (ar) > the read-only auditor sees the map and no write control  370ms
 ✓ |unit-web| src/pages/approvals/approvals.test.tsx (16 tests) 10650ms
   ✓ Approvals (en) > lists my approvals; an Unknown due date shows Unknown with its reason, never a date  847ms
   ✓ Approvals (en) > offers exactly four outcomes; defer needs a date; the decision sends subjectVersion with If-Match  816ms
   ✓ Approvals (en) > a blank rationale is refused before sending  515ms
   ✓ Approvals (en) > a stale 409 says the record changed, records nothing and links to the history  917ms
   ✓ Approvals (en) > offers 'on behalf of' only for an active delegation to me  377ms
   ✓ Approvals (ar) > offers exactly four outcomes; defer needs a date; the decision sends subjectVersion with If-Match  870ms
   ✓ Approvals (ar) > a blank rationale is refused before sending  522ms
   ✓ Approvals (ar) > a stale 409 says the record changed, records nothing and links to the history  775ms
   ✓ Approvals (ar) > offers 'on behalf of' only for an active delegation to me  522ms
   ✓ Delegations (en) > records a delegation with Asia/Riyadh wall-clock times sent as UTC; a loop 422 is translated  937ms
   ✓ Delegations (en) > revokes with a reason and If-Match; a read-only user sees no action  1480ms
   ✓ Delegations (ar) > records a delegation with Asia/Riyadh wall-clock times sent as UTC; a loop 422 is translated  570ms
   ✓ Delegations (ar) > revokes with a reason and If-Match; a read-only user sees no action  913ms
 ✓ |unit-web| src/auth/session-identity.test.tsx (18 tests) 15283ms
   ✓ F-DG2-500 a session end on the sign-in page (en) > W5: Back to /login after A's session ends, B signs in with the development form: B never sees A's records  3468ms
   ✓ F-DG2-500 a session end on the sign-in page (en) > W5b (OIDC mode): B signs in in another tab and this tab's /me re-probe brings B: B never sees A's records  1005ms
   ✓ F-DG2-500 an identity change with no session end in this tab (en) > a refocus /me that returns another identity removes every session query before B renders, and drops A's drafts  1448ms
   ✓ F-DG2-500 an identity change with no session end in this tab (en) > a new session of the same person (signed in again elsewhere) refetches the queries but keeps their own draft  477ms
   ✓ F-DG2-500 an identity change with no session end in this tab (en) > the same identity re-probed (window refocus) keeps the cache and the page state  359ms
   ✓ F-DG2-500 sign-out here and 403 (en) > signing out here clears everything; B signing in afterwards never sees A's records  1977ms
   ✓ F-DG2-500 sign-out here and 403 (en) > a 403 is never a session end: the phase, the identity and the cache are kept  402ms
   ✓ F-DG2-500 a session end on the sign-in page (ar) > W5: Back to /login after A's session ends, B signs in with the development form: B never sees A's records  1369ms
   ✓ F-DG2-500 a session end on the sign-in page (ar) > W5b (OIDC mode): B signs in in another tab and this tab's /me re-probe brings B: B never sees A's records  1096ms
   ✓ F-DG2-500 an identity change with no session end in this tab (ar) > a refocus /me that returns another identity removes every session query before B renders, and drops A's drafts  1102ms
   ✓ F-DG2-500 an identity change with no session end in this tab (ar) > a new session of the same person (signed in again elsewhere) refetches the queries but keeps their own draft  739ms
   ✓ F-DG2-500 sign-out here and 403 (ar) > signing out here clears everything; B signing in afterwards never sees A's records  1044ms
   ✓ F-DG2-500 sign-out here and 403 (ar) > a 403 is never a session end: the phase, the identity and the cache are kept  439ms
 ✓ |unit-web| src/pages/my-work/my-work.test.tsx (21 tests) 11777ms
   ✓ My Work (en) > renders tasks and reminders from messageKey + messageParams; Unknown due dates; system-managed tasks  2200ms
   ✓ My Work (en) > marks a task done and a reminder read with bodiless POSTs and If-Match  1863ms
   ✓ My Work (ar) > renders tasks and reminders from messageKey + messageParams; Unknown due dates; system-managed tasks  752ms
   ✓ My Work (ar) > marks a task done and a reminder read with bodiless POSTs and If-Match  959ms
   ✓ My Work (ar) > an unknown message key renders a neutral text, never the raw key  352ms
   ✓ Calendar, jobs and groups (en) > calendar: read-only without calendar.configure; the calculator shows Unknown with its reason  405ms
   ✓ Calendar, jobs and groups (en) > calendar: a technical administrator adds a holiday; a range error is caught before sending  1446ms
   ✓ Calendar, jobs and groups (en) > jobs: no permission without job.read; job.configure edits a schedule with If-Match  583ms
   ✓ Calendar, jobs and groups (ar) > calendar: read-only without calendar.configure; the calculator shows Unknown with its reason  671ms
   ✓ Calendar, jobs and groups (ar) > calendar: a technical administrator adds a holiday; a range error is caught before sending  479ms
   ✓ Calendar, jobs and groups (ar) > jobs: no permission without job.read; job.configure edits a schedule with If-Match  404ms
   ✓ Calendar, jobs and groups (ar) > groups: membership grants no permission (stated); group.manage creates a group  596ms
 ✓ |unit-web| src/pages/raci/governance.test.tsx (15 tests) 10912ms
   ✓ Governance (en) > RACI: edits a row with the cell selects and saves it as one PATCH with If-Match  1965ms
   ✓ Governance (en) > RACI: an auditor sees the matrix read-only (no cell editor, no save)  860ms
   ✓ Governance (en) > role mapping: an unmapped governance role shows the visible routing error  878ms
   ✓ Governance (en) > decision rights: seeded rows; the due-date preview shows Unknown with its reason  1278ms
   ✓ Governance (en) > decision rights: submits the matrix for business approval with If-Match  1140ms
   ✓ Governance (en) > decision rights: a field with an unknown party code is refused before sending  707ms
   ✓ Governance (en) > Transform readiness lists what is missing and links to the fix  424ms
   ✓ Governance (ar) > RACI: edits a row with the cell selects and saves it as one PATCH with If-Match  548ms
   ✓ Governance (ar) > RACI: an auditor sees the matrix read-only (no cell editor, no save)  446ms
   ✓ Governance (ar) > role mapping: an unmapped governance role shows the visible routing error  352ms
   ✓ Governance (ar) > decision rights: submits the matrix for business approval with If-Match  796ms
   ✓ Governance (ar) > decision rights: a field with an unknown party code is refused before sending  885ms
   ✓ Governance (ar) > Transform readiness lists what is missing and links to the fix  340ms
 ✓ |unit-web| src/pages/roadmap/fe-e.test.tsx (8 tests) 10670ms
   ✓ wave editing (en) > edits planned dates (overlap accepted) with If-Match; the source text is read-only and never sent  2873ms
   ✓ wave editing (en) > 422 roadmap_wave.planned_range is inline at the planned end and translated  1135ms
   ✓ wave editing (en) > adds a non-source wave with its bilingual texts (POST, Idempotency-Key)  2282ms
   ✓ wave editing (en) > the read-only auditor gets no wave control  340ms
   ✓ wave editing (ar) > edits planned dates (overlap accepted) with If-Match; the source text is read-only and never sent  679ms
   ✓ wave editing (ar) > 422 roadmap_wave.planned_range is inline at the planned end and translated  813ms
   ✓ wave editing (ar) > adds a non-source wave with its bilingual texts (POST, Idempotency-Key)  2218ms
   ✓ wave editing (ar) > the read-only auditor gets no wave control  322ms
 ✓ |unit-web| src/pages/gates/inherited-approval.test.tsx (16 tests) 8344ms
   ✓ inherited-approval annotation (en) > Gates list: G1 pending_verification (counts false) is a badge next to 'Not submitted'  1306ms
   ✓ inherited-approval annotation (en) > Gates list: G1 accepted (counts true) is a badge next to 'Not submitted'  405ms
   ✓ inherited-approval annotation (en) > Gates list: G1 accepted (counts false) is a badge next to 'Not submitted'  1088ms
   ✓ inherited-approval annotation (en) > Gates list: G1 rejected (counts false) is a badge next to 'Not submitted'  587ms
   ✓ inherited-approval annotation (en) > Gates list: G1 revoked (counts false) is a badge next to 'Not submitted'  365ms
   ✓ inherited-approval annotation (en) > Gates list: no inherited approval, no badge  355ms
   ✓ inherited-approval annotation (en) > gate view: an accepted inherited approval is a labelled row beside the 'Not submitted' status  1409ms
   ✓ inherited-approval annotation (ar) > Gates list: G1 accepted (counts false) is a badge next to 'Not submitted'  431ms
   ✓ inherited-approval annotation (ar) > Gates list: G1 rejected (counts false) is a badge next to 'Not submitted'  382ms
   ✓ inherited-approval annotation (ar) > Gates list: G1 revoked (counts false) is a badge next to 'Not submitted'  403ms
   ✓ inherited-approval annotation (ar) > gate view: an accepted inherited approval is a labelled row beside the 'Not submitted' status  384ms
   ✓ inherited-approval annotation (ar) > gate view: without an inherited approval there is no row  384ms
 ✓ |unit-web| src/app/app.test.tsx (17 tests) 6998ms
   ✓ bilingual shell > renders Arabic RTL by default with the provisional wordmark  412ms
   ✓ bilingual shell > switches to English LTR and persists the preference with If-Match  540ms
   ✓ bilingual shell > shows all fourteen areas to an administrator  1011ms
   ✓ bilingual shell > hides Administration from a Workstream Lead, and the admin route shows no-permission  565ms
   ✓ bilingual shell > a partial area (Governance) leads into the Gates tab of each transformation; its portfolio view stays planned  933ms
   ✓ transformations > lists transformations with a sortable code column and removable filter chips  1008ms
   ✓ transformations > detail shows the workspace header with Unknown for data from later stages  938ms
   ✓ transformations > edit: a 409 writes nothing, shows compare, and re-applies on the current version  601ms
 ✓ |unit-web| src/app/p3-seams.test.tsx (10 tests) 5788ms
   ✓ P3 routes > workspace tabs (en) > the workspace tabs include the P3 tabs, labelled from their own namespaces  2164ms
   ✓ P3 routes > workspace tabs (ar) > the workspace tabs include the P3 tabs, labelled from their own namespaces  694ms
   ✓ P3 navigation areas > en /initiatives-roadmaps leads into the Initiatives and Roadmaps tab of each transformation  640ms
   ✓ P3 navigation areas > ar /initiatives-roadmaps leads into the المبادرات وخرائط الطريق tab of each transformation  719ms
   ✓ P3 navigation areas > en /benefits-finance leads into the Benefits and Finance tab of each transformation  742ms
   ✓ P3 navigation areas > ar /benefits-finance leads into the المنافع والمالية tab of each transformation  796ms
 ✓ |unit-web| src/components/RecordForm.alerts.test.tsx (16 tests) 3337ms
   ✓ record form: one alert per distinct form error (en) > dialog > a 400 whose only field error has pointer "" says its message once, in one live region  763ms
   ✓ record form: one alert per distinct form error (en) > dialog > the same pointer-"" code twice is still said once  302ms
   ✓ record form: one alert per distinct form error (ar) > dialog > a 400 whose only field error has pointer "" says its message once, in one live region  607ms
 ✓ |unit-web| src/pages/readiness/readiness.test.tsx (4 tests) 1690ms
   ✓ Readiness (en) > lists the missing diagnostic areas by name, the gates and the translated sequencing blockers  784ms
   ✓ Readiness (en) > an accepted, verified inherited approval counts, and the gate itself still is not approved  353ms
   ✓ Readiness (ar) > an accepted, verified inherited approval counts, and the gate itself still is not approved  317ms
 ✓ |unit-web| src/pages/capacity/capacity.test.tsx (6 tests) 4248ms
   ✓ capacity (en) > the role × month grid shows decimal FTE, the conflict with its shortfall, and Unknown capacity as Unknown (never 0)  809ms
   ✓ capacity (en) > committing a demand POSTs with If-Match; a 409 shows the conflict notice and reloads  1256ms
   ✓ capacity (en) > the read-only auditor sees the grid and no commit or release control  651ms
   ✓ capacity (ar) > the role × month grid shows decimal FTE, the conflict with its shortfall, and Unknown capacity as Unknown (never 0)  323ms
   ✓ capacity (ar) > committing a demand POSTs with If-Match; a 409 shows the conflict notice and reloads  880ms
   ✓ capacity (ar) > the read-only auditor sees the grid and no commit or release control  327ms
 ✓ |unit-web| src/components/LanguageSwitch.test.tsx (10 tests) 5757ms
   ✓ a refused language save, 'en' → other ('403 csrf') > keeps ar on screen and says, in ar, that it was not saved  1202ms
   ✓ a refused language save, 'ar' → other ('403 csrf') > keeps en on screen and says, in en, that it was not saved  730ms
   ✓ a refused language save, 'en' → other ('403 forbidden') > keeps ar on screen and says, in ar, that it was not saved  946ms
   ✓ a refused language save, 'ar' → other ('503') > keeps en on screen and says, in en, that it was not saved  790ms
   ✓ the live region and the persisted preference > switching back clears the notice; the region stays in the DOM, empty  685ms
   ✓ the live region and the persisted preference > if the persisted preference changes later and is re-applied, the notice says so in that language  434ms
 ✓ |unit-web| src/components/States.test.tsx (15 tests) 1188ms
   ✓ explicit states in en > loading is a polite live region with a text label  501ms
 ✓ |unit-web| src/i18n/i18n.test.ts (11 tests) 406ms
 ✓ |unit-web| src/pages/transformations/modeGuidance.test.tsx (5 tests) 3061ms
   ✓ New transformation: mode guidance (English LTR) > shows When to use and How for the selected mode and switches with the mode  1540ms
   ✓ New transformation: mode guidance (English LTR) > Modular requires an entry phase before anything is sent  616ms
   ✓ New transformation: mode guidance (English LTR) > a server validation error on the entry phase is shown on that field  576ms
 ✓ |unit-web| src/lib/lib.test.ts (24 tests) 294ms
 ✓ |unit-web| src/test/react-warning-guard.test.tsx (4 tests) 53ms
 ✓ |unit-web| src/lib/auditChanges.test.ts (125 tests) 155ms
 ✓ |unit-web| src/i18n/glossary.test.ts (8 tests) 50ms
 ✓ |unit-web| src/styles/styles.test.ts (6 tests) 131ms
 ✓ |unit-web| src/test/harness-config.test.ts (2 tests) 4ms
 ✓ |unit-web| src/pages/business-cases/problem-codes.test.ts (4 tests) 51ms
 ✓ |unit-node| packages/shared/src/formula/fuzz.test.ts (111 tests) 20933ms
   ✓ fuzz: no uncaught exception, no code execution > 10 000 random byte strings (0–255, up to 80 bytes)  5089ms
   ✓ fuzz: no uncaught exception, no code execution > 10 000 random UTF-16 strings including astral code points and lone surrogates  3306ms
   ✓ fuzz: no uncaught exception, no code execution > 20 000 random strings over the grammar alphabet reach parser, type checker and evaluator  7150ms
   ✓ source scan: no dynamic code in packages/shared/src/formula (ADR-0024 §6) > every file of the engine's import closure gets the engine-source lint rules (eslint.config.js)  2905ms
   ✓ source scan: no dynamic code in packages/shared/src/formula (ADR-0024 §6) > ESLint refuses the round-5 handler forms (G1, G2, A1, A2), F1 and every lintable probe-table row in an engine source  2364ms
 ✓ |unit-node| apps/api/src/modules/workflows/workflows.test.ts (14 tests) 4368ms
   ✓ workflows module (P2) > its declared boundary holds, and an undeclared dependency would be caught  4133ms
 ✓ |unit-node| apps/api/src/architecture.test.ts (138 tests) 28319ms
   ✓ API module boundaries (ADR-0002) > every import respects dependsOn, public surfaces and allowed packages  18074ms
   ✓ package dependency direction (ADR-0002 rule 5) > packages/shared imports no workspace package  1555ms
   ✓ package dependency direction (ADR-0002 rule 5) > apps/web never imports @mth/db or @mth/config (browser bundle, no secrets)  6345ms
   ✓ package dependency direction (ADR-0002 rule 5) > apps/worker imports no API code  510ms
 ✓ |unit-node| packages/shared/src/kpi/property.test.ts (11 tests) 3768ms
   ✓ RAG > higher-is-better: a lower actual never gives a better RAG (monotonic), relative and absolute  545ms
   ✓ RAG > relative mode is scale-invariant: scaling actual and expected by k > 0 keeps the RAG  604ms
   ✓ changes > pp = (x₁ − x₀) × 100 exactly, and relative × |x₀| = x₁ − x₀ (to precision 80)  496ms
   ✓ trajectory > linear expected values lie between the neighbouring points; step values are point values  588ms
   ✓ storage rounding > rounds once half-up: |stored − exact| ≤ 0.0000005 and the record is honest  714ms
 ✓ |unit-node| apps/api/src/modules/kpi/kpi.test.ts (39 tests) 2660ms
   ✓ kpi module (P2) > its declared boundary holds, and a planted bypass or undeclared dependency would be caught  2528ms
 ✓ |unit-node| packages/shared/src/scoring.test.ts (36 tests) 1365ms
   ✓ property: all 5^5 integer score combinations under v1 equal an independent BigInt rational computation > stored value, 2-digit display and 0–100 view all match for 3125 combinations  1192ms
 ✓ |unit-node| packages/shared/src/adoption/measures.test.ts (24 tests) 665ms
   ✓ properties (seeded) > never 0 for an empty denominator: Unknown with value null exactly when the denominator is 0  318ms
 ✓ |unit-node| apps/api/src/modules/reporting/reporting.test.ts (4 tests) 2659ms
   ✓ reporting module (P1 scaffold, D-048) > its declared boundary holds, and a planted bypass or undeclared dependency would be caught  2592ms
 ✓ |unit-node| apps/api/src/server.test.ts (6 tests) 2597ms
   ✓ route registration > declares access on every /api route and on the health endpoints  1226ms
   ✓ route registration > registers dev login only in AUTH_MODE=dev; production configuration refuses dev mode entirely  567ms
   ✓ session cookie security in production (F-DG1-112) > an https production origin starts  373ms
   ✓ module composition (D-048, P2) > wires the P2 business modules (each registering routes) and keeps reporting a route-free scaffold until P5  401ms
 ✓ |unit-node| apps/api/src/modules/reporting/dashboards/areas.test.ts (19 tests) 346ms
 ✓ |unit-node| packages/shared/src/schemas/schemas.test.ts (69 tests) 373ms
 ✓ |unit-node| apps/api/src/modules/platform/media-types.test.ts (57 tests) 293ms
 ✓ |unit-node| packages/shared/src/value.test.ts (29 tests) 399ms
 ✓ |unit-node| apps/api/src/modules/evidence/evidence.test.ts (13 tests) 1043ms
   ✓ evidence module (P2) > its declared boundary holds  773ms
 ✓ |unit-node| apps/api/src/modules/platform/platform.test.ts (19 tests) 299ms
 ✓ |unit-node| apps/api/src/modules/platform/in-flight.test.ts (4 tests) 310ms
 ✓ |unit-node| packages/shared/src/formula/formula.test.ts (140 tests) 146ms
 ✓ |unit-node| packages/config/src/load.test.ts (17 tests) 611ms
   ✓ loadConfig > applies catalogue defaults (Asia/Riyadh, SAR, session limits, rate limits)  364ms
 ✓ |unit-node| apps/api/src/modules/admin/branding.test.ts (4 tests) 240ms
 ✓ |unit-node| apps/api/src/modules/methodology/methodology.test.ts (4 tests) 516ms
   ✓ methodology module (P2) > its declared boundary holds, and an undeclared dependency would be caught  498ms
 ✓ |unit-node| packages/shared/src/adoption/form-schema.test.ts (8 tests) 29ms
 ✓ |unit-node| apps/api/src/request-encoding.test.ts (11 tests) 357ms
 ✓ |unit-node| packages/shared/src/time/working-days.test.ts (19 tests) 101ms
 ✓ |unit-node| apps/api/src/modules/benefits/totals.test.ts (14 tests) 152ms
 ✓ |unit-node| apps/api/src/modules/platform/incomplete-body.test.ts (10 tests) 144ms
 ✓ |unit-node| apps/api/src/modules/sustainment/sustainment.test.ts (2 tests) 67ms
(node:4278) [FSTDEP022] FastifyWarning: The router options for constraints property access is deprecated. Please use "options.routerOptions" instead for accessing router options. The router options will be removed in `fastify@6`.
(Use `node --trace-warnings ...` to show where the warning was created)
 ✓ |unit-node| apps/api/src/modules/platform/framework-errors.test.ts (6 tests) 64ms
 ✓ |unit-node| packages/shared/src/kpi/change.test.ts (22 tests) 48ms
 ✓ |unit-node| packages/shared/src/kpi/formula-binding.test.ts (26 tests) 57ms
 ✓ |unit-node| apps/api/src/modules/kpi/rules.test.ts (30 tests) 106ms
 ✓ |unit-node| apps/api/src/modules/benefits/register-rules.test.ts (45 tests) 54ms
 ✓ |unit-node| packages/design-tokens/src/tokens.test.ts (15 tests) 66ms
 ✓ |unit-node| apps/api/src/modules/reporting/dashboards/finance.test.ts (12 tests) 21ms
 ✓ |unit-node| apps/api/src/modules/benefits/benefits.test.ts (2 tests) 54ms
 ✓ |unit-node| apps/api/src/modules/platform/connection-hygiene.test.ts (6 tests) 73ms
 ✓ |unit-node| apps/api/src/modules/platform/health.test.ts (2 tests) 75ms
 ✓ |unit-node| apps/api/src/modules/portfolio/budget.test.ts (13 tests) 14ms
 ✓ |unit-node| apps/api/src/modules/adoption/adoption.test.ts (2 tests) 95ms
 ✓ |unit-node| apps/api/src/modules/tasks/tasks.test.ts (5 tests) 81ms
 ✓ |unit-node| packages/shared/src/kpi/a05.test.ts (17 tests) 74ms
 ✓ |unit-node| apps/api/src/modules/platform/advisory-locks.test.ts (3 tests) 112ms
 ✓ |unit-node| apps/api/src/modules/kpi/p3-gate-facts.test.ts (9 tests) 26ms
 ✓ |unit-node| packages/db/src/seed.test.ts (34 tests) 222ms
 ✓ |unit-node| apps/api/src/modules/raid/raid.test.ts (7 tests) 162ms
 ✓ |unit-node| apps/api/src/modules/governance/governance.test.ts (2 tests) 69ms
 ✓ |unit-node| apps/api/src/modules/benefits/d2-rules.test.ts (15 tests) 99ms
 ✓ |unit-node| packages/shared/src/kpi/purity.test.ts (14 tests) 26ms
 ✓ |unit-node| apps/api/src/modules/kpi/formulas.test.ts (10 tests) 72ms
 ✓ |unit-node| apps/api/src/modules/transformations/good-outcome.test.ts (7 tests) 25ms
 ✓ |unit-node| packages/shared/src/kpi/trajectory.test.ts (14 tests) 33ms
 ✓ |unit-node| packages/shared/src/schedule/critical-path.test.ts (13 tests) 25ms
 ✓ |unit-node| packages/shared/src/governance/recurrence.test.ts (19 tests) 86ms
 ✓ |unit-node| apps/api/src/modules/platform/db-errors-p4-meetings.test.ts (4 tests) 48ms
 ✓ |unit-node| apps/api/src/modules/platform/request-encoding.test.ts (7 tests) 10ms
 ✓ |unit-node| packages/shared/src/kpi/aggregate.test.ts (20 tests) 31ms
 ✓ |unit-node| apps/api/src/modules/kpi/totals.test.ts (20 tests) 28ms
 ✓ |unit-node| packages/shared/src/schemas/corrective.test.ts (10 tests) 26ms
 ✓ |unit-node| packages/shared/src/schemas/roadmap.test.ts (6 tests) 23ms
 ✓ |unit-node| apps/api/src/modules/platform/db-errors.test.ts (7 tests) 41ms
 ✓ |unit-node| packages/shared/src/kpi/types.test.ts (40 tests) 49ms
 ✓ |unit-node| apps/api/src/modules/workflows/g4.test.ts (5 tests) 42ms
 ✓ |unit-node| apps/api/src/modules/raid/corrective.test.ts (4 tests) 24ms
 ✓ |unit-node| apps/api/src/modules/identity/oidc-claims.test.ts (5 tests) 14ms
 ✓ |unit-node| apps/api/src/modules/portfolio/schedule.test.ts (14 tests) 8ms
 ✓ |unit-node| packages/shared/src/kpi/rag.test.ts (38 tests) 18ms
 ✓ |unit-node| apps/api/src/modules/kpi/kbe-c.test.ts (9 tests) 22ms
 ✓ |unit-node| packages/shared/src/schedule/working-day-slip.test.ts (11 tests) 15ms
 ✓ |unit-node| packages/shared/src/kpi/status.test.ts (25 tests) 26ms
 ✓ |unit-node| apps/api/src/modules/access/rules.test.ts (12 tests) 50ms
 ✓ |unit-node| packages/shared/src/schemas/missing-links.test.ts (10 tests) 39ms
 ✓ |unit-node| packages/shared/src/kpi/measures.test.ts (30 tests) 42ms
 ✓ |unit-node| apps/api/src/modules/platform/db-errors-p4.test.ts (5 tests) 45ms
 ✓ |unit-node| packages/shared/src/kpi/periods.test.ts (26 tests) 12ms
 ✓ |unit-node| apps/api/src/modules/portfolio/capacity.test.ts (4 tests) 40ms
 ✓ |unit-node| apps/api/src/modules/portfolio/sequencing.test.ts (9 tests) 19ms
 ✓ |unit-node| apps/api/src/modules/portfolio/readiness-transform.test.ts (4 tests) 6ms
 ✓ |unit-node| apps/api/src/modules/workflows/t08-cycle-problem.test.ts (2 tests) 17ms
 ✓ |unit-node| apps/api/src/modules/transformations/thesis.test.ts (4 tests) 15ms
 ✓ |unit-node| apps/api/src/modules/transformations/exclusions.test.ts (19 tests) 14ms
 ✓ |unit-node| apps/api/src/modules/transformations/transitions.test.ts (2 tests) 8ms
 ✓ |unit-node| apps/api/src/modules/governance/raci.test.ts (2 tests) 6ms

 Test Files  126 passed (126)
      Tests  2403 passed (2403)
   Start at  03:55:10
   Duration  396.76s (transform 23.27s, setup 18.93s, collect 356.55s, tests 634.63s, environment 63.55s, prepare 26.29s)


 RUN  v3.2.4 /home/user/wt/dg4-be-r3

 ✓ |unit-formula-nocodegen| packages/shared/src/formula/codegen.nocodegen.test.ts (10 tests) 29ms
 ✓ |unit-formula-nocodegen| packages/shared/src/formula/formula.test.ts (140 tests) 283ms
 ✓ |unit-formula-nocodegen| packages/shared/src/formula/fuzz.test.ts (111 tests | 2 skipped) 8006ms
   ✓ fuzz: no uncaught exception, no code execution > 10 000 random byte strings (0–255, up to 80 bytes)  2267ms
   ✓ fuzz: no uncaught exception, no code execution > 10 000 random UTF-16 strings including astral code points and lone surrogates  1709ms
   ✓ fuzz: no uncaught exception, no code execution > 20 000 random strings over the grammar alphabet reach parser, type checker and evaluator  3955ms

 Test Files  3 passed (3)
      Tests  259 passed | 2 skipped (261)
   Start at  04:01:48
   Duration  9.80s (transform 682ms, setup 0ms, collect 1.85s, tests 8.32s, environment 1ms, prepare 589ms)

EXIT=0
