# decimal.js 10.6.0 at /home/user/wt/dg3-kbe-h/node_modules/.pnpm/decimal.js@10.6.0/node_modules/decimal.js; 2026-10-08T18:53:47Z
## decimal.js: every line matching the words:
346:     // Pass x to Math.pow as integer, then adjust the exponent of the result.
405:          // If not, then there are further digits and m will be truthy.
1601:      // Prepend zeros to equalise exponents. Note: Faster to use reverse then do unshifts.
1744:    // Pass x to Math.sqrt as integer, then adjust the exponent of the result.
1795:          // If not, then there are further digits and m will be truthy.
1943:   * If the optional `sd` argument is present then return binary exponential notation.
2124:   * If the optional `sd` argument is present then return binary exponential notation.
2213:   * If the optional `sd` argument is present then return binary exponential notation.
2578:    // then i = 4, k = 1000, rd = 3487563 % 1000 = 563
3430:      // later be divided by this number, then separate out the power of 10 using
3640:    // Convert `str` as an integer then divide the result by `base` raised to a power such that the
3838:      // Convert the number as an integer then divide the result by its base raised to a power such
## decimal.js: of which not a comment line (expected none):
# grep exit (1 = none): 1
## decimal.mjs: every line matching the words:
342:   // Pass x to Math.pow as integer, then adjust the exponent of the result.
401:        // If not, then there are further digits and m will be truthy.
1597:    // Prepend zeros to equalise exponents. Note: Faster to use reverse then do unshifts.
1740:  // Pass x to Math.sqrt as integer, then adjust the exponent of the result.
1791:        // If not, then there are further digits and m will be truthy.
1939: * If the optional `sd` argument is present then return binary exponential notation.
2120: * If the optional `sd` argument is present then return binary exponential notation.
2209: * If the optional `sd` argument is present then return binary exponential notation.
2574:  // then i = 4, k = 1000, rd = 3487563 % 1000 = 563
3426:    // later be divided by this number, then separate out the power of 10 using
3635:  // Convert `str` as an integer then divide the result by `base` raised to a power such that the
3833:    // Convert the number as an integer then divide the result by its base raised to a power such
## decimal.mjs: of which not a comment line (expected none):
# grep exit (1 = none): 1
## engine sources: then/yield/fromAsync/asyncIterator/finally/function*:
packages/shared/src/formula/index.ts:109: * Validates, then evaluates (ADR-0024 §6 "Evaluation"). Values come from `variables[].value`, overridden by `inputs`.
## engine sources: catch clauses (code lines):
packages/shared/src/formula/evaluate.ts:256:  } catch (e) {
packages/shared/src/formula/index.ts:102:  } catch (e) {
packages/shared/src/formula/index.ts:134:  } catch (e) {
packages/shared/src/formula/parse.ts:67:  } catch (e) {
packages/shared/src/value.ts:154:  } catch (e) {
