$ LANG=C.UTF-8 tests/qa/support/with-pg.sh pnpm test:integration   (2026-10-06T15:53:53Z)
port-policy: PostgreSQL listening on port 24351 (attempt 1)
qa disposable cluster: PostgreSQL 16.13 (Ubuntu 16.13-0ubuntu0.24.04.1) on x86_64-pc-linux-gnu, compiled by gcc (Ubuntu 13.3.0-6ubuntu2~24.04.1) 13.3.0, 64-bit; server_encoding UTF8, lc_collate C, lc_ctype C

> mobily-transformation-hub@0.1.0 test:integration /home/user/My-owns
> vitest run --project integration


 RUN  v3.2.4 /home/user/My-owns

[integration] PostgreSQL 16.13 (Ubuntu 16.13-0ubuntu0.24.04.1); database mth_test_muwuzc63_58d8aa2e (server_encoding UTF8); applied 19 migrations to a fresh database
 ✓ |integration| packages/db/test/integration/scratch-drop.test.ts (3 tests) 7177ms
   ✓ dropScratchDatabase never terminates a live client (F-DG1-009) > a drop right after pool.end() raises no 57P01 on the closing pool (40 rounds, 8 clients each)  6673ms
   ✓ dropScratchDatabase never terminates a live client (F-DG1-009) > a client that is still connected is NOT terminated: the drop refuses, names it, and succeeds once it ends  501ms
 ✓ |integration| apps/worker/test/integration/outbox.test.ts (10 tests) 5498ms
   ✓ worker runtime: end to end, restarts and the dead-letter queue > relays and handles a created transformation, and survives a restart without losing the job  3683ms
   ✓ worker runtime: end to end, restarts and the dead-letter queue > moves a job that keeps failing to ops.failed after the bounded retries  1034ms
 ✓ |integration| apps/api/test/integration/contract/contract.test.ts (14 tests) 4456ms
   ✓ every operation, validated against the contract and the zod mirrors > kpi module operations (P2; kpi-exercises.ts, owned by kpi-benefits-engineer)  578ms
   ✓ every operation, validated against the contract and the zod mirrors > P2 backend operations (p2-exercises.ts): every routed operation exercised with a success  2065ms
   ✓ every operation, validated against the contract and the zod mirrors > every GET operation with a path parameter: a malformed id is a declared 400 at /params/<name>; nothing written  346ms
   ✓ every operation, validated against the contract and the zod mirrors > every operation but the OIDC callback: U+0000 in the query is a declared 400 invalid_character  753ms
 ✓ |integration| tests/qa/integration/a13-job-idempotency.test.ts (5 tests) 3422ms
   ✓ A13 running worker: a duplicate delivery is a no-op > consumes the event once; an extra job with the same message completes as 'duplicate'  2609ms
 ✓ |integration| apps/api/test/integration/blank-text.test.ts (29 tests) 2394ms
 ✓ |integration| apps/api/test/integration/gates.test.ts (12 tests) 2064ms
   ✓ G2 Direction readiness (REQ-PB-036 failing outcomes, REQ-PB-037 guardrails) > lists every outcome whose good outcome test is not passing (ids + criteria); zero guardrails blocks submission  418ms
 ✓ |integration| packages/db/test/integration/encoding.test.ts (8 tests) 1933ms
   ✓ a SQL_ASCII database is refused before anything is created > mth-db status: exit 1 with the same message, nothing written  302ms
   ✓ a SQL_ASCII database is refused before anything is created > mth-db seed-dev: exit 1 with the same message, nothing written  312ms
   ✓ a SQL_ASCII database is refused before anything is created > mth-db bootstrap: exit 1 with the same message (checked before the arguments are used)  306ms
   ✓ a SQL_ASCII database is refused before anything is created > control: the same CLI migrates a UTF8 scratch database created the same way  578ms
 ✓ |integration| apps/api/test/integration/aud-write-deny.test.ts (128 tests) 1806ms
 ✓ |integration| apps/api/test/integration/registers.test.ts (23 tests) 1691ms
 ✓ |integration| packages/db/test/integration/bootstrap.test.ts (5 tests) 1267ms
   ✓ mth-db bootstrap > refuses to run twice  301ms
 ✓ |integration| apps/api/test/integration/dg2-repairs.test.ts (13 tests) 1262ms
 ✓ |integration| apps/api/test/integration/invalid-character.test.ts (20 tests) 1095ms
 ✓ |integration| apps/api/test/integration/oidc.test.ts (33 tests) 1012ms
 ✓ |integration| apps/api/test/integration/kpi/kpi-resources.test.ts (23 tests) 990ms
 ✓ |integration| apps/api/test/integration/access-derived-race.test.ts (4 tests) 906ms
 ✓ |integration| apps/api/test/integration/transformations.test.ts (30 tests) 834ms
 ✓ |integration| apps/api/test/integration/bu-hierarchy-guard.test.ts (7 tests) 898ms
 ✓ |integration| apps/api/test/integration/kpi/kpi-dg2-repairs.test.ts (11 tests) 834ms
 ✓ |integration| apps/api/test/integration/access-scope.test.ts (18 tests) 690ms
 ✓ |integration| packages/db/test/integration/migrate.test.ts (7 tests) 805ms
   ✓ mth-db migrate on a fresh database > applies every shipped migration, then reports up to date  438ms
 ✓ |integration| apps/api/test/integration/platform.test.ts (12 tests) 613ms
   ✓ readiness requires a UTF8 database (ADR-0003 'Database encoding', T-DG2-BE9) > reports 503 database: fail on a SQL_ASCII database, and database: ok on a UTF8 one created the same way  303ms
 ✓ |integration| apps/api/test/integration/evidence.test.ts (6 tests) 593ms
 ✓ |integration| apps/worker/test/integration/maintenance.test.ts (2 tests) 629ms
 ✓ |integration| tests/qa/integration/a12-cross-scope.test.ts (14 tests) 504ms
 ✓ |integration| apps/api/test/integration/admin.test.ts (11 tests) 479ms
 ✓ |integration| apps/api/test/integration/kpi/kpi-aud-write-deny.test.ts (18 tests) 435ms
 ✓ |integration| apps/api/test/integration/organizations.test.ts (10 tests) 354ms
 ✓ |integration| apps/api/test/integration/framework-errors.test.ts (11 tests) 293ms
 ✓ |integration| tests/qa/integration/a14-concurrency.test.ts (5 tests) 339ms
 ✓ |integration| apps/api/test/integration/identity.test.ts (13 tests) 256ms
 ✓ |integration| packages/db/test/integration/protection.test.ts (17 tests) 90ms
 ✓ |integration| packages/db/test/integration/catalogue.test.ts (9 tests) 35ms

 Test Files  32 passed (32)
      Tests  531 passed (531)
   Start at  15:53:54
   Duration  57.36s (transform 1.29s, setup 0ms, collect 10.43s, tests 45.65s, environment 0ms, prepare 69ms)


real	0m59.544s
user	0m45.972s
sys	0m15.455s
exit=0
