$ LANG=C.UTF-8 tests/qa/support/with-pg.sh pnpm test:integration   (2026-10-06T15:55:53Z)
port-policy: PostgreSQL listening on port 24351 (attempt 1)
qa disposable cluster: PostgreSQL 16.13 (Ubuntu 16.13-0ubuntu0.24.04.1) on x86_64-pc-linux-gnu, compiled by gcc (Ubuntu 13.3.0-6ubuntu2~24.04.1) 13.3.0, 64-bit; server_encoding UTF8, lc_collate C, lc_ctype C

> mobily-transformation-hub@0.1.0 test:integration /home/user/My-owns
> vitest run --project integration


 RUN  v3.2.4 /home/user/My-owns

[integration] PostgreSQL 16.13 (Ubuntu 16.13-0ubuntu0.24.04.1); database mth_test_muwv1x5e_ec4ea97b (server_encoding UTF8); applied 19 migrations to a fresh database
 ✓ |integration| packages/db/test/integration/scratch-drop.test.ts (3 tests) 7095ms
   ✓ dropScratchDatabase never terminates a live client (F-DG1-009) > a drop right after pool.end() raises no 57P01 on the closing pool (40 rounds, 8 clients each)  6606ms
   ✓ dropScratchDatabase never terminates a live client (F-DG1-009) > a client that is still connected is NOT terminated: the drop refuses, names it, and succeeds once it ends  485ms
 ✓ |integration| apps/worker/test/integration/outbox.test.ts (10 tests) 5524ms
   ✓ worker runtime: end to end, restarts and the dead-letter queue > relays and handles a created transformation, and survives a restart without losing the job  3686ms
   ✓ worker runtime: end to end, restarts and the dead-letter queue > moves a job that keeps failing to ops.failed after the bounded retries  1038ms
 ✓ |integration| apps/api/test/integration/contract/contract.test.ts (14 tests) 4691ms
   ✓ every operation, validated against the contract and the zod mirrors > kpi module operations (P2; kpi-exercises.ts, owned by kpi-benefits-engineer)  645ms
   ✓ every operation, validated against the contract and the zod mirrors > P2 backend operations (p2-exercises.ts): every routed operation exercised with a success  2171ms
   ✓ every operation, validated against the contract and the zod mirrors > every GET operation with a path parameter: a malformed id is a declared 400 at /params/<name>; nothing written  410ms
   ✓ every operation, validated against the contract and the zod mirrors > every operation but the OIDC callback: U+0000 in the query is a declared 400 invalid_character  725ms
 ✓ |integration| tests/qa/integration/a13-job-idempotency.test.ts (5 tests) 3404ms
   ✓ A13 running worker: a duplicate delivery is a no-op > consumes the event once; an extra job with the same message completes as 'duplicate'  2600ms
 ✓ |integration| apps/api/test/integration/blank-text.test.ts (29 tests) 2558ms
 ✓ |integration| apps/api/test/integration/gates.test.ts (12 tests) 2015ms
   ✓ G2 Direction readiness (REQ-PB-036 failing outcomes, REQ-PB-037 guardrails) > lists every outcome whose good outcome test is not passing (ids + criteria); zero guardrails blocks submission  382ms
 ✓ |integration| apps/api/test/integration/aud-write-deny.test.ts (128 tests) 1959ms
 ✓ |integration| packages/db/test/integration/encoding.test.ts (8 tests) 1932ms
   ✓ a SQL_ASCII database is refused before anything is created > control: the same CLI migrates a UTF8 scratch database created the same way  597ms
 ✓ |integration| apps/api/test/integration/registers.test.ts (23 tests) 1660ms
 ✓ |integration| apps/api/test/integration/dg2-repairs.test.ts (13 tests) 1227ms
 ✓ |integration| packages/db/test/integration/bootstrap.test.ts (5 tests) 1477ms
   ✓ mth-db bootstrap > creates the first organization and a technical/access admin with no business permission, fully audited  313ms
   ✓ mth-db bootstrap > refuses to run twice  359ms
   ✓ mth-db bootstrap > validates its input and refuses the dev-login issuer  363ms
   ✓ mth-db seed-dev (synthetic, development only) > seeds synthetic users bound to urn:mth:dev-local once, idempotently  346ms
 ✓ |integration| apps/api/test/integration/invalid-character.test.ts (20 tests) 1182ms
 ✓ |integration| apps/api/test/integration/oidc.test.ts (33 tests) 947ms
 ✓ |integration| apps/api/test/integration/access-derived-race.test.ts (4 tests) 844ms
 ✓ |integration| apps/api/test/integration/kpi/kpi-resources.test.ts (23 tests) 1026ms
 ✓ |integration| apps/api/test/integration/bu-hierarchy-guard.test.ts (7 tests) 815ms
 ✓ |integration| apps/api/test/integration/transformations.test.ts (30 tests) 751ms
 ✓ |integration| apps/api/test/integration/kpi/kpi-dg2-repairs.test.ts (11 tests) 731ms
 ✓ |integration| packages/db/test/integration/migrate.test.ts (7 tests) 689ms
   ✓ mth-db migrate on a fresh database > applies every shipped migration, then reports up to date  379ms
 ✓ |integration| apps/api/test/integration/platform.test.ts (12 tests) 603ms
 ✓ |integration| apps/api/test/integration/access-scope.test.ts (18 tests) 625ms
 ✓ |integration| apps/worker/test/integration/maintenance.test.ts (2 tests) 555ms
 ✓ |integration| apps/api/test/integration/evidence.test.ts (6 tests) 594ms
 ✓ |integration| tests/qa/integration/a12-cross-scope.test.ts (14 tests) 494ms
 ✓ |integration| apps/api/test/integration/admin.test.ts (11 tests) 444ms
 ✓ |integration| apps/api/test/integration/kpi/kpi-aud-write-deny.test.ts (18 tests) 411ms
 ✓ |integration| apps/api/test/integration/organizations.test.ts (10 tests) 354ms
 ✓ |integration| tests/qa/integration/a14-concurrency.test.ts (5 tests) 311ms
 ✓ |integration| apps/api/test/integration/framework-errors.test.ts (11 tests) 304ms
 ✓ |integration| apps/api/test/integration/identity.test.ts (13 tests) 285ms
 ✓ |integration| packages/db/test/integration/protection.test.ts (17 tests) 103ms
 ✓ |integration| packages/db/test/integration/catalogue.test.ts (9 tests) 40ms

 Test Files  32 passed (32)
      Tests  531 passed (531)
   Start at  15:55:55
   Duration  57.28s (transform 1.27s, setup 0ms, collect 10.30s, tests 45.65s, environment 0ms, prepare 65ms)


real	0m59.586s
user	0m45.825s
sys	0m15.419s
exit=0
