$ python3 -I $TMPDIR/tw.py 24340 3100 && MTH_PNPM_STORE=/root/.local/share/pnpm/store/v10 MTH_PNPM_OFFLINE=1 deploy/scripts/clean-start-local.sh --log $TMPDIR/cs.log   (2026-10-06T16:06:06Z; fresh clone of HEAD; the script and pg-port.sh run from the working tree)
TIME_WAIT check port 24340: states ['06']
TIME_WAIT check port 3100: states ['06']

==> environment facts
  date (UTC):  2026-10-06T16:06:06Z
  host:        Linux 6.18.44-fc-v70 x86_64; 4 vCPU; 15 GiB RAM
  node:        v24.21.0;  pnpm: 10.33.0
  postgres:    postgres (PostgreSQL) 16.13 (Ubuntu 16.13-0ubuntu0.24.04.1)
  repo HEAD:   06430a4c698e3db0d7b4b9645bdaaa6bcfddf87f  (worktree overlay: 0)
  lockfile:    sha256 4f63722ac959b337df92747069ce8bd1c6ab80af6713f9cfeac7908c445e1703
<== ok (0.33 s)

==> 1. fresh clone of the repository
<== ok (20.85 s)

==> 2. install dependencies from the frozen lockfile (lifecycle scripts disabled; pnpm 10 default)
  pnpm install --frozen-lockfile --store-dir /root/.local/share/pnpm/store/v10 --offline
    at async installDeps (/opt/node22/lib/node_modules/pnpm/dist/pnpm.cjs:164685:11)
    at async /opt/node22/lib/node_modules/pnpm/dist/pnpm.cjs:201528:23
    at async main (/opt/node22/lib/node_modules/pnpm/dist/pnpm.cjs:201486:34)

real	0m23.862s
user	0m38.677s
sys	0m3.398s
exit=226
