
> mobily-transformation-hub@0.1.0 test /home/user/wt/dg3-be-b
> vitest run --project unit-node --project unit-web


 RUN  v3.2.4 /home/user/wt/dg3-be-b

 ✓ |unit-web| src/pages/render-time-language.test.tsx (28 tests) 12534ms
   ✓ sign-in (dev form), 'en' → 'ar' > an invalid user name: the inline message follows the switch  532ms
   ✓ journey step editor, 'en' → 'ar' > a field error on a step follows the switch  1296ms
   ✓ journey step editor, 'en' → 'ar' > the form-level "Step N:" error follows the switch (prefix and message)  1067ms
   ✓ journey step editor, 'ar' → 'en' > a field error on a step follows the switch  860ms
   ✓ journey step editor, 'ar' → 'en' > the form-level "Step N:" error follows the switch (prefix and message)  1033ms
   ✓ row-action note and reason dialog, 'en' → 'ar' > the Finance validation note's 'required' follows the switch  733ms
   ✓ row-action note and reason dialog, 'en' → 'ar' > the Finance validation choice's 'required' follows the switch  594ms
   ✓ row-action note and reason dialog, 'en' → 'ar' > the archive reason's 'too short' follows the switch  385ms
   ✓ row-action note and reason dialog, 'ar' → 'en' > the Finance validation note's 'required' follows the switch  437ms
   ✓ row-action note and reason dialog, 'ar' → 'en' > the Finance validation choice's 'required' follows the switch  758ms
   ✓ row-action note and reason dialog, 'ar' → 'en' > the archive reason's 'too short' follows the switch  766ms
   ✓ gate dialogs, 'en' → 'ar' > the decision rationale's field error follows the switch  336ms
   ✓ North Star statement, 'en' → 'ar' > the statement's field error follows the switch  430ms
   ✓ evidence dialogs, 'en' → 'ar' > upload without a file: 'required' follows the switch  469ms
   ✓ evidence dialogs, 'en' → 'ar' > a link without a record type or record: both 'required' messages follow the switch  388ms
   ✓ evidence dialogs, 'ar' → 'en' > upload without a file: 'required' follows the switch  329ms
   ✓ evidence dialogs, 'ar' → 'en' > a link without a record type or record: both 'required' messages follow the switch  443ms
 ✓ |unit-web| src/pages/p2-blank-forms.test.tsx (52 tests) 22762ms
   ✓ gate submission note (en) > a whitespace-only note is refused inline and nothing is sent  839ms
   ✓ gate submission note (en) > a invisible-only note is refused inline and nothing is sent  546ms
   ✓ gate submission note (en) > visible text is sent verbatim; an empty note is omitted  952ms
   ✓ gate submission note (ar) > a whitespace-only note is refused inline and nothing is sent  360ms
   ✓ gate submission note (ar) > a invisible-only note is refused inline and nothing is sent  396ms
   ✓ gate submission note (ar) > visible text is sent verbatim; an empty note is omitted  443ms
   ✓ gate decision rationale and comments (en) > a whitespace-only rationale is refused inline and nothing is sent  488ms
   ✓ gate decision rationale and comments (en) > a invisible-only rationale is refused inline and nothing is sent  412ms
   ✓ gate decision rationale and comments (en) > a invisible (long enough for min 3)-only rationale is refused inline and nothing is sent  409ms
   ✓ gate decision rationale and comments (en) > a invisible-only comment is refused inline (focus on it) and nothing is sent  409ms
   ✓ gate decision rationale and comments (en) > a server 400 validation.blank on /rationale lands on the field  333ms
   ✓ gate decision rationale and comments (ar) > a whitespace-only rationale is refused inline and nothing is sent  400ms
   ✓ gate decision rationale and comments (ar) > a invisible-only rationale is refused inline and nothing is sent  497ms
   ✓ gate decision rationale and comments (ar) > a invisible (long enough for min 3)-only rationale is refused inline and nothing is sent  315ms
   ✓ gate decision rationale and comments (ar) > a whitespace-only comment is refused inline (focus on it) and nothing is sent  370ms
   ✓ gate decision rationale and comments (ar) > visible text is sent verbatim; empty comments are omitted; an empty rationale stays 'too short'  494ms
   ✓ gate decision rationale and comments (ar) > a server 400 validation.blank on /rationale lands on the field  440ms
   ✓ journey step editor (en) > a whitespace-only actor is refused inline (not turned into null) and nothing is sent  569ms
   ✓ journey step editor (en) > a invisible-only actor is refused inline (not turned into null) and nothing is sent  455ms
   ✓ journey step editor (en) > several blank fields: each gets the message and focus goes to the first (name)  509ms
   ✓ journey step editor (en) > visible text is sent verbatim; emptied optional text is null; an empty name is required  684ms
   ✓ journey step editor (ar) > a whitespace-only actor is refused inline (not turned into null) and nothing is sent  509ms
   ✓ journey step editor (ar) > a invisible-only actor is refused inline (not turned into null) and nothing is sent  373ms
   ✓ journey step editor (ar) > several blank fields: each gets the message and focus goes to the first (name)  434ms
   ✓ journey step editor (ar) > visible text is sent verbatim; emptied optional text is null; an empty name is required  541ms
   ✓ Finance validation note and archive reason (en) > note: a whitespace-only note is refused inline and nothing is sent  322ms
   ✓ Finance validation note and archive reason (en) > note: a invisible-only note is refused inline and nothing is sent  394ms
   ✓ Finance validation note and archive reason (en) > note: empty is 'required'; visible text is sent verbatim  344ms
   ✓ Finance validation note and archive reason (en) > reason: a whitespace-only reason is refused inline and nothing is archived  342ms
   ✓ Finance validation note and archive reason (en) > reason: a invisible-only reason is refused inline and nothing is archived  370ms
   ✓ Finance validation note and archive reason (en) > reason: a server 400 validation.blank on /reason is the field message, not a generic error  383ms
   ✓ Finance validation note and archive reason (en) > reason: empty keeps 'too short'; visible text is sent verbatim  488ms
   ✓ Finance validation note and archive reason (ar) > note: a whitespace-only note is refused inline and nothing is sent  507ms
   ✓ Finance validation note and archive reason (ar) > note: a invisible-only note is refused inline and nothing is sent  328ms
   ✓ Finance validation note and archive reason (ar) > note: empty is 'required'; visible text is sent verbatim  816ms
   ✓ Finance validation note and archive reason (ar) > reason: a whitespace-only reason is refused inline and nothing is archived  627ms
   ✓ Finance validation note and archive reason (ar) > reason: a invisible-only reason is refused inline and nothing is archived  347ms
   ✓ Finance validation note and archive reason (ar) > reason: a server 400 validation.blank on /reason is the field message, not a generic error  869ms
   ✓ Finance validation note and archive reason (ar) > reason: a reason with U+0000 is refused inline with the localized message and nothing is archived  566ms
   ✓ Finance validation note and archive reason (ar) > reason: a server 400 validation.invalid_character on /reason is the localized field message  458ms
   ✓ Finance validation note and archive reason (ar) > reason: empty keeps 'too short'; visible text is sent verbatim  556ms
   ✓ North Star statement (en) > a whitespace-only statement is refused inline and nothing is sent  348ms
   ✓ North Star statement (en) > a invisible-only statement is refused inline and nothing is sent  516ms
 ✓ |unit-web| src/pages/p2.test.tsx (56 tests) 23631ms
   ✓ Diagnose > shows the six T01 dimensions with Unknown for missing values, and value pools that are never 0  1231ms
   ✓ Diagnose > shows the totals as Unknown when no pool is quantified  851ms
   ✓ Diagnose > renders the six workstreams with their key questions  964ms
   ✓ Diagnose > edits a T01 row with only the changed fields and If-Match  839ms
   ✓ Diagnose > a 409 on save writes nothing, compares, and re-applies on the current version  654ms
   ✓ Diagnose > a 400 validation.blank shows a localized message on its field ('en')  1037ms
   ✓ Diagnose > a 400 validation.blank shows a localized message on its field ('ar')  799ms
   ✓ Diagnose > an invisible-only value is blocked client-side with validation.blank ('en')  684ms
   ✓ Diagnose > an invisible-only value is blocked client-side with validation.blank ('ar')  601ms
   ✓ Diagnose > a whitespace-only T01 value is an inline blank error and sends nothing ('en')  1072ms
   ✓ Diagnose > a whitespace-only T01 value is an inline blank error and sends nothing ('ar')  724ms
   ✓ Diagnose > T01: an emptied field is sent as an explicit null; visible text is sent verbatim  798ms
   ✓ Define > shows the good outcome test per outcome with pass / fail / unknown and localized reasons  314ms
   ✓ Define > requires a target date on a T02 row before sending anything  305ms
   ✓ Define > sets the North Star with one sentence and no If-Match the first time  383ms
   ✓ Define: KPI activation (F-DG2-201) > offers Activate on a draft KPI, states the unmet precondition on 422, then activates with If-Match  437ms
   ✓ Define: KPI activation (F-DG2-201) > Arabic: the Activate action and the 422 reason are in Arabic  590ms
   ✓ Charter > scope pre-check: an empty Out of scope reads as failing (EN and AR)  707ms
   ✓ Charter > thesis: the four parts compose the B0037 sentence (EN and AR)  381ms
   ✓ Charter > compares a version with the previous one  328ms
   ✓ Charter > edit: a whitespace Out of scope is an inline blank error, sends nothing and keeps the value (en)  353ms
   ✓ Charter > edit: a whitespace Out of scope is an inline blank error, sends nothing and keeps the value (ar)  731ms
   ✓ Charter > edit: emptying a filled field sends null; visible text is verbatim (en)  816ms
   ✓ Charter > edit: emptying a filled field sends null; visible text is verbatim (ar)  605ms
   ✓ Charter > edit: a change summary alone is not a change (never a content-free version)  730ms
   ✓ Design > shows the ten canvas boxes and the per-dimension view  874ms
   ✓ Design > converts an unresolved workshop item into a design decision with If-Match  841ms
   ✓ Gates (business approval) > the approver's decision: rationale required; 403 and 409 problems in words  400ms
   ✓ Gates (business approval) > gate list titles: the verbatim B0023 name once, never the code twice (EN and AR)  475ms
   ✓ Gates (business approval) > gate detail heading: the verbatim B0023 name once (EN and AR)  366ms
 ✓ |unit-web| src/auth/session-bound.test.tsx (34 tests) 11822ms
   ✓ F-DG2-530/580 no effect of A's action after a further await once the tab is B's (en) > Y1: a create whose post-create GET /me returns B: B is not navigated and never sees A's code or name  1032ms
   ✓ F-DG2-530/580 no effect of A's action after a further await once the tab is B's (en) > Y1c: the same create under one identity still lands on the created record  705ms
   ✓ F-DG2-530/580 no effect of A's action after a further await once the tab is B's (en) > an edit whose identity changes between its awaits: B is not navigated to A's record and keeps nothing of A's  535ms
   ✓ F-DG2-530/580 no effect of A's action after a further await once the tab is B's (en) > an organization create whose identity changes between its awaits: B is not navigated to A's new organization  1013ms
   ✓ F-DG2-530/580 no effect of A's action after a further await once the tab is B's (en) > a user create whose identity changes between its awaits: B is not navigated to A's new user  931ms
   ✓ F-DG2-530/580 no effect of A's action after a further await once the tab is B's (en) > sanity: the organization and user creates under one identity still navigate to the new record  733ms
   ✓ F-DG2-530/580 no effect of A's action after a further await once the tab is B's (ar) > Y1: a create whose post-create GET /me returns B: B is not navigated and never sees A's code or name  627ms
   ✓ F-DG2-530/580 no effect of A's action after a further await once the tab is B's (ar) > Y1c: the same create under one identity still lands on the created record  617ms
   ✓ F-DG2-530/580 no effect of A's action after a further await once the tab is B's (ar) > an edit whose identity changes between its awaits: B is not navigated to A's record and keeps nothing of A's  402ms
   ✓ F-DG2-530/580 no effect of A's action after a further await once the tab is B's (ar) > an organization create whose identity changes between its awaits: B is not navigated to A's new organization  427ms
   ✓ F-DG2-530/580 no effect of A's action after a further await once the tab is B's (ar) > a user create whose identity changes between its awaits: B is not navigated to A's new user  526ms
   ✓ the convention: no raw navigate or cache write in app code (T-DG2-FE15) > the ESLint rule refuses a raw navigate, a raw cache write and a useNavigate import in a page  1321ms
 ✓ |unit-web| src/auth/session-identity.test.tsx (18 tests) 4194ms
   ✓ F-DG2-500 a session end on the sign-in page (en) > W5: Back to /login after A's session ends, B signs in with the development form: B never sees A's records  700ms
   ✓ F-DG2-500 a session end on the sign-in page (en) > W5b (OIDC mode): B signs in in another tab and this tab's /me re-probe brings B: B never sees A's records  437ms
   ✓ F-DG2-500 sign-out here and 403 (en) > signing out here clears everything; B signing in afterwards never sees A's records  488ms
   ✓ F-DG2-500 a session end on the sign-in page (ar) > W5: Back to /login after A's session ends, B signs in with the development form: B never sees A's records  424ms
   ✓ F-DG2-500 a session end on the sign-in page (ar) > W5b (OIDC mode): B signs in in another tab and this tab's /me re-probe brings B: B never sees A's records  398ms
   ✓ F-DG2-500 sign-out here and 403 (ar) > signing out here clears everything; B signing in afterwards never sees A's records  463ms
 ✓ |unit-web| src/auth/session-end.test.tsx (12 tests) 6359ms
   ✓ session end while the app is open (en) > a 401 on navigation lands once on sign-in with the message; signing in again returns to the page  1251ms
   ✓ session end while the app is open (en) > a 401 on a dialog mutation (the commit-time upload refusal) closes the dialog and lands once on sign-in  745ms
   ✓ session end while the app is open (en) > a sign-out elsewhere noticed by the next /me probe lands once on sign-in, never on the stale shell  492ms
   ✓ session end while the app is open (en) > a 403 (forbidden) is never treated as a session end  434ms
   ✓ session end while the app is open (ar) > a 401 on navigation lands once on sign-in with the message; signing in again returns to the page  609ms
   ✓ session end while the app is open (ar) > a 401 on a dialog mutation (the commit-time upload refusal) closes the dialog and lands once on sign-in  664ms
   ✓ session end while the app is open (ar) > a sign-out elsewhere noticed by the next /me probe lands once on sign-in, never on the stale shell  454ms
   ✓ session end while the app is open (ar) > a 403 (forbidden) is never treated as a session end  440ms
   ✓ session end under <StrictMode> (as in production) > still lands exactly once on sign-in  545ms
   ✓ sign-in page and the cached identity > decides 'already signed in' only from a fresh /me, never from a stale cache  363ms
   ✓ sign-in page and the cached identity > signing out here shows 'signed out', not 'session ended', and no /me loop  347ms
 ✓ |unit-web| src/auth/session-generation.test.tsx (26 tests) 8389ms
   ✓ F-DG2-530 a write in flight across an identity change (en) > X3: A's PATCH answered after B's /me is not written into B's cache, not shown, and does not navigate B  965ms
   ✓ F-DG2-530 a write in flight across an identity change (en) > X3b: the same after a session END here and B's sign-in: A's late answer never lands  634ms
   ✓ F-DG2-530 a write in flight across an identity change (en) > an archive in flight across an identity change: A's archived record never lands in B's cache  647ms
   ✓ F-DG2-530 a write in flight across an identity change (en) > an organization save in flight across an identity change: A's change is never stored under B  501ms
   ✓ F-DG2-530 a write in flight across an identity change (en) > a user save in flight across an identity change: A's change is never stored under B  501ms
   ✓ F-DG2-530 a write in flight across an identity change (en) > a same-person new session: the in-flight save is dropped silently, the draft is kept and usable  407ms
   ✓ F-DG2-530 X6: refocus and reconnect revalidate GET /me first (en) > the same identity: a refocus refetches /me once, then the stale page queries; nothing when all is fresh  365ms
   ✓ F-DG2-530 a write in flight across an identity change (ar) > X3: A's PATCH answered after B's /me is not written into B's cache, not shown, and does not navigate B  468ms
   ✓ F-DG2-530 a write in flight across an identity change (ar) > X3b: the same after a session END here and B's sign-in: A's late answer never lands  401ms
   ✓ F-DG2-530 a write in flight across an identity change (ar) > an archive in flight across an identity change: A's archived record never lands in B's cache  415ms
   ✓ F-DG2-530 a write in flight across an identity change (ar) > an organization save in flight across an identity change: A's change is never stored under B  491ms
   ✓ F-DG2-530 a write in flight across an identity change (ar) > a user save in flight across an identity change: A's change is never stored under B  471ms
   ✓ F-DG2-530 a write in flight across an identity change (ar) > a same-person new session: the in-flight save is dropped silently, the draft is kept and usable  416ms
   ✓ F-DG2-530 X6: refocus and reconnect revalidate GET /me first (ar) > the same identity: a refocus refetches /me once, then the stale page queries; nothing when all is fresh  393ms
 ✓ |unit-web| src/pages/team/team.test.tsx (10 tests) 5193ms
   ✓ Team (English LTR) > shows the six governance roles with B0018 accountability text verbatim and who holds each  698ms
   ✓ Team (English LTR) > lists team members with the accountability on each assignment, sortable and filterable  417ms
   ✓ Team (English LTR) > a Transformation Lead assigns a Workstream Lead: Idempotency-Key, reason, accountability preview  371ms
   ✓ Team (English LTR) > shows a 403 from the server in words; nothing is assigned  449ms
   ✓ Team: read-only auditor (AUD) > sees the roles, accountabilities and members, a read-only note, and no assign control  316ms
   ✓ Team assign dialog: accountability preview follows the selected role (F-DG2-430) > en: WL on open, then KDS, TD, none and WL again, in StrictMode with no React warning  597ms
   ✓ Team assign dialog: accountability preview follows the selected role (F-DG2-430) > ar: WL on open, then KDS, TD, none and WL again, in StrictMode with no React warning  519ms
   ✓ Team: the success notice follows a language switch, 'en' → 'ar' > the notice is shown in the language now on screen, not the one it was created in  820ms
   ✓ Team: the success notice follows a language switch, 'ar' → 'en' > the notice is shown in the language now on screen, not the one it was created in  761ms
 ✓ |unit-web| src/components/LanguageSwitch.test.tsx (10 tests) 4072ms
   ✓ a refused language save, 'en' → other ('403 csrf') > keeps ar on screen and says, in ar, that it was not saved  924ms
   ✓ a refused language save, 'ar' → other ('403 csrf') > keeps en on screen and says, in en, that it was not saved  702ms
   ✓ a refused language save, 'en' → other ('403 forbidden') > keeps ar on screen and says, in ar, that it was not saved  614ms
   ✓ a refused language save, 'ar' → other ('503') > keeps en on screen and says, in en, that it was not saved  586ms
   ✓ the live region and the persisted preference > a successful save never flips back to the previous language while the PUT is in flight  305ms
 ✓ |unit-web| src/pages/transformations/transformations.test.tsx (21 tests) 6581ms
   ✓ after create (F-DG1-004) > shows the created record when the server lets the creator read it  636ms
   ✓ after create (F-DG1-004) > explains, in English, that the draft was created but cannot be opened (server 404), instead of 'Not found'  320ms
   ✓ audit trail changes (F-DG1-005) > Arabic: the same changes with Arabic labels in the RTL layout  306ms
   ✓ derived creator assignment on the audit trail (F-DG1-008) > an action the catalogue does not know stays readable and is explicitly marked (en and ar)  426ms
   ✓ effective permissions refresh after create (F-DG1-210) > English: Edit, Archive and the audit trail appear after create, without a reload  1718ms
   ✓ effective permissions refresh after create (F-DG1-210) > Arabic (RTL): the same controls and the audit trail appear after create, without a reload  817ms
   ✓ effective permissions refresh after create (F-DG1-210) > does not over-grant: if the refreshed server answer adds nothing, Archive and the audit trail stay hidden  651ms
   ✓ effective permissions refresh after create (F-DG1-210) > a failed /me refresh never blocks the navigation; the UI stays fail-safe (no controls offered)  368ms
 ✓ |unit-web| src/pages/transformations/modeGuidance.test.tsx (5 tests) 2209ms
   ✓ New transformation: mode guidance (English LTR) > shows When to use and How for the selected mode and switches with the mode  1085ms
   ✓ New transformation: mode guidance (English LTR) > Modular requires an entry phase before anything is sent  521ms
   ✓ New transformation: mode guidance (English LTR) > a server validation error on the entry phase is shown on that field  409ms
 ✓ |unit-web| src/components/RecordForm.alerts.test.tsx (16 tests) 2716ms
   ✓ record form: one alert per distinct form error (en) > dialog > a 400 whose only field error has pointer "" says its message once, in one live region  623ms
   ✓ record form: one alert per distinct form error (en) > dialog > a field-pointer error stays on its field; the generic banner is said once  332ms
 ✓ |unit-web| src/components/States.test.tsx (15 tests) 784ms
 ✓ |unit-web| src/app/app.test.tsx (17 tests) 3977ms
   ✓ bilingual shell > switches to English LTR and persists the preference with If-Match  586ms
   ✓ bilingual shell > shows all fourteen areas to an administrator  441ms
   ✓ bilingual shell > hides Administration from a Workstream Lead, and the admin route shows no-permission  405ms
   ✓ bilingual shell > a partial area (Governance) leads into the Gates tab of each transformation; its portfolio view stays planned  408ms
   ✓ transformations > lists transformations with a sortable code column and removable filter chips  809ms
   ✓ transformations > detail shows the workspace header with Unknown for data from later stages  334ms
   ✓ transformations > edit: a 409 writes nothing, shows compare, and re-applies on the current version  304ms
 ✓ |unit-web| src/lib/auditChanges.test.ts (15 tests) 42ms
 ✓ |unit-web| src/lib/lib.test.ts (24 tests) 62ms
 ✓ |unit-web| src/test/react-warning-guard.test.tsx (4 tests) 31ms
 ✓ |unit-web| src/i18n/i18n.test.ts (11 tests) 32ms
 ✓ |unit-web| src/i18n/glossary.test.ts (8 tests) 13ms
 ✓ |unit-web| src/styles/styles.test.ts (6 tests) 11ms
 ✓ |unit-web| src/test/harness-config.test.ts (2 tests) 11ms
 ✓ |unit-node| apps/api/src/modules/kpi/kpi.test.ts (18 tests) 916ms
   ✓ kpi module (P2) > its declared boundary holds, and a planted bypass or undeclared dependency would be caught  824ms
 ✓ |unit-node| apps/api/src/architecture.test.ts (136 tests) 6800ms
   ✓ API module boundaries (ADR-0002) > every import respects dependsOn, public surfaces and allowed packages  3554ms
   ✓ package dependency direction (ADR-0002 rule 5) > packages/shared imports no workspace package  502ms
   ✓ package dependency direction (ADR-0002 rule 5) > apps/web never imports @mth/db or @mth/config (browser bundle, no secrets)  1669ms
 ✓ |unit-node| packages/shared/src/formula/fuzz.test.ts (5 tests) 8237ms
   ✓ fuzz: no uncaught exception, no code execution > 10 000 random byte strings (0–255, up to 80 bytes)  1810ms
   ✓ fuzz: no uncaught exception, no code execution > 10 000 random UTF-16 strings including astral code points and lone surrogates  1838ms
   ✓ fuzz: no uncaught exception, no code execution > 20 000 random strings over the grammar alphabet reach parser, type checker and evaluator  4584ms
 ✓ |unit-node| apps/api/src/modules/workflows/workflows.test.ts (14 tests) 1180ms
   ✓ workflows module (P2) > its declared boundary holds, and an undeclared dependency would be caught  1103ms
 ✓ |unit-node| packages/shared/src/scoring.test.ts (36 tests) 650ms
   ✓ property: all 5^5 integer score combinations under v1 equal an independent BigInt rational computation > stored value, 2-digit display and 0–100 view all match for 3125 combinations  589ms
 ✓ |unit-node| apps/api/src/server.test.ts (6 tests) 360ms
 ✓ |unit-node| apps/api/src/modules/platform/in-flight.test.ts (4 tests) 294ms
 ✓ |unit-node| apps/api/src/modules/evidence/evidence.test.ts (13 tests) 641ms
   ✓ evidence module (P2) > its declared boundary holds  551ms
 ✓ |unit-node| packages/shared/src/schemas/schemas.test.ts (69 tests) 245ms
 ✓ |unit-node| apps/api/src/modules/platform/platform.test.ts (19 tests) 151ms
 ✓ |unit-node| packages/shared/src/value.test.ts (29 tests) 223ms
 ✓ |unit-node| apps/api/src/modules/methodology/methodology.test.ts (4 tests) 240ms
 ✓ |unit-node| apps/api/src/modules/platform/connection-hygiene.test.ts (6 tests) 102ms
 ✓ |unit-node| apps/api/src/modules/reporting/reporting.test.ts (4 tests) 251ms
 ✓ |unit-node| packages/config/src/load.test.ts (17 tests) 85ms
 ✓ |unit-node| packages/shared/src/formula/formula.test.ts (136 tests) 105ms
 ✓ |unit-node| apps/api/src/modules/platform/media-types.test.ts (57 tests) 201ms
 ✓ |unit-node| apps/api/src/modules/platform/incomplete-body.test.ts (10 tests) 62ms
 ✓ |unit-node| apps/api/src/request-encoding.test.ts (11 tests) 86ms
 ✓ |unit-node| apps/api/src/modules/platform/health.test.ts (2 tests) 63ms
 ✓ |unit-node| apps/api/src/modules/admin/branding.test.ts (4 tests) 50ms
 ✓ |unit-node| packages/design-tokens/src/tokens.test.ts (15 tests) 35ms
(node:2163) [FSTDEP022] FastifyWarning: The router options for constraints property access is deprecated. Please use "options.routerOptions" instead for accessing router options. The router options will be removed in `fastify@6`.
(Use `node --trace-warnings ...` to show where the warning was created)
 ✓ |unit-node| apps/api/src/modules/platform/framework-errors.test.ts (6 tests) 43ms
 ✓ |unit-node| apps/api/src/modules/portfolio/sequencing.test.ts (9 tests) 7ms
 ✓ |unit-node| apps/api/src/modules/kpi/rules.test.ts (30 tests) 40ms
 ✓ |unit-node| packages/db/src/seed.test.ts (10 tests) 25ms
 ✓ |unit-node| apps/api/src/modules/transformations/good-outcome.test.ts (7 tests) 20ms
 ✓ |unit-node| apps/api/src/modules/access/rules.test.ts (12 tests) 10ms
 ✓ |unit-node| apps/api/src/modules/transformations/thesis.test.ts (4 tests) 10ms
 ✓ |unit-node| apps/api/src/modules/platform/db-errors.test.ts (7 tests) 8ms
 ✓ |unit-node| apps/api/src/modules/platform/request-encoding.test.ts (7 tests) 7ms
 ✓ |unit-node| apps/api/src/modules/transformations/transitions.test.ts (2 tests) 3ms
 ✓ |unit-node| apps/api/src/modules/transformations/exclusions.test.ts (19 tests) 4ms
 ✓ |unit-node| apps/api/src/modules/identity/oidc-claims.test.ts (5 tests) 4ms

 Test Files  55 passed (55)
      Tests  1123 passed (1123)
   Start at  23:37:54
   Duration  70.70s (transform 4.74s, setup 3.76s, collect 36.84s, tests 136.59s, environment 12.78s, prepare 5.72s)

