port-policy: PostgreSQL listening on port 25950 (attempt 1)
qa disposable cluster: PostgreSQL 16.13 (Ubuntu 16.13-0ubuntu0.24.04.1) on x86_64-pc-linux-gnu, compiled by gcc (Ubuntu 13.3.0-6ubuntu2~24.04.1) 13.3.0, 64-bit; server_encoding UTF8, lc_collate C, lc_ctype C

 RUN  v3.2.4 /home/user/wt/dg4-be-r4

[integration] PostgreSQL 16.13 (Ubuntu 16.13-0ubuntu0.24.04.1); database mth_test_mv2ecyri_76cb885c (server_encoding UTF8); applied 60 migrations to a fresh database
 ✓ |integration| apps/api/test/integration/workflows/modular-waiver.test.ts (16 tests) 9085ms
   ✓ ADR-0021 W1: the one changed condition of createGateDispensation > a Modular G3 waiver with no initiative: 201 pending, version 1, audited gate_dispensation.create  530ms
   ✓ ADR-0038 B1 at G3 submission > criteria met, links missing, an accepted waiver in force → 201 with modularLinks in the snapshot; report unchanged  613ms
   ✓ ADR-0038 B1 at G3 submission > only the outcome link missing: missing lists it alone  612ms
   ✓ ADR-0038 B1 at G3 submission > links supplied: no modularLinks member even with a waiver in force (the snapshot is the DG3 one)  374ms
   ✓ ADR-0038 B1 at G3 submission > which waiver: the latest expiry, ties broken by the greatest id  866ms
   ✓ ADR-0038 B1 at G3 submission > pending, rejected, revoked or expired (injected exception clock) waivers → 422 gate.modular_links_missing; nothing written  2008ms
   ✓ ADR-0038 B1 at G3 approval > the waiver in force: approval 201, G3 approved; the decision is the SP's  415ms
   ✓ ADR-0038 B1 at G3 approval > revoked after submission → 422 gate.modular_waiver_revoked with the revoke date; a later waiver does not rescue it; reject stays allowed  400ms
   ✓ ADR-0038 B1 at G3 approval > expired by approval time (injected clock) → 422 gate.modular_waiver_expired with the expiry date; nothing written  460ms
   ✓ ADR-0038 B1 at G3 approval > revoked and expired: the revoke is reported  443ms
   ✓ ADR-0038 B1 at G3 approval > a Modular G3 submitted with its links (no modularLinks) is decided exactly as before  422ms
   ✓ ADR-0038 amendment Q1: params.date on the two Modular waiver refusals (T-DG4-BE-R4) > revoked: params = { date: the revoke's business date }, the date in detail  370ms
   ✓ ADR-0038 amendment Q1: params.date on the two Modular waiver refusals (T-DG4-BE-R4) > expired: params = { date: expires_on }, the date in detail  348ms
   ✓ ADR-0038 amendment Q1: params.date on the two Modular waiver refusals (T-DG4-BE-R4) > no other problem gains the member: the G3 submission refusal without a waiver has no params  324ms
 ✓ |integration| apps/api/test/integration/governance/minutes.test.ts (6 tests) 1803ms
   ✓ the minutes state machine, the chair rule and the chair's work item > authorization: AUD 403 on writes; ADM-only and another organization 404; commit-time 403  311ms
 ✓ |integration| apps/api/test/integration/workflows/scale-scope-business-units.test.ts (4 tests) 1823ms
   ✓ listScaleScopeBusinessUnits (ADR-0035 amendment R1) > a Sponsor with only a transformation grant reads every active unit of the organization, never another's  358ms
   ✓ listScaleScopeBusinessUnits (ADR-0035 amendment R1) > a unit set inactive after an approved scope named it is listed with selectable false; an unnamed inactive unit is not  584ms
   ✓ listScaleScopeBusinessUnits (ADR-0035 amendment R1) > cursor paging by code then id walks the same set; another transformation's cursor is 400  493ms
 ✓ |integration| apps/api/test/integration/adoption/assessment-form-version.test.ts (2 tests) 698ms
 ✓ |integration| apps/api/test/integration/portfolio/initiative-schedule-read.test.ts (3 tests) 509ms

 Test Files  5 passed (5)
      Tests  31 passed (31)
   Start at  12:55:14
   Duration  33.83s (transform 4.44s, setup 0ms, collect 16.83s, tests 13.92s, environment 0ms, prepare 89ms)

