# check: 09b-integration-run2   mode: nolocale   started: 2026-10-06T16:50:31Z
# command: env -u LANG -u LC_ALL -u LC_CTYPE -u LC_COLLATE -u LC_MESSAGES -u LC_NUMERIC -u LC_TIME -u LC_MONETARY  PATH=/opt/nvm/versions/node/v24.21.0/bin:$PATH env QA_PG_PORT=55471 tests/qa/support/with-pg.sh pnpm test:integration
# node v24.21.0; LANG=<unset> LC_ALL=<unset> LC_CTYPE=<unset>
port-policy: warning: PostgreSQL port 55471 is inside the ephemeral range 32768-60999 (a client socket in TIME_WAIT can hold it); will retry outside it on EADDRINUSE
port-policy: PostgreSQL listening on port 55471 (attempt 1)
qa disposable cluster: PostgreSQL 16.13 (Ubuntu 16.13-0ubuntu0.24.04.1) on x86_64-pc-linux-gnu, compiled by gcc (Ubuntu 13.3.0-6ubuntu2~24.04.1) 13.3.0, 64-bit; server_encoding UTF8, lc_collate C, lc_ctype C

> mobily-transformation-hub@0.1.0 test:integration /home/user/My-owns
> vitest run --project integration


 RUN  v3.2.4 /home/user/My-owns

[integration] PostgreSQL 16.13 (Ubuntu 16.13-0ubuntu0.24.04.1); database mth_test_muwx068f_2c6c88c8 (server_encoding UTF8); applied 19 migrations to a fresh database
 ✓ |integration| apps/worker/test/integration/outbox.test.ts (10 tests) 5426ms
   ✓ worker runtime: end to end, restarts and the dead-letter queue > relays and handles a created transformation, and survives a restart without losing the job  3678ms
   ✓ worker runtime: end to end, restarts and the dead-letter queue > moves a job that keeps failing to ops.failed after the bounded retries  1037ms
 ✓ |integration| apps/api/test/integration/contract/contract.test.ts (14 tests) 4389ms
   ✓ every operation, validated against the contract and the zod mirrors > kpi module operations (P2; kpi-exercises.ts, owned by kpi-benefits-engineer)  610ms
   ✓ every operation, validated against the contract and the zod mirrors > P2 backend operations (p2-exercises.ts): every routed operation exercised with a success  1929ms
   ✓ every operation, validated against the contract and the zod mirrors > every GET operation with a path parameter: a malformed id is a declared 400 at /params/<name>; nothing written  350ms
   ✓ every operation, validated against the contract and the zod mirrors > every operation but the OIDC callback: U+0000 in the query is a declared 400 invalid_character  722ms
 ✓ |integration| packages/db/test/integration/scratch-drop.test.ts (3 tests) 6750ms
   ✓ dropScratchDatabase never terminates a live client (F-DG1-009) > a drop right after pool.end() raises no 57P01 on the closing pool (40 rounds, 8 clients each)  6293ms
   ✓ dropScratchDatabase never terminates a live client (F-DG1-009) > a client that is still connected is NOT terminated: the drop refuses, names it, and succeeds once it ends  456ms
 ✓ |integration| tests/qa/integration/a13-job-idempotency.test.ts (5 tests) 3362ms
   ✓ A13 running worker: a duplicate delivery is a no-op > consumes the event once; an extra job with the same message completes as 'duplicate'  2600ms
 ✓ |integration| apps/api/test/integration/blank-text.test.ts (29 tests) 2440ms
 ✓ |integration| apps/api/test/integration/gates.test.ts (12 tests) 2252ms
   ✓ starter structure and live readiness > REQ-S13-012: evidence that is only a filename (or an inaccessible link) leaves g1.diagnostic incomplete  320ms
   ✓ G2 Direction readiness (REQ-PB-036 failing outcomes, REQ-PB-037 guardrails) > lists every outcome whose good outcome test is not passing (ids + criteria); zero guardrails blocks submission  438ms
 ✓ |integration| apps/api/test/integration/aud-write-deny.test.ts (128 tests) 1809ms
 ✓ |integration| packages/db/test/integration/encoding.test.ts (8 tests) 1922ms
   ✓ a SQL_ASCII database is refused before anything is created > mth-db status: exit 1 with the same message, nothing written  303ms
   ✓ a SQL_ASCII database is refused before anything is created > mth-db seed-dev: exit 1 with the same message, nothing written  312ms
   ✓ a SQL_ASCII database is refused before anything is created > mth-db bootstrap: exit 1 with the same message (checked before the arguments are used)  313ms
   ✓ a SQL_ASCII database is refused before anything is created > control: the same CLI migrates a UTF8 scratch database created the same way  621ms
 ✓ |integration| apps/api/test/integration/registers.test.ts (23 tests) 1624ms
 ✓ |integration| packages/db/test/integration/bootstrap.test.ts (5 tests) 1353ms
   ✓ mth-db bootstrap > refuses to run twice  304ms
   ✓ mth-db bootstrap > validates its input and refuses the dev-login issuer  355ms
   ✓ mth-db seed-dev (synthetic, development only) > seeds synthetic users bound to urn:mth:dev-local once, idempotently  315ms
 ✓ |integration| apps/api/test/integration/dg2-repairs.test.ts (13 tests) 1243ms
 ✓ |integration| apps/api/test/integration/invalid-character.test.ts (20 tests) 1028ms
 ✓ |integration| apps/api/test/integration/invalid-utf8.test.ts (14 tests) 1113ms
 ✓ |integration| apps/api/test/integration/kpi/kpi-resources.test.ts (23 tests) 943ms
 ✓ |integration| apps/api/test/integration/access-derived-race.test.ts (4 tests) 913ms
 ✓ |integration| apps/api/test/integration/transformations.test.ts (30 tests) 769ms
 ✓ |integration| apps/api/test/integration/oidc.test.ts (33 tests) 996ms
 ✓ |integration| apps/api/test/integration/bu-hierarchy-guard.test.ts (7 tests) 821ms
 ✓ |integration| apps/api/test/integration/kpi/kpi-dg2-repairs.test.ts (11 tests) 756ms
 ✓ |integration| packages/db/test/integration/migrate.test.ts (7 tests) 697ms
   ✓ mth-db migrate on a fresh database > applies every shipped migration, then reports up to date  360ms
 ✓ |integration| apps/api/test/integration/access-scope.test.ts (18 tests) 637ms
 ✓ |integration| apps/worker/test/integration/maintenance.test.ts (2 tests) 629ms
 ✓ |integration| apps/api/test/integration/evidence.test.ts (6 tests) 588ms
 ✓ |integration| apps/api/test/integration/platform.test.ts (12 tests) 698ms
   ✓ readiness requires a UTF8 database (ADR-0003 'Database encoding', T-DG2-BE9) > reports 503 database: fail on a SQL_ASCII database, and database: ok on a UTF8 one created the same way  379ms
 ✓ |integration| apps/api/test/integration/kpi/kpi-aud-write-deny.test.ts (18 tests) 436ms
 ✓ |integration| tests/qa/integration/a12-cross-scope.test.ts (14 tests) 499ms
 ✓ |integration| apps/api/test/integration/admin.test.ts (11 tests) 441ms
 ✓ |integration| apps/api/test/integration/organizations.test.ts (10 tests) 341ms
 ✓ |integration| tests/qa/integration/a14-concurrency.test.ts (5 tests) 305ms
 ✓ |integration| apps/api/test/integration/framework-errors.test.ts (11 tests) 269ms
 ✓ |integration| apps/api/test/integration/identity.test.ts (13 tests) 294ms
 ✓ |integration| packages/db/test/integration/protection.test.ts (17 tests) 100ms
 ✓ |integration| packages/db/test/integration/catalogue.test.ts (9 tests) 43ms

 Test Files  33 passed (33)
      Tests  545 passed (545)
   Start at  16:50:33
   Duration  57.68s (transform 1.29s, setup 0ms, collect 10.44s, tests 45.89s, environment 0ms, prepare 72ms)

# exit: 0   finished: 2026-10-06T16:51:31Z
