
> mobily-transformation-hub@0.1.0 test /home/user/My-owns
> vitest run --project unit-node --project unit-web && vitest run --project unit-formula-nocodegen


 RUN  v3.2.4 /home/user/My-owns

 ✓ |unit-web| src/auth/session-generation.test.tsx (26 tests) 11608ms
   ✓ F-DG2-530 a write in flight across an identity change (en) > X3: A's PATCH answered after B's /me is not written into B's cache, not shown, and does not navigate B  1390ms
   ✓ F-DG2-530 a write in flight across an identity change (en) > X3b: the same after a session END here and B's sign-in: A's late answer never lands  854ms
   ✓ F-DG2-530 a write in flight across an identity change (en) > an archive in flight across an identity change: A's archived record never lands in B's cache  764ms
   ✓ F-DG2-530 a write in flight across an identity change (en) > an organization save in flight across an identity change: A's change is never stored under B  675ms
   ✓ F-DG2-530 a write in flight across an identity change (en) > a user save in flight across an identity change: A's change is never stored under B  817ms
   ✓ F-DG2-530 a write in flight across an identity change (en) > a same-person new session: the in-flight save is dropped silently, the draft is kept and usable  464ms
   ✓ F-DG2-530 a write in flight across an identity change (en) > a language save retried after a 409 is never written for the identity that replaced A  360ms
   ✓ F-DG2-530 X6: refocus and reconnect revalidate GET /me first (en) > after B signs in elsewhere, a refocus within /me's staleTime shows B's header with B's data, never A's  393ms
   ✓ F-DG2-530 X6: refocus and reconnect revalidate GET /me first (en) > the same identity: a refocus refetches /me once, then the stale page queries; nothing when all is fresh  457ms
   ✓ F-DG2-530 a write in flight across an identity change (ar) > X3: A's PATCH answered after B's /me is not written into B's cache, not shown, and does not navigate B  574ms
   ✓ F-DG2-530 a write in flight across an identity change (ar) > X3b: the same after a session END here and B's sign-in: A's late answer never lands  500ms
   ✓ F-DG2-530 a write in flight across an identity change (ar) > an archive in flight across an identity change: A's archived record never lands in B's cache  701ms
   ✓ F-DG2-530 a write in flight across an identity change (ar) > an organization save in flight across an identity change: A's change is never stored under B  650ms
   ✓ F-DG2-530 a write in flight across an identity change (ar) > a user save in flight across an identity change: A's change is never stored under B  744ms
   ✓ F-DG2-530 a write in flight across an identity change (ar) > a same-person new session: the in-flight save is dropped silently, the draft is kept and usable  475ms
   ✓ F-DG2-530 a write in flight across an identity change (ar) > a language save retried after a 409 is never written for the identity that replaced A  459ms
   ✓ F-DG2-530 X6: refocus and reconnect revalidate GET /me first (ar) > after B signs in elsewhere, a refocus within /me's staleTime shows B's header with B's data, never A's  328ms
   ✓ F-DG2-530 X6: refocus and reconnect revalidate GET /me first (ar) > the same identity: a refocus refetches /me once, then the stale page queries; nothing when all is fresh  378ms
 ✓ |unit-web| src/pages/p2-blank-forms.test.tsx (52 tests) 21788ms
   ✓ gate submission note (en) > a whitespace-only note is refused inline and nothing is sent  788ms
   ✓ gate submission note (en) > a invisible-only note is refused inline and nothing is sent  351ms
   ✓ gate submission note (en) > visible text is sent verbatim; an empty note is omitted  911ms
   ✓ gate submission note (ar) > a invisible-only note is refused inline and nothing is sent  387ms
   ✓ gate submission note (ar) > visible text is sent verbatim; an empty note is omitted  564ms
   ✓ gate decision rationale and comments (en) > a whitespace-only rationale is refused inline and nothing is sent  500ms
   ✓ gate decision rationale and comments (en) > a invisible-only rationale is refused inline and nothing is sent  373ms
   ✓ gate decision rationale and comments (en) > a invisible (long enough for min 3)-only rationale is refused inline and nothing is sent  303ms
   ✓ gate decision rationale and comments (en) > a server 400 validation.blank on /rationale lands on the field  372ms
   ✓ gate decision rationale and comments (ar) > a whitespace-only rationale is refused inline and nothing is sent  386ms
   ✓ gate decision rationale and comments (ar) > a invisible-only rationale is refused inline and nothing is sent  373ms
   ✓ gate decision rationale and comments (ar) > a invisible (long enough for min 3)-only rationale is refused inline and nothing is sent  417ms
   ✓ gate decision rationale and comments (ar) > visible text is sent verbatim; empty comments are omitted; an empty rationale stays 'too short'  377ms
   ✓ gate decision rationale and comments (ar) > a server 400 validation.blank on /rationale lands on the field  505ms
   ✓ journey step editor (en) > a whitespace-only actor is refused inline (not turned into null) and nothing is sent  663ms
   ✓ journey step editor (en) > a invisible-only actor is refused inline (not turned into null) and nothing is sent  510ms
   ✓ journey step editor (en) > several blank fields: each gets the message and focus goes to the first (name)  438ms
   ✓ journey step editor (en) > visible text is sent verbatim; emptied optional text is null; an empty name is required  690ms
   ✓ journey step editor (ar) > a whitespace-only actor is refused inline (not turned into null) and nothing is sent  394ms
   ✓ journey step editor (ar) > a invisible-only actor is refused inline (not turned into null) and nothing is sent  473ms
   ✓ journey step editor (ar) > several blank fields: each gets the message and focus goes to the first (name)  517ms
   ✓ journey step editor (ar) > visible text is sent verbatim; emptied optional text is null; an empty name is required  735ms
   ✓ Finance validation note and archive reason (en) > note: a whitespace-only note is refused inline and nothing is sent  526ms
   ✓ Finance validation note and archive reason (en) > note: a invisible-only note is refused inline and nothing is sent  331ms
   ✓ Finance validation note and archive reason (en) > note: empty is 'required'; visible text is sent verbatim  432ms
   ✓ Finance validation note and archive reason (en) > reason: a whitespace-only reason is refused inline and nothing is archived  372ms
   ✓ Finance validation note and archive reason (en) > reason: a invisible-only reason is refused inline and nothing is archived  528ms
   ✓ Finance validation note and archive reason (en) > reason: a server 400 validation.blank on /reason is the field message, not a generic error  516ms
   ✓ Finance validation note and archive reason (en) > reason: a reason with U+0000 is refused inline with the localized message and nothing is archived  330ms
   ✓ Finance validation note and archive reason (en) > reason: a server 400 validation.invalid_character on /reason is the localized field message  502ms
   ✓ Finance validation note and archive reason (en) > reason: empty keeps 'too short'; visible text is sent verbatim  467ms
   ✓ Finance validation note and archive reason (ar) > note: a whitespace-only note is refused inline and nothing is sent  488ms
   ✓ Finance validation note and archive reason (ar) > note: a invisible-only note is refused inline and nothing is sent  326ms
   ✓ Finance validation note and archive reason (ar) > note: empty is 'required'; visible text is sent verbatim  413ms
   ✓ Finance validation note and archive reason (ar) > reason: a whitespace-only reason is refused inline and nothing is archived  362ms
   ✓ Finance validation note and archive reason (ar) > reason: a invisible-only reason is refused inline and nothing is archived  524ms
   ✓ Finance validation note and archive reason (ar) > reason: a server 400 validation.blank on /reason is the field message, not a generic error  547ms
   ✓ Finance validation note and archive reason (ar) > reason: a reason with U+0000 is refused inline with the localized message and nothing is archived  383ms
   ✓ Finance validation note and archive reason (ar) > reason: a server 400 validation.invalid_character on /reason is the localized field message  353ms
   ✓ Finance validation note and archive reason (ar) > reason: empty keeps 'too short'; visible text is sent verbatim  319ms
   ✓ North Star statement (ar) > a whitespace-only statement is refused inline and nothing is sent  549ms
 ✓ |unit-web| src/pages/p2.test.tsx (56 tests) 22112ms
   ✓ Diagnose > shows the six T01 dimensions with Unknown for missing values, and value pools that are never 0  895ms
   ✓ Diagnose > shows the totals as Unknown when no pool is quantified  306ms
   ✓ Diagnose > renders the six workstreams with their key questions  568ms
   ✓ Diagnose > edits a T01 row with only the changed fields and If-Match  855ms
   ✓ Diagnose > a 409 on save writes nothing, compares, and re-applies on the current version  640ms
   ✓ Diagnose > a 400 validation.blank shows a localized message on its field ('en')  687ms
   ✓ Diagnose > a 400 validation.blank shows a localized message on its field ('ar')  801ms
   ✓ Diagnose > an invisible-only value is blocked client-side with validation.blank ('en')  732ms
   ✓ Diagnose > an invisible-only value is blocked client-side with validation.blank ('ar')  677ms
   ✓ Diagnose > a whitespace-only T01 value is an inline blank error and sends nothing ('en')  632ms
   ✓ Diagnose > a whitespace-only T01 value is an inline blank error and sends nothing ('ar')  613ms
   ✓ Diagnose > T01: an emptied field is sent as an explicit null; visible text is sent verbatim  1029ms
   ✓ Define > requires a target date on a T02 row before sending anything  319ms
   ✓ Define: KPI activation (F-DG2-201) > offers Activate on a draft KPI, states the unmet precondition on 422, then activates with If-Match  448ms
   ✓ Define: KPI activation (F-DG2-201) > Arabic: the Activate action and the 422 reason are in Arabic  432ms
   ✓ Charter > scope pre-check: an empty Out of scope reads as failing (EN and AR)  616ms
   ✓ Charter > compares a version with the previous one  645ms
   ✓ Charter > create: a whitespace Case for change is an inline blank error and creates nothing ('ar')  359ms
   ✓ Charter > edit: a whitespace Out of scope is an inline blank error, sends nothing and keeps the value (en)  617ms
   ✓ Charter > edit: a whitespace Out of scope is an inline blank error, sends nothing and keeps the value (ar)  482ms
   ✓ Charter > edit: emptying a filled field sends null; visible text is verbatim (en)  593ms
   ✓ Charter > edit: emptying a filled field sends null; visible text is verbatim (ar)  501ms
   ✓ Charter > edit: a change summary alone is not a change (never a content-free version)  424ms
   ✓ Design > shows the ten canvas boxes and the per-dimension view  533ms
   ✓ Design > converts an unresolved workshop item into a design decision with If-Match  1034ms
   ✓ Gates (business approval) > shows unverified evidence as unverified, the failing outcome at G2, and submits with If-Match  360ms
   ✓ Gates (business approval) > the approver's decision: rationale required; 403 and 409 problems in words  729ms
   ✓ Gates (business approval) > gate detail heading: the verbatim B0023 name once (EN and AR)  322ms
   ✓ Evidence > uploads a revision as octet-stream with a percent-encoded file name and If-Match  516ms
   ✓ Evidence > never offers review to the creator; a filename reference can only be rejected  300ms
   ✓ read-only auditor (AUD) > diagnose: no write control and a read-only note  379ms
 ✓ |unit-web| src/auth/session-bound.test.tsx (34 tests) 11403ms
   ✓ F-DG2-530/580 no effect of A's action after a further await once the tab is B's (en) > Y1: a create whose post-create GET /me returns B: B is not navigated and never sees A's code or name  1560ms
   ✓ F-DG2-530/580 no effect of A's action after a further await once the tab is B's (en) > Y1c: the same create under one identity still lands on the created record  587ms
   ✓ F-DG2-530/580 no effect of A's action after a further await once the tab is B's (en) > an edit whose identity changes between its awaits: B is not navigated to A's record and keeps nothing of A's  440ms
   ✓ F-DG2-530/580 no effect of A's action after a further await once the tab is B's (en) > an organization create whose identity changes between its awaits: B is not navigated to A's new organization  666ms
   ✓ F-DG2-530/580 no effect of A's action after a further await once the tab is B's (en) > a user create whose identity changes between its awaits: B is not navigated to A's new user  583ms
   ✓ F-DG2-530/580 no effect of A's action after a further await once the tab is B's (en) > sanity: the organization and user creates under one identity still navigate to the new record  484ms
   ✓ F-DG2-530/580 no effect of A's action after a further await once the tab is B's (ar) > Y1: a create whose post-create GET /me returns B: B is not navigated and never sees A's code or name  558ms
   ✓ F-DG2-530/580 no effect of A's action after a further await once the tab is B's (ar) > an edit whose identity changes between its awaits: B is not navigated to A's record and keeps nothing of A's  445ms
   ✓ F-DG2-530/580 no effect of A's action after a further await once the tab is B's (ar) > an organization create whose identity changes between its awaits: B is not navigated to A's new organization  547ms
   ✓ F-DG2-530/580 no effect of A's action after a further await once the tab is B's (ar) > a user create whose identity changes between its awaits: B is not navigated to A's new user  578ms
   ✓ F-DG2-530/580 no effect of A's action after a further await once the tab is B's (ar) > sanity: the organization and user creates under one identity still navigate to the new record  346ms
   ✓ the convention: no raw navigate or cache write in app code (T-DG2-FE15) > the ESLint rule refuses a raw navigate, a raw cache write and a useNavigate import in a page  2104ms
 ✓ |unit-web| src/auth/session-end.test.tsx (12 tests) 8421ms
   ✓ session end while the app is open (en) > a 401 on navigation lands once on sign-in with the message; signing in again returns to the page  1554ms
   ✓ session end while the app is open (en) > a 401 on a dialog mutation (the commit-time upload refusal) closes the dialog and lands once on sign-in  1063ms
   ✓ session end while the app is open (en) > a sign-out elsewhere noticed by the next /me probe lands once on sign-in, never on the stale shell  519ms
   ✓ session end while the app is open (en) > a 403 (forbidden) is never treated as a session end  749ms
   ✓ session end while the app is open (ar) > a 401 on navigation lands once on sign-in with the message; signing in again returns to the page  767ms
   ✓ session end while the app is open (ar) > a 401 on a dialog mutation (the commit-time upload refusal) closes the dialog and lands once on sign-in  926ms
   ✓ session end while the app is open (ar) > a sign-out elsewhere noticed by the next /me probe lands once on sign-in, never on the stale shell  574ms
   ✓ session end while the app is open (ar) > a 403 (forbidden) is never treated as a session end  684ms
   ✓ session end under <StrictMode> (as in production) > still lands exactly once on sign-in  727ms
   ✓ sign-in page and the cached identity > decides 'already signed in' only from a fresh /me, never from a stale cache  391ms
   ✓ sign-in page and the cached identity > signing out here shows 'signed out', not 'session ended', and no /me loop  412ms
 ✓ |unit-web| src/pages/render-time-language.test.tsx (28 tests) 11088ms
   ✓ sign-in (dev form), 'en' → 'ar' > an invalid user name: the inline message follows the switch  525ms
   ✓ journey step editor, 'en' → 'ar' > a field error on a step follows the switch  1083ms
   ✓ journey step editor, 'en' → 'ar' > the form-level "Step N:" error follows the switch (prefix and message)  563ms
   ✓ journey step editor, 'ar' → 'en' > a field error on a step follows the switch  790ms
   ✓ journey step editor, 'ar' → 'en' > the form-level "Step N:" error follows the switch (prefix and message)  558ms
   ✓ row-action note and reason dialog, 'en' → 'ar' > the Finance validation note's 'required' follows the switch  638ms
   ✓ row-action note and reason dialog, 'en' → 'ar' > the Finance validation choice's 'required' follows the switch  457ms
   ✓ row-action note and reason dialog, 'en' → 'ar' > the archive reason's 'too short' follows the switch  487ms
   ✓ row-action note and reason dialog, 'ar' → 'en' > the Finance validation note's 'required' follows the switch  588ms
   ✓ row-action note and reason dialog, 'ar' → 'en' > the Finance validation choice's 'required' follows the switch  457ms
   ✓ row-action note and reason dialog, 'ar' → 'en' > the archive reason's 'too short' follows the switch  470ms
   ✓ gate dialogs, 'en' → 'ar' > the decision rationale's field error follows the switch  321ms
   ✓ gate dialogs, 'ar' → 'en' > the submission note's field error follows the switch  440ms
   ✓ gate dialogs, 'ar' → 'en' > the decision rationale's field error follows the switch  330ms
   ✓ North Star statement, 'en' → 'ar' > the statement's field error follows the switch  354ms
   ✓ North Star statement, 'ar' → 'en' > the statement's field error follows the switch  335ms
   ✓ evidence dialogs, 'en' → 'ar' > upload without a file: 'required' follows the switch  620ms
   ✓ evidence dialogs, 'en' → 'ar' > a link without a record type or record: both 'required' messages follow the switch  570ms
   ✓ evidence dialogs, 'ar' → 'en' > upload without a file: 'required' follows the switch  419ms
   ✓ evidence dialogs, 'ar' → 'en' > a link without a record type or record: both 'required' messages follow the switch  410ms
 ✓ |unit-web| src/pages/portfolio/portfolio.test.tsx (32 tests) 11261ms
   ✓ Portfolio (en) > lists code, name, wave, owners and three separate columns: proposed rank, selection and funding  915ms
   ✓ Portfolio (en) > filters by status and wave on the server  345ms
   ✓ Portfolio (en) > creates a draft at any time: POST /initiatives with the transformation and an Idempotency-Key  607ms
   ✓ Portfolio (en) > the read-only auditor sees the list with no enabled write control  334ms
   ✓ Portfolio (ar) > lists code, name, wave, owners and three separate columns: proposed rank, selection and funding  312ms
   ✓ Initiative Card (en) > shows all 14 T05 fields in the source order and the 3-7 deliverables warning (a warning, not a block)  367ms
   ✓ Initiative Card (en) > submit refused: 'Case for change not yet approved (G1)…' is the dialog's one translated alert  375ms
   ✓ Initiative Card (en) > submit refused: 'Outcome before activity…' (validation at /outcomeContributions) is translated  322ms
   ✓ Initiative Card (en) > launch refused: 'North Star, outcomes and target state not yet approved', then 'Selected - unfunded…'  450ms
   ✓ Initiative Card (en) > select is a labelled business approval: rationale required, If-Match, no 'on behalf of' control  505ms
   ✓ Initiative Card (en) > a 409 shows the conflict banner and reloads  318ms
   ✓ Initiative Card (en) > a gap link to another TOM record shows 'A project portfolio is not a Target Operating Model…'  423ms
   ✓ Initiative Card (en) > an outcome contribution needs an outcome; the KPI is optional and labelled so  310ms
   ✓ Initiative Card (ar) > shows all 14 T05 fields in the source order and the 3-7 deliverables warning (a warning, not a block)  357ms
   ✓ Initiative Card (ar) > submit refused: 'Case for change not yet approved (G1)…' is the dialog's one translated alert  377ms
   ✓ Initiative Card (ar) > submit refused: 'Outcome before activity…' (validation at /outcomeContributions) is translated  317ms
   ✓ Initiative Card (ar) > launch refused: 'North Star, outcomes and target state not yet approved', then 'Selected - unfunded…'  505ms
   ✓ Initiative Card (ar) > select is a labelled business approval: rationale required, If-Match, no 'on behalf of' control  829ms
   ✓ Initiative Card (ar) > a 409 shows the conflict banner and reloads  375ms
   ✓ Initiative Card (ar) > an outcome contribution needs an outcome; the KPI is optional and labelled so  438ms
 ✓ |unit-web| src/pages/prioritization/prioritization.test.tsx (20 tests) 11606ms
   ✓ prioritization (en) > ranked table: an incomplete score is 'incomplete' (never a number), 3.30 complete; 0–100 shows 57.5 with its label  1117ms
   ✓ prioritization (en) > scorecard: 6 is refused inline and nothing is sent; 4 is POSTed as the integer; the weighted score is read-only 'incomplete'  890ms
   ✓ prioritization (en) > weight sets: the live total refuses 95% and 105%; 100% is accepted and POSTed as decimal strings  555ms
   ✓ prioritization (en) > weight sets: the proposer is never offered approval; another approver's approval is a business approval with If-Match; 403 SoD is translated  1373ms
   ✓ prioritization (en) > weight set approval: a 409 shows the conflict banner and reloads  400ms
   ✓ prioritization (en) > overrides: a reason is required (missing and invisible-only are refused, nothing sent); with a reason it is POSTed  376ms
   ✓ prioritization (en) > the read-only auditor sees the data and no enabled write control  590ms
   ✓ prioritization (ar) > ranked table: an incomplete score is 'incomplete' (never a number), 3.30 complete; 0–100 shows 57.5 with its label  588ms
   ✓ prioritization (ar) > scorecard: 6 is refused inline and nothing is sent; 4 is POSTed as the integer; the weighted score is read-only 'incomplete'  916ms
   ✓ prioritization (ar) > weight sets: the live total refuses 95% and 105%; 100% is accepted and POSTed as decimal strings  506ms
   ✓ prioritization (ar) > weight sets: the proposer is never offered approval; another approver's approval is a business approval with If-Match; 403 SoD is translated  1146ms
   ✓ prioritization (ar) > weight set approval: a 409 shows the conflict banner and reloads  379ms
   ✓ prioritization (ar) > overrides: a reason is required (missing and invisible-only are refused, nothing sent); with a reason it is POSTed  667ms
   ✓ prioritization (ar) > the read-only auditor sees the data and no enabled write control  693ms
   ✓ prioritization (ar) > never mentions a delivery gate (DG0–DG7)  393ms
 ✓ |unit-web| src/pages/business-cases/business-cases.test.tsx (18 tests) 9052ms
   ✓ business cases (en) > register: levels, Finance baseline states with text (Stale is never green) and drafts  740ms
   ✓ business cases (en) > detail: all ten sections, totals with gross / cost / net apart, net Unknown (never 0), roll-up by reference  436ms
   ✓ business cases (en) > totals: a partial total says how many Unknown lines it leaves out  328ms
   ✓ business cases (en) > sections: saves only the changed section with If-Match; blank text is refused inline and nothing is sent  790ms
   ✓ business cases (en) > sections: a 409 shows the standard conflict panel (nothing saved) with the current values  569ms
   ✓ business cases (en) > lines: exactly one class from one select; the value basis follows the class; a 422 is translated  1052ms
   ✓ business cases (en) > Finance validation: a business approval for FIN who did not author the case; If-Match; translated 403  784ms
   ✓ business cases (en) > Finance validation: the case author sees no validate action, only the separation-of-duties note  363ms
   ✓ business cases (ar) > detail: all ten sections, totals with gross / cost / net apart, net Unknown (never 0), roll-up by reference  300ms
   ✓ business cases (ar) > sections: saves only the changed section with If-Match; blank text is refused inline and nothing is sent  827ms
   ✓ business cases (ar) > sections: a 409 shows the standard conflict panel (nothing saved) with the current values  397ms
   ✓ business cases (ar) > lines: exactly one class from one select; the value basis follows the class; a 422 is translated  517ms
   ✓ business cases (ar) > Finance validation: a business approval for FIN who did not author the case; If-Match; translated 403  661ms
 ✓ |unit-web| src/auth/session-identity.test.tsx (18 tests) 7949ms
   ✓ F-DG2-500 a session end on the sign-in page (en) > W5: Back to /login after A's session ends, B signs in with the development form: B never sees A's records  1346ms
   ✓ F-DG2-500 a session end on the sign-in page (en) > W5b (OIDC mode): B signs in in another tab and this tab's /me re-probe brings B: B never sees A's records  730ms
   ✓ F-DG2-500 an identity change with no session end in this tab (en) > a refocus /me that returns another identity removes every session query before B renders, and drops A's drafts  395ms
   ✓ F-DG2-500 sign-out here and 403 (en) > signing out here clears everything; B signing in afterwards never sees A's records  1089ms
   ✓ F-DG2-500 a session end on the sign-in page (ar) > W5: Back to /login after A's session ends, B signs in with the development form: B never sees A's records  658ms
   ✓ F-DG2-500 a session end on the sign-in page (ar) > W5b (OIDC mode): B signs in in another tab and this tab's /me re-probe brings B: B never sees A's records  808ms
   ✓ F-DG2-500 an identity change with no session end in this tab (ar) > a refocus /me that returns another identity removes every session query before B renders, and drops A's drafts  507ms
   ✓ F-DG2-500 sign-out here and 403 (ar) > signing out here clears everything; B signing in afterwards never sees A's records  942ms
 ✓ |unit-web| src/pages/transformations/transformations.test.tsx (21 tests) 6083ms
   ✓ after create (F-DG1-004) > shows the created record when the server lets the creator read it  932ms
   ✓ derived creator assignment on the audit trail (F-DG1-008) > Arabic (RTL): the same event with Arabic labels and the glossary role name  425ms
   ✓ derived creator assignment on the audit trail (F-DG1-008) > an action the catalogue does not know stays readable and is explicitly marked (en and ar)  462ms
   ✓ effective permissions refresh after create (F-DG1-210) > English: Edit, Archive and the audit trail appear after create, without a reload  869ms
   ✓ effective permissions refresh after create (F-DG1-210) > Arabic (RTL): the same controls and the audit trail appear after create, without a reload  662ms
   ✓ effective permissions refresh after create (F-DG1-210) > does not over-grant: if the refreshed server answer adds nothing, Archive and the audit trail stay hidden  547ms
   ✓ effective permissions refresh after create (F-DG1-210) > a failed /me refresh never blocks the navigation; the UI stays fail-safe (no controls offered)  314ms
 ✓ |unit-web| src/pages/portfolio/fe-e.test.tsx (18 tests) 8069ms
   ✓ Funding decisions (en) > is a labelled business approval with no 'on behalf of' control; rationale required; POST with an Idempotency-Key  1159ms
   ✓ Funding decisions (en) > the BE-E 422s are the dialog's one translated alert; funding.amount_invalid is also inline at /amount  774ms
   ✓ Funding decisions (en) > the history shows a missing amount as Unknown (never 0); a re-selected initiative explains the deselect rule  333ms
   ✓ Funding decisions (ar) > is a labelled business approval with no 'on behalf of' control; rationale required; POST with an Idempotency-Key  514ms
   ✓ Funding decisions (ar) > the BE-E 422s are the dialog's one translated alert; funding.amount_invalid is also inline at /amount  566ms
   ✓ Deliverables and milestones on the card (en) > creates (Idempotency-Key), edits (If-Match) and archives (reason, If-Match) a deliverable  761ms
   ✓ Deliverables and milestones on the card (en) > creates a milestone with its wave and forecast, and edits it with If-Match  338ms
   ✓ Deliverables and milestones on the card (en) > the card edit form translates initiative.planned_range specifically (RecordDialog namespaces)  510ms
   ✓ Deliverables and milestones on the card (ar) > creates (Idempotency-Key), edits (If-Match) and archives (reason, If-Match) a deliverable  683ms
   ✓ Deliverables and milestones on the card (ar) > creates a milestone with its wave and forecast, and edits it with If-Match  613ms
   ✓ Deliverables and milestones on the card (ar) > the card edit form translates initiative.planned_range specifically (RecordDialog namespaces)  370ms
 ✓ |unit-web| src/pages/team/team.test.tsx (10 tests) 6332ms
   ✓ Team (English LTR) > shows the six governance roles with B0018 accountability text verbatim and who holds each  927ms
   ✓ Team (English LTR) > lists team members with the accountability on each assignment, sortable and filterable  752ms
   ✓ Team (English LTR) > a Transformation Lead assigns a Workstream Lead: Idempotency-Key, reason, accountability preview  608ms
   ✓ Team (English LTR) > shows a 403 from the server in words; nothing is assigned  594ms
   ✓ Team: read-only auditor (AUD) > sees the roles, accountabilities and members, a read-only note, and no assign control  316ms
   ✓ Team assign dialog: accountability preview follows the selected role (F-DG2-430) > en: WL on open, then KDS, TD, none and WL again, in StrictMode with no React warning  572ms
   ✓ Team assign dialog: accountability preview follows the selected role (F-DG2-430) > ar: WL on open, then KDS, TD, none and WL again, in StrictMode with no React warning  720ms
   ✓ Team: the success notice follows a language switch, 'en' → 'ar' > the notice is shown in the language now on screen, not the one it was created in  881ms
   ✓ Team: the success notice follows a language switch, 'ar' → 'en' > the notice is shown in the language now on screen, not the one it was created in  694ms
 ✓ |unit-web| src/pages/gates/g4.test.tsx (16 tests) 6314ms
   ✓ G4 refusal item by item (en) > two initiatives without owners: two separate translated 'Owners' items, never the joined English message  1030ms
   ✓ G4 refusal item by item (en) > without a usable gate view: one translated line per refused criterion, never the English message  437ms
   ✓ G4 refusal item by item (ar) > two initiatives without owners: two separate translated 'Owners' items, never the joined English message  540ms
   ✓ G4 refusal item by item (ar) > without a usable gate view: one translated line per refused criterion, never the English message  852ms
   ✓ G4 view (en) > a refused submission shows the 422 list with the initiative names, translated  343ms
   ✓ G4 view (en) > the decision's 403 urn:mth:problem:forbidden is translated  465ms
   ✓ G4 view (ar) > the decision's 403 urn:mth:problem:forbidden is translated  471ms
   ✓ G4 view (ar) > the decision's 403 urn:mth:problem:forbidden is translated  418ms
   ✓ G4 view (ar) > the decision's 409 urn:mth:problem:version-conflict is translated  509ms
 ✓ |unit-web| src/pages/benefit-formulas/benefit-formulas.test.tsx (18 tests) 8197ms
   ✓ T09 benefit formulas (en) > register: the six T09 columns with confidence H/M/L; examples marked illustrative with 100000 and 500000 SAR per year  1104ms
   ✓ T09 benefit formulas (en) > builder: an undefined variable shows translated, with its position, before saving; nothing is sent  691ms
   ✓ T09 benefit formulas (en) > builder: monthly ARPU × annual customers is a period mismatch, translated, before saving  311ms
   ✓ T09 benefit formulas (en) > builder: a fraction is entered as percent and stored as a fraction; a version is saved with If-Match  879ms
   ✓ T09 benefit formulas (en) > builder: a fraction difference shows percentage points (translated suffix), never %  451ms
   ✓ T09 benefit formulas (en) > builder: a 409 shows the standard conflict panel; nothing was saved  450ms
   ✓ T09 benefit formulas (en) > Finance validation of a version: a business approval by FIN; the author cannot; translated refusal  336ms
   ✓ T09 benefit formulas (ar) > register: the six T09 columns with confidence H/M/L; examples marked illustrative with 100000 and 500000 SAR per year  638ms
   ✓ T09 benefit formulas (ar) > builder: an undefined variable shows translated, with its position, before saving; nothing is sent  620ms
   ✓ T09 benefit formulas (ar) > builder: monthly ARPU × annual customers is a period mismatch, translated, before saving  368ms
   ✓ T09 benefit formulas (ar) > builder: a fraction is entered as percent and stored as a fraction; a version is saved with If-Match  469ms
   ✓ T09 benefit formulas (ar) > builder: a fraction difference shows percentage points (translated suffix), never %  360ms
   ✓ T09 benefit formulas (ar) > builder: a 409 shows the standard conflict panel; nothing was saved  432ms
   ✓ T09 benefit formulas (ar) > Finance validation of a version: a business approval by FIN; the author cannot; translated refusal  497ms
 ✓ |unit-web| src/pages/capacity/fe-e.test.tsx (13 tests) 6117ms
   ✓ capacity editing (en) > creates a role; a taken code (409) is the form's translated alert; then the role is created  943ms
   ✓ capacity editing (en) > edits a role's labels and archives it, each with If-Match  485ms
   ✓ capacity editing (en) > creates a capacity row with a decimal FTE string; a duplicate (409) is translated  619ms
   ✓ capacity editing (en) > creates a demand; after the save the plan is re-read and the conflict with its shortfall appears; Unknown stays Unknown  502ms
   ✓ capacity editing (en) > edits a planned demand with If-Match; 422 resource_demand.not_planned is translated  324ms
   ✓ capacity editing (ar) > edits a role's labels and archives it, each with If-Match  372ms
   ✓ capacity editing (ar) > creates a capacity row with a decimal FTE string; a duplicate (409) is translated  648ms
   ✓ capacity editing (ar) > creates a demand; after the save the plan is re-read and the conflict with its shortfall appears; Unknown stays Unknown  782ms
   ✓ capacity editing (ar) > edits a planned demand with If-Match; 422 resource_demand.not_planned is translated  435ms
   ✓ capacity editing (ar) > the read-only auditor sees roles and capacity rows with no editing control  436ms
 ✓ |unit-web| src/pages/roadmap/roadmap.test.tsx (14 tests) 6756ms
   ✓ roadmap (en) > shows the four source waves verbatim (English source also shown in Arabic) with overlapping horizons  569ms
   ✓ roadmap (en) > moving a milestone PATCHes the forecast with If-Match and the timeline, table and board all show the new date from one refetch  1261ms
   ✓ roadmap (en) > a 409 on moving a milestone shows the conflict notice and reloads the roadmap  705ms
   ✓ roadmap (en) > re-approving a date requires a reason; then it is POSTed with If-Match  602ms
   ✓ roadmap (en) > deliverable acceptance sends the AcceptanceDecision with If-Match (no 'on behalf of' control)  606ms
   ✓ roadmap (ar) > moving a milestone PATCHes the forecast with If-Match and the timeline, table and board all show the new date from one refetch  531ms
   ✓ roadmap (ar) > a 409 on moving a milestone shows the conflict notice and reloads the roadmap  555ms
   ✓ roadmap (ar) > re-approving a date requires a reason; then it is POSTed with If-Match  606ms
   ✓ roadmap (ar) > deliverable acceptance sends the AcceptanceDecision with If-Match (no 'on behalf of' control)  405ms
 ✓ |unit-web| src/components/LanguageSwitch.test.tsx (10 tests) 3413ms
   ✓ a refused language save, 'en' → other ('403 csrf') > keeps ar on screen and says, in ar, that it was not saved  698ms
   ✓ a refused language save, 'ar' → other ('403 csrf') > keeps en on screen and says, in en, that it was not saved  604ms
   ✓ a refused language save, 'en' → other ('403 forbidden') > keeps ar on screen and says, in ar, that it was not saved  457ms
   ✓ a refused language save, 'ar' → other ('503') > keeps en on screen and says, in en, that it was not saved  469ms
   ✓ the live region and the persisted preference > switching back clears the notice; the region stays in the DOM, empty  318ms
   ✓ the live region and the persisted preference > a successful save never flips back to the previous language while the PUT is in flight  324ms
 ✓ |unit-web| src/pages/gates/g1-agreements.test.tsx (10 tests) 5971ms
   ✓ G1 agreements step (en) > approving G1 needs the three labelled confirmations; then sends agreements with all three true  1696ms
   ✓ G1 agreements step (en) > a non-approve outcome on G1 sends no agreements (even after ticking them)  754ms
   ✓ G1 agreements step (en) > approving another gate (G2) shows no confirmations and sends no agreements  358ms
   ✓ G1 agreements step (en) > the server's 422 gate.g1_agreements_required is the one form-level alert, with the missing confirmations  337ms
   ✓ G1 agreements step (en) > the server's 422 gate.agreements_not_applicable is translated as the one form-level alert  329ms
   ✓ G1 agreements step (ar) > approving G1 needs the three labelled confirmations; then sends agreements with all three true  625ms
   ✓ G1 agreements step (ar) > a non-approve outcome on G1 sends no agreements (even after ticking them)  482ms
   ✓ G1 agreements step (ar) > approving another gate (G2) shows no confirmations and sends no agreements  441ms
   ✓ G1 agreements step (ar) > the server's 422 gate.g1_agreements_required is the one form-level alert, with the missing confirmations  645ms
 ✓ |unit-web| src/pages/dependencies/dependencies.test.tsx (12 tests) 5646ms
   ✓ dependencies (en) > shows the seven T08 columns, an External source, the type label and the needed-by conflict flag  655ms
   ✓ dependencies (en) > a cycle is refused and shown as the translated message with the path INI-01 → INI-02 → INI-03 → INI-01  781ms
   ✓ dependencies (en) > an External source is sent as {kind: external, label}  784ms
   ✓ dependencies (en) > dependency types: system types are undeletable; an administrator may retire a custom type  516ms
   ✓ dependencies (en) > a system type's 422 dependency_type.system_undeletable is translated  382ms
   ✓ dependencies (ar) > a cycle is refused and shown as the translated message with the path INI-01 → INI-02 → INI-03 → INI-01  475ms
   ✓ dependencies (ar) > an External source is sent as {kind: external, label}  656ms
   ✓ dependencies (ar) > dependency types: system types are undeletable; an administrator may retire a custom type  603ms
 ✓ |unit-web| src/pages/dispensations/dispensations.test.tsx (12 tests) 5156ms
   ✓ Dispensations (en) > lists waivers and inherited approvals; unverified evidence is shown as unverified; recorder cannot decide  667ms
   ✓ Dispensations (en) > a waiver needs a reason and an expiry: refused inline, nothing sent; then sent with its scope  869ms
   ✓ Dispensations (en) > an inherited approval (Modular) needs the approving body, the date and evidence; 422s are translated  591ms
   ✓ Dispensations (en) > deciding is a labelled business approval; the delegated-decision 422 and the recorder 403 are translated  593ms
   ✓ Dispensations (en) > revoking an accepted dispensation needs a reason and is a business approval  316ms
   ✓ Dispensations (ar) > a waiver needs a reason and an expiry: refused inline, nothing sent; then sent with its scope  382ms
   ✓ Dispensations (ar) > an inherited approval (Modular) needs the approving body, the date and evidence; 422s are translated  522ms
   ✓ Dispensations (ar) > deciding is a labelled business approval; the delegated-decision 422 and the recorder 403 are translated  376ms
 ✓ |unit-web| src/pages/roadmap/fe-e.test.tsx (8 tests) 4814ms
   ✓ wave editing (en) > edits planned dates (overlap accepted) with If-Match; the source text is read-only and never sent  1169ms
   ✓ wave editing (en) > 422 roadmap_wave.planned_range is inline at the planned end and translated  741ms
   ✓ wave editing (en) > adds a non-source wave with its bilingual texts (POST, Idempotency-Key)  1142ms
   ✓ wave editing (ar) > 422 roadmap_wave.planned_range is inline at the planned end and translated  384ms
   ✓ wave editing (ar) > adds a non-source wave with its bilingual texts (POST, Idempotency-Key)  746ms
 ✓ |unit-web| src/app/app.test.tsx (17 tests) 3179ms
   ✓ bilingual shell > switches to English LTR and persists the preference with If-Match  400ms
   ✓ bilingual shell > shows all fourteen areas to an administrator  327ms
   ✓ bilingual shell > a partial area (Governance) leads into the Gates tab of each transformation; its portfolio view stays planned  440ms
   ✓ transformations > lists transformations with a sortable code column and removable filter chips  485ms
   ✓ transformations > detail shows the workspace header with Unknown for data from later stages  378ms
 ✓ |unit-web| src/app/p3-seams.test.tsx (10 tests) 2379ms
   ✓ P3 routes > workspace tabs (en) > the workspace tabs include the P3 tabs, labelled from their own namespaces  735ms
   ✓ P3 routes > workspace tabs (ar) > the workspace tabs include the P3 tabs, labelled from their own namespaces  344ms
   ✓ P3 navigation areas > en /initiatives-roadmaps leads into the Initiatives and Roadmaps tab of each transformation  374ms
   ✓ P3 navigation areas > en /benefits-finance leads into the Benefits and Finance tab of each transformation  322ms
 ✓ |unit-web| src/pages/gates/inherited-approval.test.tsx (16 tests) 3030ms
   ✓ inherited-approval annotation (en) > Gates list: G1 pending_verification (counts false) is a badge next to 'Not submitted'  382ms
   ✓ inherited-approval annotation (en) > gate view: an accepted inherited approval is a labelled row beside the 'Not submitted' status  396ms
 ✓ |unit-web| src/pages/transformations/modeGuidance.test.tsx (5 tests) 1595ms
   ✓ New transformation: mode guidance (English LTR) > shows When to use and How for the selected mode and switches with the mode  544ms
   ✓ New transformation: mode guidance (English LTR) > Modular requires an entry phase before anything is sent  403ms
   ✓ New transformation: mode guidance (English LTR) > a server validation error on the entry phase is shown on that field  344ms
 ✓ |unit-web| src/pages/capacity/capacity.test.tsx (6 tests) 1850ms
   ✓ capacity (en) > the role × month grid shows decimal FTE, the conflict with its shortfall, and Unknown capacity as Unknown (never 0)  419ms
   ✓ capacity (en) > committing a demand POSTs with If-Match; a 409 shows the conflict notice and reloads  613ms
 ✓ |unit-web| src/components/RecordForm.alerts.test.tsx (16 tests) 2126ms
   ✓ record form: one alert per distinct form error (en) > dialog > a 400 whose only field error has pointer "" says its message once, in one live region  401ms
 ✓ |unit-web| src/components/States.test.tsx (15 tests) 589ms
 ✓ |unit-web| src/lib/auditChanges.test.ts (125 tests) 89ms
 ✓ |unit-web| src/pages/readiness/readiness.test.tsx (4 tests) 1276ms
   ✓ Readiness (en) > lists the missing diagnostic areas by name, the gates and the translated sequencing blockers  691ms
 ✓ |unit-web| src/test/react-warning-guard.test.tsx (4 tests) 45ms
 ✓ |unit-web| src/i18n/i18n.test.ts (11 tests) 36ms
 ✓ |unit-web| src/lib/lib.test.ts (24 tests) 147ms
 ✓ |unit-web| src/styles/styles.test.ts (6 tests) 15ms
 ✓ |unit-web| src/i18n/glossary.test.ts (8 tests) 11ms
 ✓ |unit-web| src/pages/business-cases/problem-codes.test.ts (4 tests) 17ms
 ✓ |unit-web| src/test/harness-config.test.ts (2 tests) 8ms
 ✓ |unit-node| apps/api/src/modules/kpi/kpi.test.ts (35 tests) 2118ms
   ✓ kpi module (P2) > its declared boundary holds, and a planted bypass or undeclared dependency would be caught  1989ms
 ✓ |unit-node| apps/api/src/architecture.test.ts (137 tests) 8797ms
   ✓ API module boundaries (ADR-0002) > every import respects dependsOn, public surfaces and allowed packages  5011ms
   ✓ package dependency direction (ADR-0002 rule 5) > packages/db imports only @mth/config and @mth/shared  370ms
   ✓ package dependency direction (ADR-0002 rule 5) > packages/shared imports no workspace package  474ms
   ✓ package dependency direction (ADR-0002 rule 5) > apps/web never imports @mth/db or @mth/config (browser bundle, no secrets)  2216ms
 ✓ |unit-node| apps/api/src/modules/workflows/workflows.test.ts (14 tests) 1333ms
   ✓ workflows module (P2) > its declared boundary holds, and an undeclared dependency would be caught  1248ms
 ✓ |unit-node| packages/shared/src/formula/fuzz.test.ts (111 tests) 11897ms
   ✓ fuzz: no uncaught exception, no code execution > 10 000 random byte strings (0–255, up to 80 bytes)  2338ms
   ✓ fuzz: no uncaught exception, no code execution > 10 000 random UTF-16 strings including astral code points and lone surrogates  3406ms
   ✓ fuzz: no uncaught exception, no code execution > 20 000 random strings over the grammar alphabet reach parser, type checker and evaluator  3544ms
   ✓ source scan: no dynamic code in packages/shared/src/formula (ADR-0024 §6) > every file of the engine's import closure gets the engine-source lint rules (eslint.config.js)  1701ms
   ✓ source scan: no dynamic code in packages/shared/src/formula (ADR-0024 §6) > ESLint refuses the round-5 handler forms (G1, G2, A1, A2), F1 and every lintable probe-table row in an engine source  862ms
 ✓ |unit-node| packages/shared/src/scoring.test.ts (36 tests) 560ms
   ✓ property: all 5^5 integer score combinations under v1 equal an independent BigInt rational computation > stored value, 2-digit display and 0–100 view all match for 3125 combinations  495ms
 ✓ |unit-node| apps/api/src/modules/platform/in-flight.test.ts (4 tests) 329ms
 ✓ |unit-node| apps/api/src/server.test.ts (6 tests) 883ms
   ✓ route registration > declares access on every /api route and on the health endpoints  394ms
 ✓ |unit-node| apps/api/src/modules/evidence/evidence.test.ts (13 tests) 752ms
   ✓ evidence module (P2) > its declared boundary holds  632ms
 ✓ |unit-node| packages/shared/src/schemas/schemas.test.ts (69 tests) 230ms
 ✓ |unit-node| packages/shared/src/value.test.ts (29 tests) 227ms
 ✓ |unit-node| apps/api/src/modules/methodology/methodology.test.ts (4 tests) 253ms
 ✓ |unit-node| apps/api/src/modules/reporting/reporting.test.ts (4 tests) 243ms
 ✓ |unit-node| apps/api/src/modules/platform/media-types.test.ts (57 tests) 265ms
 ✓ |unit-node| packages/shared/src/formula/formula.test.ts (140 tests) 138ms
 ✓ |unit-node| packages/config/src/load.test.ts (17 tests) 116ms
 ✓ |unit-node| apps/api/src/modules/platform/platform.test.ts (19 tests) 248ms
 ✓ |unit-node| apps/api/src/modules/platform/connection-hygiene.test.ts (6 tests) 135ms
 ✓ |unit-node| apps/api/src/modules/platform/incomplete-body.test.ts (10 tests) 223ms
 ✓ |unit-node| apps/api/src/modules/kpi/rules.test.ts (30 tests) 44ms
 ✓ |unit-node| packages/shared/src/time/working-days.test.ts (19 tests) 69ms
 ✓ |unit-node| apps/api/src/request-encoding.test.ts (11 tests) 210ms
 ✓ |unit-node| packages/db/src/seed.test.ts (22 tests) 76ms
 ✓ |unit-node| apps/api/src/modules/platform/health.test.ts (2 tests) 60ms
 ✓ |unit-node| packages/design-tokens/src/tokens.test.ts (15 tests) 44ms
(node:1298) [FSTDEP022] FastifyWarning: The router options for constraints property access is deprecated. Please use "options.routerOptions" instead for accessing router options. The router options will be removed in `fastify@6`.
(Use `node --trace-warnings ...` to show where the warning was created)
 ✓ |unit-node| apps/api/src/modules/platform/framework-errors.test.ts (6 tests) 47ms
 ✓ |unit-node| apps/api/src/modules/tasks/tasks.test.ts (5 tests) 62ms
 ✓ |unit-node| apps/api/src/modules/admin/branding.test.ts (4 tests) 54ms
 ✓ |unit-node| apps/api/src/modules/kpi/formulas.test.ts (10 tests) 27ms
 ✓ |unit-node| apps/api/src/modules/governance/governance.test.ts (2 tests) 14ms
 ✓ |unit-node| apps/api/src/modules/platform/advisory-locks.test.ts (3 tests) 39ms
 ✓ |unit-node| packages/shared/src/schemas/roadmap.test.ts (6 tests) 74ms
 ✓ |unit-node| apps/api/src/modules/adoption/adoption.test.ts (2 tests) 18ms
 ✓ |unit-node| apps/api/src/modules/benefits/benefits.test.ts (2 tests) 21ms
 ✓ |unit-node| apps/api/src/modules/raid/raid.test.ts (2 tests) 13ms
 ✓ |unit-node| apps/api/src/modules/sustainment/sustainment.test.ts (2 tests) 47ms
 ✓ |unit-node| apps/api/src/modules/kpi/totals.test.ts (20 tests) 16ms
 ✓ |unit-node| apps/api/src/modules/kpi/p3-gate-facts.test.ts (9 tests) 14ms
 ✓ |unit-node| apps/api/src/modules/portfolio/schedule.test.ts (14 tests) 23ms
 ✓ |unit-node| apps/api/src/modules/portfolio/sequencing.test.ts (9 tests) 8ms
 ✓ |unit-node| apps/api/src/modules/transformations/good-outcome.test.ts (7 tests) 17ms
 ✓ |unit-node| apps/api/src/modules/platform/db-errors-p4.test.ts (5 tests) 10ms
 ✓ |unit-node| apps/api/src/modules/platform/db-errors.test.ts (7 tests) 9ms
 ✓ |unit-node| apps/api/src/modules/workflows/g4.test.ts (5 tests) 7ms
 ✓ |unit-node| apps/api/src/modules/platform/request-encoding.test.ts (7 tests) 7ms
 ✓ |unit-node| apps/api/src/modules/access/rules.test.ts (12 tests) 11ms
 ✓ |unit-node| apps/api/src/modules/transformations/thesis.test.ts (4 tests) 18ms
 ✓ |unit-node| apps/api/src/modules/identity/oidc-claims.test.ts (5 tests) 13ms
 ✓ |unit-node| apps/api/src/modules/portfolio/capacity.test.ts (4 tests) 6ms
 ✓ |unit-node| apps/api/src/modules/transformations/exclusions.test.ts (19 tests) 5ms
 ✓ |unit-node| apps/api/src/modules/transformations/transitions.test.ts (2 tests) 8ms
 ✓ |unit-node| apps/api/src/modules/workflows/t08-cycle-problem.test.ts (2 tests) 3ms

 Test Files  89 passed (89)
      Tests  1716 passed (1716)
   Start at  03:58:17
   Duration  137.05s (transform 8.02s, setup 7.17s, collect 85.40s, tests 245.39s, environment 28.42s, prepare 10.91s)


 RUN  v3.2.4 /home/user/My-owns

 ✓ |unit-formula-nocodegen| packages/shared/src/formula/codegen.nocodegen.test.ts (10 tests) 10ms
 ✓ |unit-formula-nocodegen| packages/shared/src/formula/formula.test.ts (140 tests) 236ms
 ✓ |unit-formula-nocodegen| packages/shared/src/formula/fuzz.test.ts (111 tests | 2 skipped) 5553ms
   ✓ fuzz: no uncaught exception, no code execution > 10 000 random byte strings (0–255, up to 80 bytes)  1798ms
   ✓ fuzz: no uncaught exception, no code execution > 10 000 random UTF-16 strings including astral code points and lone surrogates  1265ms
   ✓ fuzz: no uncaught exception, no code execution > 20 000 random strings over the grammar alphabet reach parser, type checker and evaluator  2465ms

 Test Files  3 passed (3)
      Tests  259 passed | 2 skipped (261)
   Start at  04:00:35
   Duration  6.77s (transform 437ms, setup 0ms, collect 1.31s, tests 5.80s, environment 1ms, prepare 275ms)

exit=0
