
 RUN  v3.2.4 /home/user/mth-wt-be6

 ✓ |unit-node| apps/api/src/architecture.r4.tmp.test.ts > API module boundaries (ADR-0002) > has only mapped module directories, and every P1 module has a public index.ts 2ms
 ✓ |unit-node| apps/api/src/architecture.r4.tmp.test.ts > API module boundaries (ADR-0002) > the six §16 business modules all exist, each with its own test suite (A12; D-048) 4ms
 ✓ |unit-node| apps/api/src/architecture.r4.tmp.test.ts > API module boundaries (ADR-0002) > every import respects dependsOn, public surfaces and allowed packages 191ms
 ✓ |unit-node| apps/api/src/architecture.r4.tmp.test.ts > API module boundaries (ADR-0002) > the declared module graph is acyclic, and audit/access depend on no business module 2ms
 ✓ |unit-node| apps/api/src/architecture.r4.tmp.test.ts > package dependency direction (ADR-0002 rule 5) > apps/web never imports @mth/db or @mth/config (browser bundle, no secrets) 192ms
 ✓ |unit-node| apps/api/src/architecture.r4.tmp.test.ts > the checker itself catches planted violations (self-check, incl. F-DG1-109, F-DG1-117, F-DG1-124) > A static deep import is a violation 1ms
 ✓ |unit-node| apps/api/src/architecture.r4.tmp.test.ts > the checker itself catches planted violations (self-check, incl. F-DG1-109, F-DG1-117, F-DG1-124) > A2 type-only deep import is a violation 0ms
 ✓ |unit-node| apps/api/src/architecture.r4.tmp.test.ts > the checker itself catches planted violations (self-check, incl. F-DG1-109, F-DG1-117, F-DG1-124) > B dynamic import, literal is a violation 1ms
 ✓ |unit-node| apps/api/src/architecture.r4.tmp.test.ts > the checker itself catches planted violations (self-check, incl. F-DG1-109, F-DG1-117, F-DG1-124) > B2 dynamic import, template literal is a violation 0ms
 ✓ |unit-node| apps/api/src/architecture.r4.tmp.test.ts > the checker itself catches planted violations (self-check, incl. F-DG1-109, F-DG1-117, F-DG1-124) > C re-export is a violation 0ms
 ✓ |unit-node| apps/api/src/architecture.r4.tmp.test.ts > the checker itself catches planted violations (self-check, incl. F-DG1-109, F-DG1-117, F-DG1-124) > D createRequire is a violation 1ms
 ✓ |unit-node| apps/api/src/architecture.r4.tmp.test.ts > the checker itself catches planted violations (self-check, incl. F-DG1-109, F-DG1-117, F-DG1-124) > D2 node:module itself is a violation 0ms
 × |unit-node| apps/api/src/architecture.r4.tmp.test.ts > the checker itself catches planted violations (self-check, incl. F-DG1-109, F-DG1-117, F-DG1-124) > D3 createRequire via namespace is a violation 7ms
   → expected 'modules/transformations/planted.ts: c…' to match /module loader via \.createRequire\(\)…/
 ✓ |unit-node| apps/api/src/architecture.r4.tmp.test.ts > the checker itself catches planted violations (self-check, incl. F-DG1-109, F-DG1-117, F-DG1-124) > E computed import() is a violation 1ms
 ✓ |unit-node| apps/api/src/architecture.r4.tmp.test.ts > the checker itself catches planted violations (self-check, incl. F-DG1-109, F-DG1-117, F-DG1-124) > E2 computed import() via variable is a violation 1ms
 ✓ |unit-node| apps/api/src/architecture.r4.tmp.test.ts > the checker itself catches planted violations (self-check, incl. F-DG1-109, F-DG1-117, F-DG1-124) > F require literal is a violation 0ms
 ✓ |unit-node| apps/api/src/architecture.r4.tmp.test.ts > the checker itself catches planted violations (self-check, incl. F-DG1-109, F-DG1-117, F-DG1-124) > F2 require computed is a violation 0ms
 ✓ |unit-node| apps/api/src/architecture.r4.tmp.test.ts > the checker itself catches planted violations (self-check, incl. F-DG1-109, F-DG1-117, F-DG1-124) > G import-equals require is a violation 0ms
 ✓ |unit-node| apps/api/src/architecture.r4.tmp.test.ts > the checker itself catches planted violations (self-check, incl. F-DG1-109, F-DG1-117, F-DG1-124) > H import type() is a violation 0ms
 ✓ |unit-node| apps/api/src/architecture.r4.tmp.test.ts > the checker itself catches planted violations (self-check, incl. F-DG1-109, F-DG1-117, F-DG1-124) > I composition root is a violation 0ms
 ✓ |unit-node| apps/api/src/architecture.r4.tmp.test.ts > the checker itself catches planted violations (self-check, incl. F-DG1-109, F-DG1-117, F-DG1-124) > J undeclared module (via its index) is a violation 0ms
 ✓ |unit-node| apps/api/src/architecture.r4.tmp.test.ts > the checker itself catches planted violations (self-check, incl. F-DG1-109, F-DG1-117, F-DG1-124) > K unknown package is a violation 0ms
 × |unit-node| apps/api/src/architecture.r4.tmp.test.ts > the checker itself catches planted violations (self-check, incl. F-DG1-109, F-DG1-117, F-DG1-124) > L getBuiltinModule + computed member is a violation 1ms
   → expected 'modules/transformations/planted.ts: g…' to match /module loader via \.getBuiltinModule\…/
 ✓ |unit-node| apps/api/src/architecture.r4.tmp.test.ts > the checker itself catches planted violations (self-check, incl. F-DG1-109, F-DG1-117, F-DG1-124) > L2 computed member of process is a violation 1ms
 × |unit-node| apps/api/src/architecture.r4.tmp.test.ts > the checker itself catches planted violations (self-check, incl. F-DG1-109, F-DG1-117, F-DG1-124) > L3 loader name as a string key is a violation 1ms
   → expected 'modules/transformations/planted.ts: g…' to match /module loader via \["getBuiltinModule…/
 ✓ |unit-node| apps/api/src/architecture.r4.tmp.test.ts > the checker itself catches planted violations (self-check, incl. F-DG1-109, F-DG1-117, F-DG1-124) > L4 process aliased is a violation 0ms
 ✓ |unit-node| apps/api/src/architecture.r4.tmp.test.ts > the checker itself catches planted violations (self-check, incl. F-DG1-109, F-DG1-117, F-DG1-124) > L5 process destructured is a violation 0ms
 ✓ |unit-node| apps/api/src/architecture.r4.tmp.test.ts > the checker itself catches planted violations (self-check, incl. F-DG1-109, F-DG1-117, F-DG1-124) > L6 computed member of globalThis is a violation 0ms
 ✓ |unit-node| apps/api/src/architecture.r4.tmp.test.ts > the checker itself catches planted violations (self-check, incl. F-DG1-109, F-DG1-117, F-DG1-124) > L7 globalThis.process is a violation 0ms
 ✓ |unit-node| apps/api/src/architecture.r4.tmp.test.ts > the checker itself catches planted violations (self-check, incl. F-DG1-109, F-DG1-117, F-DG1-124) > M new Function dynamic import is a violation 0ms
 ✓ |unit-node| apps/api/src/architecture.r4.tmp.test.ts > the checker itself catches planted violations (self-check, incl. F-DG1-109, F-DG1-117, F-DG1-124) > M2 Function() call is a violation 0ms
 ✓ |unit-node| apps/api/src/architecture.r4.tmp.test.ts > the checker itself catches planted violations (self-check, incl. F-DG1-109, F-DG1-117, F-DG1-124) > M3 Function aliased is a violation 0ms
 × |unit-node| apps/api/src/architecture.r4.tmp.test.ts > the checker itself catches planted violations (self-check, incl. F-DG1-109, F-DG1-117, F-DG1-124) > M4 globalThis.Function is a violation 1ms
   → expected 'modules/transformations/planted.ts: g…' to match /code evaluation via \.Function/
 ✓ |unit-node| apps/api/src/architecture.r4.tmp.test.ts > the checker itself catches planted violations (self-check, incl. F-DG1-109, F-DG1-117, F-DG1-124) > M5 eval is a violation 0ms
 ✓ |unit-node| apps/api/src/architecture.r4.tmp.test.ts > the checker itself catches planted violations (self-check, incl. F-DG1-109, F-DG1-117, F-DG1-124) > M6 AsyncFunction via .constructor is a violation 0ms
 ✓ |unit-node| apps/api/src/architecture.r4.tmp.test.ts > the checker itself catches planted violations (self-check, incl. F-DG1-109, F-DG1-117, F-DG1-124) > M7 ['constructor'] member is a violation 0ms
 ✓ |unit-node| apps/api/src/architecture.r4.tmp.test.ts > the checker itself catches planted violations (self-check, incl. F-DG1-109, F-DG1-117, F-DG1-124) > N1 AsyncFunction via aliased .constructor is a violation 0ms
 ✓ |unit-node| apps/api/src/architecture.r4.tmp.test.ts > the checker itself catches planted violations (self-check, incl. F-DG1-109, F-DG1-117, F-DG1-124) > N2 constructor destructured is a violation 0ms
 ✓ |unit-node| apps/api/src/architecture.r4.tmp.test.ts > the checker itself catches planted violations (self-check, incl. F-DG1-109, F-DG1-117, F-DG1-124) > N3 Reflect.construct of .constructor is a violation 0ms
 ✓ |unit-node| apps/api/src/architecture.r4.tmp.test.ts > the checker itself catches planted violations (self-check, incl. F-DG1-109, F-DG1-117, F-DG1-124) > N4 getPrototypeOf(...).constructor aliased is a violation 1ms
 ✓ |unit-node| apps/api/src/architecture.r4.tmp.test.ts > the checker itself catches planted violations (self-check, incl. F-DG1-109, F-DG1-117, F-DG1-124) > N5 generator constructor, shorthand destructuring is a violation 3ms
 × |unit-node| apps/api/src/architecture.r4.tmp.test.ts > the checker itself catches planted violations (self-check, incl. F-DG1-109, F-DG1-117, F-DG1-124) > N6 destructuring assignment with a string key is a violation 1ms
   → expected 'modules/transformations/planted.ts: c…' to match /code evaluation via constructor as an…/
 ✓ |unit-node| apps/api/src/architecture.r4.tmp.test.ts > the checker itself catches planted violations (self-check, incl. F-DG1-109, F-DG1-117, F-DG1-124) > N7 computed constructor key in a binding pattern is a violation 1ms
 ✓ |unit-node| apps/api/src/architecture.r4.tmp.test.ts > the checker itself catches planted violations (self-check, incl. F-DG1-109, F-DG1-117, F-DG1-124) > N8 constructor key as a string value is a violation 0ms
 ✓ |unit-node| apps/api/src/architecture.r4.tmp.test.ts > the checker itself catches planted violations (self-check, incl. F-DG1-109, F-DG1-117, F-DG1-124) > M8 node:vm is a violation 0ms
 ✓ |unit-node| apps/api/src/architecture.r4.tmp.test.ts > the checker itself catches planted violations (self-check, incl. F-DG1-109, F-DG1-117, F-DG1-124) > M9 worker_threads is a violation 0ms
 × |unit-node| apps/api/src/architecture.r4.tmp.test.ts > the checker itself catches planted violations (self-check, incl. F-DG1-109, F-DG1-117, F-DG1-124) > P1 constructed key f["constr" + "uctor"] is a violation (round-4 lint: 'missed') 1ms
   → P1 constructed key f["constr" + "uctor"]: []: expected 0 to be greater than 0
 × |unit-node| apps/api/src/architecture.r4.tmp.test.ts > the checker itself catches planted violations (self-check, incl. F-DG1-109, F-DG1-117, F-DG1-124) > P2 Reflect.get(fn, "constructor") is a violation (round-4 lint: 'caught') 1ms
   → expected 'modules/transformations/planted.ts: c…' to match /reflection via Reflect /
 × |unit-node| apps/api/src/architecture.r4.tmp.test.ts > the checker itself catches planted violations (self-check, incl. F-DG1-109, F-DG1-117, F-DG1-124) > P3 Reflect.get with a constructed key is a violation (round-4 lint: 'missed') 1ms
   → P3 Reflect.get with a constructed key: []: expected 0 to be greater than 0
 × |unit-node| apps/api/src/architecture.r4.tmp.test.ts > the checker itself catches planted violations (self-check, incl. F-DG1-109, F-DG1-117, F-DG1-124) > P4 constructed key held in a variable is a violation (round-4 lint: 'missed') 1ms
   → P4 constructed key held in a variable: []: expected 0 to be greater than 0
 × |unit-node| apps/api/src/architecture.r4.tmp.test.ts > the checker itself catches planted violations (self-check, incl. F-DG1-109, F-DG1-117, F-DG1-124) > P5 template-literal key is a violation (round-4 lint: 'missed') 1ms
   → P5 template-literal key: []: expected 0 to be greater than 0
 × |unit-node| apps/api/src/architecture.r4.tmp.test.ts > the checker itself catches planted violations (self-check, incl. F-DG1-109, F-DG1-117, F-DG1-124) > P6 optional-chain constructed key is a violation (round-4 lint: 'missed') 1ms
   → P6 optional-chain constructed key: []: expected 0 to be greater than 0
 × |unit-node| apps/api/src/architecture.r4.tmp.test.ts > the checker itself catches planted violations (self-check, incl. F-DG1-109, F-DG1-117, F-DG1-124) > P7 constructed key in a destructuring pattern is a violation (round-4 lint: 'missed') 1ms
   → P7 constructed key in a destructuring pattern: []: expected 0 to be greater than 0
 × |unit-node| apps/api/src/architecture.r4.tmp.test.ts > the checker itself catches planted violations (self-check, incl. F-DG1-109, F-DG1-117, F-DG1-124) > P8 descriptors: the constructor without its name is a violation (round-4 lint: 'missed') 1ms
   → P8 descriptors: the constructor without its name: []: expected 0 to be greater than 0
 × |unit-node| apps/api/src/architecture.r4.tmp.test.ts > the checker itself catches planted violations (self-check, incl. F-DG1-109, F-DG1-117, F-DG1-124) > P9 own property names, then a variable key is a violation (round-4 lint: 'missed') 0ms
   → P9 own property names, then a variable key: []: expected 0 to be greater than 0
 × |unit-node| apps/api/src/architecture.r4.tmp.test.ts > the checker itself catches planted violations (self-check, incl. F-DG1-109, F-DG1-117, F-DG1-124) > P10 __proto__ is a violation (round-4 lint: 'missed') 1ms
   → P10 __proto__: []: expected 0 to be greater than 0
 × |unit-node| apps/api/src/architecture.r4.tmp.test.ts > the checker itself catches planted violations (self-check, incl. F-DG1-109, F-DG1-117, F-DG1-124) > P11 loader name as a string handed to a helper is a violation (round-4 lint: 'missed') 1ms
   → P11 loader name as a string handed to a helper: []: expected 0 to be greater than 0
 × |unit-node| apps/api/src/architecture.r4.tmp.test.ts > the checker itself catches planted violations (self-check, incl. F-DG1-109, F-DG1-117, F-DG1-124) > P12 process.binding is a violation (round-4 lint: 'missed') 0ms
   → P12 process.binding: []: expected 0 to be greater than 0
 × |unit-node| apps/api/src/architecture.r4.tmp.test.ts > the checker itself catches planted violations (self-check, incl. F-DG1-109, F-DG1-117, F-DG1-124) > P13 node:inspector (in-process evaluation) is a violation (round-4 lint: 'missed') 0ms
   → P13 node:inspector (in-process evaluation): []: expected 0 to be greater than 0
 × |unit-node| apps/api/src/architecture.r4.tmp.test.ts > the checker itself catches planted violations (self-check, incl. F-DG1-109, F-DG1-117, F-DG1-124) > P14 node:child_process is a violation (round-4 lint: 'missed') 0ms
   → P14 node:child_process: []: expected 0 to be greater than 0
 × |unit-node| apps/api/src/architecture.r4.tmp.test.ts > the checker itself catches planted violations (self-check, incl. F-DG1-109, F-DG1-117, F-DG1-124) > P15 look-alike member o.eval (was an allowed form) is a violation (round-4 lint: 'missed') 1ms
   → P15 look-alike member o.eval (was an allowed form): []: expected 0 to be greater than 0
 × |unit-node| apps/api/src/architecture.r4.tmp.test.ts > the checker itself catches planted violations (self-check, incl. F-DG1-109, F-DG1-117, F-DG1-124) > P16 constructor as an object key, fed to a keyed reader (was an allowed form) is a violation (round-4 lint: 'missed') 1ms
   → P16 constructor as an object key, fed to a keyed reader (was an allowed form): []: expected 0 to be greater than 0
 × |unit-node| apps/api/src/architecture.r4.tmp.test.ts > the checker itself catches planted violations (self-check, incl. F-DG1-109, F-DG1-117, F-DG1-124) > P20 a syntax error fails closed (parser recovery hid P4's key) is a violation (round-4 lint: 'missed') 1ms
   → P20 a syntax error fails closed (parser recovery hid P4's key): []: expected 0 to be greater than 0
 × |unit-node| apps/api/src/architecture.r4.tmp.test.ts > the checker itself catches planted violations (self-check, incl. F-DG1-109, F-DG1-117, F-DG1-124) > P17 module.constructor is a violation (round-4 lint: 'caught') 1ms
   → expected 'modules/transformations/planted.ts: c…' to match /module used as a value[\s\S]*\.constr…/
 ✓ |unit-node| apps/api/src/architecture.r4.tmp.test.ts > the checker itself catches planted violations (self-check, incl. F-DG1-109, F-DG1-117, F-DG1-124) > P18 aliased AsyncFunction constructor (F-DG1-121 N1) is a violation (round-4 lint: 'caught') 0ms
 ✓ |unit-node| apps/api/src/architecture.r4.tmp.test.ts > the checker itself catches planted violations (self-check, incl. F-DG1-109, F-DG1-117, F-DG1-124) > P19 new Function (F-DG1-117 M) is a violation (round-4 lint: 'caught') 0ms
 ✓ |unit-node| apps/api/src/architecture.r4.tmp.test.ts > the checker itself catches planted violations (self-check, incl. F-DG1-109, F-DG1-117, F-DG1-124) > allowed forms stay clean (public index of a declared dependency, shared packages, own files) 1ms
 ✓ |unit-node| apps/api/src/architecture.r4.tmp.test.ts > the checker itself catches planted violations (self-check, incl. F-DG1-109, F-DG1-117, F-DG1-124) > a module's own test may read the module map and the lint, but its runtime files may not 1ms
 ✓ |unit-node| apps/api/src/architecture.r4.tmp.test.ts > the checker itself catches planted violations (self-check, incl. F-DG1-109, F-DG1-117, F-DG1-124) > a scaffold may not reach a business module it does not declare (reporting -> workflows) 0ms
 ✓ |unit-node| apps/api/src/architecture.r4.tmp.test.ts > the checker itself catches planted violations (self-check, incl. F-DG1-109, F-DG1-117, F-DG1-124) > scanSource reports what it saw (paths resolve relative to the planted file) 0ms
 ✓ |unit-node| apps/api/src/architecture.r4.tmp.test.ts > package dependency direction (ADR-0002 rule 5) > packages/db imports only @mth/config and @mth/shared 34ms
 ✓ |unit-node| apps/api/src/architecture.r4.tmp.test.ts > package dependency direction (ADR-0002 rule 5) > packages/config imports only @mth/shared 13ms
 ✓ |unit-node| apps/api/src/architecture.r4.tmp.test.ts > package dependency direction (ADR-0002 rule 5) > packages/shared imports no workspace package 17ms
 ✓ |unit-node| apps/api/src/architecture.r4.tmp.test.ts > package dependency direction (ADR-0002 rule 5) > apps/worker imports no API code 8ms

⎯⎯⎯⎯⎯⎯ Failed Tests 23 ⎯⎯⎯⎯⎯⎯⎯

 FAIL  |unit-node| apps/api/src/architecture.r4.tmp.test.ts > the checker itself catches planted violations (self-check, incl. F-DG1-109, F-DG1-117, F-DG1-124) > D3 createRequire via namespace is a violation
AssertionError: expected 'modules/transformations/planted.ts: c…' to match /module loader via \.createRequire\(\)…/

- Expected: 
/module loader via \.createRequire\(\) .* bypasses/

+ Received: 
"modules/transformations/planted.ts: createRequire (line 2) bypasses the module-interface check
modules/transformations/planted.ts: imports package module"

 ❯ apps/api/src/architecture.r4.tmp.test.ts:212:26
    210|     const v = planted("transformations", source);
    211|     expect(v.length, `${_case}: ${JSON.stringify(v)}`).toBeGreaterThan…
    212|     expect(v.join("\n")).toMatch(message);
       |                          ^
    213|   });
    214| 

⎯⎯⎯⎯⎯⎯⎯⎯⎯⎯⎯⎯⎯⎯⎯⎯⎯⎯⎯⎯⎯⎯⎯[1/23]⎯

 FAIL  |unit-node| apps/api/src/architecture.r4.tmp.test.ts > the checker itself catches planted violations (self-check, incl. F-DG1-109, F-DG1-117, F-DG1-124) > L getBuiltinModule + computed member is a violation
AssertionError: expected 'modules/transformations/planted.ts: g…' to match /module loader via \.getBuiltinModule\…/

- Expected: 
/module loader via \.getBuiltinModule\(\) .* bypasses the module-interface check/

+ Received: 
"modules/transformations/planted.ts: getBuiltinModule (line 1) bypasses the module-interface check"

 ❯ apps/api/src/architecture.r4.tmp.test.ts:212:26
    210|     const v = planted("transformations", source);
    211|     expect(v.length, `${_case}: ${JSON.stringify(v)}`).toBeGreaterThan…
    212|     expect(v.join("\n")).toMatch(message);
       |                          ^
    213|   });
    214| 

⎯⎯⎯⎯⎯⎯⎯⎯⎯⎯⎯⎯⎯⎯⎯⎯⎯⎯⎯⎯⎯⎯⎯[2/23]⎯

 FAIL  |unit-node| apps/api/src/architecture.r4.tmp.test.ts > the checker itself catches planted violations (self-check, incl. F-DG1-109, F-DG1-117, F-DG1-124) > L3 loader name as a string key is a violation
AssertionError: expected 'modules/transformations/planted.ts: g…' to match /module loader via \["getBuiltinModule…/

- Expected: 
/module loader via \["getBuiltinModule"\] .* bypasses/

+ Received: 
"modules/transformations/planted.ts: getBuiltinModule (line 1) bypasses the module-interface check"

 ❯ apps/api/src/architecture.r4.tmp.test.ts:212:26
    210|     const v = planted("transformations", source);
    211|     expect(v.length, `${_case}: ${JSON.stringify(v)}`).toBeGreaterThan…
    212|     expect(v.join("\n")).toMatch(message);
       |                          ^
    213|   });
    214| 

⎯⎯⎯⎯⎯⎯⎯⎯⎯⎯⎯⎯⎯⎯⎯⎯⎯⎯⎯⎯⎯⎯⎯[3/23]⎯

 FAIL  |unit-node| apps/api/src/architecture.r4.tmp.test.ts > the checker itself catches planted violations (self-check, incl. F-DG1-109, F-DG1-117, F-DG1-124) > M4 globalThis.Function is a violation
AssertionError: expected 'modules/transformations/planted.ts: g…' to match /code evaluation via \.Function/

- Expected: 
/code evaluation via \.Function/

+ Received: 
"modules/transformations/planted.ts: globalThis.Function (line 1) bypasses the module-interface check"

 ❯ apps/api/src/architecture.r4.tmp.test.ts:212:26
    210|     const v = planted("transformations", source);
    211|     expect(v.length, `${_case}: ${JSON.stringify(v)}`).toBeGreaterThan…
    212|     expect(v.join("\n")).toMatch(message);
       |                          ^
    213|   });
    214| 

⎯⎯⎯⎯⎯⎯⎯⎯⎯⎯⎯⎯⎯⎯⎯⎯⎯⎯⎯⎯⎯⎯⎯[4/23]⎯

 FAIL  |unit-node| apps/api/src/architecture.r4.tmp.test.ts > the checker itself catches planted violations (self-check, incl. F-DG1-109, F-DG1-117, F-DG1-124) > N6 destructuring assignment with a string key is a violation
AssertionError: expected 'modules/transformations/planted.ts: c…' to match /code evaluation via constructor as an…/

- Expected: 
/code evaluation via constructor as an object key/

+ Received: 
"modules/transformations/planted.ts: code evaluation via a destructured constructor (line 2) bypasses the module-interface check"

 ❯ apps/api/src/architecture.r4.tmp.test.ts:212:26
    210|     const v = planted("transformations", source);
    211|     expect(v.length, `${_case}: ${JSON.stringify(v)}`).toBeGreaterThan…
    212|     expect(v.join("\n")).toMatch(message);
       |                          ^
    213|   });
    214| 

⎯⎯⎯⎯⎯⎯⎯⎯⎯⎯⎯⎯⎯⎯⎯⎯⎯⎯⎯⎯⎯⎯⎯[5/23]⎯

 FAIL  |unit-node| apps/api/src/architecture.r4.tmp.test.ts > the checker itself catches planted violations (self-check, incl. F-DG1-109, F-DG1-117, F-DG1-124) > P1 constructed key f["constr" + "uctor"] is a violation (round-4 lint: 'missed')
AssertionError: P1 constructed key f["constr" + "uctor"]: []: expected 0 to be greater than 0
 ❯ apps/api/src/architecture.r4.tmp.test.ts:332:56
    330|   ])("%s is a violation (round-4 lint: $3)", (_case, source, message, …
    331|     const v = planted("transformations", source);
    332|     expect(v.length, `${_case}: ${JSON.stringify(v)}`).toBeGreaterThan…
       |                                                        ^
    333|     expect(v.join("\n")).toMatch(message);
    334|   });

⎯⎯⎯⎯⎯⎯⎯⎯⎯⎯⎯⎯⎯⎯⎯⎯⎯⎯⎯⎯⎯⎯⎯[6/23]⎯

 FAIL  |unit-node| apps/api/src/architecture.r4.tmp.test.ts > the checker itself catches planted violations (self-check, incl. F-DG1-109, F-DG1-117, F-DG1-124) > P2 Reflect.get(fn, "constructor") is a violation (round-4 lint: 'caught')
AssertionError: expected 'modules/transformations/planted.ts: c…' to match /reflection via Reflect /

- Expected: 
/reflection via Reflect /

+ Received: 
"modules/transformations/planted.ts: code evaluation via the \"constructor\" key as a value (line 1) bypasses the module-interface check"

 ❯ apps/api/src/architecture.r4.tmp.test.ts:333:26
    331|     const v = planted("transformations", source);
    332|     expect(v.length, `${_case}: ${JSON.stringify(v)}`).toBeGreaterThan…
    333|     expect(v.join("\n")).toMatch(message);
       |                          ^
    334|   });
    335| 

⎯⎯⎯⎯⎯⎯⎯⎯⎯⎯⎯⎯⎯⎯⎯⎯⎯⎯⎯⎯⎯⎯⎯[7/23]⎯

 FAIL  |unit-node| apps/api/src/architecture.r4.tmp.test.ts > the checker itself catches planted violations (self-check, incl. F-DG1-109, F-DG1-117, F-DG1-124) > P3 Reflect.get with a constructed key is a violation (round-4 lint: 'missed')
AssertionError: P3 Reflect.get with a constructed key: []: expected 0 to be greater than 0
 ❯ apps/api/src/architecture.r4.tmp.test.ts:332:56
    330|   ])("%s is a violation (round-4 lint: $3)", (_case, source, message, …
    331|     const v = planted("transformations", source);
    332|     expect(v.length, `${_case}: ${JSON.stringify(v)}`).toBeGreaterThan…
       |                                                        ^
    333|     expect(v.join("\n")).toMatch(message);
    334|   });

⎯⎯⎯⎯⎯⎯⎯⎯⎯⎯⎯⎯⎯⎯⎯⎯⎯⎯⎯⎯⎯⎯⎯[8/23]⎯

 FAIL  |unit-node| apps/api/src/architecture.r4.tmp.test.ts > the checker itself catches planted violations (self-check, incl. F-DG1-109, F-DG1-117, F-DG1-124) > P4 constructed key held in a variable is a violation (round-4 lint: 'missed')
AssertionError: P4 constructed key held in a variable: []: expected 0 to be greater than 0
 ❯ apps/api/src/architecture.r4.tmp.test.ts:332:56
    330|   ])("%s is a violation (round-4 lint: $3)", (_case, source, message, …
    331|     const v = planted("transformations", source);
    332|     expect(v.length, `${_case}: ${JSON.stringify(v)}`).toBeGreaterThan…
       |                                                        ^
    333|     expect(v.join("\n")).toMatch(message);
    334|   });

⎯⎯⎯⎯⎯⎯⎯⎯⎯⎯⎯⎯⎯⎯⎯⎯⎯⎯⎯⎯⎯⎯⎯[9/23]⎯

 FAIL  |unit-node| apps/api/src/architecture.r4.tmp.test.ts > the checker itself catches planted violations (self-check, incl. F-DG1-109, F-DG1-117, F-DG1-124) > P5 template-literal key is a violation (round-4 lint: 'missed')
AssertionError: P5 template-literal key: []: expected 0 to be greater than 0
 ❯ apps/api/src/architecture.r4.tmp.test.ts:332:56
    330|   ])("%s is a violation (round-4 lint: $3)", (_case, source, message, …
    331|     const v = planted("transformations", source);
    332|     expect(v.length, `${_case}: ${JSON.stringify(v)}`).toBeGreaterThan…
       |                                                        ^
    333|     expect(v.join("\n")).toMatch(message);
    334|   });

⎯⎯⎯⎯⎯⎯⎯⎯⎯⎯⎯⎯⎯⎯⎯⎯⎯⎯⎯⎯⎯⎯[10/23]⎯

 FAIL  |unit-node| apps/api/src/architecture.r4.tmp.test.ts > the checker itself catches planted violations (self-check, incl. F-DG1-109, F-DG1-117, F-DG1-124) > P6 optional-chain constructed key is a violation (round-4 lint: 'missed')
AssertionError: P6 optional-chain constructed key: []: expected 0 to be greater than 0
 ❯ apps/api/src/architecture.r4.tmp.test.ts:332:56
    330|   ])("%s is a violation (round-4 lint: $3)", (_case, source, message, …
    331|     const v = planted("transformations", source);
    332|     expect(v.length, `${_case}: ${JSON.stringify(v)}`).toBeGreaterThan…
       |                                                        ^
    333|     expect(v.join("\n")).toMatch(message);
    334|   });

⎯⎯⎯⎯⎯⎯⎯⎯⎯⎯⎯⎯⎯⎯⎯⎯⎯⎯⎯⎯⎯⎯[11/23]⎯

 FAIL  |unit-node| apps/api/src/architecture.r4.tmp.test.ts > the checker itself catches planted violations (self-check, incl. F-DG1-109, F-DG1-117, F-DG1-124) > P7 constructed key in a destructuring pattern is a violation (round-4 lint: 'missed')
AssertionError: P7 constructed key in a destructuring pattern: []: expected 0 to be greater than 0
 ❯ apps/api/src/architecture.r4.tmp.test.ts:332:56
    330|   ])("%s is a violation (round-4 lint: $3)", (_case, source, message, …
    331|     const v = planted("transformations", source);
    332|     expect(v.length, `${_case}: ${JSON.stringify(v)}`).toBeGreaterThan…
       |                                                        ^
    333|     expect(v.join("\n")).toMatch(message);
    334|   });

⎯⎯⎯⎯⎯⎯⎯⎯⎯⎯⎯⎯⎯⎯⎯⎯⎯⎯⎯⎯⎯⎯[12/23]⎯

 FAIL  |unit-node| apps/api/src/architecture.r4.tmp.test.ts > the checker itself catches planted violations (self-check, incl. F-DG1-109, F-DG1-117, F-DG1-124) > P8 descriptors: the constructor without its name is a violation (round-4 lint: 'missed')
AssertionError: P8 descriptors: the constructor without its name: []: expected 0 to be greater than 0
 ❯ apps/api/src/architecture.r4.tmp.test.ts:332:56
    330|   ])("%s is a violation (round-4 lint: $3)", (_case, source, message, …
    331|     const v = planted("transformations", source);
    332|     expect(v.length, `${_case}: ${JSON.stringify(v)}`).toBeGreaterThan…
       |                                                        ^
    333|     expect(v.join("\n")).toMatch(message);
    334|   });

⎯⎯⎯⎯⎯⎯⎯⎯⎯⎯⎯⎯⎯⎯⎯⎯⎯⎯⎯⎯⎯⎯[13/23]⎯

 FAIL  |unit-node| apps/api/src/architecture.r4.tmp.test.ts > the checker itself catches planted violations (self-check, incl. F-DG1-109, F-DG1-117, F-DG1-124) > P9 own property names, then a variable key is a violation (round-4 lint: 'missed')
AssertionError: P9 own property names, then a variable key: []: expected 0 to be greater than 0
 ❯ apps/api/src/architecture.r4.tmp.test.ts:332:56
    330|   ])("%s is a violation (round-4 lint: $3)", (_case, source, message, …
    331|     const v = planted("transformations", source);
    332|     expect(v.length, `${_case}: ${JSON.stringify(v)}`).toBeGreaterThan…
       |                                                        ^
    333|     expect(v.join("\n")).toMatch(message);
    334|   });

⎯⎯⎯⎯⎯⎯⎯⎯⎯⎯⎯⎯⎯⎯⎯⎯⎯⎯⎯⎯⎯⎯[14/23]⎯

 FAIL  |unit-node| apps/api/src/architecture.r4.tmp.test.ts > the checker itself catches planted violations (self-check, incl. F-DG1-109, F-DG1-117, F-DG1-124) > P10 __proto__ is a violation (round-4 lint: 'missed')
AssertionError: P10 __proto__: []: expected 0 to be greater than 0
 ❯ apps/api/src/architecture.r4.tmp.test.ts:332:56
    330|   ])("%s is a violation (round-4 lint: $3)", (_case, source, message, …
    331|     const v = planted("transformations", source);
    332|     expect(v.length, `${_case}: ${JSON.stringify(v)}`).toBeGreaterThan…
       |                                                        ^
    333|     expect(v.join("\n")).toMatch(message);
    334|   });

⎯⎯⎯⎯⎯⎯⎯⎯⎯⎯⎯⎯⎯⎯⎯⎯⎯⎯⎯⎯⎯⎯[15/23]⎯

 FAIL  |unit-node| apps/api/src/architecture.r4.tmp.test.ts > the checker itself catches planted violations (self-check, incl. F-DG1-109, F-DG1-117, F-DG1-124) > P11 loader name as a string handed to a helper is a violation (round-4 lint: 'missed')
AssertionError: P11 loader name as a string handed to a helper: []: expected 0 to be greater than 0
 ❯ apps/api/src/architecture.r4.tmp.test.ts:332:56
    330|   ])("%s is a violation (round-4 lint: $3)", (_case, source, message, …
    331|     const v = planted("transformations", source);
    332|     expect(v.length, `${_case}: ${JSON.stringify(v)}`).toBeGreaterThan…
       |                                                        ^
    333|     expect(v.join("\n")).toMatch(message);
    334|   });

⎯⎯⎯⎯⎯⎯⎯⎯⎯⎯⎯⎯⎯⎯⎯⎯⎯⎯⎯⎯⎯⎯[16/23]⎯

 FAIL  |unit-node| apps/api/src/architecture.r4.tmp.test.ts > the checker itself catches planted violations (self-check, incl. F-DG1-109, F-DG1-117, F-DG1-124) > P12 process.binding is a violation (round-4 lint: 'missed')
AssertionError: P12 process.binding: []: expected 0 to be greater than 0
 ❯ apps/api/src/architecture.r4.tmp.test.ts:332:56
    330|   ])("%s is a violation (round-4 lint: $3)", (_case, source, message, …
    331|     const v = planted("transformations", source);
    332|     expect(v.length, `${_case}: ${JSON.stringify(v)}`).toBeGreaterThan…
       |                                                        ^
    333|     expect(v.join("\n")).toMatch(message);
    334|   });

⎯⎯⎯⎯⎯⎯⎯⎯⎯⎯⎯⎯⎯⎯⎯⎯⎯⎯⎯⎯⎯⎯[17/23]⎯

 FAIL  |unit-node| apps/api/src/architecture.r4.tmp.test.ts > the checker itself catches planted violations (self-check, incl. F-DG1-109, F-DG1-117, F-DG1-124) > P13 node:inspector (in-process evaluation) is a violation (round-4 lint: 'missed')
AssertionError: P13 node:inspector (in-process evaluation): []: expected 0 to be greater than 0
 ❯ apps/api/src/architecture.r4.tmp.test.ts:332:56
    330|   ])("%s is a violation (round-4 lint: $3)", (_case, source, message, …
    331|     const v = planted("transformations", source);
    332|     expect(v.length, `${_case}: ${JSON.stringify(v)}`).toBeGreaterThan…
       |                                                        ^
    333|     expect(v.join("\n")).toMatch(message);
    334|   });

⎯⎯⎯⎯⎯⎯⎯⎯⎯⎯⎯⎯⎯⎯⎯⎯⎯⎯⎯⎯⎯⎯[18/23]⎯

 FAIL  |unit-node| apps/api/src/architecture.r4.tmp.test.ts > the checker itself catches planted violations (self-check, incl. F-DG1-109, F-DG1-117, F-DG1-124) > P14 node:child_process is a violation (round-4 lint: 'missed')
AssertionError: P14 node:child_process: []: expected 0 to be greater than 0
 ❯ apps/api/src/architecture.r4.tmp.test.ts:332:56
    330|   ])("%s is a violation (round-4 lint: $3)", (_case, source, message, …
    331|     const v = planted("transformations", source);
    332|     expect(v.length, `${_case}: ${JSON.stringify(v)}`).toBeGreaterThan…
       |                                                        ^
    333|     expect(v.join("\n")).toMatch(message);
    334|   });

⎯⎯⎯⎯⎯⎯⎯⎯⎯⎯⎯⎯⎯⎯⎯⎯⎯⎯⎯⎯⎯⎯[19/23]⎯

 FAIL  |unit-node| apps/api/src/architecture.r4.tmp.test.ts > the checker itself catches planted violations (self-check, incl. F-DG1-109, F-DG1-117, F-DG1-124) > P15 look-alike member o.eval (was an allowed form) is a violation (round-4 lint: 'missed')
AssertionError: P15 look-alike member o.eval (was an allowed form): []: expected 0 to be greater than 0
 ❯ apps/api/src/architecture.r4.tmp.test.ts:332:56
    330|   ])("%s is a violation (round-4 lint: $3)", (_case, source, message, …
    331|     const v = planted("transformations", source);
    332|     expect(v.length, `${_case}: ${JSON.stringify(v)}`).toBeGreaterThan…
       |                                                        ^
    333|     expect(v.join("\n")).toMatch(message);
    334|   });

⎯⎯⎯⎯⎯⎯⎯⎯⎯⎯⎯⎯⎯⎯⎯⎯⎯⎯⎯⎯⎯⎯[20/23]⎯

 FAIL  |unit-node| apps/api/src/architecture.r4.tmp.test.ts > the checker itself catches planted violations (self-check, incl. F-DG1-109, F-DG1-117, F-DG1-124) > P16 constructor as an object key, fed to a keyed reader (was an allowed form) is a violation (round-4 lint: 'missed')
AssertionError: P16 constructor as an object key, fed to a keyed reader (was an allowed form): []: expected 0 to be greater than 0
 ❯ apps/api/src/architecture.r4.tmp.test.ts:332:56
    330|   ])("%s is a violation (round-4 lint: $3)", (_case, source, message, …
    331|     const v = planted("transformations", source);
    332|     expect(v.length, `${_case}: ${JSON.stringify(v)}`).toBeGreaterThan…
       |                                                        ^
    333|     expect(v.join("\n")).toMatch(message);
    334|   });

⎯⎯⎯⎯⎯⎯⎯⎯⎯⎯⎯⎯⎯⎯⎯⎯⎯⎯⎯⎯⎯⎯[21/23]⎯

 FAIL  |unit-node| apps/api/src/architecture.r4.tmp.test.ts > the checker itself catches planted violations (self-check, incl. F-DG1-109, F-DG1-117, F-DG1-124) > P20 a syntax error fails closed (parser recovery hid P4's key) is a violation (round-4 lint: 'missed')
AssertionError: P20 a syntax error fails closed (parser recovery hid P4's key): []: expected 0 to be greater than 0
 ❯ apps/api/src/architecture.r4.tmp.test.ts:332:56
    330|   ])("%s is a violation (round-4 lint: $3)", (_case, source, message, …
    331|     const v = planted("transformations", source);
    332|     expect(v.length, `${_case}: ${JSON.stringify(v)}`).toBeGreaterThan…
       |                                                        ^
    333|     expect(v.join("\n")).toMatch(message);
    334|   });

⎯⎯⎯⎯⎯⎯⎯⎯⎯⎯⎯⎯⎯⎯⎯⎯⎯⎯⎯⎯⎯⎯[22/23]⎯

 FAIL  |unit-node| apps/api/src/architecture.r4.tmp.test.ts > the checker itself catches planted violations (self-check, incl. F-DG1-109, F-DG1-117, F-DG1-124) > P17 module.constructor is a violation (round-4 lint: 'caught')
AssertionError: expected 'modules/transformations/planted.ts: c…' to match /module used as a value[\s\S]*\.constr…/

- Expected: 
/module used as a value[\s\S]*\.constructor/

+ Received: 
"modules/transformations/planted.ts: code evaluation via .constructor (aliased) (line 1) bypasses the module-interface check"

 ❯ apps/api/src/architecture.r4.tmp.test.ts:333:26
    331|     const v = planted("transformations", source);
    332|     expect(v.length, `${_case}: ${JSON.stringify(v)}`).toBeGreaterThan…
    333|     expect(v.join("\n")).toMatch(message);
       |                          ^
    334|   });
    335| 

⎯⎯⎯⎯⎯⎯⎯⎯⎯⎯⎯⎯⎯⎯⎯⎯⎯⎯⎯⎯⎯⎯[23/23]⎯


 Test Files  1 failed (1)
      Tests  23 failed | 51 passed (74)
   Start at  11:12:57
   Duration  1.37s (transform 100ms, setup 0ms, collect 587ms, tests 509ms, environment 0ms, prepare 62ms)

