
> mobily-transformation-hub@0.1.0 test /home/user/wt/dg4-be-b2
> vitest run --project unit-node --project unit-web && vitest run --project unit-formula-nocodegen


 RUN  v3.2.4 /home/user/wt/dg4-be-b2

 ✓ |unit-web| src/pages/render-time-language.test.tsx (28 tests) 20049ms
   ✓ sign-in (dev form), 'en' → 'ar' > an invalid user name: the inline message follows the switch  513ms
   ✓ journey step editor, 'en' → 'ar' > a field error on a step follows the switch  1869ms
   ✓ journey step editor, 'en' → 'ar' > the form-level "Step N:" error follows the switch (prefix and message)  1003ms
   ✓ journey step editor, 'ar' → 'en' > a field error on a step follows the switch  768ms
   ✓ journey step editor, 'ar' → 'en' > the form-level "Step N:" error follows the switch (prefix and message)  869ms
   ✓ row-action note and reason dialog, 'en' → 'ar' > the Finance validation note's 'required' follows the switch  843ms
   ✓ row-action note and reason dialog, 'en' → 'ar' > the Finance validation choice's 'required' follows the switch  802ms
   ✓ row-action note and reason dialog, 'en' → 'ar' > the archive reason's 'too short' follows the switch  796ms
   ✓ row-action note and reason dialog, 'ar' → 'en' > the Finance validation note's 'required' follows the switch  1104ms
   ✓ row-action note and reason dialog, 'ar' → 'en' > the Finance validation choice's 'required' follows the switch  972ms
   ✓ row-action note and reason dialog, 'ar' → 'en' > the archive reason's 'too short' follows the switch  1071ms
   ✓ gate dialogs, 'en' → 'ar' > the submission note's field error follows the switch  806ms
   ✓ gate dialogs, 'en' → 'ar' > the decision rationale's field error follows the switch  756ms
   ✓ gate dialogs, 'ar' → 'en' > the submission note's field error follows the switch  622ms
   ✓ gate dialogs, 'ar' → 'en' > the decision rationale's field error follows the switch  498ms
   ✓ North Star statement, 'en' → 'ar' > the statement's field error follows the switch  919ms
   ✓ North Star statement, 'ar' → 'en' > the statement's field error follows the switch  788ms
   ✓ evidence dialogs, 'en' → 'ar' > upload without a file: 'required' follows the switch  1036ms
   ✓ evidence dialogs, 'en' → 'ar' > a link without a record type or record: both 'required' messages follow the switch  881ms
   ✓ evidence dialogs, 'ar' → 'en' > upload without a file: 'required' follows the switch  1026ms
   ✓ evidence dialogs, 'ar' → 'en' > a link without a record type or record: both 'required' messages follow the switch  1145ms
 ✓ |unit-web| src/pages/p2.test.tsx (56 tests) 31296ms
   ✓ Diagnose > shows the six T01 dimensions with Unknown for missing values, and value pools that are never 0  1254ms
   ✓ Diagnose > shows the totals as Unknown when no pool is quantified  671ms
   ✓ Diagnose > renders the six workstreams with their key questions  861ms
   ✓ Diagnose > edits a T01 row with only the changed fields and If-Match  727ms
   ✓ Diagnose > a 409 on save writes nothing, compares, and re-applies on the current version  756ms
   ✓ Diagnose > a 400 validation.blank shows a localized message on its field ('en')  843ms
   ✓ Diagnose > a 400 validation.blank shows a localized message on its field ('ar')  697ms
   ✓ Diagnose > an invisible-only value is blocked client-side with validation.blank ('en')  817ms
   ✓ Diagnose > an invisible-only value is blocked client-side with validation.blank ('ar')  1303ms
   ✓ Diagnose > a whitespace-only T01 value is an inline blank error and sends nothing ('en')  1363ms
   ✓ Diagnose > a whitespace-only T01 value is an inline blank error and sends nothing ('ar')  1292ms
   ✓ Diagnose > T01: an emptied field is sent as an explicit null; visible text is sent verbatim  1268ms
   ✓ Diagnose > Arabic: RTL with Arabic labels and the unquantified label  353ms
   ✓ Define > shows the good outcome test per outcome with pass / fail / unknown and localized reasons  516ms
   ✓ Define > requires a target date on a T02 row before sending anything  463ms
   ✓ Define > sets the North Star with one sentence and no If-Match the first time  752ms
   ✓ Define: KPI activation (F-DG2-201) > offers Activate on a draft KPI, states the unmet precondition on 422, then activates with If-Match  824ms
   ✓ Define: KPI activation (F-DG2-201) > Arabic: the Activate action and the 422 reason are in Arabic  1196ms
   ✓ Charter > shows the 14 fields, the thesis, the five scope checks with pre-checks and the top-outcomes warning  446ms
   ✓ Charter > scope pre-check: an empty Out of scope reads as failing (EN and AR)  1266ms
   ✓ Charter > thesis: an empty part is Incomplete and no sentence is composed (F-DG2-203)  338ms
   ✓ Charter > thesis: a part the API flags incomplete is never shown as answered  508ms
   ✓ Charter > thesis: the four parts compose the B0037 sentence (EN and AR)  1077ms
   ✓ Charter > North Star (field 5): the current statement; a superseded link is flagged Stale (F-DG2-204)  406ms
   ✓ Charter > compares a version with the previous one  716ms
   ✓ Charter > create: a whitespace Case for change is an inline blank error and creates nothing ('en')  467ms
   ✓ Charter > create: a whitespace Case for change is an inline blank error and creates nothing ('ar')  447ms
   ✓ Charter > edit: a whitespace Out of scope is an inline blank error, sends nothing and keeps the value (en)  500ms
   ✓ Charter > edit: a whitespace Out of scope is an inline blank error, sends nothing and keeps the value (ar)  432ms
   ✓ Charter > edit: emptying a filled field sends null; visible text is verbatim (en)  1082ms
   ✓ Charter > edit: emptying a filled field sends null; visible text is verbatim (ar)  1111ms
   ✓ Charter > edit: a change summary alone is not a change (never a content-free version)  393ms
   ✓ Design > shows the ten canvas boxes and the per-dimension view  790ms
   ✓ Design > converts an unresolved workshop item into a design decision with If-Match  964ms
   ✓ Gates (business approval) > the approver's decision: rationale required; 403 and 409 problems in words  487ms
   ✓ Gates (business approval) > gate detail heading: the verbatim B0023 name once (EN and AR)  459ms
   ✓ Evidence > uploads a revision as octet-stream with a percent-encoded file name and If-Match  392ms
   ✓ Evidence > never offers review to the creator; a filename reference can only be rejected  448ms
 ✓ |unit-web| src/pages/p2-blank-forms.test.tsx (52 tests) 31953ms
   ✓ gate submission note (en) > a whitespace-only note is refused inline and nothing is sent  779ms
   ✓ gate submission note (en) > a invisible-only note is refused inline and nothing is sent  847ms
   ✓ gate submission note (en) > visible text is sent verbatim; an empty note is omitted  1192ms
   ✓ gate submission note (ar) > visible text is sent verbatim; an empty note is omitted  651ms
   ✓ gate decision rationale and comments (en) > a whitespace-only rationale is refused inline and nothing is sent  651ms
   ✓ gate decision rationale and comments (en) > a invisible-only rationale is refused inline and nothing is sent  402ms
   ✓ gate decision rationale and comments (en) > a invisible (long enough for min 3)-only rationale is refused inline and nothing is sent  503ms
   ✓ gate decision rationale and comments (en) > a whitespace-only comment is refused inline (focus on it) and nothing is sent  586ms
   ✓ gate decision rationale and comments (en) > a invisible-only comment is refused inline (focus on it) and nothing is sent  456ms
   ✓ gate decision rationale and comments (en) > visible text is sent verbatim; empty comments are omitted; an empty rationale stays 'too short'  690ms
   ✓ gate decision rationale and comments (en) > a server 400 validation.blank on /rationale lands on the field  818ms
   ✓ gate decision rationale and comments (ar) > a whitespace-only rationale is refused inline and nothing is sent  337ms
   ✓ gate decision rationale and comments (ar) > a invisible-only rationale is refused inline and nothing is sent  677ms
   ✓ gate decision rationale and comments (ar) > a invisible (long enough for min 3)-only rationale is refused inline and nothing is sent  386ms
   ✓ gate decision rationale and comments (ar) > a whitespace-only comment is refused inline (focus on it) and nothing is sent  897ms
   ✓ gate decision rationale and comments (ar) > a invisible-only comment is refused inline (focus on it) and nothing is sent  644ms
   ✓ gate decision rationale and comments (ar) > visible text is sent verbatim; empty comments are omitted; an empty rationale stays 'too short'  709ms
   ✓ gate decision rationale and comments (ar) > a server 400 validation.blank on /rationale lands on the field  663ms
   ✓ journey step editor (en) > a whitespace-only actor is refused inline (not turned into null) and nothing is sent  1582ms
   ✓ journey step editor (en) > a invisible-only actor is refused inline (not turned into null) and nothing is sent  1093ms
   ✓ journey step editor (en) > several blank fields: each gets the message and focus goes to the first (name)  1450ms
   ✓ journey step editor (en) > visible text is sent verbatim; emptied optional text is null; an empty name is required  1540ms
   ✓ journey step editor (ar) > a whitespace-only actor is refused inline (not turned into null) and nothing is sent  798ms
   ✓ journey step editor (ar) > a invisible-only actor is refused inline (not turned into null) and nothing is sent  977ms
   ✓ journey step editor (ar) > several blank fields: each gets the message and focus goes to the first (name)  951ms
   ✓ journey step editor (ar) > visible text is sent verbatim; emptied optional text is null; an empty name is required  661ms
   ✓ Finance validation note and archive reason (en) > note: a whitespace-only note is refused inline and nothing is sent  571ms
   ✓ Finance validation note and archive reason (en) > note: a invisible-only note is refused inline and nothing is sent  636ms
   ✓ Finance validation note and archive reason (en) > note: empty is 'required'; visible text is sent verbatim  985ms
   ✓ Finance validation note and archive reason (en) > reason: a whitespace-only reason is refused inline and nothing is archived  890ms
   ✓ Finance validation note and archive reason (en) > reason: a invisible-only reason is refused inline and nothing is archived  650ms
   ✓ Finance validation note and archive reason (en) > reason: a server 400 validation.blank on /reason is the field message, not a generic error  491ms
   ✓ Finance validation note and archive reason (en) > reason: a reason with U+0000 is refused inline with the localized message and nothing is archived  576ms
   ✓ Finance validation note and archive reason (en) > reason: a server 400 validation.invalid_character on /reason is the localized field message  465ms
   ✓ Finance validation note and archive reason (en) > reason: empty keeps 'too short'; visible text is sent verbatim  475ms
   ✓ Finance validation note and archive reason (ar) > note: a whitespace-only note is refused inline and nothing is sent  328ms
   ✓ Finance validation note and archive reason (ar) > note: a invisible-only note is refused inline and nothing is sent  371ms
   ✓ Finance validation note and archive reason (ar) > note: empty is 'required'; visible text is sent verbatim  430ms
   ✓ Finance validation note and archive reason (ar) > reason: a whitespace-only reason is refused inline and nothing is archived  419ms
   ✓ Finance validation note and archive reason (ar) > reason: a invisible-only reason is refused inline and nothing is archived  326ms
   ✓ Finance validation note and archive reason (ar) > reason: a server 400 validation.blank on /reason is the field message, not a generic error  369ms
   ✓ Finance validation note and archive reason (ar) > reason: a reason with U+0000 is refused inline with the localized message and nothing is archived  340ms
   ✓ Finance validation note and archive reason (ar) > reason: a server 400 validation.invalid_character on /reason is the localized field message  417ms
   ✓ Finance validation note and archive reason (ar) > reason: empty keeps 'too short'; visible text is sent verbatim  358ms
   ✓ North Star statement (en) > a whitespace-only statement is refused inline and nothing is sent  423ms
   ✓ North Star statement (ar) > a invisible-only statement is refused inline and nothing is sent  302ms
 ✓ |unit-web| src/auth/session-bound.test.tsx (34 tests) 11857ms
   ✓ F-DG2-530/580 no effect of A's action after a further await once the tab is B's (en) > Y1: a create whose post-create GET /me returns B: B is not navigated and never sees A's code or name  1224ms
   ✓ F-DG2-530/580 no effect of A's action after a further await once the tab is B's (en) > Y1c: the same create under one identity still lands on the created record  543ms
   ✓ F-DG2-530/580 no effect of A's action after a further await once the tab is B's (en) > an edit whose identity changes between its awaits: B is not navigated to A's record and keeps nothing of A's  499ms
   ✓ F-DG2-530/580 no effect of A's action after a further await once the tab is B's (en) > an organization create whose identity changes between its awaits: B is not navigated to A's new organization  501ms
   ✓ F-DG2-530/580 no effect of A's action after a further await once the tab is B's (en) > a user create whose identity changes between its awaits: B is not navigated to A's new user  673ms
   ✓ F-DG2-530/580 no effect of A's action after a further await once the tab is B's (ar) > Y1: a create whose post-create GET /me returns B: B is not navigated and never sees A's code or name  707ms
   ✓ F-DG2-530/580 no effect of A's action after a further await once the tab is B's (ar) > an edit whose identity changes between its awaits: B is not navigated to A's record and keeps nothing of A's  429ms
   ✓ F-DG2-530/580 no effect of A's action after a further await once the tab is B's (ar) > an organization create whose identity changes between its awaits: B is not navigated to A's new organization  529ms
   ✓ F-DG2-530/580 no effect of A's action after a further await once the tab is B's (ar) > a user create whose identity changes between its awaits: B is not navigated to A's new user  686ms
   ✓ F-DG2-530/580 no effect of A's action after a further await once the tab is B's (ar) > sanity: the organization and user creates under one identity still navigate to the new record  359ms
   ✓ F-DG2-570 the header and the data of ONE identity on in-app navigation (ar) > bounded: one GET /me per navigation, shared by the page's burst; other GETs only after the window; same identity kept  377ms
   ✓ the convention: no raw navigate or cache write in app code (T-DG2-FE15) > the ESLint rule refuses a raw navigate, a raw cache write and a useNavigate import in a page  2126ms
 ✓ |unit-web| src/auth/session-generation.test.tsx (26 tests) 13102ms
   ✓ F-DG2-530 a write in flight across an identity change (en) > X3: A's PATCH answered after B's /me is not written into B's cache, not shown, and does not navigate B  1312ms
   ✓ F-DG2-530 a write in flight across an identity change (en) > X3b: the same after a session END here and B's sign-in: A's late answer never lands  810ms
   ✓ F-DG2-530 a write in flight across an identity change (en) > an archive in flight across an identity change: A's archived record never lands in B's cache  977ms
   ✓ F-DG2-530 a write in flight across an identity change (en) > an organization save in flight across an identity change: A's change is never stored under B  568ms
   ✓ F-DG2-530 a write in flight across an identity change (en) > a user save in flight across an identity change: A's change is never stored under B  752ms
   ✓ F-DG2-530 a write in flight across an identity change (en) > a same-person new session: the in-flight save is dropped silently, the draft is kept and usable  704ms
   ✓ F-DG2-530 a write in flight across an identity change (en) > a language save retried after a 409 is never written for the identity that replaced A  387ms
   ✓ F-DG2-530 a write in flight across an identity change (en) > sanity: a write in flight that finishes under the SAME identity still updates the cache and navigates  382ms
   ✓ F-DG2-530 X6: refocus and reconnect revalidate GET /me first (en) > after B signs in elsewhere, a refocus within /me's staleTime shows B's header with B's data, never A's  411ms
   ✓ F-DG2-530 X6: refocus and reconnect revalidate GET /me first (en) > the same identity: a refocus refetches /me once, then the stale page queries; nothing when all is fresh  514ms
   ✓ F-DG2-530 a write in flight across an identity change (ar) > X3: A's PATCH answered after B's /me is not written into B's cache, not shown, and does not navigate B  621ms
   ✓ F-DG2-530 a write in flight across an identity change (ar) > X3b: the same after a session END here and B's sign-in: A's late answer never lands  702ms
   ✓ F-DG2-530 a write in flight across an identity change (ar) > an archive in flight across an identity change: A's archived record never lands in B's cache  537ms
   ✓ F-DG2-530 a write in flight across an identity change (ar) > an organization save in flight across an identity change: A's change is never stored under B  688ms
   ✓ F-DG2-530 a write in flight across an identity change (ar) > a user save in flight across an identity change: A's change is never stored under B  671ms
   ✓ F-DG2-530 a write in flight across an identity change (ar) > a same-person new session: the in-flight save is dropped silently, the draft is kept and usable  572ms
   ✓ F-DG2-530 a write in flight across an identity change (ar) > a language save retried after a 409 is never written for the identity that replaced A  577ms
   ✓ F-DG2-530 X6: refocus and reconnect revalidate GET /me first (ar) > after B signs in elsewhere, a refocus within /me's staleTime shows B's header with B's data, never A's  948ms
   ✓ F-DG2-530 X6: refocus and reconnect revalidate GET /me first (ar) > the same identity: a refocus refetches /me once, then the stale page queries; nothing when all is fresh  447ms
 ✓ |unit-web| src/pages/prioritization/prioritization.test.tsx (20 tests) 13695ms
   ✓ prioritization (en) > ranked table: an incomplete score is 'incomplete' (never a number), 3.30 complete; 0–100 shows 57.5 with its label  1112ms
   ✓ prioritization (en) > scorecard: 6 is refused inline and nothing is sent; 4 is POSTed as the integer; the weighted score is read-only 'incomplete'  1447ms
   ✓ prioritization (en) > weight sets: the live total refuses 95% and 105%; 100% is accepted and POSTed as decimal strings  922ms
   ✓ prioritization (en) > weight sets: the proposer is never offered approval; another approver's approval is a business approval with If-Match; 403 SoD is translated  1132ms
   ✓ prioritization (en) > weight set approval: a 409 shows the conflict banner and reloads  657ms
   ✓ prioritization (en) > ranking history: causes are translated from codes, including 'weight version 2', score change and the override reason  352ms
   ✓ prioritization (en) > overrides: a reason is required (missing and invisible-only are refused, nothing sent); with a reason it is POSTed  721ms
   ✓ prioritization (en) > the read-only auditor sees the data and no enabled write control  864ms
   ✓ prioritization (ar) > ranked table: an incomplete score is 'incomplete' (never a number), 3.30 complete; 0–100 shows 57.5 with its label  640ms
   ✓ prioritization (ar) > scorecard: 6 is refused inline and nothing is sent; 4 is POSTed as the integer; the weighted score is read-only 'incomplete'  1426ms
   ✓ prioritization (ar) > weight sets: the live total refuses 95% and 105%; 100% is accepted and POSTed as decimal strings  618ms
   ✓ prioritization (ar) > weight sets: the proposer is never offered approval; another approver's approval is a business approval with If-Match; 403 SoD is translated  1032ms
   ✓ prioritization (ar) > weight set approval: a 409 shows the conflict banner and reloads  434ms
   ✓ prioritization (ar) > overrides: a reason is required (missing and invisible-only are refused, nothing sent); with a reason it is POSTed  662ms
   ✓ prioritization (ar) > the read-only auditor sees the data and no enabled write control  563ms
 ✓ |unit-web| src/pages/portfolio/fe-e.test.tsx (18 tests) 10045ms
   ✓ Funding decisions (en) > is a labelled business approval with no 'on behalf of' control; rationale required; POST with an Idempotency-Key  1437ms
   ✓ Funding decisions (en) > the BE-E 422s are the dialog's one translated alert; funding.amount_invalid is also inline at /amount  724ms
   ✓ Funding decisions (ar) > is a labelled business approval with no 'on behalf of' control; rationale required; POST with an Idempotency-Key  865ms
   ✓ Funding decisions (ar) > the BE-E 422s are the dialog's one translated alert; funding.amount_invalid is also inline at /amount  1350ms
   ✓ Funding decisions (ar) > the history shows a missing amount as Unknown (never 0); a re-selected initiative explains the deselect rule  340ms
   ✓ Funding decisions (ar) > an exact decimal amount is shown with its currency; the auditor sees no record control  450ms
   ✓ Deliverables and milestones on the card (en) > creates (Idempotency-Key), edits (If-Match) and archives (reason, If-Match) a deliverable  828ms
   ✓ Deliverables and milestones on the card (en) > creates a milestone with its wave and forecast, and edits it with If-Match  431ms
   ✓ Deliverables and milestones on the card (en) > the card edit form translates initiative.planned_range specifically (RecordDialog namespaces)  563ms
   ✓ Deliverables and milestones on the card (ar) > creates (Idempotency-Key), edits (If-Match) and archives (reason, If-Match) a deliverable  678ms
   ✓ Deliverables and milestones on the card (ar) > creates a milestone with its wave and forecast, and edits it with If-Match  587ms
   ✓ Deliverables and milestones on the card (ar) > the card edit form translates initiative.planned_range specifically (RecordDialog namespaces)  565ms
 ✓ |unit-web| src/pages/transformations/transformations.test.tsx (21 tests) 7707ms
   ✓ after create (F-DG1-004) > shows the created record when the server lets the creator read it  1218ms
   ✓ after create (F-DG1-004) > explains, in English, that the draft was created but cannot be opened (server 404), instead of 'Not found'  341ms
   ✓ audit trail changes (F-DG1-005) > Arabic: the same changes with Arabic labels in the RTL layout  585ms
   ✓ derived creator assignment on the audit trail (F-DG1-008) > English: localized action, fields, role, user and scope; nothing raw or marked untranslated  348ms
   ✓ derived creator assignment on the audit trail (F-DG1-008) > Arabic (RTL): the same event with Arabic labels and the glossary role name  324ms
   ✓ derived creator assignment on the audit trail (F-DG1-008) > an action the catalogue does not know stays readable and is explicitly marked (en and ar)  591ms
   ✓ effective permissions refresh after create (F-DG1-210) > English: Edit, Archive and the audit trail appear after create, without a reload  1106ms
   ✓ effective permissions refresh after create (F-DG1-210) > Arabic (RTL): the same controls and the audit trail appear after create, without a reload  867ms
   ✓ effective permissions refresh after create (F-DG1-210) > does not over-grant: if the refreshed server answer adds nothing, Archive and the audit trail stay hidden  757ms
   ✓ effective permissions refresh after create (F-DG1-210) > a failed /me refresh never blocks the navigation; the UI stays fail-safe (no controls offered)  325ms
 ✓ |unit-web| src/auth/session-end.test.tsx (12 tests) 10345ms
   ✓ session end while the app is open (en) > a 401 on navigation lands once on sign-in with the message; signing in again returns to the page  1621ms
   ✓ session end while the app is open (en) > a 401 on a dialog mutation (the commit-time upload refusal) closes the dialog and lands once on sign-in  1050ms
   ✓ session end while the app is open (en) > a sign-out elsewhere noticed by the next /me probe lands once on sign-in, never on the stale shell  523ms
   ✓ session end while the app is open (en) > a 403 (forbidden) is never treated as a session end  1035ms
   ✓ session end while the app is open (ar) > a 401 on navigation lands once on sign-in with the message; signing in again returns to the page  941ms
   ✓ session end while the app is open (ar) > a 401 on a dialog mutation (the commit-time upload refusal) closes the dialog and lands once on sign-in  1440ms
   ✓ session end while the app is open (ar) > a sign-out elsewhere noticed by the next /me probe lands once on sign-in, never on the stale shell  497ms
   ✓ session end while the app is open (ar) > a 403 (forbidden) is never treated as a session end  1172ms
   ✓ session end under <StrictMode> (as in production) > still lands exactly once on sign-in  1018ms
   ✓ sign-in page and the cached identity > decides 'already signed in' only from a fresh /me, never from a stale cache  556ms
   ✓ sign-in page and the cached identity > signing out here shows 'signed out', not 'session ended', and no /me loop  456ms
 ✓ |unit-web| src/pages/portfolio/portfolio.test.tsx (32 tests) 14076ms
   ✓ Portfolio (en) > lists code, name, wave, owners and three separate columns: proposed rank, selection and funding  782ms
   ✓ Portfolio (en) > filters by status and wave on the server  474ms
   ✓ Portfolio (en) > creates a draft at any time: POST /initiatives with the transformation and an Idempotency-Key  642ms
   ✓ Portfolio (en) > the read-only auditor sees the list with no enabled write control  358ms
   ✓ Portfolio (en) > outcome hierarchy: five levels, an Unknown target is Unknown (never 0)  468ms
   ✓ Portfolio (ar) > filters by status and wave on the server  319ms
   ✓ Portfolio (ar) > creates a draft at any time: POST /initiatives with the transformation and an Idempotency-Key  489ms
   ✓ Initiative Card (en) > shows all 14 T05 fields in the source order and the 3-7 deliverables warning (a warning, not a block)  531ms
   ✓ Initiative Card (en) > submit refused: 'Case for change not yet approved (G1)…' is the dialog's one translated alert  826ms
   ✓ Initiative Card (en) > submit refused: 'Outcome before activity…' (validation at /outcomeContributions) is translated  779ms
   ✓ Initiative Card (en) > launch refused: 'North Star, outcomes and target state not yet approved', then 'Selected - unfunded…'  473ms
   ✓ Initiative Card (en) > select is a labelled business approval: rationale required, If-Match, no 'on behalf of' control  497ms
   ✓ Initiative Card (en) > a 409 shows the conflict banner and reloads  491ms
   ✓ Initiative Card (en) > a gap link to another TOM record shows 'A project portfolio is not a Target Operating Model…'  465ms
   ✓ Initiative Card (en) > an outcome contribution needs an outcome; the KPI is optional and labelled so  309ms
   ✓ Initiative Card (ar) > submit refused: 'Case for change not yet approved (G1)…' is the dialog's one translated alert  461ms
   ✓ Initiative Card (ar) > submit refused: 'Outcome before activity…' (validation at /outcomeContributions) is translated  313ms
   ✓ Initiative Card (ar) > launch refused: 'North Star, outcomes and target state not yet approved', then 'Selected - unfunded…'  672ms
   ✓ Initiative Card (ar) > select is a labelled business approval: rationale required, If-Match, no 'on behalf of' control  747ms
   ✓ Initiative Card (ar) > a 409 shows the conflict banner and reloads  357ms
   ✓ Initiative Card (ar) > a gap link to another TOM record shows 'A project portfolio is not a Target Operating Model…'  602ms
   ✓ Initiative Card (ar) > an outcome contribution needs an outcome; the KPI is optional and labelled so  655ms
   ✓ Initiative Card (ar) > the read-only auditor sees the card with no enabled write control  364ms
 ✓ |unit-web| src/pages/team/team.test.tsx (10 tests) 8988ms
   ✓ Team (English LTR) > shows the six governance roles with B0018 accountability text verbatim and who holds each  1152ms
   ✓ Team (English LTR) > lists team members with the accountability on each assignment, sortable and filterable  1175ms
   ✓ Team (English LTR) > a Transformation Lead assigns a Workstream Lead: Idempotency-Key, reason, accountability preview  799ms
   ✓ Team (English LTR) > shows a 403 from the server in words; nothing is assigned  805ms
   ✓ Team assign dialog: accountability preview follows the selected role (F-DG2-430) > en: WL on open, then KDS, TD, none and WL again, in StrictMode with no React warning  1344ms
   ✓ Team assign dialog: accountability preview follows the selected role (F-DG2-430) > ar: WL on open, then KDS, TD, none and WL again, in StrictMode with no React warning  549ms
   ✓ Team: the success notice follows a language switch, 'en' → 'ar' > the notice is shown in the language now on screen, not the one it was created in  1445ms
   ✓ Team: the success notice follows a language switch, 'ar' → 'en' > the notice is shown in the language now on screen, not the one it was created in  1305ms
 ✓ |unit-web| src/auth/session-identity.test.tsx (18 tests) 8093ms
   ✓ F-DG2-500 a session end on the sign-in page (en) > W5: Back to /login after A's session ends, B signs in with the development form: B never sees A's records  1230ms
   ✓ F-DG2-500 a session end on the sign-in page (en) > W5b (OIDC mode): B signs in in another tab and this tab's /me re-probe brings B: B never sees A's records  704ms
   ✓ F-DG2-500 an identity change with no session end in this tab (en) > a refocus /me that returns another identity removes every session query before B renders, and drops A's drafts  507ms
   ✓ F-DG2-500 sign-out here and 403 (en) > signing out here clears everything; B signing in afterwards never sees A's records  841ms
   ✓ F-DG2-500 a session end on the sign-in page (ar) > W5: Back to /login after A's session ends, B signs in with the development form: B never sees A's records  756ms
   ✓ F-DG2-500 a session end on the sign-in page (ar) > W5b (OIDC mode): B signs in in another tab and this tab's /me re-probe brings B: B never sees A's records  848ms
   ✓ F-DG2-500 an identity change with no session end in this tab (ar) > a refocus /me that returns another identity removes every session query before B renders, and drops A's drafts  486ms
   ✓ F-DG2-500 an identity change with no session end in this tab (ar) > a new session of the same person (signed in again elsewhere) refetches the queries but keeps their own draft  444ms
   ✓ F-DG2-500 an identity change with no session end in this tab (ar) > the same identity re-probed (window refocus) keeps the cache and the page state  593ms
   ✓ F-DG2-500 sign-out here and 403 (ar) > signing out here clears everything; B signing in afterwards never sees A's records  739ms
 ✓ |unit-web| src/pages/business-cases/business-cases.test.tsx (18 tests) 11946ms
   ✓ business cases (en) > register: levels, Finance baseline states with text (Stale is never green) and drafts  1330ms
   ✓ business cases (en) > detail: all ten sections, totals with gross / cost / net apart, net Unknown (never 0), roll-up by reference  1019ms
   ✓ business cases (en) > sections: saves only the changed section with If-Match; blank text is refused inline and nothing is sent  1005ms
   ✓ business cases (en) > sections: a 409 shows the standard conflict panel (nothing saved) with the current values  448ms
   ✓ business cases (en) > lines: exactly one class from one select; the value basis follows the class; a 422 is translated  735ms
   ✓ business cases (en) > Finance validation: a business approval for FIN who did not author the case; If-Match; translated 403  797ms
   ✓ business cases (en) > Finance validation: the case author sees no validate action, only the separation-of-duties note  417ms
   ✓ business cases (en) > read-only auditor: the ten sections as text, no enabled write control, the read-only note  336ms
   ✓ business cases (ar) > register: levels, Finance baseline states with text (Stale is never green) and drafts  484ms
   ✓ business cases (ar) > detail: all ten sections, totals with gross / cost / net apart, net Unknown (never 0), roll-up by reference  467ms
   ✓ business cases (ar) > totals: a partial total says how many Unknown lines it leaves out  449ms
   ✓ business cases (ar) > sections: saves only the changed section with If-Match; blank text is refused inline and nothing is sent  898ms
   ✓ business cases (ar) > sections: a 409 shows the standard conflict panel (nothing saved) with the current values  669ms
   ✓ business cases (ar) > lines: exactly one class from one select; the value basis follows the class; a 422 is translated  517ms
   ✓ business cases (ar) > Finance validation: a business approval for FIN who did not author the case; If-Match; translated 403  1021ms
   ✓ business cases (ar) > Finance validation: the case author sees no validate action, only the separation-of-duties note  644ms
   ✓ business cases (ar) > read-only auditor: the ten sections as text, no enabled write control, the read-only note  446ms
 ✓ |unit-web| src/pages/capacity/fe-e.test.tsx (13 tests) 8205ms
   ✓ capacity editing (en) > creates a role; a taken code (409) is the form's translated alert; then the role is created  1372ms
   ✓ capacity editing (en) > edits a role's labels and archives it, each with If-Match  724ms
   ✓ capacity editing (en) > creates a capacity row with a decimal FTE string; a duplicate (409) is translated  1100ms
   ✓ capacity editing (en) > creates a demand; after the save the plan is re-read and the conflict with its shortfall appears; Unknown stays Unknown  803ms
   ✓ capacity editing (ar) > creates a role; a taken code (409) is the form's translated alert; then the role is created  663ms
   ✓ capacity editing (ar) > edits a role's labels and archives it, each with If-Match  1299ms
   ✓ capacity editing (ar) > creates a capacity row with a decimal FTE string; a duplicate (409) is translated  472ms
   ✓ capacity editing (ar) > creates a demand; after the save the plan is re-read and the conflict with its shortfall appears; Unknown stays Unknown  651ms
   ✓ capacity editing (ar) > edits a planned demand with If-Match; 422 resource_demand.not_planned is translated  371ms
 ✓ |unit-web| src/pages/dependencies/dependencies.test.tsx (12 tests) 7103ms
   ✓ dependencies (en) > shows the seven T08 columns, an External source, the type label and the needed-by conflict flag  738ms
   ✓ dependencies (en) > a cycle is refused and shown as the translated message with the path INI-01 → INI-02 → INI-03 → INI-01  1005ms
   ✓ dependencies (en) > an External source is sent as {kind: external, label}  643ms
   ✓ dependencies (en) > dependency types: system types are undeletable; an administrator may retire a custom type  1090ms
   ✓ dependencies (en) > a system type's 422 dependency_type.system_undeletable is translated  542ms
   ✓ dependencies (ar) > a cycle is refused and shown as the translated message with the path INI-01 → INI-02 → INI-03 → INI-01  547ms
   ✓ dependencies (ar) > an External source is sent as {kind: external, label}  963ms
   ✓ dependencies (ar) > dependency types: system types are undeletable; an administrator may retire a custom type  371ms
   ✓ dependencies (ar) > a system type's 422 dependency_type.system_undeletable is translated  531ms
   ✓ dependencies (ar) > the read-only auditor sees the map and no write control  302ms
 ✓ |unit-web| src/pages/gates/g1-agreements.test.tsx (10 tests) 9783ms
   ✓ G1 agreements step (en) > approving G1 needs the three labelled confirmations; then sends agreements with all three true  2810ms
   ✓ G1 agreements step (en) > a non-approve outcome on G1 sends no agreements (even after ticking them)  1032ms
   ✓ G1 agreements step (en) > approving another gate (G2) shows no confirmations and sends no agreements  457ms
   ✓ G1 agreements step (en) > the server's 422 gate.g1_agreements_required is the one form-level alert, with the missing confirmations  1846ms
   ✓ G1 agreements step (en) > the server's 422 gate.agreements_not_applicable is translated as the one form-level alert  458ms
   ✓ G1 agreements step (ar) > approving G1 needs the three labelled confirmations; then sends agreements with all three true  605ms
   ✓ G1 agreements step (ar) > a non-approve outcome on G1 sends no agreements (even after ticking them)  590ms
   ✓ G1 agreements step (ar) > approving another gate (G2) shows no confirmations and sends no agreements  681ms
   ✓ G1 agreements step (ar) > the server's 422 gate.g1_agreements_required is the one form-level alert, with the missing confirmations  728ms
   ✓ G1 agreements step (ar) > the server's 422 gate.agreements_not_applicable is translated as the one form-level alert  574ms
 ✓ |unit-web| src/pages/roadmap/roadmap.test.tsx (14 tests) 7100ms
   ✓ roadmap (en) > shows the four source waves verbatim (English source also shown in Arabic) with overlapping horizons  747ms
   ✓ roadmap (en) > moving a milestone PATCHes the forecast with If-Match and the timeline, table and board all show the new date from one refetch  982ms
   ✓ roadmap (en) > a 409 on moving a milestone shows the conflict notice and reloads the roadmap  438ms
   ✓ roadmap (en) > re-approving a date requires a reason; then it is POSTed with If-Match  463ms
   ✓ roadmap (en) > deliverable acceptance sends the AcceptanceDecision with If-Match (no 'on behalf of' control)  337ms
   ✓ roadmap (en) > an Unknown schedule flag is shown as Unknown; missing dates are Unknown, never blank  406ms
   ✓ roadmap (ar) > moving a milestone PATCHes the forecast with If-Match and the timeline, table and board all show the new date from one refetch  820ms
   ✓ roadmap (ar) > a 409 on moving a milestone shows the conflict notice and reloads the roadmap  733ms
   ✓ roadmap (ar) > re-approving a date requires a reason; then it is POSTed with If-Match  636ms
   ✓ roadmap (ar) > deliverable acceptance sends the AcceptanceDecision with If-Match (no 'on behalf of' control)  612ms
 ✓ |unit-web| src/pages/roadmap/fe-e.test.tsx (8 tests) 6605ms
   ✓ wave editing (en) > edits planned dates (overlap accepted) with If-Match; the source text is read-only and never sent  1450ms
   ✓ wave editing (en) > 422 roadmap_wave.planned_range is inline at the planned end and translated  766ms
   ✓ wave editing (en) > adds a non-source wave with its bilingual texts (POST, Idempotency-Key)  1270ms
   ✓ wave editing (ar) > edits planned dates (overlap accepted) with If-Match; the source text is read-only and never sent  665ms
   ✓ wave editing (ar) > 422 roadmap_wave.planned_range is inline at the planned end and translated  400ms
   ✓ wave editing (ar) > adds a non-source wave with its bilingual texts (POST, Idempotency-Key)  1596ms
 ✓ |unit-web| src/pages/benefit-formulas/benefit-formulas.test.tsx (18 tests) 11269ms
   ✓ T09 benefit formulas (en) > register: the six T09 columns with confidence H/M/L; examples marked illustrative with 100000 and 500000 SAR per year  2070ms
   ✓ T09 benefit formulas (en) > builder: an undefined variable shows translated, with its position, before saving; nothing is sent  955ms
   ✓ T09 benefit formulas (en) > builder: monthly ARPU × annual customers is a period mismatch, translated, before saving  458ms
   ✓ T09 benefit formulas (en) > builder: a fraction is entered as percent and stored as a fraction; a version is saved with If-Match  1073ms
   ✓ T09 benefit formulas (en) > builder: a 409 shows the standard conflict panel; nothing was saved  643ms
   ✓ T09 benefit formulas (en) > Finance validation of a version: a business approval by FIN; the author cannot; translated refusal  1043ms
   ✓ T09 benefit formulas (ar) > register: the six T09 columns with confidence H/M/L; examples marked illustrative with 100000 and 500000 SAR per year  604ms
   ✓ T09 benefit formulas (ar) > builder: an undefined variable shows translated, with its position, before saving; nothing is sent  837ms
   ✓ T09 benefit formulas (ar) > builder: monthly ARPU × annual customers is a period mismatch, translated, before saving  400ms
   ✓ T09 benefit formulas (ar) > builder: a fraction is entered as percent and stored as a fraction; a version is saved with If-Match  471ms
   ✓ T09 benefit formulas (ar) > builder: a 409 shows the standard conflict panel; nothing was saved  719ms
   ✓ T09 benefit formulas (ar) > Finance validation of a version: a business approval by FIN; the author cannot; translated refusal  533ms
 ✓ |unit-web| src/pages/gates/g4.test.tsx (16 tests) 7149ms
   ✓ G4 refusal item by item (en) > two initiatives without owners: two separate translated 'Owners' items, never the joined English message  919ms
   ✓ G4 refusal item by item (en) > without a usable gate view: one translated line per refused criterion, never the English message  653ms
   ✓ G4 refusal item by item (ar) > two initiatives without owners: two separate translated 'Owners' items, never the joined English message  610ms
   ✓ G4 view (en) > the decision's 403 urn:mth:problem:forbidden is translated  744ms
   ✓ G4 view (en) > the decision's 403 urn:mth:problem:forbidden is translated  608ms
   ✓ G4 view (en) > the decision's 409 urn:mth:problem:version-conflict is translated  676ms
   ✓ G4 view (ar) > a refused submission shows the 422 list with the initiative names, translated  467ms
   ✓ G4 view (ar) > the decision's 403 urn:mth:problem:forbidden is translated  500ms
   ✓ G4 view (ar) > the decision's 403 urn:mth:problem:forbidden is translated  524ms
   ✓ G4 view (ar) > the decision's 409 urn:mth:problem:version-conflict is translated  481ms
 ✓ |unit-web| src/pages/dispensations/dispensations.test.tsx (12 tests) 6268ms
   ✓ Dispensations (en) > lists waivers and inherited approvals; unverified evidence is shown as unverified; recorder cannot decide  895ms
   ✓ Dispensations (en) > a waiver needs a reason and an expiry: refused inline, nothing sent; then sent with its scope  745ms
   ✓ Dispensations (en) > an inherited approval (Modular) needs the approving body, the date and evidence; 422s are translated  863ms
   ✓ Dispensations (en) > deciding is a labelled business approval; the delegated-decision 422 and the recorder 403 are translated  872ms
   ✓ Dispensations (ar) > a waiver needs a reason and an expiry: refused inline, nothing sent; then sent with its scope  490ms
   ✓ Dispensations (ar) > an inherited approval (Modular) needs the approving body, the date and evidence; 422s are translated  582ms
   ✓ Dispensations (ar) > deciding is a labelled business approval; the delegated-decision 422 and the recorder 403 are translated  539ms
   ✓ Dispensations (ar) > the read-only auditor sees the register with no enabled write control  312ms
 ✓ |unit-web| src/components/LanguageSwitch.test.tsx (10 tests) 4453ms
   ✓ a refused language save, 'en' → other ('403 csrf') > keeps ar on screen and says, in ar, that it was not saved  1209ms
   ✓ a refused language save, 'ar' → other ('403 csrf') > keeps en on screen and says, in en, that it was not saved  672ms
   ✓ a refused language save, 'en' → other ('403 forbidden') > keeps ar on screen and says, in ar, that it was not saved  648ms
   ✓ a refused language save, 'ar' → other ('503') > keeps en on screen and says, in en, that it was not saved  476ms
   ✓ the live region and the persisted preference > switching back clears the notice; the region stays in the DOM, empty  402ms
   ✓ the live region and the persisted preference > a successful save never flips back to the previous language while the PUT is in flight  306ms
   ✓ the live region and the persisted preference > if the persisted preference changes later and is re-applied, the notice says so in that language  337ms
 ✓ |unit-web| src/pages/capacity/capacity.test.tsx (6 tests) 4041ms
   ✓ capacity (en) > the role × month grid shows decimal FTE, the conflict with its shortfall, and Unknown capacity as Unknown (never 0)  812ms
   ✓ capacity (en) > committing a demand POSTs with If-Match; a 409 shows the conflict notice and reloads  1177ms
   ✓ capacity (en) > the read-only auditor sees the grid and no commit or release control  415ms
   ✓ capacity (ar) > the role × month grid shows decimal FTE, the conflict with its shortfall, and Unknown capacity as Unknown (never 0)  302ms
   ✓ capacity (ar) > committing a demand POSTs with If-Match; a 409 shows the conflict notice and reloads  1094ms
 ✓ |unit-web| src/app/app.test.tsx (17 tests) 6348ms
   ✓ bilingual shell > renders Arabic RTL by default with the provisional wordmark  637ms
   ✓ bilingual shell > switches to English LTR and persists the preference with If-Match  694ms
   ✓ bilingual shell > shows all fourteen areas to an administrator  905ms
   ✓ bilingual shell > hides Administration from a Workstream Lead, and the admin route shows no-permission  816ms
   ✓ bilingual shell > marks planned areas as planned instead of pretending they work  405ms
   ✓ bilingual shell > a partial area (Governance) leads into the Gates tab of each transformation; its portfolio view stays planned  546ms
   ✓ transformations > lists transformations with a sortable code column and removable filter chips  872ms
   ✓ transformations > detail shows the workspace header with Unknown for data from later stages  609ms
   ✓ transformations > edit: a 409 writes nothing, shows compare, and re-applies on the current version  546ms
 ✓ |unit-web| src/pages/gates/inherited-approval.test.tsx (16 tests) 6963ms
   ✓ inherited-approval annotation (en) > Gates list: G1 pending_verification (counts false) is a badge next to 'Not submitted'  1295ms
   ✓ inherited-approval annotation (en) > Gates list: G1 accepted (counts true) is a badge next to 'Not submitted'  465ms
   ✓ inherited-approval annotation (en) > Gates list: G1 accepted (counts false) is a badge next to 'Not submitted'  397ms
   ✓ inherited-approval annotation (en) > Gates list: G1 rejected (counts false) is a badge next to 'Not submitted'  655ms
   ✓ inherited-approval annotation (en) > Gates list: G1 revoked (counts false) is a badge next to 'Not submitted'  498ms
   ✓ inherited-approval annotation (en) > gate view: an accepted inherited approval is a labelled row beside the 'Not submitted' status  450ms
   ✓ inherited-approval annotation (ar) > Gates list: G1 pending_verification (counts false) is a badge next to 'Not submitted'  390ms
   ✓ inherited-approval annotation (ar) > Gates list: G1 accepted (counts false) is a badge next to 'Not submitted'  339ms
   ✓ inherited-approval annotation (ar) > Gates list: G1 revoked (counts false) is a badge next to 'Not submitted'  416ms
   ✓ inherited-approval annotation (ar) > Gates list: no inherited approval, no badge  316ms
   ✓ inherited-approval annotation (ar) > gate view: an accepted inherited approval is a labelled row beside the 'Not submitted' status  420ms
   ✓ inherited-approval annotation (ar) > gate view: without an inherited approval there is no row  349ms
 ✓ |unit-web| src/app/p3-seams.test.tsx (10 tests) 4081ms
   ✓ P3 routes > workspace tabs (en) > the workspace tabs include the P3 tabs, labelled from their own namespaces  1304ms
   ✓ P3 routes > workspace tabs (ar) > the workspace tabs include the P3 tabs, labelled from their own namespaces  772ms
   ✓ P3 navigation areas > en /initiatives-roadmaps leads into the Initiatives and Roadmaps tab of each transformation  618ms
   ✓ P3 navigation areas > ar /initiatives-roadmaps leads into the المبادرات وخرائط الطريق tab of each transformation  529ms
   ✓ P3 navigation areas > ar /benefits-finance leads into the المنافع والمالية tab of each transformation  554ms
 ✓ |unit-web| src/pages/transformations/modeGuidance.test.tsx (5 tests) 2637ms
   ✓ New transformation: mode guidance (English LTR) > shows When to use and How for the selected mode and switches with the mode  1188ms
   ✓ New transformation: mode guidance (English LTR) > Modular requires an entry phase before anything is sent  446ms
   ✓ New transformation: mode guidance (English LTR) > a server validation error on the entry phase is shown on that field  413ms
   ✓ New transformation: mode guidance (Arabic RTL) > shows the Arabic rendering, marked provisional, with the English source text alongside  482ms
 ✓ |unit-web| src/components/RecordForm.alerts.test.tsx (16 tests) 3121ms
   ✓ record form: one alert per distinct form error (en) > dialog > a 400 whose only field error has pointer "" says its message once, in one live region  1032ms
 ✓ |unit-web| src/components/States.test.tsx (15 tests) 1097ms
 ✓ |unit-web| src/lib/lib.test.ts (24 tests) 82ms
 ✓ |unit-web| src/pages/readiness/readiness.test.tsx (4 tests) 1569ms
   ✓ Readiness (en) > lists the missing diagnostic areas by name, the gates and the translated sequencing blockers  745ms
   ✓ Readiness (en) > an accepted, verified inherited approval counts, and the gate itself still is not approved  378ms
   ✓ Readiness (ar) > lists the missing diagnostic areas by name, the gates and the translated sequencing blockers  340ms
 ✓ |unit-web| src/lib/auditChanges.test.ts (125 tests) 197ms
 ✓ |unit-web| src/i18n/i18n.test.ts (11 tests) 67ms
 ✓ |unit-web| src/test/react-warning-guard.test.tsx (4 tests) 107ms
 ✓ |unit-web| src/i18n/glossary.test.ts (8 tests) 171ms
 ✓ |unit-web| src/pages/business-cases/problem-codes.test.ts (4 tests) 30ms
 ✓ |unit-web| src/styles/styles.test.ts (6 tests) 26ms
 ✓ |unit-web| src/test/harness-config.test.ts (2 tests) 4ms
 ✓ |unit-node| apps/api/src/modules/kpi/kpi.test.ts (37 tests) 3132ms
   ✓ kpi module (P2) > its declared boundary holds, and a planted bypass or undeclared dependency would be caught  2753ms
 ✓ |unit-node| apps/api/src/architecture.test.ts (137 tests) 14182ms
   ✓ API module boundaries (ADR-0002) > every import respects dependsOn, public surfaces and allowed packages  8639ms
   ✓ package dependency direction (ADR-0002 rule 5) > packages/db imports only @mth/config and @mth/shared  414ms
   ✓ package dependency direction (ADR-0002 rule 5) > packages/shared imports no workspace package  1356ms
   ✓ package dependency direction (ADR-0002 rule 5) > apps/web never imports @mth/db or @mth/config (browser bundle, no secrets)  2309ms
 ✓ |unit-node| packages/shared/src/kpi/property.test.ts (11 tests) 1504ms
 ✓ |unit-node| packages/shared/src/formula/fuzz.test.ts (111 tests) 17350ms
   ✓ fuzz: no uncaught exception, no code execution > 10 000 random byte strings (0–255, up to 80 bytes)  3953ms
   ✓ fuzz: no uncaught exception, no code execution > 10 000 random UTF-16 strings including astral code points and lone surrogates  4293ms
   ✓ fuzz: no uncaught exception, no code execution > 20 000 random strings over the grammar alphabet reach parser, type checker and evaluator  6633ms
   ✓ source scan: no dynamic code in packages/shared/src/formula (ADR-0024 §6) > every file of the engine's import closure gets the engine-source lint rules (eslint.config.js)  1676ms
   ✓ source scan: no dynamic code in packages/shared/src/formula (ADR-0024 §6) > ESLint refuses the round-5 handler forms (G1, G2, A1, A2), F1 and every lintable probe-table row in an engine source  707ms
 ✓ |unit-node| packages/shared/src/scoring.test.ts (36 tests) 610ms
   ✓ property: all 5^5 integer score combinations under v1 equal an independent BigInt rational computation > stored value, 2-digit display and 0–100 view all match for 3125 combinations  547ms
 ✓ |unit-node| apps/api/src/modules/workflows/workflows.test.ts (14 tests) 1769ms
   ✓ workflows module (P2) > its declared boundary holds, and an undeclared dependency would be caught  1708ms
 ✓ |unit-node| apps/api/src/server.test.ts (6 tests) 845ms
   ✓ route registration > declares access on every /api route and on the health endpoints  444ms
 ✓ |unit-node| packages/shared/src/schemas/schemas.test.ts (69 tests) 286ms
 ✓ |unit-node| apps/api/src/modules/evidence/evidence.test.ts (13 tests) 694ms
   ✓ evidence module (P2) > its declared boundary holds  539ms
 ✓ |unit-node| apps/api/src/modules/platform/media-types.test.ts (57 tests) 176ms
(node:1031) [FSTDEP022] FastifyWarning: The router options for constraints property access is deprecated. Please use "options.routerOptions" instead for accessing router options. The router options will be removed in `fastify@6`.
(Use `node --trace-warnings ...` to show where the warning was created)
 ✓ |unit-node| apps/api/src/modules/platform/framework-errors.test.ts (6 tests) 68ms
 ✓ |unit-node| apps/api/src/modules/reporting/reporting.test.ts (4 tests) 240ms
 ✓ |unit-node| apps/api/src/modules/platform/in-flight.test.ts (4 tests) 352ms
 ✓ |unit-node| packages/shared/src/formula/formula.test.ts (140 tests) 111ms
 ✓ |unit-node| packages/shared/src/value.test.ts (29 tests) 205ms
 ✓ |unit-node| apps/api/src/request-encoding.test.ts (11 tests) 239ms
 ✓ |unit-node| apps/api/src/modules/platform/platform.test.ts (19 tests) 147ms
 ✓ |unit-node| apps/api/src/modules/methodology/methodology.test.ts (4 tests) 778ms
   ✓ methodology module (P2) > its declared boundary holds, and an undeclared dependency would be caught  758ms
 ✓ |unit-node| apps/api/src/modules/platform/connection-hygiene.test.ts (6 tests) 78ms
 ✓ |unit-node| apps/api/src/modules/platform/incomplete-body.test.ts (10 tests) 174ms
 ✓ |unit-node| apps/api/src/modules/kpi/rules.test.ts (30 tests) 44ms
 ✓ |unit-node| packages/shared/src/kpi/a05.test.ts (17 tests) 152ms
 ✓ |unit-node| apps/api/src/modules/platform/health.test.ts (2 tests) 103ms
 ✓ |unit-node| packages/config/src/load.test.ts (17 tests) 91ms
 ✓ |unit-node| packages/design-tokens/src/tokens.test.ts (15 tests) 111ms
 ✓ |unit-node| packages/shared/src/kpi/change.test.ts (22 tests) 81ms
 ✓ |unit-node| apps/api/src/modules/admin/branding.test.ts (4 tests) 61ms
 ✓ |unit-node| apps/api/src/modules/kpi/p3-gate-facts.test.ts (9 tests) 31ms
 ✓ |unit-node| apps/api/src/modules/platform/advisory-locks.test.ts (3 tests) 34ms
 ✓ |unit-node| apps/api/src/modules/benefits/register-rules.test.ts (45 tests) 144ms
 ✓ |unit-node| apps/api/src/modules/kpi/totals.test.ts (20 tests) 15ms
 ✓ |unit-node| packages/shared/src/time/working-days.test.ts (19 tests) 40ms
 ✓ |unit-node| packages/shared/src/kpi/rag.test.ts (38 tests) 40ms
 ✓ |unit-node| packages/shared/src/kpi/purity.test.ts (14 tests) 119ms
 ✓ |unit-node| packages/db/src/seed.test.ts (25 tests) 135ms
 ✓ |unit-node| apps/api/src/modules/portfolio/schedule.test.ts (14 tests) 45ms
 ✓ |unit-node| apps/api/src/modules/raid/raid.test.ts (2 tests) 48ms
 ✓ |unit-node| packages/shared/src/kpi/formula-binding.test.ts (26 tests) 35ms
 ✓ |unit-node| packages/shared/src/kpi/types.test.ts (40 tests) 52ms
 ✓ |unit-node| packages/shared/src/schemas/roadmap.test.ts (6 tests) 57ms
 ✓ |unit-node| apps/api/src/modules/tasks/tasks.test.ts (5 tests) 72ms
 ✓ |unit-node| packages/shared/src/kpi/trajectory.test.ts (14 tests) 14ms
 ✓ |unit-node| apps/api/src/modules/kpi/formulas.test.ts (10 tests) 85ms
 ✓ |unit-node| packages/shared/src/kpi/measures.test.ts (30 tests) 23ms
 ✓ |unit-node| apps/api/src/modules/portfolio/sequencing.test.ts (9 tests) 8ms
 ✓ |unit-node| apps/api/src/modules/platform/db-errors.test.ts (7 tests) 8ms
 ✓ |unit-node| apps/api/src/modules/benefits/benefits.test.ts (2 tests) 42ms
 ✓ |unit-node| apps/api/src/modules/sustainment/sustainment.test.ts (2 tests) 26ms
 ✓ |unit-node| apps/api/src/modules/platform/db-errors-p4.test.ts (5 tests) 8ms
 ✓ |unit-node| apps/api/src/modules/transformations/thesis.test.ts (4 tests) 16ms
 ✓ |unit-node| packages/shared/src/kpi/status.test.ts (25 tests) 26ms
 ✓ |unit-node| packages/shared/src/kpi/periods.test.ts (26 tests) 17ms
 ✓ |unit-node| apps/api/src/modules/adoption/adoption.test.ts (2 tests) 12ms
 ✓ |unit-node| apps/api/src/modules/governance/governance.test.ts (2 tests) 30ms
 ✓ |unit-node| packages/shared/src/kpi/aggregate.test.ts (20 tests) 12ms
 ✓ |unit-node| apps/api/src/modules/workflows/t08-cycle-problem.test.ts (2 tests) 11ms
 ✓ |unit-node| apps/api/src/modules/transformations/exclusions.test.ts (19 tests) 10ms
 ✓ |unit-node| apps/api/src/modules/identity/oidc-claims.test.ts (5 tests) 17ms
 ✓ |unit-node| apps/api/src/modules/workflows/g4.test.ts (5 tests) 35ms
 ✓ |unit-node| apps/api/src/modules/portfolio/capacity.test.ts (4 tests) 15ms
 ✓ |unit-node| apps/api/src/modules/access/rules.test.ts (12 tests) 24ms
 ✓ |unit-node| apps/api/src/modules/transformations/good-outcome.test.ts (7 tests) 11ms
 ✓ |unit-node| apps/api/src/modules/platform/request-encoding.test.ts (7 tests) 11ms
 ✓ |unit-node| apps/api/src/modules/transformations/transitions.test.ts (2 tests) 8ms

 Test Files  102 passed (102)
      Tests  2049 passed (2049)
   Start at  06:03:51
   Duration  192.84s (transform 11.17s, setup 10.04s, collect 129.32s, tests 336.55s, environment 38.17s, prepare 15.91s)


 RUN  v3.2.4 /home/user/wt/dg4-be-b2

 ✓ |unit-formula-nocodegen| packages/shared/src/formula/codegen.nocodegen.test.ts (10 tests) 20ms
 ✓ |unit-formula-nocodegen| packages/shared/src/formula/formula.test.ts (140 tests) 297ms
 ✓ |unit-formula-nocodegen| packages/shared/src/formula/fuzz.test.ts (111 tests | 2 skipped) 6194ms
   ✓ fuzz: no uncaught exception, no code execution > 10 000 random byte strings (0–255, up to 80 bytes)  1662ms
   ✓ fuzz: no uncaught exception, no code execution > 10 000 random UTF-16 strings including astral code points and lone surrogates  1382ms
   ✓ fuzz: no uncaught exception, no code execution > 20 000 random strings over the grammar alphabet reach parser, type checker and evaluator  3096ms

 Test Files  3 passed (3)
      Tests  259 passed | 2 skipped (261)
   Start at  06:07:04
   Duration  7.76s (transform 758ms, setup 0ms, collect 1.81s, tests 6.51s, environment 1ms, prepare 301ms)

EXIT=0
