Fri Oct  9 14:33:42 UTC 2026
LANG=C.UTF-8 LC_ALL=C.UTF-8

> mobily-transformation-hub@0.1.0 test /home/user/wt/dg4-be-h2
> vitest run --project unit-node --project unit-web && vitest run --project unit-formula-nocodegen


 RUN  v3.2.4 /home/user/wt/dg4-be-h2

 ✓ |unit-web| src/pages/render-time-language.test.tsx (28 tests) 33685ms
   ✓ sign-in (dev form), 'en' → 'ar' > an invalid user name: the inline message follows the switch  1429ms
   ✓ sign-in (dev form), 'en' → 'ar' > a refused sign-in: the server's problem follows the switch  455ms
   ✓ journey step editor, 'en' → 'ar' > a field error on a step follows the switch  1681ms
   ✓ journey step editor, 'en' → 'ar' > the form-level "Step N:" error follows the switch (prefix and message)  2082ms
   ✓ journey step editor, 'ar' → 'en' > a field error on a step follows the switch  3374ms
   ✓ journey step editor, 'ar' → 'en' > the form-level "Step N:" error follows the switch (prefix and message)  3542ms
   ✓ row-action note and reason dialog, 'en' → 'ar' > the Finance validation note's 'required' follows the switch  1506ms
   ✓ row-action note and reason dialog, 'en' → 'ar' > the Finance validation choice's 'required' follows the switch  1274ms
   ✓ row-action note and reason dialog, 'en' → 'ar' > the archive reason's 'too short' follows the switch  1281ms
   ✓ row-action note and reason dialog, 'ar' → 'en' > the Finance validation note's 'required' follows the switch  1663ms
   ✓ row-action note and reason dialog, 'ar' → 'en' > the Finance validation choice's 'required' follows the switch  2286ms
   ✓ row-action note and reason dialog, 'ar' → 'en' > the archive reason's 'too short' follows the switch  1860ms
   ✓ gate dialogs, 'en' → 'ar' > the submission note's field error follows the switch  936ms
   ✓ gate dialogs, 'en' → 'ar' > the decision rationale's field error follows the switch  1437ms
   ✓ gate dialogs, 'ar' → 'en' > the submission note's field error follows the switch  884ms
   ✓ gate dialogs, 'ar' → 'en' > the decision rationale's field error follows the switch  1074ms
   ✓ North Star statement, 'en' → 'ar' > the statement's field error follows the switch  1339ms
   ✓ North Star statement, 'ar' → 'en' > the statement's field error follows the switch  679ms
   ✓ evidence dialogs, 'en' → 'ar' > upload without a file: 'required' follows the switch  1501ms
   ✓ evidence dialogs, 'en' → 'ar' > a link without a record type or record: both 'required' messages follow the switch  956ms
   ✓ evidence dialogs, 'ar' → 'en' > upload without a file: 'required' follows the switch  891ms
   ✓ evidence dialogs, 'ar' → 'en' > a link without a record type or record: both 'required' messages follow the switch  1037ms
 ✓ |unit-web| src/pages/p2-blank-forms.test.tsx (52 tests) 47922ms
   ✓ gate submission note (en) > a whitespace-only note is refused inline and nothing is sent  2324ms
   ✓ gate submission note (en) > a invisible-only note is refused inline and nothing is sent  636ms
   ✓ gate submission note (en) > visible text is sent verbatim; an empty note is omitted  1138ms
   ✓ gate submission note (ar) > a whitespace-only note is refused inline and nothing is sent  427ms
   ✓ gate submission note (ar) > a invisible-only note is refused inline and nothing is sent  518ms
   ✓ gate submission note (ar) > visible text is sent verbatim; an empty note is omitted  1076ms
   ✓ gate decision rationale and comments (en) > a whitespace-only rationale is refused inline and nothing is sent  1464ms
   ✓ gate decision rationale and comments (en) > a invisible-only rationale is refused inline and nothing is sent  1835ms
   ✓ gate decision rationale and comments (en) > a invisible (long enough for min 3)-only rationale is refused inline and nothing is sent  1306ms
   ✓ gate decision rationale and comments (en) > a whitespace-only comment is refused inline (focus on it) and nothing is sent  418ms
   ✓ gate decision rationale and comments (en) > a invisible-only comment is refused inline (focus on it) and nothing is sent  457ms
   ✓ gate decision rationale and comments (en) > visible text is sent verbatim; empty comments are omitted; an empty rationale stays 'too short'  470ms
   ✓ gate decision rationale and comments (en) > a server 400 validation.blank on /rationale lands on the field  606ms
   ✓ gate decision rationale and comments (ar) > a whitespace-only rationale is refused inline and nothing is sent  776ms
   ✓ gate decision rationale and comments (ar) > a invisible-only rationale is refused inline and nothing is sent  1090ms
   ✓ gate decision rationale and comments (ar) > a invisible (long enough for min 3)-only rationale is refused inline and nothing is sent  714ms
   ✓ gate decision rationale and comments (ar) > a whitespace-only comment is refused inline (focus on it) and nothing is sent  1801ms
   ✓ gate decision rationale and comments (ar) > a invisible-only comment is refused inline (focus on it) and nothing is sent  884ms
   ✓ gate decision rationale and comments (ar) > visible text is sent verbatim; empty comments are omitted; an empty rationale stays 'too short'  757ms
   ✓ gate decision rationale and comments (ar) > a server 400 validation.blank on /rationale lands on the field  614ms
   ✓ journey step editor (en) > a whitespace-only actor is refused inline (not turned into null) and nothing is sent  1168ms
   ✓ journey step editor (en) > a invisible-only actor is refused inline (not turned into null) and nothing is sent  1840ms
   ✓ journey step editor (en) > several blank fields: each gets the message and focus goes to the first (name)  1636ms
   ✓ journey step editor (en) > visible text is sent verbatim; emptied optional text is null; an empty name is required  1944ms
   ✓ journey step editor (ar) > a whitespace-only actor is refused inline (not turned into null) and nothing is sent  1450ms
   ✓ journey step editor (ar) > a invisible-only actor is refused inline (not turned into null) and nothing is sent  1083ms
   ✓ journey step editor (ar) > several blank fields: each gets the message and focus goes to the first (name)  1535ms
   ✓ journey step editor (ar) > visible text is sent verbatim; emptied optional text is null; an empty name is required  1666ms
   ✓ Finance validation note and archive reason (en) > note: a whitespace-only note is refused inline and nothing is sent  789ms
   ✓ Finance validation note and archive reason (en) > note: a invisible-only note is refused inline and nothing is sent  725ms
   ✓ Finance validation note and archive reason (en) > note: empty is 'required'; visible text is sent verbatim  1177ms
   ✓ Finance validation note and archive reason (en) > reason: a whitespace-only reason is refused inline and nothing is archived  1236ms
   ✓ Finance validation note and archive reason (en) > reason: a invisible-only reason is refused inline and nothing is archived  839ms
   ✓ Finance validation note and archive reason (en) > reason: a server 400 validation.blank on /reason is the field message, not a generic error  1112ms
   ✓ Finance validation note and archive reason (en) > reason: a reason with U+0000 is refused inline with the localized message and nothing is archived  965ms
   ✓ Finance validation note and archive reason (en) > reason: a server 400 validation.invalid_character on /reason is the localized field message  651ms
   ✓ Finance validation note and archive reason (en) > reason: empty keeps 'too short'; visible text is sent verbatim  844ms
   ✓ Finance validation note and archive reason (ar) > note: a whitespace-only note is refused inline and nothing is sent  960ms
   ✓ Finance validation note and archive reason (ar) > note: a invisible-only note is refused inline and nothing is sent  643ms
   ✓ Finance validation note and archive reason (ar) > note: empty is 'required'; visible text is sent verbatim  981ms
   ✓ Finance validation note and archive reason (ar) > reason: a whitespace-only reason is refused inline and nothing is archived  522ms
   ✓ Finance validation note and archive reason (ar) > reason: a invisible-only reason is refused inline and nothing is archived  575ms
   ✓ Finance validation note and archive reason (ar) > reason: a server 400 validation.blank on /reason is the field message, not a generic error  762ms
   ✓ Finance validation note and archive reason (ar) > reason: a reason with U+0000 is refused inline with the localized message and nothing is archived  530ms
   ✓ Finance validation note and archive reason (ar) > reason: a server 400 validation.invalid_character on /reason is the localized field message  433ms
   ✓ Finance validation note and archive reason (ar) > reason: empty keeps 'too short'; visible text is sent verbatim  531ms
   ✓ North Star statement (en) > a whitespace-only statement is refused inline and nothing is sent  388ms
   ✓ North Star statement (en) > a invisible-only statement is refused inline and nothing is sent  406ms
   ✓ North Star statement (ar) > a whitespace-only statement is refused inline and nothing is sent  312ms
   ✓ North Star statement (ar) > a invisible-only statement is refused inline and nothing is sent  606ms
 ✓ |unit-web| src/pages/p2.test.tsx (56 tests) 50577ms
   ✓ Diagnose > shows the six T01 dimensions with Unknown for missing values, and value pools that are never 0  1456ms
   ✓ Diagnose > shows the totals as Unknown when no pool is quantified  363ms
   ✓ Diagnose > renders the six workstreams with their key questions  1047ms
   ✓ Diagnose > edits a T01 row with only the changed fields and If-Match  1937ms
   ✓ Diagnose > a 409 on save writes nothing, compares, and re-applies on the current version  1438ms
   ✓ Diagnose > a 400 validation.blank shows a localized message on its field ('en')  844ms
   ✓ Diagnose > a 400 validation.blank shows a localized message on its field ('ar')  2716ms
   ✓ Diagnose > an invisible-only value is blocked client-side with validation.blank ('en')  3450ms
   ✓ Diagnose > an invisible-only value is blocked client-side with validation.blank ('ar')  2009ms
   ✓ Diagnose > a whitespace-only T01 value is an inline blank error and sends nothing ('en')  1764ms
   ✓ Diagnose > a whitespace-only T01 value is an inline blank error and sends nothing ('ar')  2207ms
   ✓ Diagnose > T01: an emptied field is sent as an explicit null; visible text is sent verbatim  2374ms
   ✓ Diagnose > Arabic: RTL with Arabic labels and the unquantified label  616ms
   ✓ Define > shows the good outcome test per outcome with pass / fail / unknown and localized reasons  1395ms
   ✓ Define > requires a target date on a T02 row before sending anything  1258ms
   ✓ Define > sets the North Star with one sentence and no If-Match the first time  1308ms
   ✓ Define: KPI activation (F-DG2-201) > offers Activate on a draft KPI, states the unmet precondition on 422, then activates with If-Match  2129ms
   ✓ Define: KPI activation (F-DG2-201) > Arabic: the Activate action and the 422 reason are in Arabic  1238ms
   ✓ Define: KPI activation (F-DG2-201) > an active KPI shows Active and offers no Activate  580ms
   ✓ Charter > shows the 14 fields, the thesis, the five scope checks with pre-checks and the top-outcomes warning  863ms
   ✓ Charter > scope pre-check: an empty Out of scope reads as failing (EN and AR)  1671ms
   ✓ Charter > thesis: an empty part is Incomplete and no sentence is composed (F-DG2-203)  305ms
   ✓ Charter > thesis: a part the API flags incomplete is never shown as answered  364ms
   ✓ Charter > thesis: the four parts compose the B0037 sentence (EN and AR)  835ms
   ✓ Charter > North Star (field 5): a superseded statement is never shown as the current one  431ms
   ✓ Charter > compares a version with the previous one  469ms
   ✓ Charter > create: a whitespace Case for change is an inline blank error and creates nothing ('en')  464ms
   ✓ Charter > create: a whitespace Case for change is an inline blank error and creates nothing ('ar')  535ms
   ✓ Charter > edit: a whitespace Out of scope is an inline blank error, sends nothing and keeps the value (en)  832ms
   ✓ Charter > edit: a whitespace Out of scope is an inline blank error, sends nothing and keeps the value (ar)  724ms
   ✓ Charter > edit: emptying a filled field sends null; visible text is verbatim (en)  964ms
   ✓ Charter > edit: emptying a filled field sends null; visible text is verbatim (ar)  770ms
   ✓ Charter > edit: a change summary alone is not a change (never a content-free version)  1373ms
   ✓ Charter > offers to create the charter when none exists  329ms
   ✓ Design > shows the ten canvas boxes and the per-dimension view  1189ms
   ✓ Design > converts an unresolved workshop item into a design decision with If-Match  1570ms
   ✓ Decisions (T04) > creates a design decision with inline options and an idempotency key  420ms
   ✓ Gates (business approval) > lists G1-G6 as business approvals with live readiness, and never mentions the engineering gates  575ms
   ✓ Gates (business approval) > shows unverified evidence as unverified, the failing outcome at G2, and submits with If-Match  725ms
   ✓ Gates (business approval) > the approver's decision: rationale required; 403 and 409 problems in words  961ms
   ✓ Gates (business approval) > gate detail heading: the verbatim B0023 name once (EN and AR)  528ms
   ✓ Evidence > uploads a revision as octet-stream with a percent-encoded file name and If-Match  643ms
   ✓ Evidence > never offers review to the creator; a filename reference can only be rejected  640ms
   ✓ read-only auditor (AUD) > diagnose: no write control and a read-only note  445ms
   ✓ read-only auditor (AUD) > charter: no write control and a read-only note  366ms
 ✓ |unit-web| src/pages/prioritization/prioritization.test.tsx (20 tests) 14796ms
   ✓ prioritization (en) > ranked table: an incomplete score is 'incomplete' (never a number), 3.30 complete; 0–100 shows 57.5 with its label  3400ms
   ✓ prioritization (en) > scorecard: 6 is refused inline and nothing is sent; 4 is POSTed as the integer; the weighted score is read-only 'incomplete'  1255ms
   ✓ prioritization (en) > weight sets: the live total refuses 95% and 105%; 100% is accepted and POSTed as decimal strings  530ms
   ✓ prioritization (en) > weight sets: the proposer is never offered approval; another approver's approval is a business approval with If-Match; 403 SoD is translated  1015ms
   ✓ prioritization (en) > weight set approval: a 409 shows the conflict banner and reloads  935ms
   ✓ prioritization (en) > ranking history: causes are translated from codes, including 'weight version 2', score change and the override reason  411ms
   ✓ prioritization (en) > overrides: a reason is required (missing and invisible-only are refused, nothing sent); with a reason it is POSTed  1063ms
   ✓ prioritization (en) > the read-only auditor sees the data and no enabled write control  629ms
   ✓ prioritization (ar) > ranked table: an incomplete score is 'incomplete' (never a number), 3.30 complete; 0–100 shows 57.5 with its label  518ms
   ✓ prioritization (ar) > scorecard: 6 is refused inline and nothing is sent; 4 is POSTed as the integer; the weighted score is read-only 'incomplete'  1610ms
   ✓ prioritization (ar) > weight sets: the live total refuses 95% and 105%; 100% is accepted and POSTed as decimal strings  494ms
   ✓ prioritization (ar) > weight sets: the proposer is never offered approval; another approver's approval is a business approval with If-Match; 403 SoD is translated  775ms
   ✓ prioritization (ar) > weight set approval: a 409 shows the conflict banner and reloads  421ms
   ✓ prioritization (ar) > overrides: a reason is required (missing and invisible-only are refused, nothing sent); with a reason it is POSTed  441ms
   ✓ prioritization (ar) > the read-only auditor sees the data and no enabled write control  340ms
 ✓ |unit-web| src/pages/portfolio/portfolio.test.tsx (32 tests) 15078ms
   ✓ Portfolio (en) > lists code, name, wave, owners and three separate columns: proposed rank, selection and funding  833ms
   ✓ Portfolio (en) > filters by status and wave on the server  415ms
   ✓ Portfolio (en) > creates a draft at any time: POST /initiatives with the transformation and an Idempotency-Key  734ms
   ✓ Portfolio (en) > the read-only auditor sees the list with no enabled write control  511ms
   ✓ Portfolio (ar) > filters by status and wave on the server  308ms
   ✓ Portfolio (ar) > creates a draft at any time: POST /initiatives with the transformation and an Idempotency-Key  387ms
   ✓ Portfolio (ar) > the read-only auditor sees the list with no enabled write control  358ms
   ✓ Portfolio (ar) > outcome hierarchy: five levels, an Unknown target is Unknown (never 0)  370ms
   ✓ Initiative Card (en) > shows all 14 T05 fields in the source order and the 3-7 deliverables warning (a warning, not a block)  413ms
   ✓ Initiative Card (en) > submit refused: 'Case for change not yet approved (G1)…' is the dialog's one translated alert  744ms
   ✓ Initiative Card (en) > launch refused: 'North Star, outcomes and target state not yet approved', then 'Selected - unfunded…'  858ms
   ✓ Initiative Card (en) > select is a labelled business approval: rationale required, If-Match, no 'on behalf of' control  741ms
   ✓ Initiative Card (en) > a 409 shows the conflict banner and reloads  426ms
   ✓ Initiative Card (en) > a gap link to another TOM record shows 'A project portfolio is not a Target Operating Model…'  341ms
   ✓ Initiative Card (en) > an outcome contribution needs an outcome; the KPI is optional and labelled so  531ms
   ✓ Initiative Card (ar) > shows all 14 T05 fields in the source order and the 3-7 deliverables warning (a warning, not a block)  406ms
   ✓ Initiative Card (ar) > submit refused: 'Case for change not yet approved (G1)…' is the dialog's one translated alert  749ms
   ✓ Initiative Card (ar) > submit refused: 'Outcome before activity…' (validation at /outcomeContributions) is translated  412ms
   ✓ Initiative Card (ar) > launch refused: 'North Star, outcomes and target state not yet approved', then 'Selected - unfunded…'  662ms
   ✓ Initiative Card (ar) > select is a labelled business approval: rationale required, If-Match, no 'on behalf of' control  523ms
   ✓ Initiative Card (ar) > a 409 shows the conflict banner and reloads  424ms
   ✓ Initiative Card (ar) > a gap link to another TOM record shows 'A project portfolio is not a Target Operating Model…'  783ms
   ✓ Initiative Card (ar) > an outcome contribution needs an outcome; the KPI is optional and labelled so  616ms
   ✓ Initiative Card (ar) > the read-only auditor sees the card with no enabled write control  437ms
   ✓ Initiative Card (ar) > a cancelled initiative is read-only even for the lead  464ms
 ✓ |unit-web| src/auth/session-bound.test.tsx (34 tests) 15307ms
   ✓ F-DG2-530/580 no effect of A's action after a further await once the tab is B's (en) > Y1: a create whose post-create GET /me returns B: B is not navigated and never sees A's code or name  1511ms
   ✓ F-DG2-530/580 no effect of A's action after a further await once the tab is B's (en) > Y1c: the same create under one identity still lands on the created record  395ms
   ✓ F-DG2-530/580 no effect of A's action after a further await once the tab is B's (en) > Y1c (not visible to the creator): the creator still gets 'created, but you cannot open it' with the 201's code  320ms
   ✓ F-DG2-530/580 no effect of A's action after a further await once the tab is B's (en) > an edit whose identity changes between its awaits: B is not navigated to A's record and keeps nothing of A's  575ms
   ✓ F-DG2-530/580 no effect of A's action after a further await once the tab is B's (en) > an organization create whose identity changes between its awaits: B is not navigated to A's new organization  650ms
   ✓ F-DG2-530/580 no effect of A's action after a further await once the tab is B's (en) > a user create whose identity changes between its awaits: B is not navigated to A's new user  1016ms
   ✓ F-DG2-530/580 no effect of A's action after a further await once the tab is B's (en) > sanity: the organization and user creates under one identity still navigate to the new record  913ms
   ✓ F-DG2-530/580 no effect of A's action after a further await once the tab is B's (en) > sanity: an edit under one identity (a same-identity /me between its awaits) still updates the cache and navigates  393ms
   ✓ F-DG2-570 the header and the data of ONE identity on in-app navigation (en) > N2: opening the list: B's header with B's list and B's permissions, never A's header or A's empty-state  343ms
   ✓ F-DG2-530/580 no effect of A's action after a further await once the tab is B's (ar) > Y1: a create whose post-create GET /me returns B: B is not navigated and never sees A's code or name  794ms
   ✓ F-DG2-530/580 no effect of A's action after a further await once the tab is B's (ar) > Y1c (not visible to the creator): the creator still gets 'created, but you cannot open it' with the 201's code  442ms
   ✓ F-DG2-530/580 no effect of A's action after a further await once the tab is B's (ar) > an edit whose identity changes between its awaits: B is not navigated to A's record and keeps nothing of A's  418ms
   ✓ F-DG2-530/580 no effect of A's action after a further await once the tab is B's (ar) > an organization create whose identity changes between its awaits: B is not navigated to A's new organization  587ms
   ✓ F-DG2-530/580 no effect of A's action after a further await once the tab is B's (ar) > a user create whose identity changes between its awaits: B is not navigated to A's new user  619ms
   ✓ F-DG2-530/580 no effect of A's action after a further await once the tab is B's (ar) > sanity: the organization and user creates under one identity still navigate to the new record  352ms
   ✓ F-DG2-570 the header and the data of ONE identity on in-app navigation (ar) > bounded: one GET /me per navigation, shared by the page's burst; other GETs only after the window; same identity kept  467ms
   ✓ the convention: no raw navigate or cache write in app code (T-DG2-FE15) > the ESLint rule refuses a raw navigate, a raw cache write and a useNavigate import in a page  3227ms
 ✓ |unit-web| src/pages/business-cases/business-cases.test.tsx (18 tests) 11648ms
   ✓ business cases (en) > register: levels, Finance baseline states with text (Stale is never green) and drafts  1284ms
   ✓ business cases (en) > detail: all ten sections, totals with gross / cost / net apart, net Unknown (never 0), roll-up by reference  469ms
   ✓ business cases (en) > sections: saves only the changed section with If-Match; blank text is refused inline and nothing is sent  1152ms
   ✓ business cases (en) > sections: a 409 shows the standard conflict panel (nothing saved) with the current values  542ms
   ✓ business cases (en) > lines: exactly one class from one select; the value basis follows the class; a 422 is translated  771ms
   ✓ business cases (en) > Finance validation: a business approval for FIN who did not author the case; If-Match; translated 403  741ms
   ✓ business cases (en) > Finance validation: the case author sees no validate action, only the separation-of-duties note  438ms
   ✓ business cases (ar) > detail: all ten sections, totals with gross / cost / net apart, net Unknown (never 0), roll-up by reference  377ms
   ✓ business cases (ar) > totals: a partial total says how many Unknown lines it leaves out  355ms
   ✓ business cases (ar) > sections: saves only the changed section with If-Match; blank text is refused inline and nothing is sent  1529ms
   ✓ business cases (ar) > sections: a 409 shows the standard conflict panel (nothing saved) with the current values  769ms
   ✓ business cases (ar) > lines: exactly one class from one select; the value basis follows the class; a 422 is translated  847ms
   ✓ business cases (ar) > Finance validation: a business approval for FIN who did not author the case; If-Match; translated 403  824ms
   ✓ business cases (ar) > Finance validation: the case author sees no validate action, only the separation-of-duties note  504ms
   ✓ business cases (ar) > read-only auditor: the ten sections as text, no enabled write control, the read-only note  350ms
 ✓ |unit-web| src/pages/team/team.test.tsx (10 tests) 7503ms
   ✓ Team (English LTR) > shows the six governance roles with B0018 accountability text verbatim and who holds each  935ms
   ✓ Team (English LTR) > lists team members with the accountability on each assignment, sortable and filterable  580ms
   ✓ Team (English LTR) > a Transformation Lead assigns a Workstream Lead: Idempotency-Key, reason, accountability preview  437ms
   ✓ Team (English LTR) > shows a 403 from the server in words; nothing is assigned  722ms
   ✓ Team assign dialog: accountability preview follows the selected role (F-DG2-430) > en: WL on open, then KDS, TD, none and WL again, in StrictMode with no React warning  760ms
   ✓ Team assign dialog: accountability preview follows the selected role (F-DG2-430) > ar: WL on open, then KDS, TD, none and WL again, in StrictMode with no React warning  966ms
   ✓ Team: the success notice follows a language switch, 'en' → 'ar' > the notice is shown in the language now on screen, not the one it was created in  1110ms
   ✓ Team: the success notice follows a language switch, 'ar' → 'en' > the notice is shown in the language now on screen, not the one it was created in  1455ms
 ✓ |unit-web| src/pages/benefit-formulas/benefit-formulas.test.tsx (18 tests) 9951ms
   ✓ T09 benefit formulas (en) > register: the six T09 columns with confidence H/M/L; examples marked illustrative with 100000 and 500000 SAR per year  1392ms
   ✓ T09 benefit formulas (en) > builder: an undefined variable shows translated, with its position, before saving; nothing is sent  504ms
   ✓ T09 benefit formulas (en) > builder: a fraction is entered as percent and stored as a fraction; a version is saved with If-Match  652ms
   ✓ T09 benefit formulas (en) > builder: a 409 shows the standard conflict panel; nothing was saved  424ms
   ✓ T09 benefit formulas (en) > Finance validation of a version: a business approval by FIN; the author cannot; translated refusal  484ms
   ✓ T09 benefit formulas (ar) > register: the six T09 columns with confidence H/M/L; examples marked illustrative with 100000 and 500000 SAR per year  717ms
   ✓ T09 benefit formulas (ar) > builder: an undefined variable shows translated, with its position, before saving; nothing is sent  1582ms
   ✓ T09 benefit formulas (ar) > builder: a fraction is entered as percent and stored as a fraction; a version is saved with If-Match  877ms
   ✓ T09 benefit formulas (ar) > builder: a 409 shows the standard conflict panel; nothing was saved  760ms
   ✓ T09 benefit formulas (ar) > Finance validation of a version: a business approval by FIN; the author cannot; translated refusal  762ms
 ✓ |unit-web| src/auth/session-generation.test.tsx (26 tests) 12918ms
   ✓ F-DG2-530 a write in flight across an identity change (en) > X3: A's PATCH answered after B's /me is not written into B's cache, not shown, and does not navigate B  1534ms
   ✓ F-DG2-530 a write in flight across an identity change (en) > X3b: the same after a session END here and B's sign-in: A's late answer never lands  799ms
   ✓ F-DG2-530 a write in flight across an identity change (en) > an archive in flight across an identity change: A's archived record never lands in B's cache  823ms
   ✓ F-DG2-530 a write in flight across an identity change (en) > an organization save in flight across an identity change: A's change is never stored under B  709ms
   ✓ F-DG2-530 a write in flight across an identity change (en) > a user save in flight across an identity change: A's change is never stored under B  756ms
   ✓ F-DG2-530 a write in flight across an identity change (en) > a same-person new session: the in-flight save is dropped silently, the draft is kept and usable  606ms
   ✓ F-DG2-530 a write in flight across an identity change (en) > a language save retried after a 409 is never written for the identity that replaced A  437ms
   ✓ F-DG2-530 X6: refocus and reconnect revalidate GET /me first (en) > after B signs in elsewhere, a refocus within /me's staleTime shows B's header with B's data, never A's  679ms
   ✓ F-DG2-530 X6: refocus and reconnect revalidate GET /me first (en) > the same identity: a refocus refetches /me once, then the stale page queries; nothing when all is fresh  483ms
   ✓ F-DG2-530 a write in flight across an identity change (ar) > X3: A's PATCH answered after B's /me is not written into B's cache, not shown, and does not navigate B  582ms
   ✓ F-DG2-530 a write in flight across an identity change (ar) > X3b: the same after a session END here and B's sign-in: A's late answer never lands  583ms
   ✓ F-DG2-530 a write in flight across an identity change (ar) > an archive in flight across an identity change: A's archived record never lands in B's cache  769ms
   ✓ F-DG2-530 a write in flight across an identity change (ar) > an organization save in flight across an identity change: A's change is never stored under B  647ms
   ✓ F-DG2-530 a write in flight across an identity change (ar) > a user save in flight across an identity change: A's change is never stored under B  789ms
   ✓ F-DG2-530 a write in flight across an identity change (ar) > a same-person new session: the in-flight save is dropped silently, the draft is kept and usable  728ms
   ✓ F-DG2-530 a write in flight across an identity change (ar) > a language save retried after a 409 is never written for the identity that replaced A  345ms
   ✓ F-DG2-530 X6: refocus and reconnect revalidate GET /me first (ar) > after B signs in elsewhere, a refocus within /me's staleTime shows B's header with B's data, never A's  392ms
   ✓ F-DG2-530 X6: refocus and reconnect revalidate GET /me first (ar) > the same identity: a refocus refetches /me once, then the stale page queries; nothing when all is fresh  447ms
 ✓ |unit-web| src/pages/kpi/kpi.test.tsx (27 tests) 7930ms
   ✓ KPI screens (en) > RAG panel: the seven elements, the threshold version named, and the override beside the calculated RAG  739ms
   ✓ KPI screens (en) > no actual for the current period: Unknown, grey and labelled, with its reason; never 0 and never green  327ms
   ✓ KPI screens (en) > four-step update: submits once, then lists downstream views, 'review pending' and 'Finance review pending'  574ms
   ✓ KPI screens (en) > a second entry for the same KPI and period is value version 2 of the same slot (If-Match)  692ms
   ✓ KPI screens (en) > a 409 on submit is the form's one alert: nothing was saved, the latest data is loaded  498ms
   ✓ KPI screens (en) > read-only viewer (auditor): no write action on the KPI page, labels say business approval  312ms
   ✓ KPI screens (en) > data quality: an open finding is resolved with a note and If-Match  708ms
   ✓ KPI screens (ar) > a second entry for the same KPI and period is value version 2 of the same slot (If-Match)  366ms
   ✓ KPI screens (ar) > a 409 on submit is the form's one alert: nothing was saved, the latest data is loaded  342ms
   ✓ KPI screens (ar) > data quality: an open finding is resolved with a note and If-Match  924ms
 ❯ |unit-web| src/auth/session-identity.test.tsx (18 tests | 1 failed) 13060ms
   ✓ F-DG2-500 a session end on the sign-in page (en) > W5: Back to /login after A's session ends, B signs in with the development form: B never sees A's records  1259ms
   ✓ F-DG2-500 a session end on the sign-in page (en) > W5b (OIDC mode): B signs in in another tab and this tab's /me re-probe brings B: B never sees A's records  881ms
   ✓ F-DG2-500 an identity change with no session end in this tab (en) > a refocus /me that returns another identity removes every session query before B renders, and drops A's drafts  463ms
   ✓ F-DG2-500 an identity change with no session end in this tab (en) > a new session of the same person (signed in again elsewhere) refetches the queries but keeps their own draft  328ms
   ✓ F-DG2-500 an identity change with no session end in this tab (en) > the same identity re-probed (window refocus) keeps the cache and the page state  336ms
   × F-DG2-500 sign-out here and 403 (en) > signing out here clears everything; B signing in afterwards never sees A's records 5954ms
     → Unable to find an element with the text: No transformations yet. This could be because the text is broken up by multiple elements. In this case, you can provide a function for your text matcher to make your matcher more flexible.

Ignored nodes: comments, script, style
[36m<body>[39m
  [36m<div>[39m
    [36m<div[39m
      [33mclass[39m=[32m"app"[39m
    [36m>[39m
      [36m<a[39m
        [33mclass[39m=[32m"skip-link"[39m
        [33mhref[39m=[32m"#main"[39m
      [36m>[39m
        [0mSkip to main content[0m
      [36m</a>[39m
      [36m<header[39m
        [33mclass[39m=[32m"app-header"[39m
      [36m>[39m
        [36m<button[39m
          [33maria-controls[39m=[32m"_r_17_"[39m
          [33maria-expanded[39m=[32m"false"[39m
          [33mclass[39m=[32m"button button--ghost-inverse nav-toggle"[39m
          [33mtype[39m=[32m"button"[39m
        [36m>[39m
          [36m<svg[39m
            [33maria-hidden[39m=[32m"true"[39m
            [33mclass[39m=[32m"icon"[39m
            [33mfill[39m=[32m"none"[39m
            [33mfocusable[39m=[32m"false"[39m
            [33mheight[39m=[32m"16"[39m
            [33mstroke[39m=[32m"currentColor"[39m
            [33mstroke-linecap[39m=[32m"round"[39m
            [33mstroke-linejoin[39m=[32m"round"[39m
            [33mstroke-width[39m=[32m"1.8"[39m
            [33mviewBox[39m=[32m"0 0 20 20"[39m
            [33mwidth[39m=[32m"16"[39m
          [36m>[39m
            [36m<path[39m
              [33md[39m=[32m"M3 5h14M3 10h14M3 15h14"[39m
            [36m/>[39m
          [36m</svg>[39m
          [36m<span[39m
            [33mclass[39m=[32m"visually-hidden"[39m
          [36m>[39m
            [0mShow or hide navigation[0m
          [36m</span>[39m
        [36m</button>[39m
        [36m<a[39m
          [33mclass[39m=[32m"wordmark"[39m
          [33mdata-discover[39m=[32m"true"[39m
          [33mdata-testid[39m=[32m"wordmark"[39m
          [33mhref[39m=[32m"/"[39m
        [36m>[39m
          [36m<span[39m
            [33mclass[39m=[32m"wordmark__name"[39m
          [36m>[39m
            [0mMobily Transformation Hub[0m
          [36m</span>[39m
          [36m<span[39m
            [33mclass[39m=[32m"badge badge--provisional"[39m
            [33mdata-testid[39m=[32m"provisional-badge"[39m
            [33mtitle[39m=[32m"Provisional wordmark: no official logo has been supplied. Colours are provisional design tokens, not verified Mobily brand values."[39m
          [36m>[39m
            [0mProvisional[0m
          [36m</span>[39m
          [36m<span[39m
            [33mclass[39m=[32m"visually-hidden"[39m
          [36m>[39m
            [0mProvisional wordmark: no official logo has been supplied. Colours are provisional design tokens, not verified Mobily brand values.[0m
          [36m</span>[39m
        [36m</a>[39m
        [36m<div[39m
          [33mclass[39m=[32m"app-header__spacer"[39m
        [36m/>[39m
        [36m<span[39m
          [33mclass[39m=[32m"language-switch"[39m
        [36m>[39m
          [36m<button[39m
            [33maria-label[39m=[32m"Switch language to العربية"[39m
            [33mclass[39m=[32m"button button--ghost-inverse button--small"[39m
            [33mlang[39m=[32m"ar"[39m
            [33mtype[39m=[32m"button"[39m
          [36m>[39m
            [0mالعربية[0m
          [36m</button>[39m
        [36m</span>[39m
        [36m<div[39m
          [33mclass[39m=[32m"user-box"[39m
        [36m>[39m
          [36m<span[39m
            [33mclass[39m=[32m"user-box__name"[39m
          [36m>[39m
            [0mSynthetic User B[0m
          [36m</span>[39m
          [36m<span[39m
            [33mclass[39m=[32m"user-box__org"[39m
          [36m>[39m
            [0mSynthetic Organization[0m
          [36m</span>[39m
        [36m</div>[39m
        [36m<button[39m
          [33mclass[39m=[32m"button button--ghost-inverse button--small"[39m
          [33mtype[39m=[32m"button"[39m
        [36m>[39m
          [36m<svg[39m
            [33maria-hidden[39m=[32m"true"[39m
            [33mclass[39m=[32m"icon"[39m
            [33mfill[39m=[32m"none"[39m
            [33mfocusable[39m=[32m"false"[39m
            [33mheight[39m=[32m"16"[39m
            [33mstroke[39m=[32m"currentColor"[39m
            [33mstroke-linecap[39m=[32m"round"[39m
            [33mstroke-linejoin[39m=[32m"round"[39m
            [33mstroke-width[39m=[32m"1.8"[39m
            [33mviewBox[39m=[32m"0 0 20 20"[39m
            [33mwidth[39m=[32m"16"[39m
          [36m>[39m
            [36m<path[39m
              [33md[39m=[32m"M8 4H4v12h4M12 6l4 4-4 4M16 10H8"[39m
            [36m/>[39m
          [36m</svg>[39m
          [0m [0m
          [36m<span[39m
            [33mclass[39m=[32m"app-header__label"[39m
          [36m>[39m
            [0mSign out[0m
          [36m</span>[39m
        [36m</button>[39m
      [36m</header>[39m
      [36m<div[39m
        [33maria-atomic[39m=[32m"true"[39m
        [33maria-live[39m=[32m"polite"[39m
        [33mclass[39m=[32m"app-notice language-switch__live"[39m
        [33mlang[39m=[32m"en"[39m
      [36m/>[39m
      [36m<div[39m
        [33mclass[39m=[32m"app-body"[39m
      [36m>[39m
        [36m<nav[39m
          [33maria-label[39m=[32m"Primary navigation"[39m
          [33mclass[39m=[32m"app-nav"[39m
          [33mid[39m=[32m"_r_17_"[39m
        [36m>[39m
          [36m<ul[39m
            [33mclass[39m=[32m"app-nav__list"[39m
          [36m>[39m
            [36m<li>[39m
              [36m<a[39m
                [33maria-current[39m=[32m"page"[39m
                [33mclass[39m=[32m"app-nav__link active"[39m
                [33mdata-area[39m=[32m"myWork"[39m
                [33mdata-discover[39m=[32m"true"[39m
                [33mhref[39m=[32m"/my-work"[39m
              [36m>[39m
                [36m<span>[39m
                  [0mMy Work[0m
                [36m</span>[39m
              [36m</a>[39m
              [36m<ul[39m
                [33maria-label[39m=[32m"My Work"[39m
                [33mclass[39m=[32m"app-nav__sublist"[39m
              [36m>[39m
                [36m<li>[39m
                  [36m<a[39m
                    [33maria-current[39m=[32m"page"[39m
                    [33mclass[39m=[32m"app-nav__link app-nav__link--sub active"[39m
                    [33mdata-discover[39m=[32m"true"[39m
                    [33mdata-subpage[39m=[32m"myWorkItems"[39m
                    [33mhref[39m=[32m"/my-work"[39m
                  [36m>[39m
                    [0mTasks and inbox[0m
                  [36m</a>[39m
                [36m</li>[39m
                [36m<li>[39m
                  [36m<a[39m
                    [33mclass[39m=[32m"app-nav__link app-nav__link--sub"[39m
                    [33mdata-discover[39m=[32m"true"[39m
                    [33mdata-subpage[39m=[32m"approvals"[39m
                  ...

Ignored nodes: comments, script, style
[36m<body>[39m
  [36m<div>[39m
    [36m<div[39m
      [33mclass[39m=[32m"app"[39m
    [36m>[39m
      [36m<a[39m
        [33mclass[39m=[32m"skip-link"[39m
        [33mhref[39m=[32m"#main"[39m
      [36m>[39m
        [0mSkip to main content[0m
      [36m</a>[39m
      [36m<header[39m
        [33mclass[39m=[32m"app-header"[39m
      [36m>[39m
        [36m<button[39m
          [33maria-controls[39m=[32m"_r_17_"[39m
          [33maria-expanded[39m=[32m"false"[39m
          [33mclass[39m=[32m"button button--ghost-inverse nav-toggle"[39m
          [33mtype[39m=[32m"button"[39m
        [36m>[39m
          [36m<svg[39m
            [33maria-hidden[39m=[32m"true"[39m
            [33mclass[39m=[32m"icon"[39m
            [33mfill[39m=[32m"none"[39m
            [33mfocusable[39m=[32m"false"[39m
            [33mheight[39m=[32m"16"[39m
            [33mstroke[39m=[32m"currentColor"[39m
            [33mstroke-linecap[39m=[32m"round"[39m
            [33mstroke-linejoin[39m=[32m"round"[39m
            [33mstroke-width[39m=[32m"1.8"[39m
            [33mviewBox[39m=[32m"0 0 20 20"[39m
            [33mwidth[39m=[32m"16"[39m
          [36m>[39m
            [36m<path[39m
              [33md[39m=[32m"M3 5h14M3 10h14M3 15h14"[39m
            [36m/>[39m
          [36m</svg>[39m
          [36m<span[39m
            [33mclass[39m=[32m"visually-hidden"[39m
          [36m>[39m
            [0mShow or hide navigation[0m
          [36m</span>[39m
        [36m</button>[39m
        [36m<a[39m
          [33mclass[39m=[32m"wordmark"[39m
          [33mdata-discover[39m=[32m"true"[39m
          [33mdata-testid[39m=[32m"wordmark"[39m
          [33mhref[39m=[32m"/"[39m
        [36m>[39m
          [36m<span[39m
            [33mclass[39m=[32m"wordmark__name"[39m
          [36m>[39m
            [0mMobily Transformation Hub[0m
          [36m</span>[39m
          [36m<span[39m
            [33mclass[39m=[32m"badge badge--provisional"[39m
            [33mdata-testid[39m=[32m"provisional-badge"[39m
            [33mtitle[39m=[32m"Provisional wordmark: no official logo has been supplied. Colours are provisional design tokens, not verified Mobily brand values."[39m
          [36m>[39m
            [0mProvisional[0m
          [36m</span>[39m
          [36m<span[39m
            [33mclass[39m=[32m"visually-hidden"[39m
          [36m>[39m
            [0mProvisional wordmark: no official logo has been supplied. Colours are provisional design tokens, not verified Mobily brand values.[0m
          [36m</span>[39m
        [36m</a>[39m
        [36m<div[39m
          [33mclass[39m=[32m"app-header__spacer"[39m
        [36m/>[39m
        [36m<span[39m
          [33mclass[39m=[32m"language-switch"[39m
        [36m>[39m
          [36m<button[39m
            [33maria-label[39m=[32m"Switch language to العربية"[39m
            [33mclass[39m=[32m"button button--ghost-inverse button--small"[39m
            [33mlang[39m=[32m"ar"[39m
            [33mtype[39m=[32m"button"[39m
          [36m>[39m
            [0mالعربية[0m
          [36m</button>[39m
        [36m</span>[39m
        [36m<div[39m
          [33mclass[39m=[32m"user-box"[39m
        [36m>[39m
          [36m<span[39m
            [33mclass[39m=[32m"user-box__name"[39m
          [36m>[39m
            [0mSynthetic User B[0m
          [36m</span>[39m
          [36m<span[39m
            [33mclass[39m=[32m"user-box__org"[39m
          [36m>[39m
            [0mSynthetic Organization[0m
          [36m</span>[39m
        [36m</div>[39m
        [36m<button[39m
          [33mclass[39m=[32m"button button--ghost-inverse button--small"[39m
          [33mtype[39m=[32m"button"[39m
        [36m>[39m
          [36m<svg[39m
            [33maria-hidden[39m=[32m"true"[39m
            [33mclass[39m=[32m"icon"[39m
            [33mfill[39m=[32m"none"[39m
            [33mfocusable[39m=[32m"false"[39m
            [33mheight[39m=[32m"16"[39m
            [33mstroke[39m=[32m"currentColor"[39m
            [33mstroke-linecap[39m=[32m"round"[39m
            [33mstroke-linejoin[39m=[32m"round"[39m
            [33mstroke-width[39m=[32m"1.8"[39m
            [33mviewBox[39m=[32m"0 0 20 20"[39m
            [33mwidth[39m=[32m"16"[39m
          [36m>[39m
            [36m<path[39m
              [33md[39m=[32m"M8 4H4v12h4M12 6l4 4-4 4M16 10H8"[39m
            [36m/>[39m
          [36m</svg>[39m
          [0m [0m
          [36m<span[39m
            [33mclass[39m=[32m"app-header__label"[39m
          [36m>[39m
            [0mSign out[0m
          [36m</span>[39m
        [36m</button>[39m
      [36m</header>[39m
      [36m<div[39m
        [33maria-atomic[39m=[32m"true"[39m
        [33maria-live[39m=[32m"polite"[39m
        [33mclass[39m=[32m"app-notice language-switch__live"[39m
        [33mlang[39m=[32m"en"[39m
      [36m/>[39m
      [36m<div[39m
        [33mclass[39m=[32m"app-body"[39m
      [36m>[39m
        [36m<nav[39m
          [33maria-label[39m=[32m"Primary navigation"[39m
          [33mclass[39m=[32m"app-nav"[39m
          [33mid[39m=[32m"_r_17_"[39m
        [36m>[39m
          [36m<ul[39m
            [33mclass[39m=[32m"app-nav__list"[39m
          [36m>[39m
            [36m<li>[39m
              [36m<a[39m
                [33maria-current[39m=[32m"page"[39m
                [33mclass[39m=[32m"app-nav__link active"[39m
                [33mdata-area[39m=[32m"myWork"[39m
                [33mdata-discover[39m=[32m"true"[39m
                [33mhref[39m=[32m"/my-work"[39m
              [36m>[39m
                [36m<span>[39m
                  [0mMy Work[0m
                [36m</span>[39m
              [36m</a>[39m
              [36m<ul[39m
                [33maria-label[39m=[32m"My Work"[39m
                [33mclass[39m=[32m"app-nav__sublist"[39m
              [36m>[39m
                [36m<li>[39m
                  [36m<a[39m
                    [33maria-current[39m=[32m"page"[39m
                    [33mclass[39m=[32m"app-nav__link app-nav__link--sub active"[39m
                    [33mdata-discover[39m=[32m"true"[39m
                    [33mdata-subpage[39m=[32m"myWorkItems"[39m
                    [33mhref[39m=[32m"/my-work"[39m
                  [36m>[39m
                    [0mTasks and inbox[0m
                  [36m</a>[39m
                [36m</li>[39m
                [36m<li>[39m
                  [36m<a[39m
                    [33mclass[39m=[32m"app-nav__link app-nav__link--sub"[39m
                    [33mdata-discover[39m=[32m"true"[39m
                    [33mdata-subpage[39m=[32m"approvals"[39m
                  ...
   ✓ F-DG2-500 sign-out here and 403 (en) > a 403 is never a session end: the phase, the identity and the cache are kept 245ms
   ✓ F-DG2-500 a session end on the sign-in page (ar) > W5: Back to /login after A's session ends, B signs in with the development form: B never sees A's records  709ms
   ✓ F-DG2-500 a session end on the sign-in page (ar) > W5b (OIDC mode): B signs in in another tab and this tab's /me re-probe brings B: B never sees A's records  568ms
   ✓ F-DG2-500 an identity change with no session end in this tab (ar) > a refocus /me that returns another identity removes every session query before B renders, and drops A's drafts  583ms
   ✓ F-DG2-500 an identity change with no session end in this tab (ar) > a new session of the same person (signed in again elsewhere) refetches the queries but keeps their own draft 234ms
   ✓ F-DG2-500 an identity change with no session end in this tab (ar) > the same identity re-probed (window refocus) keeps the cache and the page state  349ms
   ✓ F-DG2-500 sign-out here and 403 (ar) > signing out here clears everything; B signing in afterwards never sees A's records  757ms
   ✓ F-DG2-500 sign-out here and 403 (ar) > a 403 is never a session end: the phase, the identity and the cache are kept  304ms
   ✓ F-DG2-500 the API client clears through the registered hook, with nothing mounted > a 401 `unauthenticated` while active runs the reset once, before the phase is announced 13ms
   ✓ F-DG2-500 the API client clears through the registered hook, with nothing mounted > a 401 with no session in this tab, a 401 with another code and a silent 401 clear nothing 58ms
   ✓ F-DG2-500 the API client clears through the registered hook, with nothing mounted > GET /me with another user or another session resets every query except the identity being stored 11ms
   ✓ F-DG2-500 the API client clears through the registered hook, with nothing mounted > noteSessionIdentity: the first identity of a document is not a change 0ms
 ✓ |unit-web| src/pages/portfolio/fe-e.test.tsx (18 tests) 9648ms
   ✓ Funding decisions (en) > is a labelled business approval with no 'on behalf of' control; rationale required; POST with an Idempotency-Key  1472ms
   ✓ Funding decisions (en) > the BE-E 422s are the dialog's one translated alert; funding.amount_invalid is also inline at /amount  703ms
   ✓ Funding decisions (ar) > is a labelled business approval with no 'on behalf of' control; rationale required; POST with an Idempotency-Key  526ms
   ✓ Funding decisions (ar) > the BE-E 422s are the dialog's one translated alert; funding.amount_invalid is also inline at /amount  772ms
   ✓ Funding decisions (ar) > the history shows a missing amount as Unknown (never 0); a re-selected initiative explains the deselect rule  350ms
   ✓ Funding decisions (ar) > an exact decimal amount is shown with its currency; the auditor sees no record control  439ms
   ✓ Deliverables and milestones on the card (en) > creates (Idempotency-Key), edits (If-Match) and archives (reason, If-Match) a deliverable  695ms
   ✓ Deliverables and milestones on the card (en) > creates a milestone with its wave and forecast, and edits it with If-Match  464ms
   ✓ Deliverables and milestones on the card (en) > the card edit form translates initiative.planned_range specifically (RecordDialog namespaces)  483ms
   ✓ Deliverables and milestones on the card (ar) > creates (Idempotency-Key), edits (If-Match) and archives (reason, If-Match) a deliverable  574ms
   ✓ Deliverables and milestones on the card (ar) > creates a milestone with its wave and forecast, and edits it with If-Match  457ms
   ✓ Deliverables and milestones on the card (ar) > the card edit form translates initiative.planned_range specifically (RecordDialog namespaces)  1352ms
 ✓ |unit-web| src/auth/session-end.test.tsx (12 tests) 12460ms
   ✓ session end while the app is open (en) > a 401 on navigation lands once on sign-in with the message; signing in again returns to the page  3171ms
   ✓ session end while the app is open (en) > a 401 on a dialog mutation (the commit-time upload refusal) closes the dialog and lands once on sign-in  1411ms
   ✓ session end while the app is open (en) > a sign-out elsewhere noticed by the next /me probe lands once on sign-in, never on the stale shell  671ms
   ✓ session end while the app is open (en) > a 403 (forbidden) is never treated as a session end  783ms
   ✓ session end while the app is open (ar) > a 401 on navigation lands once on sign-in with the message; signing in again returns to the page  1224ms
   ✓ session end while the app is open (ar) > a 401 on a dialog mutation (the commit-time upload refusal) closes the dialog and lands once on sign-in  1562ms
   ✓ session end while the app is open (ar) > a sign-out elsewhere noticed by the next /me probe lands once on sign-in, never on the stale shell  498ms
   ✓ session end while the app is open (ar) > a 403 (forbidden) is never treated as a session end  1179ms
   ✓ session end under <StrictMode> (as in production) > still lands exactly once on sign-in  915ms
   ✓ sign-in page and the cached identity > decides 'already signed in' only from a fresh /me, never from a stale cache  424ms
   ✓ sign-in page and the cached identity > signing out here shows 'signed out', not 'session ended', and no /me loop  565ms
 ✓ |unit-web| src/pages/gates/g4.test.tsx (16 tests) 9641ms
   ✓ G4 refusal item by item (en) > two initiatives without owners: two separate translated 'Owners' items, never the joined English message  2241ms
   ✓ G4 refusal item by item (en) > without a usable gate view: one translated line per refused criterion, never the English message  753ms
   ✓ G4 refusal item by item (ar) > two initiatives without owners: two separate translated 'Owners' items, never the joined English message  569ms
   ✓ G4 refusal item by item (ar) > without a usable gate view: one translated line per refused criterion, never the English message  412ms
   ✓ G4 view (en) > a refused submission shows the 422 list with the initiative names, translated  362ms
   ✓ G4 view (en) > the decision's 403 urn:mth:problem:forbidden is translated  924ms
   ✓ G4 view (en) > the decision's 403 urn:mth:problem:forbidden is translated  391ms
   ✓ G4 view (en) > the decision's 409 urn:mth:problem:version-conflict is translated  791ms
   ✓ G4 view (ar) > lists the eight G4 criteria with their missing items: 'Owners', 'Finance validation' and the initiative  522ms
   ✓ G4 view (ar) > a refused submission shows the 422 list with the initiative names, translated  750ms
   ✓ G4 view (ar) > the decision's 403 urn:mth:problem:forbidden is translated  689ms
   ✓ G4 view (ar) > the decision's 403 urn:mth:problem:forbidden is translated  717ms
   ✓ G4 view (ar) > the decision's 409 urn:mth:problem:version-conflict is translated  328ms
 ✓ |unit-web| src/pages/transformations/transformations.test.tsx (21 tests) 10128ms
   ✓ after create (F-DG1-004) > shows the created record when the server lets the creator read it  1438ms
   ✓ after create (F-DG1-004) > explains, in English, that the draft was created but cannot be opened (server 404), instead of 'Not found'  438ms
   ✓ after create (F-DG1-004) > explains the same in Arabic (RTL), using the glossary term for Transformation  329ms
   ✓ after create (F-DG1-004) > treats a 403 for the just-created record the same way  340ms
   ✓ audit trail changes (F-DG1-005) > English: field and value labels, not raw keys or enum codes  367ms
   ✓ derived creator assignment on the audit trail (F-DG1-008) > English: localized action, fields, role, user and scope; nothing raw or marked untranslated  438ms
   ✓ derived creator assignment on the audit trail (F-DG1-008) > an action the catalogue does not know stays readable and is explicitly marked (en and ar)  942ms
   ✓ effective permissions refresh after create (F-DG1-210) > English: Edit, Archive and the audit trail appear after create, without a reload  2010ms
   ✓ effective permissions refresh after create (F-DG1-210) > Arabic (RTL): the same controls and the audit trail appear after create, without a reload  1242ms
   ✓ effective permissions refresh after create (F-DG1-210) > does not over-grant: if the refreshed server answer adds nothing, Archive and the audit trail stay hidden  937ms
   ✓ effective permissions refresh after create (F-DG1-210) > a failed /me refresh never blocks the navigation; the UI stays fail-safe (no controls offered)  517ms
 ✓ |unit-web| src/pages/my-work/my-work.test.tsx (21 tests) 7712ms
   ✓ My Work (en) > renders tasks and reminders from messageKey + messageParams; Unknown due dates; system-managed tasks  962ms
   ✓ My Work (en) > marks a task done and a reminder read with bodiless POSTs and If-Match  761ms
   ✓ My Work (ar) > marks a task done and a reminder read with bodiless POSTs and If-Match  860ms
   ✓ Calendar, jobs and groups (en) > calendar: a technical administrator adds a holiday; a range error is caught before sending  1096ms
   ✓ Calendar, jobs and groups (en) > jobs: no permission without job.read; job.configure edits a schedule with If-Match  598ms
   ✓ Calendar, jobs and groups (en) > groups: membership grants no permission (stated); group.manage creates a group  325ms
   ✓ Calendar, jobs and groups (ar) > calendar: read-only without calendar.configure; the calculator shows Unknown with its reason  332ms
   ✓ Calendar, jobs and groups (ar) > calendar: a technical administrator adds a holiday; a range error is caught before sending  1241ms
   ✓ Calendar, jobs and groups (ar) > jobs: no permission without job.read; job.configure edits a schedule with If-Match  516ms
 ✓ |unit-web| src/pages/capacity/fe-e.test.tsx (13 tests) 8885ms
   ✓ capacity editing (en) > creates a role; a taken code (409) is the form's translated alert; then the role is created  2076ms
   ✓ capacity editing (en) > edits a role's labels and archives it, each with If-Match  823ms
   ✓ capacity editing (en) > creates a capacity row with a decimal FTE string; a duplicate (409) is translated  722ms
   ✓ capacity editing (en) > creates a demand; after the save the plan is re-read and the conflict with its shortfall appears; Unknown stays Unknown  1001ms
   ✓ capacity editing (en) > edits a planned demand with If-Match; 422 resource_demand.not_planned is translated  1184ms
   ✓ capacity editing (en) > the read-only auditor sees roles and capacity rows with no editing control  310ms
   ✓ capacity editing (ar) > creates a role; a taken code (409) is the form's translated alert; then the role is created  304ms
   ✓ capacity editing (ar) > edits a role's labels and archives it, each with If-Match  475ms
   ✓ capacity editing (ar) > creates a capacity row with a decimal FTE string; a duplicate (409) is translated  401ms
   ✓ capacity editing (ar) > creates a demand; after the save the plan is re-read and the conflict with its shortfall appears; Unknown stays Unknown  691ms
   ✓ capacity editing (ar) > edits a planned demand with If-Match; 422 resource_demand.not_planned is translated  484ms
   ✓ capacity editing (ar) > the read-only auditor sees roles and capacity rows with no editing control  357ms
 ✓ |unit-web| src/pages/gates/g1-agreements.test.tsx (10 tests) 9961ms
   ✓ G1 agreements step (en) > approving G1 needs the three labelled confirmations; then sends agreements with all three true  1731ms
   ✓ G1 agreements step (en) > a non-approve outcome on G1 sends no agreements (even after ticking them)  854ms
   ✓ G1 agreements step (en) > approving another gate (G2) shows no confirmations and sends no agreements  614ms
   ✓ G1 agreements step (en) > the server's 422 gate.g1_agreements_required is the one form-level alert, with the missing confirmations  1273ms
   ✓ G1 agreements step (en) > the server's 422 gate.agreements_not_applicable is translated as the one form-level alert  529ms
   ✓ G1 agreements step (ar) > approving G1 needs the three labelled confirmations; then sends agreements with all three true  1471ms
   ✓ G1 agreements step (ar) > a non-approve outcome on G1 sends no agreements (even after ticking them)  775ms
   ✓ G1 agreements step (ar) > approving another gate (G2) shows no confirmations and sends no agreements  794ms
   ✓ G1 agreements step (ar) > the server's 422 gate.g1_agreements_required is the one form-level alert, with the missing confirmations  1071ms
   ✓ G1 agreements step (ar) > the server's 422 gate.agreements_not_applicable is translated as the one form-level alert  811ms
 ✓ |unit-web| src/pages/dispensations/dispensations.test.tsx (12 tests) 9127ms
   ✓ Dispensations (en) > lists waivers and inherited approvals; unverified evidence is shown as unverified; recorder cannot decide  1342ms
   ✓ Dispensations (en) > a waiver needs a reason and an expiry: refused inline, nothing sent; then sent with its scope  999ms
   ✓ Dispensations (en) > an inherited approval (Modular) needs the approving body, the date and evidence; 422s are translated  909ms
   ✓ Dispensations (en) > deciding is a labelled business approval; the delegated-decision 422 and the recorder 403 are translated  971ms
   ✓ Dispensations (en) > revoking an accepted dispensation needs a reason and is a business approval  492ms
   ✓ Dispensations (en) > the read-only auditor sees the register with no enabled write control  374ms
   ✓ Dispensations (ar) > lists waivers and inherited approvals; unverified evidence is shown as unverified; recorder cannot decide  576ms
   ✓ Dispensations (ar) > a waiver needs a reason and an expiry: refused inline, nothing sent; then sent with its scope  770ms
   ✓ Dispensations (ar) > an inherited approval (Modular) needs the approving body, the date and evidence; 422s are translated  640ms
   ✓ Dispensations (ar) > deciding is a labelled business approval; the delegated-decision 422 and the recorder 403 are translated  795ms
   ✓ Dispensations (ar) > revoking an accepted dispensation needs a reason and is a business approval  686ms
   ✓ Dispensations (ar) > the read-only auditor sees the register with no enabled write control  571ms
 ✓ |unit-web| src/pages/dependencies/dependencies.test.tsx (12 tests) 7699ms
   ✓ dependencies (en) > shows the seven T08 columns, an External source, the type label and the needed-by conflict flag  1394ms
   ✓ dependencies (en) > a cycle is refused and shown as the translated message with the path INI-01 → INI-02 → INI-03 → INI-01  530ms
   ✓ dependencies (en) > an External source is sent as {kind: external, label}  884ms
   ✓ dependencies (en) > dependency types: system types are undeletable; an administrator may retire a custom type  769ms
   ✓ dependencies (en) > a system type's 422 dependency_type.system_undeletable is translated  435ms
   ✓ dependencies (ar) > shows the seven T08 columns, an External source, the type label and the needed-by conflict flag  419ms
   ✓ dependencies (ar) > a cycle is refused and shown as the translated message with the path INI-01 → INI-02 → INI-03 → INI-01  494ms
   ✓ dependencies (ar) > an External source is sent as {kind: external, label}  1011ms
   ✓ dependencies (ar) > dependency types: system types are undeletable; an administrator may retire a custom type  379ms
   ✓ dependencies (ar) > a system type's 422 dependency_type.system_undeletable is translated  804ms
   ✓ dependencies (ar) > the read-only auditor sees the map and no write control  347ms
 ✓ |unit-web| src/pages/roadmap/roadmap.test.tsx (14 tests) 9248ms
   ✓ roadmap (en) > shows the four source waves verbatim (English source also shown in Arabic) with overlapping horizons  826ms
   ✓ roadmap (en) > moving a milestone PATCHes the forecast with If-Match and the timeline, table and board all show the new date from one refetch  778ms
   ✓ roadmap (en) > a 409 on moving a milestone shows the conflict notice and reloads the roadmap  616ms
   ✓ roadmap (en) > re-approving a date requires a reason; then it is POSTed with If-Match  949ms
   ✓ roadmap (en) > deliverable acceptance sends the AcceptanceDecision with If-Match (no 'on behalf of' control)  943ms
   ✓ roadmap (en) > the read-only auditor sees no write control  313ms
   ✓ roadmap (ar) > shows the four source waves verbatim (English source also shown in Arabic) with overlapping horizons  425ms
   ✓ roadmap (ar) > moving a milestone PATCHes the forecast with If-Match and the timeline, table and board all show the new date from one refetch  1432ms
   ✓ roadmap (ar) > a 409 on moving a milestone shows the conflict notice and reloads the roadmap  992ms
   ✓ roadmap (ar) > re-approving a date requires a reason; then it is POSTed with If-Match  481ms
   ✓ roadmap (ar) > deliverable acceptance sends the AcceptanceDecision with If-Match (no 'on behalf of' control)  580ms
   ✓ roadmap (ar) > an Unknown schedule flag is shown as Unknown; missing dates are Unknown, never blank  345ms
   ✓ roadmap (ar) > the read-only auditor sees no write control  329ms
 ✓ |unit-web| src/pages/raci/governance.test.tsx (15 tests) 5097ms
   ✓ Governance (en) > RACI: edits a row with the cell selects and saves it as one PATCH with If-Match  856ms
   ✓ Governance (en) > RACI: an auditor sees the matrix read-only (no cell editor, no save)  346ms
   ✓ Governance (en) > decision rights: submits the matrix for business approval with If-Match  469ms
   ✓ Governance (en) > decision rights: a field with an unknown party code is refused before sending  657ms
   ✓ Governance (ar) > decision rights: seeded rows; the due-date preview shows Unknown with its reason  718ms
   ✓ Governance (ar) > decision rights: submits the matrix for business approval with If-Match  428ms
   ✓ Governance (ar) > decision rights: a field with an unknown party code is refused before sending  321ms
 ✓ |unit-web| src/pages/roadmap/fe-e.test.tsx (8 tests) 8044ms
   ✓ wave editing (en) > edits planned dates (overlap accepted) with If-Match; the source text is read-only and never sent  1460ms
   ✓ wave editing (en) > 422 roadmap_wave.planned_range is inline at the planned end and translated  687ms
   ✓ wave editing (en) > adds a non-source wave with its bilingual texts (POST, Idempotency-Key)  1881ms
   ✓ wave editing (en) > the read-only auditor gets no wave control  389ms
   ✓ wave editing (ar) > edits planned dates (overlap accepted) with If-Match; the source text is read-only and never sent  544ms
   ✓ wave editing (ar) > 422 roadmap_wave.planned_range is inline at the planned end and translated  756ms
   ✓ wave editing (ar) > adds a non-source wave with its bilingual texts (POST, Idempotency-Key)  1797ms
   ✓ wave editing (ar) > the read-only auditor gets no wave control  524ms
 ✓ |unit-web| src/pages/approvals/approvals.test.tsx (16 tests) 7393ms
   ✓ Approvals (en) > lists my approvals; an Unknown due date shows Unknown with its reason, never a date  338ms
   ✓ Approvals (en) > offers exactly four outcomes; defer needs a date; the decision sends subjectVersion with If-Match  1293ms
   ✓ Approvals (en) > a blank rationale is refused before sending  391ms
   ✓ Approvals (en) > a stale 409 says the record changed, records nothing and links to the history  449ms
   ✓ Approvals (ar) > offers exactly four outcomes; defer needs a date; the decision sends subjectVersion with If-Match  797ms
   ✓ Approvals (ar) > a blank rationale is refused before sending  639ms
   ✓ Approvals (ar) > a stale 409 says the record changed, records nothing and links to the history  586ms
   ✓ Approvals (ar) > offers 'on behalf of' only for an active delegation to me  619ms
   ✓ Delegations (en) > revokes with a reason and If-Match; a read-only user sees no action  345ms
   ✓ Delegations (ar) > revokes with a reason and If-Match; a read-only user sees no action  567ms
 ✓ |unit-web| src/app/app.test.tsx (17 tests) 5354ms
   ✓ bilingual shell > switches to English LTR and persists the preference with If-Match  557ms
   ✓ bilingual shell > shows all fourteen areas to an administrator  769ms
   ✓ bilingual shell > hides Administration from a Workstream Lead, and the admin route shows no-permission  655ms
   ✓ bilingual shell > a partial area (Governance) leads into the Gates tab of each transformation; its portfolio view stays planned  846ms
   ✓ transformations > lists transformations with a sortable code column and removable filter chips  901ms
   ✓ transformations > detail shows the workspace header with Unknown for data from later stages  466ms
 ✓ |unit-web| src/components/LanguageSwitch.test.tsx (10 tests) 4917ms
   ✓ a refused language save, 'en' → other ('403 csrf') > keeps ar on screen and says, in ar, that it was not saved  1437ms
   ✓ a refused language save, 'ar' → other ('403 csrf') > keeps en on screen and says, in en, that it was not saved  671ms
   ✓ a refused language save, 'en' → other ('403 forbidden') > keeps ar on screen and says, in ar, that it was not saved  508ms
   ✓ a refused language save, 'ar' → other ('503') > keeps en on screen and says, in en, that it was not saved  607ms
   ✓ the live region and the persisted preference > switching back clears the notice; the region stays in the DOM, empty  308ms
   ✓ the live region and the persisted preference > if the persisted preference changes later and is re-applied, the notice says so in that language  302ms
   ✓ the live region and the persisted preference > en: the notice is a warning banner below the header, not inside it  514ms
 ✓ |unit-web| src/app/p3-seams.test.tsx (10 tests) 4339ms
   ✓ P3 routes > workspace tabs (en) > the workspace tabs include the P3 tabs, labelled from their own namespaces  815ms
   ✓ P3 routes > workspace tabs (ar) > the workspace tabs include the P3 tabs, labelled from their own namespaces  428ms
   ✓ P3 navigation areas > en /initiatives-roadmaps leads into the Initiatives and Roadmaps tab of each transformation  1227ms
   ✓ P3 navigation areas > ar /initiatives-roadmaps leads into the المبادرات وخرائط الطريق tab of each transformation  475ms
   ✓ P3 navigation areas > en /benefits-finance leads into the Benefits and Finance tab of each transformation  703ms
   ✓ P3 navigation areas > ar /benefits-finance leads into the المنافع والمالية tab of each transformation  658ms
 ✓ |unit-web| src/pages/gates/inherited-approval.test.tsx (16 tests) 5302ms
   ✓ inherited-approval annotation (en) > Gates list: G1 pending_verification (counts false) is a badge next to 'Not submitted'  1120ms
   ✓ inherited-approval annotation (en) > Gates list: G1 accepted (counts true) is a badge next to 'Not submitted'  443ms
   ✓ inherited-approval annotation (en) > Gates list: G1 accepted (counts false) is a badge next to 'Not submitted'  551ms
   ✓ inherited-approval annotation (en) > gate view: an accepted inherited approval is a labelled row beside the 'Not submitted' status  500ms
   ✓ inherited-approval annotation (en) > gate view: without an inherited approval there is no row  473ms
 ✓ |unit-web| src/pages/capacity/capacity.test.tsx (6 tests) 2784ms
   ✓ capacity (en) > the role × month grid shows decimal FTE, the conflict with its shortfall, and Unknown capacity as Unknown (never 0)  700ms
   ✓ capacity (en) > committing a demand POSTs with If-Match; a 409 shows the conflict notice and reloads  740ms
   ✓ capacity (en) > the read-only auditor sees the grid and no commit or release control  367ms
   ✓ capacity (ar) > committing a demand POSTs with If-Match; a 409 shows the conflict notice and reloads  336ms
   ✓ capacity (ar) > the read-only auditor sees the grid and no commit or release control  413ms
 ✓ |unit-web| src/pages/transformations/modeGuidance.test.tsx (5 tests) 2355ms
   ✓ New transformation: mode guidance (English LTR) > shows When to use and How for the selected mode and switches with the mode  1180ms
   ✓ New transformation: mode guidance (English LTR) > Modular requires an entry phase before anything is sent  382ms
   ✓ New transformation: mode guidance (English LTR) > a server validation error on the entry phase is shown on that field  501ms
 ✓ |unit-web| src/components/States.test.tsx (15 tests) 690ms
 ✓ |unit-web| src/pages/readiness/readiness.test.tsx (4 tests) 1960ms
   ✓ Readiness (en) > lists the missing diagnostic areas by name, the gates and the translated sequencing blockers  1071ms
   ✓ Readiness (en) > an accepted, verified inherited approval counts, and the gate itself still is not approved  323ms
   ✓ Readiness (ar) > lists the missing diagnostic areas by name, the gates and the translated sequencing blockers  401ms
 ✓ |unit-web| src/components/RecordForm.alerts.test.tsx (16 tests) 2357ms
   ✓ record form: one alert per distinct form error (en) > dialog > a 400 whose only field error has pointer "" says its message once, in one live region  800ms
 ✓ |unit-web| src/i18n/i18n.test.ts (11 tests) 49ms
 ✓ |unit-web| src/lib/auditChanges.test.ts (125 tests) 187ms
 ✓ |unit-web| src/test/react-warning-guard.test.tsx (4 tests) 90ms
 ✓ |unit-web| src/lib/lib.test.ts (24 tests) 67ms
 ✓ |unit-web| src/i18n/glossary.test.ts (8 tests) 37ms
 ✓ |unit-web| src/test/harness-config.test.ts (2 tests) 4ms
 ✓ |unit-web| src/styles/styles.test.ts (6 tests) 23ms
 ✓ |unit-web| src/pages/business-cases/problem-codes.test.ts (4 tests) 24ms
 ✓ |unit-node| apps/api/src/modules/kpi/kpi.test.ts (38 tests) 3482ms
   ✓ kpi module (P2) > its declared boundary holds, and a planted bypass or undeclared dependency would be caught  3083ms
 ✓ |unit-node| apps/api/src/architecture.test.ts (137 tests) 18378ms
   ✓ API module boundaries (ADR-0002) > every import respects dependsOn, public surfaces and allowed packages  11629ms
   ✓ package dependency direction (ADR-0002 rule 5) > packages/db imports only @mth/config and @mth/shared  550ms
   ✓ package dependency direction (ADR-0002 rule 5) > packages/shared imports no workspace package  1347ms
   ✓ package dependency direction (ADR-0002 rule 5) > apps/web never imports @mth/db or @mth/config (browser bundle, no secrets)  3608ms
 ✓ |unit-node| packages/shared/src/formula/fuzz.test.ts (111 tests) 18156ms
   ✓ fuzz: no uncaught exception, no code execution > 10 000 random byte strings (0–255, up to 80 bytes)  4154ms
   ✓ fuzz: no uncaught exception, no code execution > 10 000 random UTF-16 strings including astral code points and lone surrogates  3025ms
   ✓ fuzz: no uncaught exception, no code execution > 20 000 random strings over the grammar alphabet reach parser, type checker and evaluator  6968ms
   ✓ source scan: no dynamic code in packages/shared/src/formula (ADR-0024 §6) > every file of the engine's import closure gets the engine-source lint rules (eslint.config.js)  2593ms
   ✓ source scan: no dynamic code in packages/shared/src/formula (ADR-0024 §6) > ESLint refuses the round-5 handler forms (G1, G2, A1, A2), F1 and every lintable probe-table row in an engine source  1104ms
 ✓ |unit-node| packages/shared/src/kpi/property.test.ts (11 tests) 1997ms
   ✓ changes > pp = (x₁ − x₀) × 100 exactly, and relative × |x₀| = x₁ − x₀ (to precision 80)  333ms
   ✓ trajectory > linear expected values lie between the neighbouring points; step values are point values  523ms
 ✓ |unit-node| packages/shared/src/scoring.test.ts (36 tests) 1253ms
   ✓ property: all 5^5 integer score combinations under v1 equal an independent BigInt rational computation > stored value, 2-digit display and 0–100 view all match for 3125 combinations  1105ms
 ✓ |unit-node| apps/api/src/modules/workflows/workflows.test.ts (14 tests) 2311ms
   ✓ workflows module (P2) > its declared boundary holds, and an undeclared dependency would be caught  2133ms
 ✓ |unit-node| apps/api/src/server.test.ts (6 tests) 1486ms
   ✓ route registration > declares access on every /api route and on the health endpoints  481ms
   ✓ route registration > registers dev login only in AUTH_MODE=dev; production configuration refuses dev mode entirely  570ms
 ✓ |unit-node| packages/shared/src/schemas/schemas.test.ts (69 tests) 408ms
 ✓ |unit-node| apps/api/src/modules/evidence/evidence.test.ts (13 tests) 1219ms
   ✓ evidence module (P2) > its declared boundary holds  1012ms
 ✓ |unit-node| apps/api/src/modules/platform/platform.test.ts (19 tests) 599ms
   ✓ invalid characters (U+0000): SQLSTATE mapping and the central request check (F-DG2-231) > a deeply nested body is scanned without recursion (no stack overflow)  339ms
 ✓ |unit-node| packages/config/src/load.test.ts (17 tests) 191ms
 ✓ |unit-node| apps/api/src/modules/platform/in-flight.test.ts (4 tests) 383ms
 ✓ |unit-node| apps/api/src/modules/methodology/methodology.test.ts (4 tests) 616ms
   ✓ methodology module (P2) > its declared boundary holds, and an undeclared dependency would be caught  583ms
 ✓ |unit-node| apps/api/src/modules/reporting/reporting.test.ts (4 tests) 285ms
 ✓ |unit-node| packages/shared/src/value.test.ts (29 tests) 280ms
 ✓ |unit-node| apps/api/src/modules/platform/health.test.ts (2 tests) 43ms
 ✓ |unit-node| packages/shared/src/schemas/roadmap.test.ts (6 tests) 34ms
 ✓ |unit-node| apps/api/src/modules/platform/incomplete-body.test.ts (10 tests) 171ms
 ✓ |unit-node| apps/api/src/modules/platform/media-types.test.ts (57 tests) 183ms
 ✓ |unit-node| packages/shared/src/formula/formula.test.ts (140 tests) 188ms
 ✓ |unit-node| apps/api/src/modules/admin/branding.test.ts (4 tests) 195ms
 ✓ |unit-node| packages/shared/src/kpi/purity.test.ts (14 tests) 327ms
 ✓ |unit-node| apps/api/src/modules/portfolio/readiness-transform.test.ts (4 tests) 6ms
 ✓ |unit-node| apps/api/src/request-encoding.test.ts (11 tests) 262ms
 ✓ |unit-node| packages/shared/src/governance/recurrence.test.ts (19 tests) 14ms
 ✓ |unit-node| apps/api/src/modules/platform/connection-hygiene.test.ts (6 tests) 152ms
 ✓ |unit-node| apps/api/src/modules/kpi/rules.test.ts (30 tests) 52ms
 ✓ |unit-node| packages/design-tokens/src/tokens.test.ts (15 tests) 70ms
 ✓ |unit-node| apps/api/src/modules/platform/db-errors-p4.test.ts (5 tests) 22ms
 ✓ |unit-node| apps/api/src/modules/benefits/register-rules.test.ts (45 tests) 78ms
 ✓ |unit-node| apps/api/src/modules/raid/raid.test.ts (7 tests) 70ms
 ✓ |unit-node| packages/shared/src/time/working-days.test.ts (19 tests) 104ms
 ✓ |unit-node| packages/db/src/seed.test.ts (31 tests) 64ms
 ✓ |unit-node| apps/api/src/modules/platform/advisory-locks.test.ts (3 tests) 86ms
 ✓ |unit-node| apps/api/src/modules/benefits/d2-rules.test.ts (15 tests) 38ms
 ✓ |unit-node| apps/api/src/modules/tasks/tasks.test.ts (5 tests) 62ms
 ✓ |unit-node| apps/api/src/modules/sustainment/sustainment.test.ts (2 tests) 103ms
 ✓ |unit-node| apps/api/src/modules/benefits/benefits.test.ts (2 tests) 81ms
 ✓ |unit-node| packages/shared/src/schedule/critical-path.test.ts (13 tests) 38ms
 ✓ |unit-node| packages/shared/src/kpi/a05.test.ts (17 tests) 81ms
 ✓ |unit-node| packages/shared/src/kpi/periods.test.ts (26 tests) 25ms
 ✓ |unit-node| apps/api/src/modules/benefits/totals.test.ts (14 tests) 66ms
 ✓ |unit-node| apps/api/src/modules/portfolio/budget.test.ts (13 tests) 27ms
 ✓ |unit-node| apps/api/src/modules/governance/governance.test.ts (2 tests) 48ms
(node:4456) [FSTDEP022] FastifyWarning: The router options for constraints property access is deprecated. Please use "options.routerOptions" instead for accessing router options. The router options will be removed in `fastify@6`.
(Use `node --trace-warnings ...` to show where the warning was created)
 ✓ |unit-node| apps/api/src/modules/platform/framework-errors.test.ts (6 tests) 137ms
 ✓ |unit-node| packages/shared/src/schemas/corrective.test.ts (10 tests) 14ms
 ✓ |unit-node| apps/api/src/modules/kpi/p3-gate-facts.test.ts (9 tests) 23ms
 ✓ |unit-node| apps/api/src/modules/portfolio/schedule.test.ts (14 tests) 44ms
 ✓ |unit-node| apps/api/src/modules/adoption/adoption.test.ts (2 tests) 58ms
 ✓ |unit-node| apps/api/src/modules/kpi/formulas.test.ts (10 tests) 244ms
 ✓ |unit-node| apps/api/src/modules/kpi/kbe-c.test.ts (9 tests) 20ms
 ✓ |unit-node| packages/shared/src/kpi/change.test.ts (22 tests) 44ms
 ✓ |unit-node| packages/shared/src/kpi/status.test.ts (25 tests) 19ms
 ✓ |unit-node| apps/api/src/modules/platform/request-encoding.test.ts (7 tests) 98ms
 ✓ |unit-node| apps/api/src/modules/workflows/g4.test.ts (5 tests) 23ms
 ✓ |unit-node| packages/shared/src/kpi/aggregate.test.ts (20 tests) 33ms
 ✓ |unit-node| packages/shared/src/kpi/rag.test.ts (38 tests) 78ms
 ✓ |unit-node| apps/api/src/modules/kpi/totals.test.ts (20 tests) 18ms
 ✓ |unit-node| packages/shared/src/kpi/formula-binding.test.ts (26 tests) 45ms
 ✓ |unit-node| packages/shared/src/kpi/measures.test.ts (30 tests) 28ms
 ✓ |unit-node| packages/shared/src/schedule/working-day-slip.test.ts (11 tests) 14ms
 ✓ |unit-node| packages/shared/src/kpi/types.test.ts (40 tests) 137ms
 ✓ |unit-node| packages/shared/src/kpi/trajectory.test.ts (14 tests) 53ms
 ✓ |unit-node| apps/api/src/modules/transformations/thesis.test.ts (4 tests) 12ms
 ✓ |unit-node| packages/shared/src/adoption/form-schema.test.ts (8 tests) 15ms
 ✓ |unit-node| apps/api/src/modules/raid/corrective.test.ts (4 tests) 50ms
 ✓ |unit-node| apps/api/src/modules/platform/db-errors.test.ts (7 tests) 19ms
 ✓ |unit-node| apps/api/src/modules/transformations/good-outcome.test.ts (7 tests) 16ms
 ✓ |unit-node| apps/api/src/modules/portfolio/sequencing.test.ts (9 tests) 37ms
 ✓ |unit-node| apps/api/src/modules/access/rules.test.ts (12 tests) 18ms
 ✓ |unit-node| apps/api/src/modules/platform/db-errors-p4-meetings.test.ts (4 tests) 123ms
 ✓ |unit-node| apps/api/src/modules/transformations/exclusions.test.ts (19 tests) 13ms
 ✓ |unit-node| apps/api/src/modules/identity/oidc-claims.test.ts (5 tests) 17ms
 ✓ |unit-node| apps/api/src/modules/portfolio/capacity.test.ts (4 tests) 15ms
 ✓ |unit-node| apps/api/src/modules/workflows/t08-cycle-problem.test.ts (2 tests) 5ms
 ✓ |unit-node| apps/api/src/modules/transformations/transitions.test.ts (2 tests) 14ms
 ✓ |unit-node| apps/api/src/modules/governance/raci.test.ts (2 tests) 3ms

⎯⎯⎯⎯⎯⎯⎯ Failed Tests 1 ⎯⎯⎯⎯⎯⎯⎯

 FAIL  |unit-web| src/auth/session-identity.test.tsx > F-DG2-500 sign-out here and 403 (en) > signing out here clears everything; B signing in afterwards never sees A's records
TestingLibraryElementError: Unable to find an element with the text: No transformations yet. This could be because the text is broken up by multiple elements. In this case, you can provide a function for your text matcher to make your matcher more flexible.

Ignored nodes: comments, script, style
[36m<body>[39m
  [36m<div>[39m
    [36m<div[39m
      [33mclass[39m=[32m"app"[39m
    [36m>[39m
      [36m<a[39m
        [33mclass[39m=[32m"skip-link"[39m
        [33mhref[39m=[32m"#main"[39m
      [36m>[39m
        [0mSkip to main content[0m
      [36m</a>[39m
      [36m<header[39m
        [33mclass[39m=[32m"app-header"[39m
      [36m>[39m
        [36m<button[39m
          [33maria-controls[39m=[32m"_r_17_"[39m
          [33maria-expanded[39m=[32m"false"[39m
          [33mclass[39m=[32m"button button--ghost-inverse nav-toggle"[39m
          [33mtype[39m=[32m"button"[39m
        [36m>[39m
          [36m<svg[39m
            [33maria-hidden[39m=[32m"true"[39m
            [33mclass[39m=[32m"icon"[39m
            [33mfill[39m=[32m"none"[39m
            [33mfocusable[39m=[32m"false"[39m
            [33mheight[39m=[32m"16"[39m
            [33mstroke[39m=[32m"currentColor"[39m
            [33mstroke-linecap[39m=[32m"round"[39m
            [33mstroke-linejoin[39m=[32m"round"[39m
            [33mstroke-width[39m=[32m"1.8"[39m
            [33mviewBox[39m=[32m"0 0 20 20"[39m
            [33mwidth[39m=[32m"16"[39m
          [36m>[39m
            [36m<path[39m
              [33md[39m=[32m"M3 5h14M3 10h14M3 15h14"[39m
            [36m/>[39m
          [36m</svg>[39m
          [36m<span[39m
            [33mclass[39m=[32m"visually-hidden"[39m
          [36m>[39m
            [0mShow or hide navigation[0m
          [36m</span>[39m
        [36m</button>[39m
        [36m<a[39m
          [33mclass[39m=[32m"wordmark"[39m
          [33mdata-discover[39m=[32m"true"[39m
          [33mdata-testid[39m=[32m"wordmark"[39m
          [33mhref[39m=[32m"/"[39m
        [36m>[39m
          [36m<span[39m
            [33mclass[39m=[32m"wordmark__name"[39m
          [36m>[39m
            [0mMobily Transformation Hub[0m
          [36m</span>[39m
          [36m<span[39m
            [33mclass[39m=[32m"badge badge--provisional"[39m
            [33mdata-testid[39m=[32m"provisional-badge"[39m
            [33mtitle[39m=[32m"Provisional wordmark: no official logo has been supplied. Colours are provisional design tokens, not verified Mobily brand values."[39m
          [36m>[39m
            [0mProvisional[0m
          [36m</span>[39m
          [36m<span[39m
            [33mclass[39m=[32m"visually-hidden"[39m
          [36m>[39m
            [0mProvisional wordmark: no official logo has been supplied. Colours are provisional design tokens, not verified Mobily brand values.[0m
          [36m</span>[39m
        [36m</a>[39m
        [36m<div[39m
          [33mclass[39m=[32m"app-header__spacer"[39m
        [36m/>[39m
        [36m<span[39m
          [33mclass[39m=[32m"language-switch"[39m
        [36m>[39m
          [36m<button[39m
            [33maria-label[39m=[32m"Switch language to العربية"[39m
            [33mclass[39m=[32m"button button--ghost-inverse button--small"[39m
            [33mlang[39m=[32m"ar"[39m
            [33mtype[39m=[32m"button"[39m
          [36m>[39m
            [0mالعربية[0m
          [36m</button>[39m
        [36m</span>[39m
        [36m<div[39m
          [33mclass[39m=[32m"user-box"[39m
        [36m>[39m
          [36m<span[39m
            [33mclass[39m=[32m"user-box__name"[39m
          [36m>[39m
            [0mSynthetic User B[0m
          [36m</span>[39m
          [36m<span[39m
            [33mclass[39m=[32m"user-box__org"[39m
          [36m>[39m
            [0mSynthetic Organization[0m
          [36m</span>[39m
        [36m</div>[39m
        [36m<button[39m
          [33mclass[39m=[32m"button button--ghost-inverse button--small"[39m
          [33mtype[39m=[32m"button"[39m
        [36m>[39m
          [36m<svg[39m
            [33maria-hidden[39m=[32m"true"[39m
            [33mclass[39m=[32m"icon"[39m
            [33mfill[39m=[32m"none"[39m
            [33mfocusable[39m=[32m"false"[39m
            [33mheight[39m=[32m"16"[39m
            [33mstroke[39m=[32m"currentColor"[39m
            [33mstroke-linecap[39m=[32m"round"[39m
            [33mstroke-linejoin[39m=[32m"round"[39m
            [33mstroke-width[39m=[32m"1.8"[39m
            [33mviewBox[39m=[32m"0 0 20 20"[39m
            [33mwidth[39m=[32m"16"[39m
          [36m>[39m
            [36m<path[39m
              [33md[39m=[32m"M8 4H4v12h4M12 6l4 4-4 4M16 10H8"[39m
            [36m/>[39m
          [36m</svg>[39m
          [0m [0m
          [36m<span[39m
            [33mclass[39m=[32m"app-header__label"[39m
          [36m>[39m
            [0mSign out[0m
          [36m</span>[39m
        [36m</button>[39m
      [36m</header>[39m
      [36m<div[39m
        [33maria-atomic[39m=[32m"true"[39m
        [33maria-live[39m=[32m"polite"[39m
        [33mclass[39m=[32m"app-notice language-switch__live"[39m
        [33mlang[39m=[32m"en"[39m
      [36m/>[39m
      [36m<div[39m
        [33mclass[39m=[32m"app-body"[39m
      [36m>[39m
        [36m<nav[39m
          [33maria-label[39m=[32m"Primary navigation"[39m
          [33mclass[39m=[32m"app-nav"[39m
          [33mid[39m=[32m"_r_17_"[39m
        [36m>[39m
          [36m<ul[39m
            [33mclass[39m=[32m"app-nav__list"[39m
          [36m>[39m
            [36m<li>[39m
              [36m<a[39m
                [33maria-current[39m=[32m"page"[39m
                [33mclass[39m=[32m"app-nav__link active"[39m
                [33mdata-area[39m=[32m"myWork"[39m
                [33mdata-discover[39m=[32m"true"[39m
                [33mhref[39m=[32m"/my-work"[39m
              [36m>[39m
                [36m<span>[39m
                  [0mMy Work[0m
                [36m</span>[39m
              [36m</a>[39m
              [36m<ul[39m
                [33maria-label[39m=[32m"My Work"[39m
                [33mclass[39m=[32m"app-nav__sublist"[39m
              [36m>[39m
                [36m<li>[39m
                  [36m<a[39m
                    [33maria-current[39m=[32m"page"[39m
                    [33mclass[39m=[32m"app-nav__link app-nav__link--sub active"[39m
                    [33mdata-discover[39m=[32m"true"[39m
                    [33mdata-subpage[39m=[32m"myWorkItems"[39m
                    [33mhref[39m=[32m"/my-work"[39m
                  [36m>[39m
                    [0mTasks and inbox[0m
                  [36m</a>[39m
                [36m</li>[39m
                [36m<li>[39m
                  [36m<a[39m
                    [33mclass[39m=[32m"app-nav__link app-nav__link--sub"[39m
                    [33mdata-discover[39m=[32m"true"[39m
                    [33mdata-subpage[39m=[32m"approvals"[39m
                  ...

Ignored nodes: comments, script, style
[36m<body>[39m
  [36m<div>[39m
    [36m<div[39m
      [33mclass[39m=[32m"app"[39m
    [36m>[39m
      [36m<a[39m
        [33mclass[39m=[32m"skip-link"[39m
        [33mhref[39m=[32m"#main"[39m
      [36m>[39m
        [0mSkip to main content[0m
      [36m</a>[39m
      [36m<header[39m
        [33mclass[39m=[32m"app-header"[39m
      [36m>[39m
        [36m<button[39m
          [33maria-controls[39m=[32m"_r_17_"[39m
          [33maria-expanded[39m=[32m"false"[39m
          [33mclass[39m=[32m"button button--ghost-inverse nav-toggle"[39m
          [33mtype[39m=[32m"button"[39m
        [36m>[39m
          [36m<svg[39m
            [33maria-hidden[39m=[32m"true"[39m
            [33mclass[39m=[32m"icon"[39m
            [33mfill[39m=[32m"none"[39m
            [33mfocusable[39m=[32m"false"[39m
            [33mheight[39m=[32m"16"[39m
            [33mstroke[39m=[32m"currentColor"[39m
            [33mstroke-linecap[39m=[32m"round"[39m
            [33mstroke-linejoin[39m=[32m"round"[39m
            [33mstroke-width[39m=[32m"1.8"[39m
            [33mviewBox[39m=[32m"0 0 20 20"[39m
            [33mwidth[39m=[32m"16"[39m
          [36m>[39m
            [36m<path[39m
              [33md[39m=[32m"M3 5h14M3 10h14M3 15h14"[39m
            [36m/>[39m
          [36m</svg>[39m
          [36m<span[39m
            [33mclass[39m=[32m"visually-hidden"[39m
          [36m>[39m
            [0mShow or hide navigation[0m
          [36m</span>[39m
        [36m</button>[39m
        [36m<a[39m
          [33mclass[39m=[32m"wordmark"[39m
          [33mdata-discover[39m=[32m"true"[39m
          [33mdata-testid[39m=[32m"wordmark"[39m
          [33mhref[39m=[32m"/"[39m
        [36m>[39m
          [36m<span[39m
            [33mclass[39m=[32m"wordmark__name"[39m
          [36m>[39m
            [0mMobily Transformation Hub[0m
          [36m</span>[39m
          [36m<span[39m
            [33mclass[39m=[32m"badge badge--provisional"[39m
            [33mdata-testid[39m=[32m"provisional-badge"[39m
            [33mtitle[39m=[32m"Provisional wordmark: no official logo has been supplied. Colours are provisional design tokens, not verified Mobily brand values."[39m
          [36m>[39m
            [0mProvisional[0m
          [36m</span>[39m
          [36m<span[39m
            [33mclass[39m=[32m"visually-hidden"[39m
          [36m>[39m
            [0mProvisional wordmark: no official logo has been supplied. Colours are provisional design tokens, not verified Mobily brand values.[0m
          [36m</span>[39m
        [36m</a>[39m
        [36m<div[39m
          [33mclass[39m=[32m"app-header__spacer"[39m
        [36m/>[39m
        [36m<span[39m
          [33mclass[39m=[32m"language-switch"[39m
        [36m>[39m
          [36m<button[39m
            [33maria-label[39m=[32m"Switch language to العربية"[39m
            [33mclass[39m=[32m"button button--ghost-inverse button--small"[39m
            [33mlang[39m=[32m"ar"[39m
            [33mtype[39m=[32m"button"[39m
          [36m>[39m
            [0mالعربية[0m
          [36m</button>[39m
        [36m</span>[39m
        [36m<div[39m
          [33mclass[39m=[32m"user-box"[39m
        [36m>[39m
          [36m<span[39m
            [33mclass[39m=[32m"user-box__name"[39m
          [36m>[39m
            [0mSynthetic User B[0m
          [36m</span>[39m
          [36m<span[39m
            [33mclass[39m=[32m"user-box__org"[39m
          [36m>[39m
            [0mSynthetic Organization[0m
          [36m</span>[39m
        [36m</div>[39m
        [36m<button[39m
          [33mclass[39m=[32m"button button--ghost-inverse button--small"[39m
          [33mtype[39m=[32m"button"[39m
        [36m>[39m
          [36m<svg[39m
            [33maria-hidden[39m=[32m"true"[39m
            [33mclass[39m=[32m"icon"[39m
            [33mfill[39m=[32m"none"[39m
            [33mfocusable[39m=[32m"false"[39m
            [33mheight[39m=[32m"16"[39m
            [33mstroke[39m=[32m"currentColor"[39m
            [33mstroke-linecap[39m=[32m"round"[39m
            [33mstroke-linejoin[39m=[32m"round"[39m
            [33mstroke-width[39m=[32m"1.8"[39m
            [33mviewBox[39m=[32m"0 0 20 20"[39m
            [33mwidth[39m=[32m"16"[39m
          [36m>[39m
            [36m<path[39m
              [33md[39m=[32m"M8 4H4v12h4M12 6l4 4-4 4M16 10H8"[39m
            [36m/>[39m
          [36m</svg>[39m
          [0m [0m
          [36m<span[39m
            [33mclass[39m=[32m"app-header__label"[39m
          [36m>[39m
            [0mSign out[0m
          [36m</span>[39m
        [36m</button>[39m
      [36m</header>[39m
      [36m<div[39m
        [33maria-atomic[39m=[32m"true"[39m
        [33maria-live[39m=[32m"polite"[39m
        [33mclass[39m=[32m"app-notice language-switch__live"[39m
        [33mlang[39m=[32m"en"[39m
      [36m/>[39m
      [36m<div[39m
        [33mclass[39m=[32m"app-body"[39m
      [36m>[39m
        [36m<nav[39m
          [33maria-label[39m=[32m"Primary navigation"[39m
          [33mclass[39m=[32m"app-nav"[39m
          [33mid[39m=[32m"_r_17_"[39m
        [36m>[39m
          [36m<ul[39m
            [33mclass[39m=[32m"app-nav__list"[39m
          [36m>[39m
            [36m<li>[39m
              [36m<a[39m
                [33maria-current[39m=[32m"page"[39m
                [33mclass[39m=[32m"app-nav__link active"[39m
                [33mdata-area[39m=[32m"myWork"[39m
                [33mdata-discover[39m=[32m"true"[39m
                [33mhref[39m=[32m"/my-work"[39m
              [36m>[39m
                [36m<span>[39m
                  [0mMy Work[0m
                [36m</span>[39m
              [36m</a>[39m
              [36m<ul[39m
                [33maria-label[39m=[32m"My Work"[39m
                [33mclass[39m=[32m"app-nav__sublist"[39m
              [36m>[39m
                [36m<li>[39m
                  [36m<a[39m
                    [33maria-current[39m=[32m"page"[39m
                    [33mclass[39m=[32m"app-nav__link app-nav__link--sub active"[39m
                    [33mdata-discover[39m=[32m"true"[39m
                    [33mdata-subpage[39m=[32m"myWorkItems"[39m
                    [33mhref[39m=[32m"/my-work"[39m
                  [36m>[39m
                    [0mTasks and inbox[0m
                  [36m</a>[39m
                [36m</li>[39m
                [36m<li>[39m
                  [36m<a[39m
                    [33mclass[39m=[32m"app-nav__link app-nav__link--sub"[39m
                    [33mdata-discover[39m=[32m"true"[39m
                    [33mdata-subpage[39m=[32m"approvals"[39m
                  ...
 ❯ waitForWrapper ../../node_modules/.pnpm/@testing-library+dom@10.4.1/node_modules/@testing-library/dom/dist/wait-for.js:163:27
 ❯ ../../node_modules/.pnpm/@testing-library+dom@10.4.1/node_modules/@testing-library/dom/dist/query-helpers.js:86:33
 ❯ src/auth/session-identity.test.tsx:295:27
    293|       expect(screen.queryByText(A_SECRET)).toBeNull();
    294|       server.releaseB();
    295|       expect(await screen.findByText(T.transformations.emptyTitle)).to…
       |                           ^
    296|     });
    297| 

⎯⎯⎯⎯⎯⎯⎯⎯⎯⎯⎯⎯⎯⎯⎯⎯⎯⎯⎯⎯⎯⎯⎯⎯[1/1]⎯


 Test Files  1 failed | 118 passed (119)
      Tests  1 failed | 2265 passed (2266)
   Start at  14:33:43
   Duration  273.41s (transform 17.39s, setup 11.83s, collect 229.01s, tests 441.18s, environment 45.25s, prepare 19.74s)

 ELIFECYCLE  Test failed. See above for more details.
EXIT=1
Fri Oct  9 14:38:17 UTC 2026
