# cmd: apps/web/e2e/support/with-stack.sh npx playwright test apps/web/e2e/journeys.spec.ts -g 'shell: navigation' --repeat-each=20 --workers=1 --reporter=list (both projects)
# load generator: 4 busy-loop processes (one per CPU, nproc=4) + '@mth/web' vitest suite x3 in the background
# node v22.22.2; HEAD 951c68a1275b4540388041cab6c8e08ec700ffc8 + working-tree edit; E2E_PG_PORT=54398; date 2026-10-01T22:13:35Z
# loadavg at start: 1.52 1.08 1.49 6/134 21
mth-db migrate: applying 0001_identity_access.sql
mth-db migrate: applying 0002_transformation.sql
mth-db migrate: applying 0003_audit_event.sql
mth-db migrate: applying 0004_outbox_jobs.sql
mth-db migrate: applying 0005_seed_roles_permissions.sql
mth-db migrate: applying 0006_pgboss_schema_v25.sql
mth-db migrate: applying 0007_oidc_login_browser_binding.sql
mth-db migrate: applying 0008_scoped_assignment_derived_from.sql
mth-db migrate: applying 0009_business_unit_hierarchy_guard.sql
mth-db migrate: applied 9 migration(s)
mth-db seed-dev: seeded SYNTHETIC dev users: dev.admin, dev.office, dev.lead, dev.auditor, dev.nobody
{"status":"ready","checks":{"database":"ok","migrations":"ok"}}

Running 40 tests using 1 worker

  ✓   1 [chromium-en] › apps/web/e2e/journeys.spec.ts:178:1 › shell: navigation, language persistence and My Work (Transformation Office) (2.7s)
  ✓   2 [chromium-en] › apps/web/e2e/journeys.spec.ts:178:1 › shell: navigation, language persistence and My Work (Transformation Office) (2.4s)
  ✓   3 [chromium-en] › apps/web/e2e/journeys.spec.ts:178:1 › shell: navigation, language persistence and My Work (Transformation Office) (2.6s)
  ✓   4 [chromium-en] › apps/web/e2e/journeys.spec.ts:178:1 › shell: navigation, language persistence and My Work (Transformation Office) (2.7s)
  ✓   5 [chromium-en] › apps/web/e2e/journeys.spec.ts:178:1 › shell: navigation, language persistence and My Work (Transformation Office) (2.1s)
  ✓   6 [chromium-en] › apps/web/e2e/journeys.spec.ts:178:1 › shell: navigation, language persistence and My Work (Transformation Office) (2.2s)
  ✓   7 [chromium-en] › apps/web/e2e/journeys.spec.ts:178:1 › shell: navigation, language persistence and My Work (Transformation Office) (2.6s)
  ✓   8 [chromium-en] › apps/web/e2e/journeys.spec.ts:178:1 › shell: navigation, language persistence and My Work (Transformation Office) (2.6s)
  ✓   9 [chromium-en] › apps/web/e2e/journeys.spec.ts:178:1 › shell: navigation, language persistence and My Work (Transformation Office) (2.2s)
  ✓  10 [chromium-en] › apps/web/e2e/journeys.spec.ts:178:1 › shell: navigation, language persistence and My Work (Transformation Office) (2.3s)
  ✓  11 [chromium-en] › apps/web/e2e/journeys.spec.ts:178:1 › shell: navigation, language persistence and My Work (Transformation Office) (2.2s)
  ✓  12 [chromium-en] › apps/web/e2e/journeys.spec.ts:178:1 › shell: navigation, language persistence and My Work (Transformation Office) (2.1s)
  ✓  13 [chromium-en] › apps/web/e2e/journeys.spec.ts:178:1 › shell: navigation, language persistence and My Work (Transformation Office) (2.4s)
  ✓  14 [chromium-en] › apps/web/e2e/journeys.spec.ts:178:1 › shell: navigation, language persistence and My Work (Transformation Office) (2.1s)
  ✓  15 [chromium-en] › apps/web/e2e/journeys.spec.ts:178:1 › shell: navigation, language persistence and My Work (Transformation Office) (2.3s)
  ✓  16 [chromium-en] › apps/web/e2e/journeys.spec.ts:178:1 › shell: navigation, language persistence and My Work (Transformation Office) (2.3s)
  ✓  17 [chromium-en] › apps/web/e2e/journeys.spec.ts:178:1 › shell: navigation, language persistence and My Work (Transformation Office) (2.3s)
  ✓  18 [chromium-en] › apps/web/e2e/journeys.spec.ts:178:1 › shell: navigation, language persistence and My Work (Transformation Office) (2.1s)
  ✓  19 [chromium-en] › apps/web/e2e/journeys.spec.ts:178:1 › shell: navigation, language persistence and My Work (Transformation Office) (2.3s)
  ✓  20 [chromium-en] › apps/web/e2e/journeys.spec.ts:178:1 › shell: navigation, language persistence and My Work (Transformation Office) (2.3s)
  ✓  21 [chromium-ar] › apps/web/e2e/journeys.spec.ts:178:1 › shell: navigation, language persistence and My Work (Transformation Office) (2.1s)
  ✓  22 [chromium-ar] › apps/web/e2e/journeys.spec.ts:178:1 › shell: navigation, language persistence and My Work (Transformation Office) (2.3s)
  ✓  23 [chromium-ar] › apps/web/e2e/journeys.spec.ts:178:1 › shell: navigation, language persistence and My Work (Transformation Office) (2.2s)
  ✓  24 [chromium-ar] › apps/web/e2e/journeys.spec.ts:178:1 › shell: navigation, language persistence and My Work (Transformation Office) (2.1s)
  ✓  25 [chromium-ar] › apps/web/e2e/journeys.spec.ts:178:1 › shell: navigation, language persistence and My Work (Transformation Office) (2.1s)
  ✓  26 [chromium-ar] › apps/web/e2e/journeys.spec.ts:178:1 › shell: navigation, language persistence and My Work (Transformation Office) (2.1s)
  ✓  27 [chromium-ar] › apps/web/e2e/journeys.spec.ts:178:1 › shell: navigation, language persistence and My Work (Transformation Office) (2.0s)
  ✓  28 [chromium-ar] › apps/web/e2e/journeys.spec.ts:178:1 › shell: navigation, language persistence and My Work (Transformation Office) (2.1s)
  ✓  29 [chromium-ar] › apps/web/e2e/journeys.spec.ts:178:1 › shell: navigation, language persistence and My Work (Transformation Office) (2.1s)
  ✓  30 [chromium-ar] › apps/web/e2e/journeys.spec.ts:178:1 › shell: navigation, language persistence and My Work (Transformation Office) (2.0s)
  ✓  31 [chromium-ar] › apps/web/e2e/journeys.spec.ts:178:1 › shell: navigation, language persistence and My Work (Transformation Office) (2.1s)
  ✓  32 [chromium-ar] › apps/web/e2e/journeys.spec.ts:178:1 › shell: navigation, language persistence and My Work (Transformation Office) (2.0s)
  ✓  33 [chromium-ar] › apps/web/e2e/journeys.spec.ts:178:1 › shell: navigation, language persistence and My Work (Transformation Office) (2.1s)
  ✓  34 [chromium-ar] › apps/web/e2e/journeys.spec.ts:178:1 › shell: navigation, language persistence and My Work (Transformation Office) (2.0s)
  ✓  35 [chromium-ar] › apps/web/e2e/journeys.spec.ts:178:1 › shell: navigation, language persistence and My Work (Transformation Office) (2.2s)
  ✓  36 [chromium-ar] › apps/web/e2e/journeys.spec.ts:178:1 › shell: navigation, language persistence and My Work (Transformation Office) (2.1s)
  ✓  37 [chromium-ar] › apps/web/e2e/journeys.spec.ts:178:1 › shell: navigation, language persistence and My Work (Transformation Office) (2.1s)
  ✓  38 [chromium-ar] › apps/web/e2e/journeys.spec.ts:178:1 › shell: navigation, language persistence and My Work (Transformation Office) (2.1s)
  ✓  39 [chromium-ar] › apps/web/e2e/journeys.spec.ts:178:1 › shell: navigation, language persistence and My Work (Transformation Office) (2.1s)
  ✓  40 [chromium-ar] › apps/web/e2e/journeys.spec.ts:178:1 › shell: navigation, language persistence and My Work (Transformation Office) (2.1s)

  40 passed (2.8m)
# exit=0
# loadavg at end: 5.35 3.39 2.34 5/138 6865
