# cmd: apps/web/e2e/support/with-stack.sh npx playwright test apps/web/e2e/journeys.spec.ts -g 'shell: navigation' --repeat-each=20 --workers=1 --reporter=list (both projects)
# node v24.21.0; HEAD 951c68a1275b4540388041cab6c8e08ec700ffc8 + working-tree edit; E2E_PG_PORT=54399; date 2026-10-01T22:16:39Z
mth-db migrate: applying 0001_identity_access.sql
mth-db migrate: applying 0002_transformation.sql
mth-db migrate: applying 0003_audit_event.sql
mth-db migrate: applying 0004_outbox_jobs.sql
mth-db migrate: applying 0005_seed_roles_permissions.sql
mth-db migrate: applying 0006_pgboss_schema_v25.sql
mth-db migrate: applying 0007_oidc_login_browser_binding.sql
mth-db migrate: applying 0008_scoped_assignment_derived_from.sql
mth-db migrate: applying 0009_business_unit_hierarchy_guard.sql
mth-db migrate: applied 9 migration(s)
mth-db seed-dev: seeded SYNTHETIC dev users: dev.admin, dev.office, dev.lead, dev.auditor, dev.nobody
{"status":"ready","checks":{"database":"ok","migrations":"ok"}}
npm warn Unknown project config "strict-peer-dependencies". This will stop working in the next major version of npm. See `npm help npmrc` for supported config options.
npm warn Unknown project config "auto-install-peers". This will stop working in the next major version of npm. See `npm help npmrc` for supported config options.
npm warn Unknown project config "link-workspace-packages". This will stop working in the next major version of npm. See `npm help npmrc` for supported config options.

Running 40 tests using 1 worker

  ✓   1 [chromium-en] › apps/web/e2e/journeys.spec.ts:190:1 › shell: navigation, language persistence and My Work (Transformation Office) (1.7s)
  ✓   2 [chromium-en] › apps/web/e2e/journeys.spec.ts:190:1 › shell: navigation, language persistence and My Work (Transformation Office) (1.5s)
  ✓   3 [chromium-en] › apps/web/e2e/journeys.spec.ts:190:1 › shell: navigation, language persistence and My Work (Transformation Office) (1.5s)
  ✓   4 [chromium-en] › apps/web/e2e/journeys.spec.ts:190:1 › shell: navigation, language persistence and My Work (Transformation Office) (1.5s)
  ✓   5 [chromium-en] › apps/web/e2e/journeys.spec.ts:190:1 › shell: navigation, language persistence and My Work (Transformation Office) (1.5s)
  ✓   6 [chromium-en] › apps/web/e2e/journeys.spec.ts:190:1 › shell: navigation, language persistence and My Work (Transformation Office) (1.5s)
  ✓   7 [chromium-en] › apps/web/e2e/journeys.spec.ts:190:1 › shell: navigation, language persistence and My Work (Transformation Office) (1.5s)
  ✓   8 [chromium-en] › apps/web/e2e/journeys.spec.ts:190:1 › shell: navigation, language persistence and My Work (Transformation Office) (1.5s)
  ✓   9 [chromium-en] › apps/web/e2e/journeys.spec.ts:190:1 › shell: navigation, language persistence and My Work (Transformation Office) (1.5s)
  ✓  10 [chromium-en] › apps/web/e2e/journeys.spec.ts:190:1 › shell: navigation, language persistence and My Work (Transformation Office) (1.5s)
  ✓  11 [chromium-en] › apps/web/e2e/journeys.spec.ts:190:1 › shell: navigation, language persistence and My Work (Transformation Office) (1.5s)
  ✓  12 [chromium-en] › apps/web/e2e/journeys.spec.ts:190:1 › shell: navigation, language persistence and My Work (Transformation Office) (1.5s)
  ✓  13 [chromium-en] › apps/web/e2e/journeys.spec.ts:190:1 › shell: navigation, language persistence and My Work (Transformation Office) (1.4s)
  ✓  14 [chromium-en] › apps/web/e2e/journeys.spec.ts:190:1 › shell: navigation, language persistence and My Work (Transformation Office) (1.5s)
  ✓  15 [chromium-en] › apps/web/e2e/journeys.spec.ts:190:1 › shell: navigation, language persistence and My Work (Transformation Office) (1.5s)
  ✓  16 [chromium-en] › apps/web/e2e/journeys.spec.ts:190:1 › shell: navigation, language persistence and My Work (Transformation Office) (1.5s)
  ✓  17 [chromium-en] › apps/web/e2e/journeys.spec.ts:190:1 › shell: navigation, language persistence and My Work (Transformation Office) (1.5s)
  ✓  18 [chromium-en] › apps/web/e2e/journeys.spec.ts:190:1 › shell: navigation, language persistence and My Work (Transformation Office) (1.6s)
  ✓  19 [chromium-en] › apps/web/e2e/journeys.spec.ts:190:1 › shell: navigation, language persistence and My Work (Transformation Office) (1.5s)
  ✓  20 [chromium-en] › apps/web/e2e/journeys.spec.ts:190:1 › shell: navigation, language persistence and My Work (Transformation Office) (1.5s)
  ✓  21 [chromium-ar] › apps/web/e2e/journeys.spec.ts:190:1 › shell: navigation, language persistence and My Work (Transformation Office) (1.5s)
  ✓  22 [chromium-ar] › apps/web/e2e/journeys.spec.ts:190:1 › shell: navigation, language persistence and My Work (Transformation Office) (1.4s)
  ✓  23 [chromium-ar] › apps/web/e2e/journeys.spec.ts:190:1 › shell: navigation, language persistence and My Work (Transformation Office) (1.4s)
  ✓  24 [chromium-ar] › apps/web/e2e/journeys.spec.ts:190:1 › shell: navigation, language persistence and My Work (Transformation Office) (1.4s)
  ✓  25 [chromium-ar] › apps/web/e2e/journeys.spec.ts:190:1 › shell: navigation, language persistence and My Work (Transformation Office) (1.4s)
  ✓  26 [chromium-ar] › apps/web/e2e/journeys.spec.ts:190:1 › shell: navigation, language persistence and My Work (Transformation Office) (1.4s)
  ✓  27 [chromium-ar] › apps/web/e2e/journeys.spec.ts:190:1 › shell: navigation, language persistence and My Work (Transformation Office) (1.4s)
  ✓  28 [chromium-ar] › apps/web/e2e/journeys.spec.ts:190:1 › shell: navigation, language persistence and My Work (Transformation Office) (1.4s)
  ✓  29 [chromium-ar] › apps/web/e2e/journeys.spec.ts:190:1 › shell: navigation, language persistence and My Work (Transformation Office) (1.3s)
  ✓  30 [chromium-ar] › apps/web/e2e/journeys.spec.ts:190:1 › shell: navigation, language persistence and My Work (Transformation Office) (1.4s)
  ✓  31 [chromium-ar] › apps/web/e2e/journeys.spec.ts:190:1 › shell: navigation, language persistence and My Work (Transformation Office) (1.4s)
  ✓  32 [chromium-ar] › apps/web/e2e/journeys.spec.ts:190:1 › shell: navigation, language persistence and My Work (Transformation Office) (1.4s)
  ✓  33 [chromium-ar] › apps/web/e2e/journeys.spec.ts:190:1 › shell: navigation, language persistence and My Work (Transformation Office) (1.4s)
  ✓  34 [chromium-ar] › apps/web/e2e/journeys.spec.ts:190:1 › shell: navigation, language persistence and My Work (Transformation Office) (1.4s)
  ✓  35 [chromium-ar] › apps/web/e2e/journeys.spec.ts:190:1 › shell: navigation, language persistence and My Work (Transformation Office) (1.4s)
  ✓  36 [chromium-ar] › apps/web/e2e/journeys.spec.ts:190:1 › shell: navigation, language persistence and My Work (Transformation Office) (1.4s)
  ✓  37 [chromium-ar] › apps/web/e2e/journeys.spec.ts:190:1 › shell: navigation, language persistence and My Work (Transformation Office) (1.4s)
  ✓  38 [chromium-ar] › apps/web/e2e/journeys.spec.ts:190:1 › shell: navigation, language persistence and My Work (Transformation Office) (1.4s)
  ✓  39 [chromium-ar] › apps/web/e2e/journeys.spec.ts:190:1 › shell: navigation, language persistence and My Work (Transformation Office) (1.4s)
  ✓  40 [chromium-ar] › apps/web/e2e/journeys.spec.ts:190:1 › shell: navigation, language persistence and My Work (Transformation Office) (1.4s)

  40 passed (1.6m)
# exit=0
