port-policy: PostgreSQL listening on port 25601 (attempt 1)
e2e database mth: server_encoding UTF8, lc_collate C, lc_ctype C
mth-db migrate: applying 0001_identity_access.sql
mth-db migrate: applying 0002_transformation.sql
mth-db migrate: applying 0003_audit_event.sql
mth-db migrate: applying 0004_outbox_jobs.sql
mth-db migrate: applying 0005_seed_roles_permissions.sql
mth-db migrate: applying 0006_pgboss_schema_v25.sql
mth-db migrate: applying 0007_oidc_login_browser_binding.sql
mth-db migrate: applying 0008_scoped_assignment_derived_from.sql
mth-db migrate: applying 0009_business_unit_hierarchy_guard.sql
mth-db migrate: applying 0010_p2_record_guards.sql
mth-db migrate: applying 0011_p2_methodology_catalogue.sql
mth-db migrate: applying 0012_p2_evidence.sql
mth-db migrate: applying 0013_p2_direction_charter.sql
mth-db migrate: applying 0014_p2_kpi_baseline_value_pool.sql
mth-db migrate: applying 0015_p2_diagnose.sql
mth-db migrate: applying 0016_p2_design_tom.sql
mth-db migrate: applying 0017_p2_decisions_gates.sql
mth-db migrate: applying 0018_p2_access_instantiation.sql
mth-db migrate: applying 0019_evidence_review_separation.sql
mth-db migrate: applying 0020_p3_portfolio_roadmap.sql
mth-db migrate: applying 0021_p3_prioritization.sql
mth-db migrate: applying 0022_p3_dependency_capacity_funding.sql
mth-db migrate: applying 0023_p3_business_case_formula.sql
mth-db migrate: applying 0024_p3_gates_access_instantiation.sql
mth-db migrate: applying 0025_p3_g1_agreement_guard.sql
mth-db migrate: applying 0026_p3_enable_g4.sql
mth-db migrate: applying 0027_p3_calculation_rounding.sql
mth-db migrate: applying 0028_p4_calendar_jobs_work_items.sql
mth-db migrate: applying 0029_p4_groups_role_mapping_delegation.sql
mth-db migrate: applying 0030_p4_decision_rights_raci.sql
mth-db migrate: applying 0031_p4_approvals_permissions.sql
mth-db migrate: applying 0032_p4_slice_i_c_reserved.sql
mth-db migrate: applying 0033_p4_kpi_dictionary_versions.sql
mth-db migrate: applying 0034_p4_kpi_trajectories_actuals.sql
mth-db migrate: applying 0035_p4_kpi_calculation_runs_quality.sql
mth-db migrate: applying 0036_p4_kpi_permissions_backfill.sql
mth-db migrate: applying 0037_p4_benefit_register.sql
mth-db migrate: applying 0038_p4_benefit_measurement_validation.sql
mth-db migrate: applying 0039_p4_benefit_value_views.sql
mth-db migrate: applying 0040_p4_benefit_permissions.sql
mth-db migrate: applying 0041_p4_raid_actions_corrective.sql
mth-db migrate: applying 0042_p4_budget_schedule.sql
mth-db migrate: applying 0043_p4_raid_permissions.sql
mth-db migrate: applying 0044_p4_forums_meetings.sql
mth-db migrate: applying 0045_p4_t16_escalation.sql
mth-db migrate: applying 0046_p4_governance_permissions.sql
mth-db migrate: applying 0047_p4_adoption.sql
mth-db migrate: applying 0048_p4_sustainment.sql
mth-db migrate: applying 0049_p4_adoption_sustainment_permissions.sql
mth-db migrate: applying 0050_p4_sustainment_schedules.sql
mth-db migrate: applying 0051_p4_phases_gates_g5_g6_exceptions.sql
mth-db migrate: applying 0052_p4_change_control.sql
mth-db migrate: applying 0053_p4_gates_change_permissions.sql
mth-db migrate: applying 0054_p4_gate_exception_expiry_schedule.sql
mth-db migrate: applying 0055_p4_traceability_modular_structure.sql
mth-db migrate: applying 0056_p4_dashboards_t10.sql
mth-db migrate: applying 0057_p4_dashboards_traceability_permissions.sql
mth-db migrate: applying 0058_p4_approval_reminder_kinds.sql
mth-db migrate: applying 0059_p4_enable_g5_g6.sql
mth-db migrate: applying 0060_p4_governance_schedules_weekly_cadence.sql
mth-db migrate: applied 60 migration(s)
mth-db seed-dev: seeded SYNTHETIC dev users: dev.admin, dev.office, dev.lead, dev.auditor, dev.nobody
port-policy: API listening on port 25602 (attempt 1)
API: http://localhost:25602 (APP_BASE_URL=http://localhost:25602, PORT=25602)
{"status":"ready","checks":{"database":"ok","migrations":"ok"}}
npm warn Unknown project config "strict-peer-dependencies". This will stop working in the next major version of npm. See `npm help npmrc` for supported config options.
npm warn Unknown project config "auto-install-peers". This will stop working in the next major version of npm. See `npm help npmrc` for supported config options.
npm warn Unknown project config "link-workspace-packages". This will stop working in the next major version of npm. See `npm help npmrc` for supported config options.

Running 12 tests using 1 worker

  ✓   1 [chromium-en] › apps/web/e2e/p4-dashboards.spec.ts:63:1 › 1. Workspace header: eight elements, Unknown where missing; one click opens the RAID register filtered to it (8.1s)
  ✓   2 [chromium-en] › apps/web/e2e/p4-dashboards.spec.ts:105:1 › 2. Transformation dashboard: six T10 areas from persisted data; drill-down; zero is distinct from Unknown (9.0s)
  ✓   3 [chromium-en] › apps/web/e2e/p4-dashboards.spec.ts:134:1 › 3. Executive Overview: readable transformations, business-unit and owner chips, window and as-of date (6.3s)
  ✓   4 [chromium-en] › apps/web/e2e/p4-dashboards.spec.ts:170:1 › 4. Finance and adoption dashboards: non-financial is n/a, never 0; the People & adoption area (7.2s)
  ✓   5 [chromium-en] › apps/web/e2e/p4-dashboards.spec.ts:193:1 › 5. My Work: the six sections with totals and the upcoming deadlines; the personal dashboard (6.9s)
  ✓   6 [chromium-en] › apps/web/e2e/p4-dashboards.spec.ts:211:1 › 6. 390 px wide and 200 % text: no page-level horizontal scroll (15.2s)
  ✓   7 [chromium-ar] › apps/web/e2e/p4-dashboards.spec.ts:63:1 › 1. Workspace header: eight elements, Unknown where missing; one click opens the RAID register filtered to it (5.5s)
  ✓   8 [chromium-ar] › apps/web/e2e/p4-dashboards.spec.ts:105:1 › 2. Transformation dashboard: six T10 areas from persisted data; drill-down; zero is distinct from Unknown (4.7s)
  ✓   9 [chromium-ar] › apps/web/e2e/p4-dashboards.spec.ts:134:1 › 3. Executive Overview: readable transformations, business-unit and owner chips, window and as-of date (5.2s)
  ✓  10 [chromium-ar] › apps/web/e2e/p4-dashboards.spec.ts:170:1 › 4. Finance and adoption dashboards: non-financial is n/a, never 0; the People & adoption area (6.4s)
  ✓  11 [chromium-ar] › apps/web/e2e/p4-dashboards.spec.ts:193:1 › 5. My Work: the six sections with totals and the upcoming deadlines; the personal dashboard (6.1s)
  ✓  12 [chromium-ar] › apps/web/e2e/p4-dashboards.spec.ts:211:1 › 6. 390 px wide and 200 % text: no page-level horizontal scroll (17.1s)

  12 passed (1.7m)

To open last HTML report run:
[36m[39m
[36m  npx playwright show-report[39m
[36m[39m
