
> mobily-transformation-hub@0.1.0 test /home/user/wt/dg4-fe-g
> vitest run --project unit-node --project unit-web && vitest run --project unit-formula-nocodegen


 RUN  v3.2.4 /home/user/wt/dg4-fe-g

 ✓ |unit-web| src/pages/prioritization/prioritization.test.tsx (20 tests) 20322ms
   ✓ prioritization (en) > ranked table: an incomplete score is 'incomplete' (never a number), 3.30 complete; 0–100 shows 57.5 with its label  1654ms
   ✓ prioritization (en) > scorecard: 6 is refused inline and nothing is sent; 4 is POSTed as the integer; the weighted score is read-only 'incomplete'  1502ms
   ✓ prioritization (en) > weight sets: the live total refuses 95% and 105%; 100% is accepted and POSTed as decimal strings  1416ms
   ✓ prioritization (en) > weight sets: the proposer is never offered approval; another approver's approval is a business approval with If-Match; 403 SoD is translated  1230ms
   ✓ prioritization (en) > weight set approval: a 409 shows the conflict banner and reloads  849ms
   ✓ prioritization (en) > ranking history: causes are translated from codes, including 'weight version 2', score change and the override reason  390ms
   ✓ prioritization (en) > overrides: a reason is required (missing and invisible-only are refused, nothing sent); with a reason it is POSTed  533ms
   ✓ prioritization (en) > the read-only auditor sees the data and no enabled write control  799ms
   ✓ prioritization (en) > never mentions a delivery gate (DG0–DG7)  466ms
   ✓ prioritization (ar) > ranked table: an incomplete score is 'incomplete' (never a number), 3.30 complete; 0–100 shows 57.5 with its label  1166ms
   ✓ prioritization (ar) > scorecard: 6 is refused inline and nothing is sent; 4 is POSTed as the integer; the weighted score is read-only 'incomplete'  1848ms
   ✓ prioritization (ar) > weight sets: the live total refuses 95% and 105%; 100% is accepted and POSTed as decimal strings  1109ms
   ✓ prioritization (ar) > weight sets: the proposer is never offered approval; another approver's approval is a business approval with If-Match; 403 SoD is translated  2454ms
   ✓ prioritization (ar) > weight set approval: a 409 shows the conflict banner and reloads  909ms
   ✓ prioritization (ar) > ranking history: causes are translated from codes, including 'weight version 2', score change and the override reason  525ms
   ✓ prioritization (ar) > overrides: a reason is required (missing and invisible-only are refused, nothing sent); with a reason it is POSTed  1265ms
   ✓ prioritization (ar) > the read-only auditor sees the data and no enabled write control  1008ms
   ✓ prioritization (ar) > never mentions a delivery gate (DG0–DG7)  823ms
 ✓ |unit-web| src/pages/p2.test.tsx (56 tests) 47887ms
   ✓ Diagnose > shows the six T01 dimensions with Unknown for missing values, and value pools that are never 0  1408ms
   ✓ Diagnose > shows the totals as Unknown when no pool is quantified  410ms
   ✓ Diagnose > renders the six workstreams with their key questions  606ms
   ✓ Diagnose > edits a T01 row with only the changed fields and If-Match  982ms
   ✓ Diagnose > a 409 on save writes nothing, compares, and re-applies on the current version  1072ms
   ✓ Diagnose > a 400 validation.blank shows a localized message on its field ('en')  1134ms
   ✓ Diagnose > a 400 validation.blank shows a localized message on its field ('ar')  1409ms
   ✓ Diagnose > an invisible-only value is blocked client-side with validation.blank ('en')  1099ms
   ✓ Diagnose > an invisible-only value is blocked client-side with validation.blank ('ar')  1874ms
   ✓ Diagnose > a whitespace-only T01 value is an inline blank error and sends nothing ('en')  2123ms
   ✓ Diagnose > a whitespace-only T01 value is an inline blank error and sends nothing ('ar')  1460ms
   ✓ Diagnose > T01: an emptied field is sent as an explicit null; visible text is sent verbatim  1145ms
   ✓ Diagnose > Arabic: RTL with Arabic labels and the unquantified label  395ms
   ✓ Define > shows the good outcome test per outcome with pass / fail / unknown and localized reasons  430ms
   ✓ Define > requires a target date on a T02 row before sending anything  972ms
   ✓ Define > sets the North Star with one sentence and no If-Match the first time  843ms
   ✓ Define: KPI activation (F-DG2-201) > offers Activate on a draft KPI, states the unmet precondition on 422, then activates with If-Match  1249ms
   ✓ Define: KPI activation (F-DG2-201) > Arabic: the Activate action and the 422 reason are in Arabic  1321ms
   ✓ Define: KPI activation (F-DG2-201) > an active KPI shows Active and offers no Activate  591ms
   ✓ Charter > shows the 14 fields, the thesis, the five scope checks with pre-checks and the top-outcomes warning  348ms
   ✓ Charter > scope pre-check: an empty Out of scope reads as failing (EN and AR)  1658ms
   ✓ Charter > thesis: an empty part is Incomplete and no sentence is composed (F-DG2-203)  496ms
   ✓ Charter > thesis: a part the API flags incomplete is never shown as answered  363ms
   ✓ Charter > thesis: the four parts compose the B0037 sentence (EN and AR)  930ms
   ✓ Charter > compares a version with the previous one  782ms
   ✓ Charter > create: a whitespace Case for change is an inline blank error and creates nothing ('en')  744ms
   ✓ Charter > create: a whitespace Case for change is an inline blank error and creates nothing ('ar')  454ms
   ✓ Charter > edit: a whitespace Out of scope is an inline blank error, sends nothing and keeps the value (en)  1375ms
   ✓ Charter > edit: a whitespace Out of scope is an inline blank error, sends nothing and keeps the value (ar)  1331ms
   ✓ Charter > edit: emptying a filled field sends null; visible text is verbatim (en)  991ms
   ✓ Charter > edit: emptying a filled field sends null; visible text is verbatim (ar)  903ms
   ✓ Charter > edit: a change summary alone is not a change (never a content-free version)  1070ms
   ✓ Design > shows the ten canvas boxes and the per-dimension view  3258ms
   ✓ Design > converts an unresolved workshop item into a design decision with If-Match  2502ms
   ✓ Decisions (T04) > reads the log with kind=design and shows D-codes, options A/B/C and Open status  429ms
   ✓ Decisions (T04) > creates a design decision with inline options and an idempotency key  635ms
   ✓ Gates (business approval) > lists G1-G6 as business approvals with live readiness, and never mentions the engineering gates  472ms
   ✓ Gates (business approval) > shows unverified evidence as unverified, the failing outcome at G2, and submits with If-Match  972ms
   ✓ Gates (business approval) > lists outcomes failing the good outcome test at G2  523ms
   ✓ Gates (business approval) > the approver's decision: rationale required; 403 and 409 problems in words  1167ms
   ✓ Gates (business approval) > gate detail heading: the verbatim B0023 name once (EN and AR)  1026ms
   ✓ Evidence > uploads a revision as octet-stream with a percent-encoded file name and If-Match  1006ms
   ✓ Evidence > never offers review to the creator; a filename reference can only be rejected  889ms
   ✓ read-only auditor (AUD) > diagnose: no write control and a read-only note  374ms
   ✓ read-only auditor (AUD) > charter: no write control and a read-only note  495ms
 ✓ |unit-web| src/pages/p2-blank-forms.test.tsx (52 tests) 49554ms
   ✓ gate submission note (en) > a whitespace-only note is refused inline and nothing is sent  1450ms
   ✓ gate submission note (en) > a invisible-only note is refused inline and nothing is sent  417ms
   ✓ gate submission note (en) > visible text is sent verbatim; an empty note is omitted  1222ms
   ✓ gate submission note (ar) > a whitespace-only note is refused inline and nothing is sent  747ms
   ✓ gate submission note (ar) > a invisible-only note is refused inline and nothing is sent  458ms
   ✓ gate submission note (ar) > visible text is sent verbatim; an empty note is omitted  814ms
   ✓ gate decision rationale and comments (en) > a whitespace-only rationale is refused inline and nothing is sent  645ms
   ✓ gate decision rationale and comments (en) > a invisible-only rationale is refused inline and nothing is sent  783ms
   ✓ gate decision rationale and comments (en) > a invisible (long enough for min 3)-only rationale is refused inline and nothing is sent  453ms
   ✓ gate decision rationale and comments (en) > a whitespace-only comment is refused inline (focus on it) and nothing is sent  354ms
   ✓ gate decision rationale and comments (en) > a invisible-only comment is refused inline (focus on it) and nothing is sent  691ms
   ✓ gate decision rationale and comments (en) > visible text is sent verbatim; empty comments are omitted; an empty rationale stays 'too short'  842ms
   ✓ gate decision rationale and comments (en) > a server 400 validation.blank on /rationale lands on the field  742ms
   ✓ gate decision rationale and comments (ar) > a whitespace-only rationale is refused inline and nothing is sent  652ms
   ✓ gate decision rationale and comments (ar) > a invisible-only rationale is refused inline and nothing is sent  549ms
   ✓ gate decision rationale and comments (ar) > a invisible (long enough for min 3)-only rationale is refused inline and nothing is sent  952ms
   ✓ gate decision rationale and comments (ar) > a whitespace-only comment is refused inline (focus on it) and nothing is sent  1142ms
   ✓ gate decision rationale and comments (ar) > a invisible-only comment is refused inline (focus on it) and nothing is sent  1280ms
   ✓ gate decision rationale and comments (ar) > visible text is sent verbatim; empty comments are omitted; an empty rationale stays 'too short'  960ms
   ✓ gate decision rationale and comments (ar) > a server 400 validation.blank on /rationale lands on the field  1532ms
   ✓ journey step editor (en) > a whitespace-only actor is refused inline (not turned into null) and nothing is sent  767ms
   ✓ journey step editor (en) > a invisible-only actor is refused inline (not turned into null) and nothing is sent  1373ms
   ✓ journey step editor (en) > several blank fields: each gets the message and focus goes to the first (name)  1173ms
   ✓ journey step editor (en) > visible text is sent verbatim; emptied optional text is null; an empty name is required  3509ms
   ✓ journey step editor (ar) > a whitespace-only actor is refused inline (not turned into null) and nothing is sent  1118ms
   ✓ journey step editor (ar) > a invisible-only actor is refused inline (not turned into null) and nothing is sent  1354ms
   ✓ journey step editor (ar) > several blank fields: each gets the message and focus goes to the first (name)  1559ms
   ✓ journey step editor (ar) > visible text is sent verbatim; emptied optional text is null; an empty name is required  1805ms
   ✓ Finance validation note and archive reason (en) > note: a whitespace-only note is refused inline and nothing is sent  365ms
   ✓ Finance validation note and archive reason (en) > note: a invisible-only note is refused inline and nothing is sent  349ms
   ✓ Finance validation note and archive reason (en) > note: empty is 'required'; visible text is sent verbatim  475ms
   ✓ Finance validation note and archive reason (en) > reason: a whitespace-only reason is refused inline and nothing is archived  890ms
   ✓ Finance validation note and archive reason (en) > reason: a invisible-only reason is refused inline and nothing is archived  1354ms
   ✓ Finance validation note and archive reason (en) > reason: a server 400 validation.blank on /reason is the field message, not a generic error  1032ms
   ✓ Finance validation note and archive reason (en) > reason: a reason with U+0000 is refused inline with the localized message and nothing is archived  1526ms
   ✓ Finance validation note and archive reason (en) > reason: a server 400 validation.invalid_character on /reason is the localized field message  1039ms
   ✓ Finance validation note and archive reason (en) > reason: empty keeps 'too short'; visible text is sent verbatim  824ms
   ✓ Finance validation note and archive reason (ar) > note: a whitespace-only note is refused inline and nothing is sent  1132ms
   ✓ Finance validation note and archive reason (ar) > note: a invisible-only note is refused inline and nothing is sent  1599ms
   ✓ Finance validation note and archive reason (ar) > note: empty is 'required'; visible text is sent verbatim  1995ms
   ✓ Finance validation note and archive reason (ar) > reason: a whitespace-only reason is refused inline and nothing is archived  755ms
   ✓ Finance validation note and archive reason (ar) > reason: a invisible-only reason is refused inline and nothing is archived  526ms
   ✓ Finance validation note and archive reason (ar) > reason: a server 400 validation.blank on /reason is the field message, not a generic error  612ms
   ✓ Finance validation note and archive reason (ar) > reason: a reason with U+0000 is refused inline with the localized message and nothing is archived  1073ms
   ✓ Finance validation note and archive reason (ar) > reason: a server 400 validation.invalid_character on /reason is the localized field message  610ms
   ✓ Finance validation note and archive reason (ar) > reason: empty keeps 'too short'; visible text is sent verbatim  1181ms
   ✓ North Star statement (en) > a whitespace-only statement is refused inline and nothing is sent  350ms
   ✓ North Star statement (en) > a invisible-only statement is refused inline and nothing is sent  369ms
   ✓ North Star statement (ar) > a whitespace-only statement is refused inline and nothing is sent  496ms
   ✓ North Star statement (ar) > a invisible-only statement is refused inline and nothing is sent  1254ms
 ✓ |unit-web| src/pages/portfolio/portfolio.test.tsx (32 tests) 26715ms
   ✓ Portfolio (en) > lists code, name, wave, owners and three separate columns: proposed rank, selection and funding  1330ms
   ✓ Portfolio (en) > the proposed rank is Unknown (never 0) when the prioritization view is unavailable  428ms
   ✓ Portfolio (en) > filters by status and wave on the server  666ms
   ✓ Portfolio (en) > creates a draft at any time: POST /initiatives with the transformation and an Idempotency-Key  1969ms
   ✓ Portfolio (en) > the read-only auditor sees the list with no enabled write control  473ms
   ✓ Portfolio (en) > outcome hierarchy: five levels, an Unknown target is Unknown (never 0)  533ms
   ✓ Portfolio (ar) > lists code, name, wave, owners and three separate columns: proposed rank, selection and funding  1209ms
   ✓ Portfolio (ar) > the proposed rank is Unknown (never 0) when the prioritization view is unavailable  763ms
   ✓ Portfolio (ar) > filters by status and wave on the server  737ms
   ✓ Portfolio (ar) > creates a draft at any time: POST /initiatives with the transformation and an Idempotency-Key  1155ms
   ✓ Portfolio (ar) > the read-only auditor sees the list with no enabled write control  1002ms
   ✓ Portfolio (ar) > outcome hierarchy: five levels, an Unknown target is Unknown (never 0)  713ms
   ✓ Initiative Card (en) > shows all 14 T05 fields in the source order and the 3-7 deliverables warning (a warning, not a block)  1290ms
   ✓ Initiative Card (en) > submit refused: 'Case for change not yet approved (G1)…' is the dialog's one translated alert  1235ms
   ✓ Initiative Card (en) > submit refused: 'Outcome before activity…' (validation at /outcomeContributions) is translated  916ms
   ✓ Initiative Card (en) > launch refused: 'North Star, outcomes and target state not yet approved', then 'Selected - unfunded…'  1329ms
   ✓ Initiative Card (en) > select is a labelled business approval: rationale required, If-Match, no 'on behalf of' control  1200ms
   ✓ Initiative Card (en) > a 409 shows the conflict banner and reloads  718ms
   ✓ Initiative Card (en) > a gap link to another TOM record shows 'A project portfolio is not a Target Operating Model…'  1087ms
   ✓ Initiative Card (en) > an outcome contribution needs an outcome; the KPI is optional and labelled so  645ms
   ✓ Initiative Card (ar) > shows all 14 T05 fields in the source order and the 3-7 deliverables warning (a warning, not a block)  405ms
   ✓ Initiative Card (ar) > submit refused: 'Case for change not yet approved (G1)…' is the dialog's one translated alert  535ms
   ✓ Initiative Card (ar) > submit refused: 'Outcome before activity…' (validation at /outcomeContributions) is translated  964ms
   ✓ Initiative Card (ar) > launch refused: 'North Star, outcomes and target state not yet approved', then 'Selected - unfunded…'  1013ms
   ✓ Initiative Card (ar) > select is a labelled business approval: rationale required, If-Match, no 'on behalf of' control  1401ms
   ✓ Initiative Card (ar) > a 409 shows the conflict banner and reloads  468ms
   ✓ Initiative Card (ar) > a gap link to another TOM record shows 'A project portfolio is not a Target Operating Model…'  702ms
   ✓ Initiative Card (ar) > an outcome contribution needs an outcome; the KPI is optional and labelled so  719ms
   ✓ Initiative Card (ar) > the read-only auditor sees the card with no enabled write control  373ms
   ✓ Initiative Card (ar) > a cancelled initiative is read-only even for the lead  322ms
 ✓ |unit-web| src/pages/transformations/transformations.test.tsx (21 tests) 12114ms
   ✓ after create (F-DG1-004) > shows the created record when the server lets the creator read it  1068ms
   ✓ after create (F-DG1-004) > explains, in English, that the draft was created but cannot be opened (server 404), instead of 'Not found'  476ms
   ✓ after create (F-DG1-004) > explains the same in Arabic (RTL), using the glossary term for Transformation  441ms
   ✓ after create (F-DG1-004) > treats a 403 for the just-created record the same way  347ms
   ✓ truly out-of-scope records keep the correct localized message > router state for a different id does not turn a 404 into the created message  315ms
   ✓ audit trail changes (F-DG1-005) > English: field and value labels, not raw keys or enum codes  350ms
   ✓ audit trail changes (F-DG1-005) > Arabic: the same changes with Arabic labels in the RTL layout  843ms
   ✓ derived creator assignment on the audit trail (F-DG1-008) > English: localized action, fields, role, user and scope; nothing raw or marked untranslated  377ms
   ✓ derived creator assignment on the audit trail (F-DG1-008) > Arabic (RTL): the same event with Arabic labels and the glossary role name  519ms
   ✓ derived creator assignment on the audit trail (F-DG1-008) > an action the catalogue does not know stays readable and is explicitly marked (en and ar)  712ms
   ✓ effective permissions refresh after create (F-DG1-210) > English: Edit, Archive and the audit trail appear after create, without a reload  1412ms
   ✓ effective permissions refresh after create (F-DG1-210) > Arabic (RTL): the same controls and the audit trail appear after create, without a reload  1877ms
   ✓ effective permissions refresh after create (F-DG1-210) > does not over-grant: if the refreshed server answer adds nothing, Archive and the audit trail stay hidden  1770ms
   ✓ effective permissions refresh after create (F-DG1-210) > a failed /me refresh never blocks the navigation; the UI stays fail-safe (no controls offered)  724ms
 ✓ |unit-web| src/pages/render-time-language.test.tsx (28 tests) 21898ms
   ✓ sign-in (dev form), 'en' → 'ar' > an invalid user name: the inline message follows the switch  600ms
   ✓ journey step editor, 'en' → 'ar' > a field error on a step follows the switch  2224ms
   ✓ journey step editor, 'en' → 'ar' > the form-level "Step N:" error follows the switch (prefix and message)  1013ms
   ✓ journey step editor, 'ar' → 'en' > a field error on a step follows the switch  1460ms
   ✓ journey step editor, 'ar' → 'en' > the form-level "Step N:" error follows the switch (prefix and message)  1514ms
   ✓ row-action note and reason dialog, 'en' → 'ar' > the Finance validation note's 'required' follows the switch  1074ms
   ✓ row-action note and reason dialog, 'en' → 'ar' > the Finance validation choice's 'required' follows the switch  968ms
   ✓ row-action note and reason dialog, 'en' → 'ar' > the archive reason's 'too short' follows the switch  1272ms
   ✓ row-action note and reason dialog, 'ar' → 'en' > the Finance validation note's 'required' follows the switch  1282ms
   ✓ row-action note and reason dialog, 'ar' → 'en' > the Finance validation choice's 'required' follows the switch  931ms
   ✓ row-action note and reason dialog, 'ar' → 'en' > the archive reason's 'too short' follows the switch  660ms
   ✓ gate dialogs, 'en' → 'ar' > the submission note's field error follows the switch  844ms
   ✓ gate dialogs, 'en' → 'ar' > the decision rationale's field error follows the switch  733ms
   ✓ gate dialogs, 'ar' → 'en' > the submission note's field error follows the switch  662ms
   ✓ gate dialogs, 'ar' → 'en' > the decision rationale's field error follows the switch  597ms
   ✓ North Star statement, 'en' → 'ar' > the statement's field error follows the switch  690ms
   ✓ North Star statement, 'ar' → 'en' > the statement's field error follows the switch  498ms
   ✓ evidence dialogs, 'en' → 'ar' > upload without a file: 'required' follows the switch  1244ms
   ✓ evidence dialogs, 'en' → 'ar' > a link without a record type or record: both 'required' messages follow the switch  628ms
   ✓ evidence dialogs, 'ar' → 'en' > upload without a file: 'required' follows the switch  1521ms
   ✓ evidence dialogs, 'ar' → 'en' > a link without a record type or record: both 'required' messages follow the switch  814ms
 ✓ |unit-web| src/auth/session-bound.test.tsx (34 tests) 20603ms
   ✓ F-DG2-530/580 no effect of A's action after a further await once the tab is B's (en) > Y1: a create whose post-create GET /me returns B: B is not navigated and never sees A's code or name  1774ms
   ✓ F-DG2-530/580 no effect of A's action after a further await once the tab is B's (en) > Y1c: the same create under one identity still lands on the created record  1319ms
   ✓ F-DG2-530/580 no effect of A's action after a further await once the tab is B's (en) > Y1c (not visible to the creator): the creator still gets 'created, but you cannot open it' with the 201's code  677ms
   ✓ F-DG2-530/580 no effect of A's action after a further await once the tab is B's (en) > router state left in history (Back/Forward) never shows A's created record to B  304ms
   ✓ F-DG2-530/580 no effect of A's action after a further await once the tab is B's (en) > an edit whose identity changes between its awaits: B is not navigated to A's record and keeps nothing of A's  862ms
   ✓ F-DG2-530/580 no effect of A's action after a further await once the tab is B's (en) > an organization create whose identity changes between its awaits: B is not navigated to A's new organization  1426ms
   ✓ F-DG2-530/580 no effect of A's action after a further await once the tab is B's (en) > a user create whose identity changes between its awaits: B is not navigated to A's new user  1215ms
   ✓ F-DG2-530/580 no effect of A's action after a further await once the tab is B's (en) > sanity: the organization and user creates under one identity still navigate to the new record  770ms
   ✓ F-DG2-530/580 no effect of A's action after a further await once the tab is B's (en) > sanity: an edit under one identity (a same-identity /me between its awaits) still updates the cache and navigates  310ms
   ✓ F-DG2-570 the header and the data of ONE identity on in-app navigation (en) > N1: B signed in elsewhere, no focus event: opening A's record asks GET /me first; B's header above B's answer  479ms
   ✓ F-DG2-570 the header and the data of ONE identity on in-app navigation (en) > N2: opening the list: B's header with B's list and B's permissions, never A's header or A's empty-state  357ms
   ✓ F-DG2-570 the header and the data of ONE identity on in-app navigation (en) > bounded: one GET /me per navigation, shared by the page's burst; other GETs only after the window; same identity kept  362ms
   ✓ F-DG2-530/580 no effect of A's action after a further await once the tab is B's (ar) > Y1: a create whose post-create GET /me returns B: B is not navigated and never sees A's code or name  891ms
   ✓ F-DG2-530/580 no effect of A's action after a further await once the tab is B's (ar) > Y1c: the same create under one identity still lands on the created record  330ms
   ✓ F-DG2-530/580 no effect of A's action after a further await once the tab is B's (ar) > router state left in history (Back/Forward) never shows A's created record to B  311ms
   ✓ F-DG2-530/580 no effect of A's action after a further await once the tab is B's (ar) > an edit whose identity changes between its awaits: B is not navigated to A's record and keeps nothing of A's  465ms
   ✓ F-DG2-530/580 no effect of A's action after a further await once the tab is B's (ar) > an organization create whose identity changes between its awaits: B is not navigated to A's new organization  792ms
   ✓ F-DG2-530/580 no effect of A's action after a further await once the tab is B's (ar) > a user create whose identity changes between its awaits: B is not navigated to A's new user  1176ms
   ✓ F-DG2-530/580 no effect of A's action after a further await once the tab is B's (ar) > sanity: the organization and user creates under one identity still navigate to the new record  1438ms
   ✓ F-DG2-530/580 no effect of A's action after a further await once the tab is B's (ar) > sanity: an edit under one identity (a same-identity /me between its awaits) still updates the cache and navigates  370ms
   ✓ F-DG2-570 the header and the data of ONE identity on in-app navigation (ar) > N1: B signed in elsewhere, no focus event: opening A's record asks GET /me first; B's header above B's answer  448ms
   ✓ F-DG2-570 the header and the data of ONE identity on in-app navigation (ar) > N2: opening the list: B's header with B's list and B's permissions, never A's header or A's empty-state  670ms
   ✓ F-DG2-570 the header and the data of ONE identity on in-app navigation (ar) > bounded: one GET /me per navigation, shared by the page's burst; other GETs only after the window; same identity kept  692ms
   ✓ F-DG2-570 the header and the data of ONE identity on in-app navigation (ar) > writes neither wait for nor trigger the recheck: the save goes out at once with the user's own CSRF token  373ms
   ✓ the convention: no raw navigate or cache write in app code (T-DG2-FE15) > the ESLint rule refuses a raw navigate, a raw cache write and a useNavigate import in a page  1899ms
 ✓ |unit-web| src/auth/session-generation.test.tsx (26 tests) 16042ms
   ✓ F-DG2-530 a write in flight across an identity change (en) > X3: A's PATCH answered after B's /me is not written into B's cache, not shown, and does not navigate B  1407ms
   ✓ F-DG2-530 a write in flight across an identity change (en) > X3b: the same after a session END here and B's sign-in: A's late answer never lands  1041ms
   ✓ F-DG2-530 a write in flight across an identity change (en) > an archive in flight across an identity change: A's archived record never lands in B's cache  1613ms
   ✓ F-DG2-530 a write in flight across an identity change (en) > an organization save in flight across an identity change: A's change is never stored under B  827ms
   ✓ F-DG2-530 a write in flight across an identity change (en) > a user save in flight across an identity change: A's change is never stored under B  772ms
   ✓ F-DG2-530 a write in flight across an identity change (en) > a same-person new session: the in-flight save is dropped silently, the draft is kept and usable  544ms
   ✓ F-DG2-530 a write in flight across an identity change (en) > a language save retried after a 409 is never written for the identity that replaced A  429ms
   ✓ F-DG2-530 a write in flight across an identity change (en) > sanity: a write in flight that finishes under the SAME identity still updates the cache and navigates  386ms
   ✓ F-DG2-530 X6: refocus and reconnect revalidate GET /me first (en) > after B signs in elsewhere, a refocus within /me's staleTime shows B's header with B's data, never A's  422ms
   ✓ F-DG2-530 X6: refocus and reconnect revalidate GET /me first (en) > the same identity: a refocus refetches /me once, then the stale page queries; nothing when all is fresh  500ms
   ✓ F-DG2-530 a write in flight across an identity change (ar) > X3: A's PATCH answered after B's /me is not written into B's cache, not shown, and does not navigate B  623ms
   ✓ F-DG2-530 a write in flight across an identity change (ar) > X3b: the same after a session END here and B's sign-in: A's late answer never lands  955ms
   ✓ F-DG2-530 a write in flight across an identity change (ar) > an archive in flight across an identity change: A's archived record never lands in B's cache  1249ms
   ✓ F-DG2-530 a write in flight across an identity change (ar) > an organization save in flight across an identity change: A's change is never stored under B  814ms
   ✓ F-DG2-530 a write in flight across an identity change (ar) > a user save in flight across an identity change: A's change is never stored under B  971ms
   ✓ F-DG2-530 a write in flight across an identity change (ar) > a same-person new session: the in-flight save is dropped silently, the draft is kept and usable  1089ms
   ✓ F-DG2-530 a write in flight across an identity change (ar) > a language save retried after a 409 is never written for the identity that replaced A  653ms
   ✓ F-DG2-530 a write in flight across an identity change (ar) > sanity: a write in flight that finishes under the SAME identity still updates the cache and navigates  520ms
   ✓ F-DG2-530 X6: refocus and reconnect revalidate GET /me first (ar) > after B signs in elsewhere, a refocus within /me's staleTime shows B's header with B's data, never A's  457ms
   ✓ F-DG2-530 X6: refocus and reconnect revalidate GET /me first (ar) > the same identity: a refocus refetches /me once, then the stale page queries; nothing when all is fresh  376ms
 ✓ |unit-web| src/pages/raid/raid.test.tsx (18 tests) 13179ms
   ✓ RAID and actions screens (en) > T15 register: nine columns, Probability n/a outside Risk, per-type mitigation header, Dependency links to T08  938ms
   ✓ RAID and actions screens (en) > Dependency form: 'To' initiative required, no probability; nothing is sent without it  614ms
   ✓ RAID and actions screens (en) > Dependency edit has no 'In progress'; a Risk edit offers it; a closed Dependency shows no closure fields  679ms
   ✓ RAID and actions screens (en) > an Issue with a probability is refused by the server; the 422 is translated in one alert  562ms
   ✓ RAID and actions screens (en) > action register: source, follow-up date and overdue flag; edit sends If-Match  2470ms
   ✓ RAID and actions screens (en) > the read-only auditor sees the register without any write control  586ms
   ✓ RAID and actions screens (ar) > Dependency edit has no 'In progress'; a Risk edit offers it; a closed Dependency shows no closure fields  529ms
   ✓ RAID and actions screens (ar) > an Issue with a probability is refused by the server; the 422 is translated in one alert  672ms
   ✓ RAID and actions screens (ar) > action register: source, follow-up date and overdue flag; edit sends If-Match  4101ms
   ✓ RAID and actions screens (ar) > corrective case: source and benefit step, owner Unassigned, follow-up Unknown with reason, signals never green  406ms
   ✓ RAID and actions screens (ar) > rules: a rule without a stored row is labelled Default; saving it creates the row (POST, no If-Match)  364ms
   ✓ RAID and actions screens (ar) > the read-only auditor sees the register without any write control  410ms
 ✓ |unit-web| src/pages/benefits/plan-values.test.tsx (15 tests) 15782ms
   ✓ plan-value editing (en) > Edit reads getBenefitPlanValue, pre-fills the form and PATCHes the changed member with the read's If-Match  1477ms
   ✓ plan-value editing (en) > an unchanged form sends nothing and says so; Cancel closes  656ms
   ✓ plan-value editing (en) > a 409 (changed by someone else after the read) is a conflict: the record is re-read, If-Match never moves under the typed values  1022ms
   ✓ plan-value editing (en) > a failed read (500) shows its state in the section and no form; Cancel removes it  3541ms
   ✓ plan-value editing (en) > a failed read (404) shows its state in the section and no form; Cancel removes it  710ms
   ✓ plan-value editing (en) > a reader (no benefit.edit) is offered no edit  486ms
   ✓ plan-value editing (ar) > Edit reads getBenefitPlanValue, pre-fills the form and PATCHes the changed member with the read's If-Match  606ms
   ✓ plan-value editing (ar) > an unchanged form sends nothing and says so; Cancel closes  1046ms
   ✓ plan-value editing (ar) > a 409 (changed by someone else after the read) is a conflict: the record is re-read, If-Match never moves under the typed values  920ms
   ✓ plan-value editing (ar) > a failed read (500) shows its state in the section and no form; Cancel removes it  4470ms
   ✓ plan-value editing (ar) > a failed read (404) shows its state in the section and no form; Cancel removes it  595ms
 ✓ |unit-web| src/pages/adoption/adoption.test.tsx (18 tests) 7175ms
   ✓ adoption screens (en) > T13: the seven columns, influence separate from impact, closed lists, provisional Arabic flag  1771ms
   ✓ adoption screens (en) > a server 400 stakeholder_group.stance_invalid lands on the stance field, translated  608ms
   ✓ adoption screens (en) > indicators: all seven by name; a measure without data is Unknown, never 0  402ms
   ✓ adoption screens (en) > T04 decision page lists a champion's constraint through ?decisionId=  521ms
   ✓ adoption screens (en) > form: a proficiency observation is submitted with its stakeholder group; the API derives the result  321ms
   ✓ adoption screens (en) > AUD sees the plan read-only (no write control)  321ms
   ✓ adoption screens (ar) > T13: the seven columns, influence separate from impact, closed lists, provisional Arabic flag  456ms
   ✓ adoption screens (ar) > T04 decision page lists a champion's constraint through ?decisionId=  433ms
   ✓ adoption screens (ar) > form: a proficiency observation is submitted with its stakeholder group; the API derives the result  530ms
   ✓ adoption screens (ar) > AUD sees the plan read-only (no write control)  653ms
 ✓ |unit-web| src/auth/session-end.test.tsx (12 tests) 13504ms
   ✓ session end while the app is open (en) > a 401 on navigation lands once on sign-in with the message; signing in again returns to the page  2479ms
   ✓ session end while the app is open (en) > a 401 on a dialog mutation (the commit-time upload refusal) closes the dialog and lands once on sign-in  1744ms
   ✓ session end while the app is open (en) > a sign-out elsewhere noticed by the next /me probe lands once on sign-in, never on the stale shell  955ms
   ✓ session end while the app is open (en) > a 403 (forbidden) is never treated as a session end  1017ms
   ✓ session end while the app is open (ar) > a 401 on navigation lands once on sign-in with the message; signing in again returns to the page  1347ms
   ✓ session end while the app is open (ar) > a 401 on a dialog mutation (the commit-time upload refusal) closes the dialog and lands once on sign-in  1868ms
   ✓ session end while the app is open (ar) > a sign-out elsewhere noticed by the next /me probe lands once on sign-in, never on the stale shell  637ms
   ✓ session end while the app is open (ar) > a 403 (forbidden) is never treated as a session end  1453ms
   ✓ session end under <StrictMode> (as in production) > still lands exactly once on sign-in  901ms
   ✓ sign-in page and the cached identity > decides 'already signed in' only from a fresh /me, never from a stale cache  516ms
   ✓ sign-in page and the cached identity > signing out here shows 'signed out', not 'session ended', and no /me loop  544ms
 ✓ |unit-web| src/pages/benefits/benefits.test.tsx (29 tests) 16045ms
   ✓ benefits screens (en) > T14 register: ten columns; Value (SAR) n/a and Unknown never 0; Realized kept apart with pending labelled  2079ms
   ✓ benefits screens (en) > totals: per class and state, pending overlap apart, cost and net Unknown (never 0), non-financial counted apart  700ms
   ✓ benefits screens (en) > lifecycle: six steps with question and output, missing outputs listed, only the allowed next step offered  408ms
   ✓ benefits screens (en) > allocations: percent and unallocated share; the replace sends fractions with If-Match  1028ms
   ✓ benefits screens (en) > allocations above 100 %: the preview warns and the server's 422 is translated in the one form alert  750ms
   ✓ benefits screens (en) > measurements: a validated value offers no edit; the 409 validated_immutable is translated  527ms
   ✓ benefits screens (en) > Finance decision: six items, the decision body with If-Match; labelled Finance validation, never DG0-DG7  501ms
   ✓ benefits screens (en) > Finance decision: a missing item is left to the server, whose 422 names the six items; the submitter is never offered a decision  326ms
   ✓ benefits screens (en) > Finance decision: the content_incomplete 422 and a Business Owner's 403 are translated  762ms
   ✓ benefits screens (en) > read-only (auditor): Finance item without decide, register without create  1314ms
   ✓ benefits screens (en) > measurement lineage: inputs with KPI value versions, a provisional basis labelled  520ms
   ✓ benefits screens (ar) > T14 register: ten columns; Value (SAR) n/a and Unknown never 0; Realized kept apart with pending labelled  754ms
   ✓ benefits screens (ar) > totals: per class and state, pending overlap apart, cost and net Unknown (never 0), non-financial counted apart  596ms
   ✓ benefits screens (ar) > lifecycle: six steps with question and output, missing outputs listed, only the allowed next step offered  397ms
   ✓ benefits screens (ar) > allocations: percent and unallocated share; the replace sends fractions with If-Match  1016ms
   ✓ benefits screens (ar) > allocations above 100 %: the preview warns and the server's 422 is translated in the one form alert  830ms
   ✓ benefits screens (ar) > values: seven states apart; measurements before Measure are explained (a delivered enabler is not realized value)  333ms
   ✓ benefits screens (ar) > measurements: a validated value offers no edit; the 409 validated_immutable is translated  492ms
   ✓ benefits screens (ar) > Finance decision: six items, the decision body with If-Match; labelled Finance validation, never DG0-DG7  515ms
   ✓ benefits screens (ar) > read-only (auditor): Finance item without decide, register without create  889ms
 ✓ |unit-web| src/pages/portfolio/fe-e.test.tsx (18 tests) 13699ms
   ✓ Funding decisions (en) > is a labelled business approval with no 'on behalf of' control; rationale required; POST with an Idempotency-Key  2233ms
   ✓ Funding decisions (en) > the BE-E 422s are the dialog's one translated alert; funding.amount_invalid is also inline at /amount  780ms
   ✓ Funding decisions (ar) > is a labelled business approval with no 'on behalf of' control; rationale required; POST with an Idempotency-Key  1211ms
   ✓ Funding decisions (ar) > the BE-E 422s are the dialog's one translated alert; funding.amount_invalid is also inline at /amount  1427ms
   ✓ Funding decisions (ar) > the history shows a missing amount as Unknown (never 0); a re-selected initiative explains the deselect rule  374ms
   ✓ Funding decisions (ar) > an exact decimal amount is shown with its currency; the auditor sees no record control  649ms
   ✓ Deliverables and milestones on the card (en) > creates (Idempotency-Key), edits (If-Match) and archives (reason, If-Match) a deliverable  994ms
   ✓ Deliverables and milestones on the card (en) > creates a milestone with its wave and forecast, and edits it with If-Match  979ms
   ✓ Deliverables and milestones on the card (en) > 422 initiative.read_only (a closure raced the edit) is translated as the dialog's one alert  484ms
   ✓ Deliverables and milestones on the card (en) > the card edit form translates initiative.planned_range specifically (RecordDialog namespaces)  794ms
   ✓ Deliverables and milestones on the card (ar) > creates (Idempotency-Key), edits (If-Match) and archives (reason, If-Match) a deliverable  1064ms
   ✓ Deliverables and milestones on the card (ar) > creates a milestone with its wave and forecast, and edits it with If-Match  805ms
   ✓ Deliverables and milestones on the card (ar) > 422 initiative.read_only (a closure raced the edit) is translated as the dialog's one alert  427ms
   ✓ Deliverables and milestones on the card (ar) > the card edit form translates initiative.planned_range specifically (RecordDialog namespaces)  490ms
 ✓ |unit-web| src/pages/gates/g4.test.tsx (16 tests) 11425ms
   ✓ G4 refusal item by item (en) > two initiatives without owners: two separate translated 'Owners' items, never the joined English message  2226ms
   ✓ G4 refusal item by item (en) > without a usable gate view: one translated line per refused criterion, never the English message  1019ms
   ✓ G4 refusal item by item (ar) > two initiatives without owners: two separate translated 'Owners' items, never the joined English message  661ms
   ✓ G4 refusal item by item (ar) > without a usable gate view: one translated line per refused criterion, never the English message  1087ms
   ✓ G4 view (en) > lists the eight G4 criteria with their missing items: 'Owners', 'Finance validation' and the initiative  509ms
   ✓ G4 view (en) > a refused submission shows the 422 list with the initiative names, translated  637ms
   ✓ G4 view (en) > the decision's 403 urn:mth:problem:forbidden is translated  1059ms
   ✓ G4 view (en) > the decision's 403 urn:mth:problem:forbidden is translated  667ms
   ✓ G4 view (en) > the decision's 409 urn:mth:problem:version-conflict is translated  451ms
   ✓ G4 view (ar) > lists the eight G4 criteria with their missing items: 'Owners', 'Finance validation' and the initiative  356ms
   ✓ G4 view (ar) > a refused submission shows the 422 list with the initiative names, translated  742ms
   ✓ G4 view (ar) > the decision's 403 urn:mth:problem:forbidden is translated  820ms
   ✓ G4 view (ar) > the decision's 403 urn:mth:problem:forbidden is translated  744ms
   ✓ G4 view (ar) > the decision's 409 urn:mth:problem:version-conflict is translated  433ms
 ✓ |unit-web| src/pages/business-cases/business-cases.test.tsx (18 tests) 16510ms
   ✓ business cases (en) > register: levels, Finance baseline states with text (Stale is never green) and drafts  1774ms
   ✓ business cases (en) > detail: all ten sections, totals with gross / cost / net apart, net Unknown (never 0), roll-up by reference  1476ms
   ✓ business cases (en) > totals: a partial total says how many Unknown lines it leaves out  517ms
   ✓ business cases (en) > sections: saves only the changed section with If-Match; blank text is refused inline and nothing is sent  1759ms
   ✓ business cases (en) > sections: a 409 shows the standard conflict panel (nothing saved) with the current values  995ms
   ✓ business cases (en) > lines: exactly one class from one select; the value basis follows the class; a 422 is translated  1453ms
   ✓ business cases (en) > Finance validation: a business approval for FIN who did not author the case; If-Match; translated 403  1471ms
   ✓ business cases (en) > Finance validation: the case author sees no validate action, only the separation-of-duties note  543ms
   ✓ business cases (en) > read-only auditor: the ten sections as text, no enabled write control, the read-only note  331ms
   ✓ business cases (ar) > register: levels, Finance baseline states with text (Stale is never green) and drafts  692ms
   ✓ business cases (ar) > detail: all ten sections, totals with gross / cost / net apart, net Unknown (never 0), roll-up by reference  452ms
   ✓ business cases (ar) > totals: a partial total says how many Unknown lines it leaves out  302ms
   ✓ business cases (ar) > sections: saves only the changed section with If-Match; blank text is refused inline and nothing is sent  1588ms
   ✓ business cases (ar) > sections: a 409 shows the standard conflict panel (nothing saved) with the current values  386ms
   ✓ business cases (ar) > lines: exactly one class from one select; the value basis follows the class; a 422 is translated  507ms
   ✓ business cases (ar) > Finance validation: a business approval for FIN who did not author the case; If-Match; translated 403  962ms
   ✓ business cases (ar) > Finance validation: the case author sees no validate action, only the separation-of-duties note  961ms
   ✓ business cases (ar) > read-only auditor: the ten sections as text, no enabled write control, the read-only note  335ms
 ✓ |unit-web| src/pages/benefit-formulas/benefit-formulas.test.tsx (18 tests) 10105ms
   ✓ T09 benefit formulas (en) > register: the six T09 columns with confidence H/M/L; examples marked illustrative with 100000 and 500000 SAR per year  1534ms
   ✓ T09 benefit formulas (en) > builder: an undefined variable shows translated, with its position, before saving; nothing is sent  1086ms
   ✓ T09 benefit formulas (en) > builder: monthly ARPU × annual customers is a period mismatch, translated, before saving  603ms
   ✓ T09 benefit formulas (en) > builder: a fraction is entered as percent and stored as a fraction; a version is saved with If-Match  986ms
   ✓ T09 benefit formulas (en) > builder: a 409 shows the standard conflict panel; nothing was saved  519ms
   ✓ T09 benefit formulas (en) > Finance validation of a version: a business approval by FIN; the author cannot; translated refusal  888ms
   ✓ T09 benefit formulas (ar) > register: the six T09 columns with confidence H/M/L; examples marked illustrative with 100000 and 500000 SAR per year  699ms
   ✓ T09 benefit formulas (ar) > builder: an undefined variable shows translated, with its position, before saving; nothing is sent  519ms
   ✓ T09 benefit formulas (ar) > builder: monthly ARPU × annual customers is a period mismatch, translated, before saving  373ms
   ✓ T09 benefit formulas (ar) > builder: a fraction is entered as percent and stored as a fraction; a version is saved with If-Match  554ms
   ✓ T09 benefit formulas (ar) > builder: a 409 shows the standard conflict panel; nothing was saved  510ms
   ✓ T09 benefit formulas (ar) > Finance validation of a version: a business approval by FIN; the author cannot; translated refusal  607ms
   ✓ T09 benefit formulas (ar) > Finance validation: the version's author sees the separation-of-duties note and no action  537ms
 ✓ |unit-web| src/auth/session-identity.test.tsx (18 tests) 9560ms
   ✓ F-DG2-500 a session end on the sign-in page (en) > W5: Back to /login after A's session ends, B signs in with the development form: B never sees A's records  1550ms
   ✓ F-DG2-500 a session end on the sign-in page (en) > W5b (OIDC mode): B signs in in another tab and this tab's /me re-probe brings B: B never sees A's records  1073ms
   ✓ F-DG2-500 an identity change with no session end in this tab (en) > a refocus /me that returns another identity removes every session query before B renders, and drops A's drafts  777ms
   ✓ F-DG2-500 sign-out here and 403 (en) > signing out here clears everything; B signing in afterwards never sees A's records  1066ms
   ✓ F-DG2-500 sign-out here and 403 (en) > a 403 is never a session end: the phase, the identity and the cache are kept  427ms
   ✓ F-DG2-500 a session end on the sign-in page (ar) > W5: Back to /login after A's session ends, B signs in with the development form: B never sees A's records  958ms
   ✓ F-DG2-500 a session end on the sign-in page (ar) > W5b (OIDC mode): B signs in in another tab and this tab's /me re-probe brings B: B never sees A's records  906ms
   ✓ F-DG2-500 an identity change with no session end in this tab (ar) > a refocus /me that returns another identity removes every session query before B renders, and drops A's drafts  635ms
   ✓ F-DG2-500 sign-out here and 403 (ar) > signing out here clears everything; B signing in afterwards never sees A's records  915ms
 ✓ |unit-web| src/pages/raci/governance.test.tsx (15 tests) 7174ms
   ✓ Governance (en) > RACI: edits a row with the cell selects and saves it as one PATCH with If-Match  1160ms
   ✓ Governance (en) > RACI: an auditor sees the matrix read-only (no cell editor, no save)  339ms
   ✓ Governance (en) > role mapping: an unmapped governance role shows the visible routing error  572ms
   ✓ Governance (en) > decision rights: seeded rows; the due-date preview shows Unknown with its reason  603ms
   ✓ Governance (en) > decision rights: submits the matrix for business approval with If-Match  429ms
   ✓ Governance (en) > decision rights: a field with an unknown party code is refused before sending  773ms
   ✓ Governance (en) > Transform readiness lists what is missing and links to the fix  616ms
   ✓ Governance (ar) > RACI: edits a row with the cell selects and saves it as one PATCH with If-Match  432ms
   ✓ Governance (ar) > RACI: an auditor sees the matrix read-only (no cell editor, no save)  371ms
   ✓ Governance (ar) > role mapping: an unmapped governance role shows the visible routing error  588ms
   ✓ Governance (ar) > decision rights: seeded rows; the due-date preview shows Unknown with its reason  423ms
   ✓ Governance (ar) > decision rights: submits the matrix for business approval with If-Match  443ms
 ✓ |unit-web| src/pages/kpi/kpi-periods.test.tsx (6 tests) 11413ms
   ✓ KPI update periods (en) > a Lead or KPI owner chooses an open period that is not the current one, from the transformation's list  2349ms
   ✓ KPI update periods (en) > a transformation-scoped KPI owner (no organization.read) gets the same choice  616ms
   ✓ KPI update periods (en) > no open period of the KPI's frequency: the form says so; a failed list is an error, never an empty choice  3794ms
   ✓ KPI update periods (ar) > a Lead or KPI owner chooses an open period that is not the current one, from the transformation's list  526ms
   ✓ KPI update periods (ar) > a transformation-scoped KPI owner (no organization.read) gets the same choice  406ms
   ✓ KPI update periods (ar) > no open period of the KPI's frequency: the form says so; a failed list is an error, never an empty choice  3719ms
 ✓ |unit-web| src/pages/roadmap/roadmap.test.tsx (14 tests) 7951ms
   ✓ roadmap (en) > shows the four source waves verbatim (English source also shown in Arabic) with overlapping horizons  914ms
   ✓ roadmap (en) > moving a milestone PATCHes the forecast with If-Match and the timeline, table and board all show the new date from one refetch  517ms
   ✓ roadmap (en) > a 409 on moving a milestone shows the conflict notice and reloads the roadmap  652ms
   ✓ roadmap (en) > re-approving a date requires a reason; then it is POSTed with If-Match  895ms
   ✓ roadmap (en) > deliverable acceptance sends the AcceptanceDecision with If-Match (no 'on behalf of' control)  964ms
   ✓ roadmap (en) > an Unknown schedule flag is shown as Unknown; missing dates are Unknown, never blank  578ms
   ✓ roadmap (ar) > shows the four source waves verbatim (English source also shown in Arabic) with overlapping horizons  415ms
   ✓ roadmap (ar) > moving a milestone PATCHes the forecast with If-Match and the timeline, table and board all show the new date from one refetch  461ms
   ✓ roadmap (ar) > a 409 on moving a milestone shows the conflict notice and reloads the roadmap  597ms
   ✓ roadmap (ar) > re-approving a date requires a reason; then it is POSTed with If-Match  533ms
   ✓ roadmap (ar) > deliverable acceptance sends the AcceptanceDecision with If-Match (no 'on behalf of' control)  652ms
   ✓ roadmap (ar) > the read-only auditor sees no write control  313ms
 ✓ |unit-web| src/pages/team/team.test.tsx (10 tests) 9720ms
   ✓ Team (English LTR) > shows the six governance roles with B0018 accountability text verbatim and who holds each  1049ms
   ✓ Team (English LTR) > lists team members with the accountability on each assignment, sortable and filterable  618ms
   ✓ Team (English LTR) > a Transformation Lead assigns a Workstream Lead: Idempotency-Key, reason, accountability preview  454ms
   ✓ Team (English LTR) > shows a 403 from the server in words; nothing is assigned  797ms
   ✓ Team: read-only auditor (AUD) > sees the roles, accountabilities and members, a read-only note, and no assign control  535ms
   ✓ Team (Arabic RTL) > shows Arabic role names and the provisional Arabic accountability text  742ms
   ✓ Team assign dialog: accountability preview follows the selected role (F-DG2-430) > en: WL on open, then KDS, TD, none and WL again, in StrictMode with no React warning  1178ms
   ✓ Team assign dialog: accountability preview follows the selected role (F-DG2-430) > ar: WL on open, then KDS, TD, none and WL again, in StrictMode with no React warning  1501ms
   ✓ Team: the success notice follows a language switch, 'en' → 'ar' > the notice is shown in the language now on screen, not the one it was created in  1208ms
   ✓ Team: the success notice follows a language switch, 'ar' → 'en' > the notice is shown in the language now on screen, not the one it was created in  1626ms
 ✓ |unit-web| src/pages/gates/g1-agreements.test.tsx (10 tests) 11426ms
   ✓ G1 agreements step (en) > approving G1 needs the three labelled confirmations; then sends agreements with all three true  3578ms
   ✓ G1 agreements step (en) > a non-approve outcome on G1 sends no agreements (even after ticking them)  1027ms
   ✓ G1 agreements step (en) > approving another gate (G2) shows no confirmations and sends no agreements  924ms
   ✓ G1 agreements step (en) > the server's 422 gate.g1_agreements_required is the one form-level alert, with the missing confirmations  1007ms
   ✓ G1 agreements step (en) > the server's 422 gate.agreements_not_applicable is translated as the one form-level alert  897ms
   ✓ G1 agreements step (ar) > approving G1 needs the three labelled confirmations; then sends agreements with all three true  1170ms
   ✓ G1 agreements step (ar) > a non-approve outcome on G1 sends no agreements (even after ticking them)  1088ms
   ✓ G1 agreements step (ar) > approving another gate (G2) shows no confirmations and sends no agreements  517ms
   ✓ G1 agreements step (ar) > the server's 422 gate.g1_agreements_required is the one form-level alert, with the missing confirmations  554ms
   ✓ G1 agreements step (ar) > the server's 422 gate.agreements_not_applicable is translated as the one form-level alert  646ms
 ✓ |unit-web| src/pages/meetings/governance.test.tsx (20 tests) 11003ms
   ✓ governance screens (en) > forums: the five layers with their verbatim source cadence; Arabic labelled provisional  752ms
   ✓ governance screens (en) > series editor: 'future meetings only' must be confirmed; the result lists the kept meetings  1918ms
   ✓ governance screens (en) > meeting: the brief lists missing elements; quorum not configured is never 'met'; no engineering gate named  348ms
   ✓ governance screens (en) > publishing an incomplete ask shows the server's 422 once, translated  469ms
   ✓ governance screens (en) > published minutes are read-only and the meeting shows the frozen note  1090ms
   ✓ governance screens (en) > T16 log: nine columns; an earlier record shows Unknown for what it lacks; the overdue filter asks the server  516ms
   ✓ governance screens (en) > raising an ask without 'why now': the server's 400 lands on its field  343ms
   ✓ governance screens (en) > recording an Outcome is labelled a business decision and sends If-Match  788ms
   ✓ governance screens (ar) > series editor: 'future meetings only' must be confirmed; the result lists the kept meetings  1448ms
   ✓ governance screens (ar) > meeting: the brief lists missing elements; quorum not configured is never 'met'; no engineering gate named  330ms
   ✓ governance screens (ar) > publishing an incomplete ask shows the server's 422 once, translated  345ms
   ✓ governance screens (ar) > published minutes are read-only and the meeting shows the frozen note  622ms
   ✓ governance screens (ar) > T16 log: nine columns; an earlier record shows Unknown for what it lacks; the overdue filter asks the server  324ms
   ✓ governance screens (ar) > raising an ask without 'why now': the server's 400 lands on its field  540ms
   ✓ governance screens (ar) > recording an Outcome is labelled a business decision and sends If-Match  603ms
 ✓ |unit-web| src/pages/capacity/fe-e.test.tsx (13 tests) 8805ms
   ✓ capacity editing (en) > creates a role; a taken code (409) is the form's translated alert; then the role is created  1940ms
   ✓ capacity editing (en) > edits a role's labels and archives it, each with If-Match  1249ms
   ✓ capacity editing (en) > creates a capacity row with a decimal FTE string; a duplicate (409) is translated  758ms
   ✓ capacity editing (en) > creates a demand; after the save the plan is re-read and the conflict with its shortfall appears; Unknown stays Unknown  627ms
   ✓ capacity editing (en) > edits a planned demand with If-Match; 422 resource_demand.not_planned is translated  703ms
   ✓ capacity editing (en) > the read-only auditor sees roles and capacity rows with no editing control  326ms
   ✓ capacity editing (ar) > creates a role; a taken code (409) is the form's translated alert; then the role is created  420ms
   ✓ capacity editing (ar) > edits a role's labels and archives it, each with If-Match  721ms
   ✓ capacity editing (ar) > creates a capacity row with a decimal FTE string; a duplicate (409) is translated  600ms
   ✓ capacity editing (ar) > creates a demand; after the save the plan is re-read and the conflict with its shortfall appears; Unknown stays Unknown  793ms
   ✓ capacity editing (ar) > edits a planned demand with If-Match; 422 resource_demand.not_planned is translated  389ms
 ✓ |unit-web| src/pages/dispensations/dispensations.test.tsx (12 tests) 9170ms
   ✓ Dispensations (en) > lists waivers and inherited approvals; unverified evidence is shown as unverified; recorder cannot decide  907ms
   ✓ Dispensations (en) > a waiver needs a reason and an expiry: refused inline, nothing sent; then sent with its scope  995ms
   ✓ Dispensations (en) > an inherited approval (Modular) needs the approving body, the date and evidence; 422s are translated  940ms
   ✓ Dispensations (en) > deciding is a labelled business approval; the delegated-decision 422 and the recorder 403 are translated  1701ms
   ✓ Dispensations (en) > the read-only auditor sees the register with no enabled write control  302ms
   ✓ Dispensations (ar) > lists waivers and inherited approvals; unverified evidence is shown as unverified; recorder cannot decide  320ms
   ✓ Dispensations (ar) > a waiver needs a reason and an expiry: refused inline, nothing sent; then sent with its scope  542ms
   ✓ Dispensations (ar) > an inherited approval (Modular) needs the approving body, the date and evidence; 422s are translated  1152ms
   ✓ Dispensations (ar) > deciding is a labelled business approval; the delegated-decision 422 and the recorder 403 are translated  814ms
   ✓ Dispensations (ar) > revoking an accepted dispensation needs a reason and is a business approval  657ms
   ✓ Dispensations (ar) > the read-only auditor sees the register with no enabled write control  596ms
 ✓ |unit-web| src/pages/dependencies/dependencies.test.tsx (12 tests) 10738ms
   ✓ dependencies (en) > shows the seven T08 columns, an External source, the type label and the needed-by conflict flag  1177ms
   ✓ dependencies (en) > a cycle is refused and shown as the translated message with the path INI-01 → INI-02 → INI-03 → INI-01  1335ms
   ✓ dependencies (en) > an External source is sent as {kind: external, label}  1707ms
   ✓ dependencies (en) > dependency types: system types are undeletable; an administrator may retire a custom type  1030ms
   ✓ dependencies (en) > a system type's 422 dependency_type.system_undeletable is translated  578ms
   ✓ dependencies (en) > the read-only auditor sees the map and no write control  521ms
   ✓ dependencies (ar) > shows the seven T08 columns, an External source, the type label and the needed-by conflict flag  541ms
   ✓ dependencies (ar) > a cycle is refused and shown as the translated message with the path INI-01 → INI-02 → INI-03 → INI-01  600ms
   ✓ dependencies (ar) > an External source is sent as {kind: external, label}  1117ms
   ✓ dependencies (ar) > dependency types: system types are undeletable; an administrator may retire a custom type  872ms
   ✓ dependencies (ar) > a system type's 422 dependency_type.system_undeletable is translated  856ms
   ✓ dependencies (ar) > the read-only auditor sees the map and no write control  402ms
 ✓ |unit-web| src/pages/bau/sustain.test.tsx (14 tests) 9079ms
   ✓ BAU and improvement screens (en) > handover checklist marks data access missing; submit 422 names it in the shown language  1476ms
   ✓ BAU and improvement screens (en) > only the receiving owner is offered accept, labelled a business approval  1702ms
   ✓ BAU and improvement screens (en) > after reopening, the area shows the original handover acceptance and closure date  581ms
   ✓ BAU and improvement screens (en) > a failed check links to its recovery action; an unknown review signal is Unknown, never on track  601ms
   ✓ BAU and improvement screens (en) > CI backlog stays visible and editable after the transformation is closed  660ms
   ✓ BAU and improvement screens (en) > lesson search finds a published lesson of another transformation  425ms
   ✓ BAU and improvement screens (ar) > handover checklist marks data access missing; submit 422 names it in the shown language  576ms
   ✓ BAU and improvement screens (ar) > only the receiving owner is offered accept, labelled a business approval  1050ms
   ✓ BAU and improvement screens (ar) > after reopening, the area shows the original handover acceptance and closure date  419ms
   ✓ BAU and improvement screens (ar) > a failed check links to its recovery action; an unknown review signal is Unknown, never on track  554ms
   ✓ BAU and improvement screens (ar) > CI backlog stays visible and editable after the transformation is closed  579ms
   ✓ BAU and improvement screens (ar) > lesson search finds a published lesson of another transformation  381ms
 ✓ |unit-web| src/app/p3-seams.test.tsx (10 tests) 4056ms
   ✓ P3 routes > workspace tabs (en) > the workspace tabs include the P3 tabs, labelled from their own namespaces  1154ms
   ✓ P3 routes > workspace tabs (ar) > the workspace tabs include the P3 tabs, labelled from their own namespaces  585ms
   ✓ P3 navigation areas > en /initiatives-roadmaps leads into the Initiatives and Roadmaps tab of each transformation  651ms
   ✓ P3 navigation areas > ar /initiatives-roadmaps leads into the المبادرات وخرائط الطريق tab of each transformation  516ms
   ✓ P3 navigation areas > en /benefits-finance leads into the Benefits and Finance tab of each transformation  613ms
   ✓ P3 navigation areas > ar /benefits-finance leads into the المنافع والمالية tab of each transformation  500ms
 ✓ |unit-web| src/app/app.test.tsx (17 tests) 5801ms
   ✓ bilingual shell > renders Arabic RTL by default with the provisional wordmark  550ms
   ✓ bilingual shell > switches to English LTR and persists the preference with If-Match  572ms
   ✓ bilingual shell > shows all fourteen areas to an administrator  736ms
   ✓ bilingual shell > hides Administration from a Workstream Lead, and the admin route shows no-permission  335ms
   ✓ bilingual shell > a partial area (Governance) leads into the Gates tab of each transformation; its portfolio view stays planned  601ms
   ✓ transformations > lists transformations with a sortable code column and removable filter chips  1086ms
   ✓ transformations > detail shows the workspace header with Unknown for data from later stages  708ms
   ✓ transformations > edit: a 409 writes nothing, shows compare, and re-applies on the current version  381ms
 ✓ |unit-web| src/pages/approvals/approvals.test.tsx (16 tests) 7192ms
   ✓ Approvals (en) > lists my approvals; an Unknown due date shows Unknown with its reason, never a date  372ms
   ✓ Approvals (en) > offers exactly four outcomes; defer needs a date; the decision sends subjectVersion with If-Match  689ms
   ✓ Approvals (en) > a blank rationale is refused before sending  445ms
   ✓ Approvals (en) > a stale 409 says the record changed, records nothing and links to the history  500ms
   ✓ Approvals (en) > offers 'on behalf of' only for an active delegation to me  819ms
   ✓ Approvals (ar) > lists my approvals; an Unknown due date shows Unknown with its reason, never a date  374ms
   ✓ Approvals (ar) > offers exactly four outcomes; defer needs a date; the decision sends subjectVersion with If-Match  787ms
   ✓ Approvals (ar) > the requester is not offered the decision; the history shows 'B on behalf of A'  401ms
   ✓ Approvals (ar) > offers 'on behalf of' only for an active delegation to me  433ms
   ✓ Delegations (en) > revokes with a reason and If-Match; a read-only user sees no action  467ms
   ✓ Delegations (ar) > records a delegation with Asia/Riyadh wall-clock times sent as UTC; a loop 422 is translated  305ms
   ✓ Delegations (ar) > revokes with a reason and If-Match; a read-only user sees no action  553ms
 ✓ |unit-web| src/components/LanguageSwitch.test.tsx (10 tests) 5579ms
   ✓ a refused language save, 'en' → other ('403 csrf') > keeps ar on screen and says, in ar, that it was not saved  1512ms
   ✓ a refused language save, 'ar' → other ('403 csrf') > keeps en on screen and says, in en, that it was not saved  1020ms
   ✓ a refused language save, 'en' → other ('403 forbidden') > keeps ar on screen and says, in ar, that it was not saved  624ms
   ✓ a refused language save, 'ar' → other ('503') > keeps en on screen and says, in en, that it was not saved  876ms
   ✓ the live region and the persisted preference > a successful save never flips back to the previous language while the PUT is in flight  407ms
   ✓ the live region and the persisted preference > if the persisted preference changes later and is re-applied, the notice says so in that language  300ms
 ✓ |unit-web| src/pages/capacity/capacity.test.tsx (6 tests) 2893ms
   ✓ capacity (en) > the role × month grid shows decimal FTE, the conflict with its shortfall, and Unknown capacity as Unknown (never 0)  522ms
   ✓ capacity (en) > committing a demand POSTs with If-Match; a 409 shows the conflict notice and reloads  675ms
   ✓ capacity (ar) > the role × month grid shows decimal FTE, the conflict with its shortfall, and Unknown capacity as Unknown (never 0)  354ms
   ✓ capacity (ar) > committing a demand POSTs with If-Match; a 409 shows the conflict notice and reloads  706ms
   ✓ capacity (ar) > the read-only auditor sees the grid and no commit or release control  340ms
 ✓ |unit-web| src/pages/dashboards/dashboards.test.tsx (21 tests) 6264ms
   ✓ Dashboards (en) > transformation dashboard: six areas, distinct value states, provisional Arabic, drill-down  966ms
   ✓ Dashboards (en) > Executive Overview: organizationId and the period filter reach the server; window and as-of shown  515ms
   ✓ Dashboards (en) > Finance dashboard: per-class lines, gross and net, an Unknown net is never 0, non-financial is n/a  313ms
   ✓ Dashboards (en) > workspace header: every element Unknown where data is missing; one click opens the RAID register  313ms
   ✓ Dashboards (en) > My Work: sections with totals, the KPI update under Missing updates, a draft labelled not submitted, deadlines  851ms
   ✓ Dashboards (ar) > transformation dashboard: six areas, distinct value states, provisional Arabic, drill-down  386ms
   ✓ Dashboards (ar) > Executive Overview: organizationId and the period filter reach the server; window and as-of shown  486ms
   ✓ Dashboards (ar) > workspace header: known elements show their values; a known 0 validated value is 'Known zero', not Unknown  369ms
   ✓ Dashboards (ar) > workspace header unavailable: every element is Unknown, with a retry (never a guessed value)  352ms
   ✓ Dashboards (ar) > My Work: sections with totals, the KPI update under Missing updates, a draft labelled not submitted, deadlines  389ms
 ✓ |unit-web| src/pages/gates/inherited-approval.test.tsx (16 tests) 4233ms
   ✓ inherited-approval annotation (en) > Gates list: G1 pending_verification (counts false) is a badge next to 'Not submitted'  377ms
   ✓ inherited-approval annotation (en) > Gates list: G1 accepted (counts true) is a badge next to 'Not submitted'  308ms
   ✓ inherited-approval annotation (en) > Gates list: G1 rejected (counts false) is a badge next to 'Not submitted'  494ms
   ✓ inherited-approval annotation (en) > gate view: an accepted inherited approval is a labelled row beside the 'Not submitted' status  504ms
   ✓ inherited-approval annotation (ar) > gate view: without an inherited approval there is no row  322ms
 ✓ |unit-web| src/pages/roadmap/fe-e.test.tsx (8 tests) 7063ms
   ✓ wave editing (en) > edits planned dates (overlap accepted) with If-Match; the source text is read-only and never sent  1535ms
   ✓ wave editing (en) > 422 roadmap_wave.planned_range is inline at the planned end and translated  382ms
   ✓ wave editing (en) > adds a non-source wave with its bilingual texts (POST, Idempotency-Key)  1501ms
   ✓ wave editing (en) > the read-only auditor gets no wave control  367ms
   ✓ wave editing (ar) > edits planned dates (overlap accepted) with If-Match; the source text is read-only and never sent  611ms
   ✓ wave editing (ar) > 422 roadmap_wave.planned_range is inline at the planned end and translated  728ms
   ✓ wave editing (ar) > adds a non-source wave with its bilingual texts (POST, Idempotency-Key)  1571ms
   ✓ wave editing (ar) > the read-only auditor gets no wave control  362ms
 ✓ |unit-web| src/pages/kpi/kpi.test.tsx (27 tests) 9794ms
   ✓ KPI screens (en) > RAG panel: the seven elements, the threshold version named, and the override beside the calculated RAG  826ms
   ✓ KPI screens (en) > no actual for the current period: Unknown, grey and labelled, with its reason; never 0 and never green  675ms
   ✓ KPI screens (en) > the status overview shows Unknown KPIs grey and labelled (no zero in the list)  334ms
   ✓ KPI screens (en) > four-step update: submits once, then lists downstream views, 'review pending' and 'Finance review pending'  836ms
   ✓ KPI screens (en) > a second entry for the same KPI and period is value version 2 of the same slot (If-Match)  779ms
   ✓ KPI screens (en) > a 409 on submit is the form's one alert: nothing was saved, the latest data is loaded  365ms
   ✓ KPI screens (en) > data quality: an open finding is resolved with a note and If-Match  530ms
   ✓ KPI screens (ar) > no actual for the current period: Unknown, grey and labelled, with its reason; never 0 and never green  357ms
   ✓ KPI screens (ar) > the status overview shows Unknown KPIs grey and labelled (no zero in the list)  356ms
   ✓ KPI screens (ar) > four-step update: submits once, then lists downstream views, 'review pending' and 'Finance review pending'  591ms
   ✓ KPI screens (ar) > a second entry for the same KPI and period is value version 2 of the same slot (If-Match)  692ms
   ✓ KPI screens (ar) > a 409 on submit is the form's one alert: nothing was saved, the latest data is loaded  509ms
   ✓ KPI screens (ar) > no active version: the update explains it and links to the versions (no form)  509ms
   ✓ KPI screens (ar) > read-only viewer (auditor): no write action on the KPI page, labels say business approval  337ms
   ✓ KPI screens (ar) > data quality: an open finding is resolved with a note and If-Match  636ms
 ✓ |unit-web| src/pages/transformations/modeGuidance.test.tsx (5 tests) 2938ms
   ✓ New transformation: mode guidance (English LTR) > shows When to use and How for the selected mode and switches with the mode  1302ms
   ✓ New transformation: mode guidance (English LTR) > Modular requires an entry phase before anything is sent  999ms
   ✓ New transformation: mode guidance (English LTR) > a server validation error on the entry phase is shown on that field  359ms
 ✓ |unit-web| src/pages/my-work/my-work.test.tsx (21 tests) 7072ms
   ✓ My Work (en) > renders tasks and reminders from messageKey + messageParams; Unknown due dates; system-managed tasks  1202ms
   ✓ My Work (en) > marks a task done and a reminder read with bodiless POSTs and If-Match  706ms
   ✓ My Work (ar) > marks a task done and a reminder read with bodiless POSTs and If-Match  568ms
   ✓ Calendar, jobs and groups (en) > calendar: read-only without calendar.configure; the calculator shows Unknown with its reason  328ms
   ✓ Calendar, jobs and groups (en) > calendar: a technical administrator adds a holiday; a range error is caught before sending  593ms
   ✓ Calendar, jobs and groups (en) > jobs: no permission without job.read; job.configure edits a schedule with If-Match  1078ms
   ✓ Calendar, jobs and groups (ar) > calendar: a technical administrator adds a holiday; a range error is caught before sending  354ms
   ✓ Calendar, jobs and groups (ar) > jobs: no permission without job.read; job.configure edits a schedule with If-Match  780ms
 ✓ |unit-web| src/pages/my-work/message-keys.test.ts (83 tests) 191ms
 ✓ |unit-web| src/pages/readiness/readiness.test.tsx (4 tests) 2409ms
   ✓ Readiness (en) > lists the missing diagnostic areas by name, the gates and the translated sequencing blockers  1010ms
   ✓ Readiness (en) > an accepted, verified inherited approval counts, and the gate itself still is not approved  302ms
   ✓ Readiness (ar) > lists the missing diagnostic areas by name, the gates and the translated sequencing blockers  832ms
 ✓ |unit-web| src/components/States.test.tsx (15 tests) 825ms
   ✓ explicit states in en > loading is a polite live region with a text label  345ms
 ✓ |unit-web| src/i18n/problems-slices-hijk.test.ts (8 tests) 147ms
 ✓ |unit-web| src/test/react-warning-guard.test.tsx (4 tests) 284ms
 ✓ |unit-web| src/components/RecordForm.alerts.test.tsx (16 tests) 3468ms
   ✓ record form: one alert per distinct form error (en) > dialog > a 400 whose only field error has pointer "" says its message once, in one live region  554ms
   ✓ record form: one alert per distinct form error (ar) > dialog > a 400 whose only field error has pointer "" says its message once, in one live region  313ms
   ✓ record form: one alert per distinct form error (ar) > dialog > the same pointer-"" code twice is still said once  359ms
 ✓ |unit-web| src/lib/auditChanges.test.ts (125 tests) 269ms
 ✓ |unit-web| src/i18n/i18n.test.ts (11 tests) 197ms
 ✓ |unit-web| src/styles/styles.test.ts (6 tests) 24ms
 ✓ |unit-web| src/i18n/glossary.test.ts (8 tests) 30ms
 ✓ |unit-web| src/lib/lib.test.ts (24 tests) 215ms
 ✓ |unit-web| src/test/harness-config.test.ts (2 tests) 3ms
 ✓ |unit-web| src/pages/business-cases/problem-codes.test.ts (4 tests) 81ms
 ✓ |unit-node| packages/shared/src/formula/formula.test.ts (140 tests) 341ms
 ✓ |unit-node| packages/db/src/seed.test.ts (34 tests) 57ms
 ✓ |unit-node| packages/shared/src/schemas/schemas.test.ts (69 tests) 349ms
 ✓ |unit-node| apps/api/src/modules/platform/media-types.test.ts (57 tests) 303ms
 ✓ |unit-node| packages/shared/src/formula/fuzz.test.ts (111 tests) 18084ms
   ✓ fuzz: no uncaught exception, no code execution > 10 000 random byte strings (0–255, up to 80 bytes)  3748ms
   ✓ fuzz: no uncaught exception, no code execution > 10 000 random UTF-16 strings including astral code points and lone surrogates  4156ms
   ✓ fuzz: no uncaught exception, no code execution > 20 000 random strings over the grammar alphabet reach parser, type checker and evaluator  5819ms
   ✓ source scan: no dynamic code in packages/shared/src/formula (ADR-0024 §6) > every file of the engine's import closure gets the engine-source lint rules (eslint.config.js)  3353ms
   ✓ source scan: no dynamic code in packages/shared/src/formula (ADR-0024 §6) > ESLint refuses the round-5 handler forms (G1, G2, A1, A2), F1 and every lintable probe-table row in an engine source  841ms
 ✓ |unit-node| apps/api/src/modules/reporting/dashboards/areas.test.ts (19 tests) 474ms
   ✓ combine (ADR-0037 §3 precedence) > property: Unknown or Stale inputs never combine to green, and the result is one of the inputs' ranks (2000 seeded sets)  358ms
 ✓ |unit-node| apps/api/src/modules/kpi/rules.test.ts (30 tests) 183ms
 ✓ |unit-node| apps/api/src/modules/kpi/totals.test.ts (20 tests) 20ms
 ✓ |unit-node| apps/api/src/architecture.test.ts (138 tests) 22778ms
   ✓ API module boundaries (ADR-0002) > every import respects dependsOn, public surfaces and allowed packages  13917ms
   ✓ package dependency direction (ADR-0002 rule 5) > packages/db imports only @mth/config and @mth/shared  320ms
   ✓ package dependency direction (ADR-0002 rule 5) > packages/shared imports no workspace package  1166ms
   ✓ package dependency direction (ADR-0002 rule 5) > apps/web never imports @mth/db or @mth/config (browser bundle, no secrets)  5983ms
   ✓ package dependency direction (ADR-0002 rule 5) > apps/worker imports no API code  374ms
 ✓ |unit-node| packages/shared/src/kpi/rag.test.ts (38 tests) 95ms
 ✓ |unit-node| apps/api/src/modules/benefits/register-rules.test.ts (45 tests) 68ms
 ✓ |unit-node| apps/api/src/modules/benefits/totals.test.ts (14 tests) 113ms
 ✓ |unit-node| apps/api/src/modules/workflows/workflows.test.ts (14 tests) 2796ms
   ✓ workflows module (P2) > its declared boundary holds, and an undeclared dependency would be caught  2720ms
 ✓ |unit-node| packages/shared/src/kpi/property.test.ts (11 tests) 3414ms
   ✓ measures > higher- and lower-is-better shortfalls are exact negatives; deviation follows the sign  300ms
   ✓ RAG > higher-is-better: a lower actual never gives a better RAG (monotonic), relative and absolute  360ms
   ✓ changes > pp = (x₁ − x₀) × 100 exactly, and relative × |x₀| = x₁ − x₀ (to precision 80)  496ms
   ✓ cumulative and roll-ups > cumulative YTD of a flow equals the exact sum of its period values; removing any period makes it Unknown  498ms
   ✓ trajectory > linear expected values lie between the neighbouring points; step values are point values  656ms
   ✓ storage rounding > rounds once half-up: |stored − exact| ≤ 0.0000005 and the record is honest  303ms
 ✓ |unit-node| apps/api/src/modules/benefits/d2-rules.test.ts (15 tests) 133ms
 ✓ |unit-node| packages/shared/src/adoption/measures.test.ts (24 tests) 1462ms
   ✓ properties (seeded) > never 0 for an empty denominator: Unknown with value null exactly when the denominator is 0  721ms
   ✓ properties (seeded) > completion never changes proficiency: any training records leave the proficiency measure identical  320ms
 ✓ |unit-node| apps/api/src/modules/platform/platform.test.ts (19 tests) 648ms
   ✓ invalid characters (U+0000): SQLSTATE mapping and the central request check (F-DG2-231) > a deeply nested body is scanned without recursion (no stack overflow)  596ms
 ✓ |unit-node| packages/shared/src/kpi/status.test.ts (25 tests) 12ms
 ✓ |unit-node| packages/shared/src/kpi/periods.test.ts (26 tests) 15ms
 ✓ |unit-node| packages/shared/src/kpi/formula-binding.test.ts (26 tests) 92ms
 ✓ |unit-node| apps/api/src/modules/kpi/kpi.test.ts (39 tests) 3991ms
   ✓ kpi module (P2) > its declared boundary holds, and a planted bypass or undeclared dependency would be caught  3682ms
 ✓ |unit-node| packages/shared/src/schemas/missing-links.test.ts (10 tests) 36ms
 ✓ |unit-node| apps/api/src/modules/kpi/formulas.test.ts (10 tests) 155ms
 ✓ |unit-node| packages/shared/src/time/working-days.test.ts (19 tests) 149ms
 ✓ |unit-node| apps/api/src/modules/portfolio/schedule.test.ts (14 tests) 60ms
 ✓ |unit-node| apps/api/src/modules/evidence/evidence.test.ts (13 tests) 1486ms
   ✓ evidence module (P2) > its declared boundary holds  1334ms
 ✓ |unit-node| packages/shared/src/adoption/form-schema.test.ts (8 tests) 27ms
 ✓ |unit-node| packages/shared/src/value.test.ts (29 tests) 291ms
 ✓ |unit-node| packages/shared/src/scoring.test.ts (36 tests) 993ms
   ✓ property: all 5^5 integer score combinations under v1 equal an independent BigInt rational computation > stored value, 2-digit display and 0–100 view all match for 3125 combinations  885ms
 ✓ |unit-node| packages/shared/src/kpi/a05.test.ts (17 tests) 110ms
 ✓ |unit-node| packages/shared/src/governance/recurrence.test.ts (19 tests) 19ms
 ✓ |unit-node| packages/shared/src/kpi/aggregate.test.ts (20 tests) 46ms
 ✓ |unit-node| apps/api/src/modules/reporting/dashboards/finance.test.ts (12 tests) 9ms
 ✓ |unit-node| apps/api/src/modules/access/rules.test.ts (12 tests) 11ms
 ✓ |unit-node| apps/api/src/modules/kpi/kbe-c.test.ts (9 tests) 18ms
 ✓ |unit-node| apps/api/src/request-encoding.test.ts (11 tests) 89ms
 ✓ |unit-node| apps/api/src/modules/workflows/g4.test.ts (5 tests) 7ms
 ✓ |unit-node| packages/shared/src/schedule/critical-path.test.ts (13 tests) 10ms
 ✓ |unit-node| apps/api/src/modules/kpi/p3-gate-facts.test.ts (9 tests) 42ms
 ✓ |unit-node| apps/api/src/modules/platform/incomplete-body.test.ts (10 tests) 120ms
 ✓ |unit-node| apps/api/src/modules/platform/db-errors.test.ts (7 tests) 56ms
 ✓ |unit-node| packages/config/src/load.test.ts (17 tests) 88ms
 ✓ |unit-node| apps/api/src/modules/portfolio/sequencing.test.ts (9 tests) 9ms
 ✓ |unit-node| packages/shared/src/kpi/types.test.ts (40 tests) 19ms
 ✓ |unit-node| apps/api/src/modules/raid/raid.test.ts (7 tests) 105ms
 ✓ |unit-node| packages/shared/src/kpi/measures.test.ts (30 tests) 21ms
 ✓ |unit-node| apps/api/src/modules/platform/db-errors-p4.test.ts (5 tests) 29ms
 ✓ |unit-node| apps/api/src/server.test.ts (6 tests) 1632ms
   ✓ route registration > declares access on every /api route and on the health endpoints  646ms
   ✓ route registration > registers dev login only in AUTH_MODE=dev; production configuration refuses dev mode entirely  343ms
 ✓ |unit-node| apps/api/src/modules/portfolio/budget.test.ts (13 tests) 31ms
 ✓ |unit-node| packages/shared/src/kpi/trajectory.test.ts (14 tests) 18ms
 ✓ |unit-node| packages/shared/src/kpi/change.test.ts (22 tests) 24ms
 ✓ |unit-node| packages/design-tokens/src/tokens.test.ts (15 tests) 56ms
 ✓ |unit-node| apps/api/src/modules/transformations/good-outcome.test.ts (7 tests) 36ms
(node:2137) [FSTDEP022] FastifyWarning: The router options for constraints property access is deprecated. Please use "options.routerOptions" instead for accessing router options. The router options will be removed in `fastify@6`.
(Use `node --trace-warnings ...` to show where the warning was created)
 ✓ |unit-node| apps/api/src/modules/platform/framework-errors.test.ts (6 tests) 114ms
 ✓ |unit-node| apps/api/src/modules/platform/connection-hygiene.test.ts (6 tests) 95ms
 ✓ |unit-node| packages/shared/src/schemas/corrective.test.ts (10 tests) 12ms
 ✓ |unit-node| packages/shared/src/schedule/working-day-slip.test.ts (11 tests) 36ms
 ✓ |unit-node| apps/api/src/modules/raid/corrective.test.ts (4 tests) 20ms
 ✓ |unit-node| apps/api/src/modules/admin/branding.test.ts (4 tests) 81ms
 ✓ |unit-node| apps/api/src/modules/platform/advisory-locks.test.ts (3 tests) 132ms
 ✓ |unit-node| apps/api/src/modules/tasks/tasks.test.ts (5 tests) 55ms
 ✓ |unit-node| packages/shared/src/schemas/roadmap.test.ts (6 tests) 58ms
 ✓ |unit-node| apps/api/src/modules/platform/request-encoding.test.ts (7 tests) 49ms
 ✓ |unit-node| apps/api/src/modules/platform/db-errors-p4-meetings.test.ts (4 tests) 33ms
 ✓ |unit-node| apps/api/src/modules/reporting/reporting.test.ts (4 tests) 2824ms
   ✓ reporting module (P1 scaffold, D-048) > its declared boundary holds, and a planted bypass or undeclared dependency would be caught  2731ms
 ✓ |unit-node| apps/api/src/modules/platform/in-flight.test.ts (4 tests) 371ms
 ✓ |unit-node| apps/api/src/modules/portfolio/readiness-transform.test.ts (4 tests) 6ms
 ✓ |unit-node| packages/shared/src/kpi/purity.test.ts (14 tests) 59ms
 ✓ |unit-node| apps/api/src/modules/methodology/methodology.test.ts (4 tests) 626ms
   ✓ methodology module (P2) > its declared boundary holds, and an undeclared dependency would be caught  563ms
 ✓ |unit-node| apps/api/src/modules/transformations/thesis.test.ts (4 tests) 21ms
 ✓ |unit-node| apps/api/src/modules/platform/health.test.ts (2 tests) 51ms
 ✓ |unit-node| apps/api/src/modules/workflows/t08-cycle-problem.test.ts (2 tests) 4ms
 ✓ |unit-node| apps/api/src/modules/identity/oidc-claims.test.ts (5 tests) 21ms
 ✓ |unit-node| apps/api/src/modules/portfolio/capacity.test.ts (4 tests) 14ms
 ✓ |unit-node| apps/api/src/modules/sustainment/sustainment.test.ts (2 tests) 128ms
 ✓ |unit-node| apps/api/src/modules/governance/raci.test.ts (2 tests) 9ms
 ✓ |unit-node| apps/api/src/modules/governance/governance.test.ts (2 tests) 348ms
 ✓ |unit-node| apps/api/src/modules/transformations/exclusions.test.ts (19 tests) 5ms
 ✓ |unit-node| apps/api/src/modules/benefits/benefits.test.ts (2 tests) 124ms
 ✓ |unit-node| apps/api/src/modules/adoption/adoption.test.ts (2 tests) 52ms
 ✓ |unit-node| apps/api/src/modules/transformations/transitions.test.ts (2 tests) 4ms

 Test Files  133 passed (133)
      Tests  2568 passed (2568)
   Start at  06:30:06
   Duration  358.33s (transform 19.79s, setup 14.15s, collect 328.46s, tests 576.21s, environment 58.85s, prepare 22.42s)


 RUN  v3.2.4 /home/user/wt/dg4-fe-g

 ✓ |unit-formula-nocodegen| packages/shared/src/formula/codegen.nocodegen.test.ts (10 tests) 47ms
 ✓ |unit-formula-nocodegen| packages/shared/src/formula/formula.test.ts (140 tests) 246ms
 ✓ |unit-formula-nocodegen| packages/shared/src/formula/fuzz.test.ts (111 tests | 2 skipped) 6959ms
   ✓ fuzz: no uncaught exception, no code execution > 10 000 random byte strings (0–255, up to 80 bytes)  1864ms
   ✓ fuzz: no uncaught exception, no code execution > 10 000 random UTF-16 strings including astral code points and lone surrogates  1473ms
   ✓ fuzz: no uncaught exception, no code execution > 20 000 random strings over the grammar alphabet reach parser, type checker and evaluator  3575ms

 Test Files  3 passed (3)
      Tests  259 passed | 2 skipped (261)
   Start at  06:36:05
   Duration  8.43s (transform 728ms, setup 0ms, collect 1.70s, tests 7.25s, environment 0ms, prepare 462ms)

