# check: 08-unit-node24   mode: cutf8   started: 2026-10-06T10:47:50Z
# command: env -u LC_ALL -u LC_CTYPE -u LC_COLLATE -u LC_MESSAGES -u LC_NUMERIC -u LC_TIME -u LC_MONETARY LANG=C.UTF-8 PATH=/opt/nvm/versions/node/v24.21.0/bin:$PATH pnpm test
# node v24.21.0; LANG=C.UTF-8 LC_ALL=<unset> LC_CTYPE=<unset>

> mobily-transformation-hub@0.1.0 test /home/user/My-owns
> vitest run --project unit-node --project unit-web


 RUN  v3.2.4 /home/user/My-owns

 ✓ |unit-web| src/pages/transformations/transformations.test.tsx (21 tests) 3059ms
   ✓ after create (F-DG1-004) > shows the created record when the server lets the creator read it  479ms
   ✓ effective permissions refresh after create (F-DG1-210) > English: Edit, Archive and the audit trail appear after create, without a reload  425ms
   ✓ effective permissions refresh after create (F-DG1-210) > Arabic (RTL): the same controls and the audit trail appear after create, without a reload  350ms
stderr | src/pages/team/team.test.tsx > Team (English LTR) > shows a 403 from the server in words; nothing is assigned
Cannot update a component (`AssignDialog`) while rendering a different component (`RecordDialog`). To locate the bad setState() call inside `RecordDialog`, follow the stack trace as described in https://react.dev/link/setstate-in-render

 ✓ |unit-web| src/pages/team/team.test.tsx (6 tests) 1764ms
   ✓ Team (English LTR) > shows the six governance roles with B0018 accountability text verbatim and who holds each  521ms
   ✓ Team (English LTR) > lists team members with the accountability on each assignment, sortable and filterable  319ms
   ✓ Team (English LTR) > a Transformation Lead assigns a Workstream Lead: Idempotency-Key, reason, accountability preview  383ms
 ✓ |unit-web| src/app/app.test.tsx (17 tests) 1720ms
 ✓ |unit-web| src/pages/transformations/modeGuidance.test.tsx (5 tests) 854ms
   ✓ New transformation: mode guidance (English LTR) > shows When to use and How for the selected mode and switches with the mode  340ms
 ✓ |unit-web| src/pages/p2-blank-forms.test.tsx (52 tests) 11407ms
   ✓ gate submission note (en) > a whitespace-only note is refused inline and nothing is sent  459ms
   ✓ gate submission note (en) > visible text is sent verbatim; an empty note is omitted  349ms
   ✓ journey step editor (en) > a whitespace-only actor is refused inline (not turned into null) and nothing is sent  368ms
   ✓ journey step editor (en) > a invisible-only actor is refused inline (not turned into null) and nothing is sent  307ms
   ✓ journey step editor (en) > visible text is sent verbatim; emptied optional text is null; an empty name is required  407ms
   ✓ journey step editor (ar) > a whitespace-only actor is refused inline (not turned into null) and nothing is sent  327ms
   ✓ journey step editor (ar) > visible text is sent verbatim; emptied optional text is null; an empty name is required  359ms
   ✓ Finance validation note and archive reason (en) > note: empty is 'required'; visible text is sent verbatim  353ms
 ✓ |unit-web| src/pages/p2.test.tsx (56 tests) 12006ms
   ✓ Diagnose > shows the six T01 dimensions with Unknown for missing values, and value pools that are never 0  685ms
   ✓ Diagnose > edits a T01 row with only the changed fields and If-Match  434ms
   ✓ Diagnose > a 409 on save writes nothing, compares, and re-applies on the current version  363ms
   ✓ Diagnose > a 400 validation.blank shows a localized message on its field ('en')  446ms
   ✓ Diagnose > a 400 validation.blank shows a localized message on its field ('ar')  442ms
   ✓ Diagnose > an invisible-only value is blocked client-side with validation.blank ('en')  399ms
   ✓ Diagnose > an invisible-only value is blocked client-side with validation.blank ('ar')  443ms
   ✓ Diagnose > a whitespace-only T01 value is an inline blank error and sends nothing ('en')  434ms
   ✓ Diagnose > a whitespace-only T01 value is an inline blank error and sends nothing ('ar')  428ms
   ✓ Diagnose > T01: an emptied field is sent as an explicit null; visible text is sent verbatim  427ms
   ✓ Charter > scope pre-check: an empty Out of scope reads as failing (EN and AR)  305ms
   ✓ Charter > edit: a whitespace Out of scope is an inline blank error, sends nothing and keeps the value (en)  308ms
   ✓ Design > shows the ten canvas boxes and the per-dimension view  318ms
   ✓ Design > converts an unresolved workshop item into a design decision with If-Match  495ms
 ✓ |unit-web| src/components/States.test.tsx (15 tests) 347ms
 ✓ |unit-web| src/lib/lib.test.ts (23 tests) 66ms
 ✓ |unit-web| src/lib/auditChanges.test.ts (15 tests) 20ms
 ✓ |unit-web| src/i18n/i18n.test.ts (11 tests) 35ms
 ✓ |unit-web| src/styles/styles.test.ts (6 tests) 7ms
 ✓ |unit-web| src/i18n/glossary.test.ts (8 tests) 8ms
 ✓ |unit-web| src/test/harness-config.test.ts (2 tests) 3ms
 ✓ |unit-node| apps/api/src/modules/kpi/kpi.test.ts (18 tests) 537ms
   ✓ kpi module (P2) > its declared boundary holds, and a planted bypass or undeclared dependency would be caught  490ms
 ✓ |unit-node| apps/api/src/modules/workflows/workflows.test.ts (14 tests) 725ms
   ✓ workflows module (P2) > its declared boundary holds, and an undeclared dependency would be caught  686ms
 ✓ |unit-node| apps/api/src/architecture.test.ts (135 tests) 2522ms
   ✓ API module boundaries (ADR-0002) > every import respects dependsOn, public surfaces and allowed packages  1306ms
   ✓ package dependency direction (ADR-0002 rule 5) > apps/web never imports @mth/db or @mth/config (browser bundle, no secrets)  603ms
 ✓ |unit-node| apps/api/src/modules/evidence/evidence.test.ts (8 tests) 325ms
 ✓ |unit-node| apps/api/src/server.test.ts (6 tests) 274ms
 ✓ |unit-node| apps/api/src/modules/methodology/methodology.test.ts (4 tests) 208ms
 ✓ |unit-node| packages/shared/src/value.test.ts (29 tests) 153ms
 ✓ |unit-node| packages/shared/src/schemas/schemas.test.ts (64 tests) 155ms
 ✓ |unit-node| packages/config/src/load.test.ts (17 tests) 73ms
 ✓ |unit-node| apps/api/src/modules/reporting/reporting.test.ts (4 tests) 124ms
 ✓ |unit-node| apps/api/src/modules/platform/platform.test.ts (18 tests) 107ms
 ✓ |unit-node| packages/design-tokens/src/tokens.test.ts (15 tests) 36ms
 ✓ |unit-node| apps/api/src/modules/kpi/rules.test.ts (30 tests) 31ms
 ✓ |unit-node| apps/api/src/modules/platform/health.test.ts (2 tests) 32ms
 ✓ |unit-node| apps/api/src/modules/access/rules.test.ts (12 tests) 8ms
 ✓ |unit-node| packages/db/src/seed.test.ts (7 tests) 20ms
 ✓ |unit-node| apps/api/src/modules/transformations/good-outcome.test.ts (7 tests) 9ms
 ✓ |unit-node| apps/api/src/modules/admin/branding.test.ts (4 tests) 30ms
 ✓ |unit-node| apps/api/src/modules/transformations/thesis.test.ts (4 tests) 8ms
 ✓ |unit-node| apps/api/src/modules/transformations/exclusions.test.ts (19 tests) 5ms
 ✓ |unit-node| apps/api/src/modules/transformations/transitions.test.ts (2 tests) 3ms

 Test Files  34 passed (34)
      Tests  656 passed (656)
   Start at  10:47:51
   Duration  22.73s (transform 2.36s, setup 1.13s, collect 16.36s, tests 36.68s, environment 5.71s, prepare 2.47s)

# exit_status: 0   finished: 2026-10-06T10:48:14Z
