# check: 07-unit-node22   mode: cutf8   started: 2026-10-06T10:47:24Z
# command: env -u LC_ALL -u LC_CTYPE -u LC_COLLATE -u LC_MESSAGES -u LC_NUMERIC -u LC_TIME -u LC_MONETARY LANG=C.UTF-8 PATH=/opt/node22/bin:$PATH pnpm test
# node v22.22.2; LANG=C.UTF-8 LC_ALL=<unset> LC_CTYPE=<unset>

> mobily-transformation-hub@0.1.0 test /home/user/My-owns
> vitest run --project unit-node --project unit-web


 RUN  v3.2.4 /home/user/My-owns

 ✓ |unit-web| src/pages/transformations/transformations.test.tsx (21 tests) 3499ms
   ✓ after create (F-DG1-004) > shows the created record when the server lets the creator read it  487ms
   ✓ effective permissions refresh after create (F-DG1-210) > English: Edit, Archive and the audit trail appear after create, without a reload  438ms
   ✓ effective permissions refresh after create (F-DG1-210) > Arabic (RTL): the same controls and the audit trail appear after create, without a reload  436ms
stderr | src/pages/team/team.test.tsx > Team (English LTR) > shows a 403 from the server in words; nothing is assigned
Cannot update a component (`AssignDialog`) while rendering a different component (`RecordDialog`). To locate the bad setState() call inside `RecordDialog`, follow the stack trace as described in https://react.dev/link/setstate-in-render

 ✓ |unit-web| src/pages/team/team.test.tsx (6 tests) 1867ms
   ✓ Team (English LTR) > shows the six governance roles with B0018 accountability text verbatim and who holds each  533ms
   ✓ Team (English LTR) > lists team members with the accountability on each assignment, sortable and filterable  335ms
   ✓ Team (English LTR) > a Transformation Lead assigns a Workstream Lead: Idempotency-Key, reason, accountability preview  344ms
 ✓ |unit-web| src/app/app.test.tsx (17 tests) 1701ms
   ✓ transformations > lists transformations with a sortable code column and removable filter chips  351ms
 ✓ |unit-web| src/pages/transformations/modeGuidance.test.tsx (5 tests) 857ms
   ✓ New transformation: mode guidance (English LTR) > shows When to use and How for the selected mode and switches with the mode  362ms
 ✓ |unit-web| src/pages/p2.test.tsx (56 tests) 12874ms
   ✓ Diagnose > shows the six T01 dimensions with Unknown for missing values, and value pools that are never 0  637ms
   ✓ Diagnose > renders the six workstreams with their key questions  379ms
   ✓ Diagnose > edits a T01 row with only the changed fields and If-Match  421ms
   ✓ Diagnose > a 409 on save writes nothing, compares, and re-applies on the current version  433ms
   ✓ Diagnose > a 400 validation.blank shows a localized message on its field ('en')  450ms
   ✓ Diagnose > a 400 validation.blank shows a localized message on its field ('ar')  452ms
   ✓ Diagnose > an invisible-only value is blocked client-side with validation.blank ('en')  475ms
   ✓ Diagnose > an invisible-only value is blocked client-side with validation.blank ('ar')  439ms
   ✓ Diagnose > a whitespace-only T01 value is an inline blank error and sends nothing ('en')  545ms
   ✓ Diagnose > a whitespace-only T01 value is an inline blank error and sends nothing ('ar')  438ms
   ✓ Diagnose > T01: an emptied field is sent as an explicit null; visible text is sent verbatim  509ms
   ✓ Define: KPI activation (F-DG2-201) > Arabic: the Activate action and the 422 reason are in Arabic  342ms
   ✓ Charter > scope pre-check: an empty Out of scope reads as failing (EN and AR)  330ms
   ✓ Charter > edit: emptying a filled field sends null; visible text is verbatim (en)  304ms
   ✓ Design > shows the ten canvas boxes and the per-dimension view  386ms
   ✓ Design > converts an unresolved workshop item into a design decision with If-Match  488ms
 ✓ |unit-web| src/pages/p2-blank-forms.test.tsx (52 tests) 12911ms
   ✓ gate submission note (en) > a whitespace-only note is refused inline and nothing is sent  410ms
   ✓ gate submission note (en) > visible text is sent verbatim; an empty note is omitted  388ms
   ✓ gate submission note (ar) > visible text is sent verbatim; an empty note is omitted  419ms
   ✓ journey step editor (en) > a whitespace-only actor is refused inline (not turned into null) and nothing is sent  404ms
   ✓ journey step editor (en) > a invisible-only actor is refused inline (not turned into null) and nothing is sent  434ms
   ✓ journey step editor (en) > several blank fields: each gets the message and focus goes to the first (name)  369ms
   ✓ journey step editor (en) > visible text is sent verbatim; emptied optional text is null; an empty name is required  429ms
   ✓ journey step editor (ar) > a whitespace-only actor is refused inline (not turned into null) and nothing is sent  374ms
   ✓ journey step editor (ar) > a invisible-only actor is refused inline (not turned into null) and nothing is sent  346ms
   ✓ journey step editor (ar) > several blank fields: each gets the message and focus goes to the first (name)  301ms
   ✓ journey step editor (ar) > visible text is sent verbatim; emptied optional text is null; an empty name is required  378ms
   ✓ Finance validation note and archive reason (en) > reason: empty keeps 'too short'; visible text is sent verbatim  306ms
   ✓ Finance validation note and archive reason (ar) > note: empty is 'required'; visible text is sent verbatim  343ms
 ✓ |unit-web| src/components/States.test.tsx (15 tests) 357ms
 ✓ |unit-web| src/lib/auditChanges.test.ts (15 tests) 26ms
 ✓ |unit-web| src/i18n/i18n.test.ts (11 tests) 23ms
 ✓ |unit-web| src/lib/lib.test.ts (23 tests) 55ms
 ✓ |unit-web| src/styles/styles.test.ts (6 tests) 8ms
 ✓ |unit-web| src/i18n/glossary.test.ts (8 tests) 9ms
 ✓ |unit-web| src/test/harness-config.test.ts (2 tests) 2ms
 ✓ |unit-node| apps/api/src/modules/workflows/workflows.test.ts (14 tests) 684ms
   ✓ workflows module (P2) > its declared boundary holds, and an undeclared dependency would be caught  644ms
 ✓ |unit-node| apps/api/src/modules/kpi/kpi.test.ts (18 tests) 728ms
   ✓ kpi module (P2) > its declared boundary holds, and a planted bypass or undeclared dependency would be caught  678ms
 ✓ |unit-node| apps/api/src/architecture.test.ts (135 tests) 2952ms
   ✓ API module boundaries (ADR-0002) > every import respects dependsOn, public surfaces and allowed packages  1549ms
   ✓ package dependency direction (ADR-0002 rule 5) > apps/web never imports @mth/db or @mth/config (browser bundle, no secrets)  674ms
 ✓ |unit-node| packages/shared/src/schemas/schemas.test.ts (64 tests) 181ms
 ✓ |unit-node| apps/api/src/modules/evidence/evidence.test.ts (8 tests) 417ms
   ✓ evidence module (P2) > its declared boundary holds  360ms
 ✓ |unit-node| apps/api/src/server.test.ts (6 tests) 352ms
 ✓ |unit-node| packages/shared/src/value.test.ts (29 tests) 181ms
 ✓ |unit-node| apps/api/src/modules/reporting/reporting.test.ts (4 tests) 108ms
 ✓ |unit-node| apps/api/src/modules/methodology/methodology.test.ts (4 tests) 198ms
 ✓ |unit-node| apps/api/src/modules/platform/platform.test.ts (18 tests) 106ms
 ✓ |unit-node| packages/config/src/load.test.ts (17 tests) 74ms
 ✓ |unit-node| packages/design-tokens/src/tokens.test.ts (15 tests) 57ms
 ✓ |unit-node| apps/api/src/modules/platform/health.test.ts (2 tests) 39ms
 ✓ |unit-node| apps/api/src/modules/kpi/rules.test.ts (30 tests) 35ms
 ✓ |unit-node| apps/api/src/modules/admin/branding.test.ts (4 tests) 31ms
 ✓ |unit-node| packages/db/src/seed.test.ts (7 tests) 19ms
 ✓ |unit-node| apps/api/src/modules/transformations/good-outcome.test.ts (7 tests) 8ms
 ✓ |unit-node| apps/api/src/modules/access/rules.test.ts (12 tests) 10ms
 ✓ |unit-node| apps/api/src/modules/transformations/exclusions.test.ts (19 tests) 5ms
 ✓ |unit-node| apps/api/src/modules/transformations/thesis.test.ts (4 tests) 6ms
 ✓ |unit-node| apps/api/src/modules/transformations/transitions.test.ts (2 tests) 3ms

 Test Files  34 passed (34)
      Tests  656 passed (656)
   Start at  10:47:24
   Duration  25.68s (transform 2.78s, setup 1.40s, collect 18.43s, tests 40.38s, environment 6.16s, prepare 2.71s)

# exit_status: 0   finished: 2026-10-06T10:47:50Z
