# check: 08-unit-node24   mode: nolocale   started: 2026-10-06T10:40:46Z
# command: env -u LANG -u LC_ALL -u LC_CTYPE -u LC_COLLATE -u LC_MESSAGES -u LC_NUMERIC -u LC_TIME -u LC_MONETARY PATH=/opt/nvm/versions/node/v24.21.0/bin:$PATH pnpm test
# node v24.21.0; LANG=<unset> LC_ALL=<unset> LC_CTYPE=<unset>

> mobily-transformation-hub@0.1.0 test /home/user/My-owns
> vitest run --project unit-node --project unit-web


 RUN  v3.2.4 /home/user/My-owns

 ✓ |unit-web| src/pages/transformations/transformations.test.tsx (21 tests) 4475ms
   ✓ after create (F-DG1-004) > shows the created record when the server lets the creator read it  659ms
   ✓ after create (F-DG1-004) > explains, in English, that the draft was created but cannot be opened (server 404), instead of 'Not found'  351ms
   ✓ effective permissions refresh after create (F-DG1-210) > English: Edit, Archive and the audit trail appear after create, without a reload  544ms
   ✓ effective permissions refresh after create (F-DG1-210) > Arabic (RTL): the same controls and the audit trail appear after create, without a reload  585ms
   ✓ effective permissions refresh after create (F-DG1-210) > does not over-grant: if the refreshed server answer adds nothing, Archive and the audit trail stay hidden  407ms
stderr | src/pages/team/team.test.tsx > Team (English LTR) > shows a 403 from the server in words; nothing is assigned
Cannot update a component (`AssignDialog`) while rendering a different component (`RecordDialog`). To locate the bad setState() call inside `RecordDialog`, follow the stack trace as described in https://react.dev/link/setstate-in-render

 ✓ |unit-web| src/pages/team/team.test.tsx (6 tests) 2408ms
   ✓ Team (English LTR) > shows the six governance roles with B0018 accountability text verbatim and who holds each  632ms
   ✓ Team (English LTR) > lists team members with the accountability on each assignment, sortable and filterable  621ms
   ✓ Team (English LTR) > a Transformation Lead assigns a Workstream Lead: Idempotency-Key, reason, accountability preview  424ms
   ✓ Team (English LTR) > shows a 403 from the server in words; nothing is assigned  358ms
 ✓ |unit-web| src/app/app.test.tsx (17 tests) 2336ms
   ✓ bilingual shell > a partial area (Governance) leads into the Gates tab of each transformation; its portfolio view stays planned  317ms
   ✓ transformations > lists transformations with a sortable code column and removable filter chips  370ms
 ✓ |unit-web| src/pages/transformations/modeGuidance.test.tsx (5 tests) 1223ms
   ✓ New transformation: mode guidance (English LTR) > shows When to use and How for the selected mode and switches with the mode  559ms
   ✓ New transformation: mode guidance (English LTR) > Modular requires an entry phase before anything is sent  302ms
 ✓ |unit-web| src/pages/p2-blank-forms.test.tsx (52 tests) 15635ms
   ✓ gate submission note (en) > a whitespace-only note is refused inline and nothing is sent  619ms
   ✓ gate submission note (en) > a invisible-only note is refused inline and nothing is sent  336ms
   ✓ gate submission note (en) > visible text is sent verbatim; an empty note is omitted  643ms
   ✓ gate submission note (ar) > visible text is sent verbatim; an empty note is omitted  403ms
   ✓ gate decision rationale and comments (en) > a invisible-only rationale is refused inline and nothing is sent  328ms
   ✓ journey step editor (en) > a whitespace-only actor is refused inline (not turned into null) and nothing is sent  430ms
   ✓ journey step editor (en) > a invisible-only actor is refused inline (not turned into null) and nothing is sent  394ms
   ✓ journey step editor (en) > several blank fields: each gets the message and focus goes to the first (name)  436ms
   ✓ journey step editor (en) > visible text is sent verbatim; emptied optional text is null; an empty name is required  646ms
   ✓ journey step editor (ar) > a whitespace-only actor is refused inline (not turned into null) and nothing is sent  396ms
   ✓ journey step editor (ar) > a invisible-only actor is refused inline (not turned into null) and nothing is sent  406ms
   ✓ journey step editor (ar) > several blank fields: each gets the message and focus goes to the first (name)  387ms
   ✓ journey step editor (ar) > visible text is sent verbatim; emptied optional text is null; an empty name is required  583ms
   ✓ Finance validation note and archive reason (en) > note: a invisible-only note is refused inline and nothing is sent  319ms
   ✓ Finance validation note and archive reason (en) > reason: a reason with U+0000 is refused inline with the localized message and nothing is archived  303ms
   ✓ Finance validation note and archive reason (en) > reason: a server 400 validation.invalid_character on /reason is the localized field message  314ms
   ✓ Finance validation note and archive reason (ar) > note: a whitespace-only note is refused inline and nothing is sent  316ms
   ✓ Finance validation note and archive reason (ar) > note: a invisible-only note is refused inline and nothing is sent  333ms
   ✓ Finance validation note and archive reason (ar) > note: empty is 'required'; visible text is sent verbatim  327ms
   ✓ Finance validation note and archive reason (ar) > reason: a reason with U+0000 is refused inline with the localized message and nothing is archived  333ms
 ✓ |unit-web| src/pages/p2.test.tsx (56 tests) 16331ms
   ✓ Diagnose > shows the six T01 dimensions with Unknown for missing values, and value pools that are never 0  851ms
   ✓ Diagnose > renders the six workstreams with their key questions  467ms
   ✓ Diagnose > edits a T01 row with only the changed fields and If-Match  575ms
   ✓ Diagnose > a 409 on save writes nothing, compares, and re-applies on the current version  486ms
   ✓ Diagnose > a 400 validation.blank shows a localized message on its field ('en')  699ms
   ✓ Diagnose > a 400 validation.blank shows a localized message on its field ('ar')  679ms
   ✓ Diagnose > an invisible-only value is blocked client-side with validation.blank ('en')  527ms
   ✓ Diagnose > an invisible-only value is blocked client-side with validation.blank ('ar')  499ms
   ✓ Diagnose > a whitespace-only T01 value is an inline blank error and sends nothing ('en')  551ms
   ✓ Diagnose > a whitespace-only T01 value is an inline blank error and sends nothing ('ar')  534ms
   ✓ Diagnose > T01: an emptied field is sent as an explicit null; visible text is sent verbatim  603ms
   ✓ Diagnose > Arabic: RTL with Arabic labels and the unquantified label  360ms
   ✓ Define: KPI activation (F-DG2-201) > offers Activate on a draft KPI, states the unmet precondition on 422, then activates with If-Match  367ms
   ✓ Define: KPI activation (F-DG2-201) > Arabic: the Activate action and the 422 reason are in Arabic  383ms
   ✓ Charter > scope pre-check: an empty Out of scope reads as failing (EN and AR)  530ms
   ✓ Charter > edit: a whitespace Out of scope is an inline blank error, sends nothing and keeps the value (en)  337ms
   ✓ Charter > edit: a whitespace Out of scope is an inline blank error, sends nothing and keeps the value (ar)  362ms
   ✓ Charter > edit: emptying a filled field sends null; visible text is verbatim (en)  393ms
   ✓ Charter > edit: emptying a filled field sends null; visible text is verbatim (ar)  368ms
   ✓ Design > shows the ten canvas boxes and the per-dimension view  421ms
   ✓ Design > converts an unresolved workshop item into a design decision with If-Match  711ms
   ✓ Gates (business approval) > the approver's decision: rationale required; 403 and 409 problems in words  338ms
   ✓ Evidence > uploads a revision as octet-stream with a percent-encoded file name and If-Match  384ms
 ✓ |unit-web| src/components/States.test.tsx (15 tests) 464ms
 ✓ |unit-web| src/lib/lib.test.ts (23 tests) 93ms
 ✓ |unit-web| src/i18n/i18n.test.ts (11 tests) 33ms
 ✓ |unit-web| src/lib/auditChanges.test.ts (15 tests) 36ms
 ✓ |unit-web| src/i18n/glossary.test.ts (8 tests) 10ms
 ✓ |unit-web| src/styles/styles.test.ts (6 tests) 14ms
 ✓ |unit-web| src/test/harness-config.test.ts (2 tests) 8ms
 ✓ |unit-node| apps/api/src/modules/workflows/workflows.test.ts (14 tests) 668ms
   ✓ workflows module (P2) > its declared boundary holds, and an undeclared dependency would be caught  625ms
 ✓ |unit-node| apps/api/src/modules/kpi/kpi.test.ts (18 tests) 872ms
   ✓ kpi module (P2) > its declared boundary holds, and a planted bypass or undeclared dependency would be caught  813ms
 ✓ |unit-node| apps/api/src/architecture.test.ts (135 tests) 3915ms
   ✓ API module boundaries (ADR-0002) > every import respects dependsOn, public surfaces and allowed packages  2230ms
   ✓ package dependency direction (ADR-0002 rule 5) > apps/web never imports @mth/db or @mth/config (browser bundle, no secrets)  898ms
 ✓ |unit-node| apps/api/src/server.test.ts (6 tests) 390ms
 ✓ |unit-node| apps/api/src/modules/evidence/evidence.test.ts (8 tests) 476ms
   ✓ evidence module (P2) > its declared boundary holds  421ms
 ✓ |unit-node| apps/api/src/modules/methodology/methodology.test.ts (4 tests) 221ms
 ✓ |unit-node| packages/shared/src/value.test.ts (29 tests) 215ms
 ✓ |unit-node| packages/config/src/load.test.ts (17 tests) 105ms
 ✓ |unit-node| packages/shared/src/schemas/schemas.test.ts (64 tests) 237ms
 ✓ |unit-node| apps/api/src/modules/platform/platform.test.ts (18 tests) 145ms
 ✓ |unit-node| packages/design-tokens/src/tokens.test.ts (15 tests) 82ms
 ✓ |unit-node| apps/api/src/modules/reporting/reporting.test.ts (4 tests) 165ms
 ✓ |unit-node| apps/api/src/modules/kpi/rules.test.ts (30 tests) 42ms
 ✓ |unit-node| apps/api/src/modules/platform/health.test.ts (2 tests) 47ms
 ✓ |unit-node| packages/db/src/seed.test.ts (7 tests) 25ms
 ✓ |unit-node| apps/api/src/modules/admin/branding.test.ts (4 tests) 83ms
 ✓ |unit-node| apps/api/src/modules/access/rules.test.ts (12 tests) 9ms
 ✓ |unit-node| apps/api/src/modules/transformations/good-outcome.test.ts (7 tests) 23ms
 ✓ |unit-node| apps/api/src/modules/transformations/thesis.test.ts (4 tests) 7ms
 ✓ |unit-node| apps/api/src/modules/transformations/exclusions.test.ts (19 tests) 9ms
 ✓ |unit-node| apps/api/src/modules/transformations/transitions.test.ts (2 tests) 3ms

 Test Files  34 passed (34)
      Tests  656 passed (656)
   Start at  10:40:47
   Duration  31.62s (transform 3.32s, setup 1.45s, collect 22.43s, tests 50.81s, environment 7.51s, prepare 3.31s)

# exit_status: 0   finished: 2026-10-06T10:41:18Z
