mth-db migrate: applying 0001_identity_access.sql
mth-db migrate: applying 0002_transformation.sql
mth-db migrate: applying 0003_audit_event.sql
mth-db migrate: applying 0004_outbox_jobs.sql
mth-db migrate: applying 0005_seed_roles_permissions.sql
mth-db migrate: applying 0006_pgboss_schema_v25.sql
mth-db migrate: applying 0007_oidc_login_browser_binding.sql
mth-db migrate: applying 0008_scoped_assignment_derived_from.sql
mth-db migrate: applying 0009_business_unit_hierarchy_guard.sql
mth-db migrate: applying 0010_p2_record_guards.sql
mth-db migrate: applying 0011_p2_methodology_catalogue.sql
mth-db migrate: applying 0012_p2_evidence.sql
mth-db migrate: applying 0013_p2_direction_charter.sql
mth-db migrate: applying 0014_p2_kpi_baseline_value_pool.sql
mth-db migrate: applying 0015_p2_diagnose.sql
mth-db migrate: applying 0016_p2_design_tom.sql
mth-db migrate: applying 0017_p2_decisions_gates.sql
mth-db migrate: applying 0018_p2_access_instantiation.sql
mth-db migrate: applying 0019_evidence_review_separation.sql
mth-db migrate: applied 19 migration(s)
mth-db seed-dev: seeded SYNTHETIC dev users: dev.admin, dev.office, dev.lead, dev.auditor, dev.nobody
{"status":"ready","checks":{"database":"ok","migrations":"ok"}}

Running 42 tests using 1 worker

  ✓   1 [chromium-en] › apps/web/e2e/journeys.spec.ts:187:1 › sign-in page: Arabic RTL by default, provisional wordmark, dev form in dev mode (981ms)
  ✓   2 [chromium-en] › apps/web/e2e/journeys.spec.ts:213:1 › shell: navigation, language persistence and My Work (Transformation Office) (1.6s)
  ✓   3 [chromium-en] › apps/web/e2e/journeys.spec.ts:258:1 › create a modular transformation with an entry phase (4.1s)
  ✓   4 [chromium-en] › apps/web/e2e/journeys.spec.ts:332:1 › list: sort, filter chips, column selection and pagination controls (2.4s)
  ✓   5 [chromium-en] › apps/web/e2e/journeys.spec.ts:390:1 › edit: a concurrent change gives a 409 conflict with compare and re-apply (1.6s)
  ✓   6 [chromium-en] › apps/web/e2e/journeys.spec.ts:442:1 › archive with a mandatory reason makes the record read-only (2.1s)
  ✓   7 [chromium-en] › apps/web/e2e/journeys.spec.ts:477:1 › administration screens (access + technical administrator) (4.1s)
  ✓   8 [chromium-en] › apps/web/e2e/journeys.spec.ts:538:1 › a user without roles sees no Administration and no business records (1.3s)
  ✓   9 [chromium-en] › apps/web/e2e/journeys.spec.ts:560:1 › a business-unit Lead creates a record: Edit/Archive and the audit trail appear without a reload (F-DG1-210), the derived grant localized (F-DG1-008) (2.7s)
  ✓  10 [chromium-en] › apps/web/e2e/p2-journeys.spec.ts:42:1 › lead creates an End-to-End transformation; the workspace tabs lead to the P2 screens (1.9s)
  ✓  11 [chromium-en] › apps/web/e2e/p2-journeys.spec.ts:83:1 › Diagnose: six T01 dimensions with Unknown; value pools labelled Unquantified with a partial total (5.4s)
  ✓  12 [chromium-en] › apps/web/e2e/p2-journeys.spec.ts:168:1 › Charter: create, save a second version, compare versions; the 3-5 top-outcomes warning (3.9s)
  ✓  13 [chromium-en] › apps/web/e2e/p2-journeys.spec.ts:248:1 › Define: North Star, the good outcome test with reasons, and a required T02 target date (3.7s)
  ✓  14 [chromium-en] › apps/web/e2e/p2-journeys.spec.ts:332:1 › Design: ten canvas boxes, the per-dimension view; workshop mode converts an unresolved item into T04 (4.6s)
  ✓  15 [chromium-en] › apps/web/e2e/p2-journeys.spec.ts:414:1 › Evidence: note, filename reference and file upload; a link; review by another person (4.8s)
  ✓  16 [chromium-en] › apps/web/e2e/p2-journeys.spec.ts:608:1 › Gates: G1 shows unverified evidence and offers no submission while incomplete; once complete it is submitted (3.8s)
  ✓  17 [chromium-en] › apps/web/e2e/p2-journeys.spec.ts:675:1 › Gates: the approver's decision — 409 when the submission was superseded, then approval with a rationale (3.2s)
  ✓  18 [chromium-en] › apps/web/e2e/p2-journeys.spec.ts:824:1 › Define → G2: activate a KPI, pass the good outcome test, add a guardrail, compose the thesis; G2 is decided (14.5s)
  ✓  19 [chromium-en] › apps/web/e2e/p2-journeys.spec.ts:1027:1 › Design → G3: the target state is complete and G3 is decided by the Sponsor (4.0s)
  ✓  20 [chromium-en] › apps/web/e2e/p2-journeys.spec.ts:1080:1 › Team: the six governance roles with their B0018 accountability; the lead assigns a Workstream Lead (4.4s)
  ✓  21 [chromium-en] › apps/web/e2e/p2-journeys.spec.ts:1144:1 › read-only auditor (AUD): every P2 screen without write controls; Unknown and Unquantified rendered (10.1s)
  ✓  22 [chromium-ar] › apps/web/e2e/journeys.spec.ts:187:1 › sign-in page: Arabic RTL by default, provisional wordmark, dev form in dev mode (962ms)
  ✓  23 [chromium-ar] › apps/web/e2e/journeys.spec.ts:213:1 › shell: navigation, language persistence and My Work (Transformation Office) (1.4s)
  ✓  24 [chromium-ar] › apps/web/e2e/journeys.spec.ts:258:1 › create a modular transformation with an entry phase (3.6s)
  ✓  25 [chromium-ar] › apps/web/e2e/journeys.spec.ts:332:1 › list: sort, filter chips, column selection and pagination controls (2.4s)
  ✓  26 [chromium-ar] › apps/web/e2e/journeys.spec.ts:390:1 › edit: a concurrent change gives a 409 conflict with compare and re-apply (1.9s)
  ✓  27 [chromium-ar] › apps/web/e2e/journeys.spec.ts:442:1 › archive with a mandatory reason makes the record read-only (1.9s)
  ✓  28 [chromium-ar] › apps/web/e2e/journeys.spec.ts:477:1 › administration screens (access + technical administrator) (4.1s)
  ✓  29 [chromium-ar] › apps/web/e2e/journeys.spec.ts:538:1 › a user without roles sees no Administration and no business records (1.4s)
  ✓  30 [chromium-ar] › apps/web/e2e/journeys.spec.ts:560:1 › a business-unit Lead creates a record: Edit/Archive and the audit trail appear without a reload (F-DG1-210), the derived grant localized (F-DG1-008) (2.7s)
  ✓  31 [chromium-ar] › apps/web/e2e/p2-journeys.spec.ts:42:1 › lead creates an End-to-End transformation; the workspace tabs lead to the P2 screens (1.8s)
  ✓  32 [chromium-ar] › apps/web/e2e/p2-journeys.spec.ts:83:1 › Diagnose: six T01 dimensions with Unknown; value pools labelled Unquantified with a partial total (5.2s)
  ✓  33 [chromium-ar] › apps/web/e2e/p2-journeys.spec.ts:168:1 › Charter: create, save a second version, compare versions; the 3-5 top-outcomes warning (3.8s)
  ✓  34 [chromium-ar] › apps/web/e2e/p2-journeys.spec.ts:248:1 › Define: North Star, the good outcome test with reasons, and a required T02 target date (3.3s)
  ✓  35 [chromium-ar] › apps/web/e2e/p2-journeys.spec.ts:332:1 › Design: ten canvas boxes, the per-dimension view; workshop mode converts an unresolved item into T04 (4.2s)
  ✓  36 [chromium-ar] › apps/web/e2e/p2-journeys.spec.ts:414:1 › Evidence: note, filename reference and file upload; a link; review by another person (5.0s)
  ✓  37 [chromium-ar] › apps/web/e2e/p2-journeys.spec.ts:608:1 › Gates: G1 shows unverified evidence and offers no submission while incomplete; once complete it is submitted (3.7s)
  ✓  38 [chromium-ar] › apps/web/e2e/p2-journeys.spec.ts:675:1 › Gates: the approver's decision — 409 when the submission was superseded, then approval with a rationale (3.1s)
  ✓  39 [chromium-ar] › apps/web/e2e/p2-journeys.spec.ts:824:1 › Define → G2: activate a KPI, pass the good outcome test, add a guardrail, compose the thesis; G2 is decided (14.0s)
  ✓  40 [chromium-ar] › apps/web/e2e/p2-journeys.spec.ts:1027:1 › Design → G3: the target state is complete and G3 is decided by the Sponsor (3.8s)
  ✓  41 [chromium-ar] › apps/web/e2e/p2-journeys.spec.ts:1080:1 › Team: the six governance roles with their B0018 accountability; the lead assigns a Workstream Lead (3.9s)
  ✓  42 [chromium-ar] › apps/web/e2e/p2-journeys.spec.ts:1144:1 › read-only auditor (AUD): every P2 screen without write controls; Unknown and Unquantified rendered (9.3s)

  42 passed (2.8m)

To open last HTML report run:

  npx playwright show-report

