qa disposable cluster: PostgreSQL 16.13 (Ubuntu 16.13-0ubuntu0.24.04.1) on x86_64-pc-linux-gnu, compiled by gcc (Ubuntu 13.3.0-6ubuntu2~24.04.1) 13.3.0, 64-bit
[integration] PostgreSQL 16.13 (Ubuntu 16.13-0ubuntu0.24.04.1); database mth_test_muw8mwuo_30b5f9f1; applied 19 migrations to a fresh database
 ✓ |integration| apps/api/test/integration/blank-text.test.ts (12 tests) 979ms
 ✓ |integration| apps/worker/test/integration/outbox.test.ts (10 tests) 5120ms
 ✓ |integration| packages/db/test/integration/scratch-drop.test.ts (3 tests) 3084ms
 ✓ |integration| apps/api/test/integration/contract/contract.test.ts (11 tests) 3123ms
 ✓ |integration| tests/qa/integration/a13-job-idempotency.test.ts (5 tests) 3129ms
 ✓ |integration| apps/api/test/integration/gates.test.ts (11 tests) 1894ms
 ✓ |integration| apps/api/test/integration/registers.test.ts (23 tests) 1700ms
 ✓ |integration| apps/api/test/integration/aud-write-deny.test.ts (128 tests) 1827ms
 ✓ |integration| packages/db/test/integration/bootstrap.test.ts (5 tests) 1338ms
 ✓ |integration| apps/api/test/integration/dg2-repairs.test.ts (13 tests) 1273ms
 ✓ |integration| apps/api/test/integration/kpi/kpi-resources.test.ts (23 tests) 863ms
 ✓ |integration| apps/api/test/integration/kpi/kpi-dg2-repairs.test.ts (11 tests) 720ms
 ✓ |integration| apps/api/test/integration/access-derived-race.test.ts (4 tests) 813ms
 ✓ |integration| apps/api/test/integration/transformations.test.ts (30 tests) 771ms
 ✓ |integration| apps/api/test/integration/oidc.test.ts (19 tests) 628ms
 ✓ |integration| apps/api/test/integration/bu-hierarchy-guard.test.ts (7 tests) 719ms
 ✓ |integration| apps/api/test/integration/access-scope.test.ts (18 tests) 609ms
 ✓ |integration| packages/db/test/integration/migrate.test.ts (7 tests) 598ms
 ✓ |integration| apps/api/test/integration/evidence.test.ts (6 tests) 540ms
 ✓ |integration| tests/qa/integration/a12-cross-scope.test.ts (14 tests) 471ms
 ✓ |integration| apps/worker/test/integration/maintenance.test.ts (2 tests) 436ms
 ✓ |integration| apps/api/test/integration/admin.test.ts (11 tests) 418ms
 ✓ |integration| apps/api/test/integration/kpi/kpi-aud-write-deny.test.ts (18 tests) 381ms
 ✓ |integration| apps/api/test/integration/organizations.test.ts (10 tests) 312ms
 ✓ |integration| apps/api/test/integration/platform.test.ts (11 tests) 287ms
 ✓ |integration| tests/qa/integration/a14-concurrency.test.ts (5 tests) 291ms
 ✓ |integration| apps/api/test/integration/identity.test.ts (13 tests) 273ms
 ✓ |integration| packages/db/test/integration/protection.test.ts (17 tests) 92ms
 ✓ |integration| packages/db/test/integration/catalogue.test.ts (9 tests) 43ms
 Test Files  29 passed (29)
      Tests  456 passed (456)
   Duration  42.59s (transform 1.08s, setup 0ms, collect 8.87s, tests 32.74s, environment 0ms, prepare 58ms)
