locale env: LANG=C.UTF-8 LC_CTYPE=C.UTF-8 LC_ALL=C.UTF-8 

> mobily-transformation-hub@0.1.0 test /home/user/wt/dg4-be-c
> vitest run --project unit-node --project unit-web && vitest run --project unit-formula-nocodegen


 RUN  v3.2.4 /home/user/wt/dg4-be-c

 ✓ |unit-web| src/pages/render-time-language.test.tsx (28 tests) 24647ms
   ✓ sign-in (dev form), 'en' → 'ar' > an invalid user name: the inline message follows the switch  671ms
   ✓ journey step editor, 'en' → 'ar' > a field error on a step follows the switch  1484ms
   ✓ journey step editor, 'en' → 'ar' > the form-level "Step N:" error follows the switch (prefix and message)  1073ms
   ✓ journey step editor, 'ar' → 'en' > a field error on a step follows the switch  1369ms
   ✓ journey step editor, 'ar' → 'en' > the form-level "Step N:" error follows the switch (prefix and message)  1260ms
   ✓ row-action note and reason dialog, 'en' → 'ar' > the Finance validation note's 'required' follows the switch  1099ms
   ✓ row-action note and reason dialog, 'en' → 'ar' > the Finance validation choice's 'required' follows the switch  1182ms
   ✓ row-action note and reason dialog, 'en' → 'ar' > the archive reason's 'too short' follows the switch  1128ms
   ✓ row-action note and reason dialog, 'ar' → 'en' > the Finance validation note's 'required' follows the switch  1388ms
   ✓ row-action note and reason dialog, 'ar' → 'en' > the Finance validation choice's 'required' follows the switch  2569ms
   ✓ row-action note and reason dialog, 'ar' → 'en' > the archive reason's 'too short' follows the switch  2241ms
   ✓ gate dialogs, 'en' → 'ar' > the submission note's field error follows the switch  901ms
   ✓ gate dialogs, 'en' → 'ar' > the decision rationale's field error follows the switch  536ms
   ✓ gate dialogs, 'ar' → 'en' > the submission note's field error follows the switch  835ms
   ✓ gate dialogs, 'ar' → 'en' > the decision rationale's field error follows the switch  620ms
   ✓ North Star statement, 'en' → 'ar' > the statement's field error follows the switch  386ms
   ✓ North Star statement, 'ar' → 'en' > the statement's field error follows the switch  809ms
   ✓ evidence dialogs, 'en' → 'ar' > upload without a file: 'required' follows the switch  1414ms
   ✓ evidence dialogs, 'en' → 'ar' > a link without a record type or record: both 'required' messages follow the switch  1112ms
   ✓ evidence dialogs, 'ar' → 'en' > upload without a file: 'required' follows the switch  947ms
   ✓ evidence dialogs, 'ar' → 'en' > a link without a record type or record: both 'required' messages follow the switch  733ms
 ✓ |unit-web| src/pages/p2.test.tsx (56 tests) 41315ms
   ✓ Diagnose > shows the six T01 dimensions with Unknown for missing values, and value pools that are never 0  1710ms
   ✓ Diagnose > shows the totals as Unknown when no pool is quantified  1022ms
   ✓ Diagnose > renders the six workstreams with their key questions  1082ms
   ✓ Diagnose > edits a T01 row with only the changed fields and If-Match  659ms
   ✓ Diagnose > a 409 on save writes nothing, compares, and re-applies on the current version  1187ms
   ✓ Diagnose > a 400 validation.blank shows a localized message on its field ('en')  1898ms
   ✓ Diagnose > a 400 validation.blank shows a localized message on its field ('ar')  1720ms
   ✓ Diagnose > an invisible-only value is blocked client-side with validation.blank ('en')  1129ms
   ✓ Diagnose > an invisible-only value is blocked client-side with validation.blank ('ar')  2460ms
   ✓ Diagnose > a whitespace-only T01 value is an inline blank error and sends nothing ('en')  2602ms
   ✓ Diagnose > a whitespace-only T01 value is an inline blank error and sends nothing ('ar')  2254ms
   ✓ Diagnose > T01: an emptied field is sent as an explicit null; visible text is sent verbatim  1749ms
   ✓ Diagnose > Arabic: RTL with Arabic labels and the unquantified label  623ms
   ✓ Define > shows the good outcome test per outcome with pass / fail / unknown and localized reasons  609ms
   ✓ Define > requires a target date on a T02 row before sending anything  1296ms
   ✓ Define > sets the North Star with one sentence and no If-Match the first time  393ms
   ✓ Define: KPI activation (F-DG2-201) > offers Activate on a draft KPI, states the unmet precondition on 422, then activates with If-Match  334ms
   ✓ Define: KPI activation (F-DG2-201) > Arabic: the Activate action and the 422 reason are in Arabic  1174ms
   ✓ Define: KPI activation (F-DG2-201) > an active KPI shows Active and offers no Activate  412ms
   ✓ Charter > shows the 14 fields, the thesis, the five scope checks with pre-checks and the top-outcomes warning  494ms
   ✓ Charter > scope pre-check: an empty Out of scope reads as failing (EN and AR)  1069ms
   ✓ Charter > thesis: the four parts compose the B0037 sentence (EN and AR)  376ms
   ✓ Charter > compares a version with the previous one  615ms
   ✓ Charter > create: a whitespace Case for change is an inline blank error and creates nothing ('en')  491ms
   ✓ Charter > create: a whitespace Case for change is an inline blank error and creates nothing ('ar')  396ms
   ✓ Charter > edit: a whitespace Out of scope is an inline blank error, sends nothing and keeps the value (en)  742ms
   ✓ Charter > edit: a whitespace Out of scope is an inline blank error, sends nothing and keeps the value (ar)  455ms
   ✓ Charter > edit: emptying a filled field sends null; visible text is verbatim (en)  996ms
   ✓ Charter > edit: emptying a filled field sends null; visible text is verbatim (ar)  1797ms
   ✓ Charter > edit: a change summary alone is not a change (never a content-free version)  642ms
   ✓ Charter > offers to create the charter when none exists  388ms
   ✓ Design > shows the ten canvas boxes and the per-dimension view  956ms
   ✓ Design > converts an unresolved workshop item into a design decision with If-Match  887ms
   ✓ Decisions (T04) > creates a design decision with inline options and an idempotency key  348ms
   ✓ Gates (business approval) > lists G1-G6 as business approvals with live readiness, and never mentions the engineering gates  313ms
   ✓ Gates (business approval) > shows unverified evidence as unverified, the failing outcome at G2, and submits with If-Match  441ms
   ✓ Gates (business approval) > the approver's decision: rationale required; 403 and 409 problems in words  847ms
   ✓ Gates (business approval) > gate detail heading: the verbatim B0023 name once (EN and AR)  579ms
   ✓ Evidence > uploads a revision as octet-stream with a percent-encoded file name and If-Match  685ms
   ✓ Evidence > never offers review to the creator; a filename reference can only be rejected  485ms
   ✓ read-only auditor (AUD) > diagnose: no write control and a read-only note  448ms
   ✓ read-only auditor (AUD) > charter: no write control and a read-only note  367ms
 ✓ |unit-web| src/pages/prioritization/prioritization.test.tsx (20 tests) 12653ms
   ✓ prioritization (en) > ranked table: an incomplete score is 'incomplete' (never a number), 3.30 complete; 0–100 shows 57.5 with its label  2720ms
   ✓ prioritization (en) > scorecard: 6 is refused inline and nothing is sent; 4 is POSTed as the integer; the weighted score is read-only 'incomplete'  1311ms
   ✓ prioritization (en) > weight sets: the live total refuses 95% and 105%; 100% is accepted and POSTed as decimal strings  650ms
   ✓ prioritization (en) > weight sets: the proposer is never offered approval; another approver's approval is a business approval with If-Match; 403 SoD is translated  1130ms
   ✓ prioritization (en) > weight set approval: a 409 shows the conflict banner and reloads  426ms
   ✓ prioritization (en) > overrides: a reason is required (missing and invisible-only are refused, nothing sent); with a reason it is POSTed  459ms
   ✓ prioritization (en) > the read-only auditor sees the data and no enabled write control  340ms
   ✓ prioritization (ar) > ranked table: an incomplete score is 'incomplete' (never a number), 3.30 complete; 0–100 shows 57.5 with its label  652ms
   ✓ prioritization (ar) > scorecard: 6 is refused inline and nothing is sent; 4 is POSTed as the integer; the weighted score is read-only 'incomplete'  663ms
   ✓ prioritization (ar) > weight sets: the live total refuses 95% and 105%; 100% is accepted and POSTed as decimal strings  327ms
   ✓ prioritization (ar) > weight sets: the proposer is never offered approval; another approver's approval is a business approval with If-Match; 403 SoD is translated  1306ms
   ✓ prioritization (ar) > weight set approval: a 409 shows the conflict banner and reloads  928ms
   ✓ prioritization (ar) > ranking history: causes are translated from codes, including 'weight version 2', score change and the override reason  327ms
   ✓ prioritization (ar) > overrides: a reason is required (missing and invisible-only are refused, nothing sent); with a reason it is POSTed  347ms
   ✓ prioritization (ar) > the read-only auditor sees the data and no enabled write control  357ms
 ✓ |unit-web| src/pages/p2-blank-forms.test.tsx (52 tests) 42340ms
   ✓ gate submission note (en) > a whitespace-only note is refused inline and nothing is sent  778ms
   ✓ gate submission note (en) > a invisible-only note is refused inline and nothing is sent  499ms
   ✓ gate submission note (en) > visible text is sent verbatim; an empty note is omitted  1232ms
   ✓ gate submission note (ar) > a invisible-only note is refused inline and nothing is sent  373ms
   ✓ gate submission note (ar) > visible text is sent verbatim; an empty note is omitted  1264ms
   ✓ gate decision rationale and comments (en) > a whitespace-only rationale is refused inline and nothing is sent  1300ms
   ✓ gate decision rationale and comments (en) > a invisible-only rationale is refused inline and nothing is sent  649ms
   ✓ gate decision rationale and comments (en) > a invisible (long enough for min 3)-only rationale is refused inline and nothing is sent  618ms
   ✓ gate decision rationale and comments (en) > a whitespace-only comment is refused inline (focus on it) and nothing is sent  779ms
   ✓ gate decision rationale and comments (en) > a invisible-only comment is refused inline (focus on it) and nothing is sent  1126ms
   ✓ gate decision rationale and comments (en) > visible text is sent verbatim; empty comments are omitted; an empty rationale stays 'too short'  1455ms
   ✓ gate decision rationale and comments (en) > a server 400 validation.blank on /rationale lands on the field  875ms
   ✓ gate decision rationale and comments (ar) > a whitespace-only rationale is refused inline and nothing is sent  1294ms
   ✓ gate decision rationale and comments (ar) > a invisible-only rationale is refused inline and nothing is sent  1607ms
   ✓ gate decision rationale and comments (ar) > a invisible (long enough for min 3)-only rationale is refused inline and nothing is sent  1523ms
   ✓ gate decision rationale and comments (ar) > a whitespace-only comment is refused inline (focus on it) and nothing is sent  700ms
   ✓ gate decision rationale and comments (ar) > a invisible-only comment is refused inline (focus on it) and nothing is sent  989ms
   ✓ gate decision rationale and comments (ar) > visible text is sent verbatim; empty comments are omitted; an empty rationale stays 'too short'  1105ms
   ✓ gate decision rationale and comments (ar) > a server 400 validation.blank on /rationale lands on the field  580ms
   ✓ journey step editor (en) > a whitespace-only actor is refused inline (not turned into null) and nothing is sent  1503ms
   ✓ journey step editor (en) > a invisible-only actor is refused inline (not turned into null) and nothing is sent  1762ms
   ✓ journey step editor (en) > several blank fields: each gets the message and focus goes to the first (name)  1110ms
   ✓ journey step editor (en) > visible text is sent verbatim; emptied optional text is null; an empty name is required  1196ms
   ✓ journey step editor (ar) > a whitespace-only actor is refused inline (not turned into null) and nothing is sent  534ms
   ✓ journey step editor (ar) > a invisible-only actor is refused inline (not turned into null) and nothing is sent  1168ms
   ✓ journey step editor (ar) > several blank fields: each gets the message and focus goes to the first (name)  1284ms
   ✓ journey step editor (ar) > visible text is sent verbatim; emptied optional text is null; an empty name is required  1200ms
   ✓ Finance validation note and archive reason (en) > note: a whitespace-only note is refused inline and nothing is sent  680ms
   ✓ Finance validation note and archive reason (en) > note: a invisible-only note is refused inline and nothing is sent  793ms
   ✓ Finance validation note and archive reason (en) > note: empty is 'required'; visible text is sent verbatim  1390ms
   ✓ Finance validation note and archive reason (en) > reason: a whitespace-only reason is refused inline and nothing is archived  1015ms
   ✓ Finance validation note and archive reason (en) > reason: a invisible-only reason is refused inline and nothing is archived  904ms
   ✓ Finance validation note and archive reason (en) > reason: a server 400 validation.blank on /reason is the field message, not a generic error  694ms
   ✓ Finance validation note and archive reason (en) > reason: a reason with U+0000 is refused inline with the localized message and nothing is archived  441ms
   ✓ Finance validation note and archive reason (en) > reason: a server 400 validation.invalid_character on /reason is the localized field message  423ms
   ✓ Finance validation note and archive reason (en) > reason: empty keeps 'too short'; visible text is sent verbatim  575ms
   ✓ Finance validation note and archive reason (ar) > note: a whitespace-only note is refused inline and nothing is sent  612ms
   ✓ Finance validation note and archive reason (ar) > note: a invisible-only note is refused inline and nothing is sent  523ms
   ✓ Finance validation note and archive reason (ar) > note: empty is 'required'; visible text is sent verbatim  676ms
   ✓ Finance validation note and archive reason (ar) > reason: a whitespace-only reason is refused inline and nothing is archived  426ms
   ✓ Finance validation note and archive reason (ar) > reason: a invisible-only reason is refused inline and nothing is archived  547ms
   ✓ Finance validation note and archive reason (ar) > reason: a server 400 validation.blank on /reason is the field message, not a generic error  659ms
   ✓ Finance validation note and archive reason (ar) > reason: a reason with U+0000 is refused inline with the localized message and nothing is archived  683ms
   ✓ Finance validation note and archive reason (ar) > reason: a server 400 validation.invalid_character on /reason is the localized field message  657ms
   ✓ Finance validation note and archive reason (ar) > reason: empty keeps 'too short'; visible text is sent verbatim  578ms
   ✓ North Star statement (en) > a whitespace-only statement is refused inline and nothing is sent  335ms
 ✓ |unit-web| src/pages/team/team.test.tsx (10 tests) 6929ms
   ✓ Team (English LTR) > shows the six governance roles with B0018 accountability text verbatim and who holds each  838ms
   ✓ Team (English LTR) > lists team members with the accountability on each assignment, sortable and filterable  522ms
   ✓ Team (English LTR) > a Transformation Lead assigns a Workstream Lead: Idempotency-Key, reason, accountability preview  631ms
   ✓ Team (English LTR) > shows a 403 from the server in words; nothing is assigned  628ms
   ✓ Team: read-only auditor (AUD) > sees the roles, accountabilities and members, a read-only note, and no assign control  366ms
   ✓ Team (Arabic RTL) > shows Arabic role names and the provisional Arabic accountability text  494ms
   ✓ Team assign dialog: accountability preview follows the selected role (F-DG2-430) > en: WL on open, then KDS, TD, none and WL again, in StrictMode with no React warning  721ms
   ✓ Team assign dialog: accountability preview follows the selected role (F-DG2-430) > ar: WL on open, then KDS, TD, none and WL again, in StrictMode with no React warning  637ms
   ✓ Team: the success notice follows a language switch, 'en' → 'ar' > the notice is shown in the language now on screen, not the one it was created in  937ms
   ✓ Team: the success notice follows a language switch, 'ar' → 'en' > the notice is shown in the language now on screen, not the one it was created in  1149ms
 ✓ |unit-web| src/pages/transformations/transformations.test.tsx (21 tests) 7113ms
   ✓ after create (F-DG1-004) > shows the created record when the server lets the creator read it  907ms
   ✓ after create (F-DG1-004) > explains, in English, that the draft was created but cannot be opened (server 404), instead of 'Not found'  682ms
   ✓ after create (F-DG1-004) > explains the same in Arabic (RTL), using the glossary term for Transformation  374ms
   ✓ audit trail changes (F-DG1-005) > English: field and value labels, not raw keys or enum codes  433ms
   ✓ audit trail changes (F-DG1-005) > Arabic: the same changes with Arabic labels in the RTL layout  353ms
   ✓ derived creator assignment on the audit trail (F-DG1-008) > an action the catalogue does not know stays readable and is explicitly marked (en and ar)  444ms
   ✓ effective permissions refresh after create (F-DG1-210) > English: Edit, Archive and the audit trail appear after create, without a reload  1105ms
   ✓ effective permissions refresh after create (F-DG1-210) > Arabic (RTL): the same controls and the audit trail appear after create, without a reload  931ms
   ✓ effective permissions refresh after create (F-DG1-210) > does not over-grant: if the refreshed server answer adds nothing, Archive and the audit trail stay hidden  601ms
   ✓ effective permissions refresh after create (F-DG1-210) > a failed /me refresh never blocks the navigation; the UI stays fail-safe (no controls offered)  309ms
 ✓ |unit-web| src/pages/portfolio/portfolio.test.tsx (32 tests) 14459ms
   ✓ Portfolio (en) > lists code, name, wave, owners and three separate columns: proposed rank, selection and funding  974ms
   ✓ Portfolio (en) > filters by status and wave on the server  380ms
   ✓ Portfolio (en) > creates a draft at any time: POST /initiatives with the transformation and an Idempotency-Key  795ms
   ✓ Portfolio (en) > the read-only auditor sees the list with no enabled write control  634ms
   ✓ Portfolio (ar) > lists code, name, wave, owners and three separate columns: proposed rank, selection and funding  346ms
   ✓ Portfolio (ar) > the proposed rank is Unknown (never 0) when the prioritization view is unavailable  505ms
   ✓ Portfolio (ar) > filters by status and wave on the server  553ms
   ✓ Portfolio (ar) > creates a draft at any time: POST /initiatives with the transformation and an Idempotency-Key  540ms
   ✓ Portfolio (ar) > the read-only auditor sees the list with no enabled write control  472ms
   ✓ Portfolio (ar) > outcome hierarchy: five levels, an Unknown target is Unknown (never 0)  392ms
   ✓ Initiative Card (en) > shows all 14 T05 fields in the source order and the 3-7 deliverables warning (a warning, not a block)  474ms
   ✓ Initiative Card (en) > submit refused: 'Case for change not yet approved (G1)…' is the dialog's one translated alert  674ms
   ✓ Initiative Card (en) > submit refused: 'Outcome before activity…' (validation at /outcomeContributions) is translated  393ms
   ✓ Initiative Card (en) > launch refused: 'North Star, outcomes and target state not yet approved', then 'Selected - unfunded…'  620ms
   ✓ Initiative Card (en) > select is a labelled business approval: rationale required, If-Match, no 'on behalf of' control  679ms
   ✓ Initiative Card (en) > an outcome contribution needs an outcome; the KPI is optional and labelled so  387ms
   ✓ Initiative Card (ar) > submit refused: 'Case for change not yet approved (G1)…' is the dialog's one translated alert  311ms
   ✓ Initiative Card (ar) > launch refused: 'North Star, outcomes and target state not yet approved', then 'Selected - unfunded…'  807ms
   ✓ Initiative Card (ar) > select is a labelled business approval: rationale required, If-Match, no 'on behalf of' control  641ms
   ✓ Initiative Card (ar) > a 409 shows the conflict banner and reloads  369ms
   ✓ Initiative Card (ar) > a gap link to another TOM record shows 'A project portfolio is not a Target Operating Model…'  474ms
   ✓ Initiative Card (ar) > an outcome contribution needs an outcome; the KPI is optional and labelled so  333ms
   ✓ Initiative Card (ar) > the read-only auditor sees the card with no enabled write control  377ms
   ✓ Initiative Card (ar) > a cancelled initiative is read-only even for the lead  386ms
 ✓ |unit-web| src/auth/session-bound.test.tsx (34 tests) 13671ms
   ✓ F-DG2-530/580 no effect of A's action after a further await once the tab is B's (en) > Y1: a create whose post-create GET /me returns B: B is not navigated and never sees A's code or name  1244ms
   ✓ F-DG2-530/580 no effect of A's action after a further await once the tab is B's (en) > Y1c: the same create under one identity still lands on the created record  452ms
   ✓ F-DG2-530/580 no effect of A's action after a further await once the tab is B's (en) > an edit whose identity changes between its awaits: B is not navigated to A's record and keeps nothing of A's  805ms
   ✓ F-DG2-530/580 no effect of A's action after a further await once the tab is B's (en) > an organization create whose identity changes between its awaits: B is not navigated to A's new organization  727ms
   ✓ F-DG2-530/580 no effect of A's action after a further await once the tab is B's (en) > a user create whose identity changes between its awaits: B is not navigated to A's new user  817ms
   ✓ F-DG2-530/580 no effect of A's action after a further await once the tab is B's (en) > sanity: the organization and user creates under one identity still navigate to the new record  636ms
   ✓ F-DG2-570 the header and the data of ONE identity on in-app navigation (en) > bounded: one GET /me per navigation, shared by the page's burst; other GETs only after the window; same identity kept  359ms
   ✓ F-DG2-530/580 no effect of A's action after a further await once the tab is B's (ar) > Y1: a create whose post-create GET /me returns B: B is not navigated and never sees A's code or name  765ms
   ✓ F-DG2-530/580 no effect of A's action after a further await once the tab is B's (ar) > Y1c: the same create under one identity still lands on the created record  393ms
   ✓ F-DG2-530/580 no effect of A's action after a further await once the tab is B's (ar) > Y1c (not visible to the creator): the creator still gets 'created, but you cannot open it' with the 201's code  323ms
   ✓ F-DG2-530/580 no effect of A's action after a further await once the tab is B's (ar) > an edit whose identity changes between its awaits: B is not navigated to A's record and keeps nothing of A's  498ms
   ✓ F-DG2-530/580 no effect of A's action after a further await once the tab is B's (ar) > an organization create whose identity changes between its awaits: B is not navigated to A's new organization  635ms
   ✓ F-DG2-530/580 no effect of A's action after a further await once the tab is B's (ar) > a user create whose identity changes between its awaits: B is not navigated to A's new user  493ms
   ✓ F-DG2-530/580 no effect of A's action after a further await once the tab is B's (ar) > sanity: the organization and user creates under one identity still navigate to the new record  736ms
   ✓ F-DG2-570 the header and the data of ONE identity on in-app navigation (ar) > N1: B signed in elsewhere, no focus event: opening A's record asks GET /me first; B's header above B's answer  336ms
   ✓ the convention: no raw navigate or cache write in app code (T-DG2-FE15) > the ESLint rule refuses a raw navigate, a raw cache write and a useNavigate import in a page  2462ms
 ✓ |unit-web| src/auth/session-generation.test.tsx (26 tests) 13500ms
   ✓ F-DG2-530 a write in flight across an identity change (en) > X3: A's PATCH answered after B's /me is not written into B's cache, not shown, and does not navigate B  1305ms
   ✓ F-DG2-530 a write in flight across an identity change (en) > X3b: the same after a session END here and B's sign-in: A's late answer never lands  904ms
   ✓ F-DG2-530 a write in flight across an identity change (en) > an archive in flight across an identity change: A's archived record never lands in B's cache  889ms
   ✓ F-DG2-530 a write in flight across an identity change (en) > an organization save in flight across an identity change: A's change is never stored under B  814ms
   ✓ F-DG2-530 a write in flight across an identity change (en) > a user save in flight across an identity change: A's change is never stored under B  847ms
   ✓ F-DG2-530 a write in flight across an identity change (en) > a same-person new session: the in-flight save is dropped silently, the draft is kept and usable  626ms
   ✓ F-DG2-530 a write in flight across an identity change (en) > a language save retried after a 409 is never written for the identity that replaced A  670ms
   ✓ F-DG2-530 X6: refocus and reconnect revalidate GET /me first (en) > after B signs in elsewhere, a refocus within /me's staleTime shows B's header with B's data, never A's  492ms
   ✓ F-DG2-530 X6: refocus and reconnect revalidate GET /me first (en) > the same identity: a refocus refetches /me once, then the stale page queries; nothing when all is fresh  532ms
   ✓ F-DG2-530 X6: refocus and reconnect revalidate GET /me first (en) > a refocus whose /me finds the session ended navigates once to sign-in and refetches no page data  537ms
   ✓ F-DG2-530 a write in flight across an identity change (ar) > X3: A's PATCH answered after B's /me is not written into B's cache, not shown, and does not navigate B  600ms
   ✓ F-DG2-530 a write in flight across an identity change (ar) > X3b: the same after a session END here and B's sign-in: A's late answer never lands  633ms
   ✓ F-DG2-530 a write in flight across an identity change (ar) > an archive in flight across an identity change: A's archived record never lands in B's cache  741ms
   ✓ F-DG2-530 a write in flight across an identity change (ar) > an organization save in flight across an identity change: A's change is never stored under B  983ms
   ✓ F-DG2-530 a write in flight across an identity change (ar) > a user save in flight across an identity change: A's change is never stored under B  526ms
   ✓ F-DG2-530 a write in flight across an identity change (ar) > a same-person new session: the in-flight save is dropped silently, the draft is kept and usable  536ms
   ✓ F-DG2-530 a write in flight across an identity change (ar) > a language save retried after a 409 is never written for the identity that replaced A  536ms
   ✓ F-DG2-530 X6: refocus and reconnect revalidate GET /me first (ar) > the same identity: a refocus refetches /me once, then the stale page queries; nothing when all is fresh  419ms
 ✓ |unit-web| src/auth/session-end.test.tsx (12 tests) 8512ms
   ✓ session end while the app is open (en) > a 401 on navigation lands once on sign-in with the message; signing in again returns to the page  1625ms
   ✓ session end while the app is open (en) > a 401 on a dialog mutation (the commit-time upload refusal) closes the dialog and lands once on sign-in  1203ms
   ✓ session end while the app is open (en) > a sign-out elsewhere noticed by the next /me probe lands once on sign-in, never on the stale shell  497ms
   ✓ session end while the app is open (en) > a 403 (forbidden) is never treated as a session end  722ms
   ✓ session end while the app is open (ar) > a 401 on navigation lands once on sign-in with the message; signing in again returns to the page  954ms
   ✓ session end while the app is open (ar) > a 401 on a dialog mutation (the commit-time upload refusal) closes the dialog and lands once on sign-in  929ms
   ✓ session end while the app is open (ar) > a sign-out elsewhere noticed by the next /me probe lands once on sign-in, never on the stale shell  533ms
   ✓ session end while the app is open (ar) > a 403 (forbidden) is never treated as a session end  576ms
   ✓ session end under <StrictMode> (as in production) > still lands exactly once on sign-in  630ms
   ✓ sign-in page and the cached identity > decides 'already signed in' only from a fresh /me, never from a stale cache  423ms
   ✓ sign-in page and the cached identity > signing out here shows 'signed out', not 'session ended', and no /me loop  389ms
 ✓ |unit-web| src/pages/portfolio/fe-e.test.tsx (18 tests) 8949ms
   ✓ Funding decisions (en) > is a labelled business approval with no 'on behalf of' control; rationale required; POST with an Idempotency-Key  1386ms
   ✓ Funding decisions (en) > the BE-E 422s are the dialog's one translated alert; funding.amount_invalid is also inline at /amount  733ms
   ✓ Funding decisions (ar) > is a labelled business approval with no 'on behalf of' control; rationale required; POST with an Idempotency-Key  755ms
   ✓ Funding decisions (ar) > the BE-E 422s are the dialog's one translated alert; funding.amount_invalid is also inline at /amount  492ms
   ✓ Funding decisions (ar) > the history shows a missing amount as Unknown (never 0); a re-selected initiative explains the deselect rule  365ms
   ✓ Funding decisions (ar) > an exact decimal amount is shown with its currency; the auditor sees no record control  477ms
   ✓ Deliverables and milestones on the card (en) > creates (Idempotency-Key), edits (If-Match) and archives (reason, If-Match) a deliverable  738ms
   ✓ Deliverables and milestones on the card (en) > creates a milestone with its wave and forecast, and edits it with If-Match  649ms
   ✓ Deliverables and milestones on the card (en) > a cancelled initiative shows deliverables, milestones and funding with no write control  318ms
   ✓ Deliverables and milestones on the card (en) > the card edit form translates initiative.planned_range specifically (RecordDialog namespaces)  469ms
   ✓ Deliverables and milestones on the card (ar) > creates (Idempotency-Key), edits (If-Match) and archives (reason, If-Match) a deliverable  661ms
   ✓ Deliverables and milestones on the card (ar) > creates a milestone with its wave and forecast, and edits it with If-Match  476ms
   ✓ Deliverables and milestones on the card (ar) > 422 initiative.read_only (a closure raced the edit) is translated as the dialog's one alert  306ms
   ✓ Deliverables and milestones on the card (ar) > the card edit form translates initiative.planned_range specifically (RecordDialog namespaces)  349ms
 ✓ |unit-web| src/pages/business-cases/business-cases.test.tsx (18 tests) 10081ms
   ✓ business cases (en) > register: levels, Finance baseline states with text (Stale is never green) and drafts  680ms
   ✓ business cases (en) > detail: all ten sections, totals with gross / cost / net apart, net Unknown (never 0), roll-up by reference  734ms
   ✓ business cases (en) > totals: a partial total says how many Unknown lines it leaves out  505ms
   ✓ business cases (en) > sections: saves only the changed section with If-Match; blank text is refused inline and nothing is sent  2159ms
   ✓ business cases (en) > sections: a 409 shows the standard conflict panel (nothing saved) with the current values  688ms
   ✓ business cases (en) > lines: exactly one class from one select; the value basis follows the class; a 422 is translated  774ms
   ✓ business cases (en) > Finance validation: a business approval for FIN who did not author the case; If-Match; translated 403  540ms
   ✓ business cases (en) > Finance validation: the case author sees no validate action, only the separation-of-duties note  390ms
   ✓ business cases (ar) > register: levels, Finance baseline states with text (Stale is never green) and drafts  430ms
   ✓ business cases (ar) > detail: all ten sections, totals with gross / cost / net apart, net Unknown (never 0), roll-up by reference  334ms
   ✓ business cases (ar) > sections: saves only the changed section with If-Match; blank text is refused inline and nothing is sent  843ms
   ✓ business cases (ar) > sections: a 409 shows the standard conflict panel (nothing saved) with the current values  324ms
   ✓ business cases (ar) > lines: exactly one class from one select; the value basis follows the class; a 422 is translated  450ms
   ✓ business cases (ar) > Finance validation: a business approval for FIN who did not author the case; If-Match; translated 403  442ms
 ✓ |unit-web| src/auth/session-identity.test.tsx (18 tests) 7785ms
   ✓ F-DG2-500 a session end on the sign-in page (en) > W5: Back to /login after A's session ends, B signs in with the development form: B never sees A's records  1540ms
   ✓ F-DG2-500 a session end on the sign-in page (en) > W5b (OIDC mode): B signs in in another tab and this tab's /me re-probe brings B: B never sees A's records  877ms
   ✓ F-DG2-500 an identity change with no session end in this tab (en) > a refocus /me that returns another identity removes every session query before B renders, and drops A's drafts  562ms
   ✓ F-DG2-500 an identity change with no session end in this tab (en) > the same identity re-probed (window refocus) keeps the cache and the page state  324ms
   ✓ F-DG2-500 sign-out here and 403 (en) > signing out here clears everything; B signing in afterwards never sees A's records  937ms
   ✓ F-DG2-500 a session end on the sign-in page (ar) > W5: Back to /login after A's session ends, B signs in with the development form: B never sees A's records  616ms
   ✓ F-DG2-500 a session end on the sign-in page (ar) > W5b (OIDC mode): B signs in in another tab and this tab's /me re-probe brings B: B never sees A's records  555ms
   ✓ F-DG2-500 an identity change with no session end in this tab (ar) > a refocus /me that returns another identity removes every session query before B renders, and drops A's drafts  327ms
   ✓ F-DG2-500 sign-out here and 403 (ar) > signing out here clears everything; B signing in afterwards never sees A's records  615ms
   ✓ F-DG2-500 sign-out here and 403 (ar) > a 403 is never a session end: the phase, the identity and the cache are kept  385ms
 ✓ |unit-web| src/pages/capacity/fe-e.test.tsx (13 tests) 7011ms
   ✓ capacity editing (en) > creates a role; a taken code (409) is the form's translated alert; then the role is created  754ms
   ✓ capacity editing (en) > edits a role's labels and archives it, each with If-Match  505ms
   ✓ capacity editing (en) > creates a capacity row with a decimal FTE string; a duplicate (409) is translated  547ms
   ✓ capacity editing (en) > creates a demand; after the save the plan is re-read and the conflict with its shortfall appears; Unknown stays Unknown  1014ms
   ✓ capacity editing (en) > edits a planned demand with If-Match; 422 resource_demand.not_planned is translated  833ms
   ✓ capacity editing (ar) > creates a role; a taken code (409) is the form's translated alert; then the role is created  362ms
   ✓ capacity editing (ar) > edits a role's labels and archives it, each with If-Match  480ms
   ✓ capacity editing (ar) > creates a capacity row with a decimal FTE string; a duplicate (409) is translated  612ms
   ✓ capacity editing (ar) > creates a demand; after the save the plan is re-read and the conflict with its shortfall appears; Unknown stays Unknown  679ms
   ✓ capacity editing (ar) > edits a planned demand with If-Match; 422 resource_demand.not_planned is translated  520ms
   ✓ capacity editing (ar) > the read-only auditor sees roles and capacity rows with no editing control  396ms
 ✓ |unit-web| src/pages/benefit-formulas/benefit-formulas.test.tsx (18 tests) 10284ms
   ✓ T09 benefit formulas (en) > register: the six T09 columns with confidence H/M/L; examples marked illustrative with 100000 and 500000 SAR per year  1344ms
   ✓ T09 benefit formulas (en) > builder: an undefined variable shows translated, with its position, before saving; nothing is sent  1443ms
   ✓ T09 benefit formulas (en) > builder: monthly ARPU × annual customers is a period mismatch, translated, before saving  628ms
   ✓ T09 benefit formulas (en) > builder: a fraction is entered as percent and stored as a fraction; a version is saved with If-Match  442ms
   ✓ T09 benefit formulas (en) > builder: a 409 shows the standard conflict panel; nothing was saved  502ms
   ✓ T09 benefit formulas (en) > Finance validation of a version: a business approval by FIN; the author cannot; translated refusal  908ms
   ✓ T09 benefit formulas (en) > Finance validation: the version's author sees the separation-of-duties note and no action  596ms
   ✓ T09 benefit formulas (ar) > register: the six T09 columns with confidence H/M/L; examples marked illustrative with 100000 and 500000 SAR per year  621ms
   ✓ T09 benefit formulas (ar) > builder: an undefined variable shows translated, with its position, before saving; nothing is sent  526ms
   ✓ T09 benefit formulas (ar) > builder: a fraction is entered as percent and stored as a fraction; a version is saved with If-Match  742ms
   ✓ T09 benefit formulas (ar) > builder: a 409 shows the standard conflict panel; nothing was saved  419ms
   ✓ T09 benefit formulas (ar) > Finance validation of a version: a business approval by FIN; the author cannot; translated refusal  1142ms
 ✓ |unit-web| src/pages/roadmap/roadmap.test.tsx (14 tests) 7485ms
   ✓ roadmap (en) > shows the four source waves verbatim (English source also shown in Arabic) with overlapping horizons  616ms
   ✓ roadmap (en) > moving a milestone PATCHes the forecast with If-Match and the timeline, table and board all show the new date from one refetch  927ms
   ✓ roadmap (en) > a 409 on moving a milestone shows the conflict notice and reloads the roadmap  845ms
   ✓ roadmap (en) > re-approving a date requires a reason; then it is POSTed with If-Match  481ms
   ✓ roadmap (en) > deliverable acceptance sends the AcceptanceDecision with If-Match (no 'on behalf of' control)  726ms
   ✓ roadmap (en) > an Unknown schedule flag is shown as Unknown; missing dates are Unknown, never blank  681ms
   ✓ roadmap (ar) > shows the four source waves verbatim (English source also shown in Arabic) with overlapping horizons  541ms
   ✓ roadmap (ar) > moving a milestone PATCHes the forecast with If-Match and the timeline, table and board all show the new date from one refetch  517ms
   ✓ roadmap (ar) > a 409 on moving a milestone shows the conflict notice and reloads the roadmap  502ms
   ✓ roadmap (ar) > re-approving a date requires a reason; then it is POSTed with If-Match  608ms
   ✓ roadmap (ar) > deliverable acceptance sends the AcceptanceDecision with If-Match (no 'on behalf of' control)  313ms
   ✓ roadmap (ar) > the read-only auditor sees no write control  406ms
 ✓ |unit-web| src/pages/gates/g4.test.tsx (16 tests) 8105ms
   ✓ G4 refusal item by item (en) > two initiatives without owners: two separate translated 'Owners' items, never the joined English message  1220ms
   ✓ G4 refusal item by item (en) > without a usable gate view: one translated line per refused criterion, never the English message  755ms
   ✓ G4 refusal item by item (ar) > two initiatives without owners: two separate translated 'Owners' items, never the joined English message  482ms
   ✓ G4 refusal item by item (ar) > without a usable gate view: one translated line per refused criterion, never the English message  587ms
   ✓ G4 view (en) > a refused submission shows the 422 list with the initiative names, translated  418ms
   ✓ G4 view (en) > the decision's 403 urn:mth:problem:forbidden is translated  592ms
   ✓ G4 view (en) > the decision's 403 urn:mth:problem:forbidden is translated  324ms
   ✓ G4 view (en) > the decision's 409 urn:mth:problem:version-conflict is translated  761ms
   ✓ G4 view (ar) > a refused submission shows the 422 list with the initiative names, translated  416ms
   ✓ G4 view (ar) > the decision's 403 urn:mth:problem:forbidden is translated  477ms
   ✓ G4 view (ar) > the decision's 403 urn:mth:problem:forbidden is translated  1050ms
   ✓ G4 view (ar) > the decision's 409 urn:mth:problem:version-conflict is translated  472ms
 ✓ |unit-web| src/pages/dispensations/dispensations.test.tsx (12 tests) 7164ms
   ✓ Dispensations (en) > lists waivers and inherited approvals; unverified evidence is shown as unverified; recorder cannot decide  1231ms
   ✓ Dispensations (en) > a waiver needs a reason and an expiry: refused inline, nothing sent; then sent with its scope  828ms
   ✓ Dispensations (en) > an inherited approval (Modular) needs the approving body, the date and evidence; 422s are translated  563ms
   ✓ Dispensations (en) > deciding is a labelled business approval; the delegated-decision 422 and the recorder 403 are translated  655ms
   ✓ Dispensations (ar) > a waiver needs a reason and an expiry: refused inline, nothing sent; then sent with its scope  463ms
   ✓ Dispensations (ar) > an inherited approval (Modular) needs the approving body, the date and evidence; 422s are translated  844ms
   ✓ Dispensations (ar) > deciding is a labelled business approval; the delegated-decision 422 and the recorder 403 are translated  1486ms
 ✓ |unit-web| src/pages/gates/g1-agreements.test.tsx (10 tests) 8323ms
   ✓ G1 agreements step (en) > approving G1 needs the three labelled confirmations; then sends agreements with all three true  1777ms
   ✓ G1 agreements step (en) > a non-approve outcome on G1 sends no agreements (even after ticking them)  1783ms
   ✓ G1 agreements step (en) > approving another gate (G2) shows no confirmations and sends no agreements  500ms
   ✓ G1 agreements step (en) > the server's 422 gate.g1_agreements_required is the one form-level alert, with the missing confirmations  630ms
   ✓ G1 agreements step (en) > the server's 422 gate.agreements_not_applicable is translated as the one form-level alert  530ms
   ✓ G1 agreements step (ar) > approving G1 needs the three labelled confirmations; then sends agreements with all three true  844ms
   ✓ G1 agreements step (ar) > a non-approve outcome on G1 sends no agreements (even after ticking them)  528ms
   ✓ G1 agreements step (ar) > approving another gate (G2) shows no confirmations and sends no agreements  348ms
   ✓ G1 agreements step (ar) > the server's 422 gate.g1_agreements_required is the one form-level alert, with the missing confirmations  1155ms
 ✓ |unit-web| src/pages/roadmap/fe-e.test.tsx (8 tests) 7542ms
   ✓ wave editing (en) > edits planned dates (overlap accepted) with If-Match; the source text is read-only and never sent  2172ms
   ✓ wave editing (en) > 422 roadmap_wave.planned_range is inline at the planned end and translated  586ms
   ✓ wave editing (en) > adds a non-source wave with its bilingual texts (POST, Idempotency-Key)  1735ms
   ✓ wave editing (en) > the read-only auditor gets no wave control  368ms
   ✓ wave editing (ar) > edits planned dates (overlap accepted) with If-Match; the source text is read-only and never sent  488ms
   ✓ wave editing (ar) > 422 roadmap_wave.planned_range is inline at the planned end and translated  444ms
   ✓ wave editing (ar) > adds a non-source wave with its bilingual texts (POST, Idempotency-Key)  1139ms
   ✓ wave editing (ar) > the read-only auditor gets no wave control  607ms
 ✓ |unit-web| src/pages/gates/inherited-approval.test.tsx (16 tests) 4305ms
   ✓ inherited-approval annotation (en) > Gates list: G1 pending_verification (counts false) is a badge next to 'Not submitted'  480ms
   ✓ inherited-approval annotation (en) > Gates list: G1 accepted (counts true) is a badge next to 'Not submitted'  302ms
   ✓ inherited-approval annotation (en) > Gates list: G1 accepted (counts false) is a badge next to 'Not submitted'  480ms
   ✓ inherited-approval annotation (en) > Gates list: G1 rejected (counts false) is a badge next to 'Not submitted'  531ms
   ✓ inherited-approval annotation (ar) > gate view: without an inherited approval there is no row  1009ms
 ✓ |unit-web| src/pages/dependencies/dependencies.test.tsx (12 tests) 10785ms
   ✓ dependencies (en) > shows the seven T08 columns, an External source, the type label and the needed-by conflict flag  703ms
   ✓ dependencies (en) > a cycle is refused and shown as the translated message with the path INI-01 → INI-02 → INI-03 → INI-01  1154ms
   ✓ dependencies (en) > an External source is sent as {kind: external, label}  1280ms
   ✓ dependencies (en) > dependency types: system types are undeletable; an administrator may retire a custom type  1597ms
   ✓ dependencies (en) > a system type's 422 dependency_type.system_undeletable is translated  314ms
   ✓ dependencies (ar) > shows the seven T08 columns, an External source, the type label and the needed-by conflict flag  820ms
   ✓ dependencies (ar) > a cycle is refused and shown as the translated message with the path INI-01 → INI-02 → INI-03 → INI-01  1508ms
   ✓ dependencies (ar) > an External source is sent as {kind: external, label}  2476ms
 ✓ |unit-web| src/app/app.test.tsx (17 tests) 4563ms
   ✓ bilingual shell > switches to English LTR and persists the preference with If-Match  353ms
   ✓ bilingual shell > hides Administration from a Workstream Lead, and the admin route shows no-permission  435ms
   ✓ bilingual shell > marks planned areas as planned instead of pretending they work  368ms
   ✓ bilingual shell > a partial area (Governance) leads into the Gates tab of each transformation; its portfolio view stays planned  1014ms
   ✓ transformations > lists transformations with a sortable code column and removable filter chips  459ms
   ✓ transformations > detail shows the workspace header with Unknown for data from later stages  521ms
   ✓ transformations > edit: a 409 writes nothing, shows compare, and re-applies on the current version  615ms
 ✓ |unit-web| src/components/LanguageSwitch.test.tsx (10 tests) 4426ms
   ✓ a refused language save, 'en' → other ('403 csrf') > keeps ar on screen and says, in ar, that it was not saved  1147ms
   ✓ a refused language save, 'ar' → other ('403 csrf') > keeps en on screen and says, in en, that it was not saved  444ms
   ✓ a refused language save, 'en' → other ('403 forbidden') > keeps ar on screen and says, in ar, that it was not saved  1038ms
   ✓ a refused language save, 'ar' → other ('503') > keeps en on screen and says, in en, that it was not saved  489ms
   ✓ the live region and the persisted preference > if the persisted preference changes later and is re-applied, the notice says so in that language  335ms
 ✓ |unit-web| src/app/p3-seams.test.tsx (10 tests) 2877ms
   ✓ P3 routes > workspace tabs (en) > the workspace tabs include the P3 tabs, labelled from their own namespaces  916ms
   ✓ P3 routes > workspace tabs (ar) > the workspace tabs include the P3 tabs, labelled from their own namespaces  467ms
   ✓ P3 navigation areas > en /initiatives-roadmaps leads into the Initiatives and Roadmaps tab of each transformation  425ms
   ✓ P3 navigation areas > ar /benefits-finance leads into the المنافع والمالية tab of each transformation  535ms
 ✓ |unit-web| src/components/RecordForm.alerts.test.tsx (16 tests) 2863ms
   ✓ record form: one alert per distinct form error (en) > dialog > a 400 whose only field error has pointer "" says its message once, in one live region  688ms
   ✓ record form: one alert per distinct form error (ar) > inline-sections > a field-pointer error stays on its field; the generic banner is said once  325ms
 ✓ |unit-web| src/pages/transformations/modeGuidance.test.tsx (5 tests) 2014ms
   ✓ New transformation: mode guidance (English LTR) > shows When to use and How for the selected mode and switches with the mode  779ms
   ✓ New transformation: mode guidance (English LTR) > a server validation error on the entry phase is shown on that field  682ms
 ✓ |unit-web| src/pages/capacity/capacity.test.tsx (6 tests) 2695ms
   ✓ capacity (en) > the role × month grid shows decimal FTE, the conflict with its shortfall, and Unknown capacity as Unknown (never 0)  510ms
   ✓ capacity (en) > committing a demand POSTs with If-Match; a 409 shows the conflict notice and reloads  1050ms
   ✓ capacity (en) > the read-only auditor sees the grid and no commit or release control  599ms
 ✓ |unit-web| src/components/States.test.tsx (15 tests) 909ms
 ✓ |unit-web| src/i18n/i18n.test.ts (11 tests) 197ms
 ✓ |unit-web| src/pages/readiness/readiness.test.tsx (4 tests) 1226ms
   ✓ Readiness (en) > lists the missing diagnostic areas by name, the gates and the translated sequencing blockers  649ms
   ✓ Readiness (ar) > lists the missing diagnostic areas by name, the gates and the translated sequencing blockers  318ms
 ✓ |unit-web| src/styles/styles.test.ts (6 tests) 10ms
 ✓ |unit-web| src/lib/auditChanges.test.ts (125 tests) 90ms
 ✓ |unit-web| src/lib/lib.test.ts (24 tests) 540ms
 ✓ |unit-web| src/test/react-warning-guard.test.tsx (4 tests) 62ms
 ✓ |unit-web| src/pages/business-cases/problem-codes.test.ts (4 tests) 30ms
 ✓ |unit-web| src/i18n/glossary.test.ts (8 tests) 26ms
 ✓ |unit-web| src/test/harness-config.test.ts (2 tests) 3ms
 ✓ |unit-node| apps/api/src/modules/kpi/kpi.test.ts (37 tests) 3061ms
   ✓ kpi module (P2) > its declared boundary holds, and a planted bypass or undeclared dependency would be caught  2864ms
 ✓ |unit-node| packages/shared/src/kpi/property.test.ts (11 tests) 2799ms
   ✓ measures > higher- and lower-is-better shortfalls are exact negatives; deviation follows the sign  483ms
   ✓ RAG > higher-is-better: a lower actual never gives a better RAG (monotonic), relative and absolute  331ms
   ✓ changes > pp = (x₁ − x₀) × 100 exactly, and relative × |x₀| = x₁ − x₀ (to precision 80)  343ms
   ✓ trajectory > linear expected values lie between the neighbouring points; step values are point values  518ms
   ✓ storage rounding > rounds once half-up: |stored − exact| ≤ 0.0000005 and the record is honest  323ms
 ✓ |unit-node| packages/shared/src/formula/fuzz.test.ts (111 tests) 17574ms
   ✓ fuzz: no uncaught exception, no code execution > 10 000 random byte strings (0–255, up to 80 bytes)  3071ms
   ✓ fuzz: no uncaught exception, no code execution > 10 000 random UTF-16 strings including astral code points and lone surrogates  3173ms
   ✓ fuzz: no uncaught exception, no code execution > 20 000 random strings over the grammar alphabet reach parser, type checker and evaluator  7110ms
   ✓ source scan: no dynamic code in packages/shared/src/formula (ADR-0024 §6) > every file of the engine's import closure gets the engine-source lint rules (eslint.config.js)  2795ms
   ✓ source scan: no dynamic code in packages/shared/src/formula (ADR-0024 §6) > ESLint refuses the round-5 handler forms (G1, G2, A1, A2), F1 and every lintable probe-table row in an engine source  1020ms
 ✓ |unit-node| apps/api/src/architecture.test.ts (137 tests) 16627ms
   ✓ API module boundaries (ADR-0002) > every import respects dependsOn, public surfaces and allowed packages  9727ms
   ✓ package dependency direction (ADR-0002 rule 5) > packages/db imports only @mth/config and @mth/shared  879ms
   ✓ package dependency direction (ADR-0002 rule 5) > packages/shared imports no workspace package  1323ms
   ✓ package dependency direction (ADR-0002 rule 5) > apps/web never imports @mth/db or @mth/config (browser bundle, no secrets)  3815ms
 ✓ |unit-node| apps/api/src/modules/workflows/workflows.test.ts (14 tests) 2036ms
   ✓ workflows module (P2) > its declared boundary holds, and an undeclared dependency would be caught  1920ms
 ✓ |unit-node| apps/api/src/modules/evidence/evidence.test.ts (13 tests) 1177ms
   ✓ evidence module (P2) > its declared boundary holds  862ms
 ✓ |unit-node| packages/shared/src/scoring.test.ts (36 tests) 1146ms
   ✓ property: all 5^5 integer score combinations under v1 equal an independent BigInt rational computation > stored value, 2-digit display and 0–100 view all match for 3125 combinations  1061ms
 ✓ |unit-node| apps/api/src/server.test.ts (6 tests) 1934ms
   ✓ route registration > declares access on every /api route and on the health endpoints  1037ms
   ✓ route registration > registers dev login only in AUTH_MODE=dev; production configuration refuses dev mode entirely  426ms
 ✓ |unit-node| apps/api/src/modules/platform/in-flight.test.ts (4 tests) 334ms
 ✓ |unit-node| apps/api/src/modules/methodology/methodology.test.ts (4 tests) 329ms
   ✓ methodology module (P2) > its declared boundary holds, and an undeclared dependency would be caught  309ms
 ✓ |unit-node| packages/shared/src/value.test.ts (29 tests) 248ms
 ✓ |unit-node| packages/shared/src/schemas/schemas.test.ts (69 tests) 602ms
 ✓ |unit-node| apps/api/src/modules/reporting/reporting.test.ts (4 tests) 445ms
   ✓ reporting module (P1 scaffold, D-048) > its declared boundary holds, and a planted bypass or undeclared dependency would be caught  424ms
 ✓ |unit-node| apps/api/src/modules/platform/media-types.test.ts (57 tests) 509ms
 ✓ |unit-node| apps/api/src/modules/platform/incomplete-body.test.ts (10 tests) 368ms
 ✓ |unit-node| apps/api/src/modules/platform/platform.test.ts (19 tests) 267ms
 ✓ |unit-node| packages/shared/src/formula/formula.test.ts (140 tests) 146ms
 ✓ |unit-node| packages/config/src/load.test.ts (17 tests) 202ms
 ✓ |unit-node| apps/api/src/modules/platform/connection-hygiene.test.ts (6 tests) 110ms
 ✓ |unit-node| packages/shared/src/time/working-days.test.ts (19 tests) 81ms
 ✓ |unit-node| apps/api/src/modules/tasks/tasks.test.ts (5 tests) 36ms
 ✓ |unit-node| apps/api/src/modules/governance/governance.test.ts (2 tests) 125ms
 ✓ |unit-node| apps/api/src/request-encoding.test.ts (11 tests) 61ms
 ✓ |unit-node| packages/shared/src/kpi/change.test.ts (22 tests) 107ms
 ✓ |unit-node| apps/api/src/modules/benefits/register-rules.test.ts (45 tests) 28ms
 ✓ |unit-node| apps/api/src/modules/workflows/g4.test.ts (5 tests) 9ms
 ✓ |unit-node| packages/design-tokens/src/tokens.test.ts (15 tests) 98ms
 ✓ |unit-node| packages/db/src/seed.test.ts (25 tests) 45ms
(node:4047) [FSTDEP022] FastifyWarning: The router options for constraints property access is deprecated. Please use "options.routerOptions" instead for accessing router options. The router options will be removed in `fastify@6`.
(Use `node --trace-warnings ...` to show where the warning was created)
 ✓ |unit-node| apps/api/src/modules/platform/framework-errors.test.ts (6 tests) 81ms
 ✓ |unit-node| packages/shared/src/kpi/rag.test.ts (38 tests) 22ms
 ✓ |unit-node| apps/api/src/modules/admin/branding.test.ts (4 tests) 100ms
 ✓ |unit-node| apps/api/src/modules/benefits/benefits.test.ts (2 tests) 27ms
 ✓ |unit-node| apps/api/src/modules/transformations/good-outcome.test.ts (7 tests) 12ms
 ✓ |unit-node| apps/api/src/modules/kpi/rules.test.ts (30 tests) 168ms
 ✓ |unit-node| packages/shared/src/kpi/purity.test.ts (14 tests) 42ms
 ✓ |unit-node| apps/api/src/modules/platform/health.test.ts (2 tests) 59ms
 ✓ |unit-node| packages/shared/src/kpi/formula-binding.test.ts (26 tests) 18ms
 ✓ |unit-node| apps/api/src/modules/kpi/formulas.test.ts (10 tests) 28ms
 ✓ |unit-node| packages/shared/src/kpi/a05.test.ts (17 tests) 117ms
 ✓ |unit-node| apps/api/src/modules/platform/advisory-locks.test.ts (3 tests) 23ms
 ✓ |unit-node| packages/shared/src/kpi/trajectory.test.ts (14 tests) 23ms
 ✓ |unit-node| packages/shared/src/kpi/periods.test.ts (26 tests) 33ms
 ✓ |unit-node| apps/api/src/modules/sustainment/sustainment.test.ts (2 tests) 13ms
 ✓ |unit-node| packages/shared/src/kpi/aggregate.test.ts (20 tests) 12ms
 ✓ |unit-node| apps/api/src/modules/kpi/p3-gate-facts.test.ts (9 tests) 33ms
 ✓ |unit-node| apps/api/src/modules/platform/db-errors.test.ts (7 tests) 34ms
 ✓ |unit-node| packages/shared/src/kpi/types.test.ts (40 tests) 18ms
 ✓ |unit-node| apps/api/src/modules/kpi/totals.test.ts (20 tests) 26ms
 ✓ |unit-node| packages/shared/src/kpi/status.test.ts (25 tests) 39ms
 ✓ |unit-node| packages/shared/src/schemas/roadmap.test.ts (6 tests) 50ms
 ✓ |unit-node| apps/api/src/modules/raid/raid.test.ts (2 tests) 28ms
 ✓ |unit-node| apps/api/src/modules/adoption/adoption.test.ts (2 tests) 12ms
 ✓ |unit-node| apps/api/src/modules/identity/oidc-claims.test.ts (5 tests) 16ms
 ✓ |unit-node| apps/api/src/modules/portfolio/schedule.test.ts (14 tests) 13ms
 ✓ |unit-node| apps/api/src/modules/portfolio/capacity.test.ts (4 tests) 8ms
 ✓ |unit-node| packages/shared/src/kpi/measures.test.ts (30 tests) 12ms
 ✓ |unit-node| apps/api/src/modules/portfolio/readiness-transform.test.ts (4 tests) 9ms
 ✓ |unit-node| apps/api/src/modules/access/rules.test.ts (12 tests) 25ms
 ✓ |unit-node| apps/api/src/modules/platform/request-encoding.test.ts (7 tests) 20ms
 ✓ |unit-node| apps/api/src/modules/transformations/exclusions.test.ts (19 tests) 13ms
 ✓ |unit-node| apps/api/src/modules/transformations/thesis.test.ts (4 tests) 7ms
 ✓ |unit-node| apps/api/src/modules/portfolio/sequencing.test.ts (9 tests) 43ms
 ✓ |unit-node| apps/api/src/modules/platform/db-errors-p4.test.ts (5 tests) 18ms
 ✓ |unit-node| apps/api/src/modules/workflows/t08-cycle-problem.test.ts (2 tests) 3ms
 ✓ |unit-node| apps/api/src/modules/governance/raci.test.ts (2 tests) 4ms
 ✓ |unit-node| apps/api/src/modules/transformations/transitions.test.ts (2 tests) 3ms

 Test Files  104 passed (104)
      Tests  2055 passed (2055)
   Start at  06:25:25
   Duration  209.80s (transform 12.02s, setup 9.70s, collect 140.48s, tests 357.21s, environment 40.43s, prepare 17.30s)


 RUN  v3.2.4 /home/user/wt/dg4-be-c

 ✓ |unit-formula-nocodegen| packages/shared/src/formula/codegen.nocodegen.test.ts (10 tests) 18ms
 ✓ |unit-formula-nocodegen| packages/shared/src/formula/formula.test.ts (140 tests) 95ms
 ✓ |unit-formula-nocodegen| packages/shared/src/formula/fuzz.test.ts (111 tests | 2 skipped) 5889ms
   ✓ fuzz: no uncaught exception, no code execution > 10 000 random byte strings (0–255, up to 80 bytes)  1816ms
   ✓ fuzz: no uncaught exception, no code execution > 10 000 random UTF-16 strings including astral code points and lone surrogates  1265ms
   ✓ fuzz: no uncaught exception, no code execution > 20 000 random strings over the grammar alphabet reach parser, type checker and evaluator  2760ms

 Test Files  3 passed (3)
      Tests  259 passed | 2 skipped (261)
   Start at  06:28:56
   Duration  7.07s (transform 423ms, setup 0ms, collect 1.08s, tests 6.00s, environment 1ms, prepare 359ms)

EXIT=0
