
> mobily-transformation-hub@0.1.0 test /home/user/wt/dg4-be-r1
> vitest run --project unit-node --project unit-web && vitest run --project unit-formula-nocodegen


 RUN  v3.2.4 /home/user/wt/dg4-be-r1

 ✓ |unit-web| src/pages/portfolio/portfolio.test.tsx (32 tests) 12907ms
   ✓ Portfolio (en) > lists code, name, wave, owners and three separate columns: proposed rank, selection and funding  862ms
   ✓ Portfolio (en) > the proposed rank is Unknown (never 0) when the prioritization view is unavailable  438ms
   ✓ Portfolio (en) > filters by status and wave on the server  315ms
   ✓ Portfolio (en) > creates a draft at any time: POST /initiatives with the transformation and an Idempotency-Key  772ms
   ✓ Portfolio (en) > the read-only auditor sees the list with no enabled write control  419ms
   ✓ Portfolio (en) > outcome hierarchy: five levels, an Unknown target is Unknown (never 0)  415ms
   ✓ Portfolio (ar) > lists code, name, wave, owners and three separate columns: proposed rank, selection and funding  325ms
   ✓ Portfolio (ar) > the proposed rank is Unknown (never 0) when the prioritization view is unavailable  332ms
   ✓ Portfolio (ar) > filters by status and wave on the server  810ms
   ✓ Portfolio (ar) > creates a draft at any time: POST /initiatives with the transformation and an Idempotency-Key  727ms
   ✓ Portfolio (ar) > the read-only auditor sees the list with no enabled write control  423ms
   ✓ Initiative Card (en) > shows all 14 T05 fields in the source order and the 3-7 deliverables warning (a warning, not a block)  723ms
   ✓ Initiative Card (en) > submit refused: 'Case for change not yet approved (G1)…' is the dialog's one translated alert  709ms
   ✓ Initiative Card (en) > submit refused: 'Outcome before activity…' (validation at /outcomeContributions) is translated  644ms
   ✓ Initiative Card (en) > launch refused: 'North Star, outcomes and target state not yet approved', then 'Selected - unfunded…'  1028ms
   ✓ Initiative Card (en) > select is a labelled business approval: rationale required, If-Match, no 'on behalf of' control  491ms
   ✓ Initiative Card (en) > a 409 shows the conflict banner and reloads  445ms
   ✓ Initiative Card (en) > a gap link to another TOM record shows 'A project portfolio is not a Target Operating Model…'  305ms
 ✓ |unit-web| src/pages/p2.test.tsx (56 tests) 19450ms
   ✓ Diagnose > shows the six T01 dimensions with Unknown for missing values, and value pools that are never 0  1044ms
   ✓ Diagnose > shows the totals as Unknown when no pool is quantified  374ms
   ✓ Diagnose > renders the six workstreams with their key questions  762ms
   ✓ Diagnose > edits a T01 row with only the changed fields and If-Match  869ms
   ✓ Diagnose > a 409 on save writes nothing, compares, and re-applies on the current version  854ms
   ✓ Diagnose > a 400 validation.blank shows a localized message on its field ('en')  1961ms
   ✓ Diagnose > a 400 validation.blank shows a localized message on its field ('ar')  1281ms
   ✓ Diagnose > an invisible-only value is blocked client-side with validation.blank ('en')  921ms
   ✓ Diagnose > an invisible-only value is blocked client-side with validation.blank ('ar')  1148ms
   ✓ Diagnose > a whitespace-only T01 value is an inline blank error and sends nothing ('en')  881ms
   ✓ Diagnose > a whitespace-only T01 value is an inline blank error and sends nothing ('ar')  621ms
   ✓ Diagnose > T01: an emptied field is sent as an explicit null; visible text is sent verbatim  565ms
   ✓ Define: KPI activation (F-DG2-201) > offers Activate on a draft KPI, states the unmet precondition on 422, then activates with If-Match  324ms
   ✓ Define: KPI activation (F-DG2-201) > Arabic: the Activate action and the 422 reason are in Arabic  414ms
   ✓ Charter > scope pre-check: an empty Out of scope reads as failing (EN and AR)  363ms
   ✓ Charter > edit: emptying a filled field sends null; visible text is verbatim (en)  303ms
   ✓ Charter > edit: emptying a filled field sends null; visible text is verbatim (ar)  383ms
   ✓ Design > shows the ten canvas boxes and the per-dimension view  350ms
   ✓ Design > converts an unresolved workshop item into a design decision with If-Match  611ms
   ✓ Gates (business approval) > the approver's decision: rationale required; 403 and 409 problems in words  377ms
 ✓ |unit-web| src/pages/p2-blank-forms.test.tsx (52 tests) 20014ms
   ✓ gate submission note (en) > a whitespace-only note is refused inline and nothing is sent  1020ms
   ✓ gate submission note (en) > a invisible-only note is refused inline and nothing is sent  383ms
   ✓ gate submission note (en) > visible text is sent verbatim; an empty note is omitted  799ms
   ✓ gate submission note (ar) > a whitespace-only note is refused inline and nothing is sent  304ms
   ✓ gate submission note (ar) > visible text is sent verbatim; an empty note is omitted  476ms
   ✓ gate decision rationale and comments (en) > a whitespace-only rationale is refused inline and nothing is sent  821ms
   ✓ gate decision rationale and comments (en) > a invisible-only rationale is refused inline and nothing is sent  1024ms
   ✓ gate decision rationale and comments (en) > a invisible (long enough for min 3)-only rationale is refused inline and nothing is sent  839ms
   ✓ gate decision rationale and comments (en) > a whitespace-only comment is refused inline (focus on it) and nothing is sent  702ms
   ✓ gate decision rationale and comments (en) > a invisible-only comment is refused inline (focus on it) and nothing is sent  678ms
   ✓ gate decision rationale and comments (en) > visible text is sent verbatim; empty comments are omitted; an empty rationale stays 'too short'  1015ms
   ✓ gate decision rationale and comments (en) > a server 400 validation.blank on /rationale lands on the field  828ms
   ✓ gate decision rationale and comments (ar) > a whitespace-only rationale is refused inline and nothing is sent  807ms
   ✓ gate decision rationale and comments (ar) > a invisible-only rationale is refused inline and nothing is sent  350ms
   ✓ gate decision rationale and comments (ar) > a invisible (long enough for min 3)-only rationale is refused inline and nothing is sent  327ms
   ✓ journey step editor (en) > a whitespace-only actor is refused inline (not turned into null) and nothing is sent  333ms
   ✓ journey step editor (en) > a invisible-only actor is refused inline (not turned into null) and nothing is sent  350ms
   ✓ journey step editor (en) > several blank fields: each gets the message and focus goes to the first (name)  351ms
   ✓ journey step editor (en) > visible text is sent verbatim; emptied optional text is null; an empty name is required  386ms
   ✓ journey step editor (ar) > a whitespace-only actor is refused inline (not turned into null) and nothing is sent  304ms
   ✓ journey step editor (ar) > a invisible-only actor is refused inline (not turned into null) and nothing is sent  308ms
   ✓ journey step editor (ar) > visible text is sent verbatim; emptied optional text is null; an empty name is required  406ms
   ✓ North Star statement (ar) > a whitespace-only statement is refused inline and nothing is sent  392ms
 ✓ |unit-web| src/auth/session-bound.test.tsx (34 tests) 10830ms
   ✓ F-DG2-530/580 no effect of A's action after a further await once the tab is B's (en) > Y1: a create whose post-create GET /me returns B: B is not navigated and never sees A's code or name  815ms
   ✓ F-DG2-530/580 no effect of A's action after a further await once the tab is B's (en) > an edit whose identity changes between its awaits: B is not navigated to A's record and keeps nothing of A's  394ms
   ✓ F-DG2-530/580 no effect of A's action after a further await once the tab is B's (en) > an organization create whose identity changes between its awaits: B is not navigated to A's new organization  472ms
   ✓ F-DG2-530/580 no effect of A's action after a further await once the tab is B's (en) > a user create whose identity changes between its awaits: B is not navigated to A's new user  453ms
   ✓ F-DG2-530/580 no effect of A's action after a further await once the tab is B's (ar) > Y1: a create whose post-create GET /me returns B: B is not navigated and never sees A's code or name  558ms
   ✓ F-DG2-530/580 no effect of A's action after a further await once the tab is B's (ar) > an edit whose identity changes between its awaits: B is not navigated to A's record and keeps nothing of A's  394ms
   ✓ F-DG2-530/580 no effect of A's action after a further await once the tab is B's (ar) > an organization create whose identity changes between its awaits: B is not navigated to A's new organization  478ms
   ✓ F-DG2-530/580 no effect of A's action after a further await once the tab is B's (ar) > a user create whose identity changes between its awaits: B is not navigated to A's new user  719ms
   ✓ F-DG2-530/580 no effect of A's action after a further await once the tab is B's (ar) > sanity: the organization and user creates under one identity still navigate to the new record  497ms
   ✓ F-DG2-530/580 no effect of A's action after a further await once the tab is B's (ar) > sanity: an edit under one identity (a same-identity /me between its awaits) still updates the cache and navigates  312ms
   ✓ the convention: no raw navigate or cache write in app code (T-DG2-FE15) > the ESLint rule refuses a raw navigate, a raw cache write and a useNavigate import in a page  2651ms
 ✓ |unit-web| src/auth/session-generation.test.tsx (26 tests) 17196ms
   ✓ F-DG2-530 a write in flight across an identity change (en) > X3: A's PATCH answered after B's /me is not written into B's cache, not shown, and does not navigate B  2129ms
   ✓ F-DG2-530 a write in flight across an identity change (en) > X3b: the same after a session END here and B's sign-in: A's late answer never lands  793ms
   ✓ F-DG2-530 a write in flight across an identity change (en) > an archive in flight across an identity change: A's archived record never lands in B's cache  1375ms
   ✓ F-DG2-530 a write in flight across an identity change (en) > an organization save in flight across an identity change: A's change is never stored under B  675ms
   ✓ F-DG2-530 a write in flight across an identity change (en) > a user save in flight across an identity change: A's change is never stored under B  769ms
   ✓ F-DG2-530 a write in flight across an identity change (en) > a same-person new session: the in-flight save is dropped silently, the draft is kept and usable  670ms
   ✓ F-DG2-530 a write in flight across an identity change (en) > a language save retried after a 409 is never written for the identity that replaced A  592ms
   ✓ F-DG2-530 a write in flight across an identity change (en) > sanity: a write in flight that finishes under the SAME identity still updates the cache and navigates  676ms
   ✓ F-DG2-530 X6: refocus and reconnect revalidate GET /me first (en) > after B signs in elsewhere, a refocus within /me's staleTime shows B's header with B's data, never A's  888ms
   ✓ F-DG2-530 X6: refocus and reconnect revalidate GET /me first (en) > the same identity: a refocus refetches /me once, then the stale page queries; nothing when all is fresh  450ms
   ✓ F-DG2-530 a write in flight across an identity change (ar) > X3: A's PATCH answered after B's /me is not written into B's cache, not shown, and does not navigate B  740ms
   ✓ F-DG2-530 a write in flight across an identity change (ar) > X3b: the same after a session END here and B's sign-in: A's late answer never lands  1186ms
   ✓ F-DG2-530 a write in flight across an identity change (ar) > an archive in flight across an identity change: A's archived record never lands in B's cache  863ms
   ✓ F-DG2-530 a write in flight across an identity change (ar) > an organization save in flight across an identity change: A's change is never stored under B  1301ms
   ✓ F-DG2-530 a write in flight across an identity change (ar) > a user save in flight across an identity change: A's change is never stored under B  1060ms
   ✓ F-DG2-530 a write in flight across an identity change (ar) > a same-person new session: the in-flight save is dropped silently, the draft is kept and usable  678ms
   ✓ F-DG2-530 a write in flight across an identity change (ar) > a language save retried after a 409 is never written for the identity that replaced A  713ms
   ✓ F-DG2-530 a write in flight across an identity change (ar) > sanity: a write in flight that finishes under the SAME identity still updates the cache and navigates  342ms
   ✓ F-DG2-530 X6: refocus and reconnect revalidate GET /me first (ar) > the same identity: a refocus refetches /me once, then the stale page queries; nothing when all is fresh  399ms
   ✓ F-DG2-530 X6: refocus and reconnect revalidate GET /me first (ar) > a refocus whose /me finds the session ended navigates once to sign-in and refetches no page data  316ms
 ✓ |unit-web| src/pages/render-time-language.test.tsx (28 tests) 24026ms
   ✓ sign-in (dev form), 'en' → 'ar' > an invalid user name: the inline message follows the switch  858ms
   ✓ sign-in (dev form), 'en' → 'ar' > a refused sign-in: the server's problem follows the switch  556ms
   ✓ sign-in (dev form), 'ar' → 'en' > an invalid user name: the inline message follows the switch  411ms
   ✓ journey step editor, 'en' → 'ar' > a field error on a step follows the switch  2395ms
   ✓ journey step editor, 'en' → 'ar' > the form-level "Step N:" error follows the switch (prefix and message)  1245ms
   ✓ journey step editor, 'ar' → 'en' > a field error on a step follows the switch  1254ms
   ✓ journey step editor, 'ar' → 'en' > the form-level "Step N:" error follows the switch (prefix and message)  2409ms
   ✓ row-action note and reason dialog, 'en' → 'ar' > the Finance validation note's 'required' follows the switch  1359ms
   ✓ row-action note and reason dialog, 'en' → 'ar' > the Finance validation choice's 'required' follows the switch  1623ms
   ✓ row-action note and reason dialog, 'en' → 'ar' > the archive reason's 'too short' follows the switch  1467ms
   ✓ row-action note and reason dialog, 'ar' → 'en' > the Finance validation note's 'required' follows the switch  753ms
   ✓ row-action note and reason dialog, 'ar' → 'en' > the Finance validation choice's 'required' follows the switch  876ms
   ✓ row-action note and reason dialog, 'ar' → 'en' > the archive reason's 'too short' follows the switch  1457ms
   ✓ gate dialogs, 'en' → 'ar' > the submission note's field error follows the switch  462ms
   ✓ gate dialogs, 'en' → 'ar' > the decision rationale's field error follows the switch  708ms
   ✓ gate dialogs, 'ar' → 'en' > the submission note's field error follows the switch  704ms
   ✓ gate dialogs, 'ar' → 'en' > the decision rationale's field error follows the switch  630ms
   ✓ North Star statement, 'en' → 'ar' > the statement's field error follows the switch  691ms
   ✓ North Star statement, 'ar' → 'en' > the statement's field error follows the switch  517ms
   ✓ evidence dialogs, 'en' → 'ar' > upload without a file: 'required' follows the switch  952ms
   ✓ evidence dialogs, 'en' → 'ar' > a link without a record type or record: both 'required' messages follow the switch  1263ms
   ✓ evidence dialogs, 'ar' → 'en' > upload without a file: 'required' follows the switch  552ms
   ✓ evidence dialogs, 'ar' → 'en' > a link without a record type or record: both 'required' messages follow the switch  421ms
 ✓ |unit-web| src/pages/prioritization/prioritization.test.tsx (20 tests) 18656ms
   ✓ prioritization (en) > ranked table: an incomplete score is 'incomplete' (never a number), 3.30 complete; 0–100 shows 57.5 with its label  1314ms
   ✓ prioritization (en) > scorecard: 6 is refused inline and nothing is sent; 4 is POSTed as the integer; the weighted score is read-only 'incomplete'  1422ms
   ✓ prioritization (en) > weight sets: the live total refuses 95% and 105%; 100% is accepted and POSTed as decimal strings  1136ms
   ✓ prioritization (en) > weight sets: the proposer is never offered approval; another approver's approval is a business approval with If-Match; 403 SoD is translated  2981ms
   ✓ prioritization (en) > weight set approval: a 409 shows the conflict banner and reloads  1314ms
   ✓ prioritization (en) > ranking history: causes are translated from codes, including 'weight version 2', score change and the override reason  389ms
   ✓ prioritization (en) > overrides: a reason is required (missing and invisible-only are refused, nothing sent); with a reason it is POSTed  1054ms
   ✓ prioritization (en) > the read-only auditor sees the data and no enabled write control  755ms
   ✓ prioritization (en) > never mentions a delivery gate (DG0–DG7)  307ms
   ✓ prioritization (ar) > ranked table: an incomplete score is 'incomplete' (never a number), 3.30 complete; 0–100 shows 57.5 with its label  836ms
   ✓ prioritization (ar) > scorecard: 6 is refused inline and nothing is sent; 4 is POSTed as the integer; the weighted score is read-only 'incomplete'  1081ms
   ✓ prioritization (ar) > weight sets: the live total refuses 95% and 105%; 100% is accepted and POSTed as decimal strings  645ms
   ✓ prioritization (ar) > weight sets: the proposer is never offered approval; another approver's approval is a business approval with If-Match; 403 SoD is translated  1437ms
   ✓ prioritization (ar) > weight set approval: a 409 shows the conflict banner and reloads  1016ms
   ✓ prioritization (ar) > ranking history: causes are translated from codes, including 'weight version 2', score change and the override reason  815ms
   ✓ prioritization (ar) > overrides: a reason is required (missing and invisible-only are refused, nothing sent); with a reason it is POSTed  1040ms
   ✓ prioritization (ar) > the read-only auditor sees the data and no enabled write control  592ms
 ✓ |unit-web| src/pages/team/team.test.tsx (10 tests) 8589ms
   ✓ Team (English LTR) > shows the six governance roles with B0018 accountability text verbatim and who holds each  1017ms
   ✓ Team (English LTR) > lists team members with the accountability on each assignment, sortable and filterable  502ms
   ✓ Team (English LTR) > a Transformation Lead assigns a Workstream Lead: Idempotency-Key, reason, accountability preview  787ms
   ✓ Team (English LTR) > shows a 403 from the server in words; nothing is assigned  885ms
   ✓ Team: read-only auditor (AUD) > sees the roles, accountabilities and members, a read-only note, and no assign control  360ms
   ✓ Team (Arabic RTL) > shows Arabic role names and the provisional Arabic accountability text  412ms
   ✓ Team assign dialog: accountability preview follows the selected role (F-DG2-430) > en: WL on open, then KDS, TD, none and WL again, in StrictMode with no React warning  1014ms
   ✓ Team assign dialog: accountability preview follows the selected role (F-DG2-430) > ar: WL on open, then KDS, TD, none and WL again, in StrictMode with no React warning  1068ms
   ✓ Team: the success notice follows a language switch, 'en' → 'ar' > the notice is shown in the language now on screen, not the one it was created in  1490ms
   ✓ Team: the success notice follows a language switch, 'ar' → 'en' > the notice is shown in the language now on screen, not the one it was created in  1044ms
 ✓ |unit-web| src/pages/business-cases/business-cases.test.tsx (18 tests) 13863ms
   ✓ business cases (en) > register: levels, Finance baseline states with text (Stale is never green) and drafts  1844ms
   ✓ business cases (en) > detail: all ten sections, totals with gross / cost / net apart, net Unknown (never 0), roll-up by reference  964ms
   ✓ business cases (en) > sections: saves only the changed section with If-Match; blank text is refused inline and nothing is sent  1367ms
   ✓ business cases (en) > sections: a 409 shows the standard conflict panel (nothing saved) with the current values  1006ms
   ✓ business cases (en) > lines: exactly one class from one select; the value basis follows the class; a 422 is translated  636ms
   ✓ business cases (en) > Finance validation: a business approval for FIN who did not author the case; If-Match; translated 403  1779ms
   ✓ business cases (en) > Finance validation: the case author sees no validate action, only the separation-of-duties note  583ms
   ✓ business cases (ar) > register: levels, Finance baseline states with text (Stale is never green) and drafts  439ms
   ✓ business cases (ar) > detail: all ten sections, totals with gross / cost / net apart, net Unknown (never 0), roll-up by reference  841ms
   ✓ business cases (ar) > totals: a partial total says how many Unknown lines it leaves out  369ms
   ✓ business cases (ar) > sections: saves only the changed section with If-Match; blank text is refused inline and nothing is sent  1440ms
   ✓ business cases (ar) > sections: a 409 shows the standard conflict panel (nothing saved) with the current values  828ms
   ✓ business cases (ar) > lines: exactly one class from one select; the value basis follows the class; a 422 is translated  394ms
   ✓ business cases (ar) > Finance validation: a business approval for FIN who did not author the case; If-Match; translated 403  474ms
 ✓ |unit-web| src/auth/session-end.test.tsx (12 tests) 10838ms
   ✓ session end while the app is open (en) > a 401 on navigation lands once on sign-in with the message; signing in again returns to the page  3073ms
   ✓ session end while the app is open (en) > a 401 on a dialog mutation (the commit-time upload refusal) closes the dialog and lands once on sign-in  1011ms
   ✓ session end while the app is open (en) > a sign-out elsewhere noticed by the next /me probe lands once on sign-in, never on the stale shell  534ms
   ✓ session end while the app is open (en) > a 403 (forbidden) is never treated as a session end  747ms
   ✓ session end while the app is open (ar) > a 401 on navigation lands once on sign-in with the message; signing in again returns to the page  1104ms
   ✓ session end while the app is open (ar) > a 401 on a dialog mutation (the commit-time upload refusal) closes the dialog and lands once on sign-in  1324ms
   ✓ session end while the app is open (ar) > a sign-out elsewhere noticed by the next /me probe lands once on sign-in, never on the stale shell  670ms
   ✓ session end while the app is open (ar) > a 403 (forbidden) is never treated as a session end  733ms
   ✓ session end under <StrictMode> (as in production) > still lands exactly once on sign-in  717ms
   ✓ sign-in page and the cached identity > decides 'already signed in' only from a fresh /me, never from a stale cache  411ms
   ✓ sign-in page and the cached identity > signing out here shows 'signed out', not 'session ended', and no /me loop  434ms
 ✓ |unit-web| src/pages/roadmap/roadmap.test.tsx (14 tests) 6701ms
   ✓ roadmap (en) > shows the four source waves verbatim (English source also shown in Arabic) with overlapping horizons  1100ms
   ✓ roadmap (en) > moving a milestone PATCHes the forecast with If-Match and the timeline, table and board all show the new date from one refetch  751ms
   ✓ roadmap (en) > a 409 on moving a milestone shows the conflict notice and reloads the roadmap  857ms
   ✓ roadmap (en) > re-approving a date requires a reason; then it is POSTed with If-Match  392ms
   ✓ roadmap (en) > deliverable acceptance sends the AcceptanceDecision with If-Match (no 'on behalf of' control)  420ms
   ✓ roadmap (en) > an Unknown schedule flag is shown as Unknown; missing dates are Unknown, never blank  325ms
   ✓ roadmap (en) > the read-only auditor sees no write control  329ms
   ✓ roadmap (ar) > shows the four source waves verbatim (English source also shown in Arabic) with overlapping horizons  477ms
   ✓ roadmap (ar) > moving a milestone PATCHes the forecast with If-Match and the timeline, table and board all show the new date from one refetch  341ms
   ✓ roadmap (ar) > a 409 on moving a milestone shows the conflict notice and reloads the roadmap  587ms
   ✓ roadmap (ar) > re-approving a date requires a reason; then it is POSTed with If-Match  340ms
   ✓ roadmap (ar) > deliverable acceptance sends the AcceptanceDecision with If-Match (no 'on behalf of' control)  381ms
 ✓ |unit-web| src/pages/gates/g4.test.tsx (16 tests) 6839ms
   ✓ G4 refusal item by item (en) > two initiatives without owners: two separate translated 'Owners' items, never the joined English message  1152ms
   ✓ G4 refusal item by item (en) > without a usable gate view: one translated line per refused criterion, never the English message  438ms
   ✓ G4 refusal item by item (ar) > two initiatives without owners: two separate translated 'Owners' items, never the joined English message  369ms
   ✓ G4 refusal item by item (ar) > without a usable gate view: one translated line per refused criterion, never the English message  379ms
   ✓ G4 view (en) > a refused submission shows the 422 list with the initiative names, translated  333ms
   ✓ G4 view (en) > the decision's 403 urn:mth:problem:forbidden is translated  691ms
   ✓ G4 view (en) > the decision's 403 urn:mth:problem:forbidden is translated  598ms
   ✓ G4 view (en) > the decision's 409 urn:mth:problem:version-conflict is translated  349ms
   ✓ G4 view (ar) > a refused submission shows the 422 list with the initiative names, translated  625ms
   ✓ G4 view (ar) > the decision's 403 urn:mth:problem:forbidden is translated  450ms
   ✓ G4 view (ar) > the decision's 403 urn:mth:problem:forbidden is translated  644ms
   ✓ G4 view (ar) > the decision's 409 urn:mth:problem:version-conflict is translated  412ms
 ✓ |unit-web| src/pages/kpi/kpi.test.tsx (27 tests) 9522ms
   ✓ KPI screens (en) > RAG panel: the seven elements, the threshold version named, and the override beside the calculated RAG  621ms
   ✓ KPI screens (en) > four-step update: submits once, then lists downstream views, 'review pending' and 'Finance review pending'  435ms
   ✓ KPI screens (en) > a second entry for the same KPI and period is value version 2 of the same slot (If-Match)  1030ms
   ✓ KPI screens (en) > a 409 on submit is the form's one alert: nothing was saved, the latest data is loaded  913ms
   ✓ KPI screens (en) > read-only viewer (auditor): no write action on the KPI page, labels say business approval  640ms
   ✓ KPI screens (en) > data quality: an open finding is resolved with a note and If-Match  758ms
   ✓ KPI screens (ar) > RAG panel: the seven elements, the threshold version named, and the override beside the calculated RAG  328ms
   ✓ KPI screens (ar) > no actual for the current period: Unknown, grey and labelled, with its reason; never 0 and never green  488ms
   ✓ KPI screens (ar) > four-step update: submits once, then lists downstream views, 'review pending' and 'Finance review pending'  332ms
   ✓ KPI screens (ar) > a second entry for the same KPI and period is value version 2 of the same slot (If-Match)  449ms
   ✓ KPI screens (ar) > a 409 on submit is the form's one alert: nothing was saved, the latest data is loaded  426ms
   ✓ KPI screens (ar) > review queue: the reviewer accepts with If-Match; the submitter of a value is not offered a decision  358ms
   ✓ KPI screens (ar) > an actual: a submitted value says it is not used until accepted; a draft is labelled not submitted  334ms
   ✓ KPI screens (ar) > read-only viewer (auditor): no write action on the KPI page, labels say business approval  471ms
   ✓ KPI screens (ar) > data quality: an open finding is resolved with a note and If-Match  702ms
 ✓ |unit-web| src/auth/session-identity.test.tsx (18 tests) 9640ms
   ✓ F-DG2-500 a session end on the sign-in page (en) > W5: Back to /login after A's session ends, B signs in with the development form: B never sees A's records  1496ms
   ✓ F-DG2-500 a session end on the sign-in page (en) > W5b (OIDC mode): B signs in in another tab and this tab's /me re-probe brings B: B never sees A's records  703ms
   ✓ F-DG2-500 an identity change with no session end in this tab (en) > a refocus /me that returns another identity removes every session query before B renders, and drops A's drafts  1269ms
   ✓ F-DG2-500 an identity change with no session end in this tab (en) > a new session of the same person (signed in again elsewhere) refetches the queries but keeps their own draft  746ms
   ✓ F-DG2-500 an identity change with no session end in this tab (en) > the same identity re-probed (window refocus) keeps the cache and the page state  316ms
   ✓ F-DG2-500 sign-out here and 403 (en) > signing out here clears everything; B signing in afterwards never sees A's records  1426ms
   ✓ F-DG2-500 sign-out here and 403 (en) > a 403 is never a session end: the phase, the identity and the cache are kept  310ms
   ✓ F-DG2-500 a session end on the sign-in page (ar) > W5: Back to /login after A's session ends, B signs in with the development form: B never sees A's records  672ms
   ✓ F-DG2-500 a session end on the sign-in page (ar) > W5b (OIDC mode): B signs in in another tab and this tab's /me re-probe brings B: B never sees A's records  640ms
   ✓ F-DG2-500 an identity change with no session end in this tab (ar) > a refocus /me that returns another identity removes every session query before B renders, and drops A's drafts  324ms
   ✓ F-DG2-500 an identity change with no session end in this tab (ar) > a new session of the same person (signed in again elsewhere) refetches the queries but keeps their own draft  330ms
   ✓ F-DG2-500 sign-out here and 403 (ar) > signing out here clears everything; B signing in afterwards never sees A's records  918ms
 ✓ |unit-web| src/pages/portfolio/fe-e.test.tsx (18 tests) 9563ms
   ✓ Funding decisions (en) > is a labelled business approval with no 'on behalf of' control; rationale required; POST with an Idempotency-Key  1766ms
   ✓ Funding decisions (en) > the BE-E 422s are the dialog's one translated alert; funding.amount_invalid is also inline at /amount  1008ms
   ✓ Funding decisions (en) > the history shows a missing amount as Unknown (never 0); a re-selected initiative explains the deselect rule  484ms
   ✓ Funding decisions (en) > an exact decimal amount is shown with its currency; the auditor sees no record control  635ms
   ✓ Funding decisions (ar) > is a labelled business approval with no 'on behalf of' control; rationale required; POST with an Idempotency-Key  849ms
   ✓ Funding decisions (ar) > the BE-E 422s are the dialog's one translated alert; funding.amount_invalid is also inline at /amount  617ms
   ✓ Funding decisions (ar) > the history shows a missing amount as Unknown (never 0); a re-selected initiative explains the deselect rule  323ms
   ✓ Deliverables and milestones on the card (en) > creates (Idempotency-Key), edits (If-Match) and archives (reason, If-Match) a deliverable  615ms
   ✓ Deliverables and milestones on the card (en) > creates a milestone with its wave and forecast, and edits it with If-Match  429ms
   ✓ Deliverables and milestones on the card (en) > the card edit form translates initiative.planned_range specifically (RecordDialog namespaces)  647ms
   ✓ Deliverables and milestones on the card (ar) > creates (Idempotency-Key), edits (If-Match) and archives (reason, If-Match) a deliverable  363ms
   ✓ Deliverables and milestones on the card (ar) > the card edit form translates initiative.planned_range specifically (RecordDialog namespaces)  545ms
 ✓ |unit-web| src/pages/dispensations/dispensations.test.tsx (12 tests) 5678ms
   ✓ Dispensations (en) > lists waivers and inherited approvals; unverified evidence is shown as unverified; recorder cannot decide  531ms
   ✓ Dispensations (en) > a waiver needs a reason and an expiry: refused inline, nothing sent; then sent with its scope  779ms
   ✓ Dispensations (en) > an inherited approval (Modular) needs the approving body, the date and evidence; 422s are translated  579ms
   ✓ Dispensations (en) > deciding is a labelled business approval; the delegated-decision 422 and the recorder 403 are translated  605ms
   ✓ Dispensations (en) > revoking an accepted dispensation needs a reason and is a business approval  316ms
   ✓ Dispensations (en) > the read-only auditor sees the register with no enabled write control  325ms
   ✓ Dispensations (ar) > a waiver needs a reason and an expiry: refused inline, nothing sent; then sent with its scope  575ms
   ✓ Dispensations (ar) > an inherited approval (Modular) needs the approving body, the date and evidence; 422s are translated  603ms
   ✓ Dispensations (ar) > deciding is a labelled business approval; the delegated-decision 422 and the recorder 403 are translated  545ms
   ✓ Dispensations (ar) > revoking an accepted dispensation needs a reason and is a business approval  365ms
 ✓ |unit-web| src/pages/benefit-formulas/benefit-formulas.test.tsx (18 tests) 8446ms
   ✓ T09 benefit formulas (en) > register: the six T09 columns with confidence H/M/L; examples marked illustrative with 100000 and 500000 SAR per year  1510ms
   ✓ T09 benefit formulas (en) > builder: an undefined variable shows translated, with its position, before saving; nothing is sent  504ms
   ✓ T09 benefit formulas (en) > builder: monthly ARPU × annual customers is a period mismatch, translated, before saving  366ms
   ✓ T09 benefit formulas (en) > builder: a fraction is entered as percent and stored as a fraction; a version is saved with If-Match  734ms
   ✓ T09 benefit formulas (en) > builder: a fraction difference shows percentage points (translated suffix), never %  522ms
   ✓ T09 benefit formulas (en) > builder: a 409 shows the standard conflict panel; nothing was saved  505ms
   ✓ T09 benefit formulas (en) > Finance validation of a version: a business approval by FIN; the author cannot; translated refusal  1027ms
   ✓ T09 benefit formulas (ar) > register: the six T09 columns with confidence H/M/L; examples marked illustrative with 100000 and 500000 SAR per year  570ms
   ✓ T09 benefit formulas (ar) > builder: an undefined variable shows translated, with its position, before saving; nothing is sent  665ms
   ✓ T09 benefit formulas (ar) > builder: a fraction is entered as percent and stored as a fraction; a version is saved with If-Match  480ms
   ✓ T09 benefit formulas (ar) > builder: a 409 shows the standard conflict panel; nothing was saved  407ms
   ✓ T09 benefit formulas (ar) > Finance validation of a version: a business approval by FIN; the author cannot; translated refusal  328ms
 ✓ |unit-web| src/pages/transformations/transformations.test.tsx (21 tests) 8387ms
   ✓ after create (F-DG1-004) > shows the created record when the server lets the creator read it  1336ms
   ✓ after create (F-DG1-004) > explains, in English, that the draft was created but cannot be opened (server 404), instead of 'Not found'  384ms
   ✓ after create (F-DG1-004) > explains the same in Arabic (RTL), using the glossary term for Transformation  413ms
   ✓ derived creator assignment on the audit trail (F-DG1-008) > English: localized action, fields, role, user and scope; nothing raw or marked untranslated  354ms
   ✓ derived creator assignment on the audit trail (F-DG1-008) > an action the catalogue does not know stays readable and is explicitly marked (en and ar)  1161ms
   ✓ effective permissions refresh after create (F-DG1-210) > English: Edit, Archive and the audit trail appear after create, without a reload  935ms
   ✓ effective permissions refresh after create (F-DG1-210) > Arabic (RTL): the same controls and the audit trail appear after create, without a reload  1213ms
   ✓ effective permissions refresh after create (F-DG1-210) > does not over-grant: if the refreshed server answer adds nothing, Archive and the audit trail stay hidden  620ms
   ✓ effective permissions refresh after create (F-DG1-210) > a failed /me refresh never blocks the navigation; the UI stays fail-safe (no controls offered)  660ms
 ✓ |unit-web| src/pages/gates/g1-agreements.test.tsx (10 tests) 7039ms
   ✓ G1 agreements step (en) > approving G1 needs the three labelled confirmations; then sends agreements with all three true  1395ms
   ✓ G1 agreements step (en) > a non-approve outcome on G1 sends no agreements (even after ticking them)  1146ms
   ✓ G1 agreements step (en) > approving another gate (G2) shows no confirmations and sends no agreements  516ms
   ✓ G1 agreements step (en) > the server's 422 gate.g1_agreements_required is the one form-level alert, with the missing confirmations  555ms
   ✓ G1 agreements step (ar) > approving G1 needs the three labelled confirmations; then sends agreements with all three true  430ms
   ✓ G1 agreements step (ar) > a non-approve outcome on G1 sends no agreements (even after ticking them)  1067ms
   ✓ G1 agreements step (ar) > approving another gate (G2) shows no confirmations and sends no agreements  899ms
   ✓ G1 agreements step (ar) > the server's 422 gate.g1_agreements_required is the one form-level alert, with the missing confirmations  376ms
   ✓ G1 agreements step (ar) > the server's 422 gate.agreements_not_applicable is translated as the one form-level alert  463ms
 ✓ |unit-web| src/pages/raci/governance.test.tsx (15 tests) 5375ms
   ✓ Governance (en) > RACI: edits a row with the cell selects and saves it as one PATCH with If-Match  745ms
   ✓ Governance (en) > role mapping: an unmapped governance role shows the visible routing error  345ms
   ✓ Governance (en) > decision rights: seeded rows; the due-date preview shows Unknown with its reason  413ms
   ✓ Governance (en) > decision rights: submits the matrix for business approval with If-Match  599ms
   ✓ Governance (en) > decision rights: a field with an unknown party code is refused before sending  582ms
   ✓ Governance (ar) > RACI: edits a row with the cell selects and saves it as one PATCH with If-Match  369ms
   ✓ Governance (ar) > role mapping: an unmapped governance role shows the visible routing error  311ms
   ✓ Governance (ar) > decision rights: seeded rows; the due-date preview shows Unknown with its reason  432ms
   ✓ Governance (ar) > decision rights: a field with an unknown party code is refused before sending  404ms
 ✓ |unit-web| src/pages/dependencies/dependencies.test.tsx (12 tests) 5916ms
   ✓ dependencies (en) > shows the seven T08 columns, an External source, the type label and the needed-by conflict flag  1351ms
   ✓ dependencies (en) > a cycle is refused and shown as the translated message with the path INI-01 → INI-02 → INI-03 → INI-01  748ms
   ✓ dependencies (en) > an External source is sent as {kind: external, label}  480ms
   ✓ dependencies (en) > dependency types: system types are undeletable; an administrator may retire a custom type  806ms
   ✓ dependencies (en) > a system type's 422 dependency_type.system_undeletable is translated  502ms
   ✓ dependencies (ar) > a cycle is refused and shown as the translated message with the path INI-01 → INI-02 → INI-03 → INI-01  503ms
   ✓ dependencies (ar) > an External source is sent as {kind: external, label}  520ms
 ✓ |unit-web| src/pages/capacity/fe-e.test.tsx (13 tests) 5089ms
   ✓ capacity editing (en) > creates a role; a taken code (409) is the form's translated alert; then the role is created  983ms
   ✓ capacity editing (en) > edits a role's labels and archives it, each with If-Match  635ms
   ✓ capacity editing (en) > creates a capacity row with a decimal FTE string; a duplicate (409) is translated  397ms
   ✓ capacity editing (en) > creates a demand; after the save the plan is re-read and the conflict with its shortfall appears; Unknown stays Unknown  408ms
   ✓ capacity editing (ar) > edits a role's labels and archives it, each with If-Match  727ms
   ✓ capacity editing (ar) > creates a capacity row with a decimal FTE string; a duplicate (409) is translated  345ms
   ✓ capacity editing (ar) > creates a demand; after the save the plan is re-read and the conflict with its shortfall appears; Unknown stays Unknown  393ms
   ✓ capacity editing (ar) > edits a planned demand with If-Match; 422 resource_demand.not_planned is translated  306ms
 ✓ |unit-web| src/components/LanguageSwitch.test.tsx (10 tests) 4412ms
   ✓ a refused language save, 'en' → other ('403 csrf') > keeps ar on screen and says, in ar, that it was not saved  729ms
   ✓ a refused language save, 'ar' → other ('403 csrf') > keeps en on screen and says, in en, that it was not saved  612ms
   ✓ a refused language save, 'en' → other ('403 forbidden') > keeps ar on screen and says, in ar, that it was not saved  573ms
   ✓ a refused language save, 'ar' → other ('503') > keeps en on screen and says, in en, that it was not saved  663ms
   ✓ the live region and the persisted preference > switching back clears the notice; the region stays in the DOM, empty  381ms
   ✓ the live region and the persisted preference > if the persisted preference changes later and is re-applied, the notice says so in that language  513ms
 ✓ |unit-web| src/pages/approvals/approvals.test.tsx (16 tests) 6146ms
   ✓ Approvals (en) > lists my approvals; an Unknown due date shows Unknown with its reason, never a date  426ms
   ✓ Approvals (en) > offers exactly four outcomes; defer needs a date; the decision sends subjectVersion with If-Match  746ms
   ✓ Approvals (en) > a blank rationale is refused before sending  621ms
   ✓ Approvals (en) > a stale 409 says the record changed, records nothing and links to the history  413ms
   ✓ Approvals (ar) > offers exactly four outcomes; defer needs a date; the decision sends subjectVersion with If-Match  374ms
   ✓ Approvals (ar) > a blank rationale is refused before sending  308ms
   ✓ Approvals (ar) > a stale 409 says the record changed, records nothing and links to the history  323ms
   ✓ Approvals (ar) > offers 'on behalf of' only for an active delegation to me  500ms
   ✓ Delegations (en) > records a delegation with Asia/Riyadh wall-clock times sent as UTC; a loop 422 is translated  511ms
   ✓ Delegations (en) > revokes with a reason and If-Match; a read-only user sees no action  598ms
   ✓ Delegations (ar) > records a delegation with Asia/Riyadh wall-clock times sent as UTC; a loop 422 is translated  367ms
 ✓ |unit-web| src/pages/roadmap/fe-e.test.tsx (8 tests) 5954ms
   ✓ wave editing (en) > edits planned dates (overlap accepted) with If-Match; the source text is read-only and never sent  1449ms
   ✓ wave editing (en) > 422 roadmap_wave.planned_range is inline at the planned end and translated  814ms
   ✓ wave editing (en) > adds a non-source wave with its bilingual texts (POST, Idempotency-Key)  1539ms
   ✓ wave editing (ar) > adds a non-source wave with its bilingual texts (POST, Idempotency-Key)  1250ms
 ✓ |unit-web| src/pages/my-work/my-work.test.tsx (21 tests) 5852ms
   ✓ My Work (en) > renders tasks and reminders from messageKey + messageParams; Unknown due dates; system-managed tasks  760ms
   ✓ My Work (en) > marks a task done and a reminder read with bodiless POSTs and If-Match  607ms
   ✓ My Work (ar) > marks a task done and a reminder read with bodiless POSTs and If-Match  780ms
   ✓ Calendar, jobs and groups (en) > calendar: a technical administrator adds a holiday; a range error is caught before sending  545ms
   ✓ Calendar, jobs and groups (en) > jobs: no permission without job.read; job.configure edits a schedule with If-Match  491ms
   ✓ Calendar, jobs and groups (ar) > calendar: a technical administrator adds a holiday; a range error is caught before sending  434ms
   ✓ Calendar, jobs and groups (ar) > jobs: no permission without job.read; job.configure edits a schedule with If-Match  630ms
   ✓ Calendar, jobs and groups (ar) > groups: membership grants no permission (stated); group.manage creates a group  329ms
   ✓ P4 seams > a planned P4 route shows the honest 'being built' state (ar)  314ms
 ✓ |unit-web| src/app/p3-seams.test.tsx (10 tests) 3480ms
   ✓ P3 routes > workspace tabs (en) > the workspace tabs include the P3 tabs, labelled from their own namespaces  1001ms
   ✓ P3 routes > workspace tabs (ar) > the workspace tabs include the P3 tabs, labelled from their own namespaces  607ms
   ✓ P3 navigation areas > en /initiatives-roadmaps leads into the Initiatives and Roadmaps tab of each transformation  447ms
   ✓ P3 navigation areas > ar /initiatives-roadmaps leads into the المبادرات وخرائط الطريق tab of each transformation  728ms
   ✓ P3 navigation areas > en /benefits-finance leads into the Benefits and Finance tab of each transformation  309ms
   ✓ P3 navigation areas > ar /benefits-finance leads into the المنافع والمالية tab of each transformation  366ms
 ✓ |unit-web| src/app/app.test.tsx (17 tests) 4095ms
   ✓ bilingual shell > renders Arabic RTL by default with the provisional wordmark  357ms
   ✓ bilingual shell > switches to English LTR and persists the preference with If-Match  913ms
   ✓ bilingual shell > a partial area (Governance) leads into the Gates tab of each transformation; its portfolio view stays planned  315ms
   ✓ transformations > lists transformations with a sortable code column and removable filter chips  1075ms
 ✓ |unit-web| src/components/RecordForm.alerts.test.tsx (16 tests) 1485ms
   ✓ record form: one alert per distinct form error (en) > dialog > a 400 whose only field error has pointer "" says its message once, in one live region  344ms
 ✓ |unit-web| src/pages/gates/inherited-approval.test.tsx (16 tests) 2994ms
   ✓ inherited-approval annotation (en) > Gates list: G1 pending_verification (counts false) is a badge next to 'Not submitted'  562ms
   ✓ inherited-approval annotation (en) > Gates list: G1 accepted (counts false) is a badge next to 'Not submitted'  318ms
   ✓ inherited-approval annotation (en) > gate view: an accepted inherited approval is a labelled row beside the 'Not submitted' status  317ms
 ✓ |unit-web| src/pages/capacity/capacity.test.tsx (6 tests) 2027ms
   ✓ capacity (en) > the role × month grid shows decimal FTE, the conflict with its shortfall, and Unknown capacity as Unknown (never 0)  620ms
   ✓ capacity (en) > committing a demand POSTs with If-Match; a 409 shows the conflict notice and reloads  592ms
 ✓ |unit-web| src/pages/transformations/modeGuidance.test.tsx (5 tests) 3019ms
   ✓ New transformation: mode guidance (English LTR) > shows When to use and How for the selected mode and switches with the mode  965ms
   ✓ New transformation: mode guidance (English LTR) > Modular requires an entry phase before anything is sent  681ms
   ✓ New transformation: mode guidance (English LTR) > a server validation error on the entry phase is shown on that field  564ms
   ✓ New transformation: mode guidance (Arabic RTL) > shows the Arabic rendering, marked provisional, with the English source text alongside  801ms
 ✓ |unit-web| src/pages/readiness/readiness.test.tsx (4 tests) 2236ms
   ✓ Readiness (en) > lists the missing diagnostic areas by name, the gates and the translated sequencing blockers  1027ms
   ✓ Readiness (ar) > lists the missing diagnostic areas by name, the gates and the translated sequencing blockers  568ms
   ✓ Readiness (ar) > an accepted, verified inherited approval counts, and the gate itself still is not approved  402ms
 ✓ |unit-web| src/components/States.test.tsx (15 tests) 713ms
   ✓ explicit states in en > loading is a polite live region with a text label  425ms
 ✓ |unit-web| src/i18n/i18n.test.ts (11 tests) 55ms
 ✓ |unit-web| src/test/react-warning-guard.test.tsx (4 tests) 140ms
 ✓ |unit-web| src/lib/lib.test.ts (24 tests) 61ms
 ✓ |unit-web| src/lib/auditChanges.test.ts (125 tests) 97ms
 ✓ |unit-web| src/styles/styles.test.ts (6 tests) 9ms
 ✓ |unit-web| src/i18n/glossary.test.ts (8 tests) 12ms
 ✓ |unit-web| src/test/harness-config.test.ts (2 tests) 10ms
 ✓ |unit-web| src/pages/business-cases/problem-codes.test.ts (4 tests) 22ms
 ✓ |unit-node| apps/api/src/architecture.test.ts (137 tests) 17771ms
   ✓ API module boundaries (ADR-0002) > every import respects dependsOn, public surfaces and allowed packages  11223ms
   ✓ package dependency direction (ADR-0002 rule 5) > packages/shared imports no workspace package  1451ms
   ✓ package dependency direction (ADR-0002 rule 5) > apps/web never imports @mth/db or @mth/config (browser bundle, no secrets)  4096ms
   ✓ package dependency direction (ADR-0002 rule 5) > apps/worker imports no API code  344ms
 ✓ |unit-node| packages/shared/src/formula/fuzz.test.ts (111 tests) 17741ms
   ✓ fuzz: no uncaught exception, no code execution > 10 000 random byte strings (0–255, up to 80 bytes)  2908ms
   ✓ fuzz: no uncaught exception, no code execution > 10 000 random UTF-16 strings including astral code points and lone surrogates  3654ms
   ✓ fuzz: no uncaught exception, no code execution > 20 000 random strings over the grammar alphabet reach parser, type checker and evaluator  6931ms
   ✓ source scan: no dynamic code in packages/shared/src/formula (ADR-0024 §6) > every file of the engine's import closure gets the engine-source lint rules (eslint.config.js)  3096ms
   ✓ source scan: no dynamic code in packages/shared/src/formula (ADR-0024 §6) > ESLint refuses the round-5 handler forms (G1, G2, A1, A2), F1 and every lintable probe-table row in an engine source  1059ms
 ✓ |unit-node| apps/api/src/modules/kpi/kpi.test.ts (39 tests) 3980ms
   ✓ kpi module (P2) > its declared boundary holds, and a planted bypass or undeclared dependency would be caught  3519ms
 ✓ |unit-node| packages/shared/src/kpi/property.test.ts (11 tests) 3323ms
   ✓ measures > higher- and lower-is-better shortfalls are exact negatives; deviation follows the sign  511ms
   ✓ RAG > higher-is-better: a lower actual never gives a better RAG (monotonic), relative and absolute  502ms
   ✓ RAG > relative mode is scale-invariant: scaling actual and expected by k > 0 keeps the RAG  356ms
   ✓ changes > pp = (x₁ − x₀) × 100 exactly, and relative × |x₀| = x₁ − x₀ (to precision 80)  347ms
   ✓ trajectory > linear expected values lie between the neighbouring points; step values are point values  621ms
   ✓ storage rounding > rounds once half-up: |stored − exact| ≤ 0.0000005 and the record is honest  451ms
 ✓ |unit-node| apps/api/src/modules/workflows/workflows.test.ts (14 tests) 3047ms
   ✓ workflows module (P2) > its declared boundary holds, and an undeclared dependency would be caught  2722ms
 ✓ |unit-node| packages/shared/src/adoption/measures.test.ts (24 tests) 456ms
 ✓ |unit-node| apps/api/src/modules/reporting/reporting.test.ts (4 tests) 2057ms
   ✓ reporting module (P1 scaffold, D-048) > its declared boundary holds, and a planted bypass or undeclared dependency would be caught  2016ms
 ✓ |unit-node| apps/api/src/server.test.ts (6 tests) 2220ms
   ✓ route registration > declares access on every /api route and on the health endpoints  622ms
   ✓ route registration > registers dev login only in AUTH_MODE=dev; production configuration refuses dev mode entirely  590ms
   ✓ session cookie security in production (F-DG1-112) > an https production origin starts  408ms
   ✓ module composition (D-048, P2) > wires the P2 business modules (each registering routes) and keeps reporting a route-free scaffold until P5  458ms
 ✓ |unit-node| packages/shared/src/scoring.test.ts (36 tests) 700ms
   ✓ property: all 5^5 integer score combinations under v1 equal an independent BigInt rational computation > stored value, 2-digit display and 0–100 view all match for 3125 combinations  656ms
 ✓ |unit-node| apps/api/src/modules/evidence/evidence.test.ts (13 tests) 940ms
   ✓ evidence module (P2) > its declared boundary holds  698ms
 ✓ |unit-node| apps/api/src/modules/platform/in-flight.test.ts (4 tests) 367ms
 ✓ |unit-node| apps/api/src/modules/reporting/dashboards/areas.test.ts (19 tests) 437ms
   ✓ combine (ADR-0037 §3 precedence) > property: Unknown or Stale inputs never combine to green, and the result is one of the inputs' ranks (2000 seeded sets)  309ms
 ✓ |unit-node| packages/shared/src/value.test.ts (29 tests) 212ms
 ✓ |unit-node| packages/shared/src/schemas/schemas.test.ts (69 tests) 482ms
 ✓ |unit-node| apps/api/src/modules/methodology/methodology.test.ts (4 tests) 352ms
   ✓ methodology module (P2) > its declared boundary holds, and an undeclared dependency would be caught  333ms
 ✓ |unit-node| apps/api/src/modules/platform/media-types.test.ts (57 tests) 274ms
 ✓ |unit-node| packages/shared/src/formula/formula.test.ts (140 tests) 133ms
 ✓ |unit-node| packages/shared/src/kpi/trajectory.test.ts (14 tests) 25ms
 ✓ |unit-node| apps/api/src/modules/platform/platform.test.ts (19 tests) 180ms
 ✓ |unit-node| apps/api/src/modules/platform/incomplete-body.test.ts (10 tests) 207ms
(node:4036) [FSTDEP022] FastifyWarning: The router options for constraints property access is deprecated. Please use "options.routerOptions" instead for accessing router options. The router options will be removed in `fastify@6`.
(Use `node --trace-warnings ...` to show where the warning was created)
 ✓ |unit-node| apps/api/src/modules/platform/framework-errors.test.ts (6 tests) 50ms
 ✓ |unit-node| packages/config/src/load.test.ts (17 tests) 185ms
 ✓ |unit-node| apps/api/src/modules/admin/branding.test.ts (4 tests) 115ms
 ✓ |unit-node| packages/design-tokens/src/tokens.test.ts (15 tests) 125ms
 ✓ |unit-node| apps/api/src/modules/platform/connection-hygiene.test.ts (6 tests) 97ms
 ✓ |unit-node| apps/api/src/request-encoding.test.ts (11 tests) 107ms
 ✓ |unit-node| apps/api/src/modules/platform/advisory-locks.test.ts (3 tests) 92ms
 ✓ |unit-node| apps/api/src/modules/benefits/totals.test.ts (14 tests) 82ms
 ✓ |unit-node| packages/shared/src/kpi/change.test.ts (22 tests) 30ms
 ✓ |unit-node| apps/api/src/modules/raid/raid.test.ts (7 tests) 149ms
 ✓ |unit-node| packages/shared/src/time/working-days.test.ts (19 tests) 96ms
 ✓ |unit-node| apps/api/src/modules/benefits/register-rules.test.ts (45 tests) 78ms
 ✓ |unit-node| packages/db/src/seed.test.ts (34 tests) 94ms
 ✓ |unit-node| packages/shared/src/kpi/rag.test.ts (38 tests) 26ms
 ✓ |unit-node| apps/api/src/modules/sustainment/sustainment.test.ts (2 tests) 61ms
 ✓ |unit-node| apps/api/src/modules/benefits/benefits.test.ts (2 tests) 58ms
 ✓ |unit-node| packages/shared/src/kpi/types.test.ts (40 tests) 30ms
 ✓ |unit-node| apps/api/src/modules/portfolio/budget.test.ts (13 tests) 38ms
 ✓ |unit-node| apps/api/src/modules/platform/health.test.ts (2 tests) 86ms
 ✓ |unit-node| apps/api/src/modules/kpi/rules.test.ts (30 tests) 119ms
 ✓ |unit-node| apps/api/src/modules/adoption/adoption.test.ts (2 tests) 64ms
 ✓ |unit-node| apps/api/src/modules/benefits/d2-rules.test.ts (15 tests) 22ms
 ✓ |unit-node| apps/api/src/modules/tasks/tasks.test.ts (5 tests) 41ms
 ✓ |unit-node| packages/shared/src/kpi/a05.test.ts (17 tests) 62ms
 ✓ |unit-node| packages/shared/src/schemas/corrective.test.ts (10 tests) 11ms
 ✓ |unit-node| apps/api/src/modules/governance/governance.test.ts (2 tests) 66ms
 ✓ |unit-node| packages/shared/src/kpi/periods.test.ts (26 tests) 19ms
 ✓ |unit-node| packages/shared/src/governance/recurrence.test.ts (19 tests) 11ms
 ✓ |unit-node| packages/shared/src/schedule/critical-path.test.ts (13 tests) 16ms
 ✓ |unit-node| packages/shared/src/kpi/purity.test.ts (14 tests) 48ms
 ✓ |unit-node| packages/shared/src/kpi/formula-binding.test.ts (26 tests) 18ms
 ✓ |unit-node| apps/api/src/modules/portfolio/schedule.test.ts (14 tests) 17ms
 ✓ |unit-node| apps/api/src/modules/platform/request-encoding.test.ts (7 tests) 26ms
 ✓ |unit-node| apps/api/src/modules/kpi/totals.test.ts (20 tests) 12ms
 ✓ |unit-node| apps/api/src/modules/workflows/g4.test.ts (5 tests) 8ms
 ✓ |unit-node| packages/shared/src/kpi/status.test.ts (25 tests) 25ms
 ✓ |unit-node| packages/shared/src/schedule/working-day-slip.test.ts (11 tests) 26ms
 ✓ |unit-node| apps/api/src/modules/kpi/formulas.test.ts (10 tests) 77ms
 ✓ |unit-node| packages/shared/src/kpi/aggregate.test.ts (20 tests) 35ms
 ✓ |unit-node| packages/shared/src/kpi/measures.test.ts (30 tests) 11ms
 ✓ |unit-node| apps/api/src/modules/kpi/p3-gate-facts.test.ts (9 tests) 33ms
 ✓ |unit-node| packages/shared/src/adoption/form-schema.test.ts (8 tests) 29ms
 ✓ |unit-node| apps/api/src/modules/transformations/good-outcome.test.ts (7 tests) 9ms
 ✓ |unit-node| apps/api/src/modules/platform/db-errors.test.ts (7 tests) 29ms
 ✓ |unit-node| packages/shared/src/schemas/roadmap.test.ts (6 tests) 39ms
 ✓ |unit-node| apps/api/src/modules/portfolio/sequencing.test.ts (9 tests) 17ms
 ✓ |unit-node| apps/api/src/modules/kpi/kbe-c.test.ts (9 tests) 35ms
 ✓ |unit-node| apps/api/src/modules/platform/db-errors-p4-meetings.test.ts (4 tests) 24ms
 ✓ |unit-node| apps/api/src/modules/platform/db-errors-p4.test.ts (5 tests) 30ms
 ✓ |unit-node| apps/api/src/modules/access/rules.test.ts (12 tests) 17ms
 ✓ |unit-node| apps/api/src/modules/portfolio/capacity.test.ts (4 tests) 13ms
 ✓ |unit-node| apps/api/src/modules/raid/corrective.test.ts (4 tests) 52ms
 ✓ |unit-node| apps/api/src/modules/transformations/thesis.test.ts (4 tests) 60ms
 ✓ |unit-node| apps/api/src/modules/transformations/exclusions.test.ts (19 tests) 22ms
 ✓ |unit-node| apps/api/src/modules/portfolio/readiness-transform.test.ts (4 tests) 5ms
 ✓ |unit-node| apps/api/src/modules/identity/oidc-claims.test.ts (5 tests) 11ms
 ✓ |unit-node| apps/api/src/modules/transformations/transitions.test.ts (2 tests) 4ms
 ✓ |unit-node| apps/api/src/modules/workflows/t08-cycle-problem.test.ts (2 tests) 3ms
 ✓ |unit-node| apps/api/src/modules/governance/raci.test.ts (2 tests) 4ms

 Test Files  121 passed (121)
      Tests  2313 passed (2313)
   Start at  21:33:35
   Duration  233.66s (transform 16.15s, setup 10.21s, collect 226.86s, tests 345.05s, environment 37.68s, prepare 16.69s)


 RUN  v3.2.4 /home/user/wt/dg4-be-r1

 ✓ |unit-formula-nocodegen| packages/shared/src/formula/codegen.nocodegen.test.ts (10 tests) 28ms
 ✓ |unit-formula-nocodegen| packages/shared/src/formula/formula.test.ts (140 tests) 194ms
 ✓ |unit-formula-nocodegen| packages/shared/src/formula/fuzz.test.ts (111 tests | 2 skipped) 6735ms
   ✓ fuzz: no uncaught exception, no code execution > 10 000 random byte strings (0–255, up to 80 bytes)  2130ms
   ✓ fuzz: no uncaught exception, no code execution > 10 000 random UTF-16 strings including astral code points and lone surrogates  1537ms
   ✓ fuzz: no uncaught exception, no code execution > 20 000 random strings over the grammar alphabet reach parser, type checker and evaluator  3036ms

 Test Files  3 passed (3)
      Tests  259 passed | 2 skipped (261)
   Start at  21:37:30
   Duration  8.27s (transform 582ms, setup 0ms, collect 1.23s, tests 6.96s, environment 1ms, prepare 530ms)

