== 2026-10-10T04:04:57Z df=19G env LANG=C.UTF-8 LC_ALL=C.UTF-8 pnpm test

> mobily-transformation-hub@0.1.0 test /home/user/wt/dg4-fe-r1
> vitest run --project unit-node --project unit-web && vitest run --project unit-formula-nocodegen


 RUN  v3.2.4 /home/user/wt/dg4-fe-r1

 ✓ |unit-web| src/pages/render-time-language.test.tsx (28 tests) 29752ms
   ✓ sign-in (dev form), 'en' → 'ar' > an invalid user name: the inline message follows the switch  836ms
   ✓ sign-in (dev form), 'ar' → 'en' > a refused sign-in: the server's problem follows the switch  616ms
   ✓ journey step editor, 'en' → 'ar' > a field error on a step follows the switch  1887ms
   ✓ journey step editor, 'en' → 'ar' > the form-level "Step N:" error follows the switch (prefix and message)  2106ms
   ✓ journey step editor, 'ar' → 'en' > a field error on a step follows the switch  2282ms
   ✓ journey step editor, 'ar' → 'en' > the form-level "Step N:" error follows the switch (prefix and message)  1419ms
   ✓ row-action note and reason dialog, 'en' → 'ar' > the Finance validation note's 'required' follows the switch  1967ms
   ✓ row-action note and reason dialog, 'en' → 'ar' > the Finance validation choice's 'required' follows the switch  1887ms
   ✓ row-action note and reason dialog, 'en' → 'ar' > the archive reason's 'too short' follows the switch  996ms
   ✓ row-action note and reason dialog, 'ar' → 'en' > the Finance validation note's 'required' follows the switch  1985ms
   ✓ row-action note and reason dialog, 'ar' → 'en' > the Finance validation choice's 'required' follows the switch  1822ms
   ✓ row-action note and reason dialog, 'ar' → 'en' > the archive reason's 'too short' follows the switch  1634ms
   ✓ gate dialogs, 'en' → 'ar' > the submission note's field error follows the switch  1005ms
   ✓ gate dialogs, 'en' → 'ar' > the decision rationale's field error follows the switch  770ms
   ✓ gate dialogs, 'ar' → 'en' > the submission note's field error follows the switch  702ms
   ✓ gate dialogs, 'ar' → 'en' > the decision rationale's field error follows the switch  1078ms
   ✓ North Star statement, 'en' → 'ar' > the statement's field error follows the switch  759ms
   ✓ North Star statement, 'ar' → 'en' > the statement's field error follows the switch  669ms
   ✓ evidence dialogs, 'en' → 'ar' > upload without a file: 'required' follows the switch  1158ms
   ✓ evidence dialogs, 'en' → 'ar' > a link without a record type or record: both 'required' messages follow the switch  802ms
   ✓ evidence dialogs, 'ar' → 'en' > upload without a file: 'required' follows the switch  1451ms
   ✓ evidence dialogs, 'ar' → 'en' > a link without a record type or record: both 'required' messages follow the switch  696ms
 ✓ |unit-web| src/pages/p2.test.tsx (56 tests) 47409ms
   ✓ Diagnose > shows the six T01 dimensions with Unknown for missing values, and value pools that are never 0  873ms
   ✓ Diagnose > shows the totals as Unknown when no pool is quantified  445ms
   ✓ Diagnose > renders the six workstreams with their key questions  724ms
   ✓ Diagnose > edits a T01 row with only the changed fields and If-Match  1095ms
   ✓ Diagnose > a 409 on save writes nothing, compares, and re-applies on the current version  1429ms
   ✓ Diagnose > a 400 validation.blank shows a localized message on its field ('en')  2102ms
   ✓ Diagnose > a 400 validation.blank shows a localized message on its field ('ar')  2593ms
   ✓ Diagnose > an invisible-only value is blocked client-side with validation.blank ('en')  1951ms
   ✓ Diagnose > an invisible-only value is blocked client-side with validation.blank ('ar')  1752ms
   ✓ Diagnose > a whitespace-only T01 value is an inline blank error and sends nothing ('en')  1579ms
   ✓ Diagnose > a whitespace-only T01 value is an inline blank error and sends nothing ('ar')  1473ms
   ✓ Diagnose > T01: an emptied field is sent as an explicit null; visible text is sent verbatim  1860ms
   ✓ Diagnose > Arabic: RTL with Arabic labels and the unquantified label  486ms
   ✓ Define > shows the good outcome test per outcome with pass / fail / unknown and localized reasons  524ms
   ✓ Define > requires a target date on a T02 row before sending anything  785ms
   ✓ Define > sets the North Star with one sentence and no If-Match the first time  761ms
   ✓ Define: KPI activation (F-DG2-201) > offers Activate on a draft KPI, states the unmet precondition on 422, then activates with If-Match  1094ms
   ✓ Define: KPI activation (F-DG2-201) > Arabic: the Activate action and the 422 reason are in Arabic  1262ms
   ✓ Define: KPI activation (F-DG2-201) > an active KPI shows Active and offers no Activate  680ms
   ✓ Charter > shows the 14 fields, the thesis, the five scope checks with pre-checks and the top-outcomes warning  401ms
   ✓ Charter > scope pre-check: an empty Out of scope reads as failing (EN and AR)  1770ms
   ✓ Charter > thesis: an empty part is Incomplete and no sentence is composed (F-DG2-203)  465ms
   ✓ Charter > thesis: a part the API flags incomplete is never shown as answered  344ms
   ✓ Charter > thesis: the four parts compose the B0037 sentence (EN and AR)  468ms
   ✓ Charter > North Star (field 5): the current statement; a superseded link is flagged Stale (F-DG2-204)  445ms
   ✓ Charter > North Star (field 5): a superseded statement is never shown as the current one  372ms
   ✓ Charter > compares a version with the previous one  870ms
   ✓ Charter > create: a whitespace Case for change is an inline blank error and creates nothing ('en')  406ms
   ✓ Charter > create: a whitespace Case for change is an inline blank error and creates nothing ('ar')  511ms
   ✓ Charter > edit: a whitespace Out of scope is an inline blank error, sends nothing and keeps the value (en)  661ms
   ✓ Charter > edit: a whitespace Out of scope is an inline blank error, sends nothing and keeps the value (ar)  551ms
   ✓ Charter > edit: emptying a filled field sends null; visible text is verbatim (en)  1237ms
   ✓ Charter > edit: emptying a filled field sends null; visible text is verbatim (ar)  1193ms
   ✓ Charter > edit: a change summary alone is not a change (never a content-free version)  915ms
   ✓ Design > shows the ten canvas boxes and the per-dimension view  1303ms
   ✓ Design > converts an unresolved workshop item into a design decision with If-Match  1870ms
   ✓ Decisions (T04) > reads the log with kind=design and shows D-codes, options A/B/C and Open status  516ms
   ✓ Decisions (T04) > creates a design decision with inline options and an idempotency key  356ms
   ✓ Gates (business approval) > lists G1-G6 as business approvals with live readiness, and never mentions the engineering gates  682ms
   ✓ Gates (business approval) > shows unverified evidence as unverified, the failing outcome at G2, and submits with If-Match  619ms
   ✓ Gates (business approval) > lists outcomes failing the good outcome test at G2  345ms
   ✓ Gates (business approval) > the approver's decision: rationale required; 403 and 409 problems in words  1295ms
   ✓ Gates (business approval) > gate detail heading: the verbatim B0023 name once (EN and AR)  464ms
   ✓ Evidence > uploads a revision as octet-stream with a percent-encoded file name and If-Match  857ms
   ✓ Evidence > never offers review to the creator; a filename reference can only be rejected  1450ms
   ✓ read-only auditor (AUD) > diagnose: no write control and a read-only note  693ms
   ✓ read-only auditor (AUD) > define: no write control and a read-only note  489ms
   ✓ read-only auditor (AUD) > design: no write control and a read-only note  836ms
 ✓ |unit-web| src/pages/p2-blank-forms.test.tsx (52 tests) 51054ms
   ✓ gate submission note (en) > a whitespace-only note is refused inline and nothing is sent  1691ms
   ✓ gate submission note (en) > a invisible-only note is refused inline and nothing is sent  492ms
   ✓ gate submission note (en) > visible text is sent verbatim; an empty note is omitted  1309ms
   ✓ gate submission note (ar) > a whitespace-only note is refused inline and nothing is sent  980ms
   ✓ gate submission note (ar) > a invisible-only note is refused inline and nothing is sent  691ms
   ✓ gate submission note (ar) > visible text is sent verbatim; an empty note is omitted  1401ms
   ✓ gate decision rationale and comments (en) > a whitespace-only rationale is refused inline and nothing is sent  1272ms
   ✓ gate decision rationale and comments (en) > a invisible-only rationale is refused inline and nothing is sent  1356ms
   ✓ gate decision rationale and comments (en) > a invisible (long enough for min 3)-only rationale is refused inline and nothing is sent  1108ms
   ✓ gate decision rationale and comments (en) > a whitespace-only comment is refused inline (focus on it) and nothing is sent  1215ms
   ✓ gate decision rationale and comments (en) > a invisible-only comment is refused inline (focus on it) and nothing is sent  938ms
   ✓ gate decision rationale and comments (en) > visible text is sent verbatim; empty comments are omitted; an empty rationale stays 'too short'  1341ms
   ✓ gate decision rationale and comments (en) > a server 400 validation.blank on /rationale lands on the field  684ms
   ✓ gate decision rationale and comments (ar) > a whitespace-only rationale is refused inline and nothing is sent  718ms
   ✓ gate decision rationale and comments (ar) > a invisible-only rationale is refused inline and nothing is sent  899ms
   ✓ gate decision rationale and comments (ar) > a invisible (long enough for min 3)-only rationale is refused inline and nothing is sent  911ms
   ✓ gate decision rationale and comments (ar) > a whitespace-only comment is refused inline (focus on it) and nothing is sent  658ms
   ✓ gate decision rationale and comments (ar) > a invisible-only comment is refused inline (focus on it) and nothing is sent  733ms
   ✓ gate decision rationale and comments (ar) > visible text is sent verbatim; empty comments are omitted; an empty rationale stays 'too short'  889ms
   ✓ gate decision rationale and comments (ar) > a server 400 validation.blank on /rationale lands on the field  909ms
   ✓ journey step editor (en) > a whitespace-only actor is refused inline (not turned into null) and nothing is sent  1843ms
   ✓ journey step editor (en) > a invisible-only actor is refused inline (not turned into null) and nothing is sent  2177ms
   ✓ journey step editor (en) > several blank fields: each gets the message and focus goes to the first (name)  2199ms
   ✓ journey step editor (en) > visible text is sent verbatim; emptied optional text is null; an empty name is required  1449ms
   ✓ journey step editor (ar) > a whitespace-only actor is refused inline (not turned into null) and nothing is sent  833ms
   ✓ journey step editor (ar) > a invisible-only actor is refused inline (not turned into null) and nothing is sent  1229ms
   ✓ journey step editor (ar) > several blank fields: each gets the message and focus goes to the first (name)  1349ms
   ✓ journey step editor (ar) > visible text is sent verbatim; emptied optional text is null; an empty name is required  1151ms
   ✓ Finance validation note and archive reason (en) > note: a whitespace-only note is refused inline and nothing is sent  573ms
   ✓ Finance validation note and archive reason (en) > note: a invisible-only note is refused inline and nothing is sent  451ms
   ✓ Finance validation note and archive reason (en) > note: empty is 'required'; visible text is sent verbatim  802ms
   ✓ Finance validation note and archive reason (en) > reason: a whitespace-only reason is refused inline and nothing is archived  1139ms
   ✓ Finance validation note and archive reason (en) > reason: a invisible-only reason is refused inline and nothing is archived  662ms
   ✓ Finance validation note and archive reason (en) > reason: a server 400 validation.blank on /reason is the field message, not a generic error  1017ms
   ✓ Finance validation note and archive reason (en) > reason: a reason with U+0000 is refused inline with the localized message and nothing is archived  853ms
   ✓ Finance validation note and archive reason (en) > reason: a server 400 validation.invalid_character on /reason is the localized field message  621ms
   ✓ Finance validation note and archive reason (en) > reason: empty keeps 'too short'; visible text is sent verbatim  674ms
   ✓ Finance validation note and archive reason (ar) > note: a whitespace-only note is refused inline and nothing is sent  1065ms
   ✓ Finance validation note and archive reason (ar) > note: a invisible-only note is refused inline and nothing is sent  799ms
   ✓ Finance validation note and archive reason (ar) > note: empty is 'required'; visible text is sent verbatim  1047ms
   ✓ Finance validation note and archive reason (ar) > reason: a whitespace-only reason is refused inline and nothing is archived  1597ms
   ✓ Finance validation note and archive reason (ar) > reason: a invisible-only reason is refused inline and nothing is archived  677ms
   ✓ Finance validation note and archive reason (ar) > reason: a server 400 validation.blank on /reason is the field message, not a generic error  913ms
   ✓ Finance validation note and archive reason (ar) > reason: a reason with U+0000 is refused inline with the localized message and nothing is archived  797ms
   ✓ Finance validation note and archive reason (ar) > reason: a server 400 validation.invalid_character on /reason is the localized field message  1041ms
   ✓ Finance validation note and archive reason (ar) > reason: empty keeps 'too short'; visible text is sent verbatim  998ms
   ✓ North Star statement (en) > a whitespace-only statement is refused inline and nothing is sent  387ms
   ✓ North Star statement (en) > a invisible-only statement is refused inline and nothing is sent  591ms
   ✓ North Star statement (ar) > a whitespace-only statement is refused inline and nothing is sent  591ms
   ✓ North Star statement (ar) > a invisible-only statement is refused inline and nothing is sent  622ms
   ✓ P1 transformation edit: server validation.blank on /name (en) > is the localized field message, not only a generic failure  495ms
 ✓ |unit-web| src/pages/portfolio/portfolio.test.tsx (32 tests) 27015ms
   ✓ Portfolio (en) > lists code, name, wave, owners and three separate columns: proposed rank, selection and funding  1782ms
   ✓ Portfolio (en) > the proposed rank is Unknown (never 0) when the prioritization view is unavailable  331ms
   ✓ Portfolio (en) > filters by status and wave on the server  700ms
   ✓ Portfolio (en) > creates a draft at any time: POST /initiatives with the transformation and an Idempotency-Key  2032ms
   ✓ Portfolio (en) > the read-only auditor sees the list with no enabled write control  912ms
   ✓ Portfolio (en) > outcome hierarchy: five levels, an Unknown target is Unknown (never 0)  561ms
   ✓ Portfolio (ar) > lists code, name, wave, owners and three separate columns: proposed rank, selection and funding  1174ms
   ✓ Portfolio (ar) > the proposed rank is Unknown (never 0) when the prioritization view is unavailable  465ms
   ✓ Portfolio (ar) > filters by status and wave on the server  1247ms
   ✓ Portfolio (ar) > creates a draft at any time: POST /initiatives with the transformation and an Idempotency-Key  866ms
   ✓ Portfolio (ar) > the read-only auditor sees the list with no enabled write control  645ms
   ✓ Portfolio (ar) > outcome hierarchy: five levels, an Unknown target is Unknown (never 0)  511ms
   ✓ Initiative Card (en) > shows all 14 T05 fields in the source order and the 3-7 deliverables warning (a warning, not a block)  631ms
   ✓ Initiative Card (en) > submit refused: 'Case for change not yet approved (G1)…' is the dialog's one translated alert  835ms
   ✓ Initiative Card (en) > submit refused: 'Outcome before activity…' (validation at /outcomeContributions) is translated  493ms
   ✓ Initiative Card (en) > launch refused: 'North Star, outcomes and target state not yet approved', then 'Selected - unfunded…'  1900ms
   ✓ Initiative Card (en) > select is a labelled business approval: rationale required, If-Match, no 'on behalf of' control  860ms
   ✓ Initiative Card (en) > a 409 shows the conflict banner and reloads  821ms
   ✓ Initiative Card (en) > a gap link to another TOM record shows 'A project portfolio is not a Target Operating Model…'  925ms
   ✓ Initiative Card (en) > an outcome contribution needs an outcome; the KPI is optional and labelled so  966ms
   ✓ Initiative Card (en) > the read-only auditor sees the card with no enabled write control  435ms
   ✓ Initiative Card (en) > a cancelled initiative is read-only even for the lead  509ms
   ✓ Initiative Card (ar) > shows all 14 T05 fields in the source order and the 3-7 deliverables warning (a warning, not a block)  620ms
   ✓ Initiative Card (ar) > submit refused: 'Case for change not yet approved (G1)…' is the dialog's one translated alert  755ms
   ✓ Initiative Card (ar) > submit refused: 'Outcome before activity…' (validation at /outcomeContributions) is translated  765ms
   ✓ Initiative Card (ar) > launch refused: 'North Star, outcomes and target state not yet approved', then 'Selected - unfunded…'  1325ms
   ✓ Initiative Card (ar) > select is a labelled business approval: rationale required, If-Match, no 'on behalf of' control  956ms
   ✓ Initiative Card (ar) > a 409 shows the conflict banner and reloads  1106ms
   ✓ Initiative Card (ar) > a gap link to another TOM record shows 'A project portfolio is not a Target Operating Model…'  602ms
   ✓ Initiative Card (ar) > an outcome contribution needs an outcome; the KPI is optional and labelled so  475ms
   ✓ Initiative Card (ar) > the read-only auditor sees the card with no enabled write control  398ms
   ✓ Initiative Card (ar) > a cancelled initiative is read-only even for the lead  407ms
 ✓ |unit-web| src/auth/session-bound.test.tsx (34 tests) 20127ms
   ✓ F-DG2-530/580 no effect of A's action after a further await once the tab is B's (en) > Y1: a create whose post-create GET /me returns B: B is not navigated and never sees A's code or name  1083ms
   ✓ F-DG2-530/580 no effect of A's action after a further await once the tab is B's (en) > Y1c: the same create under one identity still lands on the created record  405ms
   ✓ F-DG2-530/580 no effect of A's action after a further await once the tab is B's (en) > an edit whose identity changes between its awaits: B is not navigated to A's record and keeps nothing of A's  465ms
   ✓ F-DG2-530/580 no effect of A's action after a further await once the tab is B's (en) > an organization create whose identity changes between its awaits: B is not navigated to A's new organization  921ms
   ✓ F-DG2-530/580 no effect of A's action after a further await once the tab is B's (en) > a user create whose identity changes between its awaits: B is not navigated to A's new user  684ms
   ✓ F-DG2-530/580 no effect of A's action after a further await once the tab is B's (en) > sanity: the organization and user creates under one identity still navigate to the new record  808ms
   ✓ F-DG2-570 the header and the data of ONE identity on in-app navigation (en) > N1: B signed in elsewhere, no focus event: opening A's record asks GET /me first; B's header above B's answer  441ms
   ✓ F-DG2-570 the header and the data of ONE identity on in-app navigation (en) > N0 (the reviewer's Y5): B signed in a moment ago, no time passes, no focus event: the next page is B's under B's header  503ms
   ✓ F-DG2-570 the header and the data of ONE identity on in-app navigation (en) > bounded: one GET /me per navigation, shared by the page's burst; other GETs only after the window; same identity kept  986ms
   ✓ F-DG2-530/580 no effect of A's action after a further await once the tab is B's (ar) > Y1: a create whose post-create GET /me returns B: B is not navigated and never sees A's code or name  874ms
   ✓ F-DG2-530/580 no effect of A's action after a further await once the tab is B's (ar) > Y1c: the same create under one identity still lands on the created record  337ms
   ✓ F-DG2-530/580 no effect of A's action after a further await once the tab is B's (ar) > Y1c (not visible to the creator): the creator still gets 'created, but you cannot open it' with the 201's code  304ms
   ✓ F-DG2-530/580 no effect of A's action after a further await once the tab is B's (ar) > router state left in history (Back/Forward) never shows A's created record to B  306ms
   ✓ F-DG2-530/580 no effect of A's action after a further await once the tab is B's (ar) > an edit whose identity changes between its awaits: B is not navigated to A's record and keeps nothing of A's  654ms
   ✓ F-DG2-530/580 no effect of A's action after a further await once the tab is B's (ar) > an organization create whose identity changes between its awaits: B is not navigated to A's new organization  1768ms
   ✓ F-DG2-530/580 no effect of A's action after a further await once the tab is B's (ar) > a user create whose identity changes between its awaits: B is not navigated to A's new user  848ms
   ✓ F-DG2-530/580 no effect of A's action after a further await once the tab is B's (ar) > sanity: the organization and user creates under one identity still navigate to the new record  971ms
   ✓ F-DG2-530/580 no effect of A's action after a further await once the tab is B's (ar) > sanity: an edit under one identity (a same-identity /me between its awaits) still updates the cache and navigates  370ms
   ✓ F-DG2-570 the header and the data of ONE identity on in-app navigation (ar) > N1: B signed in elsewhere, no focus event: opening A's record asks GET /me first; B's header above B's answer  467ms
   ✓ F-DG2-570 the header and the data of ONE identity on in-app navigation (ar) > N2: opening the list: B's header with B's list and B's permissions, never A's header or A's empty-state  427ms
   ✓ F-DG2-570 the header and the data of ONE identity on in-app navigation (ar) > N0 (the reviewer's Y5): B signed in a moment ago, no time passes, no focus event: the next page is B's under B's header  592ms
   ✓ F-DG2-570 the header and the data of ONE identity on in-app navigation (ar) > bounded: one GET /me per navigation, shared by the page's burst; other GETs only after the window; same identity kept  970ms
   ✓ the convention: no raw navigate or cache write in app code (T-DG2-FE15) > the ESLint rule refuses a raw navigate, a raw cache write and a useNavigate import in a page  3534ms
 ✓ |unit-web| src/pages/prioritization/prioritization.test.tsx (20 tests) 20966ms
   ✓ prioritization (en) > ranked table: an incomplete score is 'incomplete' (never a number), 3.30 complete; 0–100 shows 57.5 with its label  3054ms
   ✓ prioritization (en) > scorecard: 6 is refused inline and nothing is sent; 4 is POSTed as the integer; the weighted score is read-only 'incomplete'  1911ms
   ✓ prioritization (en) > weight sets: the live total refuses 95% and 105%; 100% is accepted and POSTed as decimal strings  764ms
   ✓ prioritization (en) > weight sets: the proposer is never offered approval; another approver's approval is a business approval with If-Match; 403 SoD is translated  1711ms
   ✓ prioritization (en) > weight set approval: a 409 shows the conflict banner and reloads  803ms
   ✓ prioritization (en) > ranking history: causes are translated from codes, including 'weight version 2', score change and the override reason  342ms
   ✓ prioritization (en) > overrides: a reason is required (missing and invisible-only are refused, nothing sent); with a reason it is POSTed  748ms
   ✓ prioritization (en) > the read-only auditor sees the data and no enabled write control  933ms
   ✓ prioritization (en) > a portfolio above 500 eligible initiatives is the translated 422 state, not an empty table  674ms
   ✓ prioritization (en) > never mentions a delivery gate (DG0–DG7)  782ms
   ✓ prioritization (ar) > ranked table: an incomplete score is 'incomplete' (never a number), 3.30 complete; 0–100 shows 57.5 with its label  1155ms
   ✓ prioritization (ar) > scorecard: 6 is refused inline and nothing is sent; 4 is POSTed as the integer; the weighted score is read-only 'incomplete'  1373ms
   ✓ prioritization (ar) > weight sets: the live total refuses 95% and 105%; 100% is accepted and POSTed as decimal strings  1308ms
   ✓ prioritization (ar) > weight sets: the proposer is never offered approval; another approver's approval is a business approval with If-Match; 403 SoD is translated  1162ms
   ✓ prioritization (ar) > weight set approval: a 409 shows the conflict banner and reloads  1134ms
   ✓ prioritization (ar) > ranking history: causes are translated from codes, including 'weight version 2', score change and the override reason  451ms
   ✓ prioritization (ar) > overrides: a reason is required (missing and invisible-only are refused, nothing sent); with a reason it is POSTed  1121ms
   ✓ prioritization (ar) > the read-only auditor sees the data and no enabled write control  836ms
   ✓ prioritization (ar) > a portfolio above 500 eligible initiatives is the translated 422 state, not an empty table  354ms
   ✓ prioritization (ar) > never mentions a delivery gate (DG0–DG7)  330ms
 ✓ |unit-web| src/pages/business-cases/business-cases.test.tsx (18 tests) 16322ms
   ✓ business cases (en) > register: levels, Finance baseline states with text (Stale is never green) and drafts  1994ms
   ✓ business cases (en) > detail: all ten sections, totals with gross / cost / net apart, net Unknown (never 0), roll-up by reference  846ms
   ✓ business cases (en) > totals: a partial total says how many Unknown lines it leaves out  459ms
   ✓ business cases (en) > sections: saves only the changed section with If-Match; blank text is refused inline and nothing is sent  1731ms
   ✓ business cases (en) > sections: a 409 shows the standard conflict panel (nothing saved) with the current values  1110ms
   ✓ business cases (en) > lines: exactly one class from one select; the value basis follows the class; a 422 is translated  2044ms
   ✓ business cases (en) > Finance validation: a business approval for FIN who did not author the case; If-Match; translated 403  1277ms
   ✓ business cases (en) > Finance validation: the case author sees no validate action, only the separation-of-duties note  561ms
   ✓ business cases (en) > read-only auditor: the ten sections as text, no enabled write control, the read-only note  486ms
   ✓ business cases (ar) > register: levels, Finance baseline states with text (Stale is never green) and drafts  467ms
   ✓ business cases (ar) > detail: all ten sections, totals with gross / cost / net apart, net Unknown (never 0), roll-up by reference  600ms
   ✓ business cases (ar) > sections: saves only the changed section with If-Match; blank text is refused inline and nothing is sent  1265ms
   ✓ business cases (ar) > sections: a 409 shows the standard conflict panel (nothing saved) with the current values  766ms
   ✓ business cases (ar) > lines: exactly one class from one select; the value basis follows the class; a 422 is translated  887ms
   ✓ business cases (ar) > Finance validation: a business approval for FIN who did not author the case; If-Match; translated 403  811ms
   ✓ business cases (ar) > Finance validation: the case author sees no validate action, only the separation-of-duties note  469ms
 ✓ |unit-web| src/auth/session-generation.test.tsx (26 tests) 15912ms
   ✓ F-DG2-530 a write in flight across an identity change (en) > X3: A's PATCH answered after B's /me is not written into B's cache, not shown, and does not navigate B  1576ms
   ✓ F-DG2-530 a write in flight across an identity change (en) > X3b: the same after a session END here and B's sign-in: A's late answer never lands  786ms
   ✓ F-DG2-530 a write in flight across an identity change (en) > an archive in flight across an identity change: A's archived record never lands in B's cache  1178ms
   ✓ F-DG2-530 a write in flight across an identity change (en) > an organization save in flight across an identity change: A's change is never stored under B  1179ms
   ✓ F-DG2-530 a write in flight across an identity change (en) > a user save in flight across an identity change: A's change is never stored under B  886ms
   ✓ F-DG2-530 a write in flight across an identity change (en) > a same-person new session: the in-flight save is dropped silently, the draft is kept and usable  716ms
   ✓ F-DG2-530 a write in flight across an identity change (en) > a language save retried after a 409 is never written for the identity that replaced A  724ms
   ✓ F-DG2-530 a write in flight across an identity change (en) > sanity: a write in flight that finishes under the SAME identity still updates the cache and navigates  586ms
   ✓ F-DG2-530 X6: refocus and reconnect revalidate GET /me first (en) > after B signs in elsewhere, a refocus within /me's staleTime shows B's header with B's data, never A's  475ms
   ✓ F-DG2-530 X6: refocus and reconnect revalidate GET /me first (en) > the same identity: a refocus refetches /me once, then the stale page queries; nothing when all is fresh  484ms
   ✓ F-DG2-530 a write in flight across an identity change (ar) > X3: A's PATCH answered after B's /me is not written into B's cache, not shown, and does not navigate B  623ms
   ✓ F-DG2-530 a write in flight across an identity change (ar) > X3b: the same after a session END here and B's sign-in: A's late answer never lands  979ms
   ✓ F-DG2-530 a write in flight across an identity change (ar) > an archive in flight across an identity change: A's archived record never lands in B's cache  804ms
   ✓ F-DG2-530 a write in flight across an identity change (ar) > an organization save in flight across an identity change: A's change is never stored under B  897ms
   ✓ F-DG2-530 a write in flight across an identity change (ar) > a user save in flight across an identity change: A's change is never stored under B  782ms
   ✓ F-DG2-530 a write in flight across an identity change (ar) > a same-person new session: the in-flight save is dropped silently, the draft is kept and usable  570ms
   ✓ F-DG2-530 a write in flight across an identity change (ar) > a language save retried after a 409 is never written for the identity that replaced A  372ms
   ✓ F-DG2-530 X6: refocus and reconnect revalidate GET /me first (ar) > after B signs in elsewhere, a refocus within /me's staleTime shows B's header with B's data, never A's  758ms
   ✓ F-DG2-530 X6: refocus and reconnect revalidate GET /me first (ar) > the same identity: a refocus refetches /me once, then the stale page queries; nothing when all is fresh  510ms
   ✓ F-DG2-530 X6: refocus and reconnect revalidate GET /me first (ar) > a refocus whose /me finds the session ended navigates once to sign-in and refetches no page data  420ms
 ✓ |unit-web| src/pages/transformations/transformations.test.tsx (21 tests) 11790ms
   ✓ after create (F-DG1-004) > shows the created record when the server lets the creator read it  1331ms
   ✓ after create (F-DG1-004) > explains, in English, that the draft was created but cannot be opened (server 404), instead of 'Not found'  642ms
   ✓ after create (F-DG1-004) > explains the same in Arabic (RTL), using the glossary term for Transformation  654ms
   ✓ after create (F-DG1-004) > treats a 403 for the just-created record the same way  664ms
   ✓ audit trail changes (F-DG1-005) > English: field and value labels, not raw keys or enum codes  638ms
   ✓ audit trail changes (F-DG1-005) > Arabic: the same changes with Arabic labels in the RTL layout  491ms
   ✓ derived creator assignment on the audit trail (F-DG1-008) > Arabic (RTL): the same event with Arabic labels and the glossary role name  423ms
   ✓ derived creator assignment on the audit trail (F-DG1-008) > an action the catalogue does not know stays readable and is explicitly marked (en and ar)  552ms
   ✓ effective permissions refresh after create (F-DG1-210) > English: Edit, Archive and the audit trail appear after create, without a reload  1640ms
   ✓ effective permissions refresh after create (F-DG1-210) > Arabic (RTL): the same controls and the audit trail appear after create, without a reload  1575ms
   ✓ effective permissions refresh after create (F-DG1-210) > does not over-grant: if the refreshed server answer adds nothing, Archive and the audit trail stay hidden  1019ms
   ✓ effective permissions refresh after create (F-DG1-210) > a failed /me refresh never blocks the navigation; the UI stays fail-safe (no controls offered)  1250ms
 ✓ |unit-web| src/pages/raid/raid.test.tsx (18 tests) 17437ms
   ✓ RAID and actions screens (en) > T15 register: nine columns, Probability n/a outside Risk, per-type mitigation header, Dependency links to T08  1149ms
   ✓ RAID and actions screens (en) > Dependency form: 'To' initiative required, no probability; nothing is sent without it  1383ms
   ✓ RAID and actions screens (en) > Dependency edit has no 'In progress'; a Risk edit offers it; a closed Dependency shows no closure fields  955ms
   ✓ RAID and actions screens (en) > an Issue with a probability is refused by the server; the 422 is translated in one alert  989ms
   ✓ RAID and actions screens (en) > action register: source, follow-up date and overdue flag; edit sends If-Match  3146ms
   ✓ RAID and actions screens (en) > corrective case: source and benefit step, owner Unassigned, follow-up Unknown with reason, signals never green  530ms
   ✓ RAID and actions screens (en) > rules: a rule without a stored row is labelled Default; saving it creates the row (POST, no If-Match)  337ms
   ✓ RAID and actions screens (en) > the read-only auditor sees the register without any write control  615ms
   ✓ RAID and actions screens (ar) > T15 register: nine columns, Probability n/a outside Risk, per-type mitigation header, Dependency links to T08  529ms
   ✓ RAID and actions screens (ar) > Dependency form: 'To' initiative required, no probability; nothing is sent without it  745ms
   ✓ RAID and actions screens (ar) > Dependency edit has no 'In progress'; a Risk edit offers it; a closed Dependency shows no closure fields  920ms
   ✓ RAID and actions screens (ar) > an Issue with a probability is refused by the server; the 422 is translated in one alert  632ms
   ✓ RAID and actions screens (ar) > action register: source, follow-up date and overdue flag; edit sends If-Match  3279ms
   ✓ RAID and actions screens (ar) > corrective case: source and benefit step, owner Unassigned, follow-up Unknown with reason, signals never green  486ms
   ✓ RAID and actions screens (ar) > rules: a rule without a stored row is labelled Default; saving it creates the row (POST, no If-Match)  347ms
   ✓ RAID and actions screens (ar) > the read-only auditor sees the register without any write control  1361ms
 ✓ |unit-web| src/pages/kpi/kpi.test.tsx (27 tests) 14247ms
   ✓ KPI screens (en) > RAG panel: the seven elements, the threshold version named, and the override beside the calculated RAG  638ms
   ✓ KPI screens (en) > no actual for the current period: Unknown, grey and labelled, with its reason; never 0 and never green  343ms
   ✓ KPI screens (en) > the status overview shows Unknown KPIs grey and labelled (no zero in the list)  353ms
   ✓ KPI screens (en) > four-step update: submits once, then lists downstream views, 'review pending' and 'Finance review pending'  1091ms
   ✓ KPI screens (en) > a second entry for the same KPI and period is value version 2 of the same slot (If-Match)  913ms
   ✓ KPI screens (en) > a 409 on submit is the form's one alert: nothing was saved, the latest data is loaded  813ms
   ✓ KPI screens (en) > review queue: the reviewer accepts with If-Match; the submitter of a value is not offered a decision  705ms
   ✓ KPI screens (en) > an actual: a submitted value says it is not used until accepted; a draft is labelled not submitted  513ms
   ✓ KPI screens (en) > read-only viewer (auditor): no write action on the KPI page, labels say business approval  480ms
   ✓ KPI screens (en) > data quality: an open finding is resolved with a note and If-Match  829ms
   ✓ KPI screens (ar) > RAG panel: the seven elements, the threshold version named, and the override beside the calculated RAG  395ms
   ✓ KPI screens (ar) > the status overview shows Unknown KPIs grey and labelled (no zero in the list)  636ms
   ✓ KPI screens (ar) > four-step update: submits once, then lists downstream views, 'review pending' and 'Finance review pending'  1146ms
   ✓ KPI screens (ar) > a second entry for the same KPI and period is value version 2 of the same slot (If-Match)  771ms
   ✓ KPI screens (ar) > a 409 on submit is the form's one alert: nothing was saved, the latest data is loaded  1183ms
   ✓ KPI screens (ar) > no active version: the update explains it and links to the versions (no form)  352ms
   ✓ KPI screens (ar) > review queue: the reviewer accepts with If-Match; the submitter of a value is not offered a decision  528ms
   ✓ KPI screens (ar) > an actual: a submitted value says it is not used until accepted; a draft is labelled not submitted  635ms
   ✓ KPI screens (ar) > read-only viewer (auditor): no write action on the KPI page, labels say business approval  547ms
   ✓ KPI screens (ar) > data quality: an open finding is resolved with a note and If-Match  919ms
 ✓ |unit-web| src/pages/benefits/benefits.test.tsx (29 tests) 18257ms
   ✓ benefits screens (en) > T14 register: ten columns; Value (SAR) n/a and Unknown never 0; Realized kept apart with pending labelled  2139ms
   ✓ benefits screens (en) > totals: per class and state, pending overlap apart, cost and net Unknown (never 0), non-financial counted apart  1258ms
   ✓ benefits screens (en) > lifecycle: six steps with question and output, missing outputs listed, only the allowed next step offered  368ms
   ✓ benefits screens (en) > allocations: percent and unallocated share; the replace sends fractions with If-Match  765ms
   ✓ benefits screens (en) > allocations above 100 %: the preview warns and the server's 422 is translated in the one form alert  889ms
   ✓ benefits screens (en) > measurements: a validated value offers no edit; the 409 validated_immutable is translated  950ms
   ✓ benefits screens (en) > Finance decision: six items, the decision body with If-Match; labelled Finance validation, never DG0-DG7  525ms
   ✓ benefits screens (en) > Finance decision: a missing item is left to the server, whose 422 names the six items; the submitter is never offered a decision  576ms
   ✓ benefits screens (en) > Finance decision: the content_incomplete 422 and a Business Owner's 403 are translated  1055ms
   ✓ benefits screens (en) > read-only (auditor): Finance item without decide, register without create  1016ms
   ✓ benefits screens (ar) > T14 register: ten columns; Value (SAR) n/a and Unknown never 0; Realized kept apart with pending labelled  989ms
   ✓ benefits screens (ar) > totals: per class and state, pending overlap apart, cost and net Unknown (never 0), non-financial counted apart  727ms
   ✓ benefits screens (ar) > allocations: percent and unallocated share; the replace sends fractions with If-Match  781ms
   ✓ benefits screens (ar) > allocations above 100 %: the preview warns and the server's 422 is translated in the one form alert  822ms
   ✓ benefits screens (ar) > values: seven states apart; measurements before Measure are explained (a delivered enabler is not realized value)  357ms
   ✓ benefits screens (ar) > measurements: a validated value offers no edit; the 409 validated_immutable is translated  592ms
   ✓ benefits screens (ar) > Finance decision: six items, the decision body with If-Match; labelled Finance validation, never DG0-DG7  812ms
   ✓ benefits screens (ar) > Finance decision: a missing item is left to the server, whose 422 names the six items; the submitter is never offered a decision  377ms
   ✓ benefits screens (ar) > Finance decision: the content_incomplete 422 and a Business Owner's 403 are translated  818ms
   ✓ benefits screens (ar) > read-only (auditor): Finance item without decide, register without create  844ms
   ✓ benefits screens (ar) > scenarios: every value is labelled with its scenario kind  387ms
 ✓ |unit-web| src/pages/benefits/plan-values.test.tsx (15 tests) 13437ms
   ✓ plan-value editing (en) > Edit reads getBenefitPlanValue, pre-fills the form and PATCHes the changed member with the read's If-Match  1607ms
   ✓ plan-value editing (en) > an unchanged form sends nothing and says so; Cancel closes  1173ms
   ✓ plan-value editing (en) > a 409 (changed by someone else after the read) is a conflict: the record is re-read, If-Match never moves under the typed values  526ms
   ✓ plan-value editing (en) > a failed read (500) shows its state in the section and no form; Cancel removes it  3504ms
   ✓ plan-value editing (en) > a failed read (404) shows its state in the section and no form; Cancel removes it  444ms
   ✓ plan-value editing (ar) > Edit reads getBenefitPlanValue, pre-fills the form and PATCHes the changed member with the read's If-Match  559ms
   ✓ plan-value editing (ar) > an unchanged form sends nothing and says so; Cancel closes  941ms
   ✓ plan-value editing (ar) > a 409 (changed by someone else after the read) is a conflict: the record is re-read, If-Match never moves under the typed values  695ms
   ✓ plan-value editing (ar) > a failed read (500) shows its state in the section and no form; Cancel removes it  3289ms
 ✓ |unit-web| src/pages/benefit-formulas/benefit-formulas.test.tsx (18 tests) 11250ms
   ✓ T09 benefit formulas (en) > register: the six T09 columns with confidence H/M/L; examples marked illustrative with 100000 and 500000 SAR per year  1295ms
   ✓ T09 benefit formulas (en) > builder: an undefined variable shows translated, with its position, before saving; nothing is sent  636ms
   ✓ T09 benefit formulas (en) > builder: monthly ARPU × annual customers is a period mismatch, translated, before saving  351ms
   ✓ T09 benefit formulas (en) > builder: a fraction is entered as percent and stored as a fraction; a version is saved with If-Match  1152ms
   ✓ T09 benefit formulas (en) > builder: a fraction difference shows percentage points (translated suffix), never %  652ms
   ✓ T09 benefit formulas (en) > builder: a 409 shows the standard conflict panel; nothing was saved  581ms
   ✓ T09 benefit formulas (en) > Finance validation of a version: a business approval by FIN; the author cannot; translated refusal  1024ms
   ✓ T09 benefit formulas (en) > Finance validation: the version's author sees the separation-of-duties note and no action  386ms
   ✓ T09 benefit formulas (ar) > register: the six T09 columns with confidence H/M/L; examples marked illustrative with 100000 and 500000 SAR per year  872ms
   ✓ T09 benefit formulas (ar) > builder: an undefined variable shows translated, with its position, before saving; nothing is sent  887ms
   ✓ T09 benefit formulas (ar) > builder: monthly ARPU × annual customers is a period mismatch, translated, before saving  366ms
   ✓ T09 benefit formulas (ar) > builder: a fraction is entered as percent and stored as a fraction; a version is saved with If-Match  756ms
   ✓ T09 benefit formulas (ar) > builder: a 409 shows the standard conflict panel; nothing was saved  801ms
   ✓ T09 benefit formulas (ar) > Finance validation of a version: a business approval by FIN; the author cannot; translated refusal  574ms
   ✓ T09 benefit formulas (ar) > Finance validation: the version's author sees the separation-of-duties note and no action  379ms
 ✓ |unit-web| src/auth/session-end.test.tsx (12 tests) 12213ms
   ✓ session end while the app is open (en) > a 401 on navigation lands once on sign-in with the message; signing in again returns to the page  2359ms
   ✓ session end while the app is open (en) > a 401 on a dialog mutation (the commit-time upload refusal) closes the dialog and lands once on sign-in  1334ms
   ✓ session end while the app is open (en) > a sign-out elsewhere noticed by the next /me probe lands once on sign-in, never on the stale shell  758ms
   ✓ session end while the app is open (en) > a 403 (forbidden) is never treated as a session end  839ms
   ✓ session end while the app is open (ar) > a 401 on navigation lands once on sign-in with the message; signing in again returns to the page  1381ms
   ✓ session end while the app is open (ar) > a 401 on a dialog mutation (the commit-time upload refusal) closes the dialog and lands once on sign-in  1274ms
   ✓ session end while the app is open (ar) > a sign-out elsewhere noticed by the next /me probe lands once on sign-in, never on the stale shell  946ms
   ✓ session end while the app is open (ar) > a 403 (forbidden) is never treated as a session end  929ms
   ✓ session end under <StrictMode> (as in production) > still lands exactly once on sign-in  1162ms
   ✓ sign-in page and the cached identity > decides 'already signed in' only from a fresh /me, never from a stale cache  554ms
   ✓ sign-in page and the cached identity > signing out here shows 'signed out', not 'session ended', and no /me loop  605ms
 ✓ |unit-web| src/pages/team/team.test.tsx (10 tests) 10761ms
   ✓ Team (English LTR) > shows the six governance roles with B0018 accountability text verbatim and who holds each  1433ms
   ✓ Team (English LTR) > lists team members with the accountability on each assignment, sortable and filterable  770ms
   ✓ Team (English LTR) > a Transformation Lead assigns a Workstream Lead: Idempotency-Key, reason, accountability preview  947ms
   ✓ Team (English LTR) > shows a 403 from the server in words; nothing is assigned  967ms
   ✓ Team: read-only auditor (AUD) > sees the roles, accountabilities and members, a read-only note, and no assign control  749ms
   ✓ Team (Arabic RTL) > shows Arabic role names and the provisional Arabic accountability text  411ms
   ✓ Team assign dialog: accountability preview follows the selected role (F-DG2-430) > en: WL on open, then KDS, TD, none and WL again, in StrictMode with no React warning  1261ms
   ✓ Team assign dialog: accountability preview follows the selected role (F-DG2-430) > ar: WL on open, then KDS, TD, none and WL again, in StrictMode with no React warning  1071ms
   ✓ Team: the success notice follows a language switch, 'en' → 'ar' > the notice is shown in the language now on screen, not the one it was created in  1501ms
   ✓ Team: the success notice follows a language switch, 'ar' → 'en' > the notice is shown in the language now on screen, not the one it was created in  1636ms
 ✓ |unit-web| src/pages/portfolio/fe-e.test.tsx (18 tests) 13694ms
   ✓ Funding decisions (en) > is a labelled business approval with no 'on behalf of' control; rationale required; POST with an Idempotency-Key  1734ms
   ✓ Funding decisions (en) > the BE-E 422s are the dialog's one translated alert; funding.amount_invalid is also inline at /amount  918ms
   ✓ Funding decisions (en) > the history shows a missing amount as Unknown (never 0); a re-selected initiative explains the deselect rule  322ms
   ✓ Funding decisions (en) > an exact decimal amount is shown with its currency; the auditor sees no record control  696ms
   ✓ Funding decisions (ar) > is a labelled business approval with no 'on behalf of' control; rationale required; POST with an Idempotency-Key  960ms
   ✓ Funding decisions (ar) > the BE-E 422s are the dialog's one translated alert; funding.amount_invalid is also inline at /amount  610ms
   ✓ Funding decisions (ar) > the history shows a missing amount as Unknown (never 0); a re-selected initiative explains the deselect rule  718ms
   ✓ Funding decisions (ar) > an exact decimal amount is shown with its currency; the auditor sees no record control  662ms
   ✓ Deliverables and milestones on the card (en) > creates (Idempotency-Key), edits (If-Match) and archives (reason, If-Match) a deliverable  708ms
   ✓ Deliverables and milestones on the card (en) > creates a milestone with its wave and forecast, and edits it with If-Match  621ms
   ✓ Deliverables and milestones on the card (en) > 422 initiative.read_only (a closure raced the edit) is translated as the dialog's one alert  447ms
   ✓ Deliverables and milestones on the card (en) > a cancelled initiative shows deliverables, milestones and funding with no write control  493ms
   ✓ Deliverables and milestones on the card (en) > the card edit form translates initiative.planned_range specifically (RecordDialog namespaces)  1180ms
   ✓ Deliverables and milestones on the card (ar) > creates (Idempotency-Key), edits (If-Match) and archives (reason, If-Match) a deliverable  1494ms
   ✓ Deliverables and milestones on the card (ar) > creates a milestone with its wave and forecast, and edits it with If-Match  742ms
   ✓ Deliverables and milestones on the card (ar) > 422 initiative.read_only (a closure raced the edit) is translated as the dialog's one alert  349ms
   ✓ Deliverables and milestones on the card (ar) > a cancelled initiative shows deliverables, milestones and funding with no write control  312ms
   ✓ Deliverables and milestones on the card (ar) > the card edit form translates initiative.planned_range specifically (RecordDialog namespaces)  723ms
 ✓ |unit-web| src/pages/roadmap/roadmap.test.tsx (14 tests) 9962ms
   ✓ roadmap (en) > shows the four source waves verbatim (English source also shown in Arabic) with overlapping horizons  1172ms
   ✓ roadmap (en) > moving a milestone PATCHes the forecast with If-Match and the timeline, table and board all show the new date from one refetch  1732ms
   ✓ roadmap (en) > a 409 on moving a milestone shows the conflict notice and reloads the roadmap  1393ms
   ✓ roadmap (en) > re-approving a date requires a reason; then it is POSTed with If-Match  826ms
   ✓ roadmap (en) > deliverable acceptance sends the AcceptanceDecision with If-Match (no 'on behalf of' control)  577ms
   ✓ roadmap (ar) > moving a milestone PATCHes the forecast with If-Match and the timeline, table and board all show the new date from one refetch  706ms
   ✓ roadmap (ar) > a 409 on moving a milestone shows the conflict notice and reloads the roadmap  792ms
   ✓ roadmap (ar) > re-approving a date requires a reason; then it is POSTed with If-Match  776ms
   ✓ roadmap (ar) > deliverable acceptance sends the AcceptanceDecision with If-Match (no 'on behalf of' control)  756ms
 ✓ |unit-web| src/auth/session-identity.test.tsx (18 tests) 9467ms
   ✓ F-DG2-500 a session end on the sign-in page (en) > W5: Back to /login after A's session ends, B signs in with the development form: B never sees A's records  1254ms
   ✓ F-DG2-500 a session end on the sign-in page (en) > W5b (OIDC mode): B signs in in another tab and this tab's /me re-probe brings B: B never sees A's records  782ms
   ✓ F-DG2-500 an identity change with no session end in this tab (en) > a refocus /me that returns another identity removes every session query before B renders, and drops A's drafts  564ms
   ✓ F-DG2-500 an identity change with no session end in this tab (en) > the same identity re-probed (window refocus) keeps the cache and the page state  554ms
   ✓ F-DG2-500 sign-out here and 403 (en) > signing out here clears everything; B signing in afterwards never sees A's records  1295ms
   ✓ F-DG2-500 a session end on the sign-in page (ar) > W5: Back to /login after A's session ends, B signs in with the development form: B never sees A's records  874ms
   ✓ F-DG2-500 a session end on the sign-in page (ar) > W5b (OIDC mode): B signs in in another tab and this tab's /me re-probe brings B: B never sees A's records  675ms
   ✓ F-DG2-500 an identity change with no session end in this tab (ar) > a refocus /me that returns another identity removes every session query before B renders, and drops A's drafts  598ms
   ✓ F-DG2-500 an identity change with no session end in this tab (ar) > a new session of the same person (signed in again elsewhere) refetches the queries but keeps their own draft  507ms
   ✓ F-DG2-500 an identity change with no session end in this tab (ar) > the same identity re-probed (window refocus) keeps the cache and the page state  524ms
   ✓ F-DG2-500 sign-out here and 403 (ar) > signing out here clears everything; B signing in afterwards never sees A's records  1035ms
 ✓ |unit-web| src/pages/gates/g1-agreements.test.tsx (10 tests) 9837ms
   ✓ G1 agreements step (en) > approving G1 needs the three labelled confirmations; then sends agreements with all three true  2008ms
   ✓ G1 agreements step (en) > a non-approve outcome on G1 sends no agreements (even after ticking them)  1749ms
   ✓ G1 agreements step (en) > approving another gate (G2) shows no confirmations and sends no agreements  905ms
   ✓ G1 agreements step (en) > the server's 422 gate.g1_agreements_required is the one form-level alert, with the missing confirmations  735ms
   ✓ G1 agreements step (en) > the server's 422 gate.agreements_not_applicable is translated as the one form-level alert  755ms
   ✓ G1 agreements step (ar) > approving G1 needs the three labelled confirmations; then sends agreements with all three true  1222ms
   ✓ G1 agreements step (ar) > a non-approve outcome on G1 sends no agreements (even after ticking them)  400ms
   ✓ G1 agreements step (ar) > approving another gate (G2) shows no confirmations and sends no agreements  534ms
   ✓ G1 agreements step (ar) > the server's 422 gate.g1_agreements_required is the one form-level alert, with the missing confirmations  781ms
   ✓ G1 agreements step (ar) > the server's 422 gate.agreements_not_applicable is translated as the one form-level alert  746ms
 ✓ |unit-web| src/pages/capacity/fe-e.test.tsx (13 tests) 9486ms
   ✓ capacity editing (en) > creates a role; a taken code (409) is the form's translated alert; then the role is created  1446ms
   ✓ capacity editing (en) > edits a role's labels and archives it, each with If-Match  830ms
   ✓ capacity editing (en) > creates a capacity row with a decimal FTE string; a duplicate (409) is translated  1029ms
   ✓ capacity editing (en) > creates a demand; after the save the plan is re-read and the conflict with its shortfall appears; Unknown stays Unknown  1026ms
   ✓ capacity editing (en) > edits a planned demand with If-Match; 422 resource_demand.not_planned is translated  448ms
   ✓ capacity editing (en) > the read-only auditor sees roles and capacity rows with no editing control  488ms
   ✓ capacity editing (ar) > creates a role; a taken code (409) is the form's translated alert; then the role is created  477ms
   ✓ capacity editing (ar) > edits a role's labels and archives it, each with If-Match  647ms
   ✓ capacity editing (ar) > creates a capacity row with a decimal FTE string; a duplicate (409) is translated  1188ms
   ✓ capacity editing (ar) > creates a demand; after the save the plan is re-read and the conflict with its shortfall appears; Unknown stays Unknown  1034ms
   ✓ capacity editing (ar) > edits a planned demand with If-Match; 422 resource_demand.not_planned is translated  613ms
 ✓ |unit-web| src/pages/meetings/governance.test.tsx (20 tests) 9310ms
   ✓ governance screens (en) > forums: the five layers with their verbatim source cadence; Arabic labelled provisional  1000ms
   ✓ governance screens (en) > series editor: 'future meetings only' must be confirmed; the result lists the kept meetings  2007ms
   ✓ governance screens (en) > published minutes are read-only and the meeting shows the frozen note  942ms
   ✓ governance screens (en) > raising an ask without 'why now': the server's 400 lands on its field  718ms
   ✓ governance screens (en) > recording an Outcome is labelled a business decision and sends If-Match  510ms
   ✓ governance screens (ar) > series editor: 'future meetings only' must be confirmed; the result lists the kept meetings  682ms
   ✓ governance screens (ar) > publishing an incomplete ask shows the server's 422 once, translated  588ms
   ✓ governance screens (ar) > published minutes are read-only and the meeting shows the frozen note  334ms
   ✓ governance screens (ar) > T16 log: nine columns; an earlier record shows Unknown for what it lacks; the overdue filter asks the server  324ms
   ✓ governance screens (ar) > raising an ask without 'why now': the server's 400 lands on its field  307ms
   ✓ governance screens (ar) > recording an Outcome is labelled a business decision and sends If-Match  420ms
 ✓ |unit-web| src/pages/gates/g4.test.tsx (16 tests) 11202ms
   ✓ G4 refusal item by item (en) > two initiatives without owners: two separate translated 'Owners' items, never the joined English message  2659ms
   ✓ G4 refusal item by item (en) > without a usable gate view: one translated line per refused criterion, never the English message  790ms
   ✓ G4 refusal item by item (ar) > two initiatives without owners: two separate translated 'Owners' items, never the joined English message  586ms
   ✓ G4 refusal item by item (ar) > without a usable gate view: one translated line per refused criterion, never the English message  1076ms
   ✓ G4 view (en) > lists the eight G4 criteria with their missing items: 'Owners', 'Finance validation' and the initiative  305ms
   ✓ G4 view (en) > a refused submission shows the 422 list with the initiative names, translated  491ms
   ✓ G4 view (en) > the decision's 403 urn:mth:problem:forbidden is translated  1177ms
   ✓ G4 view (en) > the decision's 403 urn:mth:problem:forbidden is translated  645ms
   ✓ G4 view (en) > the decision's 409 urn:mth:problem:version-conflict is translated  376ms
   ✓ G4 view (ar) > lists the eight G4 criteria with their missing items: 'Owners', 'Finance validation' and the initiative  315ms
   ✓ G4 view (ar) > a refused submission shows the 422 list with the initiative names, translated  458ms
   ✓ G4 view (ar) > the decision's 403 urn:mth:problem:forbidden is translated  389ms
   ✓ G4 view (ar) > the decision's 403 urn:mth:problem:forbidden is translated  1060ms
   ✓ G4 view (ar) > the decision's 409 urn:mth:problem:version-conflict is translated  827ms
 ✓ |unit-web| src/pages/kpi/kpi-periods.test.tsx (6 tests) 10268ms
   ✓ KPI update periods (en) > a Lead or KPI owner chooses an open period that is not the current one, from the transformation's list  1513ms
   ✓ KPI update periods (en) > a transformation-scoped KPI owner (no organization.read) gets the same choice  587ms
   ✓ KPI update periods (en) > no open period of the KPI's frequency: the form says so; a failed list is an error, never an empty choice  3933ms
   ✓ KPI update periods (ar) > a Lead or KPI owner chooses an open period that is not the current one, from the transformation's list  534ms
   ✓ KPI update periods (ar) > a transformation-scoped KPI owner (no organization.read) gets the same choice  369ms
   ✓ KPI update periods (ar) > no open period of the KPI's frequency: the form says so; a failed list is an error, never an empty choice  3326ms
 ✓ |unit-web| src/pages/my-work/my-work.test.tsx (21 tests) 6943ms
   ✓ My Work (en) > renders tasks and reminders from messageKey + messageParams; Unknown due dates; system-managed tasks  741ms
   ✓ My Work (en) > marks a task done and a reminder read with bodiless POSTs and If-Match  781ms
   ✓ My Work (ar) > marks a task done and a reminder read with bodiless POSTs and If-Match  822ms
   ✓ Calendar, jobs and groups (en) > calendar: a technical administrator adds a holiday; a range error is caught before sending  750ms
   ✓ Calendar, jobs and groups (en) > jobs: no permission without job.read; job.configure edits a schedule with If-Match  564ms
   ✓ Calendar, jobs and groups (en) > groups: membership grants no permission (stated); group.manage creates a group  476ms
   ✓ Calendar, jobs and groups (ar) > calendar: read-only without calendar.configure; the calculator shows Unknown with its reason  469ms
   ✓ Calendar, jobs and groups (ar) > calendar: a technical administrator adds a holiday; a range error is caught before sending  560ms
   ✓ Calendar, jobs and groups (ar) > jobs: no permission without job.read; job.configure edits a schedule with If-Match  811ms
 ✓ |unit-web| src/pages/dependencies/dependencies.test.tsx (12 tests) 8344ms
   ✓ dependencies (en) > shows the seven T08 columns, an External source, the type label and the needed-by conflict flag  1758ms
   ✓ dependencies (en) > a cycle is refused and shown as the translated message with the path INI-01 → INI-02 → INI-03 → INI-01  936ms
   ✓ dependencies (en) > an External source is sent as {kind: external, label}  857ms
   ✓ dependencies (en) > dependency types: system types are undeletable; an administrator may retire a custom type  649ms
   ✓ dependencies (en) > a system type's 422 dependency_type.system_undeletable is translated  457ms
   ✓ dependencies (en) > the read-only auditor sees the map and no write control  521ms
   ✓ dependencies (ar) > shows the seven T08 columns, an External source, the type label and the needed-by conflict flag  478ms
   ✓ dependencies (ar) > a cycle is refused and shown as the translated message with the path INI-01 → INI-02 → INI-03 → INI-01  778ms
   ✓ dependencies (ar) > an External source is sent as {kind: external, label}  706ms
   ✓ dependencies (ar) > dependency types: system types are undeletable; an administrator may retire a custom type  583ms
   ✓ dependencies (ar) > the read-only auditor sees the map and no write control  337ms
 ✓ |unit-web| src/pages/approvals/approvals.test.tsx (16 tests) 9674ms
   ✓ Approvals (en) > lists my approvals; an Unknown due date shows Unknown with its reason, never a date  632ms
   ✓ Approvals (en) > offers exactly four outcomes; defer needs a date; the decision sends subjectVersion with If-Match  866ms
   ✓ Approvals (en) > a blank rationale is refused before sending  896ms
   ✓ Approvals (en) > a stale 409 says the record changed, records nothing and links to the history  733ms
   ✓ Approvals (en) > the requester is not offered the decision; the history shows 'B on behalf of A'  647ms
   ✓ Approvals (en) > offers 'on behalf of' only for an active delegation to me  737ms
   ✓ Approvals (ar) > offers exactly four outcomes; defer needs a date; the decision sends subjectVersion with If-Match  426ms
   ✓ Approvals (ar) > a stale 409 says the record changed, records nothing and links to the history  753ms
   ✓ Approvals (ar) > the requester is not offered the decision; the history shows 'B on behalf of A'  351ms
   ✓ Approvals (ar) > offers 'on behalf of' only for an active delegation to me  901ms
   ✓ Delegations (en) > records a delegation with Asia/Riyadh wall-clock times sent as UTC; a loop 422 is translated  443ms
   ✓ Delegations (en) > revokes with a reason and If-Match; a read-only user sees no action  570ms
   ✓ Delegations (ar) > revokes with a reason and If-Match; a read-only user sees no action  981ms
 ✓ |unit-web| src/pages/raci/governance.test.tsx (15 tests) 7240ms
   ✓ Governance (en) > RACI: edits a row with the cell selects and saves it as one PATCH with If-Match  1058ms
   ✓ Governance (en) > RACI: an auditor sees the matrix read-only (no cell editor, no save)  409ms
   ✓ Governance (en) > role mapping: an unmapped governance role shows the visible routing error  552ms
   ✓ Governance (en) > decision rights: seeded rows; the due-date preview shows Unknown with its reason  354ms
   ✓ Governance (en) > decision rights: submits the matrix for business approval with If-Match  326ms
   ✓ Governance (en) > decision rights: a field with an unknown party code is refused before sending  719ms
   ✓ Governance (ar) > RACI: edits a row with the cell selects and saves it as one PATCH with If-Match  816ms
   ✓ Governance (ar) > role mapping: an unmapped governance role shows the visible routing error  1002ms
   ✓ Governance (ar) > decision rights: submits the matrix for business approval with If-Match  474ms
   ✓ Governance (ar) > decision rights: a field with an unknown party code is refused before sending  487ms
   ✓ Governance (ar) > Transform readiness lists what is missing and links to the fix  402ms
 ✓ |unit-web| src/pages/dispensations/dispensations.test.tsx (12 tests) 10055ms
   ✓ Dispensations (en) > lists waivers and inherited approvals; unverified evidence is shown as unverified; recorder cannot decide  1592ms
   ✓ Dispensations (en) > a waiver needs a reason and an expiry: refused inline, nothing sent; then sent with its scope  629ms
   ✓ Dispensations (en) > an inherited approval (Modular) needs the approving body, the date and evidence; 422s are translated  484ms
   ✓ Dispensations (en) > deciding is a labelled business approval; the delegated-decision 422 and the recorder 403 are translated  1382ms
   ✓ Dispensations (en) > revoking an accepted dispensation needs a reason and is a business approval  481ms
   ✓ Dispensations (en) > the read-only auditor sees the register with no enabled write control  812ms
   ✓ Dispensations (ar) > lists waivers and inherited approvals; unverified evidence is shown as unverified; recorder cannot decide  591ms
   ✓ Dispensations (ar) > a waiver needs a reason and an expiry: refused inline, nothing sent; then sent with its scope  778ms
   ✓ Dispensations (ar) > an inherited approval (Modular) needs the approving body, the date and evidence; 422s are translated  1640ms
   ✓ Dispensations (ar) > deciding is a labelled business approval; the delegated-decision 422 and the recorder 403 are translated  694ms
   ✓ Dispensations (ar) > revoking an accepted dispensation needs a reason and is a business approval  536ms
   ✓ Dispensations (ar) > the read-only auditor sees the register with no enabled write control  426ms
 ✓ |unit-web| src/components/LanguageSwitch.test.tsx (10 tests) 6178ms
   ✓ a refused language save, 'en' → other ('403 csrf') > keeps ar on screen and says, in ar, that it was not saved  1819ms
   ✓ a refused language save, 'ar' → other ('403 csrf') > keeps en on screen and says, in en, that it was not saved  876ms
   ✓ a refused language save, 'en' → other ('403 forbidden') > keeps ar on screen and says, in ar, that it was not saved  817ms
   ✓ a refused language save, 'ar' → other ('503') > keeps en on screen and says, in en, that it was not saved  677ms
   ✓ the live region and the persisted preference > switching back clears the notice; the region stays in the DOM, empty  663ms
   ✓ the live region and the persisted preference > a successful save never flips back to the previous language while the PUT is in flight  399ms
   ✓ the live region and the persisted preference > if the persisted preference changes later and is re-applied, the notice says so in that language  397ms
 ✓ |unit-web| src/pages/gates/inherited-approval.test.tsx (16 tests) 4854ms
   ✓ inherited-approval annotation (en) > Gates list: G1 pending_verification (counts false) is a badge next to 'Not submitted'  1016ms
   ✓ inherited-approval annotation (en) > Gates list: G1 accepted (counts true) is a badge next to 'Not submitted'  434ms
   ✓ inherited-approval annotation (en) > Gates list: G1 accepted (counts false) is a badge next to 'Not submitted'  312ms
   ✓ inherited-approval annotation (en) > Gates list: G1 rejected (counts false) is a badge next to 'Not submitted'  346ms
   ✓ inherited-approval annotation (en) > gate view: an accepted inherited approval is a labelled row beside the 'Not submitted' status  448ms
   ✓ inherited-approval annotation (ar) > Gates list: G1 accepted (counts false) is a badge next to 'Not submitted'  500ms
 ✓ |unit-web| src/pages/roadmap/fe-e.test.tsx (8 tests) 7518ms
   ✓ wave editing (en) > edits planned dates (overlap accepted) with If-Match; the source text is read-only and never sent  1143ms
   ✓ wave editing (en) > 422 roadmap_wave.planned_range is inline at the planned end and translated  1110ms
   ✓ wave editing (en) > adds a non-source wave with its bilingual texts (POST, Idempotency-Key)  1871ms
   ✓ wave editing (ar) > edits planned dates (overlap accepted) with If-Match; the source text is read-only and never sent  870ms
   ✓ wave editing (ar) > 422 roadmap_wave.planned_range is inline at the planned end and translated  764ms
   ✓ wave editing (ar) > adds a non-source wave with its bilingual texts (POST, Idempotency-Key)  1332ms
 ✓ |unit-web| src/app/app.test.tsx (17 tests) 6154ms
   ✓ bilingual shell > switches to English LTR and persists the preference with If-Match  667ms
   ✓ bilingual shell > shows all fourteen areas to an administrator  1108ms
   ✓ bilingual shell > hides Administration from a Workstream Lead, and the admin route shows no-permission  660ms
   ✓ bilingual shell > a partial area (Governance) leads into the Gates tab of each transformation; its portfolio view stays planned  608ms
   ✓ transformations > lists transformations with a sortable code column and removable filter chips  936ms
   ✓ transformations > detail shows the workspace header with Unknown for data from later stages  783ms
   ✓ transformations > edit: a 409 writes nothing, shows compare, and re-applies on the current version  480ms
 ✓ |unit-web| src/components/RecordForm.alerts.test.tsx (16 tests) 5148ms
   ✓ record form: one alert per distinct form error (en) > dialog > a 400 whose only field error has pointer "" says its message once, in one live region  833ms
   ✓ record form: one alert per distinct form error (en) > dialog > the same pointer-"" code twice is still said once  527ms
   ✓ record form: one alert per distinct form error (en) > dialog > two distinct form-level messages: each is said exactly once, one live region each  320ms
   ✓ record form: one alert per distinct form error (en) > dialog > a field-pointer error stays on its field; the generic banner is said once  484ms
   ✓ record form: one alert per distinct form error (en) > inline-sections > a 400 whose only field error has pointer "" says its message once, in one live region  561ms
   ✓ record form: one alert per distinct form error (ar) > dialog > a 400 whose only field error has pointer "" says its message once, in one live region  675ms
   ✓ record form: one alert per distinct form error (ar) > inline-sections > a field-pointer error stays on its field; the generic banner is said once  323ms
 ✓ |unit-web| src/app/p3-seams.test.tsx (10 tests) 7028ms
   ✓ P3 routes > workspace tabs (en) > the workspace tabs include the P3 tabs, labelled from their own namespaces  1577ms
   ✓ P3 routes > workspace tabs (ar) > the workspace tabs include the P3 tabs, labelled from their own namespaces  582ms
   ✓ P3 navigation areas > en /initiatives-roadmaps leads into the Initiatives and Roadmaps tab of each transformation  1371ms
   ✓ P3 navigation areas > ar /initiatives-roadmaps leads into the المبادرات وخرائط الطريق tab of each transformation  1223ms
   ✓ P3 navigation areas > en /benefits-finance leads into the Benefits and Finance tab of each transformation  1076ms
   ✓ P3 navigation areas > ar /benefits-finance leads into the المنافع والمالية tab of each transformation  1176ms
 ✓ |unit-web| src/pages/transformations/modeGuidance.test.tsx (5 tests) 4709ms
   ✓ New transformation: mode guidance (English LTR) > shows When to use and How for the selected mode and switches with the mode  2915ms
   ✓ New transformation: mode guidance (English LTR) > Modular requires an entry phase before anything is sent  797ms
   ✓ New transformation: mode guidance (English LTR) > a server validation error on the entry phase is shown on that field  716ms
 ✓ |unit-web| src/components/States.test.tsx (15 tests) 1025ms
   ✓ explicit states in en > loading is a polite live region with a text label  510ms
 ✓ |unit-web| src/pages/capacity/capacity.test.tsx (6 tests) 3170ms
   ✓ capacity (en) > the role × month grid shows decimal FTE, the conflict with its shortfall, and Unknown capacity as Unknown (never 0)  622ms
   ✓ capacity (en) > committing a demand POSTs with If-Match; a 409 shows the conflict notice and reloads  719ms
   ✓ capacity (en) > the read-only auditor sees the grid and no commit or release control  328ms
   ✓ capacity (ar) > the role × month grid shows decimal FTE, the conflict with its shortfall, and Unknown capacity as Unknown (never 0)  538ms
   ✓ capacity (ar) > committing a demand POSTs with If-Match; a 409 shows the conflict notice and reloads  540ms
   ✓ capacity (ar) > the read-only auditor sees the grid and no commit or release control  419ms
 ✓ |unit-web| src/pages/readiness/readiness.test.tsx (4 tests) 2477ms
   ✓ Readiness (en) > lists the missing diagnostic areas by name, the gates and the translated sequencing blockers  1278ms
   ✓ Readiness (en) > an accepted, verified inherited approval counts, and the gate itself still is not approved  472ms
   ✓ Readiness (ar) > lists the missing diagnostic areas by name, the gates and the translated sequencing blockers  510ms
 ✓ |unit-web| src/lib/auditChanges.test.ts (125 tests) 556ms
 ✓ |unit-web| src/i18n/i18n.test.ts (11 tests) 232ms
 ✓ |unit-web| src/pages/my-work/message-keys.test.ts (83 tests) 502ms
 ✓ |unit-web| src/i18n/glossary.test.ts (8 tests) 30ms
 ✓ |unit-web| src/i18n/problems-slices-hijk.test.ts (8 tests) 357ms
 ✓ |unit-web| src/test/react-warning-guard.test.tsx (4 tests) 46ms
 ✓ |unit-web| src/styles/styles.test.ts (6 tests) 16ms
 ✓ |unit-web| src/lib/lib.test.ts (24 tests) 204ms
 ✓ |unit-web| src/test/harness-config.test.ts (2 tests) 5ms
 ✓ |unit-web| src/pages/business-cases/problem-codes.test.ts (4 tests) 25ms
 ✓ |unit-node| apps/api/src/modules/kpi/kpi.test.ts (39 tests) 4759ms
   ✓ kpi module (P2) > its declared boundary holds, and a planted bypass or undeclared dependency would be caught  4532ms
 ✓ |unit-node| packages/shared/src/formula/fuzz.test.ts (111 tests) 22582ms
   ✓ fuzz: no uncaught exception, no code execution > 10 000 random byte strings (0–255, up to 80 bytes)  4344ms
   ✓ fuzz: no uncaught exception, no code execution > 10 000 random UTF-16 strings including astral code points and lone surrogates  3991ms
   ✓ fuzz: no uncaught exception, no code execution > 20 000 random strings over the grammar alphabet reach parser, type checker and evaluator  9646ms
   ✓ source scan: no dynamic code in packages/shared/src/formula (ADR-0024 §6) > every file of the engine's import closure gets the engine-source lint rules (eslint.config.js)  3259ms
   ✓ source scan: no dynamic code in packages/shared/src/formula (ADR-0024 §6) > ESLint refuses the round-5 handler forms (G1, G2, A1, A2), F1 and every lintable probe-table row in an engine source  1104ms
 ✓ |unit-node| packages/shared/src/kpi/property.test.ts (11 tests) 2753ms
   ✓ measures > higher- and lower-is-better shortfalls are exact negatives; deviation follows the sign  700ms
   ✓ RAG > higher-is-better: a lower actual never gives a better RAG (monotonic), relative and absolute  352ms
   ✓ changes > pp = (x₁ − x₀) × 100 exactly, and relative × |x₀| = x₁ − x₀ (to precision 80)  332ms
 ✓ |unit-node| apps/api/src/architecture.test.ts (137 tests) 30963ms
   ✓ API module boundaries (ADR-0002) > every import respects dependsOn, public surfaces and allowed packages  21233ms
   ✓ package dependency direction (ADR-0002 rule 5) > packages/db imports only @mth/config and @mth/shared  532ms
   ✓ package dependency direction (ADR-0002 rule 5) > packages/shared imports no workspace package  1947ms
   ✓ package dependency direction (ADR-0002 rule 5) > apps/web never imports @mth/db or @mth/config (browser bundle, no secrets)  5387ms
   ✓ package dependency direction (ADR-0002 rule 5) > apps/worker imports no API code  649ms
 ✓ |unit-node| apps/api/src/modules/workflows/workflows.test.ts (14 tests) 4807ms
   ✓ workflows module (P2) > its declared boundary holds, and an undeclared dependency would be caught  4697ms
 ✓ |unit-node| packages/shared/src/adoption/measures.test.ts (24 tests) 635ms
   ✓ properties (seeded) > never 0 for an empty denominator: Unknown with value null exactly when the denominator is 0  312ms
 ✓ |unit-node| apps/api/src/modules/evidence/evidence.test.ts (13 tests) 1175ms
   ✓ evidence module (P2) > its declared boundary holds  854ms
 ✓ |unit-node| apps/api/src/modules/reporting/reporting.test.ts (4 tests) 2744ms
   ✓ reporting module (P1 scaffold, D-048) > its declared boundary holds, and a planted bypass or undeclared dependency would be caught  2467ms
 ✓ |unit-node| packages/shared/src/scoring.test.ts (36 tests) 1208ms
   ✓ property: all 5^5 integer score combinations under v1 equal an independent BigInt rational computation > stored value, 2-digit display and 0–100 view all match for 3125 combinations  1051ms
 ✓ |unit-node| apps/api/src/server.test.ts (6 tests) 2920ms
   ✓ route registration > declares access on every /api route and on the health endpoints  1331ms
   ✓ route registration > registers dev login only in AUTH_MODE=dev; production configuration refuses dev mode entirely  846ms
   ✓ session cookie security in production (F-DG1-112) > an https production origin starts  363ms
 ✓ |unit-node| apps/api/src/modules/methodology/methodology.test.ts (4 tests) 885ms
   ✓ methodology module (P2) > its declared boundary holds, and an undeclared dependency would be caught  814ms
 ✓ |unit-node| apps/api/src/modules/reporting/dashboards/areas.test.ts (19 tests) 533ms
   ✓ combine (ADR-0037 §3 precedence) > property: Unknown or Stale inputs never combine to green, and the result is one of the inputs' ranks (2000 seeded sets)  300ms
 ✓ |unit-node| apps/api/src/modules/platform/platform.test.ts (19 tests) 301ms
 ✓ |unit-node| packages/shared/src/value.test.ts (29 tests) 595ms
 ✓ |unit-node| apps/api/src/modules/platform/in-flight.test.ts (4 tests) 282ms
 ✓ |unit-node| packages/shared/src/schemas/schemas.test.ts (69 tests) 379ms
 ✓ |unit-node| packages/config/src/load.test.ts (17 tests) 144ms
 ✓ |unit-node| apps/api/src/modules/platform/media-types.test.ts (57 tests) 600ms
 ✓ |unit-node| apps/api/src/modules/platform/advisory-locks.test.ts (3 tests) 225ms
 ✓ |unit-node| packages/shared/src/formula/formula.test.ts (140 tests) 127ms
 ✓ |unit-node| apps/api/src/modules/platform/incomplete-body.test.ts (10 tests) 182ms
 ✓ |unit-node| apps/api/src/modules/platform/connection-hygiene.test.ts (6 tests) 94ms
 ✓ |unit-node| apps/api/src/modules/platform/health.test.ts (2 tests) 108ms
 ✓ |unit-node| apps/api/src/modules/benefits/register-rules.test.ts (45 tests) 144ms
 ✓ |unit-node| apps/api/src/request-encoding.test.ts (11 tests) 230ms
 ✓ |unit-node| apps/api/src/modules/governance/governance.test.ts (2 tests) 97ms
 ✓ |unit-node| apps/api/src/modules/benefits/benefits.test.ts (2 tests) 97ms
 ✓ |unit-node| packages/shared/src/time/working-days.test.ts (19 tests) 109ms
(node:4813) [FSTDEP022] FastifyWarning: The router options for constraints property access is deprecated. Please use "options.routerOptions" instead for accessing router options. The router options will be removed in `fastify@6`.
(Use `node --trace-warnings ...` to show where the warning was created)
 ✓ |unit-node| apps/api/src/modules/platform/framework-errors.test.ts (6 tests) 89ms
 ✓ |unit-node| apps/api/src/modules/kpi/rules.test.ts (30 tests) 137ms
 ✓ |unit-node| apps/api/src/modules/tasks/tasks.test.ts (5 tests) 28ms
 ✓ |unit-node| packages/design-tokens/src/tokens.test.ts (15 tests) 77ms
 ✓ |unit-node| apps/api/src/modules/admin/branding.test.ts (4 tests) 52ms
 ✓ |unit-node| apps/api/src/modules/sustainment/sustainment.test.ts (2 tests) 54ms
 ✓ |unit-node| apps/api/src/modules/portfolio/budget.test.ts (13 tests) 33ms
 ✓ |unit-node| apps/api/src/modules/platform/request-encoding.test.ts (7 tests) 8ms
 ✓ |unit-node| packages/shared/src/schemas/roadmap.test.ts (6 tests) 11ms
 ✓ |unit-node| apps/api/src/modules/benefits/totals.test.ts (14 tests) 73ms
 ✓ |unit-node| packages/shared/src/kpi/change.test.ts (22 tests) 66ms
 ✓ |unit-node| packages/db/src/seed.test.ts (34 tests) 189ms
 ✓ |unit-node| apps/api/src/modules/kpi/kbe-c.test.ts (9 tests) 31ms
 ✓ |unit-node| apps/api/src/modules/raid/raid.test.ts (7 tests) 130ms
 ✓ |unit-node| apps/api/src/modules/kpi/p3-gate-facts.test.ts (9 tests) 28ms
 ✓ |unit-node| apps/api/src/modules/adoption/adoption.test.ts (2 tests) 46ms
 ✓ |unit-node| packages/shared/src/kpi/types.test.ts (40 tests) 20ms
 ✓ |unit-node| packages/shared/src/kpi/a05.test.ts (17 tests) 97ms
 ✓ |unit-node| packages/shared/src/schedule/working-day-slip.test.ts (11 tests) 15ms
 ✓ |unit-node| packages/shared/src/schemas/missing-links.test.ts (10 tests) 14ms
 ✓ |unit-node| apps/api/src/modules/identity/oidc-claims.test.ts (5 tests) 18ms
 ✓ |unit-node| packages/shared/src/schemas/corrective.test.ts (10 tests) 10ms
 ✓ |unit-node| apps/api/src/modules/portfolio/schedule.test.ts (14 tests) 20ms
 ✓ |unit-node| apps/api/src/modules/transformations/good-outcome.test.ts (7 tests) 17ms
 ✓ |unit-node| apps/api/src/modules/transformations/thesis.test.ts (4 tests) 21ms
 ✓ |unit-node| packages/shared/src/kpi/periods.test.ts (26 tests) 22ms
 ✓ |unit-node| packages/shared/src/kpi/purity.test.ts (14 tests) 53ms
 ✓ |unit-node| packages/shared/src/governance/recurrence.test.ts (19 tests) 32ms
 ✓ |unit-node| apps/api/src/modules/kpi/formulas.test.ts (10 tests) 99ms
 ✓ |unit-node| packages/shared/src/kpi/aggregate.test.ts (20 tests) 12ms
 ✓ |unit-node| packages/shared/src/kpi/status.test.ts (25 tests) 12ms
 ✓ |unit-node| packages/shared/src/kpi/trajectory.test.ts (14 tests) 32ms
 ✓ |unit-node| apps/api/src/modules/platform/db-errors-p4.test.ts (5 tests) 16ms
 ✓ |unit-node| apps/api/src/modules/raid/corrective.test.ts (4 tests) 65ms
 ✓ |unit-node| apps/api/src/modules/benefits/d2-rules.test.ts (15 tests) 25ms
 ✓ |unit-node| packages/shared/src/kpi/formula-binding.test.ts (26 tests) 39ms
 ✓ |unit-node| packages/shared/src/kpi/rag.test.ts (38 tests) 42ms
 ✓ |unit-node| apps/api/src/modules/kpi/totals.test.ts (20 tests) 25ms
 ✓ |unit-node| apps/api/src/modules/access/rules.test.ts (12 tests) 19ms
 ✓ |unit-node| packages/shared/src/adoption/form-schema.test.ts (8 tests) 14ms
 ✓ |unit-node| packages/shared/src/kpi/measures.test.ts (30 tests) 22ms
 ✓ |unit-node| packages/shared/src/schedule/critical-path.test.ts (13 tests) 20ms
 ✓ |unit-node| apps/api/src/modules/reporting/dashboards/finance.test.ts (12 tests) 25ms
 ✓ |unit-node| apps/api/src/modules/platform/db-errors.test.ts (7 tests) 34ms
 ✓ |unit-node| apps/api/src/modules/portfolio/capacity.test.ts (4 tests) 36ms
 ✓ |unit-node| apps/api/src/modules/workflows/t08-cycle-problem.test.ts (2 tests) 7ms
 ✓ |unit-node| apps/api/src/modules/transformations/transitions.test.ts (2 tests) 6ms
 ✓ |unit-node| apps/api/src/modules/portfolio/sequencing.test.ts (9 tests) 16ms
 ✓ |unit-node| apps/api/src/modules/workflows/g4.test.ts (5 tests) 12ms
 ✓ |unit-node| apps/api/src/modules/platform/db-errors-p4-meetings.test.ts (4 tests) 18ms
 ✓ |unit-node| apps/api/src/modules/transformations/exclusions.test.ts (19 tests) 5ms
 ✓ |unit-node| apps/api/src/modules/portfolio/readiness-transform.test.ts (4 tests) 12ms
 ✓ |unit-node| apps/api/src/modules/governance/raci.test.ts (2 tests) 3ms

 Test Files  130 passed (130)
      Tests  2514 passed (2514)
   Start at  04:04:58
   Duration  361.21s (transform 20.43s, setup 15.76s, collect 314.84s, tests 595.35s, environment 59.17s, prepare 22.42s)


 RUN  v3.2.4 /home/user/wt/dg4-fe-r1

 ✓ |unit-formula-nocodegen| packages/shared/src/formula/codegen.nocodegen.test.ts (10 tests) 25ms
 ✓ |unit-formula-nocodegen| packages/shared/src/formula/formula.test.ts (140 tests) 479ms
 ✓ |unit-formula-nocodegen| packages/shared/src/formula/fuzz.test.ts (111 tests | 2 skipped) 7002ms
   ✓ fuzz: no uncaught exception, no code execution > 10 000 random byte strings (0–255, up to 80 bytes)  2145ms
   ✓ fuzz: no uncaught exception, no code execution > 10 000 random UTF-16 strings including astral code points and lone surrogates  1746ms
   ✓ fuzz: no uncaught exception, no code execution > 20 000 random strings over the grammar alphabet reach parser, type checker and evaluator  3054ms

 Test Files  3 passed (3)
      Tests  259 passed | 2 skipped (261)
   Start at  04:11:01
   Duration  8.61s (transform 792ms, setup 0ms, collect 1.90s, tests 7.51s, environment 1ms, prepare 446ms)

== exit=0 2026-10-10T04:11:09Z
