Scope: 7 of 8 workspace projects
packages/design-tokens build$ tsc -p tsconfig.build.json && node src/cli.ts generate
packages/shared build$ tsc -p tsconfig.build.json
packages/design-tokens build: generated /home/user/wt/dg3-fe-b/packages/design-tokens/dist/tokens.css
packages/design-tokens build: Done
packages/shared build: Done
apps/web build$ tsc -p tsconfig.json && vite build
packages/config build$ tsc -p tsconfig.build.json
packages/config build: Done
apps/web build: vite v7.1.11 building for production...
apps/web build: transforming...
apps/web build: ✓ 355 modules transformed.
apps/web build: rendering chunks...
apps/web build: computing gzip size...
apps/web build: dist/index.html                                                      1.11 kB │ gzip:   0.48 kB
apps/web build: dist/assets/ibm-plex-sans-latin-400-normal-CYLoc0-x.woff            22.10 kB
apps/web build: dist/assets/ibm-plex-sans-latin-400-normal-CDDApCn2.woff2           22.59 kB
apps/web build: dist/assets/ibm-plex-sans-latin-600-normal-Cu4Hd6ag.woff            23.88 kB
apps/web build: dist/assets/ibm-plex-sans-latin-500-normal-BgVn5rGT.woff            23.92 kB
apps/web build: dist/assets/ibm-plex-sans-latin-500-normal-6ng42L7E.woff2           24.18 kB
apps/web build: dist/assets/ibm-plex-sans-latin-600-normal-CuJfVYMP.woff2           24.25 kB
apps/web build: dist/assets/ibm-plex-sans-arabic-arabic-400-normal-BM00HIL5.woff2   42.88 kB
apps/web build: dist/assets/ibm-plex-sans-arabic-arabic-400-normal-D-ylXcdQ.woff    44.18 kB
apps/web build: dist/assets/ibm-plex-sans-arabic-arabic-500-normal-CVSLUoBh.woff2   45.49 kB
apps/web build: dist/assets/ibm-plex-sans-arabic-arabic-600-normal-a0NpOJIw.woff2   45.73 kB
apps/web build: dist/assets/ibm-plex-sans-arabic-arabic-600-normal-BQ7tCLaK.woff    46.83 kB
apps/web build: dist/assets/ibm-plex-sans-arabic-arabic-500-normal-DCkCZrW1.woff    46.96 kB
apps/web build: dist/assets/vendor-DXNDhYAL.css                                      1.52 kB │ gzip:   0.33 kB
apps/web build: dist/assets/index-B1KqSA_g.css                                      27.82 kB │ gzip:   5.40 kB
apps/web build: dist/assets/vendor-PF2We76t.js                                       1.22 kB │ gzip:   0.68 kB │ map:     4.19 kB
apps/web build: dist/assets/vendor-i18n-Tc_lL6T7.js                                 49.18 kB │ gzip:  16.30 kB │ map:   166.95 kB
apps/web build: dist/assets/vendor-tanstack-CZlPLVjH.js                             85.25 kB │ gzip:  23.73 kB │ map:   371.56 kB
apps/web build: dist/assets/vendor-forms-B1bMPVCS.js                               110.88 kB │ gzip:  36.24 kB │ map:   652.19 kB
apps/web build: dist/assets/vendor-react-ZNOxEd5P.js                               273.19 kB │ gzip:  87.38 kB │ map: 1,376.51 kB
apps/web build: dist/assets/index-C5PrSajk.js                                      689.09 kB │ gzip: 174.75 kB │ map: 1,674.21 kB
apps/web build: (!) Some chunks are larger than 500 kB after minification. Consider:
apps/web build: - Using dynamic import() to code-split the application
apps/web build: - Use build.rollupOptions.output.manualChunks to improve chunking: https://rollupjs.org/configuration-options/#output-manualchunks
apps/web build: - Adjust chunk size limit for this warning via build.chunkSizeWarningLimit.
apps/web build: ✓ built in 3.36s
apps/web build: Done
packages/db build$ tsc -p tsconfig.build.json
packages/db build: Done
apps/api build$ tsc -p tsconfig.build.json
apps/worker build$ tsc -p tsconfig.build.json
apps/worker build: Done
apps/api build: Done
EXIT=0
