
> mobily-transformation-hub@0.1.0 test /home/user/wt/dg4-fe-b
> vitest run --project unit-node --project unit-web && vitest run --project unit-formula-nocodegen


 RUN  v3.2.4 /home/user/wt/dg4-fe-b

 ✓ |unit-web| src/pages/render-time-language.test.tsx (28 tests) 29907ms
   ✓ sign-in (dev form), 'en' → 'ar' > an invalid user name: the inline message follows the switch  380ms
   ✓ journey step editor, 'en' → 'ar' > a field error on a step follows the switch  1201ms
   ✓ journey step editor, 'en' → 'ar' > the form-level "Step N:" error follows the switch (prefix and message)  1865ms
   ✓ journey step editor, 'ar' → 'en' > a field error on a step follows the switch  1757ms
   ✓ journey step editor, 'ar' → 'en' > the form-level "Step N:" error follows the switch (prefix and message)  1386ms
   ✓ row-action note and reason dialog, 'en' → 'ar' > the Finance validation note's 'required' follows the switch  1946ms
   ✓ row-action note and reason dialog, 'en' → 'ar' > the Finance validation choice's 'required' follows the switch  2124ms
   ✓ row-action note and reason dialog, 'en' → 'ar' > the archive reason's 'too short' follows the switch  1869ms
   ✓ row-action note and reason dialog, 'ar' → 'en' > the Finance validation note's 'required' follows the switch  2579ms
   ✓ row-action note and reason dialog, 'ar' → 'en' > the Finance validation choice's 'required' follows the switch  2142ms
   ✓ row-action note and reason dialog, 'ar' → 'en' > the archive reason's 'too short' follows the switch  1567ms
   ✓ gate dialogs, 'en' → 'ar' > the submission note's field error follows the switch  485ms
   ✓ gate dialogs, 'en' → 'ar' > the decision rationale's field error follows the switch  1183ms
   ✓ gate dialogs, 'ar' → 'en' > the submission note's field error follows the switch  857ms
   ✓ gate dialogs, 'ar' → 'en' > the decision rationale's field error follows the switch  703ms
   ✓ North Star statement, 'en' → 'ar' > the statement's field error follows the switch  858ms
   ✓ North Star statement, 'ar' → 'en' > the statement's field error follows the switch  900ms
   ✓ evidence dialogs, 'en' → 'ar' > upload without a file: 'required' follows the switch  677ms
   ✓ evidence dialogs, 'en' → 'ar' > a link without a record type or record: both 'required' messages follow the switch  1092ms
   ✓ evidence dialogs, 'ar' → 'en' > upload without a file: 'required' follows the switch  1805ms
   ✓ evidence dialogs, 'ar' → 'en' > a link without a record type or record: both 'required' messages follow the switch  1776ms
 ✓ |unit-web| src/pages/p2-blank-forms.test.tsx (52 tests) 59591ms
   ✓ gate submission note (en) > a whitespace-only note is refused inline and nothing is sent  1144ms
   ✓ gate submission note (en) > a invisible-only note is refused inline and nothing is sent  510ms
   ✓ gate submission note (en) > visible text is sent verbatim; an empty note is omitted  898ms
   ✓ gate submission note (ar) > a whitespace-only note is refused inline and nothing is sent  317ms
   ✓ gate submission note (ar) > a invisible-only note is refused inline and nothing is sent  368ms
   ✓ gate submission note (ar) > visible text is sent verbatim; an empty note is omitted  958ms
   ✓ gate decision rationale and comments (en) > a whitespace-only rationale is refused inline and nothing is sent  1009ms
   ✓ gate decision rationale and comments (en) > a invisible-only rationale is refused inline and nothing is sent  1352ms
   ✓ gate decision rationale and comments (en) > a invisible (long enough for min 3)-only rationale is refused inline and nothing is sent  928ms
   ✓ gate decision rationale and comments (en) > a whitespace-only comment is refused inline (focus on it) and nothing is sent  2186ms
   ✓ gate decision rationale and comments (en) > a invisible-only comment is refused inline (focus on it) and nothing is sent  957ms
   ✓ gate decision rationale and comments (en) > visible text is sent verbatim; empty comments are omitted; an empty rationale stays 'too short'  1112ms
   ✓ gate decision rationale and comments (en) > a server 400 validation.blank on /rationale lands on the field  1805ms
   ✓ gate decision rationale and comments (ar) > a whitespace-only rationale is refused inline and nothing is sent  2293ms
   ✓ gate decision rationale and comments (ar) > a invisible-only rationale is refused inline and nothing is sent  776ms
   ✓ gate decision rationale and comments (ar) > a invisible (long enough for min 3)-only rationale is refused inline and nothing is sent  1444ms
   ✓ gate decision rationale and comments (ar) > a whitespace-only comment is refused inline (focus on it) and nothing is sent  1628ms
   ✓ gate decision rationale and comments (ar) > a invisible-only comment is refused inline (focus on it) and nothing is sent  1958ms
   ✓ gate decision rationale and comments (ar) > visible text is sent verbatim; empty comments are omitted; an empty rationale stays 'too short'  627ms
   ✓ gate decision rationale and comments (ar) > a server 400 validation.blank on /rationale lands on the field  546ms
   ✓ journey step editor (en) > a whitespace-only actor is refused inline (not turned into null) and nothing is sent  594ms
   ✓ journey step editor (en) > a invisible-only actor is refused inline (not turned into null) and nothing is sent  800ms
   ✓ journey step editor (en) > several blank fields: each gets the message and focus goes to the first (name)  1696ms
   ✓ journey step editor (en) > visible text is sent verbatim; emptied optional text is null; an empty name is required  1554ms
   ✓ journey step editor (ar) > a whitespace-only actor is refused inline (not turned into null) and nothing is sent  1414ms
   ✓ journey step editor (ar) > a invisible-only actor is refused inline (not turned into null) and nothing is sent  1801ms
   ✓ journey step editor (ar) > several blank fields: each gets the message and focus goes to the first (name)  1819ms
   ✓ journey step editor (ar) > visible text is sent verbatim; emptied optional text is null; an empty name is required  2412ms
   ✓ Finance validation note and archive reason (en) > note: a whitespace-only note is refused inline and nothing is sent  465ms
   ✓ Finance validation note and archive reason (en) > note: a invisible-only note is refused inline and nothing is sent  1430ms
   ✓ Finance validation note and archive reason (en) > note: empty is 'required'; visible text is sent verbatim  1086ms
   ✓ Finance validation note and archive reason (en) > reason: a whitespace-only reason is refused inline and nothing is archived  736ms
   ✓ Finance validation note and archive reason (en) > reason: a invisible-only reason is refused inline and nothing is archived  520ms
   ✓ Finance validation note and archive reason (en) > reason: a server 400 validation.blank on /reason is the field message, not a generic error  1137ms
   ✓ Finance validation note and archive reason (en) > reason: a reason with U+0000 is refused inline with the localized message and nothing is archived  1615ms
   ✓ Finance validation note and archive reason (en) > reason: a server 400 validation.invalid_character on /reason is the localized field message  1672ms
   ✓ Finance validation note and archive reason (en) > reason: empty keeps 'too short'; visible text is sent verbatim  1419ms
   ✓ Finance validation note and archive reason (ar) > note: a whitespace-only note is refused inline and nothing is sent  1422ms
   ✓ Finance validation note and archive reason (ar) > note: a invisible-only note is refused inline and nothing is sent  1087ms
   ✓ Finance validation note and archive reason (ar) > note: empty is 'required'; visible text is sent verbatim  607ms
   ✓ Finance validation note and archive reason (ar) > reason: a whitespace-only reason is refused inline and nothing is archived  1335ms
   ✓ Finance validation note and archive reason (ar) > reason: a invisible-only reason is refused inline and nothing is archived  1318ms
   ✓ Finance validation note and archive reason (ar) > reason: a server 400 validation.blank on /reason is the field message, not a generic error  1028ms
   ✓ Finance validation note and archive reason (ar) > reason: a reason with U+0000 is refused inline with the localized message and nothing is archived  911ms
   ✓ Finance validation note and archive reason (ar) > reason: a server 400 validation.invalid_character on /reason is the localized field message  1852ms
   ✓ Finance validation note and archive reason (ar) > reason: empty keeps 'too short'; visible text is sent verbatim  1031ms
   ✓ North Star statement (en) > a whitespace-only statement is refused inline and nothing is sent  1027ms
   ✓ North Star statement (en) > a invisible-only statement is refused inline and nothing is sent  496ms
   ✓ North Star statement (ar) > a whitespace-only statement is refused inline and nothing is sent  789ms
   ✓ North Star statement (ar) > a invisible-only statement is refused inline and nothing is sent  899ms
   ✓ P1 transformation edit: server validation.blank on /name (en) > is the localized field message, not only a generic failure  541ms
 ✓ |unit-web| src/pages/p2.test.tsx (56 tests) 62382ms
   ✓ Diagnose > shows the six T01 dimensions with Unknown for missing values, and value pools that are never 0  1259ms
   ✓ Diagnose > shows the totals as Unknown when no pool is quantified  528ms
   ✓ Diagnose > renders the six workstreams with their key questions  859ms
   ✓ Diagnose > edits a T01 row with only the changed fields and If-Match  1483ms
   ✓ Diagnose > a 409 on save writes nothing, compares, and re-applies on the current version  1594ms
   ✓ Diagnose > a 400 validation.blank shows a localized message on its field ('en')  2594ms
   ✓ Diagnose > a 400 validation.blank shows a localized message on its field ('ar')  1684ms
   ✓ Diagnose > an invisible-only value is blocked client-side with validation.blank ('en')  2416ms
   ✓ Diagnose > an invisible-only value is blocked client-side with validation.blank ('ar')  2954ms
   ✓ Diagnose > a whitespace-only T01 value is an inline blank error and sends nothing ('en')  2471ms
   ✓ Diagnose > a whitespace-only T01 value is an inline blank error and sends nothing ('ar')  1619ms
   ✓ Diagnose > T01: an emptied field is sent as an explicit null; visible text is sent verbatim  1565ms
   ✓ Diagnose > Arabic: RTL with Arabic labels and the unquantified label  701ms
   ✓ Define > shows the good outcome test per outcome with pass / fail / unknown and localized reasons  680ms
   ✓ Define > requires a target date on a T02 row before sending anything  1538ms
   ✓ Define > sets the North Star with one sentence and no If-Match the first time  926ms
   ✓ Define: KPI activation (F-DG2-201) > offers Activate on a draft KPI, states the unmet precondition on 422, then activates with If-Match  1595ms
   ✓ Define: KPI activation (F-DG2-201) > Arabic: the Activate action and the 422 reason are in Arabic  2644ms
   ✓ Define: KPI activation (F-DG2-201) > an active KPI shows Active and offers no Activate  866ms
   ✓ Charter > scope pre-check: an empty Out of scope reads as failing (EN and AR)  2588ms
   ✓ Charter > thesis: an empty part is Incomplete and no sentence is composed (F-DG2-203)  649ms
   ✓ Charter > thesis: a part the API flags incomplete is never shown as answered  384ms
   ✓ Charter > thesis: the four parts compose the B0037 sentence (EN and AR)  1266ms
   ✓ Charter > North Star (field 5): the current statement; a superseded link is flagged Stale (F-DG2-204)  341ms
   ✓ Charter > compares a version with the previous one  869ms
   ✓ Charter > create: a whitespace Case for change is an inline blank error and creates nothing ('en')  632ms
   ✓ Charter > create: a whitespace Case for change is an inline blank error and creates nothing ('ar')  1468ms
   ✓ Charter > edit: a whitespace Out of scope is an inline blank error, sends nothing and keeps the value (en)  1493ms
   ✓ Charter > edit: a whitespace Out of scope is an inline blank error, sends nothing and keeps the value (ar)  1635ms
   ✓ Charter > edit: emptying a filled field sends null; visible text is verbatim (en)  1561ms
   ✓ Charter > edit: emptying a filled field sends null; visible text is verbatim (ar)  1139ms
   ✓ Charter > edit: a change summary alone is not a change (never a content-free version)  619ms
   ✓ Design > shows the ten canvas boxes and the per-dimension view  1660ms
   ✓ Design > converts an unresolved workshop item into a design decision with If-Match  3388ms
   ✓ Decisions (T04) > creates a design decision with inline options and an idempotency key  832ms
   ✓ Gates (business approval) > lists G1-G6 as business approvals with live readiness, and never mentions the engineering gates  882ms
   ✓ Gates (business approval) > shows unverified evidence as unverified, the failing outcome at G2, and submits with If-Match  453ms
   ✓ Gates (business approval) > lists outcomes failing the good outcome test at G2  1548ms
   ✓ Gates (business approval) > the approver's decision: rationale required; 403 and 409 problems in words  1595ms
   ✓ Gates (business approval) > gate list titles: the verbatim B0023 name once, never the code twice (EN and AR)  311ms
   ✓ Gates (business approval) > gate detail heading: the verbatim B0023 name once (EN and AR)  677ms
   ✓ Evidence > uploads a revision as octet-stream with a percent-encoded file name and If-Match  660ms
   ✓ Evidence > never offers review to the creator; a filename reference can only be rejected  1105ms
   ✓ read-only auditor (AUD) > diagnose: no write control and a read-only note  1109ms
   ✓ read-only auditor (AUD) > charter: no write control and a read-only note  713ms
   ✓ read-only auditor (AUD) > define: no write control and a read-only note  865ms
   ✓ read-only auditor (AUD) > design: no write control and a read-only note  341ms
   ✓ read-only auditor (AUD) > team: no write control and a read-only note  307ms
 ✓ |unit-web| src/pages/portfolio/portfolio.test.tsx (32 tests) 27614ms
   ✓ Portfolio (en) > lists code, name, wave, owners and three separate columns: proposed rank, selection and funding  1736ms
   ✓ Portfolio (en) > the proposed rank is Unknown (never 0) when the prioritization view is unavailable  789ms
   ✓ Portfolio (en) > filters by status and wave on the server  1429ms
   ✓ Portfolio (en) > creates a draft at any time: POST /initiatives with the transformation and an Idempotency-Key  520ms
   ✓ Portfolio (en) > the read-only auditor sees the list with no enabled write control  1160ms
   ✓ Portfolio (en) > outcome hierarchy: five levels, an Unknown target is Unknown (never 0)  1059ms
   ✓ Portfolio (ar) > lists code, name, wave, owners and three separate columns: proposed rank, selection and funding  763ms
   ✓ Portfolio (ar) > the proposed rank is Unknown (never 0) when the prioritization view is unavailable  514ms
   ✓ Portfolio (ar) > filters by status and wave on the server  1500ms
   ✓ Portfolio (ar) > creates a draft at any time: POST /initiatives with the transformation and an Idempotency-Key  1122ms
   ✓ Portfolio (ar) > the read-only auditor sees the list with no enabled write control  916ms
   ✓ Portfolio (ar) > outcome hierarchy: five levels, an Unknown target is Unknown (never 0)  466ms
   ✓ Initiative Card (en) > shows all 14 T05 fields in the source order and the 3-7 deliverables warning (a warning, not a block)  1630ms
   ✓ Initiative Card (en) > submit refused: 'Case for change not yet approved (G1)…' is the dialog's one translated alert  1509ms
   ✓ Initiative Card (en) > submit refused: 'Outcome before activity…' (validation at /outcomeContributions) is translated  637ms
   ✓ Initiative Card (en) > launch refused: 'North Star, outcomes and target state not yet approved', then 'Selected - unfunded…'  851ms
   ✓ Initiative Card (en) > select is a labelled business approval: rationale required, If-Match, no 'on behalf of' control  1104ms
   ✓ Initiative Card (en) > a 409 shows the conflict banner and reloads  1387ms
   ✓ Initiative Card (en) > a gap link to another TOM record shows 'A project portfolio is not a Target Operating Model…'  800ms
   ✓ Initiative Card (en) > an outcome contribution needs an outcome; the KPI is optional and labelled so  399ms
   ✓ Initiative Card (ar) > shows all 14 T05 fields in the source order and the 3-7 deliverables warning (a warning, not a block)  1223ms
   ✓ Initiative Card (ar) > submit refused: 'Case for change not yet approved (G1)…' is the dialog's one translated alert  476ms
   ✓ Initiative Card (ar) > submit refused: 'Outcome before activity…' (validation at /outcomeContributions) is translated  337ms
   ✓ Initiative Card (ar) > launch refused: 'North Star, outcomes and target state not yet approved', then 'Selected - unfunded…'  1075ms
   ✓ Initiative Card (ar) > select is a labelled business approval: rationale required, If-Match, no 'on behalf of' control  1581ms
   ✓ Initiative Card (ar) > a 409 shows the conflict banner and reloads  510ms
   ✓ Initiative Card (ar) > a gap link to another TOM record shows 'A project portfolio is not a Target Operating Model…'  563ms
   ✓ Initiative Card (ar) > an outcome contribution needs an outcome; the KPI is optional and labelled so  668ms
   ✓ Initiative Card (ar) > the read-only auditor sees the card with no enabled write control  418ms
 ✓ |unit-web| src/pages/kpi/kpi.test.tsx (27 tests) 10048ms
   ✓ KPI screens (en) > RAG panel: the seven elements, the threshold version named, and the override beside the calculated RAG  608ms
   ✓ KPI screens (en) > no actual for the current period: Unknown, grey and labelled, with its reason; never 0 and never green  414ms
   ✓ KPI screens (en) > the status overview shows Unknown KPIs grey and labelled (no zero in the list)  828ms
   ✓ KPI screens (en) > four-step update: submits once, then lists downstream views, 'review pending' and 'Finance review pending'  1797ms
   ✓ KPI screens (en) > a second entry for the same KPI and period is value version 2 of the same slot (If-Match)  584ms
   ✓ KPI screens (en) > a 409 on submit is the form's one alert: nothing was saved, the latest data is loaded  576ms
   ✓ KPI screens (en) > review queue: the reviewer accepts with If-Match; the submitter of a value is not offered a decision  324ms
   ✓ KPI screens (en) > read-only viewer (auditor): no write action on the KPI page, labels say business approval  311ms
   ✓ KPI screens (en) > data quality: an open finding is resolved with a note and If-Match  941ms
   ✓ KPI screens (ar) > four-step update: submits once, then lists downstream views, 'review pending' and 'Finance review pending'  370ms
   ✓ KPI screens (ar) > a second entry for the same KPI and period is value version 2 of the same slot (If-Match)  373ms
   ✓ KPI screens (ar) > a 409 on submit is the form's one alert: nothing was saved, the latest data is loaded  472ms
   ✓ KPI screens (ar) > review queue: the reviewer accepts with If-Match; the submitter of a value is not offered a decision  326ms
   ✓ KPI screens (ar) > data quality: an open finding is resolved with a note and If-Match  657ms
 ✓ |unit-web| src/auth/session-bound.test.tsx (34 tests) 22111ms
   ✓ F-DG2-530/580 no effect of A's action after a further await once the tab is B's (en) > Y1: a create whose post-create GET /me returns B: B is not navigated and never sees A's code or name  2733ms
   ✓ F-DG2-530/580 no effect of A's action after a further await once the tab is B's (en) > Y1c: the same create under one identity still lands on the created record  317ms
   ✓ F-DG2-530/580 no effect of A's action after a further await once the tab is B's (en) > Y1c (not visible to the creator): the creator still gets 'created, but you cannot open it' with the 201's code  459ms
   ✓ F-DG2-530/580 no effect of A's action after a further await once the tab is B's (en) > an edit whose identity changes between its awaits: B is not navigated to A's record and keeps nothing of A's  578ms
   ✓ F-DG2-530/580 no effect of A's action after a further await once the tab is B's (en) > an organization create whose identity changes between its awaits: B is not navigated to A's new organization  1052ms
   ✓ F-DG2-530/580 no effect of A's action after a further await once the tab is B's (en) > a user create whose identity changes between its awaits: B is not navigated to A's new user  1336ms
   ✓ F-DG2-530/580 no effect of A's action after a further await once the tab is B's (en) > sanity: the organization and user creates under one identity still navigate to the new record  978ms
   ✓ F-DG2-570 the header and the data of ONE identity on in-app navigation (en) > N1: B signed in elsewhere, no focus event: opening A's record asks GET /me first; B's header above B's answer  435ms
   ✓ F-DG2-570 the header and the data of ONE identity on in-app navigation (en) > N2: opening the list: B's header with B's list and B's permissions, never A's header or A's empty-state  806ms
   ✓ F-DG2-570 the header and the data of ONE identity on in-app navigation (en) > N0 (the reviewer's Y5): B signed in a moment ago, no time passes, no focus event: the next page is B's under B's header  450ms
   ✓ F-DG2-570 the header and the data of ONE identity on in-app navigation (en) > writes neither wait for nor trigger the recheck: the save goes out at once with the user's own CSRF token  345ms
   ✓ F-DG2-530/580 no effect of A's action after a further await once the tab is B's (ar) > Y1: a create whose post-create GET /me returns B: B is not navigated and never sees A's code or name  1189ms
   ✓ F-DG2-530/580 no effect of A's action after a further await once the tab is B's (ar) > Y1c: the same create under one identity still lands on the created record  457ms
   ✓ F-DG2-530/580 no effect of A's action after a further await once the tab is B's (ar) > Y1c (not visible to the creator): the creator still gets 'created, but you cannot open it' with the 201's code  356ms
   ✓ F-DG2-530/580 no effect of A's action after a further await once the tab is B's (ar) > router state left in history (Back/Forward) never shows A's created record to B  482ms
   ✓ F-DG2-530/580 no effect of A's action after a further await once the tab is B's (ar) > an edit whose identity changes between its awaits: B is not navigated to A's record and keeps nothing of A's  609ms
   ✓ F-DG2-530/580 no effect of A's action after a further await once the tab is B's (ar) > an organization create whose identity changes between its awaits: B is not navigated to A's new organization  561ms
   ✓ F-DG2-530/580 no effect of A's action after a further await once the tab is B's (ar) > a user create whose identity changes between its awaits: B is not navigated to A's new user  767ms
   ✓ F-DG2-530/580 no effect of A's action after a further await once the tab is B's (ar) > sanity: the organization and user creates under one identity still navigate to the new record  1373ms
   ✓ F-DG2-530/580 no effect of A's action after a further await once the tab is B's (ar) > sanity: an edit under one identity (a same-identity /me between its awaits) still updates the cache and navigates  306ms
   ✓ F-DG2-570 the header and the data of ONE identity on in-app navigation (ar) > N1: B signed in elsewhere, no focus event: opening A's record asks GET /me first; B's header above B's answer  317ms
   ✓ F-DG2-570 the header and the data of ONE identity on in-app navigation (ar) > N2: opening the list: B's header with B's list and B's permissions, never A's header or A's empty-state  484ms
   ✓ F-DG2-570 the header and the data of ONE identity on in-app navigation (ar) > bounded: one GET /me per navigation, shared by the page's burst; other GETs only after the window; same identity kept  459ms
   ✓ F-DG2-570 the header and the data of ONE identity on in-app navigation (ar) > writes neither wait for nor trigger the recheck: the save goes out at once with the user's own CSRF token  592ms
   ✓ the convention: no raw navigate or cache write in app code (T-DG2-FE15) > the ESLint rule refuses a raw navigate, a raw cache write and a useNavigate import in a page  3804ms
 ✓ |unit-web| src/pages/prioritization/prioritization.test.tsx (20 tests) 25529ms
   ✓ prioritization (en) > ranked table: an incomplete score is 'incomplete' (never a number), 3.30 complete; 0–100 shows 57.5 with its label  4278ms
   ✓ prioritization (en) > scorecard: 6 is refused inline and nothing is sent; 4 is POSTed as the integer; the weighted score is read-only 'incomplete'  2957ms
   ✓ prioritization (en) > weight sets: the live total refuses 95% and 105%; 100% is accepted and POSTed as decimal strings  1181ms
   ✓ prioritization (en) > weight sets: the proposer is never offered approval; another approver's approval is a business approval with If-Match; 403 SoD is translated  1932ms
   ✓ prioritization (en) > weight set approval: a 409 shows the conflict banner and reloads  1610ms
   ✓ prioritization (en) > ranking history: causes are translated from codes, including 'weight version 2', score change and the override reason  640ms
   ✓ prioritization (en) > overrides: a reason is required (missing and invisible-only are refused, nothing sent); with a reason it is POSTed  1978ms
   ✓ prioritization (en) > the read-only auditor sees the data and no enabled write control  1312ms
   ✓ prioritization (ar) > ranked table: an incomplete score is 'incomplete' (never a number), 3.30 complete; 0–100 shows 57.5 with its label  757ms
   ✓ prioritization (ar) > scorecard: 6 is refused inline and nothing is sent; 4 is POSTed as the integer; the weighted score is read-only 'incomplete'  2150ms
   ✓ prioritization (ar) > weight sets: the live total refuses 95% and 105%; 100% is accepted and POSTed as decimal strings  721ms
   ✓ prioritization (ar) > weight sets: the proposer is never offered approval; another approver's approval is a business approval with If-Match; 403 SoD is translated  1790ms
   ✓ prioritization (ar) > weight set approval: a 409 shows the conflict banner and reloads  1318ms
   ✓ prioritization (ar) > overrides: a reason is required (missing and invisible-only are refused, nothing sent); with a reason it is POSTed  700ms
   ✓ prioritization (ar) > the read-only auditor sees the data and no enabled write control  708ms
   ✓ prioritization (ar) > a portfolio above 500 eligible initiatives is the translated 422 state, not an empty table  377ms
   ✓ prioritization (ar) > never mentions a delivery gate (DG0–DG7)  434ms
 ✓ |unit-web| src/auth/session-generation.test.tsx (26 tests) 15645ms
   ✓ F-DG2-530 a write in flight across an identity change (en) > X3: A's PATCH answered after B's /me is not written into B's cache, not shown, and does not navigate B  3015ms
   ✓ F-DG2-530 a write in flight across an identity change (en) > X3b: the same after a session END here and B's sign-in: A's late answer never lands  660ms
   ✓ F-DG2-530 a write in flight across an identity change (en) > an archive in flight across an identity change: A's archived record never lands in B's cache  1169ms
   ✓ F-DG2-530 a write in flight across an identity change (en) > an organization save in flight across an identity change: A's change is never stored under B  614ms
   ✓ F-DG2-530 a write in flight across an identity change (en) > a user save in flight across an identity change: A's change is never stored under B  646ms
   ✓ F-DG2-530 a write in flight across an identity change (en) > a same-person new session: the in-flight save is dropped silently, the draft is kept and usable  512ms
   ✓ F-DG2-530 a write in flight across an identity change (en) > a language save retried after a 409 is never written for the identity that replaced A  457ms
   ✓ F-DG2-530 a write in flight across an identity change (en) > sanity: a write in flight that finishes under the SAME identity still updates the cache and navigates  369ms
   ✓ F-DG2-530 X6: refocus and reconnect revalidate GET /me first (en) > after B signs in elsewhere, a refocus within /me's staleTime shows B's header with B's data, never A's  535ms
   ✓ F-DG2-530 X6: refocus and reconnect revalidate GET /me first (en) > the same identity: a refocus refetches /me once, then the stale page queries; nothing when all is fresh  405ms
   ✓ F-DG2-530 a write in flight across an identity change (ar) > X3: A's PATCH answered after B's /me is not written into B's cache, not shown, and does not navigate B  729ms
   ✓ F-DG2-530 a write in flight across an identity change (ar) > X3b: the same after a session END here and B's sign-in: A's late answer never lands  626ms
   ✓ F-DG2-530 a write in flight across an identity change (ar) > an archive in flight across an identity change: A's archived record never lands in B's cache  601ms
   ✓ F-DG2-530 a write in flight across an identity change (ar) > an organization save in flight across an identity change: A's change is never stored under B  640ms
   ✓ F-DG2-530 a write in flight across an identity change (ar) > a user save in flight across an identity change: A's change is never stored under B  850ms
   ✓ F-DG2-530 a write in flight across an identity change (ar) > a same-person new session: the in-flight save is dropped silently, the draft is kept and usable  881ms
   ✓ F-DG2-530 a write in flight across an identity change (ar) > a language save retried after a 409 is never written for the identity that replaced A  863ms
   ✓ F-DG2-530 a write in flight across an identity change (ar) > sanity: a write in flight that finishes under the SAME identity still updates the cache and navigates  626ms
   ✓ F-DG2-530 X6: refocus and reconnect revalidate GET /me first (ar) > after B signs in elsewhere, a refocus within /me's staleTime shows B's header with B's data, never A's  611ms
   ✓ F-DG2-530 X6: refocus and reconnect revalidate GET /me first (ar) > the same identity: a refocus refetches /me once, then the stale page queries; nothing when all is fresh  532ms
 ✓ |unit-web| src/pages/team/team.test.tsx (10 tests) 12186ms
   ✓ Team (English LTR) > shows the six governance roles with B0018 accountability text verbatim and who holds each  1570ms
   ✓ Team (English LTR) > lists team members with the accountability on each assignment, sortable and filterable  1217ms
   ✓ Team (English LTR) > a Transformation Lead assigns a Workstream Lead: Idempotency-Key, reason, accountability preview  1130ms
   ✓ Team (English LTR) > shows a 403 from the server in words; nothing is assigned  1564ms
   ✓ Team: read-only auditor (AUD) > sees the roles, accountabilities and members, a read-only note, and no assign control  444ms
   ✓ Team (Arabic RTL) > shows Arabic role names and the provisional Arabic accountability text  444ms
   ✓ Team assign dialog: accountability preview follows the selected role (F-DG2-430) > en: WL on open, then KDS, TD, none and WL again, in StrictMode with no React warning  1931ms
   ✓ Team assign dialog: accountability preview follows the selected role (F-DG2-430) > ar: WL on open, then KDS, TD, none and WL again, in StrictMode with no React warning  1349ms
   ✓ Team: the success notice follows a language switch, 'en' → 'ar' > the notice is shown in the language now on screen, not the one it was created in  1354ms
   ✓ Team: the success notice follows a language switch, 'ar' → 'en' > the notice is shown in the language now on screen, not the one it was created in  1172ms
 ✓ |unit-web| src/pages/portfolio/fe-e.test.tsx (18 tests) 15131ms
   ✓ Funding decisions (en) > is a labelled business approval with no 'on behalf of' control; rationale required; POST with an Idempotency-Key  2244ms
   ✓ Funding decisions (en) > the BE-E 422s are the dialog's one translated alert; funding.amount_invalid is also inline at /amount  1246ms
   ✓ Funding decisions (en) > the history shows a missing amount as Unknown (never 0); a re-selected initiative explains the deselect rule  584ms
   ✓ Funding decisions (ar) > is a labelled business approval with no 'on behalf of' control; rationale required; POST with an Idempotency-Key  404ms
   ✓ Funding decisions (ar) > the BE-E 422s are the dialog's one translated alert; funding.amount_invalid is also inline at /amount  420ms
   ✓ Funding decisions (ar) > the history shows a missing amount as Unknown (never 0); a re-selected initiative explains the deselect rule  569ms
   ✓ Funding decisions (ar) > an exact decimal amount is shown with its currency; the auditor sees no record control  1345ms
   ✓ Deliverables and milestones on the card (en) > creates (Idempotency-Key), edits (If-Match) and archives (reason, If-Match) a deliverable  2314ms
   ✓ Deliverables and milestones on the card (en) > creates a milestone with its wave and forecast, and edits it with If-Match  560ms
   ✓ Deliverables and milestones on the card (en) > 422 initiative.read_only (a closure raced the edit) is translated as the dialog's one alert  945ms
   ✓ Deliverables and milestones on the card (en) > the card edit form translates initiative.planned_range specifically (RecordDialog namespaces)  535ms
   ✓ Deliverables and milestones on the card (ar) > creates (Idempotency-Key), edits (If-Match) and archives (reason, If-Match) a deliverable  1701ms
   ✓ Deliverables and milestones on the card (ar) > creates a milestone with its wave and forecast, and edits it with If-Match  599ms
   ✓ Deliverables and milestones on the card (ar) > 422 initiative.read_only (a closure raced the edit) is translated as the dialog's one alert  619ms
   ✓ Deliverables and milestones on the card (ar) > the card edit form translates initiative.planned_range specifically (RecordDialog namespaces)  482ms
 ✓ |unit-web| src/auth/session-end.test.tsx (12 tests) 13133ms
   ✓ session end while the app is open (en) > a 401 on navigation lands once on sign-in with the message; signing in again returns to the page  2219ms
   ✓ session end while the app is open (en) > a 401 on a dialog mutation (the commit-time upload refusal) closes the dialog and lands once on sign-in  1254ms
   ✓ session end while the app is open (en) > a sign-out elsewhere noticed by the next /me probe lands once on sign-in, never on the stale shell  892ms
   ✓ session end while the app is open (en) > a 403 (forbidden) is never treated as a session end  1243ms
   ✓ session end while the app is open (ar) > a 401 on navigation lands once on sign-in with the message; signing in again returns to the page  1267ms
   ✓ session end while the app is open (ar) > a 401 on a dialog mutation (the commit-time upload refusal) closes the dialog and lands once on sign-in  1416ms
   ✓ session end while the app is open (ar) > a sign-out elsewhere noticed by the next /me probe lands once on sign-in, never on the stale shell  879ms
   ✓ session end while the app is open (ar) > a 403 (forbidden) is never treated as a session end  927ms
   ✓ session end under <StrictMode> (as in production) > still lands exactly once on sign-in  1614ms
   ✓ sign-in page and the cached identity > decides 'already signed in' only from a fresh /me, never from a stale cache  451ms
   ✓ sign-in page and the cached identity > signing out here shows 'signed out', not 'session ended', and no /me loop  886ms
 ✓ |unit-web| src/pages/business-cases/business-cases.test.tsx (18 tests) 16189ms
   ✓ business cases (en) > register: levels, Finance baseline states with text (Stale is never green) and drafts  1929ms
   ✓ business cases (en) > detail: all ten sections, totals with gross / cost / net apart, net Unknown (never 0), roll-up by reference  757ms
   ✓ business cases (en) > totals: a partial total says how many Unknown lines it leaves out  618ms
   ✓ business cases (en) > sections: saves only the changed section with If-Match; blank text is refused inline and nothing is sent  941ms
   ✓ business cases (en) > sections: a 409 shows the standard conflict panel (nothing saved) with the current values  1041ms
   ✓ business cases (en) > lines: exactly one class from one select; the value basis follows the class; a 422 is translated  1250ms
   ✓ business cases (en) > Finance validation: a business approval for FIN who did not author the case; If-Match; translated 403  1173ms
   ✓ business cases (en) > Finance validation: the case author sees no validate action, only the separation-of-duties note  461ms
   ✓ business cases (en) > read-only auditor: the ten sections as text, no enabled write control, the read-only note  503ms
   ✓ business cases (ar) > register: levels, Finance baseline states with text (Stale is never green) and drafts  687ms
   ✓ business cases (ar) > detail: all ten sections, totals with gross / cost / net apart, net Unknown (never 0), roll-up by reference  827ms
   ✓ business cases (ar) > totals: a partial total says how many Unknown lines it leaves out  502ms
   ✓ business cases (ar) > sections: saves only the changed section with If-Match; blank text is refused inline and nothing is sent  1062ms
   ✓ business cases (ar) > sections: a 409 shows the standard conflict panel (nothing saved) with the current values  1377ms
   ✓ business cases (ar) > lines: exactly one class from one select; the value basis follows the class; a 422 is translated  1374ms
   ✓ business cases (ar) > Finance validation: a business approval for FIN who did not author the case; If-Match; translated 403  701ms
   ✓ business cases (ar) > Finance validation: the case author sees no validate action, only the separation-of-duties note  668ms
   ✓ business cases (ar) > read-only auditor: the ten sections as text, no enabled write control, the read-only note  315ms
 ✓ |unit-web| src/auth/session-identity.test.tsx (18 tests) 12567ms
   ✓ F-DG2-500 a session end on the sign-in page (en) > W5: Back to /login after A's session ends, B signs in with the development form: B never sees A's records  2079ms
   ✓ F-DG2-500 a session end on the sign-in page (en) > W5b (OIDC mode): B signs in in another tab and this tab's /me re-probe brings B: B never sees A's records  1015ms
   ✓ F-DG2-500 an identity change with no session end in this tab (en) > a refocus /me that returns another identity removes every session query before B renders, and drops A's drafts  696ms
   ✓ F-DG2-500 an identity change with no session end in this tab (en) > a new session of the same person (signed in again elsewhere) refetches the queries but keeps their own draft  570ms
   ✓ F-DG2-500 an identity change with no session end in this tab (en) > the same identity re-probed (window refocus) keeps the cache and the page state  712ms
   ✓ F-DG2-500 sign-out here and 403 (en) > signing out here clears everything; B signing in afterwards never sees A's records  1879ms
   ✓ F-DG2-500 sign-out here and 403 (en) > a 403 is never a session end: the phase, the identity and the cache are kept  681ms
   ✓ F-DG2-500 a session end on the sign-in page (ar) > W5: Back to /login after A's session ends, B signs in with the development form: B never sees A's records  1133ms
   ✓ F-DG2-500 a session end on the sign-in page (ar) > W5b (OIDC mode): B signs in in another tab and this tab's /me re-probe brings B: B never sees A's records  636ms
   ✓ F-DG2-500 an identity change with no session end in this tab (ar) > a refocus /me that returns another identity removes every session query before B renders, and drops A's drafts  1101ms
   ✓ F-DG2-500 an identity change with no session end in this tab (ar) > a new session of the same person (signed in again elsewhere) refetches the queries but keeps their own draft  643ms
   ✓ F-DG2-500 an identity change with no session end in this tab (ar) > the same identity re-probed (window refocus) keeps the cache and the page state  522ms
   ✓ F-DG2-500 sign-out here and 403 (ar) > signing out here clears everything; B signing in afterwards never sees A's records  685ms
 ✓ |unit-web| src/pages/transformations/transformations.test.tsx (21 tests) 14032ms
   ✓ after create (F-DG1-004) > shows the created record when the server lets the creator read it  1441ms
   ✓ after create (F-DG1-004) > explains, in English, that the draft was created but cannot be opened (server 404), instead of 'Not found'  429ms
   ✓ after create (F-DG1-004) > explains the same in Arabic (RTL), using the glossary term for Transformation  796ms
   ✓ after create (F-DG1-004) > treats a 403 for the just-created record the same way  415ms
   ✓ truly out-of-scope records keep the correct localized message > 404 without a just-created record: 'Not found' (en) / 'غير موجود' (ar), nothing disclosed  606ms
   ✓ audit trail changes (F-DG1-005) > English: field and value labels, not raw keys or enum codes  1244ms
   ✓ audit trail changes (F-DG1-005) > Arabic: the same changes with Arabic labels in the RTL layout  811ms
   ✓ derived creator assignment on the audit trail (F-DG1-008) > English: localized action, fields, role, user and scope; nothing raw or marked untranslated  325ms
   ✓ derived creator assignment on the audit trail (F-DG1-008) > Arabic (RTL): the same event with Arabic labels and the glossary role name  394ms
   ✓ derived creator assignment on the audit trail (F-DG1-008) > an action the catalogue does not know stays readable and is explicitly marked (en and ar)  840ms
   ✓ effective permissions refresh after create (F-DG1-210) > English: Edit, Archive and the audit trail appear after create, without a reload  1880ms
   ✓ effective permissions refresh after create (F-DG1-210) > Arabic (RTL): the same controls and the audit trail appear after create, without a reload  2131ms
   ✓ effective permissions refresh after create (F-DG1-210) > does not over-grant: if the refreshed server answer adds nothing, Archive and the audit trail stay hidden  1358ms
   ✓ effective permissions refresh after create (F-DG1-210) > a failed /me refresh never blocks the navigation; the UI stays fail-safe (no controls offered)  603ms
 ✓ |unit-web| src/pages/roadmap/roadmap.test.tsx (14 tests) 14937ms
   ✓ roadmap (en) > shows the four source waves verbatim (English source also shown in Arabic) with overlapping horizons  2414ms
   ✓ roadmap (en) > moving a milestone PATCHes the forecast with If-Match and the timeline, table and board all show the new date from one refetch  1251ms
   ✓ roadmap (en) > a 409 on moving a milestone shows the conflict notice and reloads the roadmap  828ms
   ✓ roadmap (en) > re-approving a date requires a reason; then it is POSTed with If-Match  1591ms
   ✓ roadmap (en) > deliverable acceptance sends the AcceptanceDecision with If-Match (no 'on behalf of' control)  1476ms
   ✓ roadmap (en) > an Unknown schedule flag is shown as Unknown; missing dates are Unknown, never blank  611ms
   ✓ roadmap (en) > the read-only auditor sees no write control  668ms
   ✓ roadmap (ar) > shows the four source waves verbatim (English source also shown in Arabic) with overlapping horizons  399ms
   ✓ roadmap (ar) > moving a milestone PATCHes the forecast with If-Match and the timeline, table and board all show the new date from one refetch  1879ms
   ✓ roadmap (ar) > a 409 on moving a milestone shows the conflict notice and reloads the roadmap  754ms
   ✓ roadmap (ar) > re-approving a date requires a reason; then it is POSTed with If-Match  1494ms
   ✓ roadmap (ar) > deliverable acceptance sends the AcceptanceDecision with If-Match (no 'on behalf of' control)  819ms
   ✓ roadmap (ar) > the read-only auditor sees no write control  481ms
 ✓ |unit-web| src/pages/benefit-formulas/benefit-formulas.test.tsx (18 tests) 12816ms
   ✓ T09 benefit formulas (en) > register: the six T09 columns with confidence H/M/L; examples marked illustrative with 100000 and 500000 SAR per year  2434ms
   ✓ T09 benefit formulas (en) > builder: an undefined variable shows translated, with its position, before saving; nothing is sent  637ms
   ✓ T09 benefit formulas (en) > builder: monthly ARPU × annual customers is a period mismatch, translated, before saving  995ms
   ✓ T09 benefit formulas (en) > builder: a fraction is entered as percent and stored as a fraction; a version is saved with If-Match  1924ms
   ✓ T09 benefit formulas (en) > builder: a 409 shows the standard conflict panel; nothing was saved  600ms
   ✓ T09 benefit formulas (en) > Finance validation of a version: a business approval by FIN; the author cannot; translated refusal  466ms
   ✓ T09 benefit formulas (en) > Finance validation: the version's author sees the separation-of-duties note and no action  307ms
   ✓ T09 benefit formulas (ar) > register: the six T09 columns with confidence H/M/L; examples marked illustrative with 100000 and 500000 SAR per year  669ms
   ✓ T09 benefit formulas (ar) > builder: an undefined variable shows translated, with its position, before saving; nothing is sent  669ms
   ✓ T09 benefit formulas (ar) > builder: monthly ARPU × annual customers is a period mismatch, translated, before saving  412ms
   ✓ T09 benefit formulas (ar) > builder: a fraction is entered as percent and stored as a fraction; a version is saved with If-Match  504ms
   ✓ T09 benefit formulas (ar) > builder: a fraction difference shows percentage points (translated suffix), never %  530ms
   ✓ T09 benefit formulas (ar) > builder: a 409 shows the standard conflict panel; nothing was saved  927ms
   ✓ T09 benefit formulas (ar) > Finance validation of a version: a business approval by FIN; the author cannot; translated refusal  654ms
   ✓ T09 benefit formulas (ar) > Finance validation: the version's author sees the separation-of-duties note and no action  401ms
 ✓ |unit-web| src/pages/roadmap/fe-e.test.tsx (8 tests) 8586ms
   ✓ wave editing (en) > edits planned dates (overlap accepted) with If-Match; the source text is read-only and never sent  3207ms
   ✓ wave editing (en) > 422 roadmap_wave.planned_range is inline at the planned end and translated  849ms
   ✓ wave editing (en) > adds a non-source wave with its bilingual texts (POST, Idempotency-Key)  1382ms
   ✓ wave editing (en) > the read-only auditor gets no wave control  350ms
   ✓ wave editing (ar) > edits planned dates (overlap accepted) with If-Match; the source text is read-only and never sent  638ms
   ✓ wave editing (ar) > 422 roadmap_wave.planned_range is inline at the planned end and translated  449ms
   ✓ wave editing (ar) > adds a non-source wave with its bilingual texts (POST, Idempotency-Key)  1487ms
 ✓ |unit-web| src/pages/gates/g4.test.tsx (16 tests) 9042ms
   ✓ G4 refusal item by item (en) > two initiatives without owners: two separate translated 'Owners' items, never the joined English message  2114ms
   ✓ G4 refusal item by item (en) > without a usable gate view: one translated line per refused criterion, never the English message  488ms
   ✓ G4 refusal item by item (ar) > two initiatives without owners: two separate translated 'Owners' items, never the joined English message  484ms
   ✓ G4 refusal item by item (ar) > without a usable gate view: one translated line per refused criterion, never the English message  735ms
   ✓ G4 view (en) > lists the eight G4 criteria with their missing items: 'Owners', 'Finance validation' and the initiative  487ms
   ✓ G4 view (en) > a refused submission shows the 422 list with the initiative names, translated  398ms
   ✓ G4 view (en) > the decision's 403 urn:mth:problem:forbidden is translated  688ms
   ✓ G4 view (en) > the decision's 403 urn:mth:problem:forbidden is translated  360ms
   ✓ G4 view (en) > the decision's 409 urn:mth:problem:version-conflict is translated  422ms
   ✓ G4 view (ar) > a refused submission shows the 422 list with the initiative names, translated  548ms
   ✓ G4 view (ar) > the decision's 403 urn:mth:problem:forbidden is translated  793ms
   ✓ G4 view (ar) > the decision's 403 urn:mth:problem:forbidden is translated  589ms
   ✓ G4 view (ar) > the decision's 409 urn:mth:problem:version-conflict is translated  704ms
 ✓ |unit-web| src/pages/capacity/fe-e.test.tsx (13 tests) 8504ms
   ✓ capacity editing (en) > creates a role; a taken code (409) is the form's translated alert; then the role is created  1544ms
   ✓ capacity editing (en) > edits a role's labels and archives it, each with If-Match  500ms
   ✓ capacity editing (en) > creates a capacity row with a decimal FTE string; a duplicate (409) is translated  874ms
   ✓ capacity editing (en) > creates a demand; after the save the plan is re-read and the conflict with its shortfall appears; Unknown stays Unknown  537ms
   ✓ capacity editing (en) > the read-only auditor sees roles and capacity rows with no editing control  308ms
   ✓ capacity editing (ar) > creates a role; a taken code (409) is the form's translated alert; then the role is created  685ms
   ✓ capacity editing (ar) > edits a role's labels and archives it, each with If-Match  994ms
   ✓ capacity editing (ar) > creates a capacity row with a decimal FTE string; a duplicate (409) is translated  893ms
   ✓ capacity editing (ar) > creates a demand; after the save the plan is re-read and the conflict with its shortfall appears; Unknown stays Unknown  1082ms
   ✓ capacity editing (ar) > edits a planned demand with If-Match; 422 resource_demand.not_planned is translated  526ms
 ✓ |unit-web| src/pages/my-work/my-work.test.tsx (21 tests) 6229ms
   ✓ My Work (en) > renders tasks and reminders from messageKey + messageParams; Unknown due dates; system-managed tasks  829ms
   ✓ My Work (en) > marks a task done and a reminder read with bodiless POSTs and If-Match  680ms
   ✓ My Work (ar) > marks a task done and a reminder read with bodiless POSTs and If-Match  513ms
   ✓ Calendar, jobs and groups (en) > calendar: read-only without calendar.configure; the calculator shows Unknown with its reason  419ms
   ✓ Calendar, jobs and groups (en) > calendar: a technical administrator adds a holiday; a range error is caught before sending  653ms
   ✓ Calendar, jobs and groups (en) > jobs: no permission without job.read; job.configure edits a schedule with If-Match  743ms
   ✓ Calendar, jobs and groups (ar) > calendar: a technical administrator adds a holiday; a range error is caught before sending  401ms
   ✓ Calendar, jobs and groups (ar) > jobs: no permission without job.read; job.configure edits a schedule with If-Match  654ms
   ✓ Calendar, jobs and groups (ar) > groups: membership grants no permission (stated); group.manage creates a group  311ms
 ✓ |unit-web| src/pages/raci/governance.test.tsx (15 tests) 6970ms
   ✓ Governance (en) > RACI: edits a row with the cell selects and saves it as one PATCH with If-Match  1331ms
   ✓ Governance (en) > RACI: an auditor sees the matrix read-only (no cell editor, no save)  347ms
   ✓ Governance (en) > role mapping: an unmapped governance role shows the visible routing error  347ms
   ✓ Governance (en) > decision rights: seeded rows; the due-date preview shows Unknown with its reason  451ms
   ✓ Governance (en) > decision rights: submits the matrix for business approval with If-Match  654ms
   ✓ Governance (en) > decision rights: a field with an unknown party code is refused before sending  680ms
   ✓ Governance (ar) > RACI: edits a row with the cell selects and saves it as one PATCH with If-Match  597ms
   ✓ Governance (ar) > decision rights: submits the matrix for business approval with If-Match  738ms
   ✓ Governance (ar) > decision rights: a field with an unknown party code is refused before sending  467ms
   ✓ Governance (ar) > Transform readiness lists what is missing and links to the fix  313ms
 ✓ |unit-web| src/pages/dispensations/dispensations.test.tsx (12 tests) 9600ms
   ✓ Dispensations (en) > lists waivers and inherited approvals; unverified evidence is shown as unverified; recorder cannot decide  1170ms
   ✓ Dispensations (en) > a waiver needs a reason and an expiry: refused inline, nothing sent; then sent with its scope  862ms
   ✓ Dispensations (en) > an inherited approval (Modular) needs the approving body, the date and evidence; 422s are translated  870ms
   ✓ Dispensations (en) > deciding is a labelled business approval; the delegated-decision 422 and the recorder 403 are translated  745ms
   ✓ Dispensations (en) > revoking an accepted dispensation needs a reason and is a business approval  725ms
   ✓ Dispensations (en) > the read-only auditor sees the register with no enabled write control  552ms
   ✓ Dispensations (ar) > lists waivers and inherited approvals; unverified evidence is shown as unverified; recorder cannot decide  863ms
   ✓ Dispensations (ar) > a waiver needs a reason and an expiry: refused inline, nothing sent; then sent with its scope  595ms
   ✓ Dispensations (ar) > an inherited approval (Modular) needs the approving body, the date and evidence; 422s are translated  1015ms
   ✓ Dispensations (ar) > deciding is a labelled business approval; the delegated-decision 422 and the recorder 403 are translated  1159ms
   ✓ Dispensations (ar) > revoking an accepted dispensation needs a reason and is a business approval  372ms
   ✓ Dispensations (ar) > the read-only auditor sees the register with no enabled write control  670ms
 ✓ |unit-web| src/pages/gates/g1-agreements.test.tsx (10 tests) 11764ms
   ✓ G1 agreements step (en) > approving G1 needs the three labelled confirmations; then sends agreements with all three true  2300ms
   ✓ G1 agreements step (en) > a non-approve outcome on G1 sends no agreements (even after ticking them)  844ms
   ✓ G1 agreements step (en) > approving another gate (G2) shows no confirmations and sends no agreements  372ms
   ✓ G1 agreements step (en) > the server's 422 gate.g1_agreements_required is the one form-level alert, with the missing confirmations  665ms
   ✓ G1 agreements step (en) > the server's 422 gate.agreements_not_applicable is translated as the one form-level alert  905ms
   ✓ G1 agreements step (ar) > approving G1 needs the three labelled confirmations; then sends agreements with all three true  1550ms
   ✓ G1 agreements step (ar) > a non-approve outcome on G1 sends no agreements (even after ticking them)  1795ms
   ✓ G1 agreements step (ar) > approving another gate (G2) shows no confirmations and sends no agreements  1293ms
   ✓ G1 agreements step (ar) > the server's 422 gate.g1_agreements_required is the one form-level alert, with the missing confirmations  1230ms
   ✓ G1 agreements step (ar) > the server's 422 gate.agreements_not_applicable is translated as the one form-level alert  809ms
 ✓ |unit-web| src/pages/dependencies/dependencies.test.tsx (12 tests) 7931ms
   ✓ dependencies (en) > shows the seven T08 columns, an External source, the type label and the needed-by conflict flag  1342ms
   ✓ dependencies (en) > a cycle is refused and shown as the translated message with the path INI-01 → INI-02 → INI-03 → INI-01  1064ms
   ✓ dependencies (en) > an External source is sent as {kind: external, label}  798ms
   ✓ dependencies (en) > dependency types: system types are undeletable; an administrator may retire a custom type  403ms
   ✓ dependencies (en) > a system type's 422 dependency_type.system_undeletable is translated  459ms
   ✓ dependencies (ar) > shows the seven T08 columns, an External source, the type label and the needed-by conflict flag  663ms
   ✓ dependencies (ar) > a cycle is refused and shown as the translated message with the path INI-01 → INI-02 → INI-03 → INI-01  648ms
   ✓ dependencies (ar) > an External source is sent as {kind: external, label}  979ms
   ✓ dependencies (ar) > dependency types: system types are undeletable; an administrator may retire a custom type  352ms
   ✓ dependencies (ar) > a system type's 422 dependency_type.system_undeletable is translated  486ms
   ✓ dependencies (ar) > the read-only auditor sees the map and no write control  521ms
 ✓ |unit-web| src/pages/capacity/capacity.test.tsx (6 tests) 2801ms
   ✓ capacity (en) > the role × month grid shows decimal FTE, the conflict with its shortfall, and Unknown capacity as Unknown (never 0)  605ms
   ✓ capacity (en) > committing a demand POSTs with If-Match; a 409 shows the conflict notice and reloads  664ms
   ✓ capacity (en) > the read-only auditor sees the grid and no commit or release control  424ms
   ✓ capacity (ar) > committing a demand POSTs with If-Match; a 409 shows the conflict notice and reloads  670ms
 ✓ |unit-web| src/pages/approvals/approvals.test.tsx (16 tests) 8166ms
   ✓ Approvals (en) > lists my approvals; an Unknown due date shows Unknown with its reason, never a date  609ms
   ✓ Approvals (en) > offers exactly four outcomes; defer needs a date; the decision sends subjectVersion with If-Match  878ms
   ✓ Approvals (en) > a blank rationale is refused before sending  803ms
   ✓ Approvals (en) > a stale 409 says the record changed, records nothing and links to the history  458ms
   ✓ Approvals (en) > offers 'on behalf of' only for an active delegation to me  594ms
   ✓ Approvals (ar) > lists my approvals; an Unknown due date shows Unknown with its reason, never a date  352ms
   ✓ Approvals (ar) > offers exactly four outcomes; defer needs a date; the decision sends subjectVersion with If-Match  561ms
   ✓ Approvals (ar) > a blank rationale is refused before sending  533ms
   ✓ Approvals (ar) > a stale 409 says the record changed, records nothing and links to the history  500ms
   ✓ Approvals (ar) > the requester is not offered the decision; the history shows 'B on behalf of A'  391ms
   ✓ Approvals (ar) > offers 'on behalf of' only for an active delegation to me  422ms
   ✓ Delegations (en) > records a delegation with Asia/Riyadh wall-clock times sent as UTC; a loop 422 is translated  651ms
   ✓ Delegations (en) > revokes with a reason and If-Match; a read-only user sees no action  386ms
   ✓ Delegations (ar) > revokes with a reason and If-Match; a read-only user sees no action  500ms
 ✓ |unit-web| src/app/p3-seams.test.tsx (10 tests) 4240ms
   ✓ P3 routes > workspace tabs (en) > the workspace tabs include the P3 tabs, labelled from their own namespaces  1030ms
   ✓ P3 routes > workspace tabs (ar) > the workspace tabs include the P3 tabs, labelled from their own namespaces  985ms
   ✓ P3 navigation areas > en /initiatives-roadmaps leads into the Initiatives and Roadmaps tab of each transformation  495ms
   ✓ P3 navigation areas > ar /initiatives-roadmaps leads into the المبادرات وخرائط الطريق tab of each transformation  434ms
   ✓ P3 navigation areas > en /benefits-finance leads into the Benefits and Finance tab of each transformation  506ms
   ✓ P3 navigation areas > ar /benefits-finance leads into the المنافع والمالية tab of each transformation  776ms
 ✓ |unit-web| src/components/LanguageSwitch.test.tsx (10 tests) 6247ms
   ✓ a refused language save, 'en' → other ('403 csrf') > keeps ar on screen and says, in ar, that it was not saved  1606ms
   ✓ a refused language save, 'ar' → other ('403 csrf') > keeps en on screen and says, in en, that it was not saved  1097ms
   ✓ a refused language save, 'en' → other ('403 forbidden') > keeps ar on screen and says, in ar, that it was not saved  863ms
   ✓ a refused language save, 'ar' → other ('503') > keeps en on screen and says, in en, that it was not saved  680ms
   ✓ the live region and the persisted preference > switching back clears the notice; the region stays in the DOM, empty  381ms
   ✓ the live region and the persisted preference > a successful save never flips back to the previous language while the PUT is in flight  369ms
   ✓ the live region and the persisted preference > if the persisted preference changes later and is re-applied, the notice says so in that language  632ms
 ✓ |unit-web| src/pages/gates/inherited-approval.test.tsx (16 tests) 4229ms
   ✓ inherited-approval annotation (en) > Gates list: G1 pending_verification (counts false) is a badge next to 'Not submitted'  570ms
   ✓ inherited-approval annotation (en) > gate view: an accepted inherited approval is a labelled row beside the 'Not submitted' status  390ms
   ✓ inherited-approval annotation (ar) > Gates list: G1 accepted (counts false) is a badge next to 'Not submitted'  346ms
   ✓ inherited-approval annotation (ar) > Gates list: G1 rejected (counts false) is a badge next to 'Not submitted'  452ms
   ✓ inherited-approval annotation (ar) > Gates list: G1 revoked (counts false) is a badge next to 'Not submitted'  424ms
   ✓ inherited-approval annotation (ar) > gate view: without an inherited approval there is no row  328ms
 ✓ |unit-web| src/pages/readiness/readiness.test.tsx (4 tests) 1872ms
   ✓ Readiness (en) > lists the missing diagnostic areas by name, the gates and the translated sequencing blockers  1131ms
   ✓ Readiness (ar) > lists the missing diagnostic areas by name, the gates and the translated sequencing blockers  307ms
 ✓ |unit-web| src/pages/transformations/modeGuidance.test.tsx (5 tests) 4487ms
   ✓ New transformation: mode guidance (English LTR) > shows When to use and How for the selected mode and switches with the mode  2523ms
   ✓ New transformation: mode guidance (English LTR) > Modular requires an entry phase before anything is sent  660ms
   ✓ New transformation: mode guidance (English LTR) > a server validation error on the entry phase is shown on that field  584ms
   ✓ New transformation: mode guidance (Arabic RTL) > shows the Arabic rendering, marked provisional, with the English source text alongside  707ms
 ✓ |unit-web| src/app/app.test.tsx (17 tests) 8040ms
   ✓ bilingual shell > renders Arabic RTL by default with the provisional wordmark  645ms
   ✓ bilingual shell > switches to English LTR and persists the preference with If-Match  786ms
   ✓ bilingual shell > shows all fourteen areas to an administrator  2494ms
   ✓ bilingual shell > hides Administration from a Workstream Lead, and the admin route shows no-permission  650ms
   ✓ bilingual shell > a partial area (Governance) leads into the Gates tab of each transformation; its portfolio view stays planned  826ms
   ✓ transformations > lists transformations with a sortable code column and removable filter chips  953ms
   ✓ transformations > detail shows the workspace header with Unknown for data from later stages  577ms
   ✓ transformations > edit: a 409 writes nothing, shows compare, and re-applies on the current version  388ms
 ✓ |unit-web| src/components/States.test.tsx (15 tests) 1642ms
   ✓ explicit states in en > loading is a polite live region with a text label  391ms
   ✓ explicit states in ar > conflict compares values and offers re-apply and discard  360ms
 ✓ |unit-web| src/lib/auditChanges.test.ts (125 tests) 132ms
 ✓ |unit-web| src/components/RecordForm.alerts.test.tsx (16 tests) 3763ms
   ✓ record form: one alert per distinct form error (en) > dialog > a 400 whose only field error has pointer "" says its message once, in one live region  1039ms
   ✓ record form: one alert per distinct form error (en) > inline-sections > two distinct form-level messages: each is said exactly once, one live region each  415ms
 ✓ |unit-web| src/test/react-warning-guard.test.tsx (4 tests) 49ms
 ✓ |unit-web| src/i18n/i18n.test.ts (11 tests) 135ms
 ✓ |unit-web| src/i18n/glossary.test.ts (8 tests) 69ms
 ✓ |unit-web| src/pages/business-cases/problem-codes.test.ts (4 tests) 21ms
 ✓ |unit-web| src/styles/styles.test.ts (6 tests) 26ms
 ✓ |unit-web| src/test/harness-config.test.ts (2 tests) 14ms
 ✓ |unit-web| src/lib/lib.test.ts (24 tests) 244ms
 ✓ |unit-node| apps/api/src/modules/workflows/workflows.test.ts (14 tests) 2346ms
   ✓ workflows module (P2) > its declared boundary holds, and an undeclared dependency would be caught  2240ms
 ✓ |unit-node| apps/api/src/architecture.test.ts (137 tests) 18211ms
   ✓ API module boundaries (ADR-0002) > every import respects dependsOn, public surfaces and allowed packages  12260ms
   ✓ package dependency direction (ADR-0002 rule 5) > packages/shared imports no workspace package  1117ms
   ✓ package dependency direction (ADR-0002 rule 5) > apps/web never imports @mth/db or @mth/config (browser bundle, no secrets)  3712ms
 ✓ |unit-node| apps/api/src/modules/kpi/kpi.test.ts (38 tests) 3481ms
   ✓ kpi module (P2) > its declared boundary holds, and a planted bypass or undeclared dependency would be caught  3210ms
 ✓ |unit-node| packages/shared/src/formula/fuzz.test.ts (111 tests) 19173ms
   ✓ fuzz: no uncaught exception, no code execution > 10 000 random byte strings (0–255, up to 80 bytes)  4648ms
   ✓ fuzz: no uncaught exception, no code execution > 10 000 random UTF-16 strings including astral code points and lone surrogates  3057ms
   ✓ fuzz: no uncaught exception, no code execution > 20 000 random strings over the grammar alphabet reach parser, type checker and evaluator  7897ms
   ✓ source scan: no dynamic code in packages/shared/src/formula (ADR-0024 §6) > every file of the engine's import closure gets the engine-source lint rules (eslint.config.js)  2541ms
   ✓ source scan: no dynamic code in packages/shared/src/formula (ADR-0024 §6) > ESLint refuses the round-5 handler forms (G1, G2, A1, A2), F1 and every lintable probe-table row in an engine source  957ms
 ✓ |unit-node| packages/shared/src/kpi/property.test.ts (11 tests) 2456ms
   ✓ measures > band: within ⇔ L ≤ a ≤ U, the shortfall is never negative, and equals the distance to the band  316ms
   ✓ trajectory > linear expected values lie between the neighbouring points; step values are point values  458ms
   ✓ storage rounding > rounds once half-up: |stored − exact| ≤ 0.0000005 and the record is honest  321ms
 ✓ |unit-node| packages/shared/src/scoring.test.ts (36 tests) 1068ms
   ✓ property: all 5^5 integer score combinations under v1 equal an independent BigInt rational computation > stored value, 2-digit display and 0–100 view all match for 3125 combinations  961ms
 ✓ |unit-node| apps/api/src/modules/evidence/evidence.test.ts (13 tests) 1042ms
   ✓ evidence module (P2) > its declared boundary holds  861ms
 ✓ |unit-node| apps/api/src/modules/platform/platform.test.ts (19 tests) 427ms
   ✓ invalid characters (U+0000): SQLSTATE mapping and the central request check (F-DG2-231) > a deeply nested body is scanned without recursion (no stack overflow)  392ms
 ✓ |unit-node| apps/api/src/server.test.ts (6 tests) 1346ms
   ✓ route registration > declares access on every /api route and on the health endpoints  659ms
   ✓ route registration > registers dev login only in AUTH_MODE=dev; production configuration refuses dev mode entirely  394ms
 ✓ |unit-node| apps/api/src/modules/methodology/methodology.test.ts (4 tests) 491ms
   ✓ methodology module (P2) > its declared boundary holds, and an undeclared dependency would be caught  445ms
 ✓ |unit-node| packages/shared/src/schemas/schemas.test.ts (69 tests) 241ms
 ✓ |unit-node| apps/api/src/modules/platform/media-types.test.ts (57 tests) 574ms
 ✓ |unit-node| packages/shared/src/value.test.ts (29 tests) 251ms
 ✓ |unit-node| apps/api/src/modules/platform/in-flight.test.ts (4 tests) 325ms
 ✓ |unit-node| apps/api/src/modules/reporting/reporting.test.ts (4 tests) 282ms
 ✓ |unit-node| apps/api/src/modules/raid/raid.test.ts (7 tests) 207ms
 ✓ |unit-node| apps/api/src/modules/platform/incomplete-body.test.ts (10 tests) 214ms
 ✓ |unit-node| apps/api/src/modules/kpi/formulas.test.ts (10 tests) 163ms
 ✓ |unit-node| apps/api/src/modules/platform/connection-hygiene.test.ts (6 tests) 87ms
 ✓ |unit-node| packages/shared/src/formula/formula.test.ts (140 tests) 310ms
 ✓ |unit-node| apps/api/src/modules/kpi/rules.test.ts (30 tests) 104ms
 ✓ |unit-node| packages/config/src/load.test.ts (17 tests) 110ms
 ✓ |unit-node| packages/shared/src/kpi/change.test.ts (22 tests) 68ms
 ✓ |unit-node| apps/api/src/modules/benefits/totals.test.ts (14 tests) 76ms
 ✓ |unit-node| packages/shared/src/time/working-days.test.ts (19 tests) 46ms
(node:4001) [FSTDEP022] FastifyWarning: The router options for constraints property access is deprecated. Please use "options.routerOptions" instead for accessing router options. The router options will be removed in `fastify@6`.
(Use `node --trace-warnings ...` to show where the warning was created)
 ✓ |unit-node| apps/api/src/modules/platform/framework-errors.test.ts (6 tests) 43ms
 ✓ |unit-node| apps/api/src/modules/platform/advisory-locks.test.ts (3 tests) 256ms
 ✓ |unit-node| apps/api/src/request-encoding.test.ts (11 tests) 74ms
 ✓ |unit-node| apps/api/src/modules/platform/health.test.ts (2 tests) 83ms
 ✓ |unit-node| packages/db/src/seed.test.ts (31 tests) 73ms
 ✓ |unit-node| packages/shared/src/kpi/purity.test.ts (14 tests) 96ms
 ✓ |unit-node| apps/api/src/modules/benefits/d2-rules.test.ts (15 tests) 31ms
 ✓ |unit-node| packages/shared/src/kpi/types.test.ts (40 tests) 40ms
 ✓ |unit-node| apps/api/src/modules/admin/branding.test.ts (4 tests) 88ms
 ✓ |unit-node| packages/shared/src/kpi/formula-binding.test.ts (26 tests) 85ms
 ✓ |unit-node| apps/api/src/modules/benefits/benefits.test.ts (2 tests) 59ms
 ✓ |unit-node| packages/design-tokens/src/tokens.test.ts (15 tests) 81ms
 ✓ |unit-node| apps/api/src/modules/tasks/tasks.test.ts (5 tests) 43ms
 ✓ |unit-node| packages/shared/src/kpi/a05.test.ts (17 tests) 73ms
 ✓ |unit-node| apps/api/src/modules/kpi/totals.test.ts (20 tests) 32ms
 ✓ |unit-node| packages/shared/src/kpi/trajectory.test.ts (14 tests) 26ms
 ✓ |unit-node| packages/shared/src/schemas/roadmap.test.ts (6 tests) 29ms
 ✓ |unit-node| apps/api/src/modules/benefits/register-rules.test.ts (45 tests) 255ms
 ✓ |unit-node| apps/api/src/modules/kpi/kbe-c.test.ts (9 tests) 13ms
 ✓ |unit-node| apps/api/src/modules/transformations/good-outcome.test.ts (7 tests) 43ms
 ✓ |unit-node| apps/api/src/modules/portfolio/schedule.test.ts (14 tests) 10ms
 ✓ |unit-node| packages/shared/src/kpi/measures.test.ts (30 tests) 15ms
 ✓ |unit-node| apps/api/src/modules/portfolio/budget.test.ts (13 tests) 33ms
 ✓ |unit-node| apps/api/src/modules/governance/governance.test.ts (2 tests) 116ms
 ✓ |unit-node| packages/shared/src/schedule/working-day-slip.test.ts (11 tests) 24ms
 ✓ |unit-node| apps/api/src/modules/platform/db-errors.test.ts (7 tests) 22ms
 ✓ |unit-node| apps/api/src/modules/adoption/adoption.test.ts (2 tests) 25ms
 ✓ |unit-node| packages/shared/src/schedule/critical-path.test.ts (13 tests) 23ms
 ✓ |unit-node| apps/api/src/modules/platform/request-encoding.test.ts (7 tests) 23ms
 ✓ |unit-node| packages/shared/src/kpi/rag.test.ts (38 tests) 36ms
 ✓ |unit-node| apps/api/src/modules/access/rules.test.ts (12 tests) 21ms
 ✓ |unit-node| apps/api/src/modules/transformations/thesis.test.ts (4 tests) 21ms
 ✓ |unit-node| apps/api/src/modules/kpi/p3-gate-facts.test.ts (9 tests) 61ms
 ✓ |unit-node| apps/api/src/modules/portfolio/readiness-transform.test.ts (4 tests) 19ms
 ✓ |unit-node| apps/api/src/modules/sustainment/sustainment.test.ts (2 tests) 16ms
 ✓ |unit-node| packages/shared/src/kpi/periods.test.ts (26 tests) 22ms
 ✓ |unit-node| apps/api/src/modules/platform/db-errors-p4.test.ts (5 tests) 19ms
 ✓ |unit-node| packages/shared/src/schemas/corrective.test.ts (10 tests) 36ms
 ✓ |unit-node| packages/shared/src/kpi/status.test.ts (25 tests) 46ms
 ✓ |unit-node| packages/shared/src/kpi/aggregate.test.ts (20 tests) 24ms
 ✓ |unit-node| apps/api/src/modules/portfolio/sequencing.test.ts (9 tests) 13ms
 ✓ |unit-node| apps/api/src/modules/workflows/g4.test.ts (5 tests) 28ms
 ✓ |unit-node| apps/api/src/modules/transformations/exclusions.test.ts (19 tests) 6ms
 ✓ |unit-node| apps/api/src/modules/portfolio/capacity.test.ts (4 tests) 26ms
 ✓ |unit-node| apps/api/src/modules/transformations/transitions.test.ts (2 tests) 8ms
 ✓ |unit-node| apps/api/src/modules/raid/corrective.test.ts (4 tests) 16ms
 ✓ |unit-node| apps/api/src/modules/identity/oidc-claims.test.ts (5 tests) 12ms
 ✓ |unit-node| apps/api/src/modules/governance/raci.test.ts (2 tests) 5ms
 ✓ |unit-node| apps/api/src/modules/workflows/t08-cycle-problem.test.ts (2 tests) 4ms

 Test Files  116 passed (116)
      Tests  2235 passed (2235)
   Start at  11:23:21
   Duration  310.56s (transform 14.73s, setup 14.64s, collect 221.96s, tests 533.97s, environment 63.29s, prepare 22.60s)


 RUN  v3.2.4 /home/user/wt/dg4-fe-b

 ✓ |unit-formula-nocodegen| packages/shared/src/formula/codegen.nocodegen.test.ts (10 tests) 19ms
 ✓ |unit-formula-nocodegen| packages/shared/src/formula/formula.test.ts (140 tests) 154ms
 ✓ |unit-formula-nocodegen| packages/shared/src/formula/fuzz.test.ts (111 tests | 2 skipped) 8265ms
   ✓ fuzz: no uncaught exception, no code execution > 10 000 random byte strings (0–255, up to 80 bytes)  2399ms
   ✓ fuzz: no uncaught exception, no code execution > 10 000 random UTF-16 strings including astral code points and lone surrogates  1928ms
   ✓ fuzz: no uncaught exception, no code execution > 20 000 random strings over the grammar alphabet reach parser, type checker and evaluator  3876ms

 Test Files  3 passed (3)
      Tests  259 passed | 2 skipped (261)
   Start at  11:28:33
   Duration  10.11s (transform 750ms, setup 0ms, collect 1.37s, tests 8.44s, environment 0ms, prepare 708ms)

