# check: 01-typecheck   mode: cutf8   started: 2026-10-07T03:12:37Z
# command: env -u LANG -u LC_ALL -u LC_CTYPE -u LC_COLLATE -u LC_MESSAGES -u LC_NUMERIC -u LC_TIME -u LC_MONETARY LANG=C.UTF-8 PATH=/opt/nvm/versions/node/v24.21.0/bin:$PATH pnpm -r typecheck
# node v24.21.0; LANG=C.UTF-8 LC_ALL=<unset> LC_CTYPE=<unset>
Scope: 7 of 8 workspace projects
packages/design-tokens typecheck$ tsc -p tsconfig.json
packages/shared typecheck$ tsc -p tsconfig.json
packages/design-tokens typecheck: Done
packages/shared typecheck: Done
apps/web typecheck$ tsc -p tsconfig.json && tsc -p tsconfig.e2e.json
packages/config typecheck$ tsc -p tsconfig.json
packages/config typecheck: Done
apps/web typecheck: Done
packages/db typecheck$ tsc -p tsconfig.json
packages/db typecheck: Done
apps/api typecheck$ tsc -p tsconfig.json
apps/worker typecheck$ tsc -p tsconfig.json
apps/worker typecheck: Done
apps/api typecheck: test/integration/request-io.test.ts(210,11): error TS7034: Variable 'items' implicitly has type 'any[]' in some locations where its type cannot be determined.
apps/api typecheck: test/integration/request-io.test.ts(229,31): error TS7005: Variable 'items' implicitly has an 'any[]' type.
apps/api typecheck: test/integration/request-io.test.ts(234,27): error TS7005: Variable 'items' implicitly has an 'any[]' type.
apps/api typecheck: Failed
/home/user/My-owns/apps/api:
 ERR_PNPM_RECURSIVE_RUN_FIRST_FAIL  @mth/api@0.1.0 typecheck: `tsc -p tsconfig.json`
Exit status 2
# exit: 2   finished: 2026-10-07T03:13:00Z
