
> mobily-transformation-hub@0.1.0 test /home/user/wt/dg4-kbe-r2
> vitest run --project unit-node --project unit-web && vitest run --project unit-formula-nocodegen


 RUN  v3.2.4 /home/user/wt/dg4-kbe-r2

 ✓ |unit-web| src/pages/render-time-language.test.tsx (28 tests) 8156ms
   ✓ sign-in (dev form), 'en' → 'ar' > an invalid user name: the inline message follows the switch  361ms
   ✓ journey step editor, 'en' → 'ar' > a field error on a step follows the switch  944ms
   ✓ journey step editor, 'en' → 'ar' > the form-level "Step N:" error follows the switch (prefix and message)  541ms
   ✓ journey step editor, 'ar' → 'en' > a field error on a step follows the switch  724ms
   ✓ journey step editor, 'ar' → 'en' > the form-level "Step N:" error follows the switch (prefix and message)  417ms
   ✓ row-action note and reason dialog, 'en' → 'ar' > the Finance validation note's 'required' follows the switch  526ms
   ✓ row-action note and reason dialog, 'en' → 'ar' > the archive reason's 'too short' follows the switch  453ms
   ✓ row-action note and reason dialog, 'ar' → 'en' > the Finance validation note's 'required' follows the switch  388ms
   ✓ row-action note and reason dialog, 'ar' → 'en' > the Finance validation choice's 'required' follows the switch  332ms
   ✓ row-action note and reason dialog, 'ar' → 'en' > the archive reason's 'too short' follows the switch  344ms
 ✓ |unit-web| src/pages/p2-blank-forms.test.tsx (52 tests) 15333ms
   ✓ gate submission note (en) > a whitespace-only note is refused inline and nothing is sent  555ms
   ✓ gate submission note (en) > visible text is sent verbatim; an empty note is omitted  570ms
   ✓ gate submission note (ar) > visible text is sent verbatim; an empty note is omitted  425ms
   ✓ gate decision rationale and comments (en) > a whitespace-only rationale is refused inline and nothing is sent  424ms
   ✓ gate decision rationale and comments (en) > a invisible-only rationale is refused inline and nothing is sent  392ms
   ✓ gate decision rationale and comments (en) > a invisible (long enough for min 3)-only rationale is refused inline and nothing is sent  315ms
   ✓ journey step editor (en) > a whitespace-only actor is refused inline (not turned into null) and nothing is sent  450ms
   ✓ journey step editor (en) > a invisible-only actor is refused inline (not turned into null) and nothing is sent  330ms
   ✓ journey step editor (en) > several blank fields: each gets the message and focus goes to the first (name)  356ms
   ✓ journey step editor (en) > visible text is sent verbatim; emptied optional text is null; an empty name is required  416ms
   ✓ journey step editor (ar) > a whitespace-only actor is refused inline (not turned into null) and nothing is sent  320ms
   ✓ journey step editor (ar) > a invisible-only actor is refused inline (not turned into null) and nothing is sent  306ms
   ✓ journey step editor (ar) > several blank fields: each gets the message and focus goes to the first (name)  344ms
   ✓ journey step editor (ar) > visible text is sent verbatim; emptied optional text is null; an empty name is required  410ms
   ✓ Finance validation note and archive reason (en) > note: a whitespace-only note is refused inline and nothing is sent  302ms
   ✓ Finance validation note and archive reason (en) > note: a invisible-only note is refused inline and nothing is sent  349ms
   ✓ Finance validation note and archive reason (en) > note: empty is 'required'; visible text is sent verbatim  335ms
   ✓ Finance validation note and archive reason (ar) > note: a invisible-only note is refused inline and nothing is sent  325ms
   ✓ Finance validation note and archive reason (ar) > note: empty is 'required'; visible text is sent verbatim  404ms
   ✓ Finance validation note and archive reason (ar) > reason: a invisible-only reason is refused inline and nothing is archived  324ms
   ✓ Finance validation note and archive reason (ar) > reason: a reason with U+0000 is refused inline with the localized message and nothing is archived  328ms
 ✓ |unit-web| src/pages/p2.test.tsx (56 tests) 15433ms
   ✓ Diagnose > shows the six T01 dimensions with Unknown for missing values, and value pools that are never 0  744ms
   ✓ Diagnose > renders the six workstreams with their key questions  439ms
   ✓ Diagnose > edits a T01 row with only the changed fields and If-Match  538ms
   ✓ Diagnose > a 409 on save writes nothing, compares, and re-applies on the current version  533ms
   ✓ Diagnose > a 400 validation.blank shows a localized message on its field ('en')  685ms
   ✓ Diagnose > a 400 validation.blank shows a localized message on its field ('ar')  574ms
   ✓ Diagnose > an invisible-only value is blocked client-side with validation.blank ('en')  541ms
   ✓ Diagnose > an invisible-only value is blocked client-side with validation.blank ('ar')  475ms
   ✓ Diagnose > a whitespace-only T01 value is an inline blank error and sends nothing ('en')  574ms
   ✓ Diagnose > a whitespace-only T01 value is an inline blank error and sends nothing ('ar')  511ms
   ✓ Diagnose > T01: an emptied field is sent as an explicit null; visible text is sent verbatim  542ms
   ✓ Define > sets the North Star with one sentence and no If-Match the first time  309ms
   ✓ Define: KPI activation (F-DG2-201) > Arabic: the Activate action and the 422 reason are in Arabic  392ms
   ✓ Charter > scope pre-check: an empty Out of scope reads as failing (EN and AR)  449ms
   ✓ Charter > edit: emptying a filled field sends null; visible text is verbatim (en)  323ms
   ✓ Design > shows the ten canvas boxes and the per-dimension view  403ms
   ✓ Design > converts an unresolved workshop item into a design decision with If-Match  636ms
   ✓ Gates (business approval) > the approver's decision: rationale required; 403 and 409 problems in words  383ms
   ✓ Evidence > uploads a revision as octet-stream with a percent-encoded file name and If-Match  316ms
 ✓ |unit-web| src/auth/session-generation.test.tsx (26 tests) 9424ms
   ✓ F-DG2-530 a write in flight across an identity change (en) > X3: A's PATCH answered after B's /me is not written into B's cache, not shown, and does not navigate B  891ms
   ✓ F-DG2-530 a write in flight across an identity change (en) > X3b: the same after a session END here and B's sign-in: A's late answer never lands  581ms
   ✓ F-DG2-530 a write in flight across an identity change (en) > an archive in flight across an identity change: A's archived record never lands in B's cache  576ms
   ✓ F-DG2-530 a write in flight across an identity change (en) > an organization save in flight across an identity change: A's change is never stored under B  627ms
   ✓ F-DG2-530 a write in flight across an identity change (en) > a user save in flight across an identity change: A's change is never stored under B  620ms
   ✓ F-DG2-530 a write in flight across an identity change (en) > a same-person new session: the in-flight save is dropped silently, the draft is kept and usable  493ms
   ✓ F-DG2-530 X6: refocus and reconnect revalidate GET /me first (en) > the same identity: a refocus refetches /me once, then the stale page queries; nothing when all is fresh  392ms
   ✓ F-DG2-530 a write in flight across an identity change (ar) > X3: A's PATCH answered after B's /me is not written into B's cache, not shown, and does not navigate B  530ms
   ✓ F-DG2-530 a write in flight across an identity change (ar) > X3b: the same after a session END here and B's sign-in: A's late answer never lands  454ms
   ✓ F-DG2-530 a write in flight across an identity change (ar) > an archive in flight across an identity change: A's archived record never lands in B's cache  563ms
   ✓ F-DG2-530 a write in flight across an identity change (ar) > an organization save in flight across an identity change: A's change is never stored under B  585ms
   ✓ F-DG2-530 a write in flight across an identity change (ar) > a user save in flight across an identity change: A's change is never stored under B  530ms
   ✓ F-DG2-530 a write in flight across an identity change (ar) > a same-person new session: the in-flight save is dropped silently, the draft is kept and usable  450ms
   ✓ F-DG2-530 X6: refocus and reconnect revalidate GET /me first (ar) > after B signs in elsewhere, a refocus within /me's staleTime shows B's header with B's data, never A's  353ms
   ✓ F-DG2-530 X6: refocus and reconnect revalidate GET /me first (ar) > the same identity: a refocus refetches /me once, then the stale page queries; nothing when all is fresh  407ms
 ✓ |unit-web| src/pages/portfolio/fe-e.test.tsx (18 tests) 6530ms
   ✓ Funding decisions (en) > is a labelled business approval with no 'on behalf of' control; rationale required; POST with an Idempotency-Key  974ms
   ✓ Funding decisions (en) > the BE-E 422s are the dialog's one translated alert; funding.amount_invalid is also inline at /amount  639ms
   ✓ Funding decisions (ar) > is a labelled business approval with no 'on behalf of' control; rationale required; POST with an Idempotency-Key  339ms
   ✓ Funding decisions (ar) > the BE-E 422s are the dialog's one translated alert; funding.amount_invalid is also inline at /amount  662ms
   ✓ Deliverables and milestones on the card (en) > creates (Idempotency-Key), edits (If-Match) and archives (reason, If-Match) a deliverable  751ms
   ✓ Deliverables and milestones on the card (en) > creates a milestone with its wave and forecast, and edits it with If-Match  521ms
   ✓ Deliverables and milestones on the card (en) > 422 initiative.read_only (a closure raced the edit) is translated as the dialog's one alert  358ms
   ✓ Deliverables and milestones on the card (ar) > creates (Idempotency-Key), edits (If-Match) and archives (reason, If-Match) a deliverable  463ms
 ✓ |unit-web| src/auth/session-bound.test.tsx (34 tests) 10890ms
   ✓ F-DG2-530/580 no effect of A's action after a further await once the tab is B's (en) > Y1: a create whose post-create GET /me returns B: B is not navigated and never sees A's code or name  877ms
   ✓ F-DG2-530/580 no effect of A's action after a further await once the tab is B's (en) > Y1c: the same create under one identity still lands on the created record  412ms
   ✓ F-DG2-530/580 no effect of A's action after a further await once the tab is B's (en) > Y1c (not visible to the creator): the creator still gets 'created, but you cannot open it' with the 201's code  380ms
   ✓ F-DG2-530/580 no effect of A's action after a further await once the tab is B's (en) > an edit whose identity changes between its awaits: B is not navigated to A's record and keeps nothing of A's  442ms
   ✓ F-DG2-530/580 no effect of A's action after a further await once the tab is B's (en) > an organization create whose identity changes between its awaits: B is not navigated to A's new organization  611ms
   ✓ F-DG2-530/580 no effect of A's action after a further await once the tab is B's (en) > a user create whose identity changes between its awaits: B is not navigated to A's new user  563ms
   ✓ F-DG2-530/580 no effect of A's action after a further await once the tab is B's (en) > sanity: the organization and user creates under one identity still navigate to the new record  438ms
   ✓ F-DG2-530/580 no effect of A's action after a further await once the tab is B's (ar) > Y1: a create whose post-create GET /me returns B: B is not navigated and never sees A's code or name  754ms
   ✓ F-DG2-530/580 no effect of A's action after a further await once the tab is B's (ar) > Y1c: the same create under one identity still lands on the created record  307ms
   ✓ F-DG2-530/580 no effect of A's action after a further await once the tab is B's (ar) > Y1c (not visible to the creator): the creator still gets 'created, but you cannot open it' with the 201's code  425ms
   ✓ F-DG2-530/580 no effect of A's action after a further await once the tab is B's (ar) > an edit whose identity changes between its awaits: B is not navigated to A's record and keeps nothing of A's  432ms
   ✓ F-DG2-530/580 no effect of A's action after a further await once the tab is B's (ar) > an organization create whose identity changes between its awaits: B is not navigated to A's new organization  515ms
   ✓ F-DG2-530/580 no effect of A's action after a further await once the tab is B's (ar) > a user create whose identity changes between its awaits: B is not navigated to A's new user  568ms
   ✓ F-DG2-530/580 no effect of A's action after a further await once the tab is B's (ar) > sanity: the organization and user creates under one identity still navigate to the new record  322ms
   ✓ the convention: no raw navigate or cache write in app code (T-DG2-FE15) > the ESLint rule refuses a raw navigate, a raw cache write and a useNavigate import in a page  1902ms
 ✓ |unit-web| src/auth/session-end.test.tsx (12 tests) 7993ms
   ✓ session end while the app is open (en) > a 401 on navigation lands once on sign-in with the message; signing in again returns to the page  1507ms
   ✓ session end while the app is open (en) > a 401 on a dialog mutation (the commit-time upload refusal) closes the dialog and lands once on sign-in  952ms
   ✓ session end while the app is open (en) > a sign-out elsewhere noticed by the next /me probe lands once on sign-in, never on the stale shell  503ms
   ✓ session end while the app is open (en) > a 403 (forbidden) is never treated as a session end  600ms
   ✓ session end while the app is open (ar) > a 401 on navigation lands once on sign-in with the message; signing in again returns to the page  765ms
   ✓ session end while the app is open (ar) > a 401 on a dialog mutation (the commit-time upload refusal) closes the dialog and lands once on sign-in  775ms
   ✓ session end while the app is open (ar) > a sign-out elsewhere noticed by the next /me probe lands once on sign-in, never on the stale shell  526ms
   ✓ session end while the app is open (ar) > a 403 (forbidden) is never treated as a session end  748ms
   ✓ session end under <StrictMode> (as in production) > still lands exactly once on sign-in  704ms
   ✓ sign-in page and the cached identity > decides 'already signed in' only from a fresh /me, never from a stale cache  418ms
   ✓ sign-in page and the cached identity > signing out here shows 'signed out', not 'session ended', and no /me loop  456ms
 ✓ |unit-web| src/pages/kpi/kpi.test.tsx (27 tests) 4982ms
   ✓ KPI screens (en) > RAG panel: the seven elements, the threshold version named, and the override beside the calculated RAG  483ms
   ✓ KPI screens (en) > four-step update: submits once, then lists downstream views, 'review pending' and 'Finance review pending'  430ms
   ✓ KPI screens (en) > a second entry for the same KPI and period is value version 2 of the same slot (If-Match)  313ms
   ✓ KPI screens (en) > data quality: an open finding is resolved with a note and If-Match  355ms
   ✓ KPI screens (ar) > data quality: an open finding is resolved with a note and If-Match  388ms
 ✓ |unit-web| src/pages/portfolio/portfolio.test.tsx (32 tests) 10448ms
   ✓ Portfolio (en) > lists code, name, wave, owners and three separate columns: proposed rank, selection and funding  630ms
   ✓ Portfolio (en) > filters by status and wave on the server  414ms
   ✓ Portfolio (en) > creates a draft at any time: POST /initiatives with the transformation and an Idempotency-Key  420ms
   ✓ Portfolio (ar) > creates a draft at any time: POST /initiatives with the transformation and an Idempotency-Key  344ms
   ✓ Initiative Card (en) > shows all 14 T05 fields in the source order and the 3-7 deliverables warning (a warning, not a block)  376ms
   ✓ Initiative Card (en) > submit refused: 'Case for change not yet approved (G1)…' is the dialog's one translated alert  396ms
   ✓ Initiative Card (en) > submit refused: 'Outcome before activity…' (validation at /outcomeContributions) is translated  300ms
   ✓ Initiative Card (en) > launch refused: 'North Star, outcomes and target state not yet approved', then 'Selected - unfunded…'  545ms
   ✓ Initiative Card (en) > select is a labelled business approval: rationale required, If-Match, no 'on behalf of' control  548ms
   ✓ Initiative Card (en) > a 409 shows the conflict banner and reloads  316ms
   ✓ Initiative Card (en) > a gap link to another TOM record shows 'A project portfolio is not a Target Operating Model…'  498ms
   ✓ Initiative Card (en) > an outcome contribution needs an outcome; the KPI is optional and labelled so  628ms
   ✓ Initiative Card (en) > the read-only auditor sees the card with no enabled write control  448ms
   ✓ Initiative Card (en) > a cancelled initiative is read-only even for the lead  325ms
   ✓ Initiative Card (ar) > launch refused: 'North Star, outcomes and target state not yet approved', then 'Selected - unfunded…'  399ms
   ✓ Initiative Card (ar) > select is a labelled business approval: rationale required, If-Match, no 'on behalf of' control  313ms
   ✓ Initiative Card (ar) > the read-only auditor sees the card with no enabled write control  311ms
 ✓ |unit-web| src/pages/prioritization/prioritization.test.tsx (20 tests) 8955ms
   ✓ prioritization (en) > ranked table: an incomplete score is 'incomplete' (never a number), 3.30 complete; 0–100 shows 57.5 with its label  1179ms
   ✓ prioritization (en) > scorecard: 6 is refused inline and nothing is sent; 4 is POSTed as the integer; the weighted score is read-only 'incomplete'  922ms
   ✓ prioritization (en) > weight sets: the live total refuses 95% and 105%; 100% is accepted and POSTed as decimal strings  346ms
   ✓ prioritization (en) > weight sets: the proposer is never offered approval; another approver's approval is a business approval with If-Match; 403 SoD is translated  538ms
   ✓ prioritization (en) > weight set approval: a 409 shows the conflict banner and reloads  366ms
   ✓ prioritization (en) > overrides: a reason is required (missing and invisible-only are refused, nothing sent); with a reason it is POSTed  500ms
   ✓ prioritization (en) > the read-only auditor sees the data and no enabled write control  467ms
   ✓ prioritization (ar) > ranked table: an incomplete score is 'incomplete' (never a number), 3.30 complete; 0–100 shows 57.5 with its label  403ms
   ✓ prioritization (ar) > scorecard: 6 is refused inline and nothing is sent; 4 is POSTed as the integer; the weighted score is read-only 'incomplete'  718ms
   ✓ prioritization (ar) > weight sets: the live total refuses 95% and 105%; 100% is accepted and POSTed as decimal strings  367ms
   ✓ prioritization (ar) > weight sets: the proposer is never offered approval; another approver's approval is a business approval with If-Match; 403 SoD is translated  745ms
   ✓ prioritization (ar) > weight set approval: a 409 shows the conflict banner and reloads  463ms
   ✓ prioritization (ar) > overrides: a reason is required (missing and invisible-only are refused, nothing sent); with a reason it is POSTed  427ms
 ✓ |unit-web| src/pages/capacity/fe-e.test.tsx (13 tests) 4531ms
   ✓ capacity editing (en) > creates a role; a taken code (409) is the form's translated alert; then the role is created  869ms
   ✓ capacity editing (en) > edits a role's labels and archives it, each with If-Match  576ms
   ✓ capacity editing (en) > creates a capacity row with a decimal FTE string; a duplicate (409) is translated  455ms
   ✓ capacity editing (en) > creates a demand; after the save the plan is re-read and the conflict with its shortfall appears; Unknown stays Unknown  474ms
   ✓ capacity editing (ar) > edits a role's labels and archives it, each with If-Match  474ms
   ✓ capacity editing (ar) > creates a demand; after the save the plan is re-read and the conflict with its shortfall appears; Unknown stays Unknown  414ms
 ✓ |unit-web| src/pages/team/team.test.tsx (10 tests) 5519ms
   ✓ Team (English LTR) > shows the six governance roles with B0018 accountability text verbatim and who holds each  779ms
   ✓ Team (English LTR) > lists team members with the accountability on each assignment, sortable and filterable  527ms
   ✓ Team (English LTR) > a Transformation Lead assigns a Workstream Lead: Idempotency-Key, reason, accountability preview  502ms
   ✓ Team (English LTR) > shows a 403 from the server in words; nothing is assigned  570ms
   ✓ Team: read-only auditor (AUD) > sees the roles, accountabilities and members, a read-only note, and no assign control  341ms
   ✓ Team assign dialog: accountability preview follows the selected role (F-DG2-430) > en: WL on open, then KDS, TD, none and WL again, in StrictMode with no React warning  584ms
   ✓ Team assign dialog: accountability preview follows the selected role (F-DG2-430) > ar: WL on open, then KDS, TD, none and WL again, in StrictMode with no React warning  649ms
   ✓ Team: the success notice follows a language switch, 'en' → 'ar' > the notice is shown in the language now on screen, not the one it was created in  751ms
   ✓ Team: the success notice follows a language switch, 'ar' → 'en' > the notice is shown in the language now on screen, not the one it was created in  548ms
 ✓ |unit-web| src/auth/session-identity.test.tsx (18 tests) 6909ms
   ✓ F-DG2-500 a session end on the sign-in page (en) > W5: Back to /login after A's session ends, B signs in with the development form: B never sees A's records  1041ms
   ✓ F-DG2-500 a session end on the sign-in page (en) > W5b (OIDC mode): B signs in in another tab and this tab's /me re-probe brings B: B never sees A's records  637ms
   ✓ F-DG2-500 an identity change with no session end in this tab (en) > a refocus /me that returns another identity removes every session query before B renders, and drops A's drafts  532ms
   ✓ F-DG2-500 sign-out here and 403 (en) > signing out here clears everything; B signing in afterwards never sees A's records  714ms
   ✓ F-DG2-500 a session end on the sign-in page (ar) > W5: Back to /login after A's session ends, B signs in with the development form: B never sees A's records  595ms
   ✓ F-DG2-500 a session end on the sign-in page (ar) > W5b (OIDC mode): B signs in in another tab and this tab's /me re-probe brings B: B never sees A's records  735ms
   ✓ F-DG2-500 an identity change with no session end in this tab (ar) > a refocus /me that returns another identity removes every session query before B renders, and drops A's drafts  433ms
   ✓ F-DG2-500 sign-out here and 403 (ar) > signing out here clears everything; B signing in afterwards never sees A's records  865ms
 ✓ |unit-web| src/pages/business-cases/business-cases.test.tsx (18 tests) 9363ms
   ✓ business cases (en) > register: levels, Finance baseline states with text (Stale is never green) and drafts  794ms
   ✓ business cases (en) > detail: all ten sections, totals with gross / cost / net apart, net Unknown (never 0), roll-up by reference  575ms
   ✓ business cases (en) > totals: a partial total says how many Unknown lines it leaves out  357ms
   ✓ business cases (en) > sections: saves only the changed section with If-Match; blank text is refused inline and nothing is sent  984ms
   ✓ business cases (en) > sections: a 409 shows the standard conflict panel (nothing saved) with the current values  595ms
   ✓ business cases (en) > lines: exactly one class from one select; the value basis follows the class; a 422 is translated  723ms
   ✓ business cases (en) > Finance validation: a business approval for FIN who did not author the case; If-Match; translated 403  746ms
   ✓ business cases (ar) > totals: a partial total says how many Unknown lines it leaves out  511ms
   ✓ business cases (ar) > sections: saves only the changed section with If-Match; blank text is refused inline and nothing is sent  937ms
   ✓ business cases (ar) > sections: a 409 shows the standard conflict panel (nothing saved) with the current values  694ms
   ✓ business cases (ar) > lines: exactly one class from one select; the value basis follows the class; a 422 is translated  700ms
   ✓ business cases (ar) > Finance validation: a business approval for FIN who did not author the case; If-Match; translated 403  539ms
 ✓ |unit-web| src/pages/benefits/benefits.test.tsx (29 tests) 9415ms
   ✓ benefits screens (en) > T14 register: ten columns; Value (SAR) n/a and Unknown never 0; Realized kept apart with pending labelled  1180ms
   ✓ benefits screens (en) > allocations: percent and unallocated share; the replace sends fractions with If-Match  514ms
   ✓ benefits screens (en) > allocations above 100 %: the preview warns and the server's 422 is translated in the one form alert  572ms
   ✓ benefits screens (en) > measurements: a validated value offers no edit; the 409 validated_immutable is translated  600ms
   ✓ benefits screens (en) > Finance decision: six items, the decision body with If-Match; labelled Finance validation, never DG0-DG7  537ms
   ✓ benefits screens (en) > read-only (auditor): Finance item without decide, register without create  432ms
   ✓ benefits screens (ar) > T14 register: ten columns; Value (SAR) n/a and Unknown never 0; Realized kept apart with pending labelled  504ms
   ✓ benefits screens (ar) > allocations: percent and unallocated share; the replace sends fractions with If-Match  602ms
   ✓ benefits screens (ar) > allocations above 100 %: the preview warns and the server's 422 is translated in the one form alert  586ms
   ✓ benefits screens (ar) > measurements: a validated value offers no edit; the 409 validated_immutable is translated  443ms
   ✓ benefits screens (ar) > Finance decision: six items, the decision body with If-Match; labelled Finance validation, never DG0-DG7  317ms
   ✓ benefits screens (ar) > read-only (auditor): Finance item without decide, register without create  660ms
 ✓ |unit-web| src/pages/roadmap/roadmap.test.tsx (14 tests) 6857ms
   ✓ roadmap (en) > shows the four source waves verbatim (English source also shown in Arabic) with overlapping horizons  885ms
   ✓ roadmap (en) > moving a milestone PATCHes the forecast with If-Match and the timeline, table and board all show the new date from one refetch  778ms
   ✓ roadmap (en) > a 409 on moving a milestone shows the conflict notice and reloads the roadmap  702ms
   ✓ roadmap (en) > re-approving a date requires a reason; then it is POSTed with If-Match  740ms
   ✓ roadmap (en) > deliverable acceptance sends the AcceptanceDecision with If-Match (no 'on behalf of' control)  507ms
   ✓ roadmap (en) > an Unknown schedule flag is shown as Unknown; missing dates are Unknown, never blank  493ms
   ✓ roadmap (ar) > moving a milestone PATCHes the forecast with If-Match and the timeline, table and board all show the new date from one refetch  723ms
   ✓ roadmap (ar) > a 409 on moving a milestone shows the conflict notice and reloads the roadmap  501ms
   ✓ roadmap (ar) > re-approving a date requires a reason; then it is POSTed with If-Match  328ms
   ✓ roadmap (ar) > deliverable acceptance sends the AcceptanceDecision with If-Match (no 'on behalf of' control)  491ms
 ✓ |unit-web| src/pages/roadmap/fe-e.test.tsx (8 tests) 3262ms
   ✓ wave editing (en) > edits planned dates (overlap accepted) with If-Match; the source text is read-only and never sent  672ms
   ✓ wave editing (en) > adds a non-source wave with its bilingual texts (POST, Idempotency-Key)  837ms
   ✓ wave editing (ar) > edits planned dates (overlap accepted) with If-Match; the source text is read-only and never sent  347ms
   ✓ wave editing (ar) > adds a non-source wave with its bilingual texts (POST, Idempotency-Key)  624ms
 ✓ |unit-web| src/pages/transformations/transformations.test.tsx (21 tests) 5241ms
   ✓ after create (F-DG1-004) > shows the created record when the server lets the creator read it  803ms
   ✓ after create (F-DG1-004) > explains, in English, that the draft was created but cannot be opened (server 404), instead of 'Not found'  324ms
   ✓ derived creator assignment on the audit trail (F-DG1-008) > an action the catalogue does not know stays readable and is explicitly marked (en and ar)  341ms
   ✓ effective permissions refresh after create (F-DG1-210) > English: Edit, Archive and the audit trail appear after create, without a reload  570ms
   ✓ effective permissions refresh after create (F-DG1-210) > Arabic (RTL): the same controls and the audit trail appear after create, without a reload  588ms
   ✓ effective permissions refresh after create (F-DG1-210) > does not over-grant: if the refreshed server answer adds nothing, Archive and the audit trail stay hidden  494ms
   ✓ effective permissions refresh after create (F-DG1-210) > a failed /me refresh never blocks the navigation; the UI stays fail-safe (no controls offered)  348ms
 ✓ |unit-web| src/pages/benefit-formulas/benefit-formulas.test.tsx (18 tests) 5695ms
   ✓ T09 benefit formulas (en) > register: the six T09 columns with confidence H/M/L; examples marked illustrative with 100000 and 500000 SAR per year  715ms
   ✓ T09 benefit formulas (en) > builder: an undefined variable shows translated, with its position, before saving; nothing is sent  567ms
   ✓ T09 benefit formulas (en) > builder: a fraction is entered as percent and stored as a fraction; a version is saved with If-Match  394ms
   ✓ T09 benefit formulas (en) > Finance validation of a version: a business approval by FIN; the author cannot; translated refusal  367ms
   ✓ T09 benefit formulas (ar) > register: the six T09 columns with confidence H/M/L; examples marked illustrative with 100000 and 500000 SAR per year  412ms
   ✓ T09 benefit formulas (ar) > builder: an undefined variable shows translated, with its position, before saving; nothing is sent  405ms
   ✓ T09 benefit formulas (ar) > builder: a fraction is entered as percent and stored as a fraction; a version is saved with If-Match  385ms
   ✓ T09 benefit formulas (ar) > builder: a 409 shows the standard conflict panel; nothing was saved  368ms
   ✓ T09 benefit formulas (ar) > Finance validation of a version: a business approval by FIN; the author cannot; translated refusal  356ms
   ✓ T09 benefit formulas (ar) > Finance validation: the version's author sees the separation-of-duties note and no action  309ms
 ✓ |unit-web| src/pages/gates/g4.test.tsx (16 tests) 5603ms
   ✓ G4 refusal item by item (en) > two initiatives without owners: two separate translated 'Owners' items, never the joined English message  820ms
   ✓ G4 refusal item by item (en) > without a usable gate view: one translated line per refused criterion, never the English message  586ms
   ✓ G4 refusal item by item (ar) > two initiatives without owners: two separate translated 'Owners' items, never the joined English message  382ms
   ✓ G4 view (en) > the decision's 403 urn:mth:problem:forbidden is translated  472ms
   ✓ G4 view (en) > the decision's 403 urn:mth:problem:forbidden is translated  498ms
   ✓ G4 view (en) > the decision's 409 urn:mth:problem:version-conflict is translated  382ms
   ✓ G4 view (ar) > a refused submission shows the 422 list with the initiative names, translated  334ms
   ✓ G4 view (ar) > the decision's 403 urn:mth:problem:forbidden is translated  416ms
   ✓ G4 view (ar) > the decision's 403 urn:mth:problem:forbidden is translated  366ms
   ✓ G4 view (ar) > the decision's 409 urn:mth:problem:version-conflict is translated  399ms
 ✓ |unit-web| src/pages/dependencies/dependencies.test.tsx (12 tests) 4683ms
   ✓ dependencies (en) > shows the seven T08 columns, an External source, the type label and the needed-by conflict flag  761ms
   ✓ dependencies (en) > a cycle is refused and shown as the translated message with the path INI-01 → INI-02 → INI-03 → INI-01  665ms
   ✓ dependencies (en) > an External source is sent as {kind: external, label}  679ms
   ✓ dependencies (en) > dependency types: system types are undeletable; an administrator may retire a custom type  439ms
   ✓ dependencies (en) > a system type's 422 dependency_type.system_undeletable is translated  344ms
   ✓ dependencies (ar) > a cycle is refused and shown as the translated message with the path INI-01 → INI-02 → INI-03 → INI-01  386ms
   ✓ dependencies (ar) > an External source is sent as {kind: external, label}  401ms
 ✓ |unit-web| src/pages/gates/g1-agreements.test.tsx (10 tests) 4023ms
   ✓ G1 agreements step (en) > approving G1 needs the three labelled confirmations; then sends agreements with all three true  1217ms
   ✓ G1 agreements step (en) > a non-approve outcome on G1 sends no agreements (even after ticking them)  573ms
   ✓ G1 agreements step (ar) > approving G1 needs the three labelled confirmations; then sends agreements with all three true  357ms
   ✓ G1 agreements step (ar) > a non-approve outcome on G1 sends no agreements (even after ticking them)  357ms
 ✓ |unit-web| src/components/LanguageSwitch.test.tsx (10 tests) 3228ms
   ✓ a refused language save, 'en' → other ('403 csrf') > keeps ar on screen and says, in ar, that it was not saved  847ms
   ✓ a refused language save, 'ar' → other ('403 csrf') > keeps en on screen and says, in en, that it was not saved  593ms
   ✓ a refused language save, 'en' → other ('403 forbidden') > keeps ar on screen and says, in ar, that it was not saved  539ms
   ✓ a refused language save, 'ar' → other ('503') > keeps en on screen and says, in en, that it was not saved  449ms
 ✓ |unit-web| src/pages/my-work/my-work.test.tsx (21 tests) 2961ms
   ✓ My Work (en) > renders tasks and reminders from messageKey + messageParams; Unknown due dates; system-managed tasks  408ms
   ✓ My Work (en) > marks a task done and a reminder read with bodiless POSTs and If-Match  446ms
 ✓ |unit-web| src/pages/dispensations/dispensations.test.tsx (12 tests) 4253ms
   ✓ Dispensations (en) > lists waivers and inherited approvals; unverified evidence is shown as unverified; recorder cannot decide  694ms
   ✓ Dispensations (en) > a waiver needs a reason and an expiry: refused inline, nothing sent; then sent with its scope  451ms
   ✓ Dispensations (en) > an inherited approval (Modular) needs the approving body, the date and evidence; 422s are translated  403ms
   ✓ Dispensations (en) > deciding is a labelled business approval; the delegated-decision 422 and the recorder 403 are translated  733ms
   ✓ Dispensations (ar) > an inherited approval (Modular) needs the approving body, the date and evidence; 422s are translated  443ms
   ✓ Dispensations (ar) > deciding is a labelled business approval; the delegated-decision 422 and the recorder 403 are translated  350ms
 ✓ |unit-web| src/pages/gates/inherited-approval.test.tsx (16 tests) 2570ms
   ✓ inherited-approval annotation (en) > Gates list: G1 accepted (counts true) is a badge next to 'Not submitted'  372ms
   ✓ inherited-approval annotation (en) > gate view: an accepted inherited approval is a labelled row beside the 'Not submitted' status  330ms
 ✓ |unit-web| src/pages/approvals/approvals.test.tsx (16 tests) 3403ms
   ✓ Approvals (en) > lists my approvals; an Unknown due date shows Unknown with its reason, never a date  415ms
   ✓ Approvals (en) > offers exactly four outcomes; defer needs a date; the decision sends subjectVersion with If-Match  431ms
   ✓ Approvals (en) > a stale 409 says the record changed, records nothing and links to the history  301ms
   ✓ Approvals (ar) > offers exactly four outcomes; defer needs a date; the decision sends subjectVersion with If-Match  305ms
 ✓ |unit-web| src/app/p3-seams.test.tsx (10 tests) 2912ms
   ✓ P3 routes > workspace tabs (en) > the workspace tabs include the P3 tabs, labelled from their own namespaces  771ms
   ✓ P3 routes > workspace tabs (ar) > the workspace tabs include the P3 tabs, labelled from their own namespaces  442ms
   ✓ P3 navigation areas > en /initiatives-roadmaps leads into the Initiatives and Roadmaps tab of each transformation  578ms
   ✓ P3 navigation areas > en /benefits-finance leads into the Benefits and Finance tab of each transformation  381ms
   ✓ P3 navigation areas > ar /benefits-finance leads into the المنافع والمالية tab of each transformation  445ms
 ✓ |unit-web| src/pages/raci/governance.test.tsx (15 tests) 3890ms
   ✓ Governance (en) > RACI: edits a row with the cell selects and saves it as one PATCH with If-Match  679ms
   ✓ Governance (en) > decision rights: seeded rows; the due-date preview shows Unknown with its reason  457ms
   ✓ Governance (en) > decision rights: a field with an unknown party code is refused before sending  471ms
   ✓ Governance (ar) > decision rights: seeded rows; the due-date preview shows Unknown with its reason  305ms
   ✓ Governance (ar) > decision rights: submits the matrix for business approval with If-Match  367ms
   ✓ Governance (ar) > decision rights: a field with an unknown party code is refused before sending  356ms
 ✓ |unit-web| src/app/app.test.tsx (17 tests) 2852ms
   ✓ bilingual shell > shows all fourteen areas to an administrator  388ms
   ✓ bilingual shell > a partial area (Governance) leads into the Gates tab of each transformation; its portfolio view stays planned  322ms
   ✓ transformations > lists transformations with a sortable code column and removable filter chips  441ms
   ✓ transformations > detail shows the workspace header with Unknown for data from later stages  327ms
   ✓ transformations > edit: a 409 writes nothing, shows compare, and re-applies on the current version  359ms
 ✓ |unit-web| src/components/RecordForm.alerts.test.tsx (16 tests) 1749ms
   ✓ record form: one alert per distinct form error (en) > dialog > a 400 whose only field error has pointer "" says its message once, in one live region  390ms
 ✓ |unit-web| src/pages/capacity/capacity.test.tsx (6 tests) 1986ms
   ✓ capacity (en) > the role × month grid shows decimal FTE, the conflict with its shortfall, and Unknown capacity as Unknown (never 0)  516ms
   ✓ capacity (en) > committing a demand POSTs with If-Match; a 409 shows the conflict notice and reloads  708ms
   ✓ capacity (ar) > committing a demand POSTs with If-Match; a 409 shows the conflict notice and reloads  315ms
 ✓ |unit-web| src/pages/transformations/modeGuidance.test.tsx (5 tests) 1294ms
   ✓ New transformation: mode guidance (English LTR) > shows When to use and How for the selected mode and switches with the mode  513ms
   ✓ New transformation: mode guidance (English LTR) > Modular requires an entry phase before anything is sent  401ms
 ✓ |unit-web| src/components/States.test.tsx (15 tests) 585ms
 ✓ |unit-web| src/lib/auditChanges.test.ts (125 tests) 90ms
 ✓ |unit-web| src/pages/readiness/readiness.test.tsx (4 tests) 1001ms
   ✓ Readiness (en) > lists the missing diagnostic areas by name, the gates and the translated sequencing blockers  512ms
 ✓ |unit-web| src/i18n/i18n.test.ts (11 tests) 85ms
 ✓ |unit-web| src/test/react-warning-guard.test.tsx (4 tests) 41ms
 ✓ |unit-web| src/i18n/glossary.test.ts (8 tests) 167ms
 ✓ |unit-web| src/lib/lib.test.ts (24 tests) 57ms
 ✓ |unit-web| src/styles/styles.test.ts (6 tests) 17ms
 ✓ |unit-web| src/pages/business-cases/problem-codes.test.ts (4 tests) 23ms
 ✓ |unit-web| src/test/harness-config.test.ts (2 tests) 2ms
 ✓ |unit-node| apps/api/src/modules/workflows/workflows.test.ts (14 tests) 3234ms
   ✓ workflows module (P2) > its declared boundary holds, and an undeclared dependency would be caught  2999ms
 ✓ |unit-node| packages/shared/src/formula/fuzz.test.ts (111 tests) 12964ms
   ✓ fuzz: no uncaught exception, no code execution > 10 000 random byte strings (0–255, up to 80 bytes)  2896ms
   ✓ fuzz: no uncaught exception, no code execution > 10 000 random UTF-16 strings including astral code points and lone surrogates  2432ms
   ✓ fuzz: no uncaught exception, no code execution > 20 000 random strings over the grammar alphabet reach parser, type checker and evaluator  5005ms
   ✓ source scan: no dynamic code in packages/shared/src/formula (ADR-0024 §6) > every file of the engine's import closure gets the engine-source lint rules (eslint.config.js)  1930ms
   ✓ source scan: no dynamic code in packages/shared/src/formula (ADR-0024 §6) > ESLint refuses the round-5 handler forms (G1, G2, A1, A2), F1 and every lintable probe-table row in an engine source  604ms
 ✓ |unit-node| apps/api/src/architecture.test.ts (137 tests) 15261ms
   ✓ API module boundaries (ADR-0002) > every import respects dependsOn, public surfaces and allowed packages  10241ms
   ✓ package dependency direction (ADR-0002 rule 5) > packages/shared imports no workspace package  1224ms
   ✓ package dependency direction (ADR-0002 rule 5) > apps/web never imports @mth/db or @mth/config (browser bundle, no secrets)  2720ms
 ✓ |unit-node| packages/shared/src/kpi/property.test.ts (11 tests) 2132ms
   ✓ changes > pp = (x₁ − x₀) × 100 exactly, and relative × |x₀| = x₁ − x₀ (to precision 80)  347ms
   ✓ cumulative and roll-ups > weighted ratio roll-up = Σn / Σd; with equal denominators it equals the mean of the ratios  323ms
   ✓ storage rounding > rounds once half-up: |stored − exact| ≤ 0.0000005 and the record is honest  321ms
 ✓ |unit-node| apps/api/src/modules/kpi/kpi.test.ts (39 tests) 2314ms
   ✓ kpi module (P2) > its declared boundary holds, and a planted bypass or undeclared dependency would be caught  2230ms
 ✓ |unit-node| apps/api/src/modules/reporting/reporting.test.ts (4 tests) 906ms
   ✓ reporting module (P1 scaffold, D-048) > its declared boundary holds, and a planted bypass or undeclared dependency would be caught  877ms
 ✓ |unit-node| apps/api/src/modules/evidence/evidence.test.ts (13 tests) 810ms
   ✓ evidence module (P2) > its declared boundary holds  694ms
 ✓ |unit-node| apps/api/src/server.test.ts (6 tests) 1194ms
   ✓ route registration > declares access on every /api route and on the health endpoints  536ms
   ✓ route registration > registers dev login only in AUTH_MODE=dev; production configuration refuses dev mode entirely  405ms
 ✓ |unit-node| packages/shared/src/adoption/measures.test.ts (24 tests) 597ms
   ✓ properties (seeded) > never 0 for an empty denominator: Unknown with value null exactly when the denominator is 0  307ms
 ✓ |unit-node| packages/shared/src/scoring.test.ts (36 tests) 802ms
   ✓ property: all 5^5 integer score combinations under v1 equal an independent BigInt rational computation > stored value, 2-digit display and 0–100 view all match for 3125 combinations  578ms
 ✓ |unit-node| apps/api/src/modules/platform/in-flight.test.ts (4 tests) 318ms
 ✓ |unit-node| apps/api/src/modules/reporting/dashboards/areas.test.ts (19 tests) 333ms
 ✓ |unit-node| apps/api/src/modules/methodology/methodology.test.ts (4 tests) 362ms
   ✓ methodology module (P2) > its declared boundary holds, and an undeclared dependency would be caught  333ms
 ✓ |unit-node| packages/shared/src/value.test.ts (29 tests) 185ms
 ✓ |unit-node| apps/api/src/modules/platform/media-types.test.ts (57 tests) 269ms
 ✓ |unit-node| apps/api/src/modules/raid/raid.test.ts (7 tests) 96ms
 ✓ |unit-node| apps/api/src/modules/platform/platform.test.ts (19 tests) 256ms
 ✓ |unit-node| apps/api/src/modules/platform/connection-hygiene.test.ts (6 tests) 89ms
 ✓ |unit-node| packages/shared/src/schemas/schemas.test.ts (69 tests) 243ms
 ✓ |unit-node| apps/api/src/modules/platform/incomplete-body.test.ts (10 tests) 144ms
 ✓ |unit-node| apps/api/src/request-encoding.test.ts (11 tests) 96ms
 ✓ |unit-node| apps/api/src/modules/platform/advisory-locks.test.ts (3 tests) 290ms
 ✓ |unit-node| packages/config/src/load.test.ts (17 tests) 120ms
 ✓ |unit-node| apps/api/src/modules/admin/branding.test.ts (4 tests) 131ms
 ✓ |unit-node| packages/shared/src/formula/formula.test.ts (140 tests) 157ms
 ✓ |unit-node| apps/api/src/modules/kpi/rules.test.ts (30 tests) 57ms
 ✓ |unit-node| apps/api/src/modules/kpi/formulas.test.ts (10 tests) 25ms
 ✓ |unit-node| packages/design-tokens/src/tokens.test.ts (15 tests) 88ms
 ✓ |unit-node| apps/api/src/modules/benefits/benefits.test.ts (2 tests) 267ms
 ✓ |unit-node| packages/shared/src/kpi/types.test.ts (40 tests) 18ms
 ✓ |unit-node| packages/db/src/seed.test.ts (34 tests) 177ms
 ✓ |unit-node| packages/shared/src/kpi/a05.test.ts (17 tests) 33ms
 ✓ |unit-node| packages/shared/src/time/working-days.test.ts (19 tests) 74ms
 ✓ |unit-node| apps/api/src/modules/governance/governance.test.ts (2 tests) 62ms
 ✓ |unit-node| apps/api/src/modules/platform/health.test.ts (2 tests) 65ms
 ✓ |unit-node| apps/api/src/modules/benefits/register-rules.test.ts (45 tests) 50ms
 ✓ |unit-node| apps/api/src/modules/sustainment/sustainment.test.ts (2 tests) 36ms
 ✓ |unit-node| packages/shared/src/kpi/rag.test.ts (38 tests) 38ms
 ✓ |unit-node| apps/api/src/modules/benefits/totals.test.ts (14 tests) 112ms
 ✓ |unit-node| apps/api/src/modules/adoption/adoption.test.ts (2 tests) 105ms
 ✓ |unit-node| packages/shared/src/kpi/change.test.ts (22 tests) 43ms
 ✓ |unit-node| apps/api/src/modules/benefits/d2-rules.test.ts (15 tests) 59ms
 ✓ |unit-node| packages/shared/src/schedule/critical-path.test.ts (13 tests) 17ms
(node:4491) [FSTDEP022] FastifyWarning: The router options for constraints property access is deprecated. Please use "options.routerOptions" instead for accessing router options. The router options will be removed in `fastify@6`.
(Use `node --trace-warnings ...` to show where the warning was created)
 ✓ |unit-node| apps/api/src/modules/platform/framework-errors.test.ts (6 tests) 67ms
 ✓ |unit-node| packages/shared/src/kpi/purity.test.ts (14 tests) 114ms
 ✓ |unit-node| apps/api/src/modules/workflows/t08-cycle-problem.test.ts (2 tests) 6ms
 ✓ |unit-node| packages/shared/src/kpi/aggregate.test.ts (20 tests) 15ms
 ✓ |unit-node| packages/shared/src/schemas/roadmap.test.ts (6 tests) 25ms
 ✓ |unit-node| apps/api/src/modules/kpi/totals.test.ts (20 tests) 32ms
 ✓ |unit-node| packages/shared/src/governance/recurrence.test.ts (19 tests) 28ms
 ✓ |unit-node| packages/shared/src/adoption/form-schema.test.ts (8 tests) 15ms
 ✓ |unit-node| apps/api/src/modules/tasks/tasks.test.ts (5 tests) 35ms
 ✓ |unit-node| apps/api/src/modules/platform/db-errors-p4.test.ts (5 tests) 13ms
 ✓ |unit-node| apps/api/src/modules/platform/db-errors-p4-meetings.test.ts (4 tests) 20ms
 ✓ |unit-node| apps/api/src/modules/platform/request-encoding.test.ts (7 tests) 16ms
 ✓ |unit-node| packages/shared/src/schedule/working-day-slip.test.ts (11 tests) 15ms
 ✓ |unit-node| packages/shared/src/kpi/formula-binding.test.ts (26 tests) 17ms
 ✓ |unit-node| apps/api/src/modules/kpi/p3-gate-facts.test.ts (9 tests) 19ms
 ✓ |unit-node| apps/api/src/modules/portfolio/sequencing.test.ts (9 tests) 25ms
 ✓ |unit-node| apps/api/src/modules/access/rules.test.ts (12 tests) 16ms
 ✓ |unit-node| packages/shared/src/kpi/measures.test.ts (30 tests) 11ms
 ✓ |unit-node| packages/shared/src/kpi/trajectory.test.ts (14 tests) 11ms
 ✓ |unit-node| apps/api/src/modules/identity/oidc-claims.test.ts (5 tests) 8ms
 ✓ |unit-node| apps/api/src/modules/portfolio/budget.test.ts (13 tests) 58ms
 ✓ |unit-node| apps/api/src/modules/kpi/kbe-c.test.ts (9 tests) 19ms
 ✓ |unit-node| apps/api/src/modules/platform/db-errors.test.ts (7 tests) 24ms
 ✓ |unit-node| packages/shared/src/kpi/status.test.ts (25 tests) 11ms
 ✓ |unit-node| packages/shared/src/kpi/periods.test.ts (26 tests) 11ms
 ✓ |unit-node| packages/shared/src/schemas/corrective.test.ts (10 tests) 20ms
 ✓ |unit-node| apps/api/src/modules/raid/corrective.test.ts (4 tests) 18ms
 ✓ |unit-node| apps/api/src/modules/transformations/thesis.test.ts (4 tests) 9ms
 ✓ |unit-node| apps/api/src/modules/portfolio/schedule.test.ts (14 tests) 27ms
 ✓ |unit-node| apps/api/src/modules/workflows/g4.test.ts (5 tests) 7ms
 ✓ |unit-node| apps/api/src/modules/transformations/transitions.test.ts (2 tests) 16ms
 ✓ |unit-node| apps/api/src/modules/transformations/good-outcome.test.ts (7 tests) 8ms
 ✓ |unit-node| apps/api/src/modules/transformations/exclusions.test.ts (19 tests) 8ms
 ✓ |unit-node| apps/api/src/modules/portfolio/capacity.test.ts (4 tests) 6ms
 ✓ |unit-node| apps/api/src/modules/portfolio/readiness-transform.test.ts (4 tests) 5ms
 ✓ |unit-node| apps/api/src/modules/governance/raci.test.ts (2 tests) 4ms

 Test Files  122 passed (122)
      Tests  2342 passed (2342)
   Start at  23:48:53
   Duration  167.63s (transform 11.95s, setup 6.14s, collect 159.18s, tests 247.80s, environment 26.92s, prepare 13.54s)


 RUN  v3.2.4 /home/user/wt/dg4-kbe-r2

 ✓ |unit-formula-nocodegen| packages/shared/src/formula/codegen.nocodegen.test.ts (10 tests) 25ms
 ✓ |unit-formula-nocodegen| packages/shared/src/formula/formula.test.ts (140 tests) 110ms
 ✓ |unit-formula-nocodegen| packages/shared/src/formula/fuzz.test.ts (111 tests | 2 skipped) 4943ms
   ✓ fuzz: no uncaught exception, no code execution > 10 000 random byte strings (0–255, up to 80 bytes)  1360ms
   ✓ fuzz: no uncaught exception, no code execution > 10 000 random UTF-16 strings including astral code points and lone surrogates  1154ms
   ✓ fuzz: no uncaught exception, no code execution > 20 000 random strings over the grammar alphabet reach parser, type checker and evaluator  2391ms

 Test Files  3 passed (3)
      Tests  259 passed | 2 skipped (261)
   Start at  23:51:41
   Duration  5.94s (transform 607ms, setup 0ms, collect 1.24s, tests 5.08s, environment 0ms, prepare 404ms)

EXIT=0
