
> mobily-transformation-hub@0.1.0 test /home/user/wt/dg4-kbe-r2
> vitest run --project unit-node --project unit-web && vitest run --project unit-formula-nocodegen


 RUN  v3.2.4 /home/user/wt/dg4-kbe-r2

 ❯ |unit-node| apps/api/src/modules/kpi/kpi.test.ts (39 tests | 1 failed) 1226ms
   ✓ kpi module (P2) > is mapped with its declared dependency direction 6ms
   ✓ kpi module (P2) > exposes exactly its wiring hook, the gate-facts loader, the freshness vocabulary and the P4 seams 2ms
   ✓ kpi module (P2) > models missing and outdated values as unknown / stale - never as zero or green 0ms
   × kpi module (P2) > registers exactly the 24 P2 kpi operations, the 11 P3 business-case, the 13 T09, the 18 P4 KBE-B and the P4 KBE-C operations, and reports them 64ms
     → expected [ 'acceptKpiActual', …(87) ] to deeply equal [ 'acceptKpiActual', …(86) ]
   ✓ kpi module (P2) > declares the contract's permission on every route: reads transformation.read, writes the named right 20ms
   ✓ kpi module (P2) > its declared boundary holds, and a planted bypass or undeclared dependency would be caught  1124ms
   ✓ never a float (ADR-0019 §4): no amount is converted to a JavaScript number > kpi/accept-pipeline.ts 1ms
   ✓ never a float (ADR-0019 §4): no amount is converted to a JavaScript number > kpi/actuals.ts 1ms
   ✓ never a float (ADR-0019 §4): no amount is converted to a JavaScript number > kpi/baselines.ts 0ms
   ✓ never a float (ADR-0019 §4): no amount is converted to a JavaScript number > kpi/benefit-formulas.ts 1ms
   ✓ never a float (ADR-0019 §4): no amount is converted to a JavaScript number > kpi/business-case-lines.ts 0ms
   ✓ never a float (ADR-0019 §4): no amount is converted to a JavaScript number > kpi/business-cases.ts 0ms
   ✓ never a float (ADR-0019 §4): no amount is converted to a JavaScript number > kpi/calculation-runs.ts 0ms
   ✓ never a float (ADR-0019 §4): no amount is converted to a JavaScript number > kpi/calculations.ts 0ms
   ✓ never a float (ADR-0019 §4): no amount is converted to a JavaScript number > kpi/dashboard-facts.ts 0ms
   ✓ never a float (ADR-0019 §4): no amount is converted to a JavaScript number > kpi/data-quality.ts 0ms
   ✓ never a float (ADR-0019 §4): no amount is converted to a JavaScript number > kpi/downstream.ts 0ms
   ✓ never a float (ADR-0019 §4): no amount is converted to a JavaScript number > kpi/formula-versions.ts 0ms
   ✓ never a float (ADR-0019 §4): no amount is converted to a JavaScript number > kpi/gate-facts.ts 0ms
   ✓ never a float (ADR-0019 §4): no amount is converted to a JavaScript number > kpi/index.ts 0ms
   ✓ never a float (ADR-0019 §4): no amount is converted to a JavaScript number > kpi/kpi-definitions.ts 0ms
   ✓ never a float (ADR-0019 §4): no amount is converted to a JavaScript number > kpi/kpi-formulas.ts 0ms
   ✓ never a float (ADR-0019 §4): no amount is converted to a JavaScript number > kpi/kpi-outbox.ts 0ms
   ✓ never a float (ADR-0019 §4): no amount is converted to a JavaScript number > kpi/kpi-status.ts 1ms
   ✓ never a float (ADR-0019 §4): no amount is converted to a JavaScript number > kpi/kpi-versions.ts 0ms
   ✓ never a float (ADR-0019 §4): no amount is converted to a JavaScript number > kpi/outcome-kpis.ts 0ms
   ✓ never a float (ADR-0019 §4): no amount is converted to a JavaScript number > kpi/p3-gate-facts.ts 0ms
   ✓ never a float (ADR-0019 §4): no amount is converted to a JavaScript number > kpi/rag-overrides.ts 0ms
   ✓ never a float (ADR-0019 §4): no amount is converted to a JavaScript number > kpi/rag-thresholds.ts 0ms
   ✓ never a float (ADR-0019 §4): no amount is converted to a JavaScript number > kpi/reporting-periods.ts 0ms
   ✓ never a float (ADR-0019 §4): no amount is converted to a JavaScript number > kpi/repository.ts 0ms
   ✓ never a float (ADR-0019 §4): no amount is converted to a JavaScript number > kpi/routes.ts 0ms
   ✓ never a float (ADR-0019 §4): no amount is converted to a JavaScript number > kpi/rules.ts 0ms
   ✓ never a float (ADR-0019 §4): no amount is converted to a JavaScript number > kpi/support.ts 0ms
   ✓ never a float (ADR-0019 §4): no amount is converted to a JavaScript number > kpi/totals.ts 0ms
   ✓ never a float (ADR-0019 §4): no amount is converted to a JavaScript number > kpi/trajectories.ts 0ms
   ✓ never a float (ADR-0019 §4): no amount is converted to a JavaScript number > kpi/value-pools.ts 0ms
   ✓ never a float (ADR-0019 §4): no amount is converted to a JavaScript number > src/value.ts 0ms
   ✓ never a float (ADR-0019 §4): no amount is converted to a JavaScript number > schemas/kpi.ts 0ms
 ✓ |unit-node| packages/shared/src/formula/fuzz.test.ts (111 tests) 6706ms
   ✓ fuzz: no uncaught exception, no code execution > 10 000 random byte strings (0–255, up to 80 bytes)  1574ms
   ✓ fuzz: no uncaught exception, no code execution > 10 000 random UTF-16 strings including astral code points and lone surrogates  1148ms
   ✓ fuzz: no uncaught exception, no code execution > 20 000 random strings over the grammar alphabet reach parser, type checker and evaluator  2655ms
   ✓ source scan: no dynamic code in packages/shared/src/formula (ADR-0024 §6) > every file of the engine's import closure gets the engine-source lint rules (eslint.config.js)  881ms
   ✓ source scan: no dynamic code in packages/shared/src/formula (ADR-0024 §6) > ESLint refuses the round-5 handler forms (G1, G2, A1, A2), F1 and every lintable probe-table row in an engine source  420ms
 ✓ |unit-node| apps/api/src/architecture.test.ts (137 tests) 7468ms
   ✓ API module boundaries (ADR-0002) > every import respects dependsOn, public surfaces and allowed packages  4880ms
   ✓ package dependency direction (ADR-0002 rule 5) > packages/shared imports no workspace package  515ms
   ✓ package dependency direction (ADR-0002 rule 5) > apps/web never imports @mth/db or @mth/config (browser bundle, no secrets)  1508ms
 ✓ |unit-node| apps/api/src/modules/workflows/workflows.test.ts (14 tests) 1203ms
   ✓ workflows module (P2) > its declared boundary holds, and an undeclared dependency would be caught  1145ms
 ✓ |unit-node| packages/shared/src/kpi/property.test.ts (11 tests) 971ms
 ✓ |unit-node| packages/shared/src/adoption/measures.test.ts (24 tests) 349ms
 ✓ |unit-node| apps/api/src/server.test.ts (6 tests) 641ms
 ✓ |unit-node| apps/api/src/modules/reporting/reporting.test.ts (4 tests) 739ms
   ✓ reporting module (P1 scaffold, D-048) > its declared boundary holds, and a planted bypass or undeclared dependency would be caught  715ms
 ✓ |unit-node| packages/shared/src/scoring.test.ts (36 tests) 373ms
   ✓ property: all 5^5 integer score combinations under v1 equal an independent BigInt rational computation > stored value, 2-digit display and 0–100 view all match for 3125 combinations  336ms
 ✓ |unit-node| apps/api/src/modules/evidence/evidence.test.ts (13 tests) 459ms
   ✓ evidence module (P2) > its declared boundary holds  384ms
 ✓ |unit-node| apps/api/src/modules/platform/in-flight.test.ts (4 tests) 281ms
 ✓ |unit-node| packages/shared/src/schemas/schemas.test.ts (69 tests) 180ms
 ✓ |unit-node| packages/shared/src/value.test.ts (29 tests) 204ms
 ✓ |unit-node| apps/api/src/modules/reporting/dashboards/areas.test.ts (19 tests) 221ms
 ✓ |unit-node| apps/api/src/modules/platform/media-types.test.ts (57 tests) 124ms
 ✓ |unit-node| apps/api/src/modules/platform/platform.test.ts (19 tests) 119ms
 ✓ |unit-node| apps/api/src/modules/methodology/methodology.test.ts (4 tests) 196ms
 ✓ |unit-node| packages/shared/src/formula/formula.test.ts (140 tests) 76ms
 ✓ |unit-node| packages/config/src/load.test.ts (17 tests) 91ms
 ✓ |unit-node| apps/api/src/modules/platform/connection-hygiene.test.ts (6 tests) 72ms
 ✓ |unit-node| packages/shared/src/time/working-days.test.ts (19 tests) 38ms
 ✓ |unit-node| apps/api/src/modules/platform/incomplete-body.test.ts (10 tests) 58ms
 ✓ |unit-node| packages/db/src/seed.test.ts (34 tests) 80ms
 ✓ |unit-node| apps/api/src/modules/platform/health.test.ts (2 tests) 37ms
 ✓ |unit-node| apps/api/src/request-encoding.test.ts (11 tests) 126ms
 ✓ |unit-node| apps/api/src/modules/raid/raid.test.ts (7 tests) 36ms
 ✓ |unit-node| apps/api/src/modules/tasks/tasks.test.ts (5 tests) 21ms
(node:3312) [FSTDEP022] FastifyWarning: The router options for constraints property access is deprecated. Please use "options.routerOptions" instead for accessing router options. The router options will be removed in `fastify@6`.
(Use `node --trace-warnings ...` to show where the warning was created)
 ✓ |unit-node| apps/api/src/modules/platform/framework-errors.test.ts (6 tests) 33ms
 ✓ |unit-node| packages/shared/src/kpi/change.test.ts (22 tests) 27ms
 ✓ |unit-node| apps/api/src/modules/kpi/rules.test.ts (30 tests) 49ms
 ✓ |unit-node| apps/api/src/modules/platform/advisory-locks.test.ts (3 tests) 54ms
 ✓ |unit-node| packages/shared/src/kpi/a05.test.ts (17 tests) 37ms
 ✓ |unit-node| apps/api/src/modules/benefits/totals.test.ts (14 tests) 36ms
 ✓ |unit-node| apps/api/src/modules/benefits/benefits.test.ts (2 tests) 35ms
 ✓ |unit-node| apps/api/src/modules/admin/branding.test.ts (4 tests) 43ms
 ✓ |unit-node| apps/api/src/modules/platform/db-errors.test.ts (7 tests) 14ms
 ✓ |unit-node| apps/api/src/modules/kpi/formulas.test.ts (10 tests) 35ms
 ✓ |unit-node| apps/api/src/modules/portfolio/budget.test.ts (13 tests) 13ms
 ✓ |unit-node| packages/design-tokens/src/tokens.test.ts (15 tests) 35ms
 ✓ |unit-node| apps/api/src/modules/adoption/adoption.test.ts (2 tests) 31ms
 ✓ |unit-node| apps/api/src/modules/governance/governance.test.ts (2 tests) 36ms
 ✓ |unit-node| packages/shared/src/kpi/purity.test.ts (14 tests) 24ms
 ✓ |unit-node| apps/api/src/modules/benefits/register-rules.test.ts (45 tests) 24ms
 ✓ |unit-node| packages/shared/src/kpi/trajectory.test.ts (14 tests) 11ms
 ✓ |unit-node| apps/api/src/modules/platform/db-errors-p4.test.ts (5 tests) 10ms
 ✓ |unit-node| apps/api/src/modules/sustainment/sustainment.test.ts (2 tests) 28ms
 ✓ |unit-node| packages/shared/src/kpi/rag.test.ts (38 tests) 19ms
 ✓ |unit-node| packages/shared/src/kpi/formula-binding.test.ts (26 tests) 22ms
 ✓ |unit-node| apps/api/src/modules/portfolio/sequencing.test.ts (9 tests) 9ms
 ✓ |unit-node| apps/api/src/modules/benefits/d2-rules.test.ts (15 tests) 19ms
 ✓ |unit-node| apps/api/src/modules/kpi/totals.test.ts (20 tests) 12ms
 ✓ |unit-node| packages/shared/src/kpi/types.test.ts (40 tests) 30ms
 ✓ |unit-node| packages/shared/src/governance/recurrence.test.ts (19 tests) 27ms
 ✓ |unit-node| packages/shared/src/schedule/working-day-slip.test.ts (11 tests) 10ms
 ✓ |unit-node| packages/shared/src/adoption/form-schema.test.ts (8 tests) 12ms
 ✓ |unit-node| packages/shared/src/kpi/measures.test.ts (30 tests) 13ms
 ✓ |unit-node| apps/api/src/modules/kpi/p3-gate-facts.test.ts (9 tests) 13ms
 ✓ |unit-node| packages/shared/src/kpi/periods.test.ts (26 tests) 10ms
 ✓ |unit-node| apps/api/src/modules/raid/corrective.test.ts (4 tests) 8ms
 ✓ |unit-node| packages/shared/src/schemas/roadmap.test.ts (6 tests) 25ms
 ✓ |unit-node| packages/shared/src/kpi/status.test.ts (25 tests) 26ms
 ✓ |unit-node| apps/api/src/modules/platform/request-encoding.test.ts (7 tests) 8ms
 ✓ |unit-node| packages/shared/src/kpi/aggregate.test.ts (20 tests) 23ms
 ✓ |unit-node| apps/api/src/modules/platform/db-errors-p4-meetings.test.ts (4 tests) 21ms
 ✓ |unit-node| packages/shared/src/schemas/corrective.test.ts (10 tests) 11ms
 ✓ |unit-node| packages/shared/src/schedule/critical-path.test.ts (13 tests) 28ms
 ✓ |unit-node| apps/api/src/modules/transformations/good-outcome.test.ts (7 tests) 12ms
 ✓ |unit-node| apps/api/src/modules/access/rules.test.ts (12 tests) 6ms
 ✓ |unit-node| apps/api/src/modules/workflows/g4.test.ts (5 tests) 12ms
 ✓ |unit-node| apps/api/src/modules/kpi/kbe-c.test.ts (9 tests) 12ms
 ✓ |unit-node| apps/api/src/modules/portfolio/schedule.test.ts (14 tests) 10ms
 ✓ |unit-node| apps/api/src/modules/transformations/thesis.test.ts (4 tests) 6ms
 ✓ |unit-node| apps/api/src/modules/portfolio/capacity.test.ts (4 tests) 5ms
 ✓ |unit-node| apps/api/src/modules/transformations/exclusions.test.ts (19 tests) 12ms
 ✓ |unit-node| apps/api/src/modules/identity/oidc-claims.test.ts (5 tests) 25ms
 ✓ |unit-node| apps/api/src/modules/governance/raci.test.ts (2 tests) 5ms
 ✓ |unit-node| apps/api/src/modules/portfolio/readiness-transform.test.ts (4 tests) 8ms
 ✓ |unit-node| apps/api/src/modules/workflows/t08-cycle-problem.test.ts (2 tests) 19ms
 ✓ |unit-node| apps/api/src/modules/transformations/transitions.test.ts (2 tests) 15ms
 ✓ |unit-web| src/pages/prioritization/prioritization.test.tsx (20 tests) 11934ms
   ✓ prioritization (en) > ranked table: an incomplete score is 'incomplete' (never a number), 3.30 complete; 0–100 shows 57.5 with its label  1954ms
   ✓ prioritization (en) > scorecard: 6 is refused inline and nothing is sent; 4 is POSTed as the integer; the weighted score is read-only 'incomplete'  983ms
   ✓ prioritization (en) > weight sets: the live total refuses 95% and 105%; 100% is accepted and POSTed as decimal strings  540ms
   ✓ prioritization (en) > weight sets: the proposer is never offered approval; another approver's approval is a business approval with If-Match; 403 SoD is translated  902ms
   ✓ prioritization (en) > weight set approval: a 409 shows the conflict banner and reloads  430ms
   ✓ prioritization (en) > overrides: a reason is required (missing and invisible-only are refused, nothing sent); with a reason it is POSTed  491ms
   ✓ prioritization (en) > the read-only auditor sees the data and no enabled write control  434ms
   ✓ prioritization (en) > never mentions a delivery gate (DG0–DG7)  342ms
   ✓ prioritization (ar) > ranked table: an incomplete score is 'incomplete' (never a number), 3.30 complete; 0–100 shows 57.5 with its label  529ms
   ✓ prioritization (ar) > scorecard: 6 is refused inline and nothing is sent; 4 is POSTed as the integer; the weighted score is read-only 'incomplete'  674ms
   ✓ prioritization (ar) > weight sets: the live total refuses 95% and 105%; 100% is accepted and POSTed as decimal strings  738ms
   ✓ prioritization (ar) > weight sets: the proposer is never offered approval; another approver's approval is a business approval with If-Match; 403 SoD is translated  1019ms
   ✓ prioritization (ar) > weight set approval: a 409 shows the conflict banner and reloads  748ms
   ✓ prioritization (ar) > overrides: a reason is required (missing and invisible-only are refused, nothing sent); with a reason it is POSTed  303ms
   ✓ prioritization (ar) > the read-only auditor sees the data and no enabled write control  615ms
   ✓ prioritization (ar) > never mentions a delivery gate (DG0–DG7)  374ms
 ✓ |unit-web| src/pages/business-cases/business-cases.test.tsx (18 tests) 13105ms
   ✓ business cases (en) > register: levels, Finance baseline states with text (Stale is never green) and drafts  1623ms
   ✓ business cases (en) > detail: all ten sections, totals with gross / cost / net apart, net Unknown (never 0), roll-up by reference  933ms
   ✓ business cases (en) > totals: a partial total says how many Unknown lines it leaves out  300ms
   ✓ business cases (en) > sections: saves only the changed section with If-Match; blank text is refused inline and nothing is sent  766ms
   ✓ business cases (en) > sections: a 409 shows the standard conflict panel (nothing saved) with the current values  973ms
   ✓ business cases (en) > lines: exactly one class from one select; the value basis follows the class; a 422 is translated  607ms
   ✓ business cases (en) > Finance validation: a business approval for FIN who did not author the case; If-Match; translated 403  934ms
   ✓ business cases (en) > Finance validation: the case author sees no validate action, only the separation-of-duties note  627ms
   ✓ business cases (ar) > detail: all ten sections, totals with gross / cost / net apart, net Unknown (never 0), roll-up by reference  314ms
   ✓ business cases (ar) > totals: a partial total says how many Unknown lines it leaves out  583ms
   ✓ business cases (ar) > sections: saves only the changed section with If-Match; blank text is refused inline and nothing is sent  2164ms
   ✓ business cases (ar) > sections: a 409 shows the standard conflict panel (nothing saved) with the current values  788ms
   ✓ business cases (ar) > lines: exactly one class from one select; the value basis follows the class; a 422 is translated  755ms
   ✓ business cases (ar) > Finance validation: a business approval for FIN who did not author the case; If-Match; translated 403  788ms
 ✓ |unit-web| src/pages/p2.test.tsx (56 tests) 31151ms
   ✓ Diagnose > shows the six T01 dimensions with Unknown for missing values, and value pools that are never 0  1395ms
   ✓ Diagnose > shows the totals as Unknown when no pool is quantified  602ms
   ✓ Diagnose > renders the six workstreams with their key questions  573ms
   ✓ Diagnose > edits a T01 row with only the changed fields and If-Match  841ms
   ✓ Diagnose > a 409 on save writes nothing, compares, and re-applies on the current version  709ms
   ✓ Diagnose > a 400 validation.blank shows a localized message on its field ('en')  739ms
   ✓ Diagnose > a 400 validation.blank shows a localized message on its field ('ar')  762ms
   ✓ Diagnose > an invisible-only value is blocked client-side with validation.blank ('en')  685ms
   ✓ Diagnose > an invisible-only value is blocked client-side with validation.blank ('ar')  810ms
   ✓ Diagnose > a whitespace-only T01 value is an inline blank error and sends nothing ('en')  1024ms
   ✓ Diagnose > a whitespace-only T01 value is an inline blank error and sends nothing ('ar')  1017ms
   ✓ Diagnose > T01: an emptied field is sent as an explicit null; visible text is sent verbatim  725ms
   ✓ Define > shows the good outcome test per outcome with pass / fail / unknown and localized reasons  675ms
   ✓ Define > requires a target date on a T02 row before sending anything  488ms
   ✓ Define > sets the North Star with one sentence and no If-Match the first time  675ms
   ✓ Define: KPI activation (F-DG2-201) > offers Activate on a draft KPI, states the unmet precondition on 422, then activates with If-Match  587ms
   ✓ Define: KPI activation (F-DG2-201) > Arabic: the Activate action and the 422 reason are in Arabic  644ms
   ✓ Define: KPI activation (F-DG2-201) > an active KPI shows Active and offers no Activate  351ms
   ✓ Charter > shows the 14 fields, the thesis, the five scope checks with pre-checks and the top-outcomes warning  320ms
   ✓ Charter > scope pre-check: an empty Out of scope reads as failing (EN and AR)  920ms
   ✓ Charter > thesis: the four parts compose the B0037 sentence (EN and AR)  433ms
   ✓ Charter > North Star (field 5): a superseded statement is never shown as the current one  401ms
   ✓ Charter > compares a version with the previous one  535ms
   ✓ Charter > create: a whitespace Case for change is an inline blank error and creates nothing ('en')  431ms
   ✓ Charter > create: a whitespace Case for change is an inline blank error and creates nothing ('ar')  843ms
   ✓ Charter > edit: a whitespace Out of scope is an inline blank error, sends nothing and keeps the value (en)  579ms
   ✓ Charter > edit: a whitespace Out of scope is an inline blank error, sends nothing and keeps the value (ar)  568ms
   ✓ Charter > edit: emptying a filled field sends null; visible text is verbatim (en)  793ms
   ✓ Charter > edit: emptying a filled field sends null; visible text is verbatim (ar)  501ms
   ✓ Charter > edit: a change summary alone is not a change (never a content-free version)  589ms
   ✓ Design > shows the ten canvas boxes and the per-dimension view  1124ms
   ✓ Design > converts an unresolved workshop item into a design decision with If-Match  1362ms
   ✓ Decisions (T04) > creates a design decision with inline options and an idempotency key  361ms
   ✓ Gates (business approval) > shows unverified evidence as unverified, the failing outcome at G2, and submits with If-Match  514ms
   ✓ Gates (business approval) > the approver's decision: rationale required; 403 and 409 problems in words  1982ms
   ✓ Gates (business approval) > gate detail heading: the verbatim B0023 name once (EN and AR)  661ms
   ✓ Evidence > uploads a revision as octet-stream with a percent-encoded file name and If-Match  484ms
   ✓ Evidence > never offers review to the creator; a filename reference can only be rejected  524ms
   ✓ read-only auditor (AUD) > diagnose: no write control and a read-only note  518ms
   ✓ read-only auditor (AUD) > design: no write control and a read-only note  408ms
   ✓ read-only auditor (AUD) > team: no write control and a read-only note  313ms
 ✓ |unit-web| src/pages/p2-blank-forms.test.tsx (52 tests) 33239ms
   ✓ gate submission note (en) > a whitespace-only note is refused inline and nothing is sent  930ms
   ✓ gate submission note (en) > a invisible-only note is refused inline and nothing is sent  881ms
   ✓ gate submission note (en) > visible text is sent verbatim; an empty note is omitted  783ms
   ✓ gate submission note (ar) > a whitespace-only note is refused inline and nothing is sent  324ms
   ✓ gate submission note (ar) > visible text is sent verbatim; an empty note is omitted  537ms
   ✓ gate decision rationale and comments (en) > a whitespace-only rationale is refused inline and nothing is sent  806ms
   ✓ gate decision rationale and comments (en) > a invisible-only rationale is refused inline and nothing is sent  551ms
   ✓ gate decision rationale and comments (en) > a invisible (long enough for min 3)-only rationale is refused inline and nothing is sent  320ms
   ✓ gate decision rationale and comments (en) > a whitespace-only comment is refused inline (focus on it) and nothing is sent  382ms
   ✓ gate decision rationale and comments (en) > a invisible-only comment is refused inline (focus on it) and nothing is sent  427ms
   ✓ gate decision rationale and comments (en) > visible text is sent verbatim; empty comments are omitted; an empty rationale stays 'too short'  741ms
   ✓ gate decision rationale and comments (en) > a server 400 validation.blank on /rationale lands on the field  505ms
   ✓ gate decision rationale and comments (ar) > a whitespace-only rationale is refused inline and nothing is sent  510ms
   ✓ gate decision rationale and comments (ar) > a invisible-only rationale is refused inline and nothing is sent  600ms
   ✓ gate decision rationale and comments (ar) > a invisible (long enough for min 3)-only rationale is refused inline and nothing is sent  442ms
   ✓ gate decision rationale and comments (ar) > a whitespace-only comment is refused inline (focus on it) and nothing is sent  629ms
   ✓ gate decision rationale and comments (ar) > a invisible-only comment is refused inline (focus on it) and nothing is sent  782ms
   ✓ gate decision rationale and comments (ar) > visible text is sent verbatim; empty comments are omitted; an empty rationale stays 'too short'  744ms
   ✓ gate decision rationale and comments (ar) > a server 400 validation.blank on /rationale lands on the field  397ms
   ✓ journey step editor (en) > a whitespace-only actor is refused inline (not turned into null) and nothing is sent  808ms
   ✓ journey step editor (en) > a invisible-only actor is refused inline (not turned into null) and nothing is sent  901ms
   ✓ journey step editor (en) > several blank fields: each gets the message and focus goes to the first (name)  777ms
   ✓ journey step editor (en) > visible text is sent verbatim; emptied optional text is null; an empty name is required  544ms
   ✓ journey step editor (ar) > a whitespace-only actor is refused inline (not turned into null) and nothing is sent  699ms
   ✓ journey step editor (ar) > a invisible-only actor is refused inline (not turned into null) and nothing is sent  926ms
   ✓ journey step editor (ar) > several blank fields: each gets the message and focus goes to the first (name)  791ms
   ✓ journey step editor (ar) > visible text is sent verbatim; emptied optional text is null; an empty name is required  1562ms
   ✓ Finance validation note and archive reason (en) > note: a whitespace-only note is refused inline and nothing is sent  709ms
   ✓ Finance validation note and archive reason (en) > note: a invisible-only note is refused inline and nothing is sent  469ms
   ✓ Finance validation note and archive reason (en) > note: empty is 'required'; visible text is sent verbatim  643ms
   ✓ Finance validation note and archive reason (en) > reason: a whitespace-only reason is refused inline and nothing is archived  676ms
   ✓ Finance validation note and archive reason (en) > reason: a invisible-only reason is refused inline and nothing is archived  596ms
   ✓ Finance validation note and archive reason (en) > reason: a server 400 validation.blank on /reason is the field message, not a generic error  835ms
   ✓ Finance validation note and archive reason (en) > reason: a reason with U+0000 is refused inline with the localized message and nothing is archived  948ms
   ✓ Finance validation note and archive reason (en) > reason: a server 400 validation.invalid_character on /reason is the localized field message  746ms
   ✓ Finance validation note and archive reason (en) > reason: empty keeps 'too short'; visible text is sent verbatim  441ms
   ✓ Finance validation note and archive reason (ar) > note: a whitespace-only note is refused inline and nothing is sent  413ms
   ✓ Finance validation note and archive reason (ar) > note: a invisible-only note is refused inline and nothing is sent  592ms
   ✓ Finance validation note and archive reason (ar) > note: empty is 'required'; visible text is sent verbatim  1694ms
   ✓ Finance validation note and archive reason (ar) > reason: a whitespace-only reason is refused inline and nothing is archived  670ms
   ✓ Finance validation note and archive reason (ar) > reason: a invisible-only reason is refused inline and nothing is archived  505ms
   ✓ Finance validation note and archive reason (ar) > reason: a server 400 validation.blank on /reason is the field message, not a generic error  482ms
   ✓ Finance validation note and archive reason (ar) > reason: a reason with U+0000 is refused inline with the localized message and nothing is archived  539ms
   ✓ Finance validation note and archive reason (ar) > reason: a server 400 validation.invalid_character on /reason is the localized field message  725ms
   ✓ Finance validation note and archive reason (ar) > reason: empty keeps 'too short'; visible text is sent verbatim  924ms
   ✓ North Star statement (en) > a whitespace-only statement is refused inline and nothing is sent  359ms
   ✓ North Star statement (ar) > a whitespace-only statement is refused inline and nothing is sent  464ms
   ✓ North Star statement (ar) > a invisible-only statement is refused inline and nothing is sent  655ms
 ✓ |unit-web| src/auth/session-generation.test.tsx (26 tests) 12123ms
   ✓ F-DG2-530 a write in flight across an identity change (en) > X3: A's PATCH answered after B's /me is not written into B's cache, not shown, and does not navigate B  1100ms
   ✓ F-DG2-530 a write in flight across an identity change (en) > X3b: the same after a session END here and B's sign-in: A's late answer never lands  791ms
   ✓ F-DG2-530 a write in flight across an identity change (en) > an archive in flight across an identity change: A's archived record never lands in B's cache  898ms
   ✓ F-DG2-530 a write in flight across an identity change (en) > an organization save in flight across an identity change: A's change is never stored under B  714ms
   ✓ F-DG2-530 a write in flight across an identity change (en) > a user save in flight across an identity change: A's change is never stored under B  596ms
   ✓ F-DG2-530 a write in flight across an identity change (en) > a same-person new session: the in-flight save is dropped silently, the draft is kept and usable  586ms
   ✓ F-DG2-530 a write in flight across an identity change (en) > a language save retried after a 409 is never written for the identity that replaced A  447ms
   ✓ F-DG2-530 X6: refocus and reconnect revalidate GET /me first (en) > after B signs in elsewhere, a refocus within /me's staleTime shows B's header with B's data, never A's  442ms
   ✓ F-DG2-530 X6: refocus and reconnect revalidate GET /me first (en) > the same identity: a refocus refetches /me once, then the stale page queries; nothing when all is fresh  557ms
   ✓ F-DG2-530 a write in flight across an identity change (ar) > X3: A's PATCH answered after B's /me is not written into B's cache, not shown, and does not navigate B  539ms
   ✓ F-DG2-530 a write in flight across an identity change (ar) > X3b: the same after a session END here and B's sign-in: A's late answer never lands  740ms
   ✓ F-DG2-530 a write in flight across an identity change (ar) > an archive in flight across an identity change: A's archived record never lands in B's cache  803ms
   ✓ F-DG2-530 a write in flight across an identity change (ar) > an organization save in flight across an identity change: A's change is never stored under B  769ms
   ✓ F-DG2-530 a write in flight across an identity change (ar) > a user save in flight across an identity change: A's change is never stored under B  778ms
   ✓ F-DG2-530 a write in flight across an identity change (ar) > a same-person new session: the in-flight save is dropped silently, the draft is kept and usable  518ms
   ✓ F-DG2-530 X6: refocus and reconnect revalidate GET /me first (ar) > after B signs in elsewhere, a refocus within /me's staleTime shows B's header with B's data, never A's  445ms
   ✓ F-DG2-530 X6: refocus and reconnect revalidate GET /me first (ar) > the same identity: a refocus refetches /me once, then the stale page queries; nothing when all is fresh  485ms
 ✓ |unit-web| src/auth/session-bound.test.tsx (34 tests) 13216ms
   ✓ F-DG2-530/580 no effect of A's action after a further await once the tab is B's (en) > Y1: a create whose post-create GET /me returns B: B is not navigated and never sees A's code or name  1255ms
   ✓ F-DG2-530/580 no effect of A's action after a further await once the tab is B's (en) > Y1c: the same create under one identity still lands on the created record  481ms
   ✓ F-DG2-530/580 no effect of A's action after a further await once the tab is B's (en) > Y1c (not visible to the creator): the creator still gets 'created, but you cannot open it' with the 201's code  329ms
   ✓ F-DG2-530/580 no effect of A's action after a further await once the tab is B's (en) > an edit whose identity changes between its awaits: B is not navigated to A's record and keeps nothing of A's  511ms
   ✓ F-DG2-530/580 no effect of A's action after a further await once the tab is B's (en) > an organization create whose identity changes between its awaits: B is not navigated to A's new organization  445ms
   ✓ F-DG2-530/580 no effect of A's action after a further await once the tab is B's (en) > a user create whose identity changes between its awaits: B is not navigated to A's new user  709ms
   ✓ F-DG2-530/580 no effect of A's action after a further await once the tab is B's (en) > sanity: the organization and user creates under one identity still navigate to the new record  410ms
   ✓ F-DG2-570 the header and the data of ONE identity on in-app navigation (en) > bounded: one GET /me per navigation, shared by the page's burst; other GETs only after the window; same identity kept  470ms
   ✓ F-DG2-530/580 no effect of A's action after a further await once the tab is B's (ar) > Y1: a create whose post-create GET /me returns B: B is not navigated and never sees A's code or name  837ms
   ✓ F-DG2-530/580 no effect of A's action after a further await once the tab is B's (ar) > router state left in history (Back/Forward) never shows A's created record to B  326ms
   ✓ F-DG2-530/580 no effect of A's action after a further await once the tab is B's (ar) > an edit whose identity changes between its awaits: B is not navigated to A's record and keeps nothing of A's  476ms
   ✓ F-DG2-530/580 no effect of A's action after a further await once the tab is B's (ar) > an organization create whose identity changes between its awaits: B is not navigated to A's new organization  693ms
   ✓ F-DG2-530/580 no effect of A's action after a further await once the tab is B's (ar) > a user create whose identity changes between its awaits: B is not navigated to A's new user  806ms
   ✓ F-DG2-530/580 no effect of A's action after a further await once the tab is B's (ar) > sanity: the organization and user creates under one identity still navigate to the new record  562ms
   ✓ the convention: no raw navigate or cache write in app code (T-DG2-FE15) > the ESLint rule refuses a raw navigate, a raw cache write and a useNavigate import in a page  2081ms
 ✓ |unit-web| src/pages/render-time-language.test.tsx (28 tests) 14604ms
   ✓ sign-in (dev form), 'en' → 'ar' > an invalid user name: the inline message follows the switch  498ms
   ✓ sign-in (dev form), 'ar' → 'en' > a refused sign-in: the server's problem follows the switch  348ms
   ✓ journey step editor, 'en' → 'ar' > a field error on a step follows the switch  960ms
   ✓ journey step editor, 'en' → 'ar' > the form-level "Step N:" error follows the switch (prefix and message)  977ms
   ✓ journey step editor, 'ar' → 'en' > a field error on a step follows the switch  1075ms
   ✓ journey step editor, 'ar' → 'en' > the form-level "Step N:" error follows the switch (prefix and message)  1170ms
   ✓ row-action note and reason dialog, 'en' → 'ar' > the Finance validation note's 'required' follows the switch  796ms
   ✓ row-action note and reason dialog, 'en' → 'ar' > the Finance validation choice's 'required' follows the switch  476ms
   ✓ row-action note and reason dialog, 'en' → 'ar' > the archive reason's 'too short' follows the switch  543ms
   ✓ row-action note and reason dialog, 'ar' → 'en' > the Finance validation note's 'required' follows the switch  721ms
   ✓ row-action note and reason dialog, 'ar' → 'en' > the Finance validation choice's 'required' follows the switch  1247ms
   ✓ row-action note and reason dialog, 'ar' → 'en' > the archive reason's 'too short' follows the switch  632ms
   ✓ gate dialogs, 'en' → 'ar' > the submission note's field error follows the switch  509ms
   ✓ gate dialogs, 'en' → 'ar' > the decision rationale's field error follows the switch  498ms
   ✓ North Star statement, 'en' → 'ar' > the statement's field error follows the switch  311ms
   ✓ North Star statement, 'ar' → 'en' > the statement's field error follows the switch  533ms
   ✓ evidence dialogs, 'en' → 'ar' > upload without a file: 'required' follows the switch  824ms
   ✓ evidence dialogs, 'en' → 'ar' > a link without a record type or record: both 'required' messages follow the switch  532ms
   ✓ evidence dialogs, 'ar' → 'en' > upload without a file: 'required' follows the switch  437ms
   ✓ evidence dialogs, 'ar' → 'en' > a link without a record type or record: both 'required' messages follow the switch  501ms
 ✓ |unit-web| src/auth/session-end.test.tsx (12 tests) 9545ms
   ✓ session end while the app is open (en) > a 401 on navigation lands once on sign-in with the message; signing in again returns to the page  1503ms
   ✓ session end while the app is open (en) > a 401 on a dialog mutation (the commit-time upload refusal) closes the dialog and lands once on sign-in  1030ms
   ✓ session end while the app is open (en) > a sign-out elsewhere noticed by the next /me probe lands once on sign-in, never on the stale shell  550ms
   ✓ session end while the app is open (en) > a 403 (forbidden) is never treated as a session end  774ms
   ✓ session end while the app is open (ar) > a 401 on navigation lands once on sign-in with the message; signing in again returns to the page  886ms
   ✓ session end while the app is open (ar) > a 401 on a dialog mutation (the commit-time upload refusal) closes the dialog and lands once on sign-in  1242ms
   ✓ session end while the app is open (ar) > a sign-out elsewhere noticed by the next /me probe lands once on sign-in, never on the stale shell  605ms
   ✓ session end while the app is open (ar) > a 403 (forbidden) is never treated as a session end  945ms
   ✓ session end under <StrictMode> (as in production) > still lands exactly once on sign-in  1057ms
   ✓ sign-in page and the cached identity > decides 'already signed in' only from a fresh /me, never from a stale cache  403ms
   ✓ sign-in page and the cached identity > signing out here shows 'signed out', not 'session ended', and no /me loop  487ms
 ✓ |unit-web| src/pages/gates/g4.test.tsx (16 tests) 6745ms
   ✓ G4 refusal item by item (en) > two initiatives without owners: two separate translated 'Owners' items, never the joined English message  1113ms
   ✓ G4 refusal item by item (en) > without a usable gate view: one translated line per refused criterion, never the English message  486ms
   ✓ G4 refusal item by item (ar) > two initiatives without owners: two separate translated 'Owners' items, never the joined English message  329ms
   ✓ G4 refusal item by item (ar) > without a usable gate view: one translated line per refused criterion, never the English message  401ms
   ✓ G4 view (en) > a refused submission shows the 422 list with the initiative names, translated  458ms
   ✓ G4 view (en) > the decision's 403 urn:mth:problem:forbidden is translated  919ms
   ✓ G4 view (en) > the decision's 403 urn:mth:problem:forbidden is translated  604ms
   ✓ G4 view (en) > the decision's 409 urn:mth:problem:version-conflict is translated  405ms
   ✓ G4 view (ar) > the decision's 403 urn:mth:problem:forbidden is translated  462ms
   ✓ G4 view (ar) > the decision's 409 urn:mth:problem:version-conflict is translated  495ms
 ✓ |unit-web| src/pages/portfolio/portfolio.test.tsx (32 tests) 13228ms
   ✓ Portfolio (en) > lists code, name, wave, owners and three separate columns: proposed rank, selection and funding  1230ms
   ✓ Portfolio (en) > creates a draft at any time: POST /initiatives with the transformation and an Idempotency-Key  599ms
   ✓ Portfolio (en) > the read-only auditor sees the list with no enabled write control  303ms
   ✓ Portfolio (ar) > creates a draft at any time: POST /initiatives with the transformation and an Idempotency-Key  372ms
   ✓ Initiative Card (en) > shows all 14 T05 fields in the source order and the 3-7 deliverables warning (a warning, not a block)  455ms
   ✓ Initiative Card (en) > submit refused: 'Case for change not yet approved (G1)…' is the dialog's one translated alert  336ms
   ✓ Initiative Card (en) > submit refused: 'Outcome before activity…' (validation at /outcomeContributions) is translated  652ms
   ✓ Initiative Card (en) > launch refused: 'North Star, outcomes and target state not yet approved', then 'Selected - unfunded…'  1389ms
   ✓ Initiative Card (en) > select is a labelled business approval: rationale required, If-Match, no 'on behalf of' control  512ms
   ✓ Initiative Card (en) > a 409 shows the conflict banner and reloads  388ms
   ✓ Initiative Card (en) > a gap link to another TOM record shows 'A project portfolio is not a Target Operating Model…'  315ms
   ✓ Initiative Card (en) > an outcome contribution needs an outcome; the KPI is optional and labelled so  690ms
   ✓ Initiative Card (ar) > shows all 14 T05 fields in the source order and the 3-7 deliverables warning (a warning, not a block)  359ms
   ✓ Initiative Card (ar) > submit refused: 'Case for change not yet approved (G1)…' is the dialog's one translated alert  451ms
   ✓ Initiative Card (ar) > submit refused: 'Outcome before activity…' (validation at /outcomeContributions) is translated  374ms
   ✓ Initiative Card (ar) > launch refused: 'North Star, outcomes and target state not yet approved', then 'Selected - unfunded…'  549ms
   ✓ Initiative Card (ar) > select is a labelled business approval: rationale required, If-Match, no 'on behalf of' control  626ms
   ✓ Initiative Card (ar) > a 409 shows the conflict banner and reloads  485ms
   ✓ Initiative Card (ar) > an outcome contribution needs an outcome; the KPI is optional and labelled so  317ms
 ✓ |unit-web| src/pages/portfolio/fe-e.test.tsx (18 tests) 9419ms
   ✓ Funding decisions (en) > is a labelled business approval with no 'on behalf of' control; rationale required; POST with an Idempotency-Key  2007ms
   ✓ Funding decisions (en) > the BE-E 422s are the dialog's one translated alert; funding.amount_invalid is also inline at /amount  354ms
   ✓ Funding decisions (ar) > is a labelled business approval with no 'on behalf of' control; rationale required; POST with an Idempotency-Key  377ms
   ✓ Funding decisions (ar) > the BE-E 422s are the dialog's one translated alert; funding.amount_invalid is also inline at /amount  593ms
   ✓ Funding decisions (ar) > the history shows a missing amount as Unknown (never 0); a re-selected initiative explains the deselect rule  476ms
   ✓ Funding decisions (ar) > an exact decimal amount is shown with its currency; the auditor sees no record control  323ms
   ✓ Deliverables and milestones on the card (en) > creates (Idempotency-Key), edits (If-Match) and archives (reason, If-Match) a deliverable  456ms
   ✓ Deliverables and milestones on the card (en) > the card edit form translates initiative.planned_range specifically (RecordDialog namespaces)  1260ms
   ✓ Deliverables and milestones on the card (ar) > creates (Idempotency-Key), edits (If-Match) and archives (reason, If-Match) a deliverable  1287ms
   ✓ Deliverables and milestones on the card (ar) > creates a milestone with its wave and forecast, and edits it with If-Match  568ms
   ✓ Deliverables and milestones on the card (ar) > 422 initiative.read_only (a closure raced the edit) is translated as the dialog's one alert  306ms
   ✓ Deliverables and milestones on the card (ar) > the card edit form translates initiative.planned_range specifically (RecordDialog namespaces)  339ms
 ✓ |unit-web| src/pages/capacity/fe-e.test.tsx (13 tests) 8594ms
   ✓ capacity editing (en) > creates a role; a taken code (409) is the form's translated alert; then the role is created  1291ms
   ✓ capacity editing (en) > edits a role's labels and archives it, each with If-Match  870ms
   ✓ capacity editing (en) > creates a capacity row with a decimal FTE string; a duplicate (409) is translated  657ms
   ✓ capacity editing (en) > creates a demand; after the save the plan is re-read and the conflict with its shortfall appears; Unknown stays Unknown  1847ms
   ✓ capacity editing (ar) > creates a role; a taken code (409) is the form's translated alert; then the role is created  527ms
   ✓ capacity editing (ar) > edits a role's labels and archives it, each with If-Match  923ms
   ✓ capacity editing (ar) > creates a capacity row with a decimal FTE string; a duplicate (409) is translated  766ms
   ✓ capacity editing (ar) > creates a demand; after the save the plan is re-read and the conflict with its shortfall appears; Unknown stays Unknown  615ms
   ✓ capacity editing (ar) > edits a planned demand with If-Match; 422 resource_demand.not_planned is translated  347ms
 ✓ |unit-web| src/pages/benefits/benefits.test.tsx (29 tests) 12246ms
   ✓ benefits screens (en) > T14 register: ten columns; Value (SAR) n/a and Unknown never 0; Realized kept apart with pending labelled  1735ms
   ✓ benefits screens (en) > totals: per class and state, pending overlap apart, cost and net Unknown (never 0), non-financial counted apart  322ms
   ✓ benefits screens (en) > lifecycle: six steps with question and output, missing outputs listed, only the allowed next step offered  621ms
   ✓ benefits screens (en) > allocations: percent and unallocated share; the replace sends fractions with If-Match  720ms
   ✓ benefits screens (en) > allocations above 100 %: the preview warns and the server's 422 is translated in the one form alert  533ms
   ✓ benefits screens (en) > measurements: a validated value offers no edit; the 409 validated_immutable is translated  641ms
   ✓ benefits screens (en) > Finance decision: six items, the decision body with If-Match; labelled Finance validation, never DG0-DG7  620ms
   ✓ benefits screens (en) > Finance decision: a missing item is left to the server, whose 422 names the six items; the submitter is never offered a decision  351ms
   ✓ benefits screens (en) > Finance decision: the content_incomplete 422 and a Business Owner's 403 are translated  581ms
   ✓ benefits screens (en) > read-only (auditor): Finance item without decide, register without create  1242ms
   ✓ benefits screens (ar) > T14 register: ten columns; Value (SAR) n/a and Unknown never 0; Realized kept apart with pending labelled  447ms
   ✓ benefits screens (ar) > allocations: percent and unallocated share; the replace sends fractions with If-Match  664ms
   ✓ benefits screens (ar) > allocations above 100 %: the preview warns and the server's 422 is translated in the one form alert  695ms
   ✓ benefits screens (ar) > Finance decision: six items, the decision body with If-Match; labelled Finance validation, never DG0-DG7  446ms
   ✓ benefits screens (ar) > Finance decision: the content_incomplete 422 and a Business Owner's 403 are translated  412ms
   ✓ benefits screens (ar) > read-only (auditor): Finance item without decide, register without create  587ms
 ✓ |unit-web| src/pages/transformations/transformations.test.tsx (21 tests) 7630ms
   ✓ after create (F-DG1-004) > shows the created record when the server lets the creator read it  944ms
   ✓ after create (F-DG1-004) > explains, in English, that the draft was created but cannot be opened (server 404), instead of 'Not found'  480ms
   ✓ audit trail changes (F-DG1-005) > English: field and value labels, not raw keys or enum codes  334ms
   ✓ derived creator assignment on the audit trail (F-DG1-008) > English: localized action, fields, role, user and scope; nothing raw or marked untranslated  356ms
   ✓ derived creator assignment on the audit trail (F-DG1-008) > an action the catalogue does not know stays readable and is explicitly marked (en and ar)  1111ms
   ✓ effective permissions refresh after create (F-DG1-210) > English: Edit, Archive and the audit trail appear after create, without a reload  1270ms
   ✓ effective permissions refresh after create (F-DG1-210) > Arabic (RTL): the same controls and the audit trail appear after create, without a reload  767ms
   ✓ effective permissions refresh after create (F-DG1-210) > does not over-grant: if the refreshed server answer adds nothing, Archive and the audit trail stay hidden  357ms
   ✓ effective permissions refresh after create (F-DG1-210) > a failed /me refresh never blocks the navigation; the UI stays fail-safe (no controls offered)  318ms
 ✓ |unit-web| src/auth/session-identity.test.tsx (18 tests) 6727ms
   ✓ F-DG2-500 a session end on the sign-in page (en) > W5: Back to /login after A's session ends, B signs in with the development form: B never sees A's records  1235ms
   ✓ F-DG2-500 a session end on the sign-in page (en) > W5b (OIDC mode): B signs in in another tab and this tab's /me re-probe brings B: B never sees A's records  853ms
   ✓ F-DG2-500 an identity change with no session end in this tab (en) > a refocus /me that returns another identity removes every session query before B renders, and drops A's drafts  339ms
   ✓ F-DG2-500 sign-out here and 403 (en) > signing out here clears everything; B signing in afterwards never sees A's records  694ms
   ✓ F-DG2-500 a session end on the sign-in page (ar) > W5: Back to /login after A's session ends, B signs in with the development form: B never sees A's records  590ms
   ✓ F-DG2-500 a session end on the sign-in page (ar) > W5b (OIDC mode): B signs in in another tab and this tab's /me re-probe brings B: B never sees A's records  611ms
   ✓ F-DG2-500 an identity change with no session end in this tab (ar) > a refocus /me that returns another identity removes every session query before B renders, and drops A's drafts  357ms
   ✓ F-DG2-500 sign-out here and 403 (ar) > signing out here clears everything; B signing in afterwards never sees A's records  869ms
 ✓ |unit-web| src/pages/benefit-formulas/benefit-formulas.test.tsx (18 tests) 7070ms
   ✓ T09 benefit formulas (en) > register: the six T09 columns with confidence H/M/L; examples marked illustrative with 100000 and 500000 SAR per year  1373ms
   ✓ T09 benefit formulas (en) > builder: an undefined variable shows translated, with its position, before saving; nothing is sent  607ms
   ✓ T09 benefit formulas (en) > builder: a fraction is entered as percent and stored as a fraction; a version is saved with If-Match  407ms
   ✓ T09 benefit formulas (en) > builder: a 409 shows the standard conflict panel; nothing was saved  531ms
   ✓ T09 benefit formulas (ar) > register: the six T09 columns with confidence H/M/L; examples marked illustrative with 100000 and 500000 SAR per year  445ms
   ✓ T09 benefit formulas (ar) > builder: an undefined variable shows translated, with its position, before saving; nothing is sent  430ms
   ✓ T09 benefit formulas (ar) > builder: a fraction is entered as percent and stored as a fraction; a version is saved with If-Match  596ms
   ✓ T09 benefit formulas (ar) > builder: a 409 shows the standard conflict panel; nothing was saved  648ms
   ✓ T09 benefit formulas (ar) > Finance validation of a version: a business approval by FIN; the author cannot; translated refusal  433ms
 ✓ |unit-web| src/pages/dispensations/dispensations.test.tsx (12 tests) 5082ms
   ✓ Dispensations (en) > lists waivers and inherited approvals; unverified evidence is shown as unverified; recorder cannot decide  1133ms
   ✓ Dispensations (en) > a waiver needs a reason and an expiry: refused inline, nothing sent; then sent with its scope  733ms
   ✓ Dispensations (en) > an inherited approval (Modular) needs the approving body, the date and evidence; 422s are translated  406ms
   ✓ Dispensations (en) > deciding is a labelled business approval; the delegated-decision 422 and the recorder 403 are translated  316ms
   ✓ Dispensations (ar) > a waiver needs a reason and an expiry: refused inline, nothing sent; then sent with its scope  479ms
   ✓ Dispensations (ar) > an inherited approval (Modular) needs the approving body, the date and evidence; 422s are translated  434ms
   ✓ Dispensations (ar) > the read-only auditor sees the register with no enabled write control  470ms
 ✓ |unit-web| src/app/app.test.tsx (17 tests) 4127ms
   ✓ bilingual shell > renders Arabic RTL by default with the provisional wordmark  440ms
   ✓ bilingual shell > shows all fourteen areas to an administrator  455ms
   ✓ bilingual shell > a partial area (Governance) leads into the Gates tab of each transformation; its portfolio view stays planned  449ms
   ✓ transformations > lists transformations with a sortable code column and removable filter chips  663ms
   ✓ transformations > detail shows the workspace header with Unknown for data from later stages  411ms
   ✓ transformations > edit: a 409 writes nothing, shows compare, and re-applies on the current version  471ms
 ✓ |unit-web| src/pages/gates/g1-agreements.test.tsx (10 tests) 6025ms
   ✓ G1 agreements step (en) > approving G1 needs the three labelled confirmations; then sends agreements with all three true  1639ms
   ✓ G1 agreements step (en) > a non-approve outcome on G1 sends no agreements (even after ticking them)  919ms
   ✓ G1 agreements step (en) > approving another gate (G2) shows no confirmations and sends no agreements  553ms
   ✓ G1 agreements step (en) > the server's 422 gate.g1_agreements_required is the one form-level alert, with the missing confirmations  324ms
   ✓ G1 agreements step (ar) > approving G1 needs the three labelled confirmations; then sends agreements with all three true  427ms
   ✓ G1 agreements step (ar) > a non-approve outcome on G1 sends no agreements (even after ticking them)  510ms
   ✓ G1 agreements step (ar) > approving another gate (G2) shows no confirmations and sends no agreements  325ms
   ✓ G1 agreements step (ar) > the server's 422 gate.g1_agreements_required is the one form-level alert, with the missing confirmations  547ms
   ✓ G1 agreements step (ar) > the server's 422 gate.agreements_not_applicable is translated as the one form-level alert  502ms
 ✓ |unit-web| src/pages/kpi/kpi.test.tsx (27 tests) 8694ms
   ✓ KPI screens (en) > RAG panel: the seven elements, the threshold version named, and the override beside the calculated RAG  656ms
   ✓ KPI screens (en) > no actual for the current period: Unknown, grey and labelled, with its reason; never 0 and never green  350ms
   ✓ KPI screens (en) > four-step update: submits once, then lists downstream views, 'review pending' and 'Finance review pending'  903ms
   ✓ KPI screens (en) > a second entry for the same KPI and period is value version 2 of the same slot (If-Match)  429ms
   ✓ KPI screens (en) > a 409 on submit is the form's one alert: nothing was saved, the latest data is loaded  388ms
   ✓ KPI screens (en) > review queue: the reviewer accepts with If-Match; the submitter of a value is not offered a decision  324ms
   ✓ KPI screens (en) > an actual: a submitted value says it is not used until accepted; a draft is labelled not submitted  379ms
   ✓ KPI screens (en) > read-only viewer (auditor): no write action on the KPI page, labels say business approval  329ms
   ✓ KPI screens (en) > data quality: an open finding is resolved with a note and If-Match  519ms
   ✓ KPI screens (ar) > no actual for the current period: Unknown, grey and labelled, with its reason; never 0 and never green  357ms
   ✓ KPI screens (ar) > four-step update: submits once, then lists downstream views, 'review pending' and 'Finance review pending'  445ms
   ✓ KPI screens (ar) > a second entry for the same KPI and period is value version 2 of the same slot (If-Match)  421ms
   ✓ KPI screens (ar) > a 409 on submit is the form's one alert: nothing was saved, the latest data is loaded  368ms
   ✓ KPI screens (ar) > read-only viewer (auditor): no write action on the KPI page, labels say business approval  446ms
   ✓ KPI screens (ar) > data quality: an open finding is resolved with a note and If-Match  778ms
 ✓ |unit-web| src/pages/roadmap/roadmap.test.tsx (14 tests) 7746ms
   ✓ roadmap (en) > shows the four source waves verbatim (English source also shown in Arabic) with overlapping horizons  901ms
   ✓ roadmap (en) > moving a milestone PATCHes the forecast with If-Match and the timeline, table and board all show the new date from one refetch  510ms
   ✓ roadmap (en) > a 409 on moving a milestone shows the conflict notice and reloads the roadmap  835ms
   ✓ roadmap (en) > re-approving a date requires a reason; then it is POSTed with If-Match  722ms
   ✓ roadmap (en) > deliverable acceptance sends the AcceptanceDecision with If-Match (no 'on behalf of' control)  485ms
   ✓ roadmap (en) > an Unknown schedule flag is shown as Unknown; missing dates are Unknown, never blank  382ms
   ✓ roadmap (en) > the read-only auditor sees no write control  506ms
   ✓ roadmap (ar) > moving a milestone PATCHes the forecast with If-Match and the timeline, table and board all show the new date from one refetch  789ms
   ✓ roadmap (ar) > a 409 on moving a milestone shows the conflict notice and reloads the roadmap  590ms
   ✓ roadmap (ar) > re-approving a date requires a reason; then it is POSTed with If-Match  640ms
   ✓ roadmap (ar) > deliverable acceptance sends the AcceptanceDecision with If-Match (no 'on behalf of' control)  600ms
 ✓ |unit-web| src/pages/team/team.test.tsx (10 tests) 9038ms
   ✓ Team (English LTR) > shows the six governance roles with B0018 accountability text verbatim and who holds each  1489ms
   ✓ Team (English LTR) > lists team members with the accountability on each assignment, sortable and filterable  736ms
   ✓ Team (English LTR) > a Transformation Lead assigns a Workstream Lead: Idempotency-Key, reason, accountability preview  602ms
   ✓ Team (English LTR) > shows a 403 from the server in words; nothing is assigned  748ms
   ✓ Team: read-only auditor (AUD) > sees the roles, accountabilities and members, a read-only note, and no assign control  629ms
   ✓ Team (Arabic RTL) > shows Arabic role names and the provisional Arabic accountability text  972ms
   ✓ Team assign dialog: accountability preview follows the selected role (F-DG2-430) > en: WL on open, then KDS, TD, none and WL again, in StrictMode with no React warning  1528ms
   ✓ Team assign dialog: accountability preview follows the selected role (F-DG2-430) > ar: WL on open, then KDS, TD, none and WL again, in StrictMode with no React warning  670ms
   ✓ Team: the success notice follows a language switch, 'en' → 'ar' > the notice is shown in the language now on screen, not the one it was created in  1030ms
   ✓ Team: the success notice follows a language switch, 'ar' → 'en' > the notice is shown in the language now on screen, not the one it was created in  621ms
 ✓ |unit-web| src/pages/approvals/approvals.test.tsx (16 tests) 3924ms
   ✓ Approvals (en) > offers exactly four outcomes; defer needs a date; the decision sends subjectVersion with If-Match  441ms
   ✓ Approvals (en) > a stale 409 says the record changed, records nothing and links to the history  375ms
   ✓ Approvals (ar) > a stale 409 says the record changed, records nothing and links to the history  313ms
 ✓ |unit-web| src/pages/raci/governance.test.tsx (15 tests) 3341ms
   ✓ Governance (en) > RACI: edits a row with the cell selects and saves it as one PATCH with If-Match  614ms
   ✓ Governance (en) > decision rights: a field with an unknown party code is refused before sending  305ms
   ✓ Governance (ar) > decision rights: seeded rows; the due-date preview shows Unknown with its reason  309ms
   ✓ Governance (ar) > decision rights: submits the matrix for business approval with If-Match  301ms
 ✓ |unit-web| src/pages/my-work/my-work.test.tsx (21 tests) 4251ms
   ✓ My Work (en) > renders tasks and reminders from messageKey + messageParams; Unknown due dates; system-managed tasks  656ms
   ✓ My Work (en) > marks a task done and a reminder read with bodiless POSTs and If-Match  546ms
   ✓ My Work (ar) > marks a task done and a reminder read with bodiless POSTs and If-Match  493ms
   ✓ Calendar, jobs and groups (en) > calendar: a technical administrator adds a holiday; a range error is caught before sending  349ms
   ✓ Calendar, jobs and groups (en) > jobs: no permission without job.read; job.configure edits a schedule with If-Match  310ms
   ✓ Calendar, jobs and groups (ar) > calendar: read-only without calendar.configure; the calculator shows Unknown with its reason  311ms
   ✓ Calendar, jobs and groups (ar) > calendar: a technical administrator adds a holiday; a range error is caught before sending  385ms
   ✓ Calendar, jobs and groups (ar) > jobs: no permission without job.read; job.configure edits a schedule with If-Match  374ms
 ✓ |unit-web| src/app/p3-seams.test.tsx (10 tests) 1923ms
   ✓ P3 routes > workspace tabs (en) > the workspace tabs include the P3 tabs, labelled from their own namespaces  639ms
   ✓ P3 navigation areas > en /initiatives-roadmaps leads into the Initiatives and Roadmaps tab of each transformation  309ms
 ✓ |unit-web| src/pages/dependencies/dependencies.test.tsx (12 tests) 3087ms
   ✓ dependencies (en) > shows the seven T08 columns, an External source, the type label and the needed-by conflict flag  527ms
   ✓ dependencies (en) > a cycle is refused and shown as the translated message with the path INI-01 → INI-02 → INI-03 → INI-01  446ms
   ✓ dependencies (en) > an External source is sent as {kind: external, label}  329ms
   ✓ dependencies (en) > dependency types: system types are undeletable; an administrator may retire a custom type  364ms
 ✓ |unit-web| src/components/LanguageSwitch.test.tsx (10 tests) 3299ms
   ✓ a refused language save, 'en' → other ('403 csrf') > keeps ar on screen and says, in ar, that it was not saved  824ms
   ✓ a refused language save, 'ar' → other ('403 csrf') > keeps en on screen and says, in en, that it was not saved  549ms
   ✓ a refused language save, 'en' → other ('403 forbidden') > keeps ar on screen and says, in ar, that it was not saved  610ms
   ✓ a refused language save, 'ar' → other ('503') > keeps en on screen and says, in en, that it was not saved  466ms
 ✓ |unit-web| src/components/RecordForm.alerts.test.tsx (16 tests) 1439ms
   ✓ record form: one alert per distinct form error (en) > dialog > a 400 whose only field error has pointer "" says its message once, in one live region  385ms
 ✓ |unit-web| src/pages/gates/inherited-approval.test.tsx (16 tests) 1994ms
   ✓ inherited-approval annotation (en) > Gates list: G1 pending_verification (counts false) is a badge next to 'Not submitted'  402ms
 ✓ |unit-web| src/pages/roadmap/fe-e.test.tsx (8 tests) 2832ms
   ✓ wave editing (en) > edits planned dates (overlap accepted) with If-Match; the source text is read-only and never sent  706ms
   ✓ wave editing (en) > 422 roadmap_wave.planned_range is inline at the planned end and translated  304ms
   ✓ wave editing (en) > adds a non-source wave with its bilingual texts (POST, Idempotency-Key)  732ms
   ✓ wave editing (ar) > adds a non-source wave with its bilingual texts (POST, Idempotency-Key)  445ms
 ✓ |unit-web| src/pages/capacity/capacity.test.tsx (6 tests) 1072ms
   ✓ capacity (en) > committing a demand POSTs with If-Match; a 409 shows the conflict notice and reloads  348ms
 ✓ |unit-web| src/pages/transformations/modeGuidance.test.tsx (5 tests) 1021ms
   ✓ New transformation: mode guidance (English LTR) > shows When to use and How for the selected mode and switches with the mode  468ms
 ✓ |unit-web| src/pages/readiness/readiness.test.tsx (4 tests) 755ms
   ✓ Readiness (en) > lists the missing diagnostic areas by name, the gates and the translated sequencing blockers  427ms
 ✓ |unit-web| src/components/States.test.tsx (15 tests) 314ms
 ✓ |unit-web| src/lib/lib.test.ts (24 tests) 55ms
 ✓ |unit-web| src/test/react-warning-guard.test.tsx (4 tests) 37ms
 ✓ |unit-web| src/lib/auditChanges.test.ts (125 tests) 59ms
 ✓ |unit-web| src/i18n/glossary.test.ts (8 tests) 24ms
 ✓ |unit-web| src/i18n/i18n.test.ts (11 tests) 60ms
 ✓ |unit-web| src/styles/styles.test.ts (6 tests) 9ms
 ✓ |unit-web| src/pages/business-cases/problem-codes.test.ts (4 tests) 13ms
 ✓ |unit-web| src/test/harness-config.test.ts (2 tests) 3ms

⎯⎯⎯⎯⎯⎯⎯ Failed Tests 1 ⎯⎯⎯⎯⎯⎯⎯

 FAIL  |unit-node| apps/api/src/modules/kpi/kpi.test.ts > kpi module (P2) > registers exactly the 24 P2 kpi operations, the 11 P3 business-case, the 13 T09, the 18 P4 KBE-B and the P4 KBE-C operations, and reports them
AssertionError: expected [ 'acceptKpiActual', …(87) ] to deeply equal [ 'acceptKpiActual', …(86) ]

[32m- Expected[39m
[31m+ Received[39m

[33m@@ -62,10 +62,11 @@[39m
[2m    "listKpiVersions",[22m
[2m    "listOutcomeKpis",[22m
[2m    "listRagOverrides",[22m
[2m    "listReportingPeriods",[22m
[2m    "listTargetTrajectories",[22m
[31m+   "listTransformationReportingPeriods",[39m
[2m    "listValuePools",[22m
[2m    "openReportingPeriod",[22m
[2m    "rejectKpiActual",[22m
[2m    "requestKpiVersionApproval",[22m
[2m    "resolveDataQualityFinding",[22m

 ❯ apps/api/src/modules/kpi/kpi.test.ts:224:29
    222|     const ids = routes.map((r) => byKey.get(r.key));
    223|     expect(ids.filter((id) => id === undefined)).toEqual([]);
    224|     expect([...ids].sort()).toEqual(
       |                             ^
    225|       [
    226|         ...KPI_OPERATIONS,

⎯⎯⎯⎯⎯⎯⎯⎯⎯⎯⎯⎯⎯⎯⎯⎯⎯⎯⎯⎯⎯⎯⎯⎯[1/1]⎯


 Test Files  1 failed | 121 passed (122)
      Tests  1 failed | 2341 passed (2342)
   Start at  23:42:50
   Duration  176.07s (transform 9.73s, setup 6.86s, collect 144.00s, tests 303.96s, environment 29.08s, prepare 11.76s)

 ELIFECYCLE  Test failed. See above for more details.
EXIT=1
