
> mobily-transformation-hub@0.1.0 test /home/user/wt/dg4-be-b
> vitest run --project unit-node --project unit-web && vitest run --project unit-formula-nocodegen


 RUN  v3.2.4 /home/user/wt/dg4-be-b

 ✓ |unit-web| src/auth/session-generation.test.tsx (26 tests) 9218ms
   ✓ F-DG2-530 a write in flight across an identity change (en) > X3: A's PATCH answered after B's /me is not written into B's cache, not shown, and does not navigate B  834ms
   ✓ F-DG2-530 a write in flight across an identity change (en) > X3b: the same after a session END here and B's sign-in: A's late answer never lands  627ms
   ✓ F-DG2-530 a write in flight across an identity change (en) > an archive in flight across an identity change: A's archived record never lands in B's cache  675ms
   ✓ F-DG2-530 a write in flight across an identity change (en) > an organization save in flight across an identity change: A's change is never stored under B  607ms
   ✓ F-DG2-530 a write in flight across an identity change (en) > a user save in flight across an identity change: A's change is never stored under B  592ms
   ✓ F-DG2-530 a write in flight across an identity change (en) > a same-person new session: the in-flight save is dropped silently, the draft is kept and usable  452ms
   ✓ F-DG2-530 X6: refocus and reconnect revalidate GET /me first (en) > after B signs in elsewhere, a refocus within /me's staleTime shows B's header with B's data, never A's  302ms
   ✓ F-DG2-530 X6: refocus and reconnect revalidate GET /me first (en) > the same identity: a refocus refetches /me once, then the stale page queries; nothing when all is fresh  455ms
   ✓ F-DG2-530 a write in flight across an identity change (ar) > X3: A's PATCH answered after B's /me is not written into B's cache, not shown, and does not navigate B  512ms
   ✓ F-DG2-530 a write in flight across an identity change (ar) > X3b: the same after a session END here and B's sign-in: A's late answer never lands  482ms
   ✓ F-DG2-530 a write in flight across an identity change (ar) > an archive in flight across an identity change: A's archived record never lands in B's cache  459ms
   ✓ F-DG2-530 a write in flight across an identity change (ar) > an organization save in flight across an identity change: A's change is never stored under B  534ms
   ✓ F-DG2-530 a write in flight across an identity change (ar) > a user save in flight across an identity change: A's change is never stored under B  524ms
   ✓ F-DG2-530 a write in flight across an identity change (ar) > a same-person new session: the in-flight save is dropped silently, the draft is kept and usable  416ms
   ✓ F-DG2-530 X6: refocus and reconnect revalidate GET /me first (ar) > the same identity: a refocus refetches /me once, then the stale page queries; nothing when all is fresh  425ms
 ✓ |unit-web| src/pages/p2.test.tsx (56 tests) 14138ms
   ✓ Diagnose > shows the six T01 dimensions with Unknown for missing values, and value pools that are never 0  827ms
   ✓ Diagnose > shows the totals as Unknown when no pool is quantified  301ms
   ✓ Diagnose > renders the six workstreams with their key questions  426ms
   ✓ Diagnose > edits a T01 row with only the changed fields and If-Match  540ms
   ✓ Diagnose > a 409 on save writes nothing, compares, and re-applies on the current version  452ms
   ✓ Diagnose > a 400 validation.blank shows a localized message on its field ('en')  548ms
   ✓ Diagnose > a 400 validation.blank shows a localized message on its field ('ar')  532ms
   ✓ Diagnose > an invisible-only value is blocked client-side with validation.blank ('en')  494ms
   ✓ Diagnose > an invisible-only value is blocked client-side with validation.blank ('ar')  649ms
   ✓ Diagnose > a whitespace-only T01 value is an inline blank error and sends nothing ('en')  487ms
   ✓ Diagnose > a whitespace-only T01 value is an inline blank error and sends nothing ('ar')  500ms
   ✓ Diagnose > T01: an emptied field is sent as an explicit null; visible text is sent verbatim  490ms
   ✓ Define: KPI activation (F-DG2-201) > Arabic: the Activate action and the 422 reason are in Arabic  329ms
   ✓ Charter > scope pre-check: an empty Out of scope reads as failing (EN and AR)  341ms
   ✓ Charter > edit: emptying a filled field sends null; visible text is verbatim (en)  312ms
   ✓ Design > shows the ten canvas boxes and the per-dimension view  341ms
   ✓ Design > converts an unresolved workshop item into a design decision with If-Match  499ms
   ✓ Gates (business approval) > the approver's decision: rationale required; 403 and 409 problems in words  339ms
 ✓ |unit-web| src/pages/p2-blank-forms.test.tsx (52 tests) 14684ms
   ✓ gate submission note (en) > a whitespace-only note is refused inline and nothing is sent  677ms
   ✓ gate submission note (en) > visible text is sent verbatim; an empty note is omitted  429ms
   ✓ gate decision rationale and comments (en) > a whitespace-only rationale is refused inline and nothing is sent  343ms
   ✓ gate decision rationale and comments (en) > a invisible-only rationale is refused inline and nothing is sent  301ms
   ✓ gate decision rationale and comments (ar) > a invisible-only rationale is refused inline and nothing is sent  356ms
   ✓ journey step editor (en) > a whitespace-only actor is refused inline (not turned into null) and nothing is sent  416ms
   ✓ journey step editor (en) > a invisible-only actor is refused inline (not turned into null) and nothing is sent  358ms
   ✓ journey step editor (en) > several blank fields: each gets the message and focus goes to the first (name)  326ms
   ✓ journey step editor (en) > visible text is sent verbatim; emptied optional text is null; an empty name is required  401ms
   ✓ journey step editor (ar) > a invisible-only actor is refused inline (not turned into null) and nothing is sent  335ms
   ✓ journey step editor (ar) > several blank fields: each gets the message and focus goes to the first (name)  356ms
   ✓ journey step editor (ar) > visible text is sent verbatim; emptied optional text is null; an empty name is required  488ms
   ✓ Finance validation note and archive reason (en) > note: a whitespace-only note is refused inline and nothing is sent  319ms
   ✓ Finance validation note and archive reason (en) > note: a invisible-only note is refused inline and nothing is sent  314ms
   ✓ Finance validation note and archive reason (en) > note: empty is 'required'; visible text is sent verbatim  306ms
   ✓ Finance validation note and archive reason (ar) > note: empty is 'required'; visible text is sent verbatim  356ms
 ✓ |unit-web| src/auth/session-bound.test.tsx (34 tests) 8858ms
   ✓ F-DG2-530/580 no effect of A's action after a further await once the tab is B's (en) > Y1: a create whose post-create GET /me returns B: B is not navigated and never sees A's code or name  927ms
   ✓ F-DG2-530/580 no effect of A's action after a further await once the tab is B's (en) > an edit whose identity changes between its awaits: B is not navigated to A's record and keeps nothing of A's  449ms
   ✓ F-DG2-530/580 no effect of A's action after a further await once the tab is B's (en) > an organization create whose identity changes between its awaits: B is not navigated to A's new organization  467ms
   ✓ F-DG2-530/580 no effect of A's action after a further await once the tab is B's (en) > a user create whose identity changes between its awaits: B is not navigated to A's new user  459ms
   ✓ F-DG2-530/580 no effect of A's action after a further await once the tab is B's (ar) > Y1: a create whose post-create GET /me returns B: B is not navigated and never sees A's code or name  544ms
   ✓ F-DG2-530/580 no effect of A's action after a further await once the tab is B's (ar) > an edit whose identity changes between its awaits: B is not navigated to A's record and keeps nothing of A's  439ms
   ✓ F-DG2-530/580 no effect of A's action after a further await once the tab is B's (ar) > an organization create whose identity changes between its awaits: B is not navigated to A's new organization  429ms
   ✓ F-DG2-530/580 no effect of A's action after a further await once the tab is B's (ar) > a user create whose identity changes between its awaits: B is not navigated to A's new user  459ms
   ✓ F-DG2-530/580 no effect of A's action after a further await once the tab is B's (ar) > sanity: the organization and user creates under one identity still navigate to the new record  380ms
   ✓ the convention: no raw navigate or cache write in app code (T-DG2-FE15) > the ESLint rule refuses a raw navigate, a raw cache write and a useNavigate import in a page  1378ms
 ✓ |unit-web| src/auth/session-end.test.tsx (12 tests) 7494ms
   ✓ session end while the app is open (en) > a 401 on navigation lands once on sign-in with the message; signing in again returns to the page  1130ms
   ✓ session end while the app is open (en) > a 401 on a dialog mutation (the commit-time upload refusal) closes the dialog and lands once on sign-in  1098ms
   ✓ session end while the app is open (en) > a sign-out elsewhere noticed by the next /me probe lands once on sign-in, never on the stale shell  510ms
   ✓ session end while the app is open (en) > a 403 (forbidden) is never treated as a session end  514ms
   ✓ session end while the app is open (ar) > a 401 on navigation lands once on sign-in with the message; signing in again returns to the page  764ms
   ✓ session end while the app is open (ar) > a 401 on a dialog mutation (the commit-time upload refusal) closes the dialog and lands once on sign-in  869ms
   ✓ session end while the app is open (ar) > a sign-out elsewhere noticed by the next /me probe lands once on sign-in, never on the stale shell  562ms
   ✓ session end while the app is open (ar) > a 403 (forbidden) is never treated as a session end  544ms
   ✓ session end under <StrictMode> (as in production) > still lands exactly once on sign-in  616ms
   ✓ sign-in page and the cached identity > decides 'already signed in' only from a fresh /me, never from a stale cache  384ms
   ✓ sign-in page and the cached identity > signing out here shows 'signed out', not 'session ended', and no /me loop  480ms
 ✓ |unit-web| src/pages/render-time-language.test.tsx (28 tests) 9057ms
   ✓ sign-in (dev form), 'en' → 'ar' > an invalid user name: the inline message follows the switch  302ms
   ✓ journey step editor, 'en' → 'ar' > a field error on a step follows the switch  975ms
   ✓ journey step editor, 'en' → 'ar' > the form-level "Step N:" error follows the switch (prefix and message)  544ms
   ✓ journey step editor, 'ar' → 'en' > a field error on a step follows the switch  523ms
   ✓ journey step editor, 'ar' → 'en' > the form-level "Step N:" error follows the switch (prefix and message)  370ms
   ✓ row-action note and reason dialog, 'en' → 'ar' > the Finance validation note's 'required' follows the switch  501ms
   ✓ row-action note and reason dialog, 'en' → 'ar' > the Finance validation choice's 'required' follows the switch  428ms
   ✓ row-action note and reason dialog, 'en' → 'ar' > the archive reason's 'too short' follows the switch  408ms
   ✓ row-action note and reason dialog, 'ar' → 'en' > the Finance validation note's 'required' follows the switch  425ms
   ✓ row-action note and reason dialog, 'ar' → 'en' > the Finance validation choice's 'required' follows the switch  398ms
   ✓ row-action note and reason dialog, 'ar' → 'en' > the archive reason's 'too short' follows the switch  524ms
   ✓ gate dialogs, 'en' → 'ar' > the decision rationale's field error follows the switch  351ms
   ✓ evidence dialogs, 'en' → 'ar' > upload without a file: 'required' follows the switch  375ms
   ✓ evidence dialogs, 'en' → 'ar' > a link without a record type or record: both 'required' messages follow the switch  419ms
   ✓ evidence dialogs, 'ar' → 'en' > upload without a file: 'required' follows the switch  371ms
   ✓ evidence dialogs, 'ar' → 'en' > a link without a record type or record: both 'required' messages follow the switch  384ms
 ✓ |unit-web| src/pages/portfolio/portfolio.test.tsx (32 tests) 8428ms
   ✓ Portfolio (en) > lists code, name, wave, owners and three separate columns: proposed rank, selection and funding  613ms
   ✓ Portfolio (en) > creates a draft at any time: POST /initiatives with the transformation and an Idempotency-Key  504ms
   ✓ Portfolio (ar) > creates a draft at any time: POST /initiatives with the transformation and an Idempotency-Key  316ms
   ✓ Initiative Card (en) > launch refused: 'North Star, outcomes and target state not yet approved', then 'Selected - unfunded…'  417ms
   ✓ Initiative Card (en) > select is a labelled business approval: rationale required, If-Match, no 'on behalf of' control  331ms
   ✓ Initiative Card (ar) > submit refused: 'Case for change not yet approved (G1)…' is the dialog's one translated alert  312ms
   ✓ Initiative Card (ar) > launch refused: 'North Star, outcomes and target state not yet approved', then 'Selected - unfunded…'  417ms
 ✓ |unit-web| src/pages/prioritization/prioritization.test.tsx (20 tests) 6766ms
   ✓ prioritization (en) > ranked table: an incomplete score is 'incomplete' (never a number), 3.30 complete; 0–100 shows 57.5 with its label  1115ms
   ✓ prioritization (en) > scorecard: 6 is refused inline and nothing is sent; 4 is POSTed as the integer; the weighted score is read-only 'incomplete'  655ms
   ✓ prioritization (en) > weight sets: the live total refuses 95% and 105%; 100% is accepted and POSTed as decimal strings  368ms
   ✓ prioritization (en) > weight sets: the proposer is never offered approval; another approver's approval is a business approval with If-Match; 403 SoD is translated  615ms
   ✓ prioritization (en) > weight set approval: a 409 shows the conflict banner and reloads  385ms
   ✓ prioritization (en) > overrides: a reason is required (missing and invisible-only are refused, nothing sent); with a reason it is POSTed  317ms
   ✓ prioritization (ar) > ranked table: an incomplete score is 'incomplete' (never a number), 3.30 complete; 0–100 shows 57.5 with its label  340ms
   ✓ prioritization (ar) > scorecard: 6 is refused inline and nothing is sent; 4 is POSTed as the integer; the weighted score is read-only 'incomplete'  455ms
   ✓ prioritization (ar) > weight sets: the proposer is never offered approval; another approver's approval is a business approval with If-Match; 403 SoD is translated  390ms
 ✓ |unit-web| src/auth/session-identity.test.tsx (18 tests) 5575ms
   ✓ F-DG2-500 a session end on the sign-in page (en) > W5: Back to /login after A's session ends, B signs in with the development form: B never sees A's records  1072ms
   ✓ F-DG2-500 a session end on the sign-in page (en) > W5b (OIDC mode): B signs in in another tab and this tab's /me re-probe brings B: B never sees A's records  671ms
   ✓ F-DG2-500 an identity change with no session end in this tab (en) > a refocus /me that returns another identity removes every session query before B renders, and drops A's drafts  346ms
   ✓ F-DG2-500 sign-out here and 403 (en) > signing out here clears everything; B signing in afterwards never sees A's records  580ms
   ✓ F-DG2-500 a session end on the sign-in page (ar) > W5: Back to /login after A's session ends, B signs in with the development form: B never sees A's records  480ms
   ✓ F-DG2-500 a session end on the sign-in page (ar) > W5b (OIDC mode): B signs in in another tab and this tab's /me re-probe brings B: B never sees A's records  532ms
   ✓ F-DG2-500 sign-out here and 403 (ar) > signing out here clears everything; B signing in afterwards never sees A's records  613ms
 ✓ |unit-web| src/pages/business-cases/business-cases.test.tsx (18 tests) 5816ms
   ✓ business cases (en) > register: levels, Finance baseline states with text (Stale is never green) and drafts  622ms
   ✓ business cases (en) > detail: all ten sections, totals with gross / cost / net apart, net Unknown (never 0), roll-up by reference  335ms
   ✓ business cases (en) > sections: saves only the changed section with If-Match; blank text is refused inline and nothing is sent  533ms
   ✓ business cases (en) > sections: a 409 shows the standard conflict panel (nothing saved) with the current values  367ms
   ✓ business cases (en) > lines: exactly one class from one select; the value basis follows the class; a 422 is translated  383ms
   ✓ business cases (en) > Finance validation: a business approval for FIN who did not author the case; If-Match; translated 403  402ms
   ✓ business cases (ar) > sections: saves only the changed section with If-Match; blank text is refused inline and nothing is sent  546ms
   ✓ business cases (ar) > sections: a 409 shows the standard conflict panel (nothing saved) with the current values  312ms
   ✓ business cases (ar) > lines: exactly one class from one select; the value basis follows the class; a 422 is translated  356ms
   ✓ business cases (ar) > Finance validation: a business approval for FIN who did not author the case; If-Match; translated 403  389ms
 ✓ |unit-web| src/pages/benefit-formulas/benefit-formulas.test.tsx (18 tests) 4675ms
   ✓ T09 benefit formulas (en) > register: the six T09 columns with confidence H/M/L; examples marked illustrative with 100000 and 500000 SAR per year  801ms
   ✓ T09 benefit formulas (en) > builder: an undefined variable shows translated, with its position, before saving; nothing is sent  480ms
   ✓ T09 benefit formulas (en) > builder: a fraction is entered as percent and stored as a fraction; a version is saved with If-Match  363ms
   ✓ T09 benefit formulas (en) > builder: a 409 shows the standard conflict panel; nothing was saved  314ms
   ✓ T09 benefit formulas (ar) > builder: a fraction is entered as percent and stored as a fraction; a version is saved with If-Match  331ms
 ✓ |unit-web| src/pages/portfolio/fe-e.test.tsx (18 tests) 5733ms
   ✓ Funding decisions (en) > is a labelled business approval with no 'on behalf of' control; rationale required; POST with an Idempotency-Key  1007ms
   ✓ Funding decisions (en) > the BE-E 422s are the dialog's one translated alert; funding.amount_invalid is also inline at /amount  463ms
   ✓ Funding decisions (ar) > is a labelled business approval with no 'on behalf of' control; rationale required; POST with an Idempotency-Key  387ms
   ✓ Funding decisions (ar) > the BE-E 422s are the dialog's one translated alert; funding.amount_invalid is also inline at /amount  396ms
   ✓ Deliverables and milestones on the card (en) > creates (Idempotency-Key), edits (If-Match) and archives (reason, If-Match) a deliverable  422ms
   ✓ Deliverables and milestones on the card (en) > the card edit form translates initiative.planned_range specifically (RecordDialog namespaces)  303ms
   ✓ Deliverables and milestones on the card (ar) > creates (Idempotency-Key), edits (If-Match) and archives (reason, If-Match) a deliverable  413ms
   ✓ Deliverables and milestones on the card (ar) > the card edit form translates initiative.planned_range specifically (RecordDialog namespaces)  344ms
 ✓ |unit-web| src/pages/transformations/transformations.test.tsx (21 tests) 4732ms
   ✓ after create (F-DG1-004) > shows the created record when the server lets the creator read it  646ms
   ✓ after create (F-DG1-004) > explains, in English, that the draft was created but cannot be opened (server 404), instead of 'Not found'  335ms
   ✓ derived creator assignment on the audit trail (F-DG1-008) > an action the catalogue does not know stays readable and is explicitly marked (en and ar)  323ms
   ✓ effective permissions refresh after create (F-DG1-210) > English: Edit, Archive and the audit trail appear after create, without a reload  724ms
   ✓ effective permissions refresh after create (F-DG1-210) > Arabic (RTL): the same controls and the audit trail appear after create, without a reload  641ms
 ✓ |unit-web| src/pages/team/team.test.tsx (10 tests) 4665ms
   ✓ Team (English LTR) > shows the six governance roles with B0018 accountability text verbatim and who holds each  682ms
   ✓ Team (English LTR) > lists team members with the accountability on each assignment, sortable and filterable  523ms
   ✓ Team (English LTR) > a Transformation Lead assigns a Workstream Lead: Idempotency-Key, reason, accountability preview  406ms
   ✓ Team (English LTR) > shows a 403 from the server in words; nothing is assigned  394ms
   ✓ Team assign dialog: accountability preview follows the selected role (F-DG2-430) > en: WL on open, then KDS, TD, none and WL again, in StrictMode with no React warning  528ms
   ✓ Team assign dialog: accountability preview follows the selected role (F-DG2-430) > ar: WL on open, then KDS, TD, none and WL again, in StrictMode with no React warning  523ms
   ✓ Team: the success notice follows a language switch, 'en' → 'ar' > the notice is shown in the language now on screen, not the one it was created in  613ms
   ✓ Team: the success notice follows a language switch, 'ar' → 'en' > the notice is shown in the language now on screen, not the one it was created in  610ms
 ✓ |unit-web| src/pages/gates/g4.test.tsx (16 tests) 4177ms
   ✓ G4 refusal item by item (en) > two initiatives without owners: two separate translated 'Owners' items, never the joined English message  705ms
   ✓ G4 refusal item by item (en) > without a usable gate view: one translated line per refused criterion, never the English message  417ms
   ✓ G4 refusal item by item (ar) > two initiatives without owners: two separate translated 'Owners' items, never the joined English message  307ms
   ✓ G4 view (en) > the decision's 403 urn:mth:problem:forbidden is translated  369ms
   ✓ G4 view (en) > the decision's 403 urn:mth:problem:forbidden is translated  308ms
   ✓ G4 view (ar) > the decision's 403 urn:mth:problem:forbidden is translated  323ms
 ✓ |unit-web| src/pages/capacity/fe-e.test.tsx (13 tests) 4899ms
   ✓ capacity editing (en) > creates a role; a taken code (409) is the form's translated alert; then the role is created  672ms
   ✓ capacity editing (en) > edits a role's labels and archives it, each with If-Match  330ms
   ✓ capacity editing (en) > creates a capacity row with a decimal FTE string; a duplicate (409) is translated  467ms
   ✓ capacity editing (en) > creates a demand; after the save the plan is re-read and the conflict with its shortfall appears; Unknown stays Unknown  835ms
   ✓ capacity editing (ar) > creates a role; a taken code (409) is the form's translated alert; then the role is created  468ms
   ✓ capacity editing (ar) > edits a role's labels and archives it, each with If-Match  348ms
   ✓ capacity editing (ar) > creates a capacity row with a decimal FTE string; a duplicate (409) is translated  376ms
   ✓ capacity editing (ar) > creates a demand; after the save the plan is re-read and the conflict with its shortfall appears; Unknown stays Unknown  498ms
 ✓ |unit-web| src/pages/roadmap/roadmap.test.tsx (14 tests) 4489ms
   ✓ roadmap (en) > shows the four source waves verbatim (English source also shown in Arabic) with overlapping horizons  666ms
   ✓ roadmap (en) > moving a milestone PATCHes the forecast with If-Match and the timeline, table and board all show the new date from one refetch  693ms
   ✓ roadmap (en) > a 409 on moving a milestone shows the conflict notice and reloads the roadmap  479ms
   ✓ roadmap (en) > re-approving a date requires a reason; then it is POSTed with If-Match  417ms
   ✓ roadmap (en) > deliverable acceptance sends the AcceptanceDecision with If-Match (no 'on behalf of' control)  327ms
   ✓ roadmap (ar) > moving a milestone PATCHes the forecast with If-Match and the timeline, table and board all show the new date from one refetch  364ms
   ✓ roadmap (ar) > a 409 on moving a milestone shows the conflict notice and reloads the roadmap  307ms
   ✓ roadmap (ar) > re-approving a date requires a reason; then it is POSTed with If-Match  316ms
 ✓ |unit-web| src/pages/gates/g1-agreements.test.tsx (10 tests) 4237ms
   ✓ G1 agreements step (en) > approving G1 needs the three labelled confirmations; then sends agreements with all three true  1344ms
   ✓ G1 agreements step (en) > a non-approve outcome on G1 sends no agreements (even after ticking them)  494ms
   ✓ G1 agreements step (en) > the server's 422 gate.g1_agreements_required is the one form-level alert, with the missing confirmations  362ms
   ✓ G1 agreements step (ar) > approving G1 needs the three labelled confirmations; then sends agreements with all three true  357ms
   ✓ G1 agreements step (ar) > a non-approve outcome on G1 sends no agreements (even after ticking them)  340ms
   ✓ G1 agreements step (ar) > the server's 422 gate.g1_agreements_required is the one form-level alert, with the missing confirmations  304ms
 ✓ |unit-web| src/pages/dependencies/dependencies.test.tsx (12 tests) 3296ms
   ✓ dependencies (en) > shows the seven T08 columns, an External source, the type label and the needed-by conflict flag  554ms
   ✓ dependencies (en) > a cycle is refused and shown as the translated message with the path INI-01 → INI-02 → INI-03 → INI-01  507ms
   ✓ dependencies (en) > an External source is sent as {kind: external, label}  419ms
   ✓ dependencies (en) > dependency types: system types are undeletable; an administrator may retire a custom type  311ms
   ✓ dependencies (ar) > a cycle is refused and shown as the translated message with the path INI-01 → INI-02 → INI-03 → INI-01  314ms
 ✓ |unit-web| src/pages/dispensations/dispensations.test.tsx (12 tests) 3222ms
   ✓ Dispensations (en) > lists waivers and inherited approvals; unverified evidence is shown as unverified; recorder cannot decide  483ms
   ✓ Dispensations (en) > a waiver needs a reason and an expiry: refused inline, nothing sent; then sent with its scope  491ms
   ✓ Dispensations (en) > an inherited approval (Modular) needs the approving body, the date and evidence; 422s are translated  447ms
   ✓ Dispensations (en) > deciding is a labelled business approval; the delegated-decision 422 and the recorder 403 are translated  323ms
   ✓ Dispensations (ar) > deciding is a labelled business approval; the delegated-decision 422 and the recorder 403 are translated  332ms
 ✓ |unit-web| src/components/LanguageSwitch.test.tsx (10 tests) 2740ms
   ✓ a refused language save, 'en' → other ('403 csrf') > keeps ar on screen and says, in ar, that it was not saved  746ms
   ✓ a refused language save, 'ar' → other ('403 csrf') > keeps en on screen and says, in en, that it was not saved  438ms
   ✓ a refused language save, 'en' → other ('403 forbidden') > keeps ar on screen and says, in ar, that it was not saved  446ms
   ✓ a refused language save, 'ar' → other ('503') > keeps en on screen and says, in en, that it was not saved  416ms
 ✓ |unit-web| src/app/app.test.tsx (17 tests) 2200ms
   ✓ bilingual shell > shows all fourteen areas to an administrator  370ms
   ✓ transformations > lists transformations with a sortable code column and removable filter chips  315ms
 ✓ |unit-web| src/pages/roadmap/fe-e.test.tsx (8 tests) 3061ms
   ✓ wave editing (en) > edits planned dates (overlap accepted) with If-Match; the source text is read-only and never sent  867ms
   ✓ wave editing (en) > 422 roadmap_wave.planned_range is inline at the planned end and translated  313ms
   ✓ wave editing (en) > adds a non-source wave with its bilingual texts (POST, Idempotency-Key)  819ms
   ✓ wave editing (ar) > adds a non-source wave with its bilingual texts (POST, Idempotency-Key)  496ms
 ✓ |unit-web| src/pages/gates/inherited-approval.test.tsx (16 tests) 1601ms
 ✓ |unit-web| src/components/RecordForm.alerts.test.tsx (16 tests) 1200ms
 ✓ |unit-web| src/app/p3-seams.test.tsx (10 tests) 1471ms
   ✓ P3 routes > workspace tabs (en) > the workspace tabs include the P3 tabs, labelled from their own namespaces  388ms
 ✓ |unit-web| src/pages/capacity/capacity.test.tsx (6 tests) 1174ms
   ✓ capacity (en) > the role × month grid shows decimal FTE, the conflict with its shortfall, and Unknown capacity as Unknown (never 0)  359ms
   ✓ capacity (en) > committing a demand POSTs with If-Match; a 409 shows the conflict notice and reloads  342ms
 ✓ |unit-web| src/components/States.test.tsx (15 tests) 385ms
 ✓ |unit-web| src/pages/transformations/modeGuidance.test.tsx (5 tests) 883ms
   ✓ New transformation: mode guidance (English LTR) > shows When to use and How for the selected mode and switches with the mode  403ms
 ✓ |unit-web| src/pages/readiness/readiness.test.tsx (4 tests) 695ms
   ✓ Readiness (en) > lists the missing diagnostic areas by name, the gates and the translated sequencing blockers  378ms
 ✓ |unit-web| src/lib/auditChanges.test.ts (125 tests) 65ms
 ✓ |unit-web| src/test/react-warning-guard.test.tsx (4 tests) 31ms
 ✓ |unit-web| src/i18n/i18n.test.ts (11 tests) 34ms
 ✓ |unit-web| src/lib/lib.test.ts (24 tests) 65ms
 ✓ |unit-web| src/pages/business-cases/problem-codes.test.ts (4 tests) 15ms
 ✓ |unit-web| src/styles/styles.test.ts (6 tests) 8ms
 ✓ |unit-web| src/i18n/glossary.test.ts (8 tests) 13ms
 ✓ |unit-web| src/test/harness-config.test.ts (2 tests) 3ms
 ✓ |unit-node| apps/api/src/modules/kpi/kpi.test.ts (35 tests) 1148ms
   ✓ kpi module (P2) > its declared boundary holds, and a planted bypass or undeclared dependency would be caught  1066ms
 ✓ |unit-node| apps/api/src/architecture.test.ts (137 tests) 5635ms
   ✓ API module boundaries (ADR-0002) > every import respects dependsOn, public surfaces and allowed packages  3444ms
   ✓ package dependency direction (ADR-0002 rule 5) > packages/shared imports no workspace package  352ms
   ✓ package dependency direction (ADR-0002 rule 5) > apps/web never imports @mth/db or @mth/config (browser bundle, no secrets)  1204ms
 ✓ |unit-node| packages/shared/src/formula/fuzz.test.ts (111 tests) 7738ms
   ✓ fuzz: no uncaught exception, no code execution > 10 000 random byte strings (0–255, up to 80 bytes)  1633ms
   ✓ fuzz: no uncaught exception, no code execution > 10 000 random UTF-16 strings including astral code points and lone surrogates  1386ms
   ✓ fuzz: no uncaught exception, no code execution > 20 000 random strings over the grammar alphabet reach parser, type checker and evaluator  3066ms
   ✓ source scan: no dynamic code in packages/shared/src/formula (ADR-0024 §6) > every file of the engine's import closure gets the engine-source lint rules (eslint.config.js)  1079ms
   ✓ source scan: no dynamic code in packages/shared/src/formula (ADR-0024 §6) > ESLint refuses the round-5 handler forms (G1, G2, A1, A2), F1 and every lintable probe-table row in an engine source  514ms
 ✓ |unit-node| apps/api/src/modules/workflows/workflows.test.ts (14 tests) 1113ms
   ✓ workflows module (P2) > its declared boundary holds, and an undeclared dependency would be caught  1047ms
 ✓ |unit-node| packages/shared/src/scoring.test.ts (36 tests) 413ms
   ✓ property: all 5^5 integer score combinations under v1 equal an independent BigInt rational computation > stored value, 2-digit display and 0–100 view all match for 3125 combinations  371ms
 ✓ |unit-node| apps/api/src/server.test.ts (6 tests) 576ms
 ✓ |unit-node| apps/api/src/modules/platform/in-flight.test.ts (4 tests) 281ms
 ✓ |unit-node| apps/api/src/modules/evidence/evidence.test.ts (13 tests) 439ms
   ✓ evidence module (P2) > its declared boundary holds  384ms
 ✓ |unit-node| apps/api/src/modules/reporting/reporting.test.ts (4 tests) 159ms
 ✓ |unit-node| packages/shared/src/schemas/schemas.test.ts (69 tests) 181ms
 ✓ |unit-node| apps/api/src/modules/methodology/methodology.test.ts (4 tests) 189ms
 ✓ |unit-node| apps/api/src/modules/platform/media-types.test.ts (57 tests) 160ms
 ✓ |unit-node| packages/shared/src/value.test.ts (29 tests) 148ms
 ✓ |unit-node| apps/api/src/modules/platform/connection-hygiene.test.ts (6 tests) 71ms
 ✓ |unit-node| packages/shared/src/formula/formula.test.ts (140 tests) 79ms
 ✓ |unit-node| apps/api/src/modules/platform/platform.test.ts (19 tests) 139ms
 ✓ |unit-node| packages/config/src/load.test.ts (17 tests) 91ms
 ✓ |unit-node| packages/shared/src/time/working-days.test.ts (19 tests) 43ms
 ✓ |unit-node| apps/api/src/request-encoding.test.ts (11 tests) 69ms
 ✓ |unit-node| apps/api/src/modules/platform/incomplete-body.test.ts (10 tests) 69ms
 ✓ |unit-node| apps/api/src/modules/kpi/rules.test.ts (30 tests) 40ms
 ✓ |unit-node| packages/design-tokens/src/tokens.test.ts (15 tests) 37ms
 ✓ |unit-node| apps/api/src/modules/portfolio/schedule.test.ts (14 tests) 8ms
 ✓ |unit-node| packages/db/src/seed.test.ts (19 tests) 37ms
(node:1583) [FSTDEP022] FastifyWarning: The router options for constraints property access is deprecated. Please use "options.routerOptions" instead for accessing router options. The router options will be removed in `fastify@6`.
(Use `node --trace-warnings ...` to show where the warning was created)
 ✓ |unit-node| apps/api/src/modules/platform/framework-errors.test.ts (6 tests) 39ms
 ✓ |unit-node| apps/api/src/modules/platform/health.test.ts (2 tests) 36ms
 ✓ |unit-node| apps/api/src/modules/tasks/tasks.test.ts (5 tests) 21ms
 ✓ |unit-node| apps/api/src/modules/kpi/formulas.test.ts (10 tests) 25ms
 ✓ |unit-node| apps/api/src/modules/admin/branding.test.ts (4 tests) 56ms
 ✓ |unit-node| packages/shared/src/schemas/roadmap.test.ts (6 tests) 11ms
 ✓ |unit-node| apps/api/src/modules/platform/advisory-locks.test.ts (3 tests) 23ms
 ✓ |unit-node| apps/api/src/modules/governance/governance.test.ts (2 tests) 16ms
 ✓ |unit-node| apps/api/src/modules/kpi/p3-gate-facts.test.ts (9 tests) 14ms
 ✓ |unit-node| apps/api/src/modules/benefits/benefits.test.ts (2 tests) 16ms
 ✓ |unit-node| apps/api/src/modules/sustainment/sustainment.test.ts (2 tests) 13ms
 ✓ |unit-node| apps/api/src/modules/adoption/adoption.test.ts (2 tests) 12ms
 ✓ |unit-node| apps/api/src/modules/kpi/totals.test.ts (20 tests) 11ms
 ✓ |unit-node| apps/api/src/modules/portfolio/sequencing.test.ts (9 tests) 8ms
 ✓ |unit-node| apps/api/src/modules/raid/raid.test.ts (2 tests) 13ms
 ✓ |unit-node| apps/api/src/modules/platform/db-errors.test.ts (7 tests) 10ms
 ✓ |unit-node| apps/api/src/modules/access/rules.test.ts (12 tests) 7ms
 ✓ |unit-node| apps/api/src/modules/transformations/good-outcome.test.ts (7 tests) 10ms
 ✓ |unit-node| apps/api/src/modules/platform/request-encoding.test.ts (7 tests) 7ms
 ✓ |unit-node| apps/api/src/modules/platform/db-errors-p4.test.ts (5 tests) 7ms
 ✓ |unit-node| apps/api/src/modules/workflows/g4.test.ts (5 tests) 8ms
 ✓ |unit-node| apps/api/src/modules/transformations/thesis.test.ts (4 tests) 7ms
 ✓ |unit-node| apps/api/src/modules/portfolio/capacity.test.ts (4 tests) 6ms
 ✓ |unit-node| apps/api/src/modules/transformations/exclusions.test.ts (19 tests) 5ms
 ✓ |unit-node| apps/api/src/modules/identity/oidc-claims.test.ts (5 tests) 6ms
 ✓ |unit-node| apps/api/src/modules/transformations/transitions.test.ts (2 tests) 3ms
 ✓ |unit-node| apps/api/src/modules/workflows/t08-cycle-problem.test.ts (2 tests) 3ms

 Test Files  89 passed (89)
      Tests  1713 passed (1713)
   Start at  04:26:48
   Duration  92.77s (transform 6.19s, setup 4.64s, collect 59.49s, tests 169.06s, environment 20.10s, prepare 7.05s)


 RUN  v3.2.4 /home/user/wt/dg4-be-b

 ✓ |unit-formula-nocodegen| packages/shared/src/formula/codegen.nocodegen.test.ts (10 tests) 13ms
 ✓ |unit-formula-nocodegen| packages/shared/src/formula/formula.test.ts (140 tests) 117ms
 ✓ |unit-formula-nocodegen| packages/shared/src/formula/fuzz.test.ts (111 tests | 2 skipped) 4788ms
   ✓ fuzz: no uncaught exception, no code execution > 10 000 random byte strings (0–255, up to 80 bytes)  1282ms
   ✓ fuzz: no uncaught exception, no code execution > 10 000 random UTF-16 strings including astral code points and lone surrogates  1145ms
   ✓ fuzz: no uncaught exception, no code execution > 20 000 random strings over the grammar alphabet reach parser, type checker and evaluator  2338ms

 Test Files  3 passed (3)
      Tests  259 passed | 2 skipped (261)
   Start at  04:28:21
   Duration  5.39s (transform 270ms, setup 0ms, collect 696ms, tests 4.92s, environment 1ms, prepare 221ms)

unit(locale unset) EXIT=0
