
> mobily-transformation-hub@0.1.0 test /home/user/wt/dg4-kbe-g2
> vitest run --project unit-node --project unit-web && vitest run --project unit-formula-nocodegen


 RUN  v3.2.4 /home/user/wt/dg4-kbe-g2

 ✓ |unit-web| src/pages/transformations/transformations.test.tsx (21 tests) 7769ms
   ✓ after create (F-DG1-004) > shows the created record when the server lets the creator read it  1204ms
   ✓ after create (F-DG1-004) > explains, in English, that the draft was created but cannot be opened (server 404), instead of 'Not found'  534ms
   ✓ after create (F-DG1-004) > treats a 403 for the just-created record the same way  744ms
   ✓ audit trail changes (F-DG1-005) > English: field and value labels, not raw keys or enum codes  318ms
   ✓ derived creator assignment on the audit trail (F-DG1-008) > English: localized action, fields, role, user and scope; nothing raw or marked untranslated  352ms
   ✓ derived creator assignment on the audit trail (F-DG1-008) > Arabic (RTL): the same event with Arabic labels and the glossary role name  368ms
   ✓ effective permissions refresh after create (F-DG1-210) > English: Edit, Archive and the audit trail appear after create, without a reload  1280ms
   ✓ effective permissions refresh after create (F-DG1-210) > Arabic (RTL): the same controls and the audit trail appear after create, without a reload  696ms
   ✓ effective permissions refresh after create (F-DG1-210) > does not over-grant: if the refreshed server answer adds nothing, Archive and the audit trail stay hidden  706ms
 ✓ |unit-web| src/lib/auditChanges.test.ts (125 tests) 154ms
 ✓ |unit-web| src/auth/session-bound.test.tsx (34 tests) 12546ms
   ✓ F-DG2-530/580 no effect of A's action after a further await once the tab is B's (en) > Y1: a create whose post-create GET /me returns B: B is not navigated and never sees A's code or name  1369ms
   ✓ F-DG2-530/580 no effect of A's action after a further await once the tab is B's (en) > Y1c: the same create under one identity still lands on the created record  923ms
   ✓ F-DG2-530/580 no effect of A's action after a further await once the tab is B's (en) > Y1c (not visible to the creator): the creator still gets 'created, but you cannot open it' with the 201's code  563ms
   ✓ F-DG2-530/580 no effect of A's action after a further await once the tab is B's (en) > an edit whose identity changes between its awaits: B is not navigated to A's record and keeps nothing of A's  501ms
   ✓ F-DG2-530/580 no effect of A's action after a further await once the tab is B's (en) > an organization create whose identity changes between its awaits: B is not navigated to A's new organization  682ms
   ✓ F-DG2-530/580 no effect of A's action after a further await once the tab is B's (en) > a user create whose identity changes between its awaits: B is not navigated to A's new user  518ms
   ✓ F-DG2-530/580 no effect of A's action after a further await once the tab is B's (en) > sanity: the organization and user creates under one identity still navigate to the new record  305ms
   ✓ F-DG2-530/580 no effect of A's action after a further await once the tab is B's (ar) > Y1: a create whose post-create GET /me returns B: B is not navigated and never sees A's code or name  750ms
   ✓ F-DG2-530/580 no effect of A's action after a further await once the tab is B's (ar) > Y1c: the same create under one identity still lands on the created record  347ms
   ✓ F-DG2-530/580 no effect of A's action after a further await once the tab is B's (ar) > an edit whose identity changes between its awaits: B is not navigated to A's record and keeps nothing of A's  484ms
   ✓ F-DG2-530/580 no effect of A's action after a further await once the tab is B's (ar) > an organization create whose identity changes between its awaits: B is not navigated to A's new organization  683ms
   ✓ F-DG2-530/580 no effect of A's action after a further await once the tab is B's (ar) > a user create whose identity changes between its awaits: B is not navigated to A's new user  573ms
   ✓ F-DG2-570 the header and the data of ONE identity on in-app navigation (ar) > bounded: one GET /me per navigation, shared by the page's burst; other GETs only after the window; same identity kept  418ms
   ✓ the convention: no raw navigate or cache write in app code (T-DG2-FE15) > the ESLint rule refuses a raw navigate, a raw cache write and a useNavigate import in a page  1874ms
 ✓ |unit-web| src/pages/p2.test.tsx (56 tests) 24036ms
   ✓ Diagnose > shows the six T01 dimensions with Unknown for missing values, and value pools that are never 0  881ms
   ✓ Diagnose > shows the totals as Unknown when no pool is quantified  448ms
   ✓ Diagnose > renders the six workstreams with their key questions  1014ms
   ✓ Diagnose > edits a T01 row with only the changed fields and If-Match  637ms
   ✓ Diagnose > a 409 on save writes nothing, compares, and re-applies on the current version  673ms
   ✓ Diagnose > a 400 validation.blank shows a localized message on its field ('en')  1252ms
   ✓ Diagnose > a 400 validation.blank shows a localized message on its field ('ar')  972ms
   ✓ Diagnose > an invisible-only value is blocked client-side with validation.blank ('en')  725ms
   ✓ Diagnose > an invisible-only value is blocked client-side with validation.blank ('ar')  783ms
   ✓ Diagnose > a whitespace-only T01 value is an inline blank error and sends nothing ('en')  1017ms
   ✓ Diagnose > a whitespace-only T01 value is an inline blank error and sends nothing ('ar')  655ms
   ✓ Diagnose > T01: an emptied field is sent as an explicit null; visible text is sent verbatim  774ms
   ✓ Define > shows the good outcome test per outcome with pass / fail / unknown and localized reasons  384ms
   ✓ Define: KPI activation (F-DG2-201) > offers Activate on a draft KPI, states the unmet precondition on 422, then activates with If-Match  319ms
   ✓ Define: KPI activation (F-DG2-201) > Arabic: the Activate action and the 422 reason are in Arabic  397ms
   ✓ Define: KPI activation (F-DG2-201) > an active KPI shows Active and offers no Activate  483ms
   ✓ Charter > scope pre-check: an empty Out of scope reads as failing (EN and AR)  707ms
   ✓ Charter > thesis: the four parts compose the B0037 sentence (EN and AR)  375ms
   ✓ Charter > compares a version with the previous one  583ms
   ✓ Charter > create: a whitespace Case for change is an inline blank error and creates nothing ('en')  463ms
   ✓ Charter > edit: a whitespace Out of scope is an inline blank error, sends nothing and keeps the value (en)  405ms
   ✓ Charter > edit: a whitespace Out of scope is an inline blank error, sends nothing and keeps the value (ar)  509ms
   ✓ Charter > edit: emptying a filled field sends null; visible text is verbatim (en)  607ms
   ✓ Charter > edit: emptying a filled field sends null; visible text is verbatim (ar)  565ms
   ✓ Charter > edit: a change summary alone is not a change (never a content-free version)  309ms
   ✓ Design > shows the ten canvas boxes and the per-dimension view  613ms
   ✓ Design > converts an unresolved workshop item into a design decision with If-Match  1073ms
   ✓ Gates (business approval) > the approver's decision: rationale required; 403 and 409 problems in words  478ms
   ✓ Gates (business approval) > gate detail heading: the verbatim B0023 name once (EN and AR)  326ms
   ✓ Evidence > uploads a revision as octet-stream with a percent-encoded file name and If-Match  631ms
   ✓ Evidence > never offers review to the creator; a filename reference can only be rejected  545ms
   ✓ read-only auditor (AUD) > diagnose: no write control and a read-only note  324ms
 ✓ |unit-web| src/pages/benefits/benefits.test.tsx (29 tests) 8277ms
   ✓ benefits screens (en) > T14 register: ten columns; Value (SAR) n/a and Unknown never 0; Realized kept apart with pending labelled  1011ms
   ✓ benefits screens (en) > allocations above 100 %: the preview warns and the server's 422 is translated in the one form alert  377ms
   ✓ benefits screens (en) > measurements: a validated value offers no edit; the 409 validated_immutable is translated  387ms
   ✓ benefits screens (en) > Finance decision: the content_incomplete 422 and a Business Owner's 403 are translated  510ms
   ✓ benefits screens (en) > read-only (auditor): Finance item without decide, register without create  667ms
   ✓ benefits screens (ar) > T14 register: ten columns; Value (SAR) n/a and Unknown never 0; Realized kept apart with pending labelled  739ms
   ✓ benefits screens (ar) > lifecycle: six steps with question and output, missing outputs listed, only the allowed next step offered  466ms
   ✓ benefits screens (ar) > Finance decision: the content_incomplete 422 and a Business Owner's 403 are translated  337ms
   ✓ benefits screens (ar) > read-only (auditor): Finance item without decide, register without create  590ms
 ✓ |unit-web| src/auth/session-generation.test.tsx (26 tests) 12472ms
   ✓ F-DG2-530 a write in flight across an identity change (en) > X3: A's PATCH answered after B's /me is not written into B's cache, not shown, and does not navigate B  1024ms
   ✓ F-DG2-530 a write in flight across an identity change (en) > X3b: the same after a session END here and B's sign-in: A's late answer never lands  775ms
   ✓ F-DG2-530 a write in flight across an identity change (en) > an archive in flight across an identity change: A's archived record never lands in B's cache  776ms
   ✓ F-DG2-530 a write in flight across an identity change (en) > an organization save in flight across an identity change: A's change is never stored under B  688ms
   ✓ F-DG2-530 a write in flight across an identity change (en) > a user save in flight across an identity change: A's change is never stored under B  670ms
   ✓ F-DG2-530 a write in flight across an identity change (en) > a same-person new session: the in-flight save is dropped silently, the draft is kept and usable  914ms
   ✓ F-DG2-530 a write in flight across an identity change (en) > a language save retried after a 409 is never written for the identity that replaced A  463ms
   ✓ F-DG2-530 a write in flight across an identity change (en) > sanity: a write in flight that finishes under the SAME identity still updates the cache and navigates  304ms
   ✓ F-DG2-530 X6: refocus and reconnect revalidate GET /me first (en) > after B signs in elsewhere, a refocus within /me's staleTime shows B's header with B's data, never A's  375ms
   ✓ F-DG2-530 X6: refocus and reconnect revalidate GET /me first (en) > the same identity: a refocus refetches /me once, then the stale page queries; nothing when all is fresh  396ms
   ✓ F-DG2-530 a write in flight across an identity change (ar) > X3: A's PATCH answered after B's /me is not written into B's cache, not shown, and does not navigate B  695ms
   ✓ F-DG2-530 a write in flight across an identity change (ar) > X3b: the same after a session END here and B's sign-in: A's late answer never lands  581ms
   ✓ F-DG2-530 a write in flight across an identity change (ar) > an archive in flight across an identity change: A's archived record never lands in B's cache  993ms
   ✓ F-DG2-530 a write in flight across an identity change (ar) > an organization save in flight across an identity change: A's change is never stored under B  713ms
   ✓ F-DG2-530 a write in flight across an identity change (ar) > a user save in flight across an identity change: A's change is never stored under B  581ms
   ✓ F-DG2-530 a write in flight across an identity change (ar) > a same-person new session: the in-flight save is dropped silently, the draft is kept and usable  520ms
   ✓ F-DG2-530 a write in flight across an identity change (ar) > a language save retried after a 409 is never written for the identity that replaced A  460ms
   ✓ F-DG2-530 X6: refocus and reconnect revalidate GET /me first (ar) > after B signs in elsewhere, a refocus within /me's staleTime shows B's header with B's data, never A's  436ms
   ✓ F-DG2-530 X6: refocus and reconnect revalidate GET /me first (ar) > the same identity: a refocus refetches /me once, then the stale page queries; nothing when all is fresh  466ms
 ✓ |unit-web| src/pages/team/team.test.tsx (10 tests) 8340ms
   ✓ Team (English LTR) > shows the six governance roles with B0018 accountability text verbatim and who holds each  811ms
   ✓ Team (English LTR) > lists team members with the accountability on each assignment, sortable and filterable  932ms
   ✓ Team (English LTR) > a Transformation Lead assigns a Workstream Lead: Idempotency-Key, reason, accountability preview  792ms
   ✓ Team (English LTR) > shows a 403 from the server in words; nothing is assigned  706ms
   ✓ Team: read-only auditor (AUD) > sees the roles, accountabilities and members, a read-only note, and no assign control  888ms
   ✓ Team (Arabic RTL) > shows Arabic role names and the provisional Arabic accountability text  493ms
   ✓ Team assign dialog: accountability preview follows the selected role (F-DG2-430) > en: WL on open, then KDS, TD, none and WL again, in StrictMode with no React warning  782ms
   ✓ Team assign dialog: accountability preview follows the selected role (F-DG2-430) > ar: WL on open, then KDS, TD, none and WL again, in StrictMode with no React warning  601ms
   ✓ Team: the success notice follows a language switch, 'en' → 'ar' > the notice is shown in the language now on screen, not the one it was created in  1013ms
   ✓ Team: the success notice follows a language switch, 'ar' → 'en' > the notice is shown in the language now on screen, not the one it was created in  1318ms
 ✓ |unit-web| src/pages/portfolio/portfolio.test.tsx (32 tests) 13890ms
   ✓ Portfolio (en) > lists code, name, wave, owners and three separate columns: proposed rank, selection and funding  922ms
   ✓ Portfolio (en) > filters by status and wave on the server  493ms
   ✓ Portfolio (en) > creates a draft at any time: POST /initiatives with the transformation and an Idempotency-Key  423ms
   ✓ Portfolio (ar) > the proposed rank is Unknown (never 0) when the prioritization view is unavailable  340ms
   ✓ Portfolio (ar) > creates a draft at any time: POST /initiatives with the transformation and an Idempotency-Key  483ms
   ✓ Initiative Card (en) > shows all 14 T05 fields in the source order and the 3-7 deliverables warning (a warning, not a block)  333ms
   ✓ Initiative Card (en) > submit refused: 'Case for change not yet approved (G1)…' is the dialog's one translated alert  310ms
   ✓ Initiative Card (en) > submit refused: 'Outcome before activity…' (validation at /outcomeContributions) is translated  607ms
   ✓ Initiative Card (en) > launch refused: 'North Star, outcomes and target state not yet approved', then 'Selected - unfunded…'  657ms
   ✓ Initiative Card (en) > select is a labelled business approval: rationale required, If-Match, no 'on behalf of' control  913ms
   ✓ Initiative Card (en) > a 409 shows the conflict banner and reloads  454ms
   ✓ Initiative Card (en) > a gap link to another TOM record shows 'A project portfolio is not a Target Operating Model…'  317ms
   ✓ Initiative Card (en) > an outcome contribution needs an outcome; the KPI is optional and labelled so  634ms
   ✓ Initiative Card (en) > the read-only auditor sees the card with no enabled write control  447ms
   ✓ Initiative Card (ar) > shows all 14 T05 fields in the source order and the 3-7 deliverables warning (a warning, not a block)  576ms
   ✓ Initiative Card (ar) > submit refused: 'Case for change not yet approved (G1)…' is the dialog's one translated alert  424ms
   ✓ Initiative Card (ar) > submit refused: 'Outcome before activity…' (validation at /outcomeContributions) is translated  532ms
   ✓ Initiative Card (ar) > launch refused: 'North Star, outcomes and target state not yet approved', then 'Selected - unfunded…'  769ms
   ✓ Initiative Card (ar) > select is a labelled business approval: rationale required, If-Match, no 'on behalf of' control  406ms
   ✓ Initiative Card (ar) > a 409 shows the conflict banner and reloads  383ms
   ✓ Initiative Card (ar) > a gap link to another TOM record shows 'A project portfolio is not a Target Operating Model…'  430ms
   ✓ Initiative Card (ar) > an outcome contribution needs an outcome; the KPI is optional and labelled so  607ms
 ✓ |unit-web| src/pages/kpi/kpi.test.tsx (27 tests) 9603ms
   ✓ KPI screens (en) > RAG panel: the seven elements, the threshold version named, and the override beside the calculated RAG  741ms
   ✓ KPI screens (en) > no actual for the current period: Unknown, grey and labelled, with its reason; never 0 and never green  495ms
   ✓ KPI screens (en) > four-step update: submits once, then lists downstream views, 'review pending' and 'Finance review pending'  903ms
   ✓ KPI screens (en) > a second entry for the same KPI and period is value version 2 of the same slot (If-Match)  665ms
   ✓ KPI screens (en) > a 409 on submit is the form's one alert: nothing was saved, the latest data is loaded  335ms
   ✓ KPI screens (en) > data quality: an open finding is resolved with a note and If-Match  443ms
   ✓ KPI screens (ar) > no actual for the current period: Unknown, grey and labelled, with its reason; never 0 and never green  346ms
   ✓ KPI screens (ar) > four-step update: submits once, then lists downstream views, 'review pending' and 'Finance review pending'  658ms
   ✓ KPI screens (ar) > a second entry for the same KPI and period is value version 2 of the same slot (If-Match)  585ms
   ✓ KPI screens (ar) > a 409 on submit is the form's one alert: nothing was saved, the latest data is loaded  466ms
   ✓ KPI screens (ar) > no active version: the update explains it and links to the versions (no form)  319ms
   ✓ KPI screens (ar) > review queue: the reviewer accepts with If-Match; the submitter of a value is not offered a decision  436ms
   ✓ KPI screens (ar) > read-only viewer (auditor): no write action on the KPI page, labels say business approval  334ms
   ✓ KPI screens (ar) > data quality: an open finding is resolved with a note and If-Match  1440ms
 ✓ |unit-web| src/pages/p2-blank-forms.test.tsx (52 tests) 30953ms
   ✓ gate submission note (en) > a whitespace-only note is refused inline and nothing is sent  1097ms
   ✓ gate submission note (en) > a invisible-only note is refused inline and nothing is sent  383ms
   ✓ gate submission note (en) > visible text is sent verbatim; an empty note is omitted  582ms
   ✓ gate submission note (ar) > visible text is sent verbatim; an empty note is omitted  676ms
   ✓ gate decision rationale and comments (en) > a whitespace-only rationale is refused inline and nothing is sent  491ms
   ✓ gate decision rationale and comments (en) > a invisible-only rationale is refused inline and nothing is sent  472ms
   ✓ gate decision rationale and comments (en) > a invisible (long enough for min 3)-only rationale is refused inline and nothing is sent  386ms
   ✓ gate decision rationale and comments (en) > a whitespace-only comment is refused inline (focus on it) and nothing is sent  588ms
   ✓ gate decision rationale and comments (en) > a invisible-only comment is refused inline (focus on it) and nothing is sent  577ms
   ✓ gate decision rationale and comments (en) > visible text is sent verbatim; empty comments are omitted; an empty rationale stays 'too short'  656ms
   ✓ gate decision rationale and comments (en) > a server 400 validation.blank on /rationale lands on the field  411ms
   ✓ gate decision rationale and comments (ar) > a whitespace-only rationale is refused inline and nothing is sent  406ms
   ✓ gate decision rationale and comments (ar) > a invisible-only rationale is refused inline and nothing is sent  460ms
   ✓ gate decision rationale and comments (ar) > a invisible (long enough for min 3)-only rationale is refused inline and nothing is sent  602ms
   ✓ gate decision rationale and comments (ar) > a whitespace-only comment is refused inline (focus on it) and nothing is sent  583ms
   ✓ gate decision rationale and comments (ar) > a invisible-only comment is refused inline (focus on it) and nothing is sent  602ms
   ✓ gate decision rationale and comments (ar) > visible text is sent verbatim; empty comments are omitted; an empty rationale stays 'too short'  518ms
   ✓ gate decision rationale and comments (ar) > a server 400 validation.blank on /rationale lands on the field  778ms
   ✓ journey step editor (en) > a whitespace-only actor is refused inline (not turned into null) and nothing is sent  805ms
   ✓ journey step editor (en) > a invisible-only actor is refused inline (not turned into null) and nothing is sent  587ms
   ✓ journey step editor (en) > several blank fields: each gets the message and focus goes to the first (name)  656ms
   ✓ journey step editor (en) > visible text is sent verbatim; emptied optional text is null; an empty name is required  989ms
   ✓ journey step editor (ar) > a whitespace-only actor is refused inline (not turned into null) and nothing is sent  516ms
   ✓ journey step editor (ar) > a invisible-only actor is refused inline (not turned into null) and nothing is sent  382ms
   ✓ journey step editor (ar) > several blank fields: each gets the message and focus goes to the first (name)  644ms
   ✓ journey step editor (ar) > visible text is sent verbatim; emptied optional text is null; an empty name is required  929ms
   ✓ Finance validation note and archive reason (en) > note: a whitespace-only note is refused inline and nothing is sent  371ms
   ✓ Finance validation note and archive reason (en) > note: a invisible-only note is refused inline and nothing is sent  315ms
   ✓ Finance validation note and archive reason (en) > note: empty is 'required'; visible text is sent verbatim  328ms
   ✓ Finance validation note and archive reason (en) > reason: a whitespace-only reason is refused inline and nothing is archived  534ms
   ✓ Finance validation note and archive reason (en) > reason: a invisible-only reason is refused inline and nothing is archived  1348ms
   ✓ Finance validation note and archive reason (en) > reason: a server 400 validation.blank on /reason is the field message, not a generic error  609ms
   ✓ Finance validation note and archive reason (en) > reason: a reason with U+0000 is refused inline with the localized message and nothing is archived  791ms
   ✓ Finance validation note and archive reason (en) > reason: a server 400 validation.invalid_character on /reason is the localized field message  605ms
   ✓ Finance validation note and archive reason (en) > reason: empty keeps 'too short'; visible text is sent verbatim  611ms
   ✓ Finance validation note and archive reason (ar) > note: a whitespace-only note is refused inline and nothing is sent  1441ms
   ✓ Finance validation note and archive reason (ar) > note: a invisible-only note is refused inline and nothing is sent  1282ms
   ✓ Finance validation note and archive reason (ar) > note: empty is 'required'; visible text is sent verbatim  554ms
   ✓ Finance validation note and archive reason (ar) > reason: a whitespace-only reason is refused inline and nothing is archived  918ms
   ✓ Finance validation note and archive reason (ar) > reason: a invisible-only reason is refused inline and nothing is archived  671ms
   ✓ Finance validation note and archive reason (ar) > reason: a server 400 validation.blank on /reason is the field message, not a generic error  573ms
   ✓ Finance validation note and archive reason (ar) > reason: a reason with U+0000 is refused inline with the localized message and nothing is archived  309ms
   ✓ Finance validation note and archive reason (ar) > reason: a server 400 validation.invalid_character on /reason is the localized field message  494ms
   ✓ Finance validation note and archive reason (ar) > reason: empty keeps 'too short'; visible text is sent verbatim  1095ms
   ✓ North Star statement (en) > a whitespace-only statement is refused inline and nothing is sent  437ms
   ✓ North Star statement (en) > a invisible-only statement is refused inline and nothing is sent  744ms
   ✓ North Star statement (ar) > a whitespace-only statement is refused inline and nothing is sent  362ms
 ✓ |unit-web| src/pages/render-time-language.test.tsx (28 tests) 20352ms
   ✓ sign-in (dev form), 'en' → 'ar' > an invalid user name: the inline message follows the switch  951ms
   ✓ sign-in (dev form), 'ar' → 'en' > an invalid user name: the inline message follows the switch  534ms
   ✓ journey step editor, 'en' → 'ar' > a field error on a step follows the switch  1761ms
   ✓ journey step editor, 'en' → 'ar' > the form-level "Step N:" error follows the switch (prefix and message)  973ms
   ✓ journey step editor, 'ar' → 'en' > a field error on a step follows the switch  1676ms
   ✓ journey step editor, 'ar' → 'en' > the form-level "Step N:" error follows the switch (prefix and message)  1402ms
   ✓ row-action note and reason dialog, 'en' → 'ar' > the Finance validation note's 'required' follows the switch  833ms
   ✓ row-action note and reason dialog, 'en' → 'ar' > the Finance validation choice's 'required' follows the switch  976ms
   ✓ row-action note and reason dialog, 'en' → 'ar' > the archive reason's 'too short' follows the switch  952ms
   ✓ row-action note and reason dialog, 'ar' → 'en' > the Finance validation note's 'required' follows the switch  1113ms
   ✓ row-action note and reason dialog, 'ar' → 'en' > the Finance validation choice's 'required' follows the switch  800ms
   ✓ row-action note and reason dialog, 'ar' → 'en' > the archive reason's 'too short' follows the switch  971ms
   ✓ gate dialogs, 'en' → 'ar' > the submission note's field error follows the switch  964ms
   ✓ gate dialogs, 'en' → 'ar' > the decision rationale's field error follows the switch  522ms
   ✓ gate dialogs, 'ar' → 'en' > the submission note's field error follows the switch  508ms
   ✓ gate dialogs, 'ar' → 'en' > the decision rationale's field error follows the switch  316ms
   ✓ North Star statement, 'en' → 'ar' > the statement's field error follows the switch  1000ms
   ✓ North Star statement, 'ar' → 'en' > the statement's field error follows the switch  483ms
   ✓ evidence dialogs, 'en' → 'ar' > upload without a file: 'required' follows the switch  437ms
   ✓ evidence dialogs, 'en' → 'ar' > a link without a record type or record: both 'required' messages follow the switch  716ms
   ✓ evidence dialogs, 'ar' → 'en' > upload without a file: 'required' follows the switch  775ms
   ✓ evidence dialogs, 'ar' → 'en' > a link without a record type or record: both 'required' messages follow the switch  894ms
 ✓ |unit-web| src/auth/session-identity.test.tsx (18 tests) 8654ms
   ✓ F-DG2-500 a session end on the sign-in page (en) > W5: Back to /login after A's session ends, B signs in with the development form: B never sees A's records  1369ms
   ✓ F-DG2-500 a session end on the sign-in page (en) > W5b (OIDC mode): B signs in in another tab and this tab's /me re-probe brings B: B never sees A's records  809ms
   ✓ F-DG2-500 an identity change with no session end in this tab (en) > a refocus /me that returns another identity removes every session query before B renders, and drops A's drafts  506ms
   ✓ F-DG2-500 an identity change with no session end in this tab (en) > a new session of the same person (signed in again elsewhere) refetches the queries but keeps their own draft  745ms
   ✓ F-DG2-500 an identity change with no session end in this tab (en) > the same identity re-probed (window refocus) keeps the cache and the page state  330ms
   ✓ F-DG2-500 sign-out here and 403 (en) > signing out here clears everything; B signing in afterwards never sees A's records  914ms
   ✓ F-DG2-500 a session end on the sign-in page (ar) > W5: Back to /login after A's session ends, B signs in with the development form: B never sees A's records  669ms
   ✓ F-DG2-500 a session end on the sign-in page (ar) > W5b (OIDC mode): B signs in in another tab and this tab's /me re-probe brings B: B never sees A's records  675ms
   ✓ F-DG2-500 an identity change with no session end in this tab (ar) > a refocus /me that returns another identity removes every session query before B renders, and drops A's drafts  469ms
   ✓ F-DG2-500 an identity change with no session end in this tab (ar) > a new session of the same person (signed in again elsewhere) refetches the queries but keeps their own draft  325ms
   ✓ F-DG2-500 an identity change with no session end in this tab (ar) > the same identity re-probed (window refocus) keeps the cache and the page state  425ms
   ✓ F-DG2-500 sign-out here and 403 (ar) > signing out here clears everything; B signing in afterwards never sees A's records  944ms
 ✓ |unit-web| src/pages/portfolio/fe-e.test.tsx (18 tests) 9876ms
   ✓ Funding decisions (en) > is a labelled business approval with no 'on behalf of' control; rationale required; POST with an Idempotency-Key  1100ms
   ✓ Funding decisions (en) > the BE-E 422s are the dialog's one translated alert; funding.amount_invalid is also inline at /amount  742ms
   ✓ Funding decisions (ar) > is a labelled business approval with no 'on behalf of' control; rationale required; POST with an Idempotency-Key  437ms
   ✓ Funding decisions (ar) > the BE-E 422s are the dialog's one translated alert; funding.amount_invalid is also inline at /amount  853ms
   ✓ Funding decisions (ar) > an exact decimal amount is shown with its currency; the auditor sees no record control  403ms
   ✓ Deliverables and milestones on the card (en) > creates (Idempotency-Key), edits (If-Match) and archives (reason, If-Match) a deliverable  1040ms
   ✓ Deliverables and milestones on the card (en) > creates a milestone with its wave and forecast, and edits it with If-Match  356ms
   ✓ Deliverables and milestones on the card (en) > 422 initiative.read_only (a closure raced the edit) is translated as the dialog's one alert  356ms
   ✓ Deliverables and milestones on the card (en) > a cancelled initiative shows deliverables, milestones and funding with no write control  306ms
   ✓ Deliverables and milestones on the card (en) > the card edit form translates initiative.planned_range specifically (RecordDialog namespaces)  409ms
   ✓ Deliverables and milestones on the card (ar) > creates (Idempotency-Key), edits (If-Match) and archives (reason, If-Match) a deliverable  666ms
   ✓ Deliverables and milestones on the card (ar) > creates a milestone with its wave and forecast, and edits it with If-Match  743ms
   ✓ Deliverables and milestones on the card (ar) > 422 initiative.read_only (a closure raced the edit) is translated as the dialog's one alert  391ms
   ✓ Deliverables and milestones on the card (ar) > a cancelled initiative shows deliverables, milestones and funding with no write control  354ms
   ✓ Deliverables and milestones on the card (ar) > the card edit form translates initiative.planned_range specifically (RecordDialog namespaces)  1127ms
 ✓ |unit-web| src/pages/my-work/my-work.test.tsx (21 tests) 7402ms
   ✓ My Work (en) > renders tasks and reminders from messageKey + messageParams; Unknown due dates; system-managed tasks  1157ms
   ✓ My Work (en) > marks a task done and a reminder read with bodiless POSTs and If-Match  751ms
   ✓ My Work (ar) > marks a task done and a reminder read with bodiless POSTs and If-Match  694ms
   ✓ Calendar, jobs and groups (en) > calendar: read-only without calendar.configure; the calculator shows Unknown with its reason  345ms
   ✓ Calendar, jobs and groups (en) > calendar: a technical administrator adds a holiday; a range error is caught before sending  974ms
   ✓ Calendar, jobs and groups (en) > jobs: no permission without job.read; job.configure edits a schedule with If-Match  677ms
   ✓ Calendar, jobs and groups (ar) > calendar: read-only without calendar.configure; the calculator shows Unknown with its reason  356ms
   ✓ Calendar, jobs and groups (ar) > calendar: a technical administrator adds a holiday; a range error is caught before sending  580ms
   ✓ Calendar, jobs and groups (ar) > jobs: no permission without job.read; job.configure edits a schedule with If-Match  496ms
   ✓ Calendar, jobs and groups (ar) > groups: membership grants no permission (stated); group.manage creates a group  305ms
 ✓ |unit-web| src/pages/benefit-formulas/benefit-formulas.test.tsx (18 tests) 8820ms
   ✓ T09 benefit formulas (en) > register: the six T09 columns with confidence H/M/L; examples marked illustrative with 100000 and 500000 SAR per year  1356ms
   ✓ T09 benefit formulas (en) > builder: an undefined variable shows translated, with its position, before saving; nothing is sent  500ms
   ✓ T09 benefit formulas (en) > builder: a fraction is entered as percent and stored as a fraction; a version is saved with If-Match  856ms
   ✓ T09 benefit formulas (en) > builder: a 409 shows the standard conflict panel; nothing was saved  647ms
   ✓ T09 benefit formulas (en) > Finance validation of a version: a business approval by FIN; the author cannot; translated refusal  733ms
   ✓ T09 benefit formulas (en) > Finance validation: the version's author sees the separation-of-duties note and no action  304ms
   ✓ T09 benefit formulas (en) > read-only auditor: no builder, no write control, the read-only note; a validated version reads Validated  406ms
   ✓ T09 benefit formulas (ar) > register: the six T09 columns with confidence H/M/L; examples marked illustrative with 100000 and 500000 SAR per year  586ms
   ✓ T09 benefit formulas (ar) > builder: an undefined variable shows translated, with its position, before saving; nothing is sent  452ms
   ✓ T09 benefit formulas (ar) > builder: a fraction is entered as percent and stored as a fraction; a version is saved with If-Match  781ms
   ✓ T09 benefit formulas (ar) > builder: a 409 shows the standard conflict panel; nothing was saved  379ms
   ✓ T09 benefit formulas (ar) > Finance validation of a version: a business approval by FIN; the author cannot; translated refusal  431ms
   ✓ T09 benefit formulas (ar) > Finance validation: the version's author sees the separation-of-duties note and no action  358ms
 ✓ |unit-web| src/pages/business-cases/business-cases.test.tsx (18 tests) 12566ms
   ✓ business cases (en) > register: levels, Finance baseline states with text (Stale is never green) and drafts  1145ms
   ✓ business cases (en) > detail: all ten sections, totals with gross / cost / net apart, net Unknown (never 0), roll-up by reference  694ms
   ✓ business cases (en) > totals: a partial total says how many Unknown lines it leaves out  438ms
   ✓ business cases (en) > sections: saves only the changed section with If-Match; blank text is refused inline and nothing is sent  1464ms
   ✓ business cases (en) > sections: a 409 shows the standard conflict panel (nothing saved) with the current values  690ms
   ✓ business cases (en) > lines: exactly one class from one select; the value basis follows the class; a 422 is translated  1672ms
   ✓ business cases (en) > Finance validation: a business approval for FIN who did not author the case; If-Match; translated 403  707ms
   ✓ business cases (en) > Finance validation: the case author sees no validate action, only the separation-of-duties note  392ms
   ✓ business cases (ar) > register: levels, Finance baseline states with text (Stale is never green) and drafts  385ms
   ✓ business cases (ar) > detail: all ten sections, totals with gross / cost / net apart, net Unknown (never 0), roll-up by reference  525ms
   ✓ business cases (ar) > totals: a partial total says how many Unknown lines it leaves out  302ms
   ✓ business cases (ar) > sections: saves only the changed section with If-Match; blank text is refused inline and nothing is sent  1220ms
   ✓ business cases (ar) > sections: a 409 shows the standard conflict panel (nothing saved) with the current values  914ms
   ✓ business cases (ar) > lines: exactly one class from one select; the value basis follows the class; a 422 is translated  672ms
   ✓ business cases (ar) > Finance validation: a business approval for FIN who did not author the case; If-Match; translated 403  610ms
   ✓ business cases (ar) > Finance validation: the case author sees no validate action, only the separation-of-duties note  335ms
 ✓ |unit-web| src/pages/prioritization/prioritization.test.tsx (20 tests) 12793ms
   ✓ prioritization (en) > ranked table: an incomplete score is 'incomplete' (never a number), 3.30 complete; 0–100 shows 57.5 with its label  1333ms
   ✓ prioritization (en) > scorecard: 6 is refused inline and nothing is sent; 4 is POSTed as the integer; the weighted score is read-only 'incomplete'  706ms
   ✓ prioritization (en) > weight sets: the live total refuses 95% and 105%; 100% is accepted and POSTed as decimal strings  335ms
   ✓ prioritization (en) > weight sets: the proposer is never offered approval; another approver's approval is a business approval with If-Match; 403 SoD is translated  698ms
   ✓ prioritization (en) > weight set approval: a 409 shows the conflict banner and reloads  577ms
   ✓ prioritization (en) > ranking history: causes are translated from codes, including 'weight version 2', score change and the override reason  433ms
   ✓ prioritization (en) > overrides: a reason is required (missing and invisible-only are refused, nothing sent); with a reason it is POSTed  631ms
   ✓ prioritization (en) > the read-only auditor sees the data and no enabled write control  479ms
   ✓ prioritization (en) > never mentions a delivery gate (DG0–DG7)  580ms
   ✓ prioritization (ar) > ranked table: an incomplete score is 'incomplete' (never a number), 3.30 complete; 0–100 shows 57.5 with its label  1413ms
   ✓ prioritization (ar) > scorecard: 6 is refused inline and nothing is sent; 4 is POSTed as the integer; the weighted score is read-only 'incomplete'  1014ms
   ✓ prioritization (ar) > weight sets: the live total refuses 95% and 105%; 100% is accepted and POSTed as decimal strings  461ms
   ✓ prioritization (ar) > weight sets: the proposer is never offered approval; another approver's approval is a business approval with If-Match; 403 SoD is translated  1265ms
   ✓ prioritization (ar) > weight set approval: a 409 shows the conflict banner and reloads  698ms
   ✓ prioritization (ar) > ranking history: causes are translated from codes, including 'weight version 2', score change and the override reason  355ms
   ✓ prioritization (ar) > overrides: a reason is required (missing and invisible-only are refused, nothing sent); with a reason it is POSTed  427ms
   ✓ prioritization (ar) > the read-only auditor sees the data and no enabled write control  800ms
 ✓ |unit-web| src/pages/gates/g4.test.tsx (16 tests) 10271ms
   ✓ G4 refusal item by item (en) > two initiatives without owners: two separate translated 'Owners' items, never the joined English message  1516ms
   ✓ G4 refusal item by item (en) > without a usable gate view: one translated line per refused criterion, never the English message  1100ms
   ✓ G4 refusal item by item (ar) > two initiatives without owners: two separate translated 'Owners' items, never the joined English message  590ms
   ✓ G4 refusal item by item (ar) > without a usable gate view: one translated line per refused criterion, never the English message  403ms
   ✓ G4 view (en) > lists the eight G4 criteria with their missing items: 'Owners', 'Finance validation' and the initiative  318ms
   ✓ G4 view (en) > a refused submission shows the 422 list with the initiative names, translated  599ms
   ✓ G4 view (en) > the decision's 403 urn:mth:problem:forbidden is translated  968ms
   ✓ G4 view (en) > the decision's 403 urn:mth:problem:forbidden is translated  827ms
   ✓ G4 view (en) > the decision's 409 urn:mth:problem:version-conflict is translated  637ms
   ✓ G4 view (ar) > a refused submission shows the 422 list with the initiative names, translated  597ms
   ✓ G4 view (ar) > the decision's 403 urn:mth:problem:forbidden is translated  945ms
   ✓ G4 view (ar) > the decision's 403 urn:mth:problem:forbidden is translated  687ms
   ✓ G4 view (ar) > the decision's 409 urn:mth:problem:version-conflict is translated  797ms
 ✓ |unit-web| src/app/app.test.tsx (17 tests) 4197ms
   ✓ bilingual shell > switches to English LTR and persists the preference with If-Match  443ms
   ✓ bilingual shell > shows all fourteen areas to an administrator  889ms
   ✓ bilingual shell > a partial area (Governance) leads into the Gates tab of each transformation; its portfolio view stays planned  562ms
   ✓ transformations > lists transformations with a sortable code column and removable filter chips  676ms
   ✓ transformations > detail shows the workspace header with Unknown for data from later stages  422ms
 ✓ |unit-web| src/pages/capacity/fe-e.test.tsx (13 tests) 7265ms
   ✓ capacity editing (en) > creates a role; a taken code (409) is the form's translated alert; then the role is created  1092ms
   ✓ capacity editing (en) > edits a role's labels and archives it, each with If-Match  646ms
   ✓ capacity editing (en) > creates a capacity row with a decimal FTE string; a duplicate (409) is translated  573ms
   ✓ capacity editing (en) > creates a demand; after the save the plan is re-read and the conflict with its shortfall appears; Unknown stays Unknown  894ms
   ✓ capacity editing (en) > edits a planned demand with If-Match; 422 resource_demand.not_planned is translated  537ms
   ✓ capacity editing (en) > the read-only auditor sees roles and capacity rows with no editing control  428ms
   ✓ capacity editing (ar) > edits a role's labels and archives it, each with If-Match  422ms
   ✓ capacity editing (ar) > creates a capacity row with a decimal FTE string; a duplicate (409) is translated  721ms
   ✓ capacity editing (ar) > creates a demand; after the save the plan is re-read and the conflict with its shortfall appears; Unknown stays Unknown  736ms
   ✓ capacity editing (ar) > edits a planned demand with If-Match; 422 resource_demand.not_planned is translated  553ms
   ✓ capacity editing (ar) > the read-only auditor sees roles and capacity rows with no editing control  382ms
 ✓ |unit-web| src/auth/session-end.test.tsx (12 tests) 10522ms
   ✓ session end while the app is open (en) > a 401 on navigation lands once on sign-in with the message; signing in again returns to the page  1555ms
   ✓ session end while the app is open (en) > a 401 on a dialog mutation (the commit-time upload refusal) closes the dialog and lands once on sign-in  1216ms
   ✓ session end while the app is open (en) > a sign-out elsewhere noticed by the next /me probe lands once on sign-in, never on the stale shell  714ms
   ✓ session end while the app is open (en) > a 403 (forbidden) is never treated as a session end  885ms
   ✓ session end while the app is open (ar) > a 401 on navigation lands once on sign-in with the message; signing in again returns to the page  1055ms
   ✓ session end while the app is open (ar) > a 401 on a dialog mutation (the commit-time upload refusal) closes the dialog and lands once on sign-in  1424ms
   ✓ session end while the app is open (ar) > a sign-out elsewhere noticed by the next /me probe lands once on sign-in, never on the stale shell  558ms
   ✓ session end while the app is open (ar) > a 403 (forbidden) is never treated as a session end  958ms
   ✓ session end under <StrictMode> (as in production) > still lands exactly once on sign-in  892ms
   ✓ sign-in page and the cached identity > decides 'already signed in' only from a fresh /me, never from a stale cache  724ms
   ✓ sign-in page and the cached identity > signing out here shows 'signed out', not 'session ended', and no /me loop  386ms
 ✓ |unit-web| src/pages/approvals/approvals.test.tsx (16 tests) 4956ms
   ✓ Approvals (en) > lists my approvals; an Unknown due date shows Unknown with its reason, never a date  379ms
   ✓ Approvals (en) > offers exactly four outcomes; defer needs a date; the decision sends subjectVersion with If-Match  759ms
   ✓ Approvals (en) > a blank rationale is refused before sending  628ms
   ✓ Approvals (en) > a stale 409 says the record changed, records nothing and links to the history  417ms
   ✓ Approvals (ar) > a stale 409 says the record changed, records nothing and links to the history  314ms
   ✓ Delegations (en) > revokes with a reason and If-Match; a read-only user sees no action  542ms
   ✓ Delegations (ar) > records a delegation with Asia/Riyadh wall-clock times sent as UTC; a loop 422 is translated  370ms
   ✓ Delegations (ar) > revokes with a reason and If-Match; a read-only user sees no action  349ms
 ✓ |unit-web| src/pages/dispensations/dispensations.test.tsx (12 tests) 8426ms
   ✓ Dispensations (en) > lists waivers and inherited approvals; unverified evidence is shown as unverified; recorder cannot decide  1200ms
   ✓ Dispensations (en) > a waiver needs a reason and an expiry: refused inline, nothing sent; then sent with its scope  612ms
   ✓ Dispensations (en) > an inherited approval (Modular) needs the approving body, the date and evidence; 422s are translated  581ms
   ✓ Dispensations (en) > deciding is a labelled business approval; the delegated-decision 422 and the recorder 403 are translated  896ms
   ✓ Dispensations (en) > the read-only auditor sees the register with no enabled write control  600ms
   ✓ Dispensations (ar) > lists waivers and inherited approvals; unverified evidence is shown as unverified; recorder cannot decide  632ms
   ✓ Dispensations (ar) > a waiver needs a reason and an expiry: refused inline, nothing sent; then sent with its scope  407ms
   ✓ Dispensations (ar) > an inherited approval (Modular) needs the approving body, the date and evidence; 422s are translated  832ms
   ✓ Dispensations (ar) > deciding is a labelled business approval; the delegated-decision 422 and the recorder 403 are translated  1410ms
   ✓ Dispensations (ar) > revoking an accepted dispensation needs a reason and is a business approval  348ms
   ✓ Dispensations (ar) > the read-only auditor sees the register with no enabled write control  627ms
 ✓ |unit-web| src/pages/raci/governance.test.tsx (15 tests) 6680ms
   ✓ Governance (en) > RACI: edits a row with the cell selects and saves it as one PATCH with If-Match  1723ms
   ✓ Governance (en) > RACI: an auditor sees the matrix read-only (no cell editor, no save)  372ms
   ✓ Governance (en) > decision rights: seeded rows; the due-date preview shows Unknown with its reason  533ms
   ✓ Governance (en) > decision rights: submits the matrix for business approval with If-Match  492ms
   ✓ Governance (en) > decision rights: a field with an unknown party code is refused before sending  314ms
   ✓ Governance (ar) > RACI: edits a row with the cell selects and saves it as one PATCH with If-Match  314ms
   ✓ Governance (ar) > RACI: an auditor sees the matrix read-only (no cell editor, no save)  489ms
   ✓ Governance (ar) > role mapping: an unmapped governance role shows the visible routing error  576ms
   ✓ Governance (ar) > decision rights: seeded rows; the due-date preview shows Unknown with its reason  369ms
   ✓ Governance (ar) > decision rights: submits the matrix for business approval with If-Match  505ms
   ✓ Governance (ar) > decision rights: a field with an unknown party code is refused before sending  315ms
 ✓ |unit-web| src/pages/gates/g1-agreements.test.tsx (10 tests) 9108ms
   ✓ G1 agreements step (en) > approving G1 needs the three labelled confirmations; then sends agreements with all three true  1087ms
   ✓ G1 agreements step (en) > a non-approve outcome on G1 sends no agreements (even after ticking them)  887ms
   ✓ G1 agreements step (en) > approving another gate (G2) shows no confirmations and sends no agreements  988ms
   ✓ G1 agreements step (en) > the server's 422 gate.g1_agreements_required is the one form-level alert, with the missing confirmations  1917ms
   ✓ G1 agreements step (en) > the server's 422 gate.agreements_not_applicable is translated as the one form-level alert  1040ms
   ✓ G1 agreements step (ar) > approving G1 needs the three labelled confirmations; then sends agreements with all three true  579ms
   ✓ G1 agreements step (ar) > a non-approve outcome on G1 sends no agreements (even after ticking them)  803ms
   ✓ G1 agreements step (ar) > approving another gate (G2) shows no confirmations and sends no agreements  532ms
   ✓ G1 agreements step (ar) > the server's 422 gate.g1_agreements_required is the one form-level alert, with the missing confirmations  826ms
   ✓ G1 agreements step (ar) > the server's 422 gate.agreements_not_applicable is translated as the one form-level alert  444ms
 ✓ |unit-web| src/lib/lib.test.ts (24 tests) 132ms
 ✓ |unit-web| src/app/p3-seams.test.tsx (10 tests) 4136ms
   ✓ P3 routes > workspace tabs (en) > the workspace tabs include the P3 tabs, labelled from their own namespaces  699ms
   ✓ P3 routes > workspace tabs (ar) > the workspace tabs include the P3 tabs, labelled from their own namespaces  475ms
   ✓ P3 navigation areas > en /initiatives-roadmaps leads into the Initiatives and Roadmaps tab of each transformation  319ms
   ✓ P3 navigation areas > ar /initiatives-roadmaps leads into the المبادرات وخرائط الطريق tab of each transformation  702ms
   ✓ P3 navigation areas > en /benefits-finance leads into the Benefits and Finance tab of each transformation  973ms
   ✓ P3 navigation areas > ar /benefits-finance leads into the المنافع والمالية tab of each transformation  953ms
 ✓ |unit-web| src/pages/roadmap/roadmap.test.tsx (14 tests) 9144ms
   ✓ roadmap (en) > shows the four source waves verbatim (English source also shown in Arabic) with overlapping horizons  580ms
   ✓ roadmap (en) > moving a milestone PATCHes the forecast with If-Match and the timeline, table and board all show the new date from one refetch  476ms
   ✓ roadmap (en) > a 409 on moving a milestone shows the conflict notice and reloads the roadmap  450ms
   ✓ roadmap (en) > re-approving a date requires a reason; then it is POSTed with If-Match  947ms
   ✓ roadmap (en) > deliverable acceptance sends the AcceptanceDecision with If-Match (no 'on behalf of' control)  688ms
   ✓ roadmap (en) > an Unknown schedule flag is shown as Unknown; missing dates are Unknown, never blank  572ms
   ✓ roadmap (en) > the read-only auditor sees no write control  925ms
   ✓ roadmap (ar) > shows the four source waves verbatim (English source also shown in Arabic) with overlapping horizons  472ms
   ✓ roadmap (ar) > moving a milestone PATCHes the forecast with If-Match and the timeline, table and board all show the new date from one refetch  620ms
   ✓ roadmap (ar) > a 409 on moving a milestone shows the conflict notice and reloads the roadmap  719ms
   ✓ roadmap (ar) > re-approving a date requires a reason; then it is POSTed with If-Match  1071ms
   ✓ roadmap (ar) > deliverable acceptance sends the AcceptanceDecision with If-Match (no 'on behalf of' control)  786ms
   ✓ roadmap (ar) > the read-only auditor sees no write control  580ms
 ✓ |unit-web| src/pages/dependencies/dependencies.test.tsx (12 tests) 5885ms
   ✓ dependencies (en) > shows the seven T08 columns, an External source, the type label and the needed-by conflict flag  777ms
   ✓ dependencies (en) > a cycle is refused and shown as the translated message with the path INI-01 → INI-02 → INI-03 → INI-01  471ms
   ✓ dependencies (en) > an External source is sent as {kind: external, label}  674ms
   ✓ dependencies (en) > dependency types: system types are undeletable; an administrator may retire a custom type  443ms
   ✓ dependencies (en) > a system type's 422 dependency_type.system_undeletable is translated  311ms
   ✓ dependencies (en) > the read-only auditor sees the map and no write control  385ms
   ✓ dependencies (ar) > a cycle is refused and shown as the translated message with the path INI-01 → INI-02 → INI-03 → INI-01  440ms
   ✓ dependencies (ar) > an External source is sent as {kind: external, label}  807ms
   ✓ dependencies (ar) > dependency types: system types are undeletable; an administrator may retire a custom type  647ms
   ✓ dependencies (ar) > a system type's 422 dependency_type.system_undeletable is translated  536ms
 ✓ |unit-web| src/components/LanguageSwitch.test.tsx (10 tests) 4134ms
   ✓ a refused language save, 'en' → other ('403 csrf') > keeps ar on screen and says, in ar, that it was not saved  1181ms
   ✓ a refused language save, 'ar' → other ('403 csrf') > keeps en on screen and says, in en, that it was not saved  687ms
   ✓ a refused language save, 'en' → other ('403 forbidden') > keeps ar on screen and says, in ar, that it was not saved  677ms
   ✓ a refused language save, 'ar' → other ('503') > keeps en on screen and says, in en, that it was not saved  480ms
 ✓ |unit-web| src/pages/transformations/modeGuidance.test.tsx (5 tests) 2689ms
   ✓ New transformation: mode guidance (English LTR) > shows When to use and How for the selected mode and switches with the mode  1452ms
   ✓ New transformation: mode guidance (English LTR) > Modular requires an entry phase before anything is sent  506ms
   ✓ New transformation: mode guidance (English LTR) > a server validation error on the entry phase is shown on that field  331ms
   ✓ New transformation: mode guidance (Arabic RTL) > shows the Arabic rendering, marked provisional, with the English source text alongside  379ms
 ✓ |unit-web| src/i18n/glossary.test.ts (8 tests) 82ms
 ✓ |unit-web| src/pages/gates/inherited-approval.test.tsx (16 tests) 3865ms
   ✓ inherited-approval annotation (en) > Gates list: G1 pending_verification (counts false) is a badge next to 'Not submitted'  591ms
   ✓ inherited-approval annotation (en) > Gates list: G1 accepted (counts false) is a badge next to 'Not submitted'  318ms
   ✓ inherited-approval annotation (ar) > Gates list: G1 accepted (counts true) is a badge next to 'Not submitted'  438ms
   ✓ inherited-approval annotation (ar) > Gates list: no inherited approval, no badge  469ms
   ✓ inherited-approval annotation (ar) > gate view: without an inherited approval there is no row  381ms
 ✓ |unit-web| src/i18n/i18n.test.ts (11 tests) 115ms
 ✓ |unit-web| src/pages/readiness/readiness.test.tsx (4 tests) 1918ms
   ✓ Readiness (en) > lists the missing diagnostic areas by name, the gates and the translated sequencing blockers  936ms
   ✓ Readiness (en) > an accepted, verified inherited approval counts, and the gate itself still is not approved  346ms
   ✓ Readiness (ar) > lists the missing diagnostic areas by name, the gates and the translated sequencing blockers  366ms
 ✓ |unit-web| src/components/RecordForm.alerts.test.tsx (16 tests) 3524ms
   ✓ record form: one alert per distinct form error (en) > dialog > a 400 whose only field error has pointer "" says its message once, in one live region  693ms
   ✓ record form: one alert per distinct form error (en) > dialog > two distinct form-level messages: each is said exactly once, one live region each  410ms
   ✓ record form: one alert per distinct form error (en) > inline-sections > a 400 whose only field error has pointer "" says its message once, in one live region  323ms
 ✓ |unit-web| src/components/States.test.tsx (15 tests) 1264ms
   ✓ explicit states in en > loading is a polite live region with a text label  323ms
 ✓ |unit-web| src/pages/roadmap/fe-e.test.tsx (8 tests) 8039ms
   ✓ wave editing (en) > edits planned dates (overlap accepted) with If-Match; the source text is read-only and never sent  1860ms
   ✓ wave editing (en) > 422 roadmap_wave.planned_range is inline at the planned end and translated  620ms
   ✓ wave editing (en) > adds a non-source wave with its bilingual texts (POST, Idempotency-Key)  1995ms
   ✓ wave editing (en) > the read-only auditor gets no wave control  316ms
   ✓ wave editing (ar) > edits planned dates (overlap accepted) with If-Match; the source text is read-only and never sent  451ms
   ✓ wave editing (ar) > 422 roadmap_wave.planned_range is inline at the planned end and translated  526ms
   ✓ wave editing (ar) > adds a non-source wave with its bilingual texts (POST, Idempotency-Key)  1828ms
   ✓ wave editing (ar) > the read-only auditor gets no wave control  441ms
 ✓ |unit-web| src/test/react-warning-guard.test.tsx (4 tests) 59ms
 ✓ |unit-web| src/styles/styles.test.ts (6 tests) 9ms
 ✓ |unit-web| src/test/harness-config.test.ts (2 tests) 9ms
 ✓ |unit-web| src/pages/capacity/capacity.test.tsx (6 tests) 2212ms
   ✓ capacity (en) > the role × month grid shows decimal FTE, the conflict with its shortfall, and Unknown capacity as Unknown (never 0)  560ms
   ✓ capacity (en) > committing a demand POSTs with If-Match; a 409 shows the conflict notice and reloads  608ms
   ✓ capacity (ar) > committing a demand POSTs with If-Match; a 409 shows the conflict notice and reloads  430ms
 ✓ |unit-web| src/pages/business-cases/problem-codes.test.ts (4 tests) 10ms
 ✓ |unit-node| packages/shared/src/formula/formula.test.ts (140 tests) 264ms
 ✓ |unit-node| packages/db/src/seed.test.ts (34 tests) 97ms
 ✓ |unit-node| packages/shared/src/schemas/schemas.test.ts (69 tests) 214ms
 ✓ |unit-node| apps/api/src/modules/workflows/workflows.test.ts (14 tests) 1983ms
   ✓ workflows module (P2) > its declared boundary holds, and an undeclared dependency would be caught  1920ms
 ✓ |unit-node| packages/shared/src/formula/fuzz.test.ts (111 tests) 13664ms
   ✓ fuzz: no uncaught exception, no code execution > 10 000 random byte strings (0–255, up to 80 bytes)  3611ms
   ✓ fuzz: no uncaught exception, no code execution > 10 000 random UTF-16 strings including astral code points and lone surrogates  2253ms
   ✓ fuzz: no uncaught exception, no code execution > 20 000 random strings over the grammar alphabet reach parser, type checker and evaluator  5156ms
   ✓ source scan: no dynamic code in packages/shared/src/formula (ADR-0024 §6) > every file of the engine's import closure gets the engine-source lint rules (eslint.config.js)  1545ms
   ✓ source scan: no dynamic code in packages/shared/src/formula (ADR-0024 §6) > ESLint refuses the round-5 handler forms (G1, G2, A1, A2), F1 and every lintable probe-table row in an engine source  981ms
 ✓ |unit-node| packages/shared/src/value.test.ts (29 tests) 228ms
 ✓ |unit-node| packages/shared/src/scoring.test.ts (36 tests) 499ms
   ✓ property: all 5^5 integer score combinations under v1 equal an independent BigInt rational computation > stored value, 2-digit display and 0–100 view all match for 3125 combinations  395ms
 ✓ |unit-node| packages/shared/src/kpi/rag.test.ts (38 tests) 18ms
 ✓ |unit-node| packages/shared/src/kpi/a05.test.ts (17 tests) 70ms
 ✓ |unit-node| apps/api/src/architecture.test.ts (137 tests) 17426ms
   ✓ API module boundaries (ADR-0002) > every import respects dependsOn, public surfaces and allowed packages  11554ms
   ✓ package dependency direction (ADR-0002 rule 5) > packages/db imports only @mth/config and @mth/shared  366ms
   ✓ package dependency direction (ADR-0002 rule 5) > packages/shared imports no workspace package  1040ms
   ✓ package dependency direction (ADR-0002 rule 5) > apps/web never imports @mth/db or @mth/config (browser bundle, no secrets)  3375ms
   ✓ package dependency direction (ADR-0002 rule 5) > apps/worker imports no API code  315ms
 ✓ |unit-node| packages/shared/src/adoption/measures.test.ts (24 tests) 451ms
 ✓ |unit-node| packages/shared/src/kpi/periods.test.ts (26 tests) 19ms
 ✓ |unit-node| packages/shared/src/kpi/formula-binding.test.ts (26 tests) 32ms
 ✓ |unit-node| packages/shared/src/adoption/form-schema.test.ts (8 tests) 33ms
 ✓ |unit-node| packages/shared/src/governance/recurrence.test.ts (19 tests) 11ms
 ✓ |unit-node| packages/shared/src/kpi/aggregate.test.ts (20 tests) 20ms
 ✓ |unit-node| apps/api/src/request-encoding.test.ts (11 tests) 155ms
 ✓ |unit-node| packages/config/src/load.test.ts (17 tests) 78ms
 ✓ |unit-node| packages/shared/src/kpi/change.test.ts (22 tests) 48ms
 ✓ |unit-node| packages/design-tokens/src/tokens.test.ts (15 tests) 80ms
 ✓ |unit-node| packages/shared/src/kpi/measures.test.ts (30 tests) 14ms
 ✓ |unit-node| apps/api/src/modules/kpi/kpi.test.ts (39 tests) 3056ms
   ✓ kpi module (P2) > its declared boundary holds, and a planted bypass or undeclared dependency would be caught  2781ms
 ✓ |unit-node| apps/api/src/modules/evidence/evidence.test.ts (13 tests) 1064ms
   ✓ evidence module (P2) > its declared boundary holds  804ms
 ✓ |unit-node| apps/api/src/server.test.ts (6 tests) 2844ms
   ✓ route registration > declares access on every /api route and on the health endpoints  1637ms
   ✓ route registration > registers dev login only in AUTH_MODE=dev; production configuration refuses dev mode entirely  594ms
   ✓ session cookie security in production (F-DG1-112) > an https production origin starts  303ms
 ✓ |unit-node| apps/api/src/modules/reporting/reporting.test.ts (4 tests) 3500ms
   ✓ reporting module (P1 scaffold, D-048) > its declared boundary holds, and a planted bypass or undeclared dependency would be caught  3179ms
 ✓ |unit-node| apps/api/src/modules/platform/platform.test.ts (19 tests) 722ms
   ✓ invalid characters (U+0000): SQLSTATE mapping and the central request check (F-DG2-231) > a deeply nested body is scanned without recursion (no stack overflow)  578ms
 ✓ |unit-node| apps/api/src/modules/reporting/dashboards/areas.test.ts (19 tests) 374ms
   ✓ combine (ADR-0037 §3 precedence) > property: Unknown or Stale inputs never combine to green, and the result is one of the inputs' ranks (2000 seeded sets)  317ms
 ✓ |unit-node| apps/api/src/modules/platform/in-flight.test.ts (4 tests) 305ms
 ✓ |unit-node| apps/api/src/modules/platform/media-types.test.ts (57 tests) 169ms
 ✓ |unit-node| apps/api/src/modules/benefits/register-rules.test.ts (45 tests) 186ms
 ✓ |unit-node| apps/api/src/modules/benefits/totals.test.ts (14 tests) 131ms
 ✓ |unit-node| packages/shared/src/kpi/property.test.ts (11 tests) 3937ms
   ✓ measures > higher- and lower-is-better shortfalls are exact negatives; deviation follows the sign  390ms
   ✓ measures > band: within ⇔ L ≤ a ≤ U, the shortfall is never negative, and equals the distance to the band  398ms
   ✓ RAG > higher-is-better: a lower actual never gives a better RAG (monotonic), relative and absolute  467ms
   ✓ RAG > relative mode is scale-invariant: scaling actual and expected by k > 0 keeps the RAG  620ms
   ✓ changes > pp = (x₁ − x₀) × 100 exactly, and relative × |x₀| = x₁ − x₀ (to precision 80)  369ms
   ✓ trajectory > linear expected values lie between the neighbouring points; step values are point values  737ms
   ✓ storage rounding > rounds once half-up: |stored − exact| ≤ 0.0000005 and the record is honest  721ms
 ✓ |unit-node| apps/api/src/modules/platform/incomplete-body.test.ts (10 tests) 75ms
 ✓ |unit-node| apps/api/src/modules/kpi/kbe-c.test.ts (9 tests) 18ms
 ✓ |unit-node| apps/api/src/modules/tasks/tasks.test.ts (5 tests) 34ms
(node:1632) [FSTDEP022] FastifyWarning: The router options for constraints property access is deprecated. Please use "options.routerOptions" instead for accessing router options. The router options will be removed in `fastify@6`.
(Use `node --trace-warnings ...` to show where the warning was created)
 ✓ |unit-node| apps/api/src/modules/platform/framework-errors.test.ts (6 tests) 160ms
 ✓ |unit-node| apps/api/src/modules/kpi/totals.test.ts (20 tests) 52ms
 ✓ |unit-node| apps/api/src/modules/benefits/d2-rules.test.ts (15 tests) 75ms
 ✓ |unit-node| packages/shared/src/kpi/status.test.ts (25 tests) 18ms
 ✓ |unit-node| apps/api/src/modules/kpi/p3-gate-facts.test.ts (9 tests) 33ms
 ✓ |unit-node| apps/api/src/modules/sustainment/sustainment.test.ts (2 tests) 87ms
 ✓ |unit-node| apps/api/src/modules/kpi/formulas.test.ts (10 tests) 50ms
 ✓ |unit-node| packages/shared/src/schemas/missing-links.test.ts (10 tests) 18ms
 ✓ |unit-node| packages/shared/src/time/working-days.test.ts (19 tests) 85ms
 ✓ |unit-node| apps/api/src/modules/kpi/rules.test.ts (30 tests) 133ms
 ✓ |unit-node| apps/api/src/modules/raid/raid.test.ts (7 tests) 47ms
 ✓ |unit-node| apps/api/src/modules/platform/connection-hygiene.test.ts (6 tests) 116ms
 ✓ |unit-node| apps/api/src/modules/methodology/methodology.test.ts (4 tests) 326ms
 ✓ |unit-node| apps/api/src/modules/governance/governance.test.ts (2 tests) 185ms
 ✓ |unit-node| apps/api/src/modules/raid/corrective.test.ts (4 tests) 13ms
 ✓ |unit-node| apps/api/src/modules/workflows/g4.test.ts (5 tests) 13ms
 ✓ |unit-node| apps/api/src/modules/identity/oidc-claims.test.ts (5 tests) 5ms
 ✓ |unit-node| apps/api/src/modules/access/rules.test.ts (12 tests) 17ms
 ✓ |unit-node| packages/shared/src/schedule/critical-path.test.ts (13 tests) 12ms
 ✓ |unit-node| packages/shared/src/kpi/types.test.ts (40 tests) 30ms
 ✓ |unit-node| apps/api/src/modules/governance/raci.test.ts (2 tests) 11ms
 ✓ |unit-node| apps/api/src/modules/platform/db-errors-p4.test.ts (5 tests) 29ms
 ✓ |unit-node| packages/shared/src/kpi/trajectory.test.ts (14 tests) 11ms
 ✓ |unit-node| apps/api/src/modules/portfolio/budget.test.ts (13 tests) 61ms
 ✓ |unit-node| packages/shared/src/schemas/corrective.test.ts (10 tests) 11ms
 ✓ |unit-node| packages/shared/src/schedule/working-day-slip.test.ts (11 tests) 15ms
 ✓ |unit-node| apps/api/src/modules/reporting/dashboards/finance.test.ts (12 tests) 26ms
 ✓ |unit-node| apps/api/src/modules/admin/branding.test.ts (4 tests) 35ms
 ✓ |unit-node| apps/api/src/modules/platform/advisory-locks.test.ts (3 tests) 68ms
 ✓ |unit-node| apps/api/src/modules/platform/db-errors.test.ts (7 tests) 23ms
 ✓ |unit-node| apps/api/src/modules/platform/request-encoding.test.ts (7 tests) 13ms
 ✓ |unit-node| packages/shared/src/kpi/purity.test.ts (14 tests) 44ms
 ✓ |unit-node| packages/shared/src/schemas/roadmap.test.ts (6 tests) 34ms
 ✓ |unit-node| apps/api/src/modules/platform/health.test.ts (2 tests) 223ms
 ✓ |unit-node| apps/api/src/modules/transformations/exclusions.test.ts (19 tests) 7ms
 ✓ |unit-node| apps/api/src/modules/portfolio/schedule.test.ts (14 tests) 20ms
 ✓ |unit-node| apps/api/src/modules/adoption/adoption.test.ts (2 tests) 103ms
 ✓ |unit-node| apps/api/src/modules/portfolio/sequencing.test.ts (9 tests) 38ms
 ✓ |unit-node| apps/api/src/modules/benefits/benefits.test.ts (2 tests) 144ms
 ✓ |unit-node| apps/api/src/modules/transformations/thesis.test.ts (4 tests) 11ms
 ✓ |unit-node| apps/api/src/modules/platform/db-errors-p4-meetings.test.ts (4 tests) 15ms
 ✓ |unit-node| apps/api/src/modules/portfolio/readiness-transform.test.ts (4 tests) 6ms
 ✓ |unit-node| apps/api/src/modules/portfolio/capacity.test.ts (4 tests) 11ms
 ✓ |unit-node| apps/api/src/modules/transformations/good-outcome.test.ts (7 tests) 23ms
 ✓ |unit-node| apps/api/src/modules/transformations/transitions.test.ts (2 tests) 6ms
 ✓ |unit-node| apps/api/src/modules/workflows/t08-cycle-problem.test.ts (2 tests) 3ms

 Test Files  124 passed (124)
      Tests  2364 passed (2364)
   Start at  02:04:23
   Duration  244.90s (transform 15.28s, setup 11.27s, collect 229.80s, tests 371.44s, environment 40.19s, prepare 17.86s)


 RUN  v3.2.4 /home/user/wt/dg4-kbe-g2

 ✓ |unit-formula-nocodegen| packages/shared/src/formula/codegen.nocodegen.test.ts (10 tests) 28ms
 ✓ |unit-formula-nocodegen| packages/shared/src/formula/formula.test.ts (140 tests) 142ms
 ✓ |unit-formula-nocodegen| packages/shared/src/formula/fuzz.test.ts (111 tests | 2 skipped) 4990ms
   ✓ fuzz: no uncaught exception, no code execution > 10 000 random byte strings (0–255, up to 80 bytes)  1376ms
   ✓ fuzz: no uncaught exception, no code execution > 10 000 random UTF-16 strings including astral code points and lone surrogates  1128ms
   ✓ fuzz: no uncaught exception, no code execution > 20 000 random strings over the grammar alphabet reach parser, type checker and evaluator  2445ms

 Test Files  3 passed (3)
      Tests  259 passed | 2 skipped (261)
   Start at  02:08:29
   Duration  6.01s (transform 730ms, setup 0ms, collect 1.27s, tests 5.16s, environment 0ms, prepare 453ms)

EXIT=0
