
> mobily-transformation-hub@0.1.0 test /home/user/My-owns
> vitest run --project unit-node --project unit-web && vitest run --project unit-formula-nocodegen


 RUN  v3.2.4 /home/user/My-owns

 ✓ |unit-web| src/pages/render-time-language.test.tsx (28 tests) 37027ms
   ✓ sign-in (dev form), 'en' → 'ar' > an invalid user name: the inline message follows the switch  830ms
   ✓ sign-in (dev form), 'en' → 'ar' > a refused sign-in: the server's problem follows the switch  362ms
   ✓ journey step editor, 'en' → 'ar' > a field error on a step follows the switch  3042ms
   ✓ journey step editor, 'en' → 'ar' > the form-level "Step N:" error follows the switch (prefix and message)  1979ms
   ✓ journey step editor, 'ar' → 'en' > a field error on a step follows the switch  2672ms
   ✓ journey step editor, 'ar' → 'en' > the form-level "Step N:" error follows the switch (prefix and message)  2564ms
   ✓ row-action note and reason dialog, 'en' → 'ar' > the Finance validation note's 'required' follows the switch  2872ms
   ✓ row-action note and reason dialog, 'en' → 'ar' > the Finance validation choice's 'required' follows the switch  3496ms
   ✓ row-action note and reason dialog, 'en' → 'ar' > the archive reason's 'too short' follows the switch  2131ms
   ✓ row-action note and reason dialog, 'ar' → 'en' > the Finance validation note's 'required' follows the switch  2061ms
   ✓ row-action note and reason dialog, 'ar' → 'en' > the Finance validation choice's 'required' follows the switch  2696ms
   ✓ row-action note and reason dialog, 'ar' → 'en' > the archive reason's 'too short' follows the switch  2042ms
   ✓ record form, 'en' → 'ar' > a server field error and a form-level (unmapped) error both follow the switch  391ms
   ✓ gate dialogs, 'en' → 'ar' > the submission note's field error follows the switch  939ms
   ✓ gate dialogs, 'en' → 'ar' > the decision rationale's field error follows the switch  1286ms
   ✓ gate dialogs, 'ar' → 'en' > the submission note's field error follows the switch  982ms
   ✓ gate dialogs, 'ar' → 'en' > the decision rationale's field error follows the switch  761ms
   ✓ North Star statement, 'en' → 'ar' > the statement's field error follows the switch  861ms
   ✓ North Star statement, 'ar' → 'en' > the statement's field error follows the switch  759ms
   ✓ evidence dialogs, 'en' → 'ar' > upload without a file: 'required' follows the switch  1535ms
   ✓ evidence dialogs, 'en' → 'ar' > a link without a record type or record: both 'required' messages follow the switch  638ms
   ✓ evidence dialogs, 'ar' → 'en' > upload without a file: 'required' follows the switch  1037ms
   ✓ evidence dialogs, 'ar' → 'en' > a link without a record type or record: both 'required' messages follow the switch  412ms
 ✓ |unit-web| src/pages/p2.test.tsx (56 tests) 58596ms
   ✓ Diagnose > shows the six T01 dimensions with Unknown for missing values, and value pools that are never 0  3778ms
   ✓ Diagnose > shows the totals as Unknown when no pool is quantified  864ms
   ✓ Diagnose > renders the six workstreams with their key questions  2367ms
   ✓ Diagnose > edits a T01 row with only the changed fields and If-Match  1466ms
   ✓ Diagnose > a 409 on save writes nothing, compares, and re-applies on the current version  2612ms
   ✓ Diagnose > a 400 validation.blank shows a localized message on its field ('en')  4644ms
   ✓ Diagnose > a 400 validation.blank shows a localized message on its field ('ar')  2577ms
   ✓ Diagnose > an invisible-only value is blocked client-side with validation.blank ('en')  2369ms
   ✓ Diagnose > an invisible-only value is blocked client-side with validation.blank ('ar')  4012ms
   ✓ Diagnose > a whitespace-only T01 value is an inline blank error and sends nothing ('en')  2632ms
   ✓ Diagnose > a whitespace-only T01 value is an inline blank error and sends nothing ('ar')  2535ms
   ✓ Diagnose > T01: an emptied field is sent as an explicit null; visible text is sent verbatim  1893ms
   ✓ Diagnose > Arabic: RTL with Arabic labels and the unquantified label  596ms
   ✓ Define > shows the good outcome test per outcome with pass / fail / unknown and localized reasons  490ms
   ✓ Define > requires a target date on a T02 row before sending anything  1248ms
   ✓ Define > sets the North Star with one sentence and no If-Match the first time  778ms
   ✓ Define: KPI activation (F-DG2-201) > offers Activate on a draft KPI, states the unmet precondition on 422, then activates with If-Match  952ms
   ✓ Define: KPI activation (F-DG2-201) > Arabic: the Activate action and the 422 reason are in Arabic  1237ms
   ✓ Define: KPI activation (F-DG2-201) > an active KPI shows Active and offers no Activate  459ms
   ✓ Charter > shows the 14 fields, the thesis, the five scope checks with pre-checks and the top-outcomes warning  696ms
   ✓ Charter > scope pre-check: an empty Out of scope reads as failing (EN and AR)  1539ms
   ✓ Charter > thesis: a part the API flags incomplete is never shown as answered  307ms
   ✓ Charter > thesis: the four parts compose the B0037 sentence (EN and AR)  643ms
   ✓ Charter > North Star (field 5): the current statement; a superseded link is flagged Stale (F-DG2-204)  324ms
   ✓ Charter > North Star (field 5): a superseded statement is never shown as the current one  392ms
   ✓ Charter > compares a version with the previous one  468ms
   ✓ Charter > create: a whitespace Case for change is an inline blank error and creates nothing ('en')  768ms
   ✓ Charter > create: a whitespace Case for change is an inline blank error and creates nothing ('ar')  1043ms
   ✓ Charter > edit: a whitespace Out of scope is an inline blank error, sends nothing and keeps the value (en)  825ms
   ✓ Charter > edit: a whitespace Out of scope is an inline blank error, sends nothing and keeps the value (ar)  551ms
   ✓ Charter > edit: emptying a filled field sends null; visible text is verbatim (en)  514ms
   ✓ Charter > edit: emptying a filled field sends null; visible text is verbatim (ar)  891ms
   ✓ Charter > edit: a change summary alone is not a change (never a content-free version)  1105ms
   ✓ Design > shows the ten canvas boxes and the per-dimension view  1054ms
   ✓ Design > converts an unresolved workshop item into a design decision with If-Match  1573ms
   ✓ Decisions (T04) > creates a design decision with inline options and an idempotency key  342ms
   ✓ Gates (business approval) > lists G1-G6 as business approvals with live readiness, and never mentions the engineering gates  346ms
   ✓ Gates (business approval) > shows unverified evidence as unverified, the failing outcome at G2, and submits with If-Match  625ms
   ✓ Gates (business approval) > the approver's decision: rationale required; 403 and 409 problems in words  1036ms
   ✓ Gates (business approval) > gate detail heading: the verbatim B0023 name once (EN and AR)  420ms
   ✓ Evidence > uploads a revision as octet-stream with a percent-encoded file name and If-Match  803ms
   ✓ Evidence > never offers review to the creator; a filename reference can only be rejected  872ms
   ✓ read-only auditor (AUD) > charter: no write control and a read-only note  637ms
   ✓ read-only auditor (AUD) > define: no write control and a read-only note  487ms
   ✓ read-only auditor (AUD) > design: no write control and a read-only note  472ms
 ✓ |unit-web| src/pages/p2-blank-forms.test.tsx (52 tests) 60888ms
   ✓ gate submission note (en) > a whitespace-only note is refused inline and nothing is sent  1328ms
   ✓ gate submission note (en) > a invisible-only note is refused inline and nothing is sent  476ms
   ✓ gate submission note (en) > visible text is sent verbatim; an empty note is omitted  1117ms
   ✓ gate submission note (ar) > a whitespace-only note is refused inline and nothing is sent  1357ms
   ✓ gate submission note (ar) > a invisible-only note is refused inline and nothing is sent  350ms
   ✓ gate submission note (ar) > visible text is sent verbatim; an empty note is omitted  1183ms
   ✓ gate decision rationale and comments (en) > a whitespace-only rationale is refused inline and nothing is sent  1788ms
   ✓ gate decision rationale and comments (en) > a invisible-only rationale is refused inline and nothing is sent  1485ms
   ✓ gate decision rationale and comments (en) > a invisible (long enough for min 3)-only rationale is refused inline and nothing is sent  2466ms
   ✓ gate decision rationale and comments (en) > a whitespace-only comment is refused inline (focus on it) and nothing is sent  1461ms
   ✓ gate decision rationale and comments (en) > a invisible-only comment is refused inline (focus on it) and nothing is sent  1563ms
   ✓ gate decision rationale and comments (en) > visible text is sent verbatim; empty comments are omitted; an empty rationale stays 'too short'  3117ms
   ✓ gate decision rationale and comments (en) > a server 400 validation.blank on /rationale lands on the field  1328ms
   ✓ gate decision rationale and comments (ar) > a whitespace-only rationale is refused inline and nothing is sent  1264ms
   ✓ gate decision rationale and comments (ar) > a invisible-only rationale is refused inline and nothing is sent  1622ms
   ✓ gate decision rationale and comments (ar) > a invisible (long enough for min 3)-only rationale is refused inline and nothing is sent  1142ms
   ✓ gate decision rationale and comments (ar) > a whitespace-only comment is refused inline (focus on it) and nothing is sent  1683ms
   ✓ gate decision rationale and comments (ar) > a invisible-only comment is refused inline (focus on it) and nothing is sent  1134ms
   ✓ gate decision rationale and comments (ar) > visible text is sent verbatim; empty comments are omitted; an empty rationale stays 'too short'  1407ms
   ✓ gate decision rationale and comments (ar) > a server 400 validation.blank on /rationale lands on the field  1000ms
   ✓ journey step editor (en) > a whitespace-only actor is refused inline (not turned into null) and nothing is sent  2983ms
   ✓ journey step editor (en) > a invisible-only actor is refused inline (not turned into null) and nothing is sent  1518ms
   ✓ journey step editor (en) > several blank fields: each gets the message and focus goes to the first (name)  2606ms
   ✓ journey step editor (en) > visible text is sent verbatim; emptied optional text is null; an empty name is required  1231ms
   ✓ journey step editor (ar) > a whitespace-only actor is refused inline (not turned into null) and nothing is sent  757ms
   ✓ journey step editor (ar) > a invisible-only actor is refused inline (not turned into null) and nothing is sent  1096ms
   ✓ journey step editor (ar) > several blank fields: each gets the message and focus goes to the first (name)  1229ms
   ✓ journey step editor (ar) > visible text is sent verbatim; emptied optional text is null; an empty name is required  1840ms
   ✓ Finance validation note and archive reason (en) > note: a whitespace-only note is refused inline and nothing is sent  1510ms
   ✓ Finance validation note and archive reason (en) > note: a invisible-only note is refused inline and nothing is sent  1122ms
   ✓ Finance validation note and archive reason (en) > note: empty is 'required'; visible text is sent verbatim  1265ms
   ✓ Finance validation note and archive reason (en) > reason: a whitespace-only reason is refused inline and nothing is archived  904ms
   ✓ Finance validation note and archive reason (en) > reason: a invisible-only reason is refused inline and nothing is archived  1219ms
   ✓ Finance validation note and archive reason (en) > reason: a server 400 validation.blank on /reason is the field message, not a generic error  698ms
   ✓ Finance validation note and archive reason (en) > reason: a reason with U+0000 is refused inline with the localized message and nothing is archived  698ms
   ✓ Finance validation note and archive reason (en) > reason: a server 400 validation.invalid_character on /reason is the localized field message  522ms
   ✓ Finance validation note and archive reason (en) > reason: empty keeps 'too short'; visible text is sent verbatim  660ms
   ✓ Finance validation note and archive reason (ar) > note: a whitespace-only note is refused inline and nothing is sent  445ms
   ✓ Finance validation note and archive reason (ar) > note: a invisible-only note is refused inline and nothing is sent  792ms
   ✓ Finance validation note and archive reason (ar) > note: empty is 'required'; visible text is sent verbatim  786ms
   ✓ Finance validation note and archive reason (ar) > reason: a whitespace-only reason is refused inline and nothing is archived  962ms
   ✓ Finance validation note and archive reason (ar) > reason: a invisible-only reason is refused inline and nothing is archived  723ms
   ✓ Finance validation note and archive reason (ar) > reason: a server 400 validation.blank on /reason is the field message, not a generic error  523ms
   ✓ Finance validation note and archive reason (ar) > reason: a reason with U+0000 is refused inline with the localized message and nothing is archived  686ms
   ✓ Finance validation note and archive reason (ar) > reason: a server 400 validation.invalid_character on /reason is the localized field message  582ms
   ✓ Finance validation note and archive reason (ar) > reason: empty keeps 'too short'; visible text is sent verbatim  896ms
   ✓ North Star statement (en) > a whitespace-only statement is refused inline and nothing is sent  826ms
   ✓ North Star statement (en) > a invisible-only statement is refused inline and nothing is sent  836ms
   ✓ North Star statement (ar) > a whitespace-only statement is refused inline and nothing is sent  855ms
   ✓ North Star statement (ar) > a invisible-only statement is refused inline and nothing is sent  782ms
   ✓ P1 transformation edit: server validation.blank on /name (ar) > is the localized field message, not only a generic failure  818ms
 ✓ |unit-web| src/auth/session-bound.test.tsx (34 tests) 20448ms
   ✓ F-DG2-530/580 no effect of A's action after a further await once the tab is B's (en) > Y1: a create whose post-create GET /me returns B: B is not navigated and never sees A's code or name  1623ms
   ✓ F-DG2-530/580 no effect of A's action after a further await once the tab is B's (en) > Y1c: the same create under one identity still lands on the created record  1061ms
   ✓ F-DG2-530/580 no effect of A's action after a further await once the tab is B's (en) > Y1c (not visible to the creator): the creator still gets 'created, but you cannot open it' with the 201's code  649ms
   ✓ F-DG2-530/580 no effect of A's action after a further await once the tab is B's (en) > an edit whose identity changes between its awaits: B is not navigated to A's record and keeps nothing of A's  686ms
   ✓ F-DG2-530/580 no effect of A's action after a further await once the tab is B's (en) > an organization create whose identity changes between its awaits: B is not navigated to A's new organization  718ms
   ✓ F-DG2-530/580 no effect of A's action after a further await once the tab is B's (en) > a user create whose identity changes between its awaits: B is not navigated to A's new user  1191ms
   ✓ F-DG2-530/580 no effect of A's action after a further await once the tab is B's (en) > sanity: the organization and user creates under one identity still navigate to the new record  851ms
   ✓ F-DG2-570 the header and the data of ONE identity on in-app navigation (en) > N1: B signed in elsewhere, no focus event: opening A's record asks GET /me first; B's header above B's answer  371ms
   ✓ F-DG2-570 the header and the data of ONE identity on in-app navigation (en) > N2: opening the list: B's header with B's list and B's permissions, never A's header or A's empty-state  339ms
   ✓ F-DG2-570 the header and the data of ONE identity on in-app navigation (en) > bounded: one GET /me per navigation, shared by the page's burst; other GETs only after the window; same identity kept  400ms
   ✓ F-DG2-530/580 no effect of A's action after a further await once the tab is B's (ar) > Y1: a create whose post-create GET /me returns B: B is not navigated and never sees A's code or name  962ms
   ✓ F-DG2-530/580 no effect of A's action after a further await once the tab is B's (ar) > Y1c: the same create under one identity still lands on the created record  506ms
   ✓ F-DG2-530/580 no effect of A's action after a further await once the tab is B's (ar) > Y1c (not visible to the creator): the creator still gets 'created, but you cannot open it' with the 201's code  335ms
   ✓ F-DG2-530/580 no effect of A's action after a further await once the tab is B's (ar) > an edit whose identity changes between its awaits: B is not navigated to A's record and keeps nothing of A's  692ms
   ✓ F-DG2-530/580 no effect of A's action after a further await once the tab is B's (ar) > an organization create whose identity changes between its awaits: B is not navigated to A's new organization  841ms
   ✓ F-DG2-530/580 no effect of A's action after a further await once the tab is B's (ar) > a user create whose identity changes between its awaits: B is not navigated to A's new user  1239ms
   ✓ F-DG2-530/580 no effect of A's action after a further await once the tab is B's (ar) > sanity: the organization and user creates under one identity still navigate to the new record  1108ms
   ✓ F-DG2-570 the header and the data of ONE identity on in-app navigation (ar) > N1: B signed in elsewhere, no focus event: opening A's record asks GET /me first; B's header above B's answer  529ms
   ✓ F-DG2-570 the header and the data of ONE identity on in-app navigation (ar) > N0 (the reviewer's Y5): B signed in a moment ago, no time passes, no focus event: the next page is B's under B's header  391ms
   ✓ F-DG2-570 the header and the data of ONE identity on in-app navigation (ar) > bounded: one GET /me per navigation, shared by the page's burst; other GETs only after the window; same identity kept  878ms
   ✓ the convention: no raw navigate or cache write in app code (T-DG2-FE15) > the ESLint rule refuses a raw navigate, a raw cache write and a useNavigate import in a page  3261ms
 ✓ |unit-web| src/pages/portfolio/portfolio.test.tsx (32 tests) 14163ms
   ✓ Portfolio (en) > lists code, name, wave, owners and three separate columns: proposed rank, selection and funding  1208ms
   ✓ Portfolio (en) > the proposed rank is Unknown (never 0) when the prioritization view is unavailable  620ms
   ✓ Portfolio (en) > filters by status and wave on the server  395ms
   ✓ Portfolio (en) > creates a draft at any time: POST /initiatives with the transformation and an Idempotency-Key  463ms
   ✓ Portfolio (en) > outcome hierarchy: five levels, an Unknown target is Unknown (never 0)  466ms
   ✓ Portfolio (ar) > filters by status and wave on the server  466ms
   ✓ Portfolio (ar) > creates a draft at any time: POST /initiatives with the transformation and an Idempotency-Key  350ms
   ✓ Portfolio (ar) > the read-only auditor sees the list with no enabled write control  547ms
   ✓ Initiative Card (en) > shows all 14 T05 fields in the source order and the 3-7 deliverables warning (a warning, not a block)  473ms
   ✓ Initiative Card (en) > submit refused: 'Case for change not yet approved (G1)…' is the dialog's one translated alert  615ms
   ✓ Initiative Card (en) > submit refused: 'Outcome before activity…' (validation at /outcomeContributions) is translated  424ms
   ✓ Initiative Card (en) > launch refused: 'North Star, outcomes and target state not yet approved', then 'Selected - unfunded…'  499ms
   ✓ Initiative Card (en) > select is a labelled business approval: rationale required, If-Match, no 'on behalf of' control  678ms
   ✓ Initiative Card (en) > a gap link to another TOM record shows 'A project portfolio is not a Target Operating Model…'  397ms
   ✓ Initiative Card (en) > an outcome contribution needs an outcome; the KPI is optional and labelled so  492ms
   ✓ Initiative Card (en) > the read-only auditor sees the card with no enabled write control  359ms
   ✓ Initiative Card (en) > a cancelled initiative is read-only even for the lead  380ms
   ✓ Initiative Card (ar) > shows all 14 T05 fields in the source order and the 3-7 deliverables warning (a warning, not a block)  397ms
   ✓ Initiative Card (ar) > submit refused: 'Case for change not yet approved (G1)…' is the dialog's one translated alert  522ms
   ✓ Initiative Card (ar) > submit refused: 'Outcome before activity…' (validation at /outcomeContributions) is translated  474ms
   ✓ Initiative Card (ar) > launch refused: 'North Star, outcomes and target state not yet approved', then 'Selected - unfunded…'  451ms
   ✓ Initiative Card (ar) > select is a labelled business approval: rationale required, If-Match, no 'on behalf of' control  312ms
   ✓ Initiative Card (ar) > a 409 shows the conflict banner and reloads  388ms
   ✓ Initiative Card (ar) > an outcome contribution needs an outcome; the KPI is optional and labelled so  737ms
   ✓ Initiative Card (ar) > the read-only auditor sees the card with no enabled write control  342ms
 ✓ |unit-web| src/auth/session-end.test.tsx (12 tests) 10661ms
   ✓ session end while the app is open (en) > a 401 on navigation lands once on sign-in with the message; signing in again returns to the page  1863ms
   ✓ session end while the app is open (en) > a 401 on a dialog mutation (the commit-time upload refusal) closes the dialog and lands once on sign-in  1514ms
   ✓ session end while the app is open (en) > a sign-out elsewhere noticed by the next /me probe lands once on sign-in, never on the stale shell  654ms
   ✓ session end while the app is open (en) > a 403 (forbidden) is never treated as a session end  929ms
   ✓ session end while the app is open (ar) > a 401 on navigation lands once on sign-in with the message; signing in again returns to the page  1008ms
   ✓ session end while the app is open (ar) > a 401 on a dialog mutation (the commit-time upload refusal) closes the dialog and lands once on sign-in  1282ms
   ✓ session end while the app is open (ar) > a sign-out elsewhere noticed by the next /me probe lands once on sign-in, never on the stale shell  588ms
   ✓ session end while the app is open (ar) > a 403 (forbidden) is never treated as a session end  597ms
   ✓ session end under <StrictMode> (as in production) > still lands exactly once on sign-in  768ms
   ✓ sign-in page and the cached identity > decides 'already signed in' only from a fresh /me, never from a stale cache  505ms
   ✓ sign-in page and the cached identity > signing out here shows 'signed out', not 'session ended', and no /me loop  880ms
 ✓ |unit-web| src/auth/session-generation.test.tsx (26 tests) 14375ms
   ✓ F-DG2-530 a write in flight across an identity change (en) > X3: A's PATCH answered after B's /me is not written into B's cache, not shown, and does not navigate B  1685ms
   ✓ F-DG2-530 a write in flight across an identity change (en) > X3b: the same after a session END here and B's sign-in: A's late answer never lands  708ms
   ✓ F-DG2-530 a write in flight across an identity change (en) > an archive in flight across an identity change: A's archived record never lands in B's cache  674ms
   ✓ F-DG2-530 a write in flight across an identity change (en) > an organization save in flight across an identity change: A's change is never stored under B  1033ms
   ✓ F-DG2-530 a write in flight across an identity change (en) > a user save in flight across an identity change: A's change is never stored under B  868ms
   ✓ F-DG2-530 a write in flight across an identity change (en) > a same-person new session: the in-flight save is dropped silently, the draft is kept and usable  893ms
   ✓ F-DG2-530 a write in flight across an identity change (en) > a language save retried after a 409 is never written for the identity that replaced A  464ms
   ✓ F-DG2-530 a write in flight across an identity change (en) > sanity: a write in flight that finishes under the SAME identity still updates the cache and navigates  447ms
   ✓ F-DG2-530 X6: refocus and reconnect revalidate GET /me first (en) > after B signs in elsewhere, a refocus within /me's staleTime shows B's header with B's data, never A's  350ms
   ✓ F-DG2-530 X6: refocus and reconnect revalidate GET /me first (en) > the same identity: a refocus refetches /me once, then the stale page queries; nothing when all is fresh  510ms
   ✓ F-DG2-530 a write in flight across an identity change (ar) > X3: A's PATCH answered after B's /me is not written into B's cache, not shown, and does not navigate B  770ms
   ✓ F-DG2-530 a write in flight across an identity change (ar) > X3b: the same after a session END here and B's sign-in: A's late answer never lands  749ms
   ✓ F-DG2-530 a write in flight across an identity change (ar) > an archive in flight across an identity change: A's archived record never lands in B's cache  1032ms
   ✓ F-DG2-530 a write in flight across an identity change (ar) > an organization save in flight across an identity change: A's change is never stored under B  649ms
   ✓ F-DG2-530 a write in flight across an identity change (ar) > a user save in flight across an identity change: A's change is never stored under B  838ms
   ✓ F-DG2-530 a write in flight across an identity change (ar) > a same-person new session: the in-flight save is dropped silently, the draft is kept and usable  479ms
   ✓ F-DG2-530 a write in flight across an identity change (ar) > a language save retried after a 409 is never written for the identity that replaced A  359ms
   ✓ F-DG2-530 a write in flight across an identity change (ar) > sanity: a write in flight that finishes under the SAME identity still updates the cache and navigates  321ms
   ✓ F-DG2-530 X6: refocus and reconnect revalidate GET /me first (ar) > after B signs in elsewhere, a refocus within /me's staleTime shows B's header with B's data, never A's  482ms
   ✓ F-DG2-530 X6: refocus and reconnect revalidate GET /me first (ar) > the same identity: a refocus refetches /me once, then the stale page queries; nothing when all is fresh  661ms
 ✓ |unit-web| src/pages/approvals/approvals.test.tsx (16 tests) 9622ms
   ✓ Approvals (en) > lists my approvals; an Unknown due date shows Unknown with its reason, never a date  355ms
   ✓ Approvals (en) > offers exactly four outcomes; defer needs a date; the decision sends subjectVersion with If-Match  988ms
   ✓ Approvals (en) > a blank rationale is refused before sending  511ms
   ✓ Approvals (en) > a stale 409 says the record changed, records nothing and links to the history  540ms
   ✓ Approvals (en) > the requester is not offered the decision; the history shows 'B on behalf of A'  523ms
   ✓ Approvals (en) > offers 'on behalf of' only for an active delegation to me  338ms
   ✓ Approvals (ar) > offers exactly four outcomes; defer needs a date; the decision sends subjectVersion with If-Match  746ms
   ✓ Approvals (ar) > a stale 409 says the record changed, records nothing and links to the history  1418ms
   ✓ Approvals (ar) > the requester is not offered the decision; the history shows 'B on behalf of A'  699ms
   ✓ Approvals (ar) > offers 'on behalf of' only for an active delegation to me  936ms
   ✓ Delegations (en) > records a delegation with Asia/Riyadh wall-clock times sent as UTC; a loop 422 is translated  615ms
   ✓ Delegations (en) > revokes with a reason and If-Match; a read-only user sees no action  504ms
   ✓ Delegations (ar) > records a delegation with Asia/Riyadh wall-clock times sent as UTC; a loop 422 is translated  444ms
   ✓ Delegations (ar) > revokes with a reason and If-Match; a read-only user sees no action  662ms
 ✓ |unit-web| src/pages/business-cases/business-cases.test.tsx (18 tests) 19164ms
   ✓ business cases (en) > register: levels, Finance baseline states with text (Stale is never green) and drafts  2882ms
   ✓ business cases (en) > detail: all ten sections, totals with gross / cost / net apart, net Unknown (never 0), roll-up by reference  1803ms
   ✓ business cases (en) > totals: a partial total says how many Unknown lines it leaves out  727ms
   ✓ business cases (en) > sections: saves only the changed section with If-Match; blank text is refused inline and nothing is sent  1554ms
   ✓ business cases (en) > sections: a 409 shows the standard conflict panel (nothing saved) with the current values  752ms
   ✓ business cases (en) > lines: exactly one class from one select; the value basis follows the class; a 422 is translated  1343ms
   ✓ business cases (en) > Finance validation: a business approval for FIN who did not author the case; If-Match; translated 403  954ms
   ✓ business cases (en) > Finance validation: the case author sees no validate action, only the separation-of-duties note  1256ms
   ✓ business cases (ar) > register: levels, Finance baseline states with text (Stale is never green) and drafts  431ms
   ✓ business cases (ar) > detail: all ten sections, totals with gross / cost / net apart, net Unknown (never 0), roll-up by reference  467ms
   ✓ business cases (ar) > totals: a partial total says how many Unknown lines it leaves out  338ms
   ✓ business cases (ar) > sections: saves only the changed section with If-Match; blank text is refused inline and nothing is sent  1919ms
   ✓ business cases (ar) > sections: a 409 shows the standard conflict panel (nothing saved) with the current values  1023ms
   ✓ business cases (ar) > lines: exactly one class from one select; the value basis follows the class; a 422 is translated  1313ms
   ✓ business cases (ar) > Finance validation: a business approval for FIN who did not author the case; If-Match; translated 403  1032ms
   ✓ business cases (ar) > Finance validation: the case author sees no validate action, only the separation-of-duties note  641ms
   ✓ business cases (ar) > read-only auditor: the ten sections as text, no enabled write control, the read-only note  476ms
 ✓ |unit-web| src/pages/prioritization/prioritization.test.tsx (20 tests) 23860ms
   ✓ prioritization (en) > ranked table: an incomplete score is 'incomplete' (never a number), 3.30 complete; 0–100 shows 57.5 with its label  3804ms
   ✓ prioritization (en) > scorecard: 6 is refused inline and nothing is sent; 4 is POSTed as the integer; the weighted score is read-only 'incomplete'  2115ms
   ✓ prioritization (en) > weight sets: the live total refuses 95% and 105%; 100% is accepted and POSTed as decimal strings  382ms
   ✓ prioritization (en) > weight sets: the proposer is never offered approval; another approver's approval is a business approval with If-Match; 403 SoD is translated  2359ms
   ✓ prioritization (en) > weight set approval: a 409 shows the conflict banner and reloads  1299ms
   ✓ prioritization (en) > ranking history: causes are translated from codes, including 'weight version 2', score change and the override reason  1081ms
   ✓ prioritization (en) > overrides: a reason is required (missing and invisible-only are refused, nothing sent); with a reason it is POSTed  1445ms
   ✓ prioritization (en) > the read-only auditor sees the data and no enabled write control  980ms
   ✓ prioritization (en) > never mentions a delivery gate (DG0–DG7)  300ms
   ✓ prioritization (ar) > ranked table: an incomplete score is 'incomplete' (never a number), 3.30 complete; 0–100 shows 57.5 with its label  1336ms
   ✓ prioritization (ar) > scorecard: 6 is refused inline and nothing is sent; 4 is POSTed as the integer; the weighted score is read-only 'incomplete'  1234ms
   ✓ prioritization (ar) > weight sets: the live total refuses 95% and 105%; 100% is accepted and POSTed as decimal strings  1053ms
   ✓ prioritization (ar) > weight sets: the proposer is never offered approval; another approver's approval is a business approval with If-Match; 403 SoD is translated  1332ms
   ✓ prioritization (ar) > weight set approval: a 409 shows the conflict banner and reloads  830ms
   ✓ prioritization (ar) > ranking history: causes are translated from codes, including 'weight version 2', score change and the override reason  354ms
   ✓ prioritization (ar) > overrides: a reason is required (missing and invisible-only are refused, nothing sent); with a reason it is POSTed  956ms
   ✓ prioritization (ar) > the read-only auditor sees the data and no enabled write control  2176ms
   ✓ prioritization (ar) > never mentions a delivery gate (DG0–DG7)  519ms
 ✓ |unit-web| src/auth/session-identity.test.tsx (18 tests) 11431ms
   ✓ F-DG2-500 a session end on the sign-in page (en) > W5: Back to /login after A's session ends, B signs in with the development form: B never sees A's records  1840ms
   ✓ F-DG2-500 a session end on the sign-in page (en) > W5b (OIDC mode): B signs in in another tab and this tab's /me re-probe brings B: B never sees A's records  1256ms
   ✓ F-DG2-500 an identity change with no session end in this tab (en) > a refocus /me that returns another identity removes every session query before B renders, and drops A's drafts  1224ms
   ✓ F-DG2-500 an identity change with no session end in this tab (en) > a new session of the same person (signed in again elsewhere) refetches the queries but keeps their own draft  844ms
   ✓ F-DG2-500 an identity change with no session end in this tab (en) > the same identity re-probed (window refocus) keeps the cache and the page state  1161ms
   ✓ F-DG2-500 sign-out here and 403 (en) > signing out here clears everything; B signing in afterwards never sees A's records  987ms
   ✓ F-DG2-500 a session end on the sign-in page (ar) > W5: Back to /login after A's session ends, B signs in with the development form: B never sees A's records  910ms
   ✓ F-DG2-500 a session end on the sign-in page (ar) > W5b (OIDC mode): B signs in in another tab and this tab's /me re-probe brings B: B never sees A's records  548ms
   ✓ F-DG2-500 an identity change with no session end in this tab (ar) > a refocus /me that returns another identity removes every session query before B renders, and drops A's drafts  364ms
   ✓ F-DG2-500 an identity change with no session end in this tab (ar) > a new session of the same person (signed in again elsewhere) refetches the queries but keeps their own draft  448ms
   ✓ F-DG2-500 sign-out here and 403 (ar) > signing out here clears everything; B signing in afterwards never sees A's records  1133ms
 ✓ |unit-web| src/pages/my-work/my-work.test.tsx (21 tests) 8898ms
   ✓ My Work (en) > renders tasks and reminders from messageKey + messageParams; Unknown due dates; system-managed tasks  790ms
   ✓ My Work (en) > marks a task done and a reminder read with bodiless POSTs and If-Match  783ms
   ✓ My Work (ar) > renders tasks and reminders from messageKey + messageParams; Unknown due dates; system-managed tasks  394ms
   ✓ My Work (ar) > marks a task done and a reminder read with bodiless POSTs and If-Match  755ms
   ✓ Calendar, jobs and groups (en) > calendar: read-only without calendar.configure; the calculator shows Unknown with its reason  566ms
   ✓ Calendar, jobs and groups (en) > calendar: a technical administrator adds a holiday; a range error is caught before sending  1361ms
   ✓ Calendar, jobs and groups (en) > jobs: no permission without job.read; job.configure edits a schedule with If-Match  832ms
   ✓ Calendar, jobs and groups (ar) > calendar: a technical administrator adds a holiday; a range error is caught before sending  584ms
   ✓ Calendar, jobs and groups (ar) > jobs: no permission without job.read; job.configure edits a schedule with If-Match  1073ms
   ✓ Calendar, jobs and groups (ar) > groups: membership grants no permission (stated); group.manage creates a group  539ms
 ✓ |unit-web| src/pages/dependencies/dependencies.test.tsx (12 tests) 8677ms
   ✓ dependencies (en) > shows the seven T08 columns, an External source, the type label and the needed-by conflict flag  915ms
   ✓ dependencies (en) > a cycle is refused and shown as the translated message with the path INI-01 → INI-02 → INI-03 → INI-01  926ms
   ✓ dependencies (en) > an External source is sent as {kind: external, label}  1347ms
   ✓ dependencies (en) > dependency types: system types are undeletable; an administrator may retire a custom type  1745ms
   ✓ dependencies (en) > a system type's 422 dependency_type.system_undeletable is translated  500ms
   ✓ dependencies (ar) > a cycle is refused and shown as the translated message with the path INI-01 → INI-02 → INI-03 → INI-01  523ms
   ✓ dependencies (ar) > an External source is sent as {kind: external, label}  823ms
   ✓ dependencies (ar) > dependency types: system types are undeletable; an administrator may retire a custom type  563ms
   ✓ dependencies (ar) > a system type's 422 dependency_type.system_undeletable is translated  576ms
 ✓ |unit-web| src/pages/roadmap/fe-e.test.tsx (8 tests) 5599ms
   ✓ wave editing (en) > edits planned dates (overlap accepted) with If-Match; the source text is read-only and never sent  999ms
   ✓ wave editing (en) > 422 roadmap_wave.planned_range is inline at the planned end and translated  405ms
   ✓ wave editing (en) > adds a non-source wave with its bilingual texts (POST, Idempotency-Key)  1263ms
   ✓ wave editing (ar) > edits planned dates (overlap accepted) with If-Match; the source text is read-only and never sent  406ms
   ✓ wave editing (ar) > 422 roadmap_wave.planned_range is inline at the planned end and translated  612ms
   ✓ wave editing (ar) > adds a non-source wave with its bilingual texts (POST, Idempotency-Key)  1522ms
 ✓ |unit-web| src/pages/raci/governance.test.tsx (15 tests) 7626ms
   ✓ Governance (en) > RACI: edits a row with the cell selects and saves it as one PATCH with If-Match  2145ms
   ✓ Governance (en) > RACI: an auditor sees the matrix read-only (no cell editor, no save)  473ms
   ✓ Governance (en) > role mapping: an unmapped governance role shows the visible routing error  556ms
   ✓ Governance (en) > decision rights: seeded rows; the due-date preview shows Unknown with its reason  598ms
   ✓ Governance (en) > decision rights: submits the matrix for business approval with If-Match  344ms
   ✓ Governance (en) > decision rights: a field with an unknown party code is refused before sending  752ms
   ✓ Governance (ar) > RACI: edits a row with the cell selects and saves it as one PATCH with If-Match  377ms
   ✓ Governance (ar) > decision rights: a field with an unknown party code is refused before sending  887ms
   ✓ Governance (ar) > Transform readiness lists what is missing and links to the fix  465ms
 ✓ |unit-web| src/pages/dispensations/dispensations.test.tsx (12 tests) 8304ms
   ✓ Dispensations (en) > lists waivers and inherited approvals; unverified evidence is shown as unverified; recorder cannot decide  1545ms
   ✓ Dispensations (en) > a waiver needs a reason and an expiry: refused inline, nothing sent; then sent with its scope  1558ms
   ✓ Dispensations (en) > an inherited approval (Modular) needs the approving body, the date and evidence; 422s are translated  864ms
   ✓ Dispensations (en) > deciding is a labelled business approval; the delegated-decision 422 and the recorder 403 are translated  934ms
   ✓ Dispensations (en) > revoking an accepted dispensation needs a reason and is a business approval  526ms
   ✓ Dispensations (en) > the read-only auditor sees the register with no enabled write control  497ms
   ✓ Dispensations (ar) > lists waivers and inherited approvals; unverified evidence is shown as unverified; recorder cannot decide  303ms
   ✓ Dispensations (ar) > a waiver needs a reason and an expiry: refused inline, nothing sent; then sent with its scope  313ms
   ✓ Dispensations (ar) > an inherited approval (Modular) needs the approving body, the date and evidence; 422s are translated  408ms
   ✓ Dispensations (ar) > deciding is a labelled business approval; the delegated-decision 422 and the recorder 403 are translated  653ms
   ✓ Dispensations (ar) > revoking an accepted dispensation needs a reason and is a business approval  345ms
   ✓ Dispensations (ar) > the read-only auditor sees the register with no enabled write control  356ms
 ✓ |unit-web| src/pages/portfolio/fe-e.test.tsx (18 tests) 11255ms
   ✓ Funding decisions (en) > is a labelled business approval with no 'on behalf of' control; rationale required; POST with an Idempotency-Key  1073ms
   ✓ Funding decisions (en) > the BE-E 422s are the dialog's one translated alert; funding.amount_invalid is also inline at /amount  526ms
   ✓ Funding decisions (ar) > is a labelled business approval with no 'on behalf of' control; rationale required; POST with an Idempotency-Key  505ms
   ✓ Funding decisions (ar) > the BE-E 422s are the dialog's one translated alert; funding.amount_invalid is also inline at /amount  859ms
   ✓ Funding decisions (ar) > the history shows a missing amount as Unknown (never 0); a re-selected initiative explains the deselect rule  338ms
   ✓ Funding decisions (ar) > an exact decimal amount is shown with its currency; the auditor sees no record control  469ms
   ✓ Deliverables and milestones on the card (en) > creates (Idempotency-Key), edits (If-Match) and archives (reason, If-Match) a deliverable  1650ms
   ✓ Deliverables and milestones on the card (en) > creates a milestone with its wave and forecast, and edits it with If-Match  346ms
   ✓ Deliverables and milestones on the card (en) > a cancelled initiative shows deliverables, milestones and funding with no write control  422ms
   ✓ Deliverables and milestones on the card (en) > the card edit form translates initiative.planned_range specifically (RecordDialog namespaces)  865ms
   ✓ Deliverables and milestones on the card (ar) > creates (Idempotency-Key), edits (If-Match) and archives (reason, If-Match) a deliverable  1318ms
   ✓ Deliverables and milestones on the card (ar) > creates a milestone with its wave and forecast, and edits it with If-Match  952ms
   ✓ Deliverables and milestones on the card (ar) > 422 initiative.read_only (a closure raced the edit) is translated as the dialog's one alert  431ms
   ✓ Deliverables and milestones on the card (ar) > the card edit form translates initiative.planned_range specifically (RecordDialog namespaces)  497ms
 ✓ |unit-web| src/pages/gates/g1-agreements.test.tsx (10 tests) 7774ms
   ✓ G1 agreements step (en) > approving G1 needs the three labelled confirmations; then sends agreements with all three true  1355ms
   ✓ G1 agreements step (en) > a non-approve outcome on G1 sends no agreements (even after ticking them)  496ms
   ✓ G1 agreements step (en) > the server's 422 gate.g1_agreements_required is the one form-level alert, with the missing confirmations  674ms
   ✓ G1 agreements step (en) > the server's 422 gate.agreements_not_applicable is translated as the one form-level alert  456ms
   ✓ G1 agreements step (ar) > approving G1 needs the three labelled confirmations; then sends agreements with all three true  795ms
   ✓ G1 agreements step (ar) > a non-approve outcome on G1 sends no agreements (even after ticking them)  1275ms
   ✓ G1 agreements step (ar) > approving another gate (G2) shows no confirmations and sends no agreements  761ms
   ✓ G1 agreements step (ar) > the server's 422 gate.g1_agreements_required is the one form-level alert, with the missing confirmations  1086ms
   ✓ G1 agreements step (ar) > the server's 422 gate.agreements_not_applicable is translated as the one form-level alert  590ms
 ✓ |unit-web| src/components/LanguageSwitch.test.tsx (10 tests) 5172ms
   ✓ a refused language save, 'en' → other ('403 csrf') > keeps ar on screen and says, in ar, that it was not saved  1800ms
   ✓ a refused language save, 'ar' → other ('403 csrf') > keeps en on screen and says, in en, that it was not saved  1203ms
   ✓ a refused language save, 'en' → other ('403 forbidden') > keeps ar on screen and says, in ar, that it was not saved  609ms
   ✓ a refused language save, 'ar' → other ('503') > keeps en on screen and says, in en, that it was not saved  546ms
 ✓ |unit-web| src/pages/benefit-formulas/benefit-formulas.test.tsx (18 tests) 12225ms
   ✓ T09 benefit formulas (en) > register: the six T09 columns with confidence H/M/L; examples marked illustrative with 100000 and 500000 SAR per year  1406ms
   ✓ T09 benefit formulas (en) > builder: an undefined variable shows translated, with its position, before saving; nothing is sent  742ms
   ✓ T09 benefit formulas (en) > builder: a fraction is entered as percent and stored as a fraction; a version is saved with If-Match  706ms
   ✓ T09 benefit formulas (en) > builder: a fraction difference shows percentage points (translated suffix), never %  433ms
   ✓ T09 benefit formulas (en) > builder: a 409 shows the standard conflict panel; nothing was saved  481ms
   ✓ T09 benefit formulas (en) > Finance validation of a version: a business approval by FIN; the author cannot; translated refusal  565ms
   ✓ T09 benefit formulas (en) > Finance validation: the version's author sees the separation-of-duties note and no action  396ms
   ✓ T09 benefit formulas (en) > read-only auditor: no builder, no write control, the read-only note; a validated version reads Validated  716ms
   ✓ T09 benefit formulas (ar) > register: the six T09 columns with confidence H/M/L; examples marked illustrative with 100000 and 500000 SAR per year  1180ms
   ✓ T09 benefit formulas (ar) > builder: an undefined variable shows translated, with its position, before saving; nothing is sent  796ms
   ✓ T09 benefit formulas (ar) > builder: monthly ARPU × annual customers is a period mismatch, translated, before saving  498ms
   ✓ T09 benefit formulas (ar) > builder: a fraction is entered as percent and stored as a fraction; a version is saved with If-Match  1093ms
   ✓ T09 benefit formulas (ar) > builder: a fraction difference shows percentage points (translated suffix), never %  904ms
   ✓ T09 benefit formulas (ar) > builder: a 409 shows the standard conflict panel; nothing was saved  802ms
   ✓ T09 benefit formulas (ar) > Finance validation of a version: a business approval by FIN; the author cannot; translated refusal  871ms
 ✓ |unit-web| src/app/p3-seams.test.tsx (10 tests) 5573ms
   ✓ P3 routes > workspace tabs (en) > the workspace tabs include the P3 tabs, labelled from their own namespaces  1271ms
   ✓ P3 routes > workspace tabs (ar) > the workspace tabs include the P3 tabs, labelled from their own namespaces  716ms
   ✓ P3 navigation areas > en /initiatives-roadmaps leads into the Initiatives and Roadmaps tab of each transformation  362ms
   ✓ P3 navigation areas > ar /initiatives-roadmaps leads into the المبادرات وخرائط الطريق tab of each transformation  1206ms
   ✓ P3 navigation areas > en /benefits-finance leads into the Benefits and Finance tab of each transformation  820ms
   ✓ P3 navigation areas > ar /benefits-finance leads into the المنافع والمالية tab of each transformation  1181ms
 ✓ |unit-web| src/pages/transformations/transformations.test.tsx (21 tests) 14013ms
   ✓ after create (F-DG1-004) > shows the created record when the server lets the creator read it  1818ms
   ✓ after create (F-DG1-004) > explains, in English, that the draft was created but cannot be opened (server 404), instead of 'Not found'  564ms
   ✓ after create (F-DG1-004) > explains the same in Arabic (RTL), using the glossary term for Transformation  497ms
   ✓ after create (F-DG1-004) > treats a 403 for the just-created record the same way  532ms
   ✓ truly out-of-scope records keep the correct localized message > router state for a different id does not turn a 404 into the created message  432ms
   ✓ audit trail changes (F-DG1-005) > English: field and value labels, not raw keys or enum codes  413ms
   ✓ audit trail changes (F-DG1-005) > Arabic: the same changes with Arabic labels in the RTL layout  536ms
   ✓ derived creator assignment on the audit trail (F-DG1-008) > English: localized action, fields, role, user and scope; nothing raw or marked untranslated  463ms
   ✓ derived creator assignment on the audit trail (F-DG1-008) > Arabic (RTL): the same event with Arabic labels and the glossary role name  325ms
   ✓ derived creator assignment on the audit trail (F-DG1-008) > an action the catalogue does not know stays readable and is explicitly marked (en and ar)  588ms
   ✓ effective permissions refresh after create (F-DG1-210) > English: Edit, Archive and the audit trail appear after create, without a reload  2304ms
   ✓ effective permissions refresh after create (F-DG1-210) > Arabic (RTL): the same controls and the audit trail appear after create, without a reload  2137ms
   ✓ effective permissions refresh after create (F-DG1-210) > does not over-grant: if the refreshed server answer adds nothing, Archive and the audit trail stay hidden  2272ms
   ✓ effective permissions refresh after create (F-DG1-210) > a failed /me refresh never blocks the navigation; the UI stays fail-safe (no controls offered)  621ms
 ✓ |unit-web| src/pages/roadmap/roadmap.test.tsx (14 tests) 10368ms
   ✓ roadmap (en) > shows the four source waves verbatim (English source also shown in Arabic) with overlapping horizons  2047ms
   ✓ roadmap (en) > moving a milestone PATCHes the forecast with If-Match and the timeline, table and board all show the new date from one refetch  1598ms
   ✓ roadmap (en) > a 409 on moving a milestone shows the conflict notice and reloads the roadmap  1399ms
   ✓ roadmap (en) > re-approving a date requires a reason; then it is POSTed with If-Match  1635ms
   ✓ roadmap (en) > deliverable acceptance sends the AcceptanceDecision with If-Match (no 'on behalf of' control)  934ms
   ✓ roadmap (ar) > moving a milestone PATCHes the forecast with If-Match and the timeline, table and board all show the new date from one refetch  333ms
   ✓ roadmap (ar) > a 409 on moving a milestone shows the conflict notice and reloads the roadmap  377ms
   ✓ roadmap (ar) > re-approving a date requires a reason; then it is POSTed with If-Match  638ms
   ✓ roadmap (ar) > deliverable acceptance sends the AcceptanceDecision with If-Match (no 'on behalf of' control)  651ms
 ✓ |unit-web| src/pages/team/team.test.tsx (10 tests) 12703ms
   ✓ Team (English LTR) > shows the six governance roles with B0018 accountability text verbatim and who holds each  1409ms
   ✓ Team (English LTR) > lists team members with the accountability on each assignment, sortable and filterable  970ms
   ✓ Team (English LTR) > a Transformation Lead assigns a Workstream Lead: Idempotency-Key, reason, accountability preview  1268ms
   ✓ Team (English LTR) > shows a 403 from the server in words; nothing is assigned  698ms
   ✓ Team (Arabic RTL) > shows Arabic role names and the provisional Arabic accountability text  440ms
   ✓ Team assign dialog: accountability preview follows the selected role (F-DG2-430) > en: WL on open, then KDS, TD, none and WL again, in StrictMode with no React warning  611ms
   ✓ Team assign dialog: accountability preview follows the selected role (F-DG2-430) > ar: WL on open, then KDS, TD, none and WL again, in StrictMode with no React warning  608ms
   ✓ Team: the success notice follows a language switch, 'en' → 'ar' > the notice is shown in the language now on screen, not the one it was created in  2991ms
   ✓ Team: the success notice follows a language switch, 'ar' → 'en' > the notice is shown in the language now on screen, not the one it was created in  3445ms
 ✓ |unit-web| src/pages/gates/inherited-approval.test.tsx (16 tests) 5784ms
   ✓ inherited-approval annotation (en) > Gates list: G1 pending_verification (counts false) is a badge next to 'Not submitted'  719ms
   ✓ inherited-approval annotation (en) > Gates list: G1 rejected (counts false) is a badge next to 'Not submitted'  951ms
   ✓ inherited-approval annotation (en) > gate view: an accepted inherited approval is a labelled row beside the 'Not submitted' status  320ms
   ✓ inherited-approval annotation (ar) > Gates list: G1 pending_verification (counts false) is a badge next to 'Not submitted'  481ms
   ✓ inherited-approval annotation (ar) > Gates list: G1 accepted (counts true) is a badge next to 'Not submitted'  416ms
   ✓ inherited-approval annotation (ar) > Gates list: G1 accepted (counts false) is a badge next to 'Not submitted'  373ms
   ✓ inherited-approval annotation (ar) > gate view: without an inherited approval there is no row  404ms
 ✓ |unit-web| src/pages/gates/g4.test.tsx (16 tests) 9738ms
   ✓ G4 refusal item by item (en) > two initiatives without owners: two separate translated 'Owners' items, never the joined English message  1379ms
   ✓ G4 refusal item by item (en) > without a usable gate view: one translated line per refused criterion, never the English message  1080ms
   ✓ G4 refusal item by item (ar) > two initiatives without owners: two separate translated 'Owners' items, never the joined English message  573ms
   ✓ G4 refusal item by item (ar) > without a usable gate view: one translated line per refused criterion, never the English message  718ms
   ✓ G4 view (en) > lists the eight G4 criteria with their missing items: 'Owners', 'Finance validation' and the initiative  376ms
   ✓ G4 view (en) > a refused submission shows the 422 list with the initiative names, translated  531ms
   ✓ G4 view (en) > the decision's 403 urn:mth:problem:forbidden is translated  885ms
   ✓ G4 view (en) > the decision's 403 urn:mth:problem:forbidden is translated  659ms
   ✓ G4 view (en) > the decision's 409 urn:mth:problem:version-conflict is translated  374ms
   ✓ G4 view (ar) > a refused submission shows the 422 list with the initiative names, translated  406ms
   ✓ G4 view (ar) > the decision's 403 urn:mth:problem:forbidden is translated  971ms
   ✓ G4 view (ar) > the decision's 403 urn:mth:problem:forbidden is translated  910ms
   ✓ G4 view (ar) > the decision's 409 urn:mth:problem:version-conflict is translated  698ms
 ✓ |unit-web| src/pages/kpi/kpi.test.tsx (27 tests) 11380ms
   ✓ KPI screens (en) > RAG panel: the seven elements, the threshold version named, and the override beside the calculated RAG  1165ms
   ✓ KPI screens (en) > no actual for the current period: Unknown, grey and labelled, with its reason; never 0 and never green  486ms
   ✓ KPI screens (en) > four-step update: submits once, then lists downstream views, 'review pending' and 'Finance review pending'  1204ms
   ✓ KPI screens (en) > a second entry for the same KPI and period is value version 2 of the same slot (If-Match)  615ms
   ✓ KPI screens (en) > a 409 on submit is the form's one alert: nothing was saved, the latest data is loaded  609ms
   ✓ KPI screens (en) > review queue: the reviewer accepts with If-Match; the submitter of a value is not offered a decision  400ms
   ✓ KPI screens (en) > read-only viewer (auditor): no write action on the KPI page, labels say business approval  327ms
   ✓ KPI screens (en) > data quality: an open finding is resolved with a note and If-Match  724ms
   ✓ KPI screens (ar) > four-step update: submits once, then lists downstream views, 'review pending' and 'Finance review pending'  740ms
   ✓ KPI screens (ar) > a second entry for the same KPI and period is value version 2 of the same slot (If-Match)  1357ms
   ✓ KPI screens (ar) > a 409 on submit is the form's one alert: nothing was saved, the latest data is loaded  596ms
   ✓ KPI screens (ar) > review queue: the reviewer accepts with If-Match; the submitter of a value is not offered a decision  351ms
   ✓ KPI screens (ar) > data quality: an open finding is resolved with a note and If-Match  563ms
 ✓ |unit-web| src/app/app.test.tsx (17 tests) 6842ms
   ✓ bilingual shell > renders Arabic RTL by default with the provisional wordmark  603ms
   ✓ bilingual shell > switches to English LTR and persists the preference with If-Match  815ms
   ✓ bilingual shell > shows all fourteen areas to an administrator  768ms
   ✓ bilingual shell > hides Administration from a Workstream Lead, and the admin route shows no-permission  452ms
   ✓ bilingual shell > marks planned areas as planned instead of pretending they work  385ms
   ✓ bilingual shell > a partial area (Governance) leads into the Gates tab of each transformation; its portfolio view stays planned  1061ms
   ✓ transformations > lists transformations with a sortable code column and removable filter chips  643ms
   ✓ transformations > detail shows the workspace header with Unknown for data from later stages  909ms
   ✓ transformations > edit: a 409 writes nothing, shows compare, and re-applies on the current version  429ms
 ✓ |unit-web| src/pages/capacity/capacity.test.tsx (6 tests) 2176ms
   ✓ capacity (en) > the role × month grid shows decimal FTE, the conflict with its shortfall, and Unknown capacity as Unknown (never 0)  894ms
   ✓ capacity (en) > committing a demand POSTs with If-Match; a 409 shows the conflict notice and reloads  566ms
 ✓ |unit-web| src/pages/transformations/modeGuidance.test.tsx (5 tests) 3378ms
   ✓ New transformation: mode guidance (English LTR) > shows When to use and How for the selected mode and switches with the mode  1476ms
   ✓ New transformation: mode guidance (English LTR) > Modular requires an entry phase before anything is sent  774ms
   ✓ New transformation: mode guidance (English LTR) > a server validation error on the entry phase is shown on that field  724ms
   ✓ New transformation: mode guidance (Arabic RTL) > shows the Arabic rendering, marked provisional, with the English source text alongside  374ms
 ✓ |unit-web| src/pages/capacity/fe-e.test.tsx (13 tests) 9206ms
   ✓ capacity editing (en) > creates a role; a taken code (409) is the form's translated alert; then the role is created  1794ms
   ✓ capacity editing (en) > edits a role's labels and archives it, each with If-Match  766ms
   ✓ capacity editing (en) > creates a capacity row with a decimal FTE string; a duplicate (409) is translated  566ms
   ✓ capacity editing (en) > creates a demand; after the save the plan is re-read and the conflict with its shortfall appears; Unknown stays Unknown  668ms
   ✓ capacity editing (en) > edits a planned demand with If-Match; 422 resource_demand.not_planned is translated  582ms
   ✓ capacity editing (ar) > creates a role; a taken code (409) is the form's translated alert; then the role is created  561ms
   ✓ capacity editing (ar) > edits a role's labels and archives it, each with If-Match  911ms
   ✓ capacity editing (ar) > creates a capacity row with a decimal FTE string; a duplicate (409) is translated  894ms
   ✓ capacity editing (ar) > creates a demand; after the save the plan is re-read and the conflict with its shortfall appears; Unknown stays Unknown  1248ms
   ✓ capacity editing (ar) > edits a planned demand with If-Match; 422 resource_demand.not_planned is translated  621ms
 ✓ |unit-web| src/components/RecordForm.alerts.test.tsx (16 tests) 3457ms
   ✓ record form: one alert per distinct form error (en) > dialog > a 400 whose only field error has pointer "" says its message once, in one live region  814ms
   ✓ record form: one alert per distinct form error (en) > inline-sections > two distinct form-level messages: each is said exactly once, one live region each  389ms
 ✓ |unit-web| src/components/States.test.tsx (15 tests) 1037ms
   ✓ explicit states in en > loading is a polite live region with a text label  400ms
 ✓ |unit-web| src/pages/readiness/readiness.test.tsx (4 tests) 1356ms
   ✓ Readiness (en) > lists the missing diagnostic areas by name, the gates and the translated sequencing blockers  766ms
 ✓ |unit-web| src/lib/lib.test.ts (24 tests) 192ms
 ✓ |unit-web| src/lib/auditChanges.test.ts (125 tests) 83ms
 ✓ |unit-web| src/test/react-warning-guard.test.tsx (4 tests) 97ms
 ✓ |unit-web| src/i18n/glossary.test.ts (8 tests) 54ms
 ✓ |unit-web| src/i18n/i18n.test.ts (11 tests) 163ms
 ✓ |unit-web| src/styles/styles.test.ts (6 tests) 21ms
 ✓ |unit-web| src/test/harness-config.test.ts (2 tests) 9ms
 ✓ |unit-web| src/pages/business-cases/problem-codes.test.ts (4 tests) 24ms
 ✓ |unit-node| apps/api/src/modules/kpi/kpi.test.ts (38 tests) 3912ms
   ✓ kpi module (P2) > its declared boundary holds, and a planted bypass or undeclared dependency would be caught  3694ms
 ✓ |unit-node| apps/api/src/architecture.test.ts (137 tests) 20782ms
   ✓ API module boundaries (ADR-0002) > every import respects dependsOn, public surfaces and allowed packages  12231ms
   ✓ package dependency direction (ADR-0002 rule 5) > packages/db imports only @mth/config and @mth/shared  474ms
   ✓ package dependency direction (ADR-0002 rule 5) > packages/shared imports no workspace package  2796ms
   ✓ package dependency direction (ADR-0002 rule 5) > apps/web never imports @mth/db or @mth/config (browser bundle, no secrets)  4198ms
   ✓ package dependency direction (ADR-0002 rule 5) > apps/worker imports no API code  446ms
 ✓ |unit-node| packages/shared/src/formula/fuzz.test.ts (111 tests) 21733ms
   ✓ fuzz: no uncaught exception, no code execution > 10 000 random byte strings (0–255, up to 80 bytes)  3581ms
   ✓ fuzz: no uncaught exception, no code execution > 10 000 random UTF-16 strings including astral code points and lone surrogates  2783ms
   ✓ fuzz: no uncaught exception, no code execution > 20 000 random strings over the grammar alphabet reach parser, type checker and evaluator  10939ms
   ✓ source scan: no dynamic code in packages/shared/src/formula (ADR-0024 §6) > every file of the engine's import closure gets the engine-source lint rules (eslint.config.js)  3334ms
   ✓ source scan: no dynamic code in packages/shared/src/formula (ADR-0024 §6) > ESLint refuses the round-5 handler forms (G1, G2, A1, A2), F1 and every lintable probe-table row in an engine source  924ms
 ✓ |unit-node| apps/api/src/modules/workflows/workflows.test.ts (14 tests) 2319ms
   ✓ workflows module (P2) > its declared boundary holds, and an undeclared dependency would be caught  2197ms
 ✓ |unit-node| packages/shared/src/kpi/property.test.ts (11 tests) 1990ms
   ✓ changes > pp = (x₁ − x₀) × 100 exactly, and relative × |x₀| = x₁ − x₀ (to precision 80)  331ms
   ✓ trajectory > linear expected values lie between the neighbouring points; step values are point values  322ms
 ✓ |unit-node| packages/shared/src/scoring.test.ts (36 tests) 834ms
   ✓ property: all 5^5 integer score combinations under v1 equal an independent BigInt rational computation > stored value, 2-digit display and 0–100 view all match for 3125 combinations  773ms
 ✓ |unit-node| packages/shared/src/adoption/measures.test.ts (24 tests) 999ms
   ✓ properties (seeded) > never 0 for an empty denominator: Unknown with value null exactly when the denominator is 0  406ms
 ✓ |unit-node| apps/api/src/modules/evidence/evidence.test.ts (13 tests) 1052ms
   ✓ evidence module (P2) > its declared boundary holds  902ms
 ✓ |unit-node| apps/api/src/server.test.ts (6 tests) 2158ms
   ✓ route registration > declares access on every /api route and on the health endpoints  814ms
   ✓ route registration > registers dev login only in AUTH_MODE=dev; production configuration refuses dev mode entirely  888ms
 ✓ |unit-node| apps/api/src/modules/reporting/reporting.test.ts (4 tests) 400ms
 ✓ |unit-node| packages/shared/src/schemas/schemas.test.ts (69 tests) 462ms
 ✓ |unit-node| apps/api/src/modules/platform/media-types.test.ts (57 tests) 494ms
 ✓ |unit-node| apps/api/src/modules/methodology/methodology.test.ts (4 tests) 432ms
   ✓ methodology module (P2) > its declared boundary holds, and an undeclared dependency would be caught  402ms
 ✓ |unit-node| apps/api/src/modules/platform/incomplete-body.test.ts (10 tests) 196ms
 ✓ |unit-node| apps/api/src/modules/platform/in-flight.test.ts (4 tests) 333ms
 ✓ |unit-node| apps/api/src/modules/platform/platform.test.ts (19 tests) 222ms
 ✓ |unit-node| packages/shared/src/value.test.ts (29 tests) 513ms
 ✓ |unit-node| packages/config/src/load.test.ts (17 tests) 145ms
 ✓ |unit-node| packages/shared/src/formula/formula.test.ts (140 tests) 294ms
 ✓ |unit-node| apps/api/src/modules/benefits/d2-rules.test.ts (15 tests) 67ms
 ✓ |unit-node| apps/api/src/modules/governance/governance.test.ts (2 tests) 61ms
 ✓ |unit-node| apps/api/src/modules/admin/branding.test.ts (4 tests) 315ms
   ✓ GET /api/v1/branding/tokens (REQ-S15-002) > returns the seven seeded tokens with their values and provenance=provisional, valid against the contract  306ms
 ✓ |unit-node| apps/api/src/modules/platform/connection-hygiene.test.ts (6 tests) 254ms
 ✓ |unit-node| packages/db/src/seed.test.ts (34 tests) 167ms
 ✓ |unit-node| apps/api/src/modules/raid/raid.test.ts (7 tests) 101ms
 ✓ |unit-node| apps/api/src/modules/sustainment/sustainment.test.ts (2 tests) 81ms
 ✓ |unit-node| packages/shared/src/kpi/a05.test.ts (17 tests) 36ms
 ✓ |unit-node| apps/api/src/modules/platform/advisory-locks.test.ts (3 tests) 51ms
 ✓ |unit-node| apps/api/src/modules/adoption/adoption.test.ts (2 tests) 96ms
 ✓ |unit-node| apps/api/src/request-encoding.test.ts (11 tests) 143ms
 ✓ |unit-node| apps/api/src/modules/benefits/register-rules.test.ts (45 tests) 43ms
 ✓ |unit-node| packages/shared/src/kpi/purity.test.ts (14 tests) 63ms
 ✓ |unit-node| packages/shared/src/kpi/change.test.ts (22 tests) 29ms
 ✓ |unit-node| apps/api/src/modules/kpi/rules.test.ts (30 tests) 77ms
 ✓ |unit-node| packages/design-tokens/src/tokens.test.ts (15 tests) 75ms
 ✓ |unit-node| packages/shared/src/kpi/types.test.ts (40 tests) 45ms
 ✓ |unit-node| packages/shared/src/kpi/formula-binding.test.ts (26 tests) 35ms
 ✓ |unit-node| apps/api/src/modules/benefits/totals.test.ts (14 tests) 90ms
 ✓ |unit-node| apps/api/src/modules/transformations/good-outcome.test.ts (7 tests) 11ms
 ✓ |unit-node| apps/api/src/modules/kpi/formulas.test.ts (10 tests) 74ms
 ✓ |unit-node| packages/shared/src/time/working-days.test.ts (19 tests) 114ms
 ✓ |unit-node| packages/shared/src/schemas/roadmap.test.ts (6 tests) 12ms
 ✓ |unit-node| packages/shared/src/kpi/rag.test.ts (38 tests) 19ms
 ✓ |unit-node| apps/api/src/modules/platform/db-errors-p4.test.ts (5 tests) 11ms
 ✓ |unit-node| apps/api/src/modules/raid/corrective.test.ts (4 tests) 25ms
 ✓ |unit-node| packages/shared/src/adoption/form-schema.test.ts (8 tests) 35ms
(node:1813) [FSTDEP022] FastifyWarning: The router options for constraints property access is deprecated. Please use "options.routerOptions" instead for accessing router options. The router options will be removed in `fastify@6`.
(Use `node --trace-warnings ...` to show where the warning was created)
 ✓ |unit-node| apps/api/src/modules/platform/framework-errors.test.ts (6 tests) 35ms
 ✓ |unit-node| apps/api/src/modules/tasks/tasks.test.ts (5 tests) 46ms
 ✓ |unit-node| apps/api/src/modules/kpi/p3-gate-facts.test.ts (9 tests) 31ms
 ✓ |unit-node| packages/shared/src/kpi/periods.test.ts (26 tests) 14ms
 ✓ |unit-node| apps/api/src/modules/portfolio/budget.test.ts (13 tests) 34ms
 ✓ |unit-node| apps/api/src/modules/platform/health.test.ts (2 tests) 42ms
 ✓ |unit-node| packages/shared/src/kpi/status.test.ts (25 tests) 14ms
 ✓ |unit-node| apps/api/src/modules/benefits/benefits.test.ts (2 tests) 128ms
 ✓ |unit-node| apps/api/src/modules/platform/db-errors.test.ts (7 tests) 11ms
 ✓ |unit-node| packages/shared/src/kpi/aggregate.test.ts (20 tests) 28ms
 ✓ |unit-node| packages/shared/src/schemas/corrective.test.ts (10 tests) 26ms
 ✓ |unit-node| apps/api/src/modules/platform/db-errors-p4-meetings.test.ts (4 tests) 8ms
 ✓ |unit-node| packages/shared/src/schedule/working-day-slip.test.ts (11 tests) 32ms
 ✓ |unit-node| apps/api/src/modules/kpi/kbe-c.test.ts (9 tests) 14ms
 ✓ |unit-node| packages/shared/src/kpi/trajectory.test.ts (14 tests) 22ms
 ✓ |unit-node| apps/api/src/modules/transformations/transitions.test.ts (2 tests) 3ms
 ✓ |unit-node| apps/api/src/modules/portfolio/schedule.test.ts (14 tests) 37ms
 ✓ |unit-node| apps/api/src/modules/kpi/totals.test.ts (20 tests) 21ms
 ✓ |unit-node| apps/api/src/modules/platform/request-encoding.test.ts (7 tests) 8ms
 ✓ |unit-node| packages/shared/src/governance/recurrence.test.ts (19 tests) 22ms
 ✓ |unit-node| packages/shared/src/kpi/measures.test.ts (30 tests) 39ms
 ✓ |unit-node| apps/api/src/modules/workflows/g4.test.ts (5 tests) 11ms
 ✓ |unit-node| apps/api/src/modules/identity/oidc-claims.test.ts (5 tests) 13ms
 ✓ |unit-node| apps/api/src/modules/transformations/exclusions.test.ts (19 tests) 6ms
 ✓ |unit-node| packages/shared/src/schedule/critical-path.test.ts (13 tests) 32ms
 ✓ |unit-node| apps/api/src/modules/portfolio/capacity.test.ts (4 tests) 9ms
 ✓ |unit-node| apps/api/src/modules/access/rules.test.ts (12 tests) 45ms
 ✓ |unit-node| apps/api/src/modules/portfolio/sequencing.test.ts (9 tests) 8ms
 ✓ |unit-node| apps/api/src/modules/transformations/thesis.test.ts (4 tests) 12ms
 ✓ |unit-node| apps/api/src/modules/workflows/t08-cycle-problem.test.ts (2 tests) 3ms
 ✓ |unit-node| apps/api/src/modules/portfolio/readiness-transform.test.ts (4 tests) 5ms
 ✓ |unit-node| apps/api/src/modules/governance/raci.test.ts (2 tests) 4ms

 Test Files  120 passed (120)
      Tests  2293 passed (2293)
   Start at  16:53:48
   Duration  307.29s (transform 16.52s, setup 12.45s, collect 245.29s, tests 515.58s, environment 52.52s, prepare 22.85s)


 RUN  v3.2.4 /home/user/My-owns

 ✓ |unit-formula-nocodegen| packages/shared/src/formula/codegen.nocodegen.test.ts (10 tests) 10ms
 ✓ |unit-formula-nocodegen| packages/shared/src/formula/formula.test.ts (140 tests) 319ms
 ✓ |unit-formula-nocodegen| packages/shared/src/formula/fuzz.test.ts (111 tests | 2 skipped) 7529ms
   ✓ fuzz: no uncaught exception, no code execution > 10 000 random byte strings (0–255, up to 80 bytes)  2166ms
   ✓ fuzz: no uncaught exception, no code execution > 10 000 random UTF-16 strings including astral code points and lone surrogates  1471ms
   ✓ fuzz: no uncaught exception, no code execution > 20 000 random strings over the grammar alphabet reach parser, type checker and evaluator  3846ms

 Test Files  3 passed (3)
      Tests  259 passed | 2 skipped (261)
   Start at  16:58:56
   Duration  9.18s (transform 928ms, setup 0ms, collect 1.73s, tests 7.86s, environment 1ms, prepare 729ms)

exit=0
