$ cd <disposable clone at HEAD 8c02475 (BEFORE the fix), pnpm -r build; the same qa specs in e2e/>; env -u LANG -u LC_ALL QA_E2E_API_PORT=3751 QA_E2E_PG_PORT=24751 PLAYWRIGHT_BROWSERS_PATH=/opt/pw-browsers e2e/support/qa-stack.sh npx playwright test e2e/dg2-qa-r11.spec.ts e2e/dg2-qa-r12.spec.ts -g 'R11-02|R12-07' --workers=1 --reporter=list
# node v24.21.0; 8c02475 DG2: import round 12 (F-411/412/430 CLOSED_VERIFIED; F-440/441/460 OPEN); state FIXING; BE18A assignment (BE18 + F-460); 2026-10-07T06:11:40Z
port-policy: PostgreSQL listening on port 24751 (attempt 1)
qa e2e cluster: PostgreSQL 16.13 (Ubuntu 16.13-0ubuntu0.24.04.1) on x86_64-pc-linux-gnu, compiled by gcc (Ubuntu 13.3.0-6ubuntu2~24.04.1) 13.3.0, 64-bit
qa e2e database mth: server_encoding UTF8, lc_collate C, lc_ctype C
mth-db migrate: applying 0001_identity_access.sql
mth-db migrate: applying 0002_transformation.sql
mth-db migrate: applying 0003_audit_event.sql
mth-db migrate: applying 0004_outbox_jobs.sql
mth-db migrate: applying 0005_seed_roles_permissions.sql
mth-db migrate: applying 0006_pgboss_schema_v25.sql
mth-db migrate: applying 0007_oidc_login_browser_binding.sql
mth-db migrate: applying 0008_scoped_assignment_derived_from.sql
mth-db migrate: applying 0009_business_unit_hierarchy_guard.sql
mth-db migrate: applying 0010_p2_record_guards.sql
mth-db migrate: applying 0011_p2_methodology_catalogue.sql
mth-db migrate: applying 0012_p2_evidence.sql
mth-db migrate: applying 0013_p2_direction_charter.sql
mth-db migrate: applying 0014_p2_kpi_baseline_value_pool.sql
mth-db migrate: applying 0015_p2_diagnose.sql
mth-db migrate: applying 0016_p2_design_tom.sql
mth-db migrate: applying 0017_p2_decisions_gates.sql
mth-db migrate: applying 0018_p2_access_instantiation.sql
mth-db migrate: applying 0019_evidence_review_separation.sql
mth-db migrate: applied 19 migration(s)
mth-db seed-dev: seeded SYNTHETIC dev users: dev.admin, dev.office, dev.lead, dev.auditor, dev.nobody
port-policy: API listening on port 3751 (attempt 1)
API:     http://localhost:3751
healthz: {"status":"ok"}
readyz:  {"status":"ready","checks":{"database":"ok","migrations":"ok"}}

Running 4 tests using 1 worker

QA-R11 [en] R11-02 (a) GET /me 200 on an idle keep-alive socket + stalled over-limit chunked upload 413 + fully-sent 25 MiB + 1 upload 413 (Connection: keep-alive); SIGTERM -> exit code 0 in 17 ms; both sockets closed: true; 'shut down' logged: true; (b) 2 MiB of a declared 10 MiB upload stalled in flight; SIGTERM -> exit code 0 in 5019 ms; stalled socket closed +5007 ms after SIGTERM; grace warning logged: true; response on the stalled socket: none; content rows 0, stored files 1; shared stack readyz 200; FAILURES ["content rows 0, stored files 1"]
  ✘  1 [chromium-en] › e2e/dg2-qa-r11.spec.ts:415:1 › R11-02 SIGTERM -> app.close() after a stalled over-limit upload is prompt; with an upload stalled IN FLIGHT it is bounded by the grace period (7.5s)
QA-R12 [en] R12-07 ["control: client aborts, process stays up: store during the stall [\"/<uuid>/<uuid>/<item>/<uuid>.part (2097152 B)\"]; client destroyed, 1.5 s later SIGTERM -> exit 0 in 17 ms; store after exit []; after a restart on the same store (+2 s) (not needed); content rows 0; currentContentId null; GET content 404","SIGTERM with the upload stalled in flight: store during the stall [\"/<uuid>/<uuid>/<item>/<uuid>.part (2097152 B)\"]; SIGTERM -> exit 0 in 5019 ms; client socket closed by the server true; store after exit [\"/<uuid>/<uuid>/<item>/<uuid>.part (2097152 B)\"]; after a restart on the same store (+2 s) [\"/<uuid>/<uuid>/<item>/<uuid>.part (2097152 B)\"]; content rows 0; currentContentId null; GET content 404"]
  ✘  2 [chromium-en] › e2e/dg2-qa-r12.spec.ts:778:1 › R12-07 an upload stalled in flight at SIGTERM: what the evidence store keeps after exit and after a restart (control: client abort while the process stays up) (12.2s)
QA-R11 [ar] R11-02 (a) GET /me 200 on an idle keep-alive socket + stalled over-limit chunked upload 413 + fully-sent 25 MiB + 1 upload 413 (Connection: keep-alive); SIGTERM -> exit code 0 in 20 ms; both sockets closed: true; 'shut down' logged: true; (b) 2 MiB of a declared 10 MiB upload stalled in flight; SIGTERM -> exit code 0 in 5022 ms; stalled socket closed +5009 ms after SIGTERM; grace warning logged: true; response on the stalled socket: none; content rows 0, stored files 1; shared stack readyz 200; FAILURES ["content rows 0, stored files 1"]
  ✘  3 [chromium-ar] › e2e/dg2-qa-r11.spec.ts:415:1 › R11-02 SIGTERM -> app.close() after a stalled over-limit upload is prompt; with an upload stalled IN FLIGHT it is bounded by the grace period (7.5s)
QA-R12 [ar] R12-07 ["control: client aborts, process stays up: store during the stall [\"/<uuid>/<uuid>/<item>/<uuid>.part (2097152 B)\"]; client destroyed, 1.5 s later SIGTERM -> exit 0 in 16 ms; store after exit []; after a restart on the same store (+2 s) (not needed); content rows 0; currentContentId null; GET content 404","SIGTERM with the upload stalled in flight: store during the stall [\"/<uuid>/<uuid>/<item>/<uuid>.part (2097152 B)\"]; SIGTERM -> exit 0 in 5022 ms; client socket closed by the server true; store after exit [\"/<uuid>/<uuid>/<item>/<uuid>.part (2097152 B)\"]; after a restart on the same store (+2 s) [\"/<uuid>/<uuid>/<item>/<uuid>.part (2097152 B)\"]; content rows 0; currentContentId null; GET content 404"]
  ✘  4 [chromium-ar] › e2e/dg2-qa-r12.spec.ts:778:1 › R12-07 an upload stalled in flight at SIGTERM: what the evidence store keeps after exit and after a restart (control: client abort while the process stays up) (12.5s)


  1) [chromium-en] › e2e/dg2-qa-r11.spec.ts:415:1 › R11-02 SIGTERM -> app.close() after a stalled over-limit upload is prompt; with an upload stalled IN FLIGHT it is bounded by the grace period 

    Error: [2mexpect([22m[31mreceived[39m[2m).[22mtoEqual[2m([22m[32mexpected[39m[2m) // deep equality[22m

    [32m- Expected  - 1[39m
    [31m+ Received  + 3[39m

    [32m- Array [][39m
    [31m+ Array [[39m
    [31m+   "content rows 0, stored files 1",[39m
    [31m+ ][39m

      448 |   const ready = (await lead.req.get("/readyz")).status();
      449 |   console.log(`QA-R11 [${lang}] R11-02 ${lineA}; ${lineB}; content rows ${rows}, stored files ${files.length}; shared stack readyz ${ready}; ${failures.length ? "FAILURES " + JSON.stringify(failures) : "OK"}`);
    > 450 |   expect(failures).toEqual([]);
          |                    ^
      451 |   expect(ready).toBe(200);
      452 | });
      453 |
        at $TMPDIR/neg/e2e/dg2-qa-r11.spec.ts:450:20

    attachment #1: trace (application/zip) ─────────────────────────────────────────────────────────
    test-results/e2e-dg2-qa-r11-R11-02-SIGT-4b7c7-bounded-by-the-grace-period-chromium-en/trace.zip
    Usage:

        npx playwright show-trace test-results/e2e-dg2-qa-r11-R11-02-SIGT-4b7c7-bounded-by-the-grace-period-chromium-en/trace.zip

    ────────────────────────────────────────────────────────────────────────────────────────────────

  2) [chromium-en] › e2e/dg2-qa-r12.spec.ts:778:1 › R12-07 an upload stalled in flight at SIGTERM: what the evidence store keeps after exit and after a restart (control: client abort while the process stays up) 

    Error: SIGTERM with the upload stalled in flight: files left in the evidence store after the process exited

    [2mexpect([22m[31mreceived[39m[2m).[22mtoEqual[2m([22m[32mexpected[39m[2m) // deep equality[22m

    [32m- Expected  - 1[39m
    [31m+ Received  + 3[39m

    [32m- Array [][39m
    [31m+ Array [[39m
    [31m+   "/<uuid>/<uuid>/<item>/<uuid>.part (2097152 B)",[39m
    [31m+ ][39m

      713 |     expect(r.download, r.label).not.toBe(200);
      714 |     // "nothing stored": no final object and no temporary object may outlive a failed upload.
    > 715 |     expect(r.afterExit, `${r.label}: files left in the evidence store after the process exited`).toEqual([]);
          |                                                                                                  ^
      716 |   }
      717 | });
      718 |
        at $TMPDIR/neg/e2e/dg2-qa-r12.spec.ts:715:98

    attachment #1: trace (application/zip) ─────────────────────────────────────────────────────────
    test-results/e2e-dg2-qa-r12-R12-07-an-u-8781c-while-the-process-stays-up--chromium-en/trace.zip
    Usage:

        npx playwright show-trace test-results/e2e-dg2-qa-r12-R12-07-an-u-8781c-while-the-process-stays-up--chromium-en/trace.zip

    ────────────────────────────────────────────────────────────────────────────────────────────────

  3) [chromium-ar] › e2e/dg2-qa-r11.spec.ts:415:1 › R11-02 SIGTERM -> app.close() after a stalled over-limit upload is prompt; with an upload stalled IN FLIGHT it is bounded by the grace period 

    Error: [2mexpect([22m[31mreceived[39m[2m).[22mtoEqual[2m([22m[32mexpected[39m[2m) // deep equality[22m

    [32m- Expected  - 1[39m
    [31m+ Received  + 3[39m

    [32m- Array [][39m
    [31m+ Array [[39m
    [31m+   "content rows 0, stored files 1",[39m
    [31m+ ][39m

      448 |   const ready = (await lead.req.get("/readyz")).status();
      449 |   console.log(`QA-R11 [${lang}] R11-02 ${lineA}; ${lineB}; content rows ${rows}, stored files ${files.length}; shared stack readyz ${ready}; ${failures.length ? "FAILURES " + JSON.stringify(failures) : "OK"}`);
    > 450 |   expect(failures).toEqual([]);
          |                    ^
      451 |   expect(ready).toBe(200);
      452 | });
      453 |
        at $TMPDIR/neg/e2e/dg2-qa-r11.spec.ts:450:20

    attachment #1: trace (application/zip) ─────────────────────────────────────────────────────────
    test-results/e2e-dg2-qa-r11-R11-02-SIGT-4b7c7-bounded-by-the-grace-period-chromium-ar/trace.zip
    Usage:

        npx playwright show-trace test-results/e2e-dg2-qa-r11-R11-02-SIGT-4b7c7-bounded-by-the-grace-period-chromium-ar/trace.zip

    ────────────────────────────────────────────────────────────────────────────────────────────────

  4) [chromium-ar] › e2e/dg2-qa-r12.spec.ts:778:1 › R12-07 an upload stalled in flight at SIGTERM: what the evidence store keeps after exit and after a restart (control: client abort while the process stays up) 

    Error: SIGTERM with the upload stalled in flight: files left in the evidence store after the process exited

    [2mexpect([22m[31mreceived[39m[2m).[22mtoEqual[2m([22m[32mexpected[39m[2m) // deep equality[22m

    [32m- Expected  - 1[39m
    [31m+ Received  + 3[39m

    [32m- Array [][39m
    [31m+ Array [[39m
    [31m+   "/<uuid>/<uuid>/<item>/<uuid>.part (2097152 B)",[39m
    [31m+ ][39m

      713 |     expect(r.download, r.label).not.toBe(200);
      714 |     // "nothing stored": no final object and no temporary object may outlive a failed upload.
    > 715 |     expect(r.afterExit, `${r.label}: files left in the evidence store after the process exited`).toEqual([]);
          |                                                                                                  ^
      716 |   }
      717 | });
      718 |
        at $TMPDIR/neg/e2e/dg2-qa-r12.spec.ts:715:98

    attachment #1: trace (application/zip) ─────────────────────────────────────────────────────────
    test-results/e2e-dg2-qa-r12-R12-07-an-u-8781c-while-the-process-stays-up--chromium-ar/trace.zip
    Usage:

        npx playwright show-trace test-results/e2e-dg2-qa-r12-R12-07-an-u-8781c-while-the-process-stays-up--chromium-ar/trace.zip

    ────────────────────────────────────────────────────────────────────────────────────────────────

  4 failed
    [chromium-en] › e2e/dg2-qa-r11.spec.ts:415:1 › R11-02 SIGTERM -> app.close() after a stalled over-limit upload is prompt; with an upload stalled IN FLIGHT it is bounded by the grace period 
    [chromium-en] › e2e/dg2-qa-r12.spec.ts:778:1 › R12-07 an upload stalled in flight at SIGTERM: what the evidence store keeps after exit and after a restart (control: client abort while the process stays up) 
    [chromium-ar] › e2e/dg2-qa-r11.spec.ts:415:1 › R11-02 SIGTERM -> app.close() after a stalled over-limit upload is prompt; with an upload stalled IN FLIGHT it is bounded by the grace period 
    [chromium-ar] › e2e/dg2-qa-r12.spec.ts:778:1 › R12-07 an upload stalled in flight at SIGTERM: what the evidence store keeps after exit and after a restart (control: client abort while the process stays up) 
---- api.log (tail)
exit 1
