# check: 08-unit-node24   mode: cutf8   started: 2026-10-07T05:59:05Z
# command: env -u LANG -u LC_ALL -u LC_CTYPE -u LC_COLLATE -u LC_MESSAGES -u LC_NUMERIC -u LC_TIME -u LC_MONETARY LANG=C.UTF-8 PATH=/opt/nvm/versions/node/v24.21.0/bin:$PATH pnpm test
# node v24.21.0; LANG=C.UTF-8 LC_ALL=<unset> LC_CTYPE=<unset>

> mobily-transformation-hub@0.1.0 test /home/user/My-owns
> vitest run --project unit-node --project unit-web


 RUN  v3.2.4 /home/user/My-owns

 ✓ |unit-web| src/pages/transformations/transformations.test.tsx (21 tests) 3365ms
   ✓ after create (F-DG1-004) > shows the created record when the server lets the creator read it  529ms
   ✓ effective permissions refresh after create (F-DG1-210) > English: Edit, Archive and the audit trail appear after create, without a reload  458ms
   ✓ effective permissions refresh after create (F-DG1-210) > Arabic (RTL): the same controls and the audit trail appear after create, without a reload  406ms
 ✓ |unit-web| src/pages/team/team.test.tsx (8 tests) 2309ms
   ✓ Team (English LTR) > shows the six governance roles with B0018 accountability text verbatim and who holds each  457ms
   ✓ Team (English LTR) > lists team members with the accountability on each assignment, sortable and filterable  390ms
   ✓ Team assign dialog: accountability preview follows the selected role (F-DG2-430) > en: WL on open, then KDS, TD, none and WL again, in StrictMode with no React warning  361ms
   ✓ Team assign dialog: accountability preview follows the selected role (F-DG2-430) > ar: WL on open, then KDS, TD, none and WL again, in StrictMode with no React warning  308ms
 ✓ |unit-web| src/app/app.test.tsx (17 tests) 1683ms
   ✓ transformations > lists transformations with a sortable code column and removable filter chips  310ms
 ✓ |unit-web| src/pages/p2-blank-forms.test.tsx (52 tests) 11740ms
   ✓ gate submission note (en) > a whitespace-only note is refused inline and nothing is sent  540ms
   ✓ gate submission note (en) > visible text is sent verbatim; an empty note is omitted  371ms
   ✓ journey step editor (en) > a whitespace-only actor is refused inline (not turned into null) and nothing is sent  304ms
   ✓ journey step editor (en) > a invisible-only actor is refused inline (not turned into null) and nothing is sent  310ms
   ✓ journey step editor (en) > visible text is sent verbatim; emptied optional text is null; an empty name is required  485ms
   ✓ journey step editor (ar) > a invisible-only actor is refused inline (not turned into null) and nothing is sent  301ms
   ✓ journey step editor (ar) > several blank fields: each gets the message and focus goes to the first (name)  305ms
   ✓ journey step editor (ar) > visible text is sent verbatim; emptied optional text is null; an empty name is required  425ms
   ✓ Finance validation note and archive reason (ar) > reason: empty keeps 'too short'; visible text is sent verbatim  328ms
 ✓ |unit-web| src/pages/p2.test.tsx (56 tests) 11953ms
   ✓ Diagnose > shows the six T01 dimensions with Unknown for missing values, and value pools that are never 0  660ms
   ✓ Diagnose > renders the six workstreams with their key questions  335ms
   ✓ Diagnose > edits a T01 row with only the changed fields and If-Match  408ms
   ✓ Diagnose > a 409 on save writes nothing, compares, and re-applies on the current version  382ms
   ✓ Diagnose > a 400 validation.blank shows a localized message on its field ('en')  424ms
   ✓ Diagnose > a 400 validation.blank shows a localized message on its field ('ar')  437ms
   ✓ Diagnose > an invisible-only value is blocked client-side with validation.blank ('en')  408ms
   ✓ Diagnose > an invisible-only value is blocked client-side with validation.blank ('ar')  402ms
   ✓ Diagnose > a whitespace-only T01 value is an inline blank error and sends nothing ('en')  433ms
   ✓ Diagnose > a whitespace-only T01 value is an inline blank error and sends nothing ('ar')  391ms
   ✓ Diagnose > T01: an emptied field is sent as an explicit null; visible text is sent verbatim  457ms
   ✓ Define: KPI activation (F-DG2-201) > Arabic: the Activate action and the 422 reason are in Arabic  316ms
   ✓ Charter > scope pre-check: an empty Out of scope reads as failing (EN and AR)  324ms
   ✓ Design > shows the ten canvas boxes and the per-dimension view  349ms
   ✓ Design > converts an unresolved workshop item into a design decision with If-Match  533ms
 ✓ |unit-web| src/components/RecordForm.alerts.test.tsx (16 tests) 1046ms
 ✓ |unit-web| src/components/States.test.tsx (15 tests) 411ms
 ✓ |unit-web| src/lib/lib.test.ts (24 tests) 65ms
 ✓ |unit-web| src/pages/transformations/modeGuidance.test.tsx (5 tests) 926ms
   ✓ New transformation: mode guidance (English LTR) > shows When to use and How for the selected mode and switches with the mode  395ms
 ✓ |unit-web| src/test/react-warning-guard.test.tsx (4 tests) 34ms
 ✓ |unit-web| src/i18n/i18n.test.ts (11 tests) 30ms
 ✓ |unit-web| src/lib/auditChanges.test.ts (15 tests) 26ms
 ✓ |unit-web| src/i18n/glossary.test.ts (8 tests) 11ms
 ✓ |unit-web| src/styles/styles.test.ts (6 tests) 9ms
 ✓ |unit-web| src/test/harness-config.test.ts (2 tests) 3ms
 ✓ |unit-node| apps/api/src/modules/workflows/workflows.test.ts (14 tests) 687ms
   ✓ workflows module (P2) > its declared boundary holds, and an undeclared dependency would be caught  634ms
 ✓ |unit-node| apps/api/src/modules/kpi/kpi.test.ts (18 tests) 653ms
   ✓ kpi module (P2) > its declared boundary holds, and a planted bypass or undeclared dependency would be caught  596ms
 ✓ |unit-node| apps/api/src/architecture.test.ts (135 tests) 2930ms
   ✓ API module boundaries (ADR-0002) > every import respects dependsOn, public surfaces and allowed packages  1662ms
   ✓ package dependency direction (ADR-0002 rule 5) > apps/web never imports @mth/db or @mth/config (browser bundle, no secrets)  648ms
 ✓ |unit-node| apps/api/src/modules/platform/in-flight.test.ts (4 tests) 279ms
 ✓ |unit-node| apps/api/src/modules/evidence/evidence.test.ts (13 tests) 398ms
   ✓ evidence module (P2) > its declared boundary holds  335ms
 ✓ |unit-node| apps/api/src/server.test.ts (6 tests) 332ms
 ✓ |unit-node| packages/shared/src/value.test.ts (29 tests) 142ms
 ✓ |unit-node| packages/shared/src/schemas/schemas.test.ts (69 tests) 195ms
 ✓ |unit-node| apps/api/src/modules/methodology/methodology.test.ts (4 tests) 210ms
 ✓ |unit-node| apps/api/src/modules/platform/media-types.test.ts (57 tests) 142ms
 ✓ |unit-node| apps/api/src/modules/reporting/reporting.test.ts (4 tests) 123ms
 ✓ |unit-node| packages/config/src/load.test.ts (17 tests) 84ms
 ✓ |unit-node| apps/api/src/modules/platform/platform.test.ts (19 tests) 124ms
 ✓ |unit-node| apps/api/src/modules/platform/connection-hygiene.test.ts (6 tests) 71ms
 ✓ |unit-node| packages/design-tokens/src/tokens.test.ts (15 tests) 38ms
 ✓ |unit-node| apps/api/src/modules/platform/incomplete-body.test.ts (10 tests) 57ms
 ✓ |unit-node| apps/api/src/request-encoding.test.ts (11 tests) 69ms
(node:12191) [FSTDEP022] FastifyWarning: The router options for constraints property access is deprecated. Please use "options.routerOptions" instead for accessing router options. The router options will be removed in `fastify@6`.
(Use `node --trace-warnings ...` to show where the warning was created)
 ✓ |unit-node| apps/api/src/modules/platform/framework-errors.test.ts (6 tests) 34ms
 ✓ |unit-node| apps/api/src/modules/kpi/rules.test.ts (30 tests) 36ms
 ✓ |unit-node| apps/api/src/modules/platform/health.test.ts (2 tests) 35ms
 ✓ |unit-node| packages/db/src/seed.test.ts (7 tests) 17ms
 ✓ |unit-node| apps/api/src/modules/access/rules.test.ts (12 tests) 10ms
 ✓ |unit-node| apps/api/src/modules/transformations/good-outcome.test.ts (7 tests) 8ms
 ✓ |unit-node| apps/api/src/modules/admin/branding.test.ts (4 tests) 38ms
 ✓ |unit-node| apps/api/src/modules/platform/request-encoding.test.ts (7 tests) 8ms
 ✓ |unit-node| apps/api/src/modules/transformations/thesis.test.ts (4 tests) 7ms
 ✓ |unit-node| apps/api/src/modules/identity/oidc-claims.test.ts (5 tests) 4ms
 ✓ |unit-node| apps/api/src/modules/transformations/transitions.test.ts (2 tests) 4ms
 ✓ |unit-node| apps/api/src/modules/transformations/exclusions.test.ts (19 tests) 5ms

 Test Files  44 passed (44)
      Tests  796 passed (796)
   Start at  05:59:06
   Duration  27.23s (transform 2.73s, setup 1.49s, collect 20.98s, tests 40.35s, environment 6.99s, prepare 3.40s)

# exit: 0   finished: 2026-10-07T05:59:33Z
