# check: 07-unit-node22   mode: cutf8   started: 2026-10-07T05:58:34Z
# command: env -u LANG -u LC_ALL -u LC_CTYPE -u LC_COLLATE -u LC_MESSAGES -u LC_NUMERIC -u LC_TIME -u LC_MONETARY LANG=C.UTF-8 PATH=/opt/node22/bin:$PATH pnpm test
# node v22.22.2; LANG=C.UTF-8 LC_ALL=<unset> LC_CTYPE=<unset>

> mobily-transformation-hub@0.1.0 test /home/user/My-owns
> vitest run --project unit-node --project unit-web


 RUN  v3.2.4 /home/user/My-owns

 ✓ |unit-web| src/pages/transformations/transformations.test.tsx (21 tests) 3741ms
   ✓ after create (F-DG1-004) > shows the created record when the server lets the creator read it  511ms
   ✓ effective permissions refresh after create (F-DG1-210) > English: Edit, Archive and the audit trail appear after create, without a reload  455ms
   ✓ effective permissions refresh after create (F-DG1-210) > Arabic (RTL): the same controls and the audit trail appear after create, without a reload  444ms
 ✓ |unit-web| src/pages/team/team.test.tsx (8 tests) 2374ms
   ✓ Team (English LTR) > shows the six governance roles with B0018 accountability text verbatim and who holds each  489ms
   ✓ Team (English LTR) > a Transformation Lead assigns a Workstream Lead: Idempotency-Key, reason, accountability preview  324ms
   ✓ Team assign dialog: accountability preview follows the selected role (F-DG2-430) > en: WL on open, then KDS, TD, none and WL again, in StrictMode with no React warning  304ms
   ✓ Team assign dialog: accountability preview follows the selected role (F-DG2-430) > ar: WL on open, then KDS, TD, none and WL again, in StrictMode with no React warning  338ms
 ✓ |unit-web| src/app/app.test.tsx (17 tests) 1855ms
   ✓ transformations > lists transformations with a sortable code column and removable filter chips  317ms
 ✓ |unit-web| src/pages/p2-blank-forms.test.tsx (52 tests) 12888ms
   ✓ gate submission note (en) > a whitespace-only note is refused inline and nothing is sent  492ms
   ✓ gate submission note (en) > visible text is sent verbatim; an empty note is omitted  449ms
   ✓ gate submission note (ar) > visible text is sent verbatim; an empty note is omitted  432ms
   ✓ journey step editor (en) > a whitespace-only actor is refused inline (not turned into null) and nothing is sent  447ms
   ✓ journey step editor (en) > a invisible-only actor is refused inline (not turned into null) and nothing is sent  393ms
   ✓ journey step editor (en) > several blank fields: each gets the message and focus goes to the first (name)  324ms
   ✓ journey step editor (en) > visible text is sent verbatim; emptied optional text is null; an empty name is required  424ms
   ✓ journey step editor (ar) > a invisible-only actor is refused inline (not turned into null) and nothing is sent  324ms
   ✓ journey step editor (ar) > several blank fields: each gets the message and focus goes to the first (name)  306ms
   ✓ journey step editor (ar) > visible text is sent verbatim; emptied optional text is null; an empty name is required  396ms
   ✓ Finance validation note and archive reason (ar) > note: a invisible-only note is refused inline and nothing is sent  351ms
 ✓ |unit-web| src/components/RecordForm.alerts.test.tsx (16 tests) 1057ms
 ✓ |unit-web| src/pages/p2.test.tsx (56 tests) 13485ms
   ✓ Diagnose > shows the six T01 dimensions with Unknown for missing values, and value pools that are never 0  691ms
   ✓ Diagnose > shows the totals as Unknown when no pool is quantified  301ms
   ✓ Diagnose > renders the six workstreams with their key questions  422ms
   ✓ Diagnose > edits a T01 row with only the changed fields and If-Match  499ms
   ✓ Diagnose > a 409 on save writes nothing, compares, and re-applies on the current version  408ms
   ✓ Diagnose > a 400 validation.blank shows a localized message on its field ('en')  640ms
   ✓ Diagnose > a 400 validation.blank shows a localized message on its field ('ar')  482ms
   ✓ Diagnose > an invisible-only value is blocked client-side with validation.blank ('en')  430ms
   ✓ Diagnose > an invisible-only value is blocked client-side with validation.blank ('ar')  424ms
   ✓ Diagnose > a whitespace-only T01 value is an inline blank error and sends nothing ('en')  510ms
   ✓ Diagnose > a whitespace-only T01 value is an inline blank error and sends nothing ('ar')  526ms
   ✓ Diagnose > T01: an emptied field is sent as an explicit null; visible text is sent verbatim  495ms
   ✓ Define: KPI activation (F-DG2-201) > Arabic: the Activate action and the 422 reason are in Arabic  309ms
   ✓ Charter > scope pre-check: an empty Out of scope reads as failing (EN and AR)  321ms
   ✓ Charter > edit: emptying a filled field sends null; visible text is verbatim (en)  335ms
   ✓ Charter > edit: emptying a filled field sends null; visible text is verbatim (ar)  356ms
   ✓ Design > shows the ten canvas boxes and the per-dimension view  391ms
   ✓ Design > converts an unresolved workshop item into a design decision with If-Match  560ms
 ✓ |unit-web| src/components/States.test.tsx (15 tests) 392ms
 ✓ |unit-web| src/lib/lib.test.ts (24 tests) 69ms
 ✓ |unit-web| src/pages/transformations/modeGuidance.test.tsx (5 tests) 997ms
   ✓ New transformation: mode guidance (English LTR) > shows When to use and How for the selected mode and switches with the mode  469ms
 ✓ |unit-web| src/test/react-warning-guard.test.tsx (4 tests) 32ms
 ✓ |unit-web| src/lib/auditChanges.test.ts (15 tests) 23ms
 ✓ |unit-web| src/i18n/i18n.test.ts (11 tests) 25ms
 ✓ |unit-web| src/i18n/glossary.test.ts (8 tests) 9ms
 ✓ |unit-web| src/styles/styles.test.ts (6 tests) 8ms
 ✓ |unit-web| src/test/harness-config.test.ts (2 tests) 3ms
 ✓ |unit-node| apps/api/src/modules/workflows/workflows.test.ts (14 tests) 718ms
   ✓ workflows module (P2) > its declared boundary holds, and an undeclared dependency would be caught  683ms
 ✓ |unit-node| apps/api/src/architecture.test.ts (135 tests) 3074ms
   ✓ API module boundaries (ADR-0002) > every import respects dependsOn, public surfaces and allowed packages  1762ms
   ✓ package dependency direction (ADR-0002 rule 5) > apps/web never imports @mth/db or @mth/config (browser bundle, no secrets)  756ms
 ✓ |unit-node| apps/api/src/modules/kpi/kpi.test.ts (18 tests) 773ms
   ✓ kpi module (P2) > its declared boundary holds, and a planted bypass or undeclared dependency would be caught  723ms
 ✓ |unit-node| apps/api/src/modules/platform/in-flight.test.ts (4 tests) 269ms
 ✓ |unit-node| apps/api/src/modules/evidence/evidence.test.ts (13 tests) 531ms
   ✓ evidence module (P2) > its declared boundary holds  424ms
 ✓ |unit-node| apps/api/src/server.test.ts (6 tests) 421ms
 ✓ |unit-node| packages/shared/src/value.test.ts (29 tests) 203ms
 ✓ |unit-node| packages/shared/src/schemas/schemas.test.ts (69 tests) 190ms
 ✓ |unit-node| apps/api/src/modules/methodology/methodology.test.ts (4 tests) 219ms
 ✓ |unit-node| apps/api/src/modules/platform/media-types.test.ts (57 tests) 117ms
 ✓ |unit-node| apps/api/src/modules/platform/platform.test.ts (19 tests) 104ms
 ✓ |unit-node| apps/api/src/modules/reporting/reporting.test.ts (4 tests) 108ms
 ✓ |unit-node| packages/config/src/load.test.ts (17 tests) 88ms
 ✓ |unit-node| apps/api/src/modules/platform/connection-hygiene.test.ts (6 tests) 79ms
 ✓ |unit-node| apps/api/src/request-encoding.test.ts (11 tests) 54ms
 ✓ |unit-node| packages/design-tokens/src/tokens.test.ts (15 tests) 54ms
 ✓ |unit-node| apps/api/src/modules/platform/incomplete-body.test.ts (10 tests) 66ms
 ✓ |unit-node| apps/api/src/modules/platform/health.test.ts (2 tests) 30ms
 ✓ |unit-node| apps/api/src/modules/kpi/rules.test.ts (30 tests) 37ms
(node:11206) [FSTDEP022] FastifyWarning: The router options for constraints property access is deprecated. Please use "options.routerOptions" instead for accessing router options. The router options will be removed in `fastify@6`.
(Use `node --trace-warnings ...` to show where the warning was created)
 ✓ |unit-node| apps/api/src/modules/platform/framework-errors.test.ts (6 tests) 42ms
 ✓ |unit-node| packages/db/src/seed.test.ts (7 tests) 23ms
 ✓ |unit-node| apps/api/src/modules/transformations/good-outcome.test.ts (7 tests) 8ms
 ✓ |unit-node| apps/api/src/modules/admin/branding.test.ts (4 tests) 36ms
 ✓ |unit-node| apps/api/src/modules/access/rules.test.ts (12 tests) 7ms
 ✓ |unit-node| apps/api/src/modules/transformations/thesis.test.ts (4 tests) 6ms
 ✓ |unit-node| apps/api/src/modules/platform/request-encoding.test.ts (7 tests) 7ms
 ✓ |unit-node| apps/api/src/modules/transformations/exclusions.test.ts (19 tests) 5ms
 ✓ |unit-node| apps/api/src/modules/identity/oidc-claims.test.ts (5 tests) 5ms
 ✓ |unit-node| apps/api/src/modules/transformations/transitions.test.ts (2 tests) 5ms

 Test Files  44 passed (44)
      Tests  796 passed (796)
   Start at  05:58:34
   Duration  30.34s (transform 3.29s, setup 1.98s, collect 23.38s, tests 44.24s, environment 7.75s, prepare 3.44s)

# exit: 0   finished: 2026-10-07T05:59:05Z
