# check: 07-unit-node22   mode: nolocale   started: 2026-10-07T05:47:08Z
# command: env -u LANG -u LC_ALL -u LC_CTYPE -u LC_COLLATE -u LC_MESSAGES -u LC_NUMERIC -u LC_TIME -u LC_MONETARY  PATH=/opt/node22/bin:$PATH pnpm test
# node v22.22.2; LANG=<unset> LC_ALL=<unset> LC_CTYPE=<unset>

> mobily-transformation-hub@0.1.0 test /home/user/My-owns
> vitest run --project unit-node --project unit-web


 RUN  v3.2.4 /home/user/My-owns

 ✓ |unit-web| src/pages/transformations/transformations.test.tsx (21 tests) 3899ms
   ✓ after create (F-DG1-004) > shows the created record when the server lets the creator read it  485ms
   ✓ effective permissions refresh after create (F-DG1-210) > English: Edit, Archive and the audit trail appear after create, without a reload  529ms
   ✓ effective permissions refresh after create (F-DG1-210) > Arabic (RTL): the same controls and the audit trail appear after create, without a reload  449ms
 ✓ |unit-web| src/pages/team/team.test.tsx (8 tests) 2436ms
   ✓ Team (English LTR) > shows the six governance roles with B0018 accountability text verbatim and who holds each  516ms
   ✓ Team (English LTR) > a Transformation Lead assigns a Workstream Lead: Idempotency-Key, reason, accountability preview  307ms
   ✓ Team (English LTR) > shows a 403 from the server in words; nothing is assigned  323ms
   ✓ Team assign dialog: accountability preview follows the selected role (F-DG2-430) > ar: WL on open, then KDS, TD, none and WL again, in StrictMode with no React warning  338ms
 ✓ |unit-web| src/app/app.test.tsx (17 tests) 1781ms
 ✓ |unit-web| src/pages/p2-blank-forms.test.tsx (52 tests) 12950ms
   ✓ gate submission note (en) > a whitespace-only note is refused inline and nothing is sent  523ms
   ✓ gate submission note (en) > visible text is sent verbatim; an empty note is omitted  446ms
   ✓ gate submission note (ar) > visible text is sent verbatim; an empty note is omitted  341ms
   ✓ journey step editor (en) > a whitespace-only actor is refused inline (not turned into null) and nothing is sent  378ms
   ✓ journey step editor (en) > a invisible-only actor is refused inline (not turned into null) and nothing is sent  314ms
   ✓ journey step editor (en) > several blank fields: each gets the message and focus goes to the first (name)  386ms
   ✓ journey step editor (en) > visible text is sent verbatim; emptied optional text is null; an empty name is required  435ms
   ✓ journey step editor (ar) > a whitespace-only actor is refused inline (not turned into null) and nothing is sent  320ms
   ✓ journey step editor (ar) > visible text is sent verbatim; emptied optional text is null; an empty name is required  370ms
   ✓ Finance validation note and archive reason (en) > reason: a server 400 validation.blank on /reason is the field message, not a generic error  301ms
   ✓ Finance validation note and archive reason (ar) > note: empty is 'required'; visible text is sent verbatim  341ms
 ✓ |unit-web| src/components/RecordForm.alerts.test.tsx (16 tests) 1073ms
 ✓ |unit-web| src/pages/p2.test.tsx (56 tests) 13432ms
   ✓ Diagnose > shows the six T01 dimensions with Unknown for missing values, and value pools that are never 0  674ms
   ✓ Diagnose > renders the six workstreams with their key questions  405ms
   ✓ Diagnose > edits a T01 row with only the changed fields and If-Match  499ms
   ✓ Diagnose > a 409 on save writes nothing, compares, and re-applies on the current version  376ms
   ✓ Diagnose > a 400 validation.blank shows a localized message on its field ('en')  570ms
   ✓ Diagnose > a 400 validation.blank shows a localized message on its field ('ar')  475ms
   ✓ Diagnose > an invisible-only value is blocked client-side with validation.blank ('en')  501ms
   ✓ Diagnose > an invisible-only value is blocked client-side with validation.blank ('ar')  440ms
   ✓ Diagnose > a whitespace-only T01 value is an inline blank error and sends nothing ('en')  483ms
   ✓ Diagnose > a whitespace-only T01 value is an inline blank error and sends nothing ('ar')  443ms
   ✓ Diagnose > T01: an emptied field is sent as an explicit null; visible text is sent verbatim  566ms
   ✓ Define: KPI activation (F-DG2-201) > Arabic: the Activate action and the 422 reason are in Arabic  383ms
   ✓ Charter > scope pre-check: an empty Out of scope reads as failing (EN and AR)  367ms
   ✓ Charter > edit: emptying a filled field sends null; visible text is verbatim (en)  318ms
   ✓ Charter > edit: emptying a filled field sends null; visible text is verbatim (ar)  320ms
   ✓ Design > shows the ten canvas boxes and the per-dimension view  379ms
   ✓ Design > converts an unresolved workshop item into a design decision with If-Match  557ms
 ✓ |unit-web| src/components/States.test.tsx (15 tests) 396ms
 ✓ |unit-web| src/lib/lib.test.ts (24 tests) 57ms
 ✓ |unit-web| src/pages/transformations/modeGuidance.test.tsx (5 tests) 944ms
   ✓ New transformation: mode guidance (English LTR) > shows When to use and How for the selected mode and switches with the mode  452ms
 ✓ |unit-web| src/test/react-warning-guard.test.tsx (4 tests) 46ms
 ✓ |unit-web| src/i18n/i18n.test.ts (11 tests) 22ms
 ✓ |unit-web| src/lib/auditChanges.test.ts (15 tests) 21ms
 ✓ |unit-web| src/i18n/glossary.test.ts (8 tests) 10ms
 ✓ |unit-web| src/styles/styles.test.ts (6 tests) 9ms
 ✓ |unit-web| src/test/harness-config.test.ts (2 tests) 3ms
 ✓ |unit-node| apps/api/src/modules/workflows/workflows.test.ts (14 tests) 660ms
   ✓ workflows module (P2) > its declared boundary holds, and an undeclared dependency would be caught  624ms
 ✓ |unit-node| apps/api/src/modules/kpi/kpi.test.ts (18 tests) 722ms
   ✓ kpi module (P2) > its declared boundary holds, and a planted bypass or undeclared dependency would be caught  654ms
 ✓ |unit-node| apps/api/src/architecture.test.ts (135 tests) 3093ms
   ✓ API module boundaries (ADR-0002) > every import respects dependsOn, public surfaces and allowed packages  1616ms
   ✓ package dependency direction (ADR-0002 rule 5) > apps/web never imports @mth/db or @mth/config (browser bundle, no secrets)  917ms
 ✓ |unit-node| apps/api/src/modules/platform/in-flight.test.ts (4 tests) 269ms
 ✓ |unit-node| packages/shared/src/schemas/schemas.test.ts (69 tests) 224ms
 ✓ |unit-node| apps/api/src/server.test.ts (6 tests) 433ms
 ✓ |unit-node| apps/api/src/modules/evidence/evidence.test.ts (13 tests) 571ms
   ✓ evidence module (P2) > its declared boundary holds  486ms
 ✓ |unit-node| packages/shared/src/value.test.ts (29 tests) 165ms
 ✓ |unit-node| apps/api/src/modules/platform/media-types.test.ts (57 tests) 124ms
 ✓ |unit-node| apps/api/src/modules/methodology/methodology.test.ts (4 tests) 249ms
 ✓ |unit-node| apps/api/src/modules/reporting/reporting.test.ts (4 tests) 124ms
 ✓ |unit-node| apps/api/src/modules/platform/platform.test.ts (19 tests) 117ms
 ✓ |unit-node| packages/config/src/load.test.ts (17 tests) 77ms
 ✓ |unit-node| apps/api/src/modules/platform/connection-hygiene.test.ts (6 tests) 76ms
 ✓ |unit-node| apps/api/src/modules/platform/incomplete-body.test.ts (10 tests) 74ms
 ✓ |unit-node| apps/api/src/request-encoding.test.ts (11 tests) 66ms
 ✓ |unit-node| apps/api/src/modules/platform/health.test.ts (2 tests) 57ms
 ✓ |unit-node| apps/api/src/modules/admin/branding.test.ts (4 tests) 41ms
 ✓ |unit-node| apps/api/src/modules/kpi/rules.test.ts (30 tests) 42ms
 ✓ |unit-node| packages/design-tokens/src/tokens.test.ts (15 tests) 49ms
 ✓ |unit-node| packages/db/src/seed.test.ts (7 tests) 20ms
(node:1151) [FSTDEP022] FastifyWarning: The router options for constraints property access is deprecated. Please use "options.routerOptions" instead for accessing router options. The router options will be removed in `fastify@6`.
(Use `node --trace-warnings ...` to show where the warning was created)
 ✓ |unit-node| apps/api/src/modules/access/rules.test.ts (12 tests) 10ms
 ✓ |unit-node| apps/api/src/modules/platform/framework-errors.test.ts (6 tests) 31ms
 ✓ |unit-node| apps/api/src/modules/platform/request-encoding.test.ts (7 tests) 7ms
 ✓ |unit-node| apps/api/src/modules/transformations/good-outcome.test.ts (7 tests) 8ms
 ✓ |unit-node| apps/api/src/modules/transformations/thesis.test.ts (4 tests) 6ms
 ✓ |unit-node| apps/api/src/modules/transformations/transitions.test.ts (2 tests) 4ms
 ✓ |unit-node| apps/api/src/modules/identity/oidc-claims.test.ts (5 tests) 7ms
 ✓ |unit-node| apps/api/src/modules/transformations/exclusions.test.ts (19 tests) 5ms

 Test Files  44 passed (44)
      Tests  796 passed (796)
   Start at  05:47:09
   Duration  30.48s (transform 3.11s, setup 1.92s, collect 23.38s, tests 44.41s, environment 7.62s, prepare 3.60s)

# exit: 0   finished: 2026-10-07T05:47:40Z
