
> mobily-transformation-hub@0.1.0 test /home/user/wt/dg4-kbe-e
> vitest run --project unit-node --project unit-web && vitest run --project unit-formula-nocodegen


 RUN  v3.2.4 /home/user/wt/dg4-kbe-e

 ✓ |unit-web| src/pages/render-time-language.test.tsx (28 tests) 10308ms
   ✓ sign-in (dev form), 'en' → 'ar' > an invalid user name: the inline message follows the switch  412ms
   ✓ journey step editor, 'en' → 'ar' > a field error on a step follows the switch  996ms
   ✓ journey step editor, 'en' → 'ar' > the form-level "Step N:" error follows the switch (prefix and message)  576ms
   ✓ journey step editor, 'ar' → 'en' > a field error on a step follows the switch  760ms
   ✓ journey step editor, 'ar' → 'en' > the form-level "Step N:" error follows the switch (prefix and message)  841ms
   ✓ row-action note and reason dialog, 'en' → 'ar' > the Finance validation note's 'required' follows the switch  573ms
   ✓ row-action note and reason dialog, 'en' → 'ar' > the Finance validation choice's 'required' follows the switch  651ms
   ✓ row-action note and reason dialog, 'en' → 'ar' > the archive reason's 'too short' follows the switch  410ms
   ✓ row-action note and reason dialog, 'ar' → 'en' > the Finance validation note's 'required' follows the switch  335ms
   ✓ row-action note and reason dialog, 'ar' → 'en' > the Finance validation choice's 'required' follows the switch  430ms
   ✓ row-action note and reason dialog, 'ar' → 'en' > the archive reason's 'too short' follows the switch  417ms
   ✓ North Star statement, 'en' → 'ar' > the statement's field error follows the switch  414ms
   ✓ evidence dialogs, 'en' → 'ar' > upload without a file: 'required' follows the switch  368ms
   ✓ evidence dialogs, 'en' → 'ar' > a link without a record type or record: both 'required' messages follow the switch  402ms
   ✓ evidence dialogs, 'ar' → 'en' > upload without a file: 'required' follows the switch  412ms
   ✓ evidence dialogs, 'ar' → 'en' > a link without a record type or record: both 'required' messages follow the switch  348ms
 ✓ |unit-web| src/pages/p2.test.tsx (56 tests) 17942ms
   ✓ Diagnose > shows the six T01 dimensions with Unknown for missing values, and value pools that are never 0  1092ms
   ✓ Diagnose > shows the totals as Unknown when no pool is quantified  346ms
   ✓ Diagnose > renders the six workstreams with their key questions  530ms
   ✓ Diagnose > edits a T01 row with only the changed fields and If-Match  576ms
   ✓ Diagnose > a 409 on save writes nothing, compares, and re-applies on the current version  517ms
   ✓ Diagnose > a 400 validation.blank shows a localized message on its field ('en')  845ms
   ✓ Diagnose > a 400 validation.blank shows a localized message on its field ('ar')  633ms
   ✓ Diagnose > an invisible-only value is blocked client-side with validation.blank ('en')  611ms
   ✓ Diagnose > an invisible-only value is blocked client-side with validation.blank ('ar')  665ms
   ✓ Diagnose > a whitespace-only T01 value is an inline blank error and sends nothing ('en')  570ms
   ✓ Diagnose > a whitespace-only T01 value is an inline blank error and sends nothing ('ar')  621ms
   ✓ Diagnose > T01: an emptied field is sent as an explicit null; visible text is sent verbatim  682ms
   ✓ Define > sets the North Star with one sentence and no If-Match the first time  320ms
   ✓ Define: KPI activation (F-DG2-201) > offers Activate on a draft KPI, states the unmet precondition on 422, then activates with If-Match  400ms
   ✓ Define: KPI activation (F-DG2-201) > Arabic: the Activate action and the 422 reason are in Arabic  547ms
   ✓ Charter > scope pre-check: an empty Out of scope reads as failing (EN and AR)  409ms
   ✓ Charter > create: a whitespace Case for change is an inline blank error and creates nothing ('en')  304ms
   ✓ Charter > edit: a whitespace Out of scope is an inline blank error, sends nothing and keeps the value (en)  371ms
   ✓ Charter > edit: a whitespace Out of scope is an inline blank error, sends nothing and keeps the value (ar)  440ms
   ✓ Charter > edit: emptying a filled field sends null; visible text is verbatim (en)  385ms
   ✓ Charter > edit: emptying a filled field sends null; visible text is verbatim (ar)  421ms
   ✓ Design > shows the ten canvas boxes and the per-dimension view  441ms
   ✓ Design > converts an unresolved workshop item into a design decision with If-Match  714ms
   ✓ Gates (business approval) > the approver's decision: rationale required; 403 and 409 problems in words  437ms
   ✓ Evidence > uploads a revision as octet-stream with a percent-encoded file name and If-Match  419ms
   ✓ Evidence > never offers review to the creator; a filename reference can only be rejected  317ms
 ✓ |unit-web| src/pages/p2-blank-forms.test.tsx (52 tests) 19080ms
   ✓ gate submission note (en) > a whitespace-only note is refused inline and nothing is sent  753ms
   ✓ gate submission note (en) > a invisible-only note is refused inline and nothing is sent  541ms
   ✓ gate submission note (en) > visible text is sent verbatim; an empty note is omitted  652ms
   ✓ gate submission note (ar) > visible text is sent verbatim; an empty note is omitted  369ms
   ✓ gate decision rationale and comments (en) > a whitespace-only rationale is refused inline and nothing is sent  523ms
   ✓ gate decision rationale and comments (en) > a invisible-only rationale is refused inline and nothing is sent  441ms
   ✓ gate decision rationale and comments (en) > a invisible (long enough for min 3)-only rationale is refused inline and nothing is sent  325ms
   ✓ gate decision rationale and comments (en) > a whitespace-only comment is refused inline (focus on it) and nothing is sent  431ms
   ✓ gate decision rationale and comments (en) > a invisible-only comment is refused inline (focus on it) and nothing is sent  311ms
   ✓ gate decision rationale and comments (en) > visible text is sent verbatim; empty comments are omitted; an empty rationale stays 'too short'  549ms
   ✓ gate decision rationale and comments (ar) > a invisible-only rationale is refused inline and nothing is sent  392ms
   ✓ gate decision rationale and comments (ar) > a invisible-only comment is refused inline (focus on it) and nothing is sent  379ms
   ✓ journey step editor (en) > a whitespace-only actor is refused inline (not turned into null) and nothing is sent  390ms
   ✓ journey step editor (en) > a invisible-only actor is refused inline (not turned into null) and nothing is sent  454ms
   ✓ journey step editor (en) > several blank fields: each gets the message and focus goes to the first (name)  475ms
   ✓ journey step editor (en) > visible text is sent verbatim; emptied optional text is null; an empty name is required  621ms
   ✓ journey step editor (ar) > a whitespace-only actor is refused inline (not turned into null) and nothing is sent  391ms
   ✓ journey step editor (ar) > a invisible-only actor is refused inline (not turned into null) and nothing is sent  383ms
   ✓ journey step editor (ar) > several blank fields: each gets the message and focus goes to the first (name)  511ms
   ✓ journey step editor (ar) > visible text is sent verbatim; emptied optional text is null; an empty name is required  482ms
   ✓ Finance validation note and archive reason (en) > note: a whitespace-only note is refused inline and nothing is sent  520ms
   ✓ Finance validation note and archive reason (en) > note: a invisible-only note is refused inline and nothing is sent  579ms
   ✓ Finance validation note and archive reason (en) > note: empty is 'required'; visible text is sent verbatim  386ms
   ✓ Finance validation note and archive reason (en) > reason: a whitespace-only reason is refused inline and nothing is archived  332ms
   ✓ Finance validation note and archive reason (en) > reason: a invisible-only reason is refused inline and nothing is archived  392ms
   ✓ Finance validation note and archive reason (en) > reason: a server 400 validation.blank on /reason is the field message, not a generic error  338ms
   ✓ Finance validation note and archive reason (en) > reason: empty keeps 'too short'; visible text is sent verbatim  349ms
   ✓ Finance validation note and archive reason (ar) > note: a invisible-only note is refused inline and nothing is sent  300ms
   ✓ Finance validation note and archive reason (ar) > note: empty is 'required'; visible text is sent verbatim  353ms
   ✓ Finance validation note and archive reason (ar) > reason: a server 400 validation.blank on /reason is the field message, not a generic error  423ms
   ✓ Finance validation note and archive reason (ar) > reason: a reason with U+0000 is refused inline with the localized message and nothing is archived  309ms
   ✓ Finance validation note and archive reason (ar) > reason: a server 400 validation.invalid_character on /reason is the localized field message  365ms
   ✓ Finance validation note and archive reason (ar) > reason: empty keeps 'too short'; visible text is sent verbatim  385ms
 ✓ |unit-web| src/pages/portfolio/portfolio.test.tsx (32 tests) 8752ms
   ✓ Portfolio (en) > lists code, name, wave, owners and three separate columns: proposed rank, selection and funding  723ms
   ✓ Portfolio (en) > creates a draft at any time: POST /initiatives with the transformation and an Idempotency-Key  558ms
   ✓ Portfolio (ar) > creates a draft at any time: POST /initiatives with the transformation and an Idempotency-Key  340ms
   ✓ Initiative Card (en) > shows all 14 T05 fields in the source order and the 3-7 deliverables warning (a warning, not a block)  363ms
   ✓ Initiative Card (en) > launch refused: 'North Star, outcomes and target state not yet approved', then 'Selected - unfunded…'  482ms
   ✓ Initiative Card (en) > select is a labelled business approval: rationale required, If-Match, no 'on behalf of' control  334ms
   ✓ Initiative Card (en) > an outcome contribution needs an outcome; the KPI is optional and labelled so  315ms
   ✓ Initiative Card (ar) > launch refused: 'North Star, outcomes and target state not yet approved', then 'Selected - unfunded…'  317ms
   ✓ Initiative Card (ar) > select is a labelled business approval: rationale required, If-Match, no 'on behalf of' control  386ms
 ✓ |unit-web| src/auth/session-bound.test.tsx (34 tests) 8831ms
   ✓ F-DG2-530/580 no effect of A's action after a further await once the tab is B's (en) > Y1: a create whose post-create GET /me returns B: B is not navigated and never sees A's code or name  1062ms
   ✓ F-DG2-530/580 no effect of A's action after a further await once the tab is B's (en) > an edit whose identity changes between its awaits: B is not navigated to A's record and keeps nothing of A's  448ms
   ✓ F-DG2-530/580 no effect of A's action after a further await once the tab is B's (en) > an organization create whose identity changes between its awaits: B is not navigated to A's new organization  464ms
   ✓ F-DG2-530/580 no effect of A's action after a further await once the tab is B's (en) > a user create whose identity changes between its awaits: B is not navigated to A's new user  485ms
   ✓ F-DG2-530/580 no effect of A's action after a further await once the tab is B's (ar) > Y1: a create whose post-create GET /me returns B: B is not navigated and never sees A's code or name  565ms
   ✓ F-DG2-530/580 no effect of A's action after a further await once the tab is B's (ar) > an edit whose identity changes between its awaits: B is not navigated to A's record and keeps nothing of A's  385ms
   ✓ F-DG2-530/580 no effect of A's action after a further await once the tab is B's (ar) > an organization create whose identity changes between its awaits: B is not navigated to A's new organization  422ms
   ✓ F-DG2-530/580 no effect of A's action after a further await once the tab is B's (ar) > a user create whose identity changes between its awaits: B is not navigated to A's new user  477ms
   ✓ the convention: no raw navigate or cache write in app code (T-DG2-FE15) > the ESLint rule refuses a raw navigate, a raw cache write and a useNavigate import in a page  1708ms
 ✓ |unit-web| src/pages/prioritization/prioritization.test.tsx (20 tests) 6937ms
   ✓ prioritization (en) > ranked table: an incomplete score is 'incomplete' (never a number), 3.30 complete; 0–100 shows 57.5 with its label  886ms
   ✓ prioritization (en) > scorecard: 6 is refused inline and nothing is sent; 4 is POSTed as the integer; the weighted score is read-only 'incomplete'  592ms
   ✓ prioritization (en) > weight sets: the proposer is never offered approval; another approver's approval is a business approval with If-Match; 403 SoD is translated  569ms
   ✓ prioritization (en) > overrides: a reason is required (missing and invisible-only are refused, nothing sent); with a reason it is POSTed  388ms
   ✓ prioritization (en) > the read-only auditor sees the data and no enabled write control  324ms
   ✓ prioritization (ar) > ranked table: an incomplete score is 'incomplete' (never a number), 3.30 complete; 0–100 shows 57.5 with its label  422ms
   ✓ prioritization (ar) > scorecard: 6 is refused inline and nothing is sent; 4 is POSTed as the integer; the weighted score is read-only 'incomplete'  592ms
   ✓ prioritization (ar) > weight sets: the live total refuses 95% and 105%; 100% is accepted and POSTed as decimal strings  357ms
   ✓ prioritization (ar) > weight sets: the proposer is never offered approval; another approver's approval is a business approval with If-Match; 403 SoD is translated  617ms
   ✓ prioritization (ar) > weight set approval: a 409 shows the conflict banner and reloads  378ms
 ✓ |unit-web| src/auth/session-generation.test.tsx (26 tests) 9269ms
   ✓ F-DG2-530 a write in flight across an identity change (en) > X3: A's PATCH answered after B's /me is not written into B's cache, not shown, and does not navigate B  884ms
   ✓ F-DG2-530 a write in flight across an identity change (en) > X3b: the same after a session END here and B's sign-in: A's late answer never lands  554ms
   ✓ F-DG2-530 a write in flight across an identity change (en) > an archive in flight across an identity change: A's archived record never lands in B's cache  599ms
   ✓ F-DG2-530 a write in flight across an identity change (en) > an organization save in flight across an identity change: A's change is never stored under B  615ms
   ✓ F-DG2-530 a write in flight across an identity change (en) > a user save in flight across an identity change: A's change is never stored under B  588ms
   ✓ F-DG2-530 a write in flight across an identity change (en) > a same-person new session: the in-flight save is dropped silently, the draft is kept and usable  500ms
   ✓ F-DG2-530 X6: refocus and reconnect revalidate GET /me first (en) > the same identity: a refocus refetches /me once, then the stale page queries; nothing when all is fresh  376ms
   ✓ F-DG2-530 a write in flight across an identity change (ar) > X3: A's PATCH answered after B's /me is not written into B's cache, not shown, and does not navigate B  528ms
   ✓ F-DG2-530 a write in flight across an identity change (ar) > X3b: the same after a session END here and B's sign-in: A's late answer never lands  534ms
   ✓ F-DG2-530 a write in flight across an identity change (ar) > an archive in flight across an identity change: A's archived record never lands in B's cache  529ms
   ✓ F-DG2-530 a write in flight across an identity change (ar) > an organization save in flight across an identity change: A's change is never stored under B  605ms
   ✓ F-DG2-530 a write in flight across an identity change (ar) > a user save in flight across an identity change: A's change is never stored under B  591ms
   ✓ F-DG2-530 a write in flight across an identity change (ar) > a same-person new session: the in-flight save is dropped silently, the draft is kept and usable  518ms
   ✓ F-DG2-530 X6: refocus and reconnect revalidate GET /me first (ar) > the same identity: a refocus refetches /me once, then the stale page queries; nothing when all is fresh  386ms
 ✓ |unit-web| src/pages/portfolio/fe-e.test.tsx (18 tests) 7426ms
   ✓ Funding decisions (en) > is a labelled business approval with no 'on behalf of' control; rationale required; POST with an Idempotency-Key  1152ms
   ✓ Funding decisions (en) > the BE-E 422s are the dialog's one translated alert; funding.amount_invalid is also inline at /amount  985ms
   ✓ Funding decisions (ar) > is a labelled business approval with no 'on behalf of' control; rationale required; POST with an Idempotency-Key  729ms
   ✓ Funding decisions (ar) > the BE-E 422s are the dialog's one translated alert; funding.amount_invalid is also inline at /amount  499ms
   ✓ Deliverables and milestones on the card (en) > creates (Idempotency-Key), edits (If-Match) and archives (reason, If-Match) a deliverable  614ms
   ✓ Deliverables and milestones on the card (en) > creates a milestone with its wave and forecast, and edits it with If-Match  428ms
   ✓ Deliverables and milestones on the card (ar) > creates (Idempotency-Key), edits (If-Match) and archives (reason, If-Match) a deliverable  471ms
   ✓ Deliverables and milestones on the card (ar) > the card edit form translates initiative.planned_range specifically (RecordDialog namespaces)  503ms
 ✓ |unit-web| src/pages/benefit-formulas/benefit-formulas.test.tsx (18 tests) 7008ms
   ✓ T09 benefit formulas (en) > register: the six T09 columns with confidence H/M/L; examples marked illustrative with 100000 and 500000 SAR per year  1252ms
   ✓ T09 benefit formulas (en) > builder: an undefined variable shows translated, with its position, before saving; nothing is sent  807ms
   ✓ T09 benefit formulas (en) > builder: monthly ARPU × annual customers is a period mismatch, translated, before saving  478ms
   ✓ T09 benefit formulas (en) > builder: a fraction is entered as percent and stored as a fraction; a version is saved with If-Match  387ms
   ✓ T09 benefit formulas (en) > builder: a 409 shows the standard conflict panel; nothing was saved  472ms
   ✓ T09 benefit formulas (en) > Finance validation of a version: a business approval by FIN; the author cannot; translated refusal  454ms
   ✓ T09 benefit formulas (ar) > register: the six T09 columns with confidence H/M/L; examples marked illustrative with 100000 and 500000 SAR per year  457ms
   ✓ T09 benefit formulas (ar) > builder: an undefined variable shows translated, with its position, before saving; nothing is sent  409ms
   ✓ T09 benefit formulas (ar) > builder: a fraction is entered as percent and stored as a fraction; a version is saved with If-Match  443ms
 ✓ |unit-web| src/auth/session-end.test.tsx (12 tests) 9924ms
   ✓ session end while the app is open (en) > a 401 on navigation lands once on sign-in with the message; signing in again returns to the page  1733ms
   ✓ session end while the app is open (en) > a 401 on a dialog mutation (the commit-time upload refusal) closes the dialog and lands once on sign-in  1413ms
   ✓ session end while the app is open (en) > a sign-out elsewhere noticed by the next /me probe lands once on sign-in, never on the stale shell  611ms
   ✓ session end while the app is open (en) > a 403 (forbidden) is never treated as a session end  571ms
   ✓ session end while the app is open (ar) > a 401 on navigation lands once on sign-in with the message; signing in again returns to the page  1105ms
   ✓ session end while the app is open (ar) > a 401 on a dialog mutation (the commit-time upload refusal) closes the dialog and lands once on sign-in  1091ms
   ✓ session end while the app is open (ar) > a sign-out elsewhere noticed by the next /me probe lands once on sign-in, never on the stale shell  650ms
   ✓ session end while the app is open (ar) > a 403 (forbidden) is never treated as a session end  775ms
   ✓ session end under <StrictMode> (as in production) > still lands exactly once on sign-in  1114ms
   ✓ sign-in page and the cached identity > decides 'already signed in' only from a fresh /me, never from a stale cache  426ms
   ✓ sign-in page and the cached identity > signing out here shows 'signed out', not 'session ended', and no /me loop  401ms
 ✓ |unit-web| src/pages/team/team.test.tsx (10 tests) 7703ms
   ✓ Team (English LTR) > shows the six governance roles with B0018 accountability text verbatim and who holds each  922ms
   ✓ Team (English LTR) > lists team members with the accountability on each assignment, sortable and filterable  720ms
   ✓ Team (English LTR) > a Transformation Lead assigns a Workstream Lead: Idempotency-Key, reason, accountability preview  473ms
   ✓ Team (English LTR) > shows a 403 from the server in words; nothing is assigned  881ms
   ✓ Team: read-only auditor (AUD) > sees the roles, accountabilities and members, a read-only note, and no assign control  431ms
   ✓ Team (Arabic RTL) > shows Arabic role names and the provisional Arabic accountability text  617ms
   ✓ Team assign dialog: accountability preview follows the selected role (F-DG2-430) > en: WL on open, then KDS, TD, none and WL again, in StrictMode with no React warning  741ms
   ✓ Team assign dialog: accountability preview follows the selected role (F-DG2-430) > ar: WL on open, then KDS, TD, none and WL again, in StrictMode with no React warning  810ms
   ✓ Team: the success notice follows a language switch, 'en' → 'ar' > the notice is shown in the language now on screen, not the one it was created in  873ms
   ✓ Team: the success notice follows a language switch, 'ar' → 'en' > the notice is shown in the language now on screen, not the one it was created in  1226ms
 ✓ |unit-web| src/pages/business-cases/business-cases.test.tsx (18 tests) 10762ms
   ✓ business cases (en) > register: levels, Finance baseline states with text (Stale is never green) and drafts  952ms
   ✓ business cases (en) > detail: all ten sections, totals with gross / cost / net apart, net Unknown (never 0), roll-up by reference  604ms
   ✓ business cases (en) > totals: a partial total says how many Unknown lines it leaves out  351ms
   ✓ business cases (en) > sections: saves only the changed section with If-Match; blank text is refused inline and nothing is sent  1111ms
   ✓ business cases (en) > sections: a 409 shows the standard conflict panel (nothing saved) with the current values  630ms
   ✓ business cases (en) > lines: exactly one class from one select; the value basis follows the class; a 422 is translated  806ms
   ✓ business cases (en) > Finance validation: a business approval for FIN who did not author the case; If-Match; translated 403  963ms
   ✓ business cases (en) > Finance validation: the case author sees no validate action, only the separation-of-duties note  406ms
   ✓ business cases (ar) > register: levels, Finance baseline states with text (Stale is never green) and drafts  337ms
   ✓ business cases (ar) > detail: all ten sections, totals with gross / cost / net apart, net Unknown (never 0), roll-up by reference  421ms
   ✓ business cases (ar) > totals: a partial total says how many Unknown lines it leaves out  364ms
   ✓ business cases (ar) > sections: saves only the changed section with If-Match; blank text is refused inline and nothing is sent  1006ms
   ✓ business cases (ar) > sections: a 409 shows the standard conflict panel (nothing saved) with the current values  588ms
   ✓ business cases (ar) > lines: exactly one class from one select; the value basis follows the class; a 422 is translated  770ms
   ✓ business cases (ar) > Finance validation: a business approval for FIN who did not author the case; If-Match; translated 403  523ms
   ✓ business cases (ar) > Finance validation: the case author sees no validate action, only the separation-of-duties note  341ms
 ✓ |unit-web| src/pages/transformations/transformations.test.tsx (21 tests) 7894ms
   ✓ after create (F-DG1-004) > shows the created record when the server lets the creator read it  1418ms
   ✓ after create (F-DG1-004) > explains, in English, that the draft was created but cannot be opened (server 404), instead of 'Not found'  579ms
   ✓ after create (F-DG1-004) > explains the same in Arabic (RTL), using the glossary term for Transformation  317ms
   ✓ after create (F-DG1-004) > treats a 403 for the just-created record the same way  438ms
   ✓ audit trail changes (F-DG1-005) > English: field and value labels, not raw keys or enum codes  547ms
   ✓ audit trail changes (F-DG1-005) > Arabic: the same changes with Arabic labels in the RTL layout  488ms
   ✓ derived creator assignment on the audit trail (F-DG1-008) > an action the catalogue does not know stays readable and is explicitly marked (en and ar)  466ms
   ✓ effective permissions refresh after create (F-DG1-210) > English: Edit, Archive and the audit trail appear after create, without a reload  835ms
   ✓ effective permissions refresh after create (F-DG1-210) > Arabic (RTL): the same controls and the audit trail appear after create, without a reload  886ms
   ✓ effective permissions refresh after create (F-DG1-210) > does not over-grant: if the refreshed server answer adds nothing, Archive and the audit trail stay hidden  510ms
 ✓ |unit-web| src/pages/gates/g4.test.tsx (16 tests) 4932ms
   ✓ G4 refusal item by item (en) > two initiatives without owners: two separate translated 'Owners' items, never the joined English message  956ms
   ✓ G4 refusal item by item (en) > without a usable gate view: one translated line per refused criterion, never the English message  468ms
   ✓ G4 refusal item by item (ar) > two initiatives without owners: two separate translated 'Owners' items, never the joined English message  567ms
   ✓ G4 refusal item by item (ar) > without a usable gate view: one translated line per refused criterion, never the English message  364ms
   ✓ G4 view (en) > a refused submission shows the 422 list with the initiative names, translated  352ms
   ✓ G4 view (en) > the decision's 403 urn:mth:problem:forbidden is translated  301ms
   ✓ G4 view (en) > the decision's 409 urn:mth:problem:version-conflict is translated  324ms
 ✓ |unit-web| src/auth/session-identity.test.tsx (18 tests) 5968ms
   ✓ F-DG2-500 a session end on the sign-in page (en) > W5: Back to /login after A's session ends, B signs in with the development form: B never sees A's records  1258ms
   ✓ F-DG2-500 a session end on the sign-in page (en) > W5b (OIDC mode): B signs in in another tab and this tab's /me re-probe brings B: B never sees A's records  652ms
   ✓ F-DG2-500 an identity change with no session end in this tab (en) > a refocus /me that returns another identity removes every session query before B renders, and drops A's drafts  404ms
   ✓ F-DG2-500 sign-out here and 403 (en) > signing out here clears everything; B signing in afterwards never sees A's records  634ms
   ✓ F-DG2-500 a session end on the sign-in page (ar) > W5: Back to /login after A's session ends, B signs in with the development form: B never sees A's records  490ms
   ✓ F-DG2-500 a session end on the sign-in page (ar) > W5b (OIDC mode): B signs in in another tab and this tab's /me re-probe brings B: B never sees A's records  463ms
   ✓ F-DG2-500 sign-out here and 403 (ar) > signing out here clears everything; B signing in afterwards never sees A's records  666ms
 ✓ |unit-web| src/pages/capacity/fe-e.test.tsx (13 tests) 4095ms
   ✓ capacity editing (en) > creates a role; a taken code (409) is the form's translated alert; then the role is created  818ms
   ✓ capacity editing (en) > edits a role's labels and archives it, each with If-Match  349ms
   ✓ capacity editing (en) > creates a capacity row with a decimal FTE string; a duplicate (409) is translated  342ms
   ✓ capacity editing (en) > creates a demand; after the save the plan is re-read and the conflict with its shortfall appears; Unknown stays Unknown  499ms
   ✓ capacity editing (ar) > creates a demand; after the save the plan is re-read and the conflict with its shortfall appears; Unknown stays Unknown  449ms
 ✓ |unit-web| src/pages/roadmap/roadmap.test.tsx (14 tests) 4530ms
   ✓ roadmap (en) > shows the four source waves verbatim (English source also shown in Arabic) with overlapping horizons  682ms
   ✓ roadmap (en) > moving a milestone PATCHes the forecast with If-Match and the timeline, table and board all show the new date from one refetch  634ms
   ✓ roadmap (en) > a 409 on moving a milestone shows the conflict notice and reloads the roadmap  630ms
   ✓ roadmap (en) > re-approving a date requires a reason; then it is POSTed with If-Match  307ms
   ✓ roadmap (ar) > moving a milestone PATCHes the forecast with If-Match and the timeline, table and board all show the new date from one refetch  438ms
 ✓ |unit-web| src/pages/dependencies/dependencies.test.tsx (12 tests) 4060ms
   ✓ dependencies (en) > shows the seven T08 columns, an External source, the type label and the needed-by conflict flag  568ms
   ✓ dependencies (en) > a cycle is refused and shown as the translated message with the path INI-01 → INI-02 → INI-03 → INI-01  611ms
   ✓ dependencies (en) > an External source is sent as {kind: external, label}  453ms
   ✓ dependencies (ar) > a cycle is refused and shown as the translated message with the path INI-01 → INI-02 → INI-03 → INI-01  538ms
   ✓ dependencies (ar) > an External source is sent as {kind: external, label}  396ms
 ✓ |unit-web| src/pages/gates/g1-agreements.test.tsx (10 tests) 4748ms
   ✓ G1 agreements step (en) > approving G1 needs the three labelled confirmations; then sends agreements with all three true  1164ms
   ✓ G1 agreements step (en) > a non-approve outcome on G1 sends no agreements (even after ticking them)  483ms
   ✓ G1 agreements step (en) > the server's 422 gate.g1_agreements_required is the one form-level alert, with the missing confirmations  389ms
   ✓ G1 agreements step (ar) > approving G1 needs the three labelled confirmations; then sends agreements with all three true  592ms
   ✓ G1 agreements step (ar) > a non-approve outcome on G1 sends no agreements (even after ticking them)  418ms
   ✓ G1 agreements step (ar) > approving another gate (G2) shows no confirmations and sends no agreements  400ms
   ✓ G1 agreements step (ar) > the server's 422 gate.g1_agreements_required is the one form-level alert, with the missing confirmations  475ms
   ✓ G1 agreements step (ar) > the server's 422 gate.agreements_not_applicable is translated as the one form-level alert  331ms
 ✓ |unit-web| src/pages/dispensations/dispensations.test.tsx (12 tests) 3994ms
   ✓ Dispensations (en) > lists waivers and inherited approvals; unverified evidence is shown as unverified; recorder cannot decide  625ms
   ✓ Dispensations (en) > a waiver needs a reason and an expiry: refused inline, nothing sent; then sent with its scope  548ms
   ✓ Dispensations (en) > an inherited approval (Modular) needs the approving body, the date and evidence; 422s are translated  499ms
   ✓ Dispensations (en) > deciding is a labelled business approval; the delegated-decision 422 and the recorder 403 are translated  414ms
   ✓ Dispensations (ar) > a waiver needs a reason and an expiry: refused inline, nothing sent; then sent with its scope  352ms
   ✓ Dispensations (ar) > an inherited approval (Modular) needs the approving body, the date and evidence; 422s are translated  455ms
 ✓ |unit-web| src/app/app.test.tsx (17 tests) 2509ms
   ✓ bilingual shell > shows all fourteen areas to an administrator  300ms
   ✓ transformations > lists transformations with a sortable code column and removable filter chips  438ms
 ✓ |unit-web| src/pages/roadmap/fe-e.test.tsx (8 tests) 3220ms
   ✓ wave editing (en) > edits planned dates (overlap accepted) with If-Match; the source text is read-only and never sent  657ms
   ✓ wave editing (en) > 422 roadmap_wave.planned_range is inline at the planned end and translated  343ms
   ✓ wave editing (en) > adds a non-source wave with its bilingual texts (POST, Idempotency-Key)  839ms
   ✓ wave editing (ar) > adds a non-source wave with its bilingual texts (POST, Idempotency-Key)  599ms
 ✓ |unit-web| src/app/p3-seams.test.tsx (10 tests) 2979ms
   ✓ P3 routes > workspace tabs (en) > the workspace tabs include the P3 tabs, labelled from their own namespaces  1094ms
   ✓ P3 routes > workspace tabs (ar) > the workspace tabs include the P3 tabs, labelled from their own namespaces  570ms
   ✓ P3 navigation areas > en /initiatives-roadmaps leads into the Initiatives and Roadmaps tab of each transformation  373ms
   ✓ P3 navigation areas > ar /benefits-finance leads into the المنافع والمالية tab of each transformation  413ms
 ✓ |unit-web| src/components/LanguageSwitch.test.tsx (10 tests) 4037ms
   ✓ a refused language save, 'en' → other ('403 csrf') > keeps ar on screen and says, in ar, that it was not saved  1004ms
   ✓ a refused language save, 'ar' → other ('403 csrf') > keeps en on screen and says, in en, that it was not saved  641ms
   ✓ a refused language save, 'en' → other ('403 forbidden') > keeps ar on screen and says, in ar, that it was not saved  550ms
   ✓ a refused language save, 'ar' → other ('503') > keeps en on screen and says, in en, that it was not saved  675ms
   ✓ the live region and the persisted preference > a successful save never flips back to the previous language while the PUT is in flight  306ms
 ✓ |unit-web| src/pages/gates/inherited-approval.test.tsx (16 tests) 3949ms
   ✓ inherited-approval annotation (en) > Gates list: G1 pending_verification (counts false) is a badge next to 'Not submitted'  434ms
   ✓ inherited-approval annotation (en) > Gates list: G1 accepted (counts true) is a badge next to 'Not submitted'  419ms
   ✓ inherited-approval annotation (en) > gate view: an accepted inherited approval is a labelled row beside the 'Not submitted' status  599ms
 ✓ |unit-web| src/pages/capacity/capacity.test.tsx (6 tests) 2065ms
   ✓ capacity (en) > the role × month grid shows decimal FTE, the conflict with its shortfall, and Unknown capacity as Unknown (never 0)  529ms
   ✓ capacity (en) > committing a demand POSTs with If-Match; a 409 shows the conflict notice and reloads  552ms
   ✓ capacity (en) > the read-only auditor sees the grid and no commit or release control  364ms
 ✓ |unit-web| src/components/RecordForm.alerts.test.tsx (16 tests) 2233ms
   ✓ record form: one alert per distinct form error (en) > dialog > a 400 whose only field error has pointer "" says its message once, in one live region  588ms
 ✓ |unit-web| src/pages/transformations/modeGuidance.test.tsx (5 tests) 1730ms
   ✓ New transformation: mode guidance (English LTR) > shows When to use and How for the selected mode and switches with the mode  845ms
   ✓ New transformation: mode guidance (English LTR) > Modular requires an entry phase before anything is sent  338ms
   ✓ New transformation: mode guidance (English LTR) > a server validation error on the entry phase is shown on that field  343ms
 ✓ |unit-web| src/components/States.test.tsx (15 tests) 608ms
 ✓ |unit-web| src/lib/auditChanges.test.ts (125 tests) 119ms
 ✓ |unit-web| src/pages/readiness/readiness.test.tsx (4 tests) 1377ms
   ✓ Readiness (en) > lists the missing diagnostic areas by name, the gates and the translated sequencing blockers  661ms
   ✓ Readiness (en) > an accepted, verified inherited approval counts, and the gate itself still is not approved  318ms
 ✓ |unit-web| src/i18n/i18n.test.ts (11 tests) 76ms
 ✓ |unit-web| src/lib/lib.test.ts (24 tests) 66ms
 ✓ |unit-web| src/test/react-warning-guard.test.tsx (4 tests) 42ms
 ✓ |unit-web| src/styles/styles.test.ts (6 tests) 9ms
 ✓ |unit-web| src/i18n/glossary.test.ts (8 tests) 29ms
 ✓ |unit-web| src/test/harness-config.test.ts (2 tests) 3ms
 ✓ |unit-web| src/pages/business-cases/problem-codes.test.ts (4 tests) 15ms
 ✓ |unit-node| apps/api/src/modules/kpi/kpi.test.ts (38 tests) 2808ms
   ✓ kpi module (P2) > its declared boundary holds, and a planted bypass or undeclared dependency would be caught  2626ms
 ✓ |unit-node| apps/api/src/architecture.test.ts (137 tests) 11612ms
   ✓ API module boundaries (ADR-0002) > every import respects dependsOn, public surfaces and allowed packages  7320ms
   ✓ package dependency direction (ADR-0002 rule 5) > packages/shared imports no workspace package  837ms
   ✓ package dependency direction (ADR-0002 rule 5) > apps/web never imports @mth/db or @mth/config (browser bundle, no secrets)  2360ms
 ✓ |unit-node| packages/shared/src/formula/fuzz.test.ts (111 tests) 13536ms
   ✓ fuzz: no uncaught exception, no code execution > 10 000 random byte strings (0–255, up to 80 bytes)  2929ms
   ✓ fuzz: no uncaught exception, no code execution > 10 000 random UTF-16 strings including astral code points and lone surrogates  1993ms
   ✓ fuzz: no uncaught exception, no code execution > 20 000 random strings over the grammar alphabet reach parser, type checker and evaluator  5213ms
   ✓ source scan: no dynamic code in packages/shared/src/formula (ADR-0024 §6) > every file of the engine's import closure gets the engine-source lint rules (eslint.config.js)  2338ms
   ✓ source scan: no dynamic code in packages/shared/src/formula (ADR-0024 §6) > ESLint refuses the round-5 handler forms (G1, G2, A1, A2), F1 and every lintable probe-table row in an engine source  985ms
 ✓ |unit-node| packages/shared/src/kpi/property.test.ts (11 tests) 2203ms
   ✓ trajectory > linear expected values lie between the neighbouring points; step values are point values  550ms
   ✓ storage rounding > rounds once half-up: |stored − exact| ≤ 0.0000005 and the record is honest  376ms
 ✓ |unit-node| apps/api/src/modules/workflows/workflows.test.ts (14 tests) 1499ms
   ✓ workflows module (P2) > its declared boundary holds, and an undeclared dependency would be caught  1415ms
 ✓ |unit-node| apps/api/src/modules/evidence/evidence.test.ts (13 tests) 898ms
   ✓ evidence module (P2) > its declared boundary holds  797ms
 ✓ |unit-node| packages/shared/src/scoring.test.ts (36 tests) 723ms
   ✓ property: all 5^5 integer score combinations under v1 equal an independent BigInt rational computation > stored value, 2-digit display and 0–100 view all match for 3125 combinations  640ms
 ✓ |unit-node| apps/api/src/modules/reporting/reporting.test.ts (4 tests) 398ms
   ✓ reporting module (P1 scaffold, D-048) > its declared boundary holds, and a planted bypass or undeclared dependency would be caught  375ms
 ✓ |unit-node| apps/api/src/server.test.ts (6 tests) 1519ms
   ✓ route registration > declares access on every /api route and on the health endpoints  879ms
   ✓ route registration > registers dev login only in AUTH_MODE=dev; production configuration refuses dev mode entirely  357ms
 ✓ |unit-node| packages/shared/src/value.test.ts (29 tests) 223ms
 ✓ |unit-node| apps/api/src/modules/platform/in-flight.test.ts (4 tests) 313ms
 ✓ |unit-node| apps/api/src/modules/platform/platform.test.ts (19 tests) 204ms
 ✓ |unit-node| apps/api/src/modules/methodology/methodology.test.ts (4 tests) 244ms
 ✓ |unit-node| apps/api/src/modules/platform/media-types.test.ts (57 tests) 436ms
 ✓ |unit-node| packages/shared/src/formula/formula.test.ts (140 tests) 251ms
 ✓ |unit-node| apps/api/src/modules/platform/connection-hygiene.test.ts (6 tests) 81ms
 ✓ |unit-node| packages/shared/src/schemas/schemas.test.ts (69 tests) 352ms
 ✓ |unit-node| packages/db/src/seed.test.ts (25 tests) 123ms
 ✓ |unit-node| apps/api/src/modules/admin/branding.test.ts (4 tests) 122ms
 ✓ |unit-node| packages/config/src/load.test.ts (17 tests) 102ms
 ✓ |unit-node| apps/api/src/modules/platform/incomplete-body.test.ts (10 tests) 153ms
 ✓ |unit-node| apps/api/src/modules/kpi/rules.test.ts (30 tests) 58ms
 ✓ |unit-node| apps/api/src/modules/platform/health.test.ts (2 tests) 99ms
 ✓ |unit-node| packages/shared/src/time/working-days.test.ts (19 tests) 68ms
 ✓ |unit-node| apps/api/src/request-encoding.test.ts (11 tests) 75ms
 ✓ |unit-node| packages/shared/src/kpi/change.test.ts (22 tests) 110ms
 ✓ |unit-node| apps/api/src/modules/platform/advisory-locks.test.ts (3 tests) 59ms
 ✓ |unit-node| apps/api/src/modules/benefits/register-rules.test.ts (45 tests) 76ms
 ✓ |unit-node| packages/shared/src/kpi/a05.test.ts (17 tests) 65ms
 ✓ |unit-node| apps/api/src/modules/benefits/d2-rules.test.ts (15 tests) 18ms
 ✓ |unit-node| apps/api/src/modules/benefits/totals.test.ts (14 tests) 73ms
 ✓ |unit-node| apps/api/src/modules/kpi/formulas.test.ts (10 tests) 55ms
 ✓ |unit-node| apps/api/src/modules/kpi/totals.test.ts (20 tests) 40ms
 ✓ |unit-node| apps/api/src/modules/benefits/benefits.test.ts (2 tests) 41ms
 ✓ |unit-node| packages/shared/src/kpi/purity.test.ts (14 tests) 37ms
 ✓ |unit-node| packages/design-tokens/src/tokens.test.ts (15 tests) 43ms
 ✓ |unit-node| packages/shared/src/schemas/roadmap.test.ts (6 tests) 30ms
(node:4473) [FSTDEP022] FastifyWarning: The router options for constraints property access is deprecated. Please use "options.routerOptions" instead for accessing router options. The router options will be removed in `fastify@6`.
(Use `node --trace-warnings ...` to show where the warning was created)
 ✓ |unit-node| apps/api/src/modules/platform/framework-errors.test.ts (6 tests) 49ms
 ✓ |unit-node| apps/api/src/modules/tasks/tasks.test.ts (5 tests) 55ms
 ✓ |unit-node| apps/api/src/modules/kpi/p3-gate-facts.test.ts (9 tests) 30ms
 ✓ |unit-node| packages/shared/src/kpi/types.test.ts (40 tests) 37ms
 ✓ |unit-node| apps/api/src/modules/adoption/adoption.test.ts (2 tests) 21ms
 ✓ |unit-node| apps/api/src/modules/governance/governance.test.ts (2 tests) 45ms
 ✓ |unit-node| packages/shared/src/kpi/rag.test.ts (38 tests) 21ms
 ✓ |unit-node| apps/api/src/modules/transformations/thesis.test.ts (4 tests) 11ms
 ✓ |unit-node| apps/api/src/modules/platform/request-encoding.test.ts (7 tests) 18ms
 ✓ |unit-node| apps/api/src/modules/platform/db-errors.test.ts (7 tests) 22ms
 ✓ |unit-node| packages/shared/src/kpi/formula-binding.test.ts (26 tests) 30ms
 ✓ |unit-node| apps/api/src/modules/sustainment/sustainment.test.ts (2 tests) 13ms
 ✓ |unit-node| packages/shared/src/kpi/trajectory.test.ts (14 tests) 24ms
 ✓ |unit-node| packages/shared/src/kpi/status.test.ts (25 tests) 15ms
 ✓ |unit-node| apps/api/src/modules/portfolio/schedule.test.ts (14 tests) 26ms
 ✓ |unit-node| packages/shared/src/kpi/periods.test.ts (26 tests) 31ms
 ✓ |unit-node| packages/shared/src/kpi/measures.test.ts (30 tests) 11ms
 ✓ |unit-node| apps/api/src/modules/raid/raid.test.ts (2 tests) 14ms
 ✓ |unit-node| packages/shared/src/kpi/aggregate.test.ts (20 tests) 24ms
 ✓ |unit-node| apps/api/src/modules/transformations/good-outcome.test.ts (7 tests) 16ms
 ✓ |unit-node| apps/api/src/modules/portfolio/sequencing.test.ts (9 tests) 12ms
 ✓ |unit-node| apps/api/src/modules/kpi/kbe-c.test.ts (9 tests) 17ms
 ✓ |unit-node| apps/api/src/modules/workflows/t08-cycle-problem.test.ts (2 tests) 7ms
 ✓ |unit-node| apps/api/src/modules/access/rules.test.ts (12 tests) 20ms
 ✓ |unit-node| apps/api/src/modules/workflows/g4.test.ts (5 tests) 11ms
 ✓ |unit-node| apps/api/src/modules/platform/db-errors-p4.test.ts (5 tests) 28ms
 ✓ |unit-node| apps/api/src/modules/portfolio/capacity.test.ts (4 tests) 7ms
 ✓ |unit-node| apps/api/src/modules/identity/oidc-claims.test.ts (5 tests) 23ms
 ✓ |unit-node| apps/api/src/modules/transformations/exclusions.test.ts (19 tests) 30ms
 ✓ |unit-node| apps/api/src/modules/portfolio/readiness-transform.test.ts (4 tests) 6ms
 ✓ |unit-node| apps/api/src/modules/governance/raci.test.ts (2 tests) 8ms
 ✓ |unit-node| apps/api/src/modules/transformations/transitions.test.ts (2 tests) 4ms

 Test Files  107 passed (107)
      Tests  2094 passed (2094)
   Start at  08:22:31
   Duration  146.35s (transform 10.01s, setup 6.83s, collect 121.15s, tests 228.66s, environment 27.68s, prepare 14.20s)


 RUN  v3.2.4 /home/user/wt/dg4-kbe-e

 ✓ |unit-formula-nocodegen| packages/shared/src/formula/codegen.nocodegen.test.ts (10 tests) 22ms
 ✓ |unit-formula-nocodegen| packages/shared/src/formula/formula.test.ts (140 tests) 140ms
 ✓ |unit-formula-nocodegen| packages/shared/src/formula/fuzz.test.ts (111 tests | 2 skipped) 5981ms
   ✓ fuzz: no uncaught exception, no code execution > 10 000 random byte strings (0–255, up to 80 bytes)  1804ms
   ✓ fuzz: no uncaught exception, no code execution > 10 000 random UTF-16 strings including astral code points and lone surrogates  1388ms
   ✓ fuzz: no uncaught exception, no code execution > 20 000 random strings over the grammar alphabet reach parser, type checker and evaluator  2764ms

 Test Files  3 passed (3)
      Tests  259 passed | 2 skipped (261)
   Start at  08:24:58
   Duration  7.11s (transform 523ms, setup 0ms, collect 1.50s, tests 6.14s, environment 0ms, prepare 308ms)

