
> mobily-transformation-hub@0.1.0 test /home/user/wt/dg4-be-m2
> vitest run --project unit-node --project unit-web && vitest run --project unit-formula-nocodegen


 RUN  v3.2.4 /home/user/wt/dg4-be-m2

 ✓ |unit-web| src/auth/session-generation.test.tsx (26 tests) 8183ms
   ✓ F-DG2-530 a write in flight across an identity change (en) > X3: A's PATCH answered after B's /me is not written into B's cache, not shown, and does not navigate B  778ms
   ✓ F-DG2-530 a write in flight across an identity change (en) > X3b: the same after a session END here and B's sign-in: A's late answer never lands  534ms
   ✓ F-DG2-530 a write in flight across an identity change (en) > an archive in flight across an identity change: A's archived record never lands in B's cache  570ms
   ✓ F-DG2-530 a write in flight across an identity change (en) > an organization save in flight across an identity change: A's change is never stored under B  542ms
   ✓ F-DG2-530 a write in flight across an identity change (en) > a user save in flight across an identity change: A's change is never stored under B  516ms
   ✓ F-DG2-530 a write in flight across an identity change (en) > a same-person new session: the in-flight save is dropped silently, the draft is kept and usable  406ms
   ✓ F-DG2-530 X6: refocus and reconnect revalidate GET /me first (en) > the same identity: a refocus refetches /me once, then the stale page queries; nothing when all is fresh  348ms
   ✓ F-DG2-530 a write in flight across an identity change (ar) > X3: A's PATCH answered after B's /me is not written into B's cache, not shown, and does not navigate B  512ms
   ✓ F-DG2-530 a write in flight across an identity change (ar) > X3b: the same after a session END here and B's sign-in: A's late answer never lands  422ms
   ✓ F-DG2-530 a write in flight across an identity change (ar) > an archive in flight across an identity change: A's archived record never lands in B's cache  445ms
   ✓ F-DG2-530 a write in flight across an identity change (ar) > an organization save in flight across an identity change: A's change is never stored under B  492ms
   ✓ F-DG2-530 a write in flight across an identity change (ar) > a user save in flight across an identity change: A's change is never stored under B  503ms
   ✓ F-DG2-530 a write in flight across an identity change (ar) > a same-person new session: the in-flight save is dropped silently, the draft is kept and usable  398ms
   ✓ F-DG2-530 X6: refocus and reconnect revalidate GET /me first (ar) > the same identity: a refocus refetches /me once, then the stale page queries; nothing when all is fresh  376ms
 ✓ |unit-web| src/pages/p2.test.tsx (56 tests) 11384ms
   ✓ Diagnose > shows the six T01 dimensions with Unknown for missing values, and value pools that are never 0  589ms
   ✓ Diagnose > edits a T01 row with only the changed fields and If-Match  412ms
   ✓ Diagnose > a 409 on save writes nothing, compares, and re-applies on the current version  316ms
   ✓ Diagnose > a 400 validation.blank shows a localized message on its field ('en')  420ms
   ✓ Diagnose > a 400 validation.blank shows a localized message on its field ('ar')  403ms
   ✓ Diagnose > an invisible-only value is blocked client-side with validation.blank ('en')  389ms
   ✓ Diagnose > an invisible-only value is blocked client-side with validation.blank ('ar')  403ms
   ✓ Diagnose > a whitespace-only T01 value is an inline blank error and sends nothing ('en')  387ms
   ✓ Diagnose > a whitespace-only T01 value is an inline blank error and sends nothing ('ar')  367ms
   ✓ Diagnose > T01: an emptied field is sent as an explicit null; visible text is sent verbatim  390ms
   ✓ Define: KPI activation (F-DG2-201) > Arabic: the Activate action and the 422 reason are in Arabic  304ms
   ✓ Design > shows the ten canvas boxes and the per-dimension view  327ms
   ✓ Design > converts an unresolved workshop item into a design decision with If-Match  465ms
 ✓ |unit-web| src/pages/p2-blank-forms.test.tsx (52 tests) 11478ms
   ✓ gate submission note (en) > a whitespace-only note is refused inline and nothing is sent  436ms
   ✓ gate submission note (en) > visible text is sent verbatim; an empty note is omitted  316ms
   ✓ journey step editor (en) > visible text is sent verbatim; emptied optional text is null; an empty name is required  329ms
   ✓ journey step editor (ar) > visible text is sent verbatim; emptied optional text is null; an empty name is required  345ms
   ✓ Finance validation note and archive reason (ar) > note: empty is 'required'; visible text is sent verbatim  316ms
 ✓ |unit-web| src/auth/session-bound.test.tsx (34 tests) 7238ms
   ✓ F-DG2-530/580 no effect of A's action after a further await once the tab is B's (en) > Y1: a create whose post-create GET /me returns B: B is not navigated and never sees A's code or name  766ms
   ✓ F-DG2-530/580 no effect of A's action after a further await once the tab is B's (en) > an edit whose identity changes between its awaits: B is not navigated to A's record and keeps nothing of A's  411ms
   ✓ F-DG2-530/580 no effect of A's action after a further await once the tab is B's (en) > an organization create whose identity changes between its awaits: B is not navigated to A's new organization  443ms
   ✓ F-DG2-530/580 no effect of A's action after a further await once the tab is B's (en) > a user create whose identity changes between its awaits: B is not navigated to A's new user  463ms
   ✓ F-DG2-530/580 no effect of A's action after a further await once the tab is B's (ar) > Y1: a create whose post-create GET /me returns B: B is not navigated and never sees A's code or name  581ms
   ✓ F-DG2-530/580 no effect of A's action after a further await once the tab is B's (ar) > an edit whose identity changes between its awaits: B is not navigated to A's record and keeps nothing of A's  395ms
   ✓ F-DG2-530/580 no effect of A's action after a further await once the tab is B's (ar) > an organization create whose identity changes between its awaits: B is not navigated to A's new organization  395ms
   ✓ F-DG2-530/580 no effect of A's action after a further await once the tab is B's (ar) > a user create whose identity changes between its awaits: B is not navigated to A's new user  437ms
   ✓ the convention: no raw navigate or cache write in app code (T-DG2-FE15) > the ESLint rule refuses a raw navigate, a raw cache write and a useNavigate import in a page  1117ms
 ✓ |unit-web| src/pages/render-time-language.test.tsx (28 tests) 5982ms
   ✓ sign-in (dev form), 'en' → 'ar' > an invalid user name: the inline message follows the switch  339ms
   ✓ journey step editor, 'en' → 'ar' > a field error on a step follows the switch  574ms
   ✓ journey step editor, 'en' → 'ar' > the form-level "Step N:" error follows the switch (prefix and message)  363ms
   ✓ row-action note and reason dialog, 'en' → 'ar' > the Finance validation note's 'required' follows the switch  337ms
   ✓ row-action note and reason dialog, 'ar' → 'en' > the Finance validation note's 'required' follows the switch  333ms
   ✓ row-action note and reason dialog, 'ar' → 'en' > the Finance validation choice's 'required' follows the switch  333ms
 ✓ |unit-web| src/auth/session-end.test.tsx (12 tests) 6494ms
   ✓ session end while the app is open (en) > a 401 on navigation lands once on sign-in with the message; signing in again returns to the page  1128ms
   ✓ session end while the app is open (en) > a 401 on a dialog mutation (the commit-time upload refusal) closes the dialog and lands once on sign-in  730ms
   ✓ session end while the app is open (en) > a sign-out elsewhere noticed by the next /me probe lands once on sign-in, never on the stale shell  486ms
   ✓ session end while the app is open (en) > a 403 (forbidden) is never treated as a session end  508ms
   ✓ session end while the app is open (ar) > a 401 on navigation lands once on sign-in with the message; signing in again returns to the page  643ms
   ✓ session end while the app is open (ar) > a 401 on a dialog mutation (the commit-time upload refusal) closes the dialog and lands once on sign-in  701ms
   ✓ session end while the app is open (ar) > a sign-out elsewhere noticed by the next /me probe lands once on sign-in, never on the stale shell  475ms
   ✓ session end while the app is open (ar) > a 403 (forbidden) is never treated as a session end  467ms
   ✓ session end under <StrictMode> (as in production) > still lands exactly once on sign-in  607ms
   ✓ sign-in page and the cached identity > decides 'already signed in' only from a fresh /me, never from a stale cache  357ms
   ✓ sign-in page and the cached identity > signing out here shows 'signed out', not 'session ended', and no /me loop  365ms
 ✓ |unit-web| src/pages/portfolio/portfolio.test.tsx (32 tests) 5709ms
   ✓ Portfolio (en) > lists code, name, wave, owners and three separate columns: proposed rank, selection and funding  434ms
 ✓ |unit-web| src/pages/prioritization/prioritization.test.tsx (20 tests) 4916ms
   ✓ prioritization (en) > ranked table: an incomplete score is 'incomplete' (never a number), 3.30 complete; 0–100 shows 57.5 with its label  650ms
   ✓ prioritization (en) > scorecard: 6 is refused inline and nothing is sent; 4 is POSTed as the integer; the weighted score is read-only 'incomplete'  431ms
   ✓ prioritization (en) > weight sets: the proposer is never offered approval; another approver's approval is a business approval with If-Match; 403 SoD is translated  487ms
   ✓ prioritization (ar) > scorecard: 6 is refused inline and nothing is sent; 4 is POSTed as the integer; the weighted score is read-only 'incomplete'  329ms
   ✓ prioritization (ar) > weight sets: the proposer is never offered approval; another approver's approval is a business approval with If-Match; 403 SoD is translated  357ms
 ✓ |unit-web| src/auth/session-identity.test.tsx (18 tests) 4641ms
   ✓ F-DG2-500 a session end on the sign-in page (en) > W5: Back to /login after A's session ends, B signs in with the development form: B never sees A's records  784ms
   ✓ F-DG2-500 a session end on the sign-in page (en) > W5b (OIDC mode): B signs in in another tab and this tab's /me re-probe brings B: B never sees A's records  525ms
   ✓ F-DG2-500 sign-out here and 403 (en) > signing out here clears everything; B signing in afterwards never sees A's records  521ms
   ✓ F-DG2-500 a session end on the sign-in page (ar) > W5: Back to /login after A's session ends, B signs in with the development form: B never sees A's records  433ms
   ✓ F-DG2-500 a session end on the sign-in page (ar) > W5b (OIDC mode): B signs in in another tab and this tab's /me re-probe brings B: B never sees A's records  410ms
   ✓ F-DG2-500 sign-out here and 403 (ar) > signing out here clears everything; B signing in afterwards never sees A's records  484ms
 ✓ |unit-web| src/pages/benefits/benefits.test.tsx (29 tests) 4813ms
   ✓ benefits screens (en) > T14 register: ten columns; Value (SAR) n/a and Unknown never 0; Realized kept apart with pending labelled  520ms
   ✓ benefits screens (en) > read-only (auditor): Finance item without decide, register without create  311ms
   ✓ benefits screens (ar) > read-only (auditor): Finance item without decide, register without create  320ms
 ✓ |unit-web| src/pages/portfolio/fe-e.test.tsx (18 tests) 4537ms
   ✓ Funding decisions (en) > is a labelled business approval with no 'on behalf of' control; rationale required; POST with an Idempotency-Key  839ms
   ✓ Funding decisions (en) > the BE-E 422s are the dialog's one translated alert; funding.amount_invalid is also inline at /amount  348ms
   ✓ Funding decisions (ar) > is a labelled business approval with no 'on behalf of' control; rationale required; POST with an Idempotency-Key  319ms
   ✓ Funding decisions (ar) > the BE-E 422s are the dialog's one translated alert; funding.amount_invalid is also inline at /amount  436ms
   ✓ Deliverables and milestones on the card (en) > creates (Idempotency-Key), edits (If-Match) and archives (reason, If-Match) a deliverable  303ms
   ✓ Deliverables and milestones on the card (en) > the card edit form translates initiative.planned_range specifically (RecordDialog namespaces)  340ms
   ✓ Deliverables and milestones on the card (ar) > creates (Idempotency-Key), edits (If-Match) and archives (reason, If-Match) a deliverable  312ms
 ✓ |unit-web| src/pages/business-cases/business-cases.test.tsx (18 tests) 4981ms
   ✓ business cases (en) > register: levels, Finance baseline states with text (Stale is never green) and drafts  575ms
   ✓ business cases (en) > sections: saves only the changed section with If-Match; blank text is refused inline and nothing is sent  502ms
   ✓ business cases (en) > sections: a 409 shows the standard conflict panel (nothing saved) with the current values  341ms
   ✓ business cases (en) > lines: exactly one class from one select; the value basis follows the class; a 422 is translated  430ms
   ✓ business cases (en) > Finance validation: a business approval for FIN who did not author the case; If-Match; translated 403  410ms
   ✓ business cases (ar) > sections: saves only the changed section with If-Match; blank text is refused inline and nothing is sent  474ms
   ✓ business cases (ar) > lines: exactly one class from one select; the value basis follows the class; a 422 is translated  304ms
 ✓ |unit-web| src/pages/benefit-formulas/benefit-formulas.test.tsx (18 tests) 3732ms
   ✓ T09 benefit formulas (en) > register: the six T09 columns with confidence H/M/L; examples marked illustrative with 100000 and 500000 SAR per year  563ms
   ✓ T09 benefit formulas (en) > builder: an undefined variable shows translated, with its position, before saving; nothing is sent  382ms
 ✓ |unit-web| src/pages/transformations/transformations.test.tsx (21 tests) 3726ms
   ✓ after create (F-DG1-004) > shows the created record when the server lets the creator read it  500ms
   ✓ effective permissions refresh after create (F-DG1-210) > English: Edit, Archive and the audit trail appear after create, without a reload  632ms
   ✓ effective permissions refresh after create (F-DG1-210) > Arabic (RTL): the same controls and the audit trail appear after create, without a reload  462ms
   ✓ effective permissions refresh after create (F-DG1-210) > does not over-grant: if the refreshed server answer adds nothing, Archive and the audit trail stay hidden  303ms
 ✓ |unit-web| src/pages/kpi/kpi.test.tsx (27 tests) 3661ms
   ✓ KPI screens (en) > RAG panel: the seven elements, the threshold version named, and the override beside the calculated RAG  308ms
   ✓ KPI screens (en) > four-step update: submits once, then lists downstream views, 'review pending' and 'Finance review pending'  360ms
 ✓ |unit-web| src/pages/team/team.test.tsx (10 tests) 3309ms
   ✓ Team (English LTR) > shows the six governance roles with B0018 accountability text verbatim and who holds each  500ms
   ✓ Team (English LTR) > lists team members with the accountability on each assignment, sortable and filterable  349ms
   ✓ Team (English LTR) > a Transformation Lead assigns a Workstream Lead: Idempotency-Key, reason, accountability preview  315ms
   ✓ Team assign dialog: accountability preview follows the selected role (F-DG2-430) > en: WL on open, then KDS, TD, none and WL again, in StrictMode with no React warning  355ms
   ✓ Team assign dialog: accountability preview follows the selected role (F-DG2-430) > ar: WL on open, then KDS, TD, none and WL again, in StrictMode with no React warning  335ms
   ✓ Team: the success notice follows a language switch, 'en' → 'ar' > the notice is shown in the language now on screen, not the one it was created in  405ms
   ✓ Team: the success notice follows a language switch, 'ar' → 'en' > the notice is shown in the language now on screen, not the one it was created in  404ms
 ✓ |unit-web| src/pages/roadmap/roadmap.test.tsx (14 tests) 3140ms
   ✓ roadmap (en) > shows the four source waves verbatim (English source also shown in Arabic) with overlapping horizons  337ms
   ✓ roadmap (en) > moving a milestone PATCHes the forecast with If-Match and the timeline, table and board all show the new date from one refetch  381ms
   ✓ roadmap (en) > a 409 on moving a milestone shows the conflict notice and reloads the roadmap  317ms
 ✓ |unit-web| src/pages/capacity/fe-e.test.tsx (13 tests) 3057ms
   ✓ capacity editing (en) > creates a role; a taken code (409) is the form's translated alert; then the role is created  535ms
   ✓ capacity editing (en) > edits a role's labels and archives it, each with If-Match  309ms
   ✓ capacity editing (en) > creates a demand; after the save the plan is re-read and the conflict with its shortfall appears; Unknown stays Unknown  378ms
 ✓ |unit-web| src/pages/gates/g4.test.tsx (16 tests) 3205ms
   ✓ G4 refusal item by item (en) > two initiatives without owners: two separate translated 'Owners' items, never the joined English message  585ms
 ✓ |unit-web| src/pages/gates/g1-agreements.test.tsx (10 tests) 3101ms
   ✓ G1 agreements step (en) > approving G1 needs the three labelled confirmations; then sends agreements with all three true  751ms
   ✓ G1 agreements step (en) > a non-approve outcome on G1 sends no agreements (even after ticking them)  364ms
   ✓ G1 agreements step (en) > the server's 422 gate.g1_agreements_required is the one form-level alert, with the missing confirmations  301ms
 ✓ |unit-web| src/pages/dispensations/dispensations.test.tsx (12 tests) 2736ms
   ✓ Dispensations (en) > lists waivers and inherited approvals; unverified evidence is shown as unverified; recorder cannot decide  441ms
   ✓ Dispensations (en) > a waiver needs a reason and an expiry: refused inline, nothing sent; then sent with its scope  391ms
 ✓ |unit-web| src/pages/dependencies/dependencies.test.tsx (12 tests) 2335ms
   ✓ dependencies (en) > shows the seven T08 columns, an External source, the type label and the needed-by conflict flag  427ms
   ✓ dependencies (en) > a cycle is refused and shown as the translated message with the path INI-01 → INI-02 → INI-03 → INI-01  321ms
 ✓ |unit-web| src/pages/my-work/my-work.test.tsx (21 tests) 2255ms
   ✓ My Work (en) > renders tasks and reminders from messageKey + messageParams; Unknown due dates; system-managed tasks  402ms
   ✓ My Work (en) > marks a task done and a reminder read with bodiless POSTs and If-Match  338ms
 ✓ |unit-web| src/components/LanguageSwitch.test.tsx (10 tests) 2668ms
   ✓ a refused language save, 'en' → other ('403 csrf') > keeps ar on screen and says, in ar, that it was not saved  690ms
   ✓ a refused language save, 'ar' → other ('403 csrf') > keeps en on screen and says, in en, that it was not saved  471ms
   ✓ a refused language save, 'en' → other ('403 forbidden') > keeps ar on screen and says, in ar, that it was not saved  441ms
   ✓ a refused language save, 'ar' → other ('503') > keeps en on screen and says, in en, that it was not saved  404ms
 ✓ |unit-web| src/pages/approvals/approvals.test.tsx (16 tests) 2309ms
   ✓ Approvals (en) > offers exactly four outcomes; defer needs a date; the decision sends subjectVersion with If-Match  309ms
 ✓ |unit-web| src/pages/roadmap/fe-e.test.tsx (8 tests) 2453ms
   ✓ wave editing (en) > edits planned dates (overlap accepted) with If-Match; the source text is read-only and never sent  538ms
   ✓ wave editing (en) > adds a non-source wave with its bilingual texts (POST, Idempotency-Key)  573ms
   ✓ wave editing (ar) > adds a non-source wave with its bilingual texts (POST, Idempotency-Key)  507ms
 ✓ |unit-web| src/pages/raci/governance.test.tsx (15 tests) 2196ms
   ✓ Governance (en) > RACI: edits a row with the cell selects and saves it as one PATCH with If-Match  478ms
 ✓ |unit-web| src/app/app.test.tsx (17 tests) 2222ms
   ✓ bilingual shell > a partial area (Governance) leads into the Gates tab of each transformation; its portfolio view stays planned  327ms
   ✓ transformations > lists transformations with a sortable code column and removable filter chips  385ms
 ✓ |unit-web| src/app/p3-seams.test.tsx (10 tests) 1973ms
   ✓ P3 routes > workspace tabs (en) > the workspace tabs include the P3 tabs, labelled from their own namespaces  576ms
   ✓ P3 navigation areas > ar /benefits-finance leads into the المنافع والمالية tab of each transformation  389ms
 ✓ |unit-web| src/pages/gates/inherited-approval.test.tsx (16 tests) 2043ms
 ✓ |unit-web| src/components/RecordForm.alerts.test.tsx (16 tests) 1107ms
 ✓ |unit-web| src/pages/transformations/modeGuidance.test.tsx (5 tests) 948ms
   ✓ New transformation: mode guidance (English LTR) > shows When to use and How for the selected mode and switches with the mode  419ms
 ✓ |unit-web| src/pages/capacity/capacity.test.tsx (6 tests) 1079ms
 ✓ |unit-web| src/components/States.test.tsx (15 tests) 330ms
 ✓ |unit-web| src/lib/lib.test.ts (24 tests) 69ms
 ✓ |unit-web| src/pages/readiness/readiness.test.tsx (4 tests) 666ms
   ✓ Readiness (en) > lists the missing diagnostic areas by name, the gates and the translated sequencing blockers  341ms
 ✓ |unit-web| src/lib/auditChanges.test.ts (125 tests) 108ms
 ✓ |unit-web| src/test/react-warning-guard.test.tsx (4 tests) 36ms
 ✓ |unit-web| src/i18n/i18n.test.ts (11 tests) 70ms
 ✓ |unit-web| src/styles/styles.test.ts (6 tests) 16ms
 ✓ |unit-web| src/i18n/glossary.test.ts (8 tests) 34ms
 ✓ |unit-web| src/pages/business-cases/problem-codes.test.ts (4 tests) 10ms
 ✓ |unit-web| src/test/harness-config.test.ts (2 tests) 3ms
 ✓ |unit-node| apps/api/src/modules/kpi/kpi.test.ts (39 tests) 1362ms
   ✓ kpi module (P2) > its declared boundary holds, and a planted bypass or undeclared dependency would be caught  1295ms
 ✓ |unit-node| packages/shared/src/formula/fuzz.test.ts (111 tests) 6732ms
   ✓ fuzz: no uncaught exception, no code execution > 10 000 random byte strings (0–255, up to 80 bytes)  1356ms
   ✓ fuzz: no uncaught exception, no code execution > 10 000 random UTF-16 strings including astral code points and lone surrogates  1250ms
   ✓ fuzz: no uncaught exception, no code execution > 20 000 random strings over the grammar alphabet reach parser, type checker and evaluator  2728ms
   ✓ source scan: no dynamic code in packages/shared/src/formula (ADR-0024 §6) > every file of the engine's import closure gets the engine-source lint rules (eslint.config.js)  984ms
   ✓ source scan: no dynamic code in packages/shared/src/formula (ADR-0024 §6) > ESLint refuses the round-5 handler forms (G1, G2, A1, A2), F1 and every lintable probe-table row in an engine source  373ms
 ✓ |unit-node| apps/api/src/architecture.test.ts (137 tests) 7860ms
   ✓ API module boundaries (ADR-0002) > every import respects dependsOn, public surfaces and allowed packages  5067ms
   ✓ package dependency direction (ADR-0002 rule 5) > packages/shared imports no workspace package  662ms
   ✓ package dependency direction (ADR-0002 rule 5) > apps/web never imports @mth/db or @mth/config (browser bundle, no secrets)  1547ms
 ✓ |unit-node| packages/shared/src/kpi/property.test.ts (11 tests) 914ms
 ✓ |unit-node| apps/api/src/modules/workflows/workflows.test.ts (14 tests) 1267ms
   ✓ workflows module (P2) > its declared boundary holds, and an undeclared dependency would be caught  1211ms
 ✓ |unit-node| packages/shared/src/adoption/measures.test.ts (24 tests) 320ms
 ✓ |unit-node| apps/api/src/modules/reporting/reporting.test.ts (4 tests) 829ms
   ✓ reporting module (P1 scaffold, D-048) > its declared boundary holds, and a planted bypass or undeclared dependency would be caught  792ms
 ✓ |unit-node| apps/api/src/server.test.ts (6 tests) 803ms
   ✓ route registration > declares access on every /api route and on the health endpoints  351ms
 ✓ |unit-node| apps/api/src/modules/evidence/evidence.test.ts (13 tests) 471ms
   ✓ evidence module (P2) > its declared boundary holds  407ms
 ✓ |unit-node| apps/api/src/modules/platform/in-flight.test.ts (4 tests) 278ms
 ✓ |unit-node| packages/shared/src/scoring.test.ts (36 tests) 400ms
   ✓ property: all 5^5 integer score combinations under v1 equal an independent BigInt rational computation > stored value, 2-digit display and 0–100 view all match for 3125 combinations  350ms
(node:3895) [FSTDEP022] FastifyWarning: The router options for constraints property access is deprecated. Please use "options.routerOptions" instead for accessing router options. The router options will be removed in `fastify@6`.
(Use `node --trace-warnings ...` to show where the warning was created)
 ✓ |unit-node| apps/api/src/modules/platform/framework-errors.test.ts (6 tests) 43ms
 ✓ |unit-node| apps/api/src/modules/reporting/dashboards/areas.test.ts (19 tests) 209ms
 ✓ |unit-node| apps/api/src/modules/methodology/methodology.test.ts (4 tests) 207ms
 ✓ |unit-node| packages/shared/src/schemas/schemas.test.ts (69 tests) 186ms
 ✓ |unit-node| packages/shared/src/value.test.ts (29 tests) 184ms
 ✓ |unit-node| packages/shared/src/formula/formula.test.ts (140 tests) 83ms
 ✓ |unit-node| apps/api/src/modules/platform/media-types.test.ts (57 tests) 148ms
 ✓ |unit-node| packages/config/src/load.test.ts (17 tests) 80ms
 ✓ |unit-node| apps/api/src/modules/platform/connection-hygiene.test.ts (6 tests) 75ms
 ✓ |unit-node| apps/api/src/modules/platform/platform.test.ts (19 tests) 105ms
 ✓ |unit-node| packages/db/src/seed.test.ts (34 tests) 57ms
 ✓ |unit-node| packages/shared/src/time/working-days.test.ts (19 tests) 43ms
 ✓ |unit-node| apps/api/src/modules/platform/incomplete-body.test.ts (10 tests) 57ms
 ✓ |unit-node| apps/api/src/request-encoding.test.ts (11 tests) 56ms
 ✓ |unit-node| apps/api/src/modules/platform/advisory-locks.test.ts (3 tests) 30ms
 ✓ |unit-node| apps/api/src/modules/kpi/rules.test.ts (30 tests) 33ms
 ✓ |unit-node| apps/api/src/modules/raid/raid.test.ts (7 tests) 34ms
 ✓ |unit-node| apps/api/src/modules/benefits/totals.test.ts (14 tests) 28ms
 ✓ |unit-node| apps/api/src/modules/benefits/register-rules.test.ts (45 tests) 22ms
 ✓ |unit-node| packages/shared/src/kpi/change.test.ts (22 tests) 28ms
 ✓ |unit-node| packages/shared/src/kpi/a05.test.ts (17 tests) 32ms
 ✓ |unit-node| packages/design-tokens/src/tokens.test.ts (15 tests) 35ms
 ✓ |unit-node| apps/api/src/modules/platform/health.test.ts (2 tests) 34ms
 ✓ |unit-node| apps/api/src/modules/admin/branding.test.ts (4 tests) 80ms
 ✓ |unit-node| apps/api/src/modules/adoption/adoption.test.ts (2 tests) 29ms
 ✓ |unit-node| apps/api/src/modules/benefits/d2-rules.test.ts (15 tests) 19ms
 ✓ |unit-node| apps/api/src/modules/benefits/benefits.test.ts (2 tests) 33ms
 ✓ |unit-node| packages/shared/src/kpi/purity.test.ts (14 tests) 22ms
 ✓ |unit-node| apps/api/src/modules/sustainment/sustainment.test.ts (2 tests) 34ms
 ✓ |unit-node| apps/api/src/modules/governance/governance.test.ts (2 tests) 31ms
 ✓ |unit-node| packages/shared/src/kpi/rag.test.ts (38 tests) 18ms
 ✓ |unit-node| apps/api/src/modules/tasks/tasks.test.ts (5 tests) 22ms
 ✓ |unit-node| packages/shared/src/governance/recurrence.test.ts (19 tests) 11ms
 ✓ |unit-node| packages/shared/src/kpi/formula-binding.test.ts (26 tests) 16ms
 ✓ |unit-node| apps/api/src/modules/kpi/formulas.test.ts (10 tests) 25ms
 ✓ |unit-node| packages/shared/src/schedule/working-day-slip.test.ts (11 tests) 18ms
 ✓ |unit-node| packages/shared/src/kpi/types.test.ts (40 tests) 18ms
 ✓ |unit-node| packages/shared/src/schemas/missing-links.test.ts (10 tests) 11ms
 ✓ |unit-node| apps/api/src/modules/kpi/p3-gate-facts.test.ts (9 tests) 15ms
 ✓ |unit-node| packages/shared/src/schedule/critical-path.test.ts (13 tests) 17ms
 ✓ |unit-node| apps/api/src/modules/kpi/totals.test.ts (20 tests) 12ms
 ✓ |unit-node| apps/api/src/modules/kpi/kbe-c.test.ts (9 tests) 9ms
 ✓ |unit-node| apps/api/src/modules/portfolio/sequencing.test.ts (9 tests) 8ms
 ✓ |unit-node| packages/shared/src/adoption/form-schema.test.ts (8 tests) 15ms
 ✓ |unit-node| packages/shared/src/schemas/corrective.test.ts (10 tests) 11ms
 ✓ |unit-node| packages/shared/src/schemas/roadmap.test.ts (6 tests) 12ms
 ✓ |unit-node| apps/api/src/modules/platform/db-errors.test.ts (7 tests) 14ms
 ✓ |unit-node| apps/api/src/modules/platform/db-errors-p4-meetings.test.ts (4 tests) 9ms
 ✓ |unit-node| packages/shared/src/kpi/measures.test.ts (30 tests) 12ms
 ✓ |unit-node| apps/api/src/modules/platform/request-encoding.test.ts (7 tests) 9ms
 ✓ |unit-node| packages/shared/src/kpi/aggregate.test.ts (20 tests) 12ms
 ✓ |unit-node| apps/api/src/modules/portfolio/budget.test.ts (13 tests) 14ms
 ✓ |unit-node| packages/shared/src/kpi/status.test.ts (25 tests) 11ms
 ✓ |unit-node| packages/shared/src/kpi/periods.test.ts (26 tests) 11ms
 ✓ |unit-node| packages/shared/src/kpi/trajectory.test.ts (14 tests) 11ms
 ✓ |unit-node| apps/api/src/modules/platform/db-errors-p4.test.ts (5 tests) 9ms
 ✓ |unit-node| apps/api/src/modules/portfolio/schedule.test.ts (14 tests) 7ms
 ✓ |unit-node| apps/api/src/modules/transformations/good-outcome.test.ts (7 tests) 7ms
 ✓ |unit-node| apps/api/src/modules/raid/corrective.test.ts (4 tests) 7ms
 ✓ |unit-node| apps/api/src/modules/access/rules.test.ts (12 tests) 7ms
 ✓ |unit-node| apps/api/src/modules/transformations/exclusions.test.ts (19 tests) 4ms
 ✓ |unit-node| apps/api/src/modules/transformations/thesis.test.ts (4 tests) 7ms
 ✓ |unit-node| apps/api/src/modules/identity/oidc-claims.test.ts (5 tests) 5ms
 ✓ |unit-node| apps/api/src/modules/workflows/g4.test.ts (5 tests) 6ms
 ✓ |unit-node| apps/api/src/modules/portfolio/capacity.test.ts (4 tests) 5ms
 ✓ |unit-node| apps/api/src/modules/portfolio/readiness-transform.test.ts (4 tests) 4ms
 ✓ |unit-node| apps/api/src/modules/transformations/transitions.test.ts (2 tests) 4ms
 ✓ |unit-node| apps/api/src/modules/workflows/t08-cycle-problem.test.ts (2 tests) 3ms
 ✓ |unit-node| apps/api/src/modules/governance/raci.test.ts (2 tests) 3ms

 Test Files  123 passed (123)
      Tests  2352 passed (2352)
   Start at  00:45:43
   Duration  102.64s (transform 7.11s, setup 4.42s, collect 93.17s, tests 158.66s, environment 19.61s, prepare 8.91s)


 RUN  v3.2.4 /home/user/wt/dg4-be-m2

 ✓ |unit-formula-nocodegen| packages/shared/src/formula/codegen.nocodegen.test.ts (10 tests) 8ms
 ✓ |unit-formula-nocodegen| packages/shared/src/formula/formula.test.ts (140 tests) 78ms
 ✓ |unit-formula-nocodegen| packages/shared/src/formula/fuzz.test.ts (111 tests | 2 skipped) 4442ms
   ✓ fuzz: no uncaught exception, no code execution > 10 000 random byte strings (0–255, up to 80 bytes)  1219ms
   ✓ fuzz: no uncaught exception, no code execution > 10 000 random UTF-16 strings including astral code points and lone surrogates  1119ms
   ✓ fuzz: no uncaught exception, no code execution > 20 000 random strings over the grammar alphabet reach parser, type checker and evaluator  2085ms

 Test Files  3 passed (3)
      Tests  259 passed | 2 skipped (261)
   Start at  00:47:26
   Duration  5.01s (transform 272ms, setup 0ms, collect 651ms, tests 4.53s, environment 1ms, prepare 209ms)

exit=0
