# check: 08-unit-node24   mode: cutf8   started: 2026-10-07T01:21:19Z
# command: env -u LANG -u LC_ALL -u LC_CTYPE -u LC_COLLATE -u LC_MESSAGES -u LC_NUMERIC -u LC_TIME -u LC_MONETARY LANG=C.UTF-8 PATH=/opt/nvm/versions/node/v24.21.0/bin:$PATH pnpm test
# node v24.21.0; LANG=C.UTF-8 LC_ALL=<unset> LC_CTYPE=<unset>

> mobily-transformation-hub@0.1.0 test /home/user/My-owns
> vitest run --project unit-node --project unit-web


 RUN  v3.2.4 /home/user/My-owns

 ✓ |unit-web| src/pages/transformations/transformations.test.tsx (21 tests) 3148ms
   ✓ after create (F-DG1-004) > shows the created record when the server lets the creator read it  497ms
   ✓ effective permissions refresh after create (F-DG1-210) > English: Edit, Archive and the audit trail appear after create, without a reload  402ms
   ✓ effective permissions refresh after create (F-DG1-210) > Arabic (RTL): the same controls and the audit trail appear after create, without a reload  389ms
 ✓ |unit-web| src/app/app.test.tsx (17 tests) 1734ms
stderr | src/pages/team/team.test.tsx > Team (English LTR) > shows a 403 from the server in words; nothing is assigned
Cannot update a component (`AssignDialog`) while rendering a different component (`RecordDialog`). To locate the bad setState() call inside `RecordDialog`, follow the stack trace as described in https://react.dev/link/setstate-in-render

 ✓ |unit-web| src/pages/team/team.test.tsx (6 tests) 1443ms
   ✓ Team (English LTR) > shows the six governance roles with B0018 accountability text verbatim and who holds each  417ms
 ✓ |unit-web| src/components/RecordForm.alerts.test.tsx (16 tests) 1026ms
 ✓ |unit-web| src/pages/p2-blank-forms.test.tsx (52 tests) 11390ms
   ✓ gate submission note (en) > a whitespace-only note is refused inline and nothing is sent  479ms
   ✓ gate submission note (en) > visible text is sent verbatim; an empty note is omitted  353ms
   ✓ journey step editor (en) > a whitespace-only actor is refused inline (not turned into null) and nothing is sent  327ms
   ✓ journey step editor (en) > a invisible-only actor is refused inline (not turned into null) and nothing is sent  313ms
   ✓ journey step editor (en) > visible text is sent verbatim; emptied optional text is null; an empty name is required  446ms
   ✓ journey step editor (ar) > a invisible-only actor is refused inline (not turned into null) and nothing is sent  310ms
   ✓ journey step editor (ar) > visible text is sent verbatim; emptied optional text is null; an empty name is required  390ms
 ✓ |unit-web| src/pages/p2.test.tsx (56 tests) 11851ms
   ✓ Diagnose > shows the six T01 dimensions with Unknown for missing values, and value pools that are never 0  677ms
   ✓ Diagnose > edits a T01 row with only the changed fields and If-Match  371ms
   ✓ Diagnose > a 409 on save writes nothing, compares, and re-applies on the current version  364ms
   ✓ Diagnose > a 400 validation.blank shows a localized message on its field ('en')  474ms
   ✓ Diagnose > a 400 validation.blank shows a localized message on its field ('ar')  415ms
   ✓ Diagnose > an invisible-only value is blocked client-side with validation.blank ('en')  421ms
   ✓ Diagnose > an invisible-only value is blocked client-side with validation.blank ('ar')  394ms
   ✓ Diagnose > a whitespace-only T01 value is an inline blank error and sends nothing ('en')  427ms
   ✓ Diagnose > a whitespace-only T01 value is an inline blank error and sends nothing ('ar')  432ms
   ✓ Diagnose > T01: an emptied field is sent as an explicit null; visible text is sent verbatim  529ms
   ✓ Design > shows the ten canvas boxes and the per-dimension view  348ms
   ✓ Design > converts an unresolved workshop item into a design decision with If-Match  539ms
 ✓ |unit-web| src/components/States.test.tsx (15 tests) 371ms
 ✓ |unit-web| src/pages/transformations/modeGuidance.test.tsx (5 tests) 993ms
   ✓ New transformation: mode guidance (English LTR) > shows When to use and How for the selected mode and switches with the mode  439ms
 ✓ |unit-web| src/lib/lib.test.ts (24 tests) 56ms
 ✓ |unit-web| src/i18n/i18n.test.ts (11 tests) 28ms
 ✓ |unit-web| src/lib/auditChanges.test.ts (15 tests) 30ms
 ✓ |unit-web| src/styles/styles.test.ts (6 tests) 9ms
 ✓ |unit-web| src/i18n/glossary.test.ts (8 tests) 10ms
 ✓ |unit-web| src/test/harness-config.test.ts (2 tests) 3ms
 ✓ |unit-node| apps/api/src/modules/workflows/workflows.test.ts (14 tests) 648ms
   ✓ workflows module (P2) > its declared boundary holds, and an undeclared dependency would be caught  603ms
 ✓ |unit-node| apps/api/src/modules/kpi/kpi.test.ts (18 tests) 613ms
   ✓ kpi module (P2) > its declared boundary holds, and a planted bypass or undeclared dependency would be caught  572ms
 ✓ |unit-node| apps/api/src/architecture.test.ts (135 tests) 2849ms
   ✓ API module boundaries (ADR-0002) > every import respects dependsOn, public surfaces and allowed packages  1662ms
   ✓ package dependency direction (ADR-0002 rule 5) > apps/web never imports @mth/db or @mth/config (browser bundle, no secrets)  633ms
 ✓ |unit-node| apps/api/src/modules/evidence/evidence.test.ts (8 tests) 307ms
 ✓ |unit-node| apps/api/src/modules/methodology/methodology.test.ts (4 tests) 227ms
 ✓ |unit-node| apps/api/src/server.test.ts (6 tests) 312ms
 ✓ |unit-node| packages/shared/src/value.test.ts (29 tests) 176ms
 ✓ |unit-node| packages/shared/src/schemas/schemas.test.ts (69 tests) 180ms
 ✓ |unit-node| apps/api/src/modules/platform/platform.test.ts (19 tests) 122ms
 ✓ |unit-node| apps/api/src/modules/reporting/reporting.test.ts (4 tests) 107ms
 ✓ |unit-node| packages/config/src/load.test.ts (17 tests) 79ms
 ✓ |unit-node| apps/api/src/modules/platform/media-types.test.ts (57 tests) 133ms
 ✓ |unit-node| apps/api/src/modules/platform/connection-hygiene.test.ts (6 tests) 76ms
 ✓ |unit-node| packages/design-tokens/src/tokens.test.ts (15 tests) 39ms
 ✓ |unit-node| apps/api/src/request-encoding.test.ts (11 tests) 67ms
 ✓ |unit-node| apps/api/src/modules/kpi/rules.test.ts (30 tests) 40ms
 ✓ |unit-node| apps/api/src/modules/platform/health.test.ts (2 tests) 34ms
(node:11635) [FSTDEP022] FastifyWarning: The router options for constraints property access is deprecated. Please use "options.routerOptions" instead for accessing router options. The router options will be removed in `fastify@6`.
(Use `node --trace-warnings ...` to show where the warning was created)
 ✓ |unit-node| apps/api/src/modules/platform/framework-errors.test.ts (6 tests) 34ms
 ✓ |unit-node| apps/api/src/modules/admin/branding.test.ts (4 tests) 35ms
 ✓ |unit-node| packages/db/src/seed.test.ts (7 tests) 16ms
 ✓ |unit-node| apps/api/src/modules/platform/request-encoding.test.ts (7 tests) 9ms
 ✓ |unit-node| apps/api/src/modules/access/rules.test.ts (12 tests) 8ms
 ✓ |unit-node| apps/api/src/modules/transformations/good-outcome.test.ts (7 tests) 11ms
 ✓ |unit-node| apps/api/src/modules/transformations/thesis.test.ts (4 tests) 6ms
 ✓ |unit-node| apps/api/src/modules/identity/oidc-claims.test.ts (5 tests) 5ms
 ✓ |unit-node| apps/api/src/modules/transformations/exclusions.test.ts (19 tests) 5ms
 ✓ |unit-node| apps/api/src/modules/transformations/transitions.test.ts (2 tests) 3ms

 Test Files  41 passed (41)
      Tests  771 passed (771)
   Start at  01:21:19
   Duration  25.34s (transform 2.45s, setup 1.21s, collect 19.44s, tests 38.23s, environment 6.36s, prepare 3.02s)

# exit: 0   finished: 2026-10-07T01:21:45Z
