 ✓ |unit-web| src/components/States.test.tsx (15 tests) 396ms
 ✓ |unit-web| src/lib/lib.test.ts (18 tests) 56ms
 ✓ |unit-web| src/app/app.test.tsx (16 tests) 1547ms
   ✓ transformations > lists transformations with a sortable code column and removable filter chips  349ms
 ✓ |unit-web| src/i18n/i18n.test.ts (11 tests) 34ms
 ✓ |unit-web| src/lib/auditChanges.test.ts (15 tests) 25ms
 ✓ |unit-web| src/i18n/glossary.test.ts (8 tests) 10ms
 ✓ |unit-web| src/styles/styles.test.ts (6 tests) 6ms
 ✓ |unit-node| apps/api/src/server.test.ts (6 tests) 147ms
 ✓ |unit-node| apps/api/src/architecture.test.ts (133 tests) 1316ms
   ✓ API module boundaries (ADR-0002) > every import respects dependsOn, public surfaces and allowed packages  600ms
   ✓ package dependency direction (ADR-0002 rule 5) > apps/web never imports @mth/db or @mth/config (browser bundle, no secrets)  305ms
 ✓ |unit-node| apps/api/src/modules/reporting/reporting.test.ts (4 tests) 91ms
 ✓ |unit-node| apps/api/src/modules/kpi/kpi.test.ts (5 tests) 106ms
 ✓ |unit-node| packages/config/src/load.test.ts (17 tests) 61ms
 ✓ |unit-node| apps/api/src/modules/workflows/workflows.test.ts (5 tests) 103ms
 ✓ |unit-node| packages/design-tokens/src/tokens.test.ts (15 tests) 29ms
 ✓ |unit-web| src/pages/transformations/transformations.test.tsx (21 tests) 6468ms
   ✓ after create (F-DG1-004) > shows the created record when the server lets the creator read it  496ms
   ✓ derived creator assignment on the audit trail (F-DG1-008) > an action the catalogue does not know stays readable and is explicitly marked (en and ar)  320ms
   ✓ effective permissions refresh after create (F-DG1-210) > English: Edit, Archive and the audit trail appear after create, without a reload  635ms
   ✓ effective permissions refresh after create (F-DG1-210) > Arabic (RTL): the same controls and the audit trail appear after create, without a reload  341ms
   ✓ effective permissions refresh after create (F-DG1-210) > a failed /me refresh never blocks the navigation; the UI stays fail-safe (no controls offered)  3134ms
 ✓ |unit-node| packages/db/src/seed.test.ts (7 tests) 22ms
 ✓ |unit-node| apps/api/src/modules/platform/platform.test.ts (7 tests) 15ms
 ✓ |unit-node| apps/api/src/modules/admin/branding.test.ts (4 tests) 32ms
 ✓ |unit-node| apps/api/src/modules/access/rules.test.ts (12 tests) 8ms
 ✓ |unit-node| packages/shared/src/schemas/schemas.test.ts (2 tests) 6ms
 ✓ |unit-node| apps/api/src/modules/transformations/transitions.test.ts (2 tests) 3ms
 Test Files  21 passed (21)
      Tests  329 passed (329)
