port-policy: PostgreSQL listening on port 23850 (attempt 1)
e2e database mth: server_encoding UTF8, lc_collate C, lc_ctype C
mth-db migrate: applying 0001_identity_access.sql
mth-db migrate: applying 0002_transformation.sql
mth-db migrate: applying 0003_audit_event.sql
mth-db migrate: applying 0004_outbox_jobs.sql
mth-db migrate: applying 0005_seed_roles_permissions.sql
mth-db migrate: applying 0006_pgboss_schema_v25.sql
mth-db migrate: applying 0007_oidc_login_browser_binding.sql
mth-db migrate: applying 0008_scoped_assignment_derived_from.sql
mth-db migrate: applying 0009_business_unit_hierarchy_guard.sql
mth-db migrate: applying 0010_p2_record_guards.sql
mth-db migrate: applying 0011_p2_methodology_catalogue.sql
mth-db migrate: applying 0012_p2_evidence.sql
mth-db migrate: applying 0013_p2_direction_charter.sql
mth-db migrate: applying 0014_p2_kpi_baseline_value_pool.sql
mth-db migrate: applying 0015_p2_diagnose.sql
mth-db migrate: applying 0016_p2_design_tom.sql
mth-db migrate: applying 0017_p2_decisions_gates.sql
mth-db migrate: applying 0018_p2_access_instantiation.sql
mth-db migrate: applying 0019_evidence_review_separation.sql
mth-db migrate: applying 0020_p3_portfolio_roadmap.sql
mth-db migrate: applying 0021_p3_prioritization.sql
mth-db migrate: applying 0022_p3_dependency_capacity_funding.sql
mth-db migrate: applying 0023_p3_business_case_formula.sql
mth-db migrate: applying 0024_p3_gates_access_instantiation.sql
mth-db migrate: applying 0025_p3_g1_agreement_guard.sql
mth-db migrate: applying 0026_p3_enable_g4.sql
mth-db migrate: applied 26 migration(s)
mth-db seed-dev: seeded SYNTHETIC dev users: dev.admin, dev.office, dev.lead, dev.auditor, dev.nobody
port-policy: API listening on port 23851 (attempt 1)
API: http://localhost:23851 (APP_BASE_URL=http://localhost:23851, PORT=23851)
{"status":"ready","checks":{"database":"ok","migrations":"ok"}}
npm warn Unknown project config "strict-peer-dependencies". This will stop working in the next major version of npm. See `npm help npmrc` for supported config options.
npm warn Unknown project config "auto-install-peers". This will stop working in the next major version of npm. See `npm help npmrc` for supported config options.
npm warn Unknown project config "link-workspace-packages". This will stop working in the next major version of npm. See `npm help npmrc` for supported config options.

Running 14 tests using 1 worker

  ✘   1 [chromium-en] › apps/web/e2e/p3-ui-completion.spec.ts:145:1 › setup: a synthetic transformation with G1 approved (demo), two ranked initiatives, INI-01 selected (demo SP) (722ms)
  -   2 [chromium-en] › apps/web/e2e/p3-ui-completion.spec.ts:211:1 › funding: the demo SP records an approved funding decision (business approval); Funded on the card and the list; the deselect rule
  -   3 [chromium-en] › apps/web/e2e/p3-ui-completion.spec.ts:297:1 › the lead creates three deliverables and a milestone on the card; the roadmap's timeline, table and board show them
  -   4 [chromium-en] › apps/web/e2e/p3-ui-completion.spec.ts:362:1 › the lead edits a wave's planned dates (overlap accepted) and owner; the source text is read-only
  -   5 [chromium-en] › apps/web/e2e/p3-ui-completion.spec.ts:402:1 › capacity owner: a role, a capacity row and a demand above capacity; the conflict shows; Unknown stays Unknown; commit
  -   6 [chromium-en] › apps/web/e2e/p3-ui-completion.spec.ts:518:1 › the audit trail labels the funding, role, capacity and demand events (nothing untranslated)
  -   7 [chromium-en] › apps/web/e2e/p3-ui-completion.spec.ts:537:1 › the read-only auditor: card, capacity and roadmap show the new data with no write control; only GETs are sent
  ✘   8 [chromium-ar] › apps/web/e2e/p3-ui-completion.spec.ts:145:1 › setup: a synthetic transformation with G1 approved (demo), two ranked initiatives, INI-01 selected (demo SP) (583ms)
  -   9 [chromium-ar] › apps/web/e2e/p3-ui-completion.spec.ts:211:1 › funding: the demo SP records an approved funding decision (business approval); Funded on the card and the list; the deselect rule
  -  10 [chromium-ar] › apps/web/e2e/p3-ui-completion.spec.ts:297:1 › the lead creates three deliverables and a milestone on the card; the roadmap's timeline, table and board show them
  -  11 [chromium-ar] › apps/web/e2e/p3-ui-completion.spec.ts:362:1 › the lead edits a wave's planned dates (overlap accepted) and owner; the source text is read-only
  -  12 [chromium-ar] › apps/web/e2e/p3-ui-completion.spec.ts:402:1 › capacity owner: a role, a capacity row and a demand above capacity; the conflict shows; Unknown stays Unknown; commit
  -  13 [chromium-ar] › apps/web/e2e/p3-ui-completion.spec.ts:518:1 › the audit trail labels the funding, role, capacity and demand events (nothing untranslated)
  -  14 [chromium-ar] › apps/web/e2e/p3-ui-completion.spec.ts:537:1 › the read-only auditor: card, capacity and roadmap show the new data with no write control; only GETs are sent


  1) [chromium-en] › apps/web/e2e/p3-ui-completion.spec.ts:145:1 › setup: a synthetic transformation with G1 approved (demo), two ranked initiatives, INI-01 selected (demo SP) 

    Error: POST /api/v1/initiatives/01a1197e-836d-706e-8cd7-73b87634c1ee/submit -> 422: {"type":"urn:mth:problem:validation","title":"Business rule violated","status":422,"detail":"Outcome before activity: link at least one measurable outcome with a KPI before submitting for prioritization","code":"initiative.outcome_before_activity","requestId":"01a1197e-83a2-7764-bf19-46c63a7e3ace","errors":[{"pointer":"/outcomeContributions","code":"initiative.outcome_before_activity","message":"Outcome before activity: link at least one measurable outcome with a KPI before submitting for prioritization"}]}

    [2mexpect([22m[31mreceived[39m[2m).[22mtoBe[2m([22m[32mexpected[39m[2m) // Object.is equality[22m

    Expected: [32mtrue[39m
    Received: [31mfalse[39m

       at apps/web/e2e/support/ui.ts:149

      147 |       const text = await res.text();
      148 |       if (options.expect !== undefined) expect(res.status(), `${method} ${path}: ${text}`).toBe(options.expect);
    > 149 |       else expect(res.ok(), `${method} ${path} -> ${res.status()}: ${text}`).toBe(true);
          |                                                                              ^
      150 |       return (text ? JSON.parse(text) : {}) as never;
      151 |     },
      152 |   };
        at Object.call (/home/user/wt/dg3-fe-e/apps/web/e2e/support/ui.ts:149:78)
        at /home/user/wt/dg3-fe-e/apps/web/e2e/p3-ui-completion.spec.ts:201:5

    attachment #1: trace (application/zip) ─────────────────────────────────────────────────────────
    test-results/apps-web-e2e-p3-ui-complet-5ff82-es-INI-01-selected-demo-SP--chromium-en/trace.zip
    Usage:

        npx playwright show-trace test-results/apps-web-e2e-p3-ui-complet-5ff82-es-INI-01-selected-demo-SP--chromium-en/trace.zip

    ────────────────────────────────────────────────────────────────────────────────────────────────

  2) [chromium-ar] › apps/web/e2e/p3-ui-completion.spec.ts:145:1 › setup: a synthetic transformation with G1 approved (demo), two ranked initiatives, INI-01 selected (demo SP) 

    Error: POST /api/v1/initiatives/01a1197e-894a-71bd-9f34-342a9e7ddc5d/submit -> 422: {"type":"urn:mth:problem:validation","title":"Business rule violated","status":422,"detail":"Outcome before activity: link at least one measurable outcome with a KPI before submitting for prioritization","code":"initiative.outcome_before_activity","requestId":"01a1197e-8971-727b-8dc3-2fd025485bb4","errors":[{"pointer":"/outcomeContributions","code":"initiative.outcome_before_activity","message":"Outcome before activity: link at least one measurable outcome with a KPI before submitting for prioritization"}]}

    [2mexpect([22m[31mreceived[39m[2m).[22mtoBe[2m([22m[32mexpected[39m[2m) // Object.is equality[22m

    Expected: [32mtrue[39m
    Received: [31mfalse[39m

       at apps/web/e2e/support/ui.ts:149

      147 |       const text = await res.text();
      148 |       if (options.expect !== undefined) expect(res.status(), `${method} ${path}: ${text}`).toBe(options.expect);
    > 149 |       else expect(res.ok(), `${method} ${path} -> ${res.status()}: ${text}`).toBe(true);
          |                                                                              ^
      150 |       return (text ? JSON.parse(text) : {}) as never;
      151 |     },
      152 |   };
        at Object.call (/home/user/wt/dg3-fe-e/apps/web/e2e/support/ui.ts:149:78)
        at /home/user/wt/dg3-fe-e/apps/web/e2e/p3-ui-completion.spec.ts:201:5

    attachment #1: trace (application/zip) ─────────────────────────────────────────────────────────
    test-results/apps-web-e2e-p3-ui-complet-5ff82-es-INI-01-selected-demo-SP--chromium-ar/trace.zip
    Usage:

        npx playwright show-trace test-results/apps-web-e2e-p3-ui-complet-5ff82-es-INI-01-selected-demo-SP--chromium-ar/trace.zip

    ────────────────────────────────────────────────────────────────────────────────────────────────

  2 failed
    [chromium-en] › apps/web/e2e/p3-ui-completion.spec.ts:145:1 › setup: a synthetic transformation with G1 approved (demo), two ranked initiatives, INI-01 selected (demo SP) 
    [chromium-ar] › apps/web/e2e/p3-ui-completion.spec.ts:145:1 › setup: a synthetic transformation with G1 approved (demo), two ranked initiatives, INI-01 selected (demo SP) 
  12 did not run

To open last HTML report run:
[36m[39m
[36m  npx playwright show-report[39m
[36m[39m
---- api.log (tail)
