port-policy: PostgreSQL listening on port 23850 (attempt 1)
e2e database mth: server_encoding UTF8, lc_collate C, lc_ctype C
mth-db migrate: applying 0001_identity_access.sql
mth-db migrate: applying 0002_transformation.sql
mth-db migrate: applying 0003_audit_event.sql
mth-db migrate: applying 0004_outbox_jobs.sql
mth-db migrate: applying 0005_seed_roles_permissions.sql
mth-db migrate: applying 0006_pgboss_schema_v25.sql
mth-db migrate: applying 0007_oidc_login_browser_binding.sql
mth-db migrate: applying 0008_scoped_assignment_derived_from.sql
mth-db migrate: applying 0009_business_unit_hierarchy_guard.sql
mth-db migrate: applying 0010_p2_record_guards.sql
mth-db migrate: applying 0011_p2_methodology_catalogue.sql
mth-db migrate: applying 0012_p2_evidence.sql
mth-db migrate: applying 0013_p2_direction_charter.sql
mth-db migrate: applying 0014_p2_kpi_baseline_value_pool.sql
mth-db migrate: applying 0015_p2_diagnose.sql
mth-db migrate: applying 0016_p2_design_tom.sql
mth-db migrate: applying 0017_p2_decisions_gates.sql
mth-db migrate: applying 0018_p2_access_instantiation.sql
mth-db migrate: applying 0019_evidence_review_separation.sql
mth-db migrate: applying 0020_p3_portfolio_roadmap.sql
mth-db migrate: applying 0021_p3_prioritization.sql
mth-db migrate: applying 0022_p3_dependency_capacity_funding.sql
mth-db migrate: applying 0023_p3_business_case_formula.sql
mth-db migrate: applying 0024_p3_gates_access_instantiation.sql
mth-db migrate: applying 0025_p3_g1_agreement_guard.sql
mth-db migrate: applying 0026_p3_enable_g4.sql
mth-db migrate: applied 26 migration(s)
mth-db seed-dev: seeded SYNTHETIC dev users: dev.admin, dev.office, dev.lead, dev.auditor, dev.nobody
port-policy: API listening on port 23851 (attempt 1)
API: http://localhost:23851 (APP_BASE_URL=http://localhost:23851, PORT=23851)
{"status":"ready","checks":{"database":"ok","migrations":"ok"}}
npm warn Unknown project config "strict-peer-dependencies". This will stop working in the next major version of npm. See `npm help npmrc` for supported config options.
npm warn Unknown project config "auto-install-peers". This will stop working in the next major version of npm. See `npm help npmrc` for supported config options.
npm warn Unknown project config "link-workspace-packages". This will stop working in the next major version of npm. See `npm help npmrc` for supported config options.

Running 14 tests using 1 worker

  ✓   1 [chromium-en] › apps/web/e2e/p3-ui-completion.spec.ts:145:1 › setup: a synthetic transformation with G1 approved (demo), two ranked initiatives, INI-01 selected (demo SP) (1.2s)
  ✓   2 [chromium-en] › apps/web/e2e/p3-ui-completion.spec.ts:222:1 › funding: the demo SP records an approved funding decision (business approval); Funded on the card and the list; the deselect rule (6.7s)
  ✘   3 [chromium-en] › apps/web/e2e/p3-ui-completion.spec.ts:308:1 › the lead creates three deliverables and a milestone on the card; the roadmap's timeline, table and board show them (11.2s)
  -   4 [chromium-en] › apps/web/e2e/p3-ui-completion.spec.ts:367:1 › the lead edits a wave's planned dates (overlap accepted) and owner; the source text is read-only
  -   5 [chromium-en] › apps/web/e2e/p3-ui-completion.spec.ts:407:1 › capacity owner: a role, a capacity row and a demand above capacity; the conflict shows; Unknown stays Unknown; commit
  -   6 [chromium-en] › apps/web/e2e/p3-ui-completion.spec.ts:517:1 › the audit trail labels the funding, role, capacity and demand events (nothing untranslated)
  -   7 [chromium-en] › apps/web/e2e/p3-ui-completion.spec.ts:536:1 › the read-only auditor: card, capacity and roadmap show the new data with no write control; only GETs are sent
  ✓   8 [chromium-ar] › apps/web/e2e/p3-ui-completion.spec.ts:145:1 › setup: a synthetic transformation with G1 approved (demo), two ranked initiatives, INI-01 selected (demo SP) (767ms)
  ✓   9 [chromium-ar] › apps/web/e2e/p3-ui-completion.spec.ts:222:1 › funding: the demo SP records an approved funding decision (business approval); Funded on the card and the list; the deselect rule (5.4s)
  ✘  10 [chromium-ar] › apps/web/e2e/p3-ui-completion.spec.ts:308:1 › the lead creates three deliverables and a milestone on the card; the roadmap's timeline, table and board show them (9.9s)
  -  11 [chromium-ar] › apps/web/e2e/p3-ui-completion.spec.ts:367:1 › the lead edits a wave's planned dates (overlap accepted) and owner; the source text is read-only
  -  12 [chromium-ar] › apps/web/e2e/p3-ui-completion.spec.ts:407:1 › capacity owner: a role, a capacity row and a demand above capacity; the conflict shows; Unknown stays Unknown; commit
  -  13 [chromium-ar] › apps/web/e2e/p3-ui-completion.spec.ts:517:1 › the audit trail labels the funding, role, capacity and demand events (nothing untranslated)
  -  14 [chromium-ar] › apps/web/e2e/p3-ui-completion.spec.ts:536:1 › the read-only auditor: card, capacity and roadmap show the new data with no write control; only GETs are sent


  1) [chromium-en] › apps/web/e2e/p3-ui-completion.spec.ts:308:1 › the lead creates three deliverables and a milestone on the card; the roadmap's timeline, table and board show them 

    Error: [2mexpect([22m[31mlocator[39m[2m).[22mtoContainText[2m([22m[32mexpected[39m[2m)[22m failed

    Locator: getByTestId('work-board').locator('[data-card=\'INI-02\']').getByTestId('board-next-milestone')
    Expected substring: [32m"Synthetic completion go-live"[39m
    Received string:    [31m"Next milestone: 10 Dec 2026"[39m
    Timeout: 5000ms

    Call log:
    [2m  - Expect "toContainText" with timeout 5000ms[22m
    [2m  - waiting for getByTestId('work-board').locator('[data-card=\'INI-02\']').getByTestId('board-next-milestone')[22m
    [2m    9 × locator resolved to <p data-testid="board-next-milestone">…</p>[22m
    [2m      - unexpected value "Next milestone: 10 Dec 2026"[22m


      355 |   await expect(tableRow.getByTestId("table-next-milestone")).toContainText("Synthetic completion go-live");
      356 |   const boardCard = page.getByTestId("work-board").locator(`[data-card='${ini[1]!.code}']`);
    > 357 |   await expect(boardCard.getByTestId("board-next-milestone")).toContainText("Synthetic completion go-live");
          |                                                               ^
      358 |   const roadmapDeliverables = page.locator("section#deliverables");
      359 |   for (const n of [1, 2, 3]) await expect(roadmapDeliverables).toContainText(`Synthetic deliverable ${n}`);
      360 |   await shot(page, lang, "p3-completion-roadmap");
        at /home/user/wt/dg3-fe-e/apps/web/e2e/p3-ui-completion.spec.ts:357:63

    attachment #1: screenshot (image/png) ──────────────────────────────────────────────────────────
    test-results/apps-web-e2e-p3-ui-complet-c2eea-e-table-and-board-show-them-chromium-en/test-failed-1.png
    ────────────────────────────────────────────────────────────────────────────────────────────────

    Error Context: test-results/apps-web-e2e-p3-ui-complet-c2eea-e-table-and-board-show-them-chromium-en/error-context.md

    attachment #3: trace (application/zip) ─────────────────────────────────────────────────────────
    test-results/apps-web-e2e-p3-ui-complet-c2eea-e-table-and-board-show-them-chromium-en/trace.zip
    Usage:

        npx playwright show-trace test-results/apps-web-e2e-p3-ui-complet-c2eea-e-table-and-board-show-them-chromium-en/trace.zip

    ────────────────────────────────────────────────────────────────────────────────────────────────

  2) [chromium-ar] › apps/web/e2e/p3-ui-completion.spec.ts:308:1 › the lead creates three deliverables and a milestone on the card; the roadmap's timeline, table and board show them 

    Error: [2mexpect([22m[31mlocator[39m[2m).[22mtoContainText[2m([22m[32mexpected[39m[2m)[22m failed

    Locator: getByTestId('work-board').locator('[data-card=\'INI-02\']').getByTestId('board-next-milestone')
    Expected substring: [32m"Synthetic completion go-live"[39m
    Received string:    [31m"المعلم التالي: 10‏/12‏/2026"[39m
    Timeout: 5000ms

    Call log:
    [2m  - Expect "toContainText" with timeout 5000ms[22m
    [2m  - waiting for getByTestId('work-board').locator('[data-card=\'INI-02\']').getByTestId('board-next-milestone')[22m
    [2m    9 × locator resolved to <p data-testid="board-next-milestone">…</p>[22m
    [2m      - unexpected value "المعلم التالي: 10‏/12‏/2026"[22m


      355 |   await expect(tableRow.getByTestId("table-next-milestone")).toContainText("Synthetic completion go-live");
      356 |   const boardCard = page.getByTestId("work-board").locator(`[data-card='${ini[1]!.code}']`);
    > 357 |   await expect(boardCard.getByTestId("board-next-milestone")).toContainText("Synthetic completion go-live");
          |                                                               ^
      358 |   const roadmapDeliverables = page.locator("section#deliverables");
      359 |   for (const n of [1, 2, 3]) await expect(roadmapDeliverables).toContainText(`Synthetic deliverable ${n}`);
      360 |   await shot(page, lang, "p3-completion-roadmap");
        at /home/user/wt/dg3-fe-e/apps/web/e2e/p3-ui-completion.spec.ts:357:63

    attachment #1: screenshot (image/png) ──────────────────────────────────────────────────────────
    test-results/apps-web-e2e-p3-ui-complet-c2eea-e-table-and-board-show-them-chromium-ar/test-failed-1.png
    ────────────────────────────────────────────────────────────────────────────────────────────────

    Error Context: test-results/apps-web-e2e-p3-ui-complet-c2eea-e-table-and-board-show-them-chromium-ar/error-context.md

    attachment #3: trace (application/zip) ─────────────────────────────────────────────────────────
    test-results/apps-web-e2e-p3-ui-complet-c2eea-e-table-and-board-show-them-chromium-ar/trace.zip
    Usage:

        npx playwright show-trace test-results/apps-web-e2e-p3-ui-complet-c2eea-e-table-and-board-show-them-chromium-ar/trace.zip

    ────────────────────────────────────────────────────────────────────────────────────────────────

  2 failed
    [chromium-en] › apps/web/e2e/p3-ui-completion.spec.ts:308:1 › the lead creates three deliverables and a milestone on the card; the roadmap's timeline, table and board show them 
    [chromium-ar] › apps/web/e2e/p3-ui-completion.spec.ts:308:1 › the lead creates three deliverables and a milestone on the card; the roadmap's timeline, table and board show them 
  8 did not run
  4 passed (39.2s)

To open last HTML report run:
[36m[39m
[36m  npx playwright show-report[39m
[36m[39m
---- api.log (tail)
