
> mobily-transformation-hub@0.1.0 test /home/user/wt/dg4-be-e
> vitest run --project unit-node --project unit-web && vitest run --project unit-formula-nocodegen


 RUN  v3.2.4 /home/user/wt/dg4-be-e

 ✓ |unit-node| packages/shared/src/formula/fuzz.test.ts (111 tests) 14096ms
   ✓ fuzz: no uncaught exception, no code execution > 10 000 random byte strings (0–255, up to 80 bytes)  2402ms
   ✓ fuzz: no uncaught exception, no code execution > 10 000 random UTF-16 strings including astral code points and lone surrogates  2249ms
   ✓ fuzz: no uncaught exception, no code execution > 20 000 random strings over the grammar alphabet reach parser, type checker and evaluator  6056ms
   ✓ source scan: no dynamic code in packages/shared/src/formula (ADR-0024 §6) > every file of the engine's import closure gets the engine-source lint rules (eslint.config.js)  2193ms
   ✓ source scan: no dynamic code in packages/shared/src/formula (ADR-0024 §6) > ESLint refuses the round-5 handler forms (G1, G2, A1, A2), F1 and every lintable probe-table row in an engine source  1100ms
 ✓ |unit-node| apps/api/src/modules/kpi/kpi.test.ts (38 tests) 4336ms
   ✓ kpi module (P2) > its declared boundary holds, and a planted bypass or undeclared dependency would be caught  4055ms
 ❯ |unit-node| apps/api/src/architecture.test.ts (137 tests | 1 failed) 16840ms
   ✓ API module boundaries (ADR-0002) > has only mapped module directories, and every P1/P2 module has a public index.ts 17ms
   ✓ API module boundaries (ADR-0002) > the P2 modules methodology and evidence each have their own test suite (p2-work-split §2) 4ms
   ✓ API module boundaries (ADR-0002) > the P3 module portfolio has its own test suite and exactly the ADR-0021 §1 dependencies (p3-work-split §2) 46ms
   ✓ API module boundaries (ADR-0002) > the P4 modules exist, each with its own test suite, and only governance imports workflows (p4-plan §2) 4ms
   ✓ API module boundaries (ADR-0002) > workflows reaches kpi and evidence (G1-G3 evaluators), and none of them reaches back (no cycle) 0ms
   ✓ API module boundaries (ADR-0002) > the six §16 business modules all exist, each with its own test suite (A12; D-048) 42ms
   × API module boundaries (ADR-0002) > every import respects dependsOn, public surfaces and allowed packages 11427ms
     → expected [ …(5) ] to deeply equal []
   ✓ API module boundaries (ADR-0002) > the declared module graph is acyclic, and audit/access depend on no business module 6ms
   ✓ the checker itself catches planted violations (self-check, incl. F-DG1-109, F-DG1-117, F-DG1-124) > A static deep import is a violation 2ms
   ✓ the checker itself catches planted violations (self-check, incl. F-DG1-109, F-DG1-117, F-DG1-124) > A2 type-only deep import is a violation 1ms
   ✓ the checker itself catches planted violations (self-check, incl. F-DG1-109, F-DG1-117, F-DG1-124) > B dynamic import, literal is a violation 6ms
   ✓ the checker itself catches planted violations (self-check, incl. F-DG1-109, F-DG1-117, F-DG1-124) > B2 dynamic import, template literal is a violation 3ms
   ✓ the checker itself catches planted violations (self-check, incl. F-DG1-109, F-DG1-117, F-DG1-124) > C re-export is a violation 2ms
   ✓ the checker itself catches planted violations (self-check, incl. F-DG1-109, F-DG1-117, F-DG1-124) > D createRequire is a violation 2ms
   ✓ the checker itself catches planted violations (self-check, incl. F-DG1-109, F-DG1-117, F-DG1-124) > D2 node:module itself is a violation 1ms
   ✓ the checker itself catches planted violations (self-check, incl. F-DG1-109, F-DG1-117, F-DG1-124) > D3 createRequire via namespace is a violation 8ms
   ✓ the checker itself catches planted violations (self-check, incl. F-DG1-109, F-DG1-117, F-DG1-124) > E computed import() is a violation 2ms
   ✓ the checker itself catches planted violations (self-check, incl. F-DG1-109, F-DG1-117, F-DG1-124) > E2 computed import() via variable is a violation 1ms
   ✓ the checker itself catches planted violations (self-check, incl. F-DG1-109, F-DG1-117, F-DG1-124) > F require literal is a violation 1ms
   ✓ the checker itself catches planted violations (self-check, incl. F-DG1-109, F-DG1-117, F-DG1-124) > F2 require computed is a violation 2ms
   ✓ the checker itself catches planted violations (self-check, incl. F-DG1-109, F-DG1-117, F-DG1-124) > G import-equals require is a violation 2ms
   ✓ the checker itself catches planted violations (self-check, incl. F-DG1-109, F-DG1-117, F-DG1-124) > H import type() is a violation 2ms
   ✓ the checker itself catches planted violations (self-check, incl. F-DG1-109, F-DG1-117, F-DG1-124) > I composition root is a violation 1ms
   ✓ the checker itself catches planted violations (self-check, incl. F-DG1-109, F-DG1-117, F-DG1-124) > J undeclared module (via its index) is a violation 1ms
   ✓ the checker itself catches planted violations (self-check, incl. F-DG1-109, F-DG1-117, F-DG1-124) > K unknown package is a violation 1ms
   ✓ the checker itself catches planted violations (self-check, incl. F-DG1-109, F-DG1-117, F-DG1-124) > L getBuiltinModule + computed member is a violation 2ms
   ✓ the checker itself catches planted violations (self-check, incl. F-DG1-109, F-DG1-117, F-DG1-124) > L2 computed member of process is a violation 1ms
   ✓ the checker itself catches planted violations (self-check, incl. F-DG1-109, F-DG1-117, F-DG1-124) > L3 loader name as a string key is a violation 2ms
   ✓ the checker itself catches planted violations (self-check, incl. F-DG1-109, F-DG1-117, F-DG1-124) > L4 process aliased is a violation 1ms
   ✓ the checker itself catches planted violations (self-check, incl. F-DG1-109, F-DG1-117, F-DG1-124) > L5 process destructured is a violation 3ms
   ✓ the checker itself catches planted violations (self-check, incl. F-DG1-109, F-DG1-117, F-DG1-124) > L6 computed member of globalThis is a violation 1ms
   ✓ the checker itself catches planted violations (self-check, incl. F-DG1-109, F-DG1-117, F-DG1-124) > L7 globalThis.process is a violation 1ms
   ✓ the checker itself catches planted violations (self-check, incl. F-DG1-109, F-DG1-117, F-DG1-124) > M new Function dynamic import is a violation 1ms
   ✓ the checker itself catches planted violations (self-check, incl. F-DG1-109, F-DG1-117, F-DG1-124) > M2 Function() call is a violation 2ms
   ✓ the checker itself catches planted violations (self-check, incl. F-DG1-109, F-DG1-117, F-DG1-124) > M3 Function aliased is a violation 55ms
   ✓ the checker itself catches planted violations (self-check, incl. F-DG1-109, F-DG1-117, F-DG1-124) > M4 globalThis.Function is a violation 5ms
   ✓ the checker itself catches planted violations (self-check, incl. F-DG1-109, F-DG1-117, F-DG1-124) > M5 eval is a violation 1ms
   ✓ the checker itself catches planted violations (self-check, incl. F-DG1-109, F-DG1-117, F-DG1-124) > M6 AsyncFunction via .constructor is a violation 3ms
   ✓ the checker itself catches planted violations (self-check, incl. F-DG1-109, F-DG1-117, F-DG1-124) > M7 ['constructor'] member is a violation 5ms
   ✓ the checker itself catches planted violations (self-check, incl. F-DG1-109, F-DG1-117, F-DG1-124) > N1 AsyncFunction via aliased .constructor is a violation 9ms
   ✓ the checker itself catches planted violations (self-check, incl. F-DG1-109, F-DG1-117, F-DG1-124) > N2 constructor destructured is a violation 1ms
   ✓ the checker itself catches planted violations (self-check, incl. F-DG1-109, F-DG1-117, F-DG1-124) > N3 Reflect.construct of .constructor is a violation 1ms
   ✓ the checker itself catches planted violations (self-check, incl. F-DG1-109, F-DG1-117, F-DG1-124) > N4 getPrototypeOf(...).constructor aliased is a violation 1ms
   ✓ the checker itself catches planted violations (self-check, incl. F-DG1-109, F-DG1-117, F-DG1-124) > N5 generator constructor, shorthand destructuring is a violation 2ms
   ✓ the checker itself catches planted violations (self-check, incl. F-DG1-109, F-DG1-117, F-DG1-124) > N6 destructuring assignment with a string key is a violation 2ms
   ✓ the checker itself catches planted violations (self-check, incl. F-DG1-109, F-DG1-117, F-DG1-124) > N7 computed constructor key in a binding pattern is a violation 1ms
   ✓ the checker itself catches planted violations (self-check, incl. F-DG1-109, F-DG1-117, F-DG1-124) > N8 constructor key as a string value is a violation 1ms
   ✓ the checker itself catches planted violations (self-check, incl. F-DG1-109, F-DG1-117, F-DG1-124) > M8 node:vm is a violation 1ms
   ✓ the checker itself catches planted violations (self-check, incl. F-DG1-109, F-DG1-117, F-DG1-124) > M9 worker_threads is a violation 1ms
   ✓ the checker itself catches planted violations (self-check, incl. F-DG1-109, F-DG1-117, F-DG1-124) > P1 constructed key f["constr" + "uctor"] is a violation (round-4 lint: 'missed') 1ms
   ✓ the checker itself catches planted violations (self-check, incl. F-DG1-109, F-DG1-117, F-DG1-124) > P2 Reflect.get(fn, "constructor") is a violation (round-4 lint: 'caught') 1ms
   ✓ the checker itself catches planted violations (self-check, incl. F-DG1-109, F-DG1-117, F-DG1-124) > P3 Reflect.get with a constructed key is a violation (round-4 lint: 'missed') 1ms
   ✓ the checker itself catches planted violations (self-check, incl. F-DG1-109, F-DG1-117, F-DG1-124) > P4 constructed key held in a variable is a violation (round-4 lint: 'missed') 1ms
   ✓ the checker itself catches planted violations (self-check, incl. F-DG1-109, F-DG1-117, F-DG1-124) > P5 template-literal key is a violation (round-4 lint: 'missed') 1ms
   ✓ the checker itself catches planted violations (self-check, incl. F-DG1-109, F-DG1-117, F-DG1-124) > P6 optional-chain constructed key is a violation (round-4 lint: 'missed') 2ms
   ✓ the checker itself catches planted violations (self-check, incl. F-DG1-109, F-DG1-117, F-DG1-124) > P7 constructed key in a destructuring pattern is a violation (round-4 lint: 'missed') 1ms
   ✓ the checker itself catches planted violations (self-check, incl. F-DG1-109, F-DG1-117, F-DG1-124) > P8 descriptors: the constructor without its name is a violation (round-4 lint: 'missed') 1ms
   ✓ the checker itself catches planted violations (self-check, incl. F-DG1-109, F-DG1-117, F-DG1-124) > P9 own property names, then a variable key is a violation (round-4 lint: 'missed') 2ms
   ✓ the checker itself catches planted violations (self-check, incl. F-DG1-109, F-DG1-117, F-DG1-124) > P10 __proto__ is a violation (round-4 lint: 'missed') 1ms
   ✓ the checker itself catches planted violations (self-check, incl. F-DG1-109, F-DG1-117, F-DG1-124) > P11 loader name as a string handed to a helper is a violation (round-4 lint: 'missed') 2ms
   ✓ the checker itself catches planted violations (self-check, incl. F-DG1-109, F-DG1-117, F-DG1-124) > P12 process.binding is a violation (round-4 lint: 'missed') 1ms
   ✓ the checker itself catches planted violations (self-check, incl. F-DG1-109, F-DG1-117, F-DG1-124) > P13 node:inspector (in-process evaluation) is a violation (round-4 lint: 'missed') 1ms
   ✓ the checker itself catches planted violations (self-check, incl. F-DG1-109, F-DG1-117, F-DG1-124) > P14 node:child_process is a violation (round-4 lint: 'missed') 1ms
   ✓ the checker itself catches planted violations (self-check, incl. F-DG1-109, F-DG1-117, F-DG1-124) > P15 look-alike member o.eval (was an allowed form) is a violation (round-4 lint: 'missed') 4ms
   ✓ the checker itself catches planted violations (self-check, incl. F-DG1-109, F-DG1-117, F-DG1-124) > P16 constructor as an object key, fed to a keyed reader (was an allowed form) is a violation (round-4 lint: 'missed') 2ms
   ✓ the checker itself catches planted violations (self-check, incl. F-DG1-109, F-DG1-117, F-DG1-124) > P20 a syntax error fails closed (parser recovery hid P4's key) is a violation (round-4 lint: 'missed') 3ms
   ✓ the checker itself catches planted violations (self-check, incl. F-DG1-109, F-DG1-117, F-DG1-124) > X6 node:process default import .dlopen is a violation (round-4 lint: 'missed') 2ms
   ✓ the checker itself catches planted violations (self-check, incl. F-DG1-109, F-DG1-117, F-DG1-124) > X7 node:process default import .binding is a violation (round-4 lint: 'missed') 2ms
   ✓ the checker itself catches planted violations (self-check, incl. F-DG1-109, F-DG1-117, F-DG1-124) > X8 node:process named import dlopen is a violation (round-4 lint: 'missed') 2ms
   ✓ the checker itself catches planted violations (self-check, incl. F-DG1-109, F-DG1-117, F-DG1-124) > A1 node:sqlite loadExtension is a violation (round-4 lint: 'missed') 21ms
   ✓ the checker itself catches planted violations (self-check, incl. F-DG1-109, F-DG1-117, F-DG1-124) > R1 node:test in-process run is a violation (round-4 lint: 'missed') 6ms
   ✓ the checker itself catches planted violations (self-check, incl. F-DG1-109, F-DG1-117, F-DG1-124) > R2 process.execve is a violation (round-4 lint: 'missed') 3ms
   ✓ the checker itself catches planted violations (self-check, incl. F-DG1-109, F-DG1-117, F-DG1-124) > P17 module.constructor is a violation (round-4 lint: 'caught') 6ms
   ✓ the checker itself catches planted violations (self-check, incl. F-DG1-109, F-DG1-117, F-DG1-124) > P18 aliased AsyncFunction constructor (F-DG1-121 N1) is a violation (round-4 lint: 'caught') 4ms
   ✓ the checker itself catches planted violations (self-check, incl. F-DG1-109, F-DG1-117, F-DG1-124) > P19 new Function (F-DG1-117 M) is a violation (round-4 lint: 'caught') 1ms
   ✓ the checker itself catches planted violations (self-check, incl. F-DG1-109, F-DG1-117, F-DG1-124) > S1 crypto.setEngine (named import) is a violation (round-9 lint: 'missed') 5ms
   ✓ the checker itself catches planted violations (self-check, incl. F-DG1-109, F-DG1-117, F-DG1-124) > S2 crypto.setEngine (namespace import) is a violation (round-9 lint: 'missed') 1ms
   ✓ the checker itself catches planted violations (self-check, incl. F-DG1-109, F-DG1-117, F-DG1-124) > S3 crypto["setEngine"] (string key) is a violation (round-9 lint: 'missed') 1ms
   ✓ the checker itself catches planted violations (self-check, incl. F-DG1-109, F-DG1-117, F-DG1-124) > DD1 process.kill(self, SIGUSR1) starts the inspector (F-DG1-129 N1) is a violation (default-deny; round-8 lint: 'missed') 1ms
   ✓ the checker itself catches planted violations (self-check, incl. F-DG1-109, F-DG1-117, F-DG1-124) > DD2 process._debugProcess(self) (F-DG1-129 N2 / F-DG1-213 D2) is a violation (default-deny; round-8 lint: 'missed') 5ms
   ✓ the checker itself catches planted violations (self-check, incl. F-DG1-109, F-DG1-117, F-DG1-124) > DD3 process._kill is a violation (default-deny; round-8 lint: 'missed') 1ms
   ✓ the checker itself catches planted violations (self-check, incl. F-DG1-109, F-DG1-117, F-DG1-124) > DD4 F-DG1-213 D1 full route as module source is a violation (default-deny; round-8 lint: 'missed') 1ms
   ✓ the checker itself catches planted violations (self-check, incl. F-DG1-109, F-DG1-117, F-DG1-124) > DD5 process.execve is a violation (default-deny; round-8 lint: 'caught') 5ms
   ✓ the checker itself catches planted violations (self-check, incl. F-DG1-109, F-DG1-117, F-DG1-124) > DD6 process.binding is a violation (default-deny; round-8 lint: 'caught') 1ms
   ✓ the checker itself catches planted violations (self-check, incl. F-DG1-109, F-DG1-117, F-DG1-124) > DD7 process.dlopen is a violation (default-deny; round-8 lint: 'caught') 1ms
   ✓ the checker itself catches planted violations (self-check, incl. F-DG1-109, F-DG1-117, F-DG1-124) > DD8 process.abort is a violation (default-deny; round-8 lint: 'missed') 1ms
   ✓ the checker itself catches planted violations (self-check, incl. F-DG1-109, F-DG1-117, F-DG1-124) > DD9 optional-chained process?.kill is a violation (default-deny; round-8 lint: 'missed') 1ms
   ✓ the checker itself catches planted violations (self-check, incl. F-DG1-109, F-DG1-117, F-DG1-124) > DD10 node:inspector is a violation (default-deny; round-8 lint: 'caught') 1ms
   ✓ the checker itself catches planted violations (self-check, incl. F-DG1-109, F-DG1-117, F-DG1-124) > DD11 node:inspector/promises is a violation (default-deny; round-8 lint: 'caught') 1ms
   ✓ the checker itself catches planted violations (self-check, incl. F-DG1-109, F-DG1-117, F-DG1-124) > DD12 node:sqlite is a violation (default-deny; round-8 lint: 'caught') 1ms
   ✓ the checker itself catches planted violations (self-check, incl. F-DG1-109, F-DG1-117, F-DG1-124) > DD13 node:test is a violation (default-deny; round-8 lint: 'caught') 1ms
   ✓ the checker itself catches planted violations (self-check, incl. F-DG1-109, F-DG1-117, F-DG1-124) > DD14 node:vm is a violation (default-deny; round-8 lint: 'caught') 1ms
   ✓ the checker itself catches planted violations (self-check, incl. F-DG1-109, F-DG1-117, F-DG1-124) > DD15 node:worker_threads is a violation (default-deny; round-8 lint: 'caught') 1ms
   ✓ the checker itself catches planted violations (self-check, incl. F-DG1-109, F-DG1-117, F-DG1-124) > DD16 node:wasi is a violation (default-deny; round-8 lint: 'missed') 1ms
   ✓ the checker itself catches planted violations (self-check, incl. F-DG1-109, F-DG1-117, F-DG1-124) > DD17 node:v8 is a violation (default-deny; round-8 lint: 'missed') 120ms
   ✓ the checker itself catches planted violations (self-check, incl. F-DG1-109, F-DG1-117, F-DG1-124) > DD18 node:http is a violation (default-deny; round-8 lint: 'missed') 1ms
   ✓ the checker itself catches planted violations (self-check, incl. F-DG1-109, F-DG1-117, F-DG1-124) > DD19 node:net is a violation (default-deny; round-8 lint: 'missed') 1ms
   ✓ the checker itself catches planted violations (self-check, incl. F-DG1-109, F-DG1-117, F-DG1-124) > DD20 a built-in a later Node version might add is a violation (default-deny; round-8 lint: 'missed') 1ms
   ✓ the checker itself catches planted violations (self-check, incl. F-DG1-109, F-DG1-117, F-DG1-124) > default-deny keeps the allow-listed built-ins and process members clean (D-055 positive controls) 2ms
   ✓ the checker itself catches planted violations (self-check, incl. F-DG1-109, F-DG1-117, F-DG1-124) > F-DG1-132/133 rule 5: E1 Object.values(ns).find by fn.name is a violation (round-11 lint: 'missed') 2ms
   ✓ the checker itself catches planted violations (self-check, incl. F-DG1-109, F-DG1-117, F-DG1-124) > F-DG1-132/133 rule 5: E2 new Map(Object.entries(ns)).get(built key) is a violation (round-11 lint: 'missed') 1ms
   ✓ the checker itself catches planted violations (self-check, incl. F-DG1-109, F-DG1-117, F-DG1-124) > F-DG1-132/133 rule 5: E3 Object.entries(ns).find by regex over keys is a violation (round-11 lint: 'missed') 2ms
   ✓ the checker itself catches planted violations (self-check, incl. F-DG1-109, F-DG1-117, F-DG1-124) > F-DG1-132/133 rule 5: E4 for-of over Object.entries(default binding) is a violation (round-11 lint: 'missed') 1ms
   ✓ the checker itself catches planted violations (self-check, incl. F-DG1-109, F-DG1-117, F-DG1-124) > F-DG1-132/133 rule 5: E5 dynamic import() then enumerate is a violation (round-11 lint: 'missed') 1ms
   ✓ the checker itself catches planted violations (self-check, incl. F-DG1-109, F-DG1-117, F-DG1-124) > F-DG1-132/133 rule 5: N1 namespace import is a violation (round-11 lint: 'missed') 1ms
   ✓ the checker itself catches planted violations (self-check, incl. F-DG1-109, F-DG1-117, F-DG1-124) > F-DG1-132/133 rule 5: N2 default import is a violation (round-11 lint: 'missed') 1ms
   ✓ the checker itself catches planted violations (self-check, incl. F-DG1-109, F-DG1-117, F-DG1-124) > F-DG1-132/133 rule 5: N3 default + named import is a violation (round-11 lint: 'missed') 1ms
   ✓ the checker itself catches planted violations (self-check, incl. F-DG1-109, F-DG1-117, F-DG1-124) > F-DG1-132/133 rule 5: N4 named default import is a violation (round-11 lint: 'missed') 1ms
   ✓ the checker itself catches planted violations (self-check, incl. F-DG1-109, F-DG1-117, F-DG1-124) > F-DG1-132/133 rule 5: N5 export star is a violation (round-11 lint: 'missed') 1ms
   ✓ the checker itself catches planted violations (self-check, incl. F-DG1-109, F-DG1-117, F-DG1-124) > F-DG1-132/133 rule 5: N6 export star as is a violation (round-11 lint: 'missed') 10ms
   ✓ the checker itself catches planted violations (self-check, incl. F-DG1-109, F-DG1-117, F-DG1-124) > F-DG1-132/133 rule 5: N7 re-export default is a violation (round-11 lint: 'missed') 1ms
   ✓ the checker itself catches planted violations (self-check, incl. F-DG1-109, F-DG1-117, F-DG1-124) > F-DG1-132/133 rule 5: N8 import-equals require is a violation (round-11 lint: 'missed') 1ms
   ✓ the checker itself catches planted violations (self-check, incl. F-DG1-109, F-DG1-117, F-DG1-124) > F-DG1-132/133 rule 5: N9 dynamic import() literal is a violation (round-11 lint: 'missed') 5ms
   ✓ the checker itself catches planted violations (self-check, incl. F-DG1-109, F-DG1-117, F-DG1-124) > F-DG1-132/133 rule 5: N10 require() literal is a violation (round-11 lint: 'caught') 1ms
   ✓ the checker itself catches planted violations (self-check, incl. F-DG1-109, F-DG1-117, F-DG1-124) > F-DG1-130/132: named node:crypto imports and their members stay allowed (positive control) 2ms
   ✓ the checker itself catches planted violations (self-check, incl. F-DG1-109, F-DG1-117, F-DG1-124) > F-DG1-133: enumerating a PLAIN object stays allowed (identity/routes.ts, access/rules.ts idiom) 6ms
   ✓ the checker itself catches planted violations (self-check, incl. F-DG1-109, F-DG1-117, F-DG1-124) > rule 5 applies only to node:crypto: namespace/default imports of other allow-listed built-ins stay allowed 23ms
   ✓ the checker itself catches planted violations (self-check, incl. F-DG1-109, F-DG1-117, F-DG1-124) > allowed forms stay clean (public index of a declared dependency, shared packages, own files) 13ms
   ✓ the checker itself catches planted violations (self-check, incl. F-DG1-109, F-DG1-117, F-DG1-124) > a module's own test may read the module map and the lint, but its runtime files may not 3ms
   ✓ the checker itself catches planted violations (self-check, incl. F-DG1-109, F-DG1-117, F-DG1-124) > a scaffold may not reach a business module it does not declare (reporting -> workflows) 5ms
   ✓ the checker itself catches planted violations (self-check, incl. F-DG1-109, F-DG1-117, F-DG1-124) > F-DG1-134: walk() collects every buildable JS/TS file (.[cm]?[jt]sx?), incl. nested ones, and no other file 7ms
   ✓ the checker itself catches planted violations (self-check, incl. F-DG1-109, F-DG1-117, F-DG1-124) > F-DG1-134: a planted non-.ts module file (zz-planted.mts etc.) is linted like a .ts one, end to end 136ms
   ✓ the checker itself catches planted violations (self-check, incl. F-DG1-109, F-DG1-117, F-DG1-124) > F-DG1-134: zz-planted.mts via fileViolations yields the rule-5 and deep-import violations 4ms
   ✓ the checker itself catches planted violations (self-check, incl. F-DG1-109, F-DG1-117, F-DG1-124) > F-DG1-134: JSX in a .tsx/.jsx module file is parsed as JSX, so its imports are still seen and not mis-parsed 12ms
   ✓ the checker itself catches planted violations (self-check, incl. F-DG1-109, F-DG1-117, F-DG1-124) > F-DG1-135: only *.test.ts/*.test.tsx (build-excluded) get the test allowance; *.test.mts etc. get full rules 27ms
   ✓ the checker itself catches planted violations (self-check, incl. F-DG1-109, F-DG1-117, F-DG1-124) > F-DG1-135: zz.test.mts importing ../../modules.ts or vitest is a violation; zz.test.ts doing so is allowed 9ms
   ✓ the checker itself catches planted violations (self-check, incl. F-DG1-109, F-DG1-117, F-DG1-124) > F-DG1-143: test-only packages (ajv, ajv-formats, yaml) are violations in module source, allowed only in *.test.ts 24ms
   ✓ the checker itself catches planted violations (self-check, incl. F-DG1-109, F-DG1-117, F-DG1-124) > F-DG1-217: a module declaration file (.d.ts/.d.mts/.d.cts) is linted without throwing, imports still checked 13ms
   ✓ the checker itself catches planted violations (self-check, incl. F-DG1-109, F-DG1-117, F-DG1-124) > F-DG1-137/F-DG1-218: an arbitrary-extension declaration file (*.d.<ext>.ts) is linted without throwing 12ms
   ✓ the checker itself catches planted violations (self-check, incl. F-DG1-109, F-DG1-117, F-DG1-124) > F-DG1-137/F-DG1-218: a planted styles.d.css.ts in a module directory is walked and linted end to end 6ms
   ✓ the checker itself catches planted violations (self-check, incl. F-DG1-109, F-DG1-117, F-DG1-124) > F-DG1-217: a planted .d.ts in a module directory is walked and linted end to end without throwing 7ms
   ✓ the checker itself catches planted violations (self-check, incl. F-DG1-109, F-DG1-117, F-DG1-124) > scanSource reports what it saw (paths resolve relative to the planted file) 5ms
   ✓ package dependency direction (ADR-0002 rule 5) > packages/db imports only @mth/config and @mth/shared  511ms
   ✓ package dependency direction (ADR-0002 rule 5) > packages/config imports only @mth/shared 21ms
   ✓ package dependency direction (ADR-0002 rule 5) > packages/shared imports no workspace package  1404ms
   ✓ package dependency direction (ADR-0002 rule 5) > apps/web never imports @mth/db or @mth/config (browser bundle, no secrets)  2542ms
   ✓ package dependency direction (ADR-0002 rule 5) > apps/worker imports no API code 87ms
 ✓ |unit-node| packages/shared/src/kpi/property.test.ts (11 tests) 2287ms
   ✓ measures > higher- and lower-is-better shortfalls are exact negatives; deviation follows the sign  482ms
   ✓ measures > band: within ⇔ L ≤ a ≤ U, the shortfall is never negative, and equals the distance to the band  307ms
   ✓ storage rounding > rounds once half-up: |stored − exact| ≤ 0.0000005 and the record is honest  327ms
 ✓ |unit-node| packages/shared/src/scoring.test.ts (36 tests) 545ms
   ✓ property: all 5^5 integer score combinations under v1 equal an independent BigInt rational computation > stored value, 2-digit display and 0–100 view all match for 3125 combinations  473ms
 ✓ |unit-node| apps/api/src/modules/workflows/workflows.test.ts (14 tests) 1732ms
   ✓ workflows module (P2) > its declared boundary holds, and an undeclared dependency would be caught  1628ms
 ✓ |unit-node| apps/api/src/modules/evidence/evidence.test.ts (13 tests) 624ms
   ✓ evidence module (P2) > its declared boundary holds  467ms
 ✓ |unit-node| apps/api/src/modules/methodology/methodology.test.ts (4 tests) 307ms
 ✓ |unit-node| apps/api/src/modules/platform/media-types.test.ts (57 tests) 335ms
 ✓ |unit-node| packages/shared/src/schemas/schemas.test.ts (69 tests) 302ms
 ✓ |unit-node| apps/api/src/server.test.ts (6 tests) 1200ms
   ✓ route registration > declares access on every /api route and on the health endpoints  619ms
 ✓ |unit-node| apps/api/src/modules/platform/in-flight.test.ts (4 tests) 343ms
 ✓ |unit-node| packages/shared/src/value.test.ts (29 tests) 307ms
 ✓ |unit-node| apps/api/src/modules/reporting/reporting.test.ts (4 tests) 253ms
 ✓ |unit-node| packages/shared/src/formula/formula.test.ts (140 tests) 174ms
 ✓ |unit-node| apps/api/src/modules/platform/platform.test.ts (19 tests) 205ms
 ✓ |unit-node| apps/api/src/modules/benefits/register-rules.test.ts (45 tests) 45ms
 ✓ |unit-node| apps/api/src/modules/admin/branding.test.ts (4 tests) 65ms
 ✓ |unit-node| packages/shared/src/schedule/working-day-slip.test.ts (11 tests) 13ms
 ✓ |unit-node| apps/api/src/modules/raid/raid.test.ts (7 tests) 58ms
 ✓ |unit-node| packages/shared/src/kpi/purity.test.ts (14 tests) 24ms
 ✓ |unit-node| packages/design-tokens/src/tokens.test.ts (15 tests) 42ms
 ✓ |unit-node| packages/config/src/load.test.ts (17 tests) 116ms
 ✓ |unit-node| apps/api/src/request-encoding.test.ts (11 tests) 130ms
 ✓ |unit-node| packages/db/src/seed.test.ts (28 tests) 100ms
 ✓ |unit-node| apps/api/src/modules/platform/incomplete-body.test.ts (10 tests) 109ms
 ✓ |unit-node| packages/shared/src/time/working-days.test.ts (19 tests) 68ms
 ✓ |unit-node| apps/api/src/modules/kpi/totals.test.ts (20 tests) 17ms
 ✓ |unit-node| packages/shared/src/kpi/rag.test.ts (38 tests) 22ms
 ✓ |unit-node| apps/api/src/modules/platform/connection-hygiene.test.ts (6 tests) 84ms
 ✓ |unit-node| packages/shared/src/kpi/a05.test.ts (17 tests) 39ms
 ✓ |unit-node| apps/api/src/modules/kpi/rules.test.ts (30 tests) 99ms
 ✓ |unit-node| apps/api/src/modules/benefits/benefits.test.ts (2 tests) 35ms
 ✓ |unit-node| packages/shared/src/kpi/change.test.ts (22 tests) 47ms
 ✓ |unit-node| apps/api/src/modules/tasks/tasks.test.ts (5 tests) 24ms
 ✓ |unit-node| apps/api/src/modules/adoption/adoption.test.ts (2 tests) 41ms
 ✓ |unit-node| packages/shared/src/kpi/formula-binding.test.ts (26 tests) 25ms
 ✓ |unit-node| packages/shared/src/kpi/measures.test.ts (30 tests) 13ms
 ✓ |unit-node| apps/api/src/modules/kpi/formulas.test.ts (10 tests) 51ms
 ✓ |unit-node| apps/api/src/modules/platform/health.test.ts (2 tests) 69ms
 ✓ |unit-node| apps/api/src/modules/platform/advisory-locks.test.ts (3 tests) 41ms
 ✓ |unit-node| apps/api/src/modules/portfolio/sequencing.test.ts (9 tests) 14ms
 ✓ |unit-node| apps/api/src/modules/access/rules.test.ts (12 tests) 62ms
 ✓ |unit-node| packages/shared/src/kpi/aggregate.test.ts (20 tests) 14ms
(node:3182) [FSTDEP022] FastifyWarning: The router options for constraints property access is deprecated. Please use "options.routerOptions" instead for accessing router options. The router options will be removed in `fastify@6`.
(Use `node --trace-warnings ...` to show where the warning was created)
 ✓ |unit-node| apps/api/src/modules/platform/framework-errors.test.ts (6 tests) 63ms
 ✓ |unit-node| packages/shared/src/kpi/trajectory.test.ts (14 tests) 21ms
 ✓ |unit-node| packages/shared/src/kpi/periods.test.ts (26 tests) 20ms
 ✓ |unit-node| apps/api/src/modules/portfolio/budget.test.ts (13 tests) 36ms
 ✓ |unit-node| apps/api/src/modules/kpi/p3-gate-facts.test.ts (9 tests) 16ms
 ✓ |unit-node| apps/api/src/modules/kpi/kbe-c.test.ts (9 tests) 26ms
 ✓ |unit-node| apps/api/src/modules/transformations/thesis.test.ts (4 tests) 10ms
 ✓ |unit-node| apps/api/src/modules/platform/request-encoding.test.ts (7 tests) 17ms
 ✓ |unit-node| apps/api/src/modules/governance/governance.test.ts (2 tests) 55ms
 ✓ |unit-node| packages/shared/src/kpi/types.test.ts (40 tests) 99ms
 ✓ |unit-node| apps/api/src/modules/transformations/exclusions.test.ts (19 tests) 8ms
 ✓ |unit-node| apps/api/src/modules/sustainment/sustainment.test.ts (2 tests) 92ms
 ✓ |unit-node| apps/api/src/modules/benefits/d2-rules.test.ts (15 tests) 52ms
 ✓ |unit-node| apps/api/src/modules/workflows/g4.test.ts (5 tests) 9ms
 ✓ |unit-node| apps/api/src/modules/transformations/good-outcome.test.ts (7 tests) 22ms
 ✓ |unit-node| packages/shared/src/schemas/roadmap.test.ts (6 tests) 15ms
 ✓ |unit-node| packages/shared/src/schedule/critical-path.test.ts (13 tests) 22ms
 ✓ |unit-node| packages/shared/src/kpi/status.test.ts (25 tests) 62ms
 ✓ |unit-node| apps/api/src/modules/portfolio/capacity.test.ts (4 tests) 16ms
 ✓ |unit-node| apps/api/src/modules/portfolio/schedule.test.ts (14 tests) 14ms
 ✓ |unit-node| apps/api/src/modules/platform/db-errors-p4.test.ts (5 tests) 28ms
 ✓ |unit-node| apps/api/src/modules/platform/db-errors.test.ts (7 tests) 32ms
 ✓ |unit-node| apps/api/src/modules/portfolio/readiness-transform.test.ts (4 tests) 13ms
 ✓ |unit-node| apps/api/src/modules/identity/oidc-claims.test.ts (5 tests) 6ms
 ✓ |unit-node| apps/api/src/modules/workflows/t08-cycle-problem.test.ts (2 tests) 7ms
 ✓ |unit-node| apps/api/src/modules/transformations/transitions.test.ts (2 tests) 10ms
 ✓ |unit-node| apps/api/src/modules/governance/raci.test.ts (2 tests) 4ms
 ✓ |unit-web| src/pages/render-time-language.test.tsx (28 tests) 21005ms
   ✓ sign-in (dev form), 'en' → 'ar' > an invalid user name: the inline message follows the switch  853ms
   ✓ sign-in (dev form), 'en' → 'ar' > a refused sign-in: the server's problem follows the switch  932ms
   ✓ sign-in (dev form), 'ar' → 'en' > an invalid user name: the inline message follows the switch  421ms
   ✓ journey step editor, 'en' → 'ar' > a field error on a step follows the switch  1206ms
   ✓ journey step editor, 'en' → 'ar' > the form-level "Step N:" error follows the switch (prefix and message)  1006ms
   ✓ journey step editor, 'ar' → 'en' > a field error on a step follows the switch  1024ms
   ✓ journey step editor, 'ar' → 'en' > the form-level "Step N:" error follows the switch (prefix and message)  865ms
   ✓ row-action note and reason dialog, 'en' → 'ar' > the Finance validation note's 'required' follows the switch  1429ms
   ✓ row-action note and reason dialog, 'en' → 'ar' > the Finance validation choice's 'required' follows the switch  1341ms
   ✓ row-action note and reason dialog, 'en' → 'ar' > the archive reason's 'too short' follows the switch  740ms
   ✓ row-action note and reason dialog, 'ar' → 'en' > the Finance validation note's 'required' follows the switch  874ms
   ✓ row-action note and reason dialog, 'ar' → 'en' > the Finance validation choice's 'required' follows the switch  960ms
   ✓ row-action note and reason dialog, 'ar' → 'en' > the archive reason's 'too short' follows the switch  780ms
   ✓ gate dialogs, 'en' → 'ar' > the submission note's field error follows the switch  922ms
   ✓ gate dialogs, 'en' → 'ar' > the decision rationale's field error follows the switch  725ms
   ✓ gate dialogs, 'ar' → 'en' > the submission note's field error follows the switch  812ms
   ✓ gate dialogs, 'ar' → 'en' > the decision rationale's field error follows the switch  457ms
   ✓ North Star statement, 'en' → 'ar' > the statement's field error follows the switch  622ms
   ✓ North Star statement, 'ar' → 'en' > the statement's field error follows the switch  741ms
   ✓ evidence dialogs, 'en' → 'ar' > upload without a file: 'required' follows the switch  1068ms
   ✓ evidence dialogs, 'en' → 'ar' > a link without a record type or record: both 'required' messages follow the switch  598ms
   ✓ evidence dialogs, 'ar' → 'en' > upload without a file: 'required' follows the switch  927ms
   ✓ evidence dialogs, 'ar' → 'en' > a link without a record type or record: both 'required' messages follow the switch  1077ms
 ✓ |unit-web| src/pages/p2.test.tsx (56 tests) 34084ms
   ✓ Diagnose > shows the six T01 dimensions with Unknown for missing values, and value pools that are never 0  2898ms
   ✓ Diagnose > shows the totals as Unknown when no pool is quantified  489ms
   ✓ Diagnose > renders the six workstreams with their key questions  990ms
   ✓ Diagnose > edits a T01 row with only the changed fields and If-Match  1077ms
   ✓ Diagnose > a 409 on save writes nothing, compares, and re-applies on the current version  1350ms
   ✓ Diagnose > a 400 validation.blank shows a localized message on its field ('en')  1689ms
   ✓ Diagnose > a 400 validation.blank shows a localized message on its field ('ar')  1354ms
   ✓ Diagnose > an invisible-only value is blocked client-side with validation.blank ('en')  1150ms
   ✓ Diagnose > an invisible-only value is blocked client-side with validation.blank ('ar')  1225ms
   ✓ Diagnose > a whitespace-only T01 value is an inline blank error and sends nothing ('en')  1044ms
   ✓ Diagnose > a whitespace-only T01 value is an inline blank error and sends nothing ('ar')  1401ms
   ✓ Diagnose > T01: an emptied field is sent as an explicit null; visible text is sent verbatim  1497ms
   ✓ Define > shows the good outcome test per outcome with pass / fail / unknown and localized reasons  371ms
   ✓ Define > requires a target date on a T02 row before sending anything  653ms
   ✓ Define > sets the North Star with one sentence and no If-Match the first time  435ms
   ✓ Define: KPI activation (F-DG2-201) > offers Activate on a draft KPI, states the unmet precondition on 422, then activates with If-Match  548ms
   ✓ Define: KPI activation (F-DG2-201) > Arabic: the Activate action and the 422 reason are in Arabic  1203ms
   ✓ Charter > shows the 14 fields, the thesis, the five scope checks with pre-checks and the top-outcomes warning  474ms
   ✓ Charter > scope pre-check: an empty Out of scope reads as failing (EN and AR)  1284ms
   ✓ Charter > thesis: a part the API flags incomplete is never shown as answered  461ms
   ✓ Charter > thesis: the four parts compose the B0037 sentence (EN and AR)  635ms
   ✓ Charter > compares a version with the previous one  457ms
   ✓ Charter > create: a whitespace Case for change is an inline blank error and creates nothing ('en')  421ms
   ✓ Charter > edit: a whitespace Out of scope is an inline blank error, sends nothing and keeps the value (en)  381ms
   ✓ Charter > edit: a whitespace Out of scope is an inline blank error, sends nothing and keeps the value (ar)  499ms
   ✓ Charter > edit: emptying a filled field sends null; visible text is verbatim (en)  435ms
   ✓ Charter > edit: emptying a filled field sends null; visible text is verbatim (ar)  726ms
   ✓ Charter > edit: a change summary alone is not a change (never a content-free version)  436ms
   ✓ Design > shows the ten canvas boxes and the per-dimension view  551ms
   ✓ Design > converts an unresolved workshop item into a design decision with If-Match  1191ms
   ✓ Gates (business approval) > shows unverified evidence as unverified, the failing outcome at G2, and submits with If-Match  538ms
   ✓ Gates (business approval) > the approver's decision: rationale required; 403 and 409 problems in words  690ms
   ✓ Gates (business approval) > gate detail heading: the verbatim B0023 name once (EN and AR)  487ms
   ✓ Evidence > uploads a revision as octet-stream with a percent-encoded file name and If-Match  471ms
   ✓ read-only auditor (AUD) > diagnose: no write control and a read-only note  315ms
   ✓ read-only auditor (AUD) > design: no write control and a read-only note  397ms
 ✓ |unit-web| src/pages/p2-blank-forms.test.tsx (52 tests) 34500ms
   ✓ gate submission note (en) > a whitespace-only note is refused inline and nothing is sent  1636ms
   ✓ gate submission note (en) > a invisible-only note is refused inline and nothing is sent  554ms
   ✓ gate submission note (en) > visible text is sent verbatim; an empty note is omitted  983ms
   ✓ gate submission note (ar) > a whitespace-only note is refused inline and nothing is sent  587ms
   ✓ gate submission note (ar) > visible text is sent verbatim; an empty note is omitted  511ms
   ✓ gate decision rationale and comments (en) > a whitespace-only rationale is refused inline and nothing is sent  684ms
   ✓ gate decision rationale and comments (en) > a invisible-only rationale is refused inline and nothing is sent  772ms
   ✓ gate decision rationale and comments (en) > a invisible (long enough for min 3)-only rationale is refused inline and nothing is sent  1170ms
   ✓ gate decision rationale and comments (en) > a whitespace-only comment is refused inline (focus on it) and nothing is sent  1001ms
   ✓ gate decision rationale and comments (en) > a invisible-only comment is refused inline (focus on it) and nothing is sent  632ms
   ✓ gate decision rationale and comments (en) > visible text is sent verbatim; empty comments are omitted; an empty rationale stays 'too short'  714ms
   ✓ gate decision rationale and comments (en) > a server 400 validation.blank on /rationale lands on the field  619ms
   ✓ gate decision rationale and comments (ar) > a whitespace-only rationale is refused inline and nothing is sent  590ms
   ✓ gate decision rationale and comments (ar) > a invisible-only rationale is refused inline and nothing is sent  379ms
   ✓ gate decision rationale and comments (ar) > a invisible (long enough for min 3)-only rationale is refused inline and nothing is sent  736ms
   ✓ gate decision rationale and comments (ar) > a whitespace-only comment is refused inline (focus on it) and nothing is sent  375ms
   ✓ gate decision rationale and comments (ar) > a invisible-only comment is refused inline (focus on it) and nothing is sent  835ms
   ✓ gate decision rationale and comments (ar) > visible text is sent verbatim; empty comments are omitted; an empty rationale stays 'too short'  941ms
   ✓ gate decision rationale and comments (ar) > a server 400 validation.blank on /rationale lands on the field  586ms
   ✓ journey step editor (en) > a whitespace-only actor is refused inline (not turned into null) and nothing is sent  1151ms
   ✓ journey step editor (en) > a invisible-only actor is refused inline (not turned into null) and nothing is sent  718ms
   ✓ journey step editor (en) > several blank fields: each gets the message and focus goes to the first (name)  838ms
   ✓ journey step editor (en) > visible text is sent verbatim; emptied optional text is null; an empty name is required  1313ms
   ✓ journey step editor (ar) > a whitespace-only actor is refused inline (not turned into null) and nothing is sent  897ms
   ✓ journey step editor (ar) > a invisible-only actor is refused inline (not turned into null) and nothing is sent  484ms
   ✓ journey step editor (ar) > several blank fields: each gets the message and focus goes to the first (name)  1122ms
   ✓ journey step editor (ar) > visible text is sent verbatim; emptied optional text is null; an empty name is required  1299ms
   ✓ Finance validation note and archive reason (en) > note: a whitespace-only note is refused inline and nothing is sent  1163ms
   ✓ Finance validation note and archive reason (en) > note: a invisible-only note is refused inline and nothing is sent  463ms
   ✓ Finance validation note and archive reason (en) > note: empty is 'required'; visible text is sent verbatim  714ms
   ✓ Finance validation note and archive reason (en) > reason: a whitespace-only reason is refused inline and nothing is archived  494ms
   ✓ Finance validation note and archive reason (en) > reason: a invisible-only reason is refused inline and nothing is archived  754ms
   ✓ Finance validation note and archive reason (en) > reason: a server 400 validation.blank on /reason is the field message, not a generic error  638ms
   ✓ Finance validation note and archive reason (en) > reason: a reason with U+0000 is refused inline with the localized message and nothing is archived  450ms
   ✓ Finance validation note and archive reason (en) > reason: a server 400 validation.invalid_character on /reason is the localized field message  517ms
   ✓ Finance validation note and archive reason (en) > reason: empty keeps 'too short'; visible text is sent verbatim  331ms
   ✓ Finance validation note and archive reason (ar) > note: a whitespace-only note is refused inline and nothing is sent  402ms
   ✓ Finance validation note and archive reason (ar) > note: a invisible-only note is refused inline and nothing is sent  516ms
   ✓ Finance validation note and archive reason (ar) > note: empty is 'required'; visible text is sent verbatim  564ms
   ✓ Finance validation note and archive reason (ar) > reason: a whitespace-only reason is refused inline and nothing is archived  617ms
   ✓ Finance validation note and archive reason (ar) > reason: a invisible-only reason is refused inline and nothing is archived  657ms
   ✓ Finance validation note and archive reason (ar) > reason: a server 400 validation.blank on /reason is the field message, not a generic error  692ms
   ✓ Finance validation note and archive reason (ar) > reason: a reason with U+0000 is refused inline with the localized message and nothing is archived  552ms
   ✓ Finance validation note and archive reason (ar) > reason: a server 400 validation.invalid_character on /reason is the localized field message  646ms
   ✓ Finance validation note and archive reason (ar) > reason: empty keeps 'too short'; visible text is sent verbatim  442ms
   ✓ North Star statement (en) > a invisible-only statement is refused inline and nothing is sent  312ms
   ✓ North Star statement (ar) > a invisible-only statement is refused inline and nothing is sent  312ms
 ✓ |unit-web| src/pages/portfolio/portfolio.test.tsx (32 tests) 15504ms
   ✓ Portfolio (en) > lists code, name, wave, owners and three separate columns: proposed rank, selection and funding  1165ms
   ✓ Portfolio (en) > filters by status and wave on the server  387ms
   ✓ Portfolio (en) > creates a draft at any time: POST /initiatives with the transformation and an Idempotency-Key  576ms
   ✓ Portfolio (en) > the read-only auditor sees the list with no enabled write control  556ms
   ✓ Portfolio (en) > outcome hierarchy: five levels, an Unknown target is Unknown (never 0)  384ms
   ✓ Portfolio (ar) > filters by status and wave on the server  568ms
   ✓ Portfolio (ar) > creates a draft at any time: POST /initiatives with the transformation and an Idempotency-Key  758ms
   ✓ Portfolio (ar) > the read-only auditor sees the list with no enabled write control  494ms
   ✓ Initiative Card (en) > shows all 14 T05 fields in the source order and the 3-7 deliverables warning (a warning, not a block)  394ms
   ✓ Initiative Card (en) > submit refused: 'Case for change not yet approved (G1)…' is the dialog's one translated alert  528ms
   ✓ Initiative Card (en) > submit refused: 'Outcome before activity…' (validation at /outcomeContributions) is translated  418ms
   ✓ Initiative Card (en) > launch refused: 'North Star, outcomes and target state not yet approved', then 'Selected - unfunded…'  518ms
   ✓ Initiative Card (en) > select is a labelled business approval: rationale required, If-Match, no 'on behalf of' control  735ms
   ✓ Initiative Card (en) > a 409 shows the conflict banner and reloads  327ms
   ✓ Initiative Card (en) > a gap link to another TOM record shows 'A project portfolio is not a Target Operating Model…'  598ms
   ✓ Initiative Card (en) > an outcome contribution needs an outcome; the KPI is optional and labelled so  516ms
   ✓ Initiative Card (ar) > submit refused: 'Case for change not yet approved (G1)…' is the dialog's one translated alert  490ms
   ✓ Initiative Card (ar) > submit refused: 'Outcome before activity…' (validation at /outcomeContributions) is translated  749ms
   ✓ Initiative Card (ar) > launch refused: 'North Star, outcomes and target state not yet approved', then 'Selected - unfunded…'  761ms
   ✓ Initiative Card (ar) > select is a labelled business approval: rationale required, If-Match, no 'on behalf of' control  770ms
   ✓ Initiative Card (ar) > a 409 shows the conflict banner and reloads  596ms
   ✓ Initiative Card (ar) > a gap link to another TOM record shows 'A project portfolio is not a Target Operating Model…'  577ms
   ✓ Initiative Card (ar) > an outcome contribution needs an outcome; the KPI is optional and labelled so  412ms
 ✓ |unit-web| src/pages/prioritization/prioritization.test.tsx (20 tests) 13992ms
   ✓ prioritization (en) > ranked table: an incomplete score is 'incomplete' (never a number), 3.30 complete; 0–100 shows 57.5 with its label  1965ms
   ✓ prioritization (en) > scorecard: 6 is refused inline and nothing is sent; 4 is POSTed as the integer; the weighted score is read-only 'incomplete'  1662ms
   ✓ prioritization (en) > weight sets: the live total refuses 95% and 105%; 100% is accepted and POSTed as decimal strings  779ms
   ✓ prioritization (en) > weight sets: the proposer is never offered approval; another approver's approval is a business approval with If-Match; 403 SoD is translated  1310ms
   ✓ prioritization (en) > weight set approval: a 409 shows the conflict banner and reloads  637ms
   ✓ prioritization (en) > ranking history: causes are translated from codes, including 'weight version 2', score change and the override reason  350ms
   ✓ prioritization (en) > overrides: a reason is required (missing and invisible-only are refused, nothing sent); with a reason it is POSTed  693ms
   ✓ prioritization (en) > the read-only auditor sees the data and no enabled write control  582ms
   ✓ prioritization (en) > never mentions a delivery gate (DG0–DG7)  390ms
   ✓ prioritization (ar) > ranked table: an incomplete score is 'incomplete' (never a number), 3.30 complete; 0–100 shows 57.5 with its label  518ms
   ✓ prioritization (ar) > scorecard: 6 is refused inline and nothing is sent; 4 is POSTed as the integer; the weighted score is read-only 'incomplete'  777ms
   ✓ prioritization (ar) > weight sets: the live total refuses 95% and 105%; 100% is accepted and POSTed as decimal strings  569ms
   ✓ prioritization (ar) > weight sets: the proposer is never offered approval; another approver's approval is a business approval with If-Match; 403 SoD is translated  758ms
   ✓ prioritization (ar) > weight set approval: a 409 shows the conflict banner and reloads  669ms
   ✓ prioritization (ar) > overrides: a reason is required (missing and invisible-only are refused, nothing sent); with a reason it is POSTed  640ms
   ✓ prioritization (ar) > the read-only auditor sees the data and no enabled write control  755ms
   ✓ prioritization (ar) > never mentions a delivery gate (DG0–DG7)  362ms
 ✓ |unit-web| src/auth/session-bound.test.tsx (34 tests) 14799ms
   ✓ F-DG2-530/580 no effect of A's action after a further await once the tab is B's (en) > Y1: a create whose post-create GET /me returns B: B is not navigated and never sees A's code or name  1808ms
   ✓ F-DG2-530/580 no effect of A's action after a further await once the tab is B's (en) > Y1c: the same create under one identity still lands on the created record  760ms
   ✓ F-DG2-530/580 no effect of A's action after a further await once the tab is B's (en) > an edit whose identity changes between its awaits: B is not navigated to A's record and keeps nothing of A's  664ms
   ✓ F-DG2-530/580 no effect of A's action after a further await once the tab is B's (en) > an organization create whose identity changes between its awaits: B is not navigated to A's new organization  658ms
   ✓ F-DG2-530/580 no effect of A's action after a further await once the tab is B's (en) > a user create whose identity changes between its awaits: B is not navigated to A's new user  570ms
   ✓ F-DG2-530/580 no effect of A's action after a further await once the tab is B's (en) > sanity: the organization and user creates under one identity still navigate to the new record  484ms
   ✓ F-DG2-570 the header and the data of ONE identity on in-app navigation (en) > bounded: one GET /me per navigation, shared by the page's burst; other GETs only after the window; same identity kept  313ms
   ✓ F-DG2-530/580 no effect of A's action after a further await once the tab is B's (ar) > Y1: a create whose post-create GET /me returns B: B is not navigated and never sees A's code or name  699ms
   ✓ F-DG2-530/580 no effect of A's action after a further await once the tab is B's (ar) > an edit whose identity changes between its awaits: B is not navigated to A's record and keeps nothing of A's  508ms
   ✓ F-DG2-530/580 no effect of A's action after a further await once the tab is B's (ar) > an organization create whose identity changes between its awaits: B is not navigated to A's new organization  572ms
   ✓ F-DG2-530/580 no effect of A's action after a further await once the tab is B's (ar) > a user create whose identity changes between its awaits: B is not navigated to A's new user  612ms
   ✓ F-DG2-530/580 no effect of A's action after a further await once the tab is B's (ar) > sanity: the organization and user creates under one identity still navigate to the new record  652ms
   ✓ F-DG2-570 the header and the data of ONE identity on in-app navigation (ar) > N2: opening the list: B's header with B's list and B's permissions, never A's header or A's empty-state  333ms
   ✓ F-DG2-570 the header and the data of ONE identity on in-app navigation (ar) > bounded: one GET /me per navigation, shared by the page's burst; other GETs only after the window; same identity kept  343ms
   ✓ the convention: no raw navigate or cache write in app code (T-DG2-FE15) > the ESLint rule refuses a raw navigate, a raw cache write and a useNavigate import in a page  2937ms
 ✓ |unit-web| src/pages/business-cases/business-cases.test.tsx (18 tests) 11007ms
   ✓ business cases (en) > register: levels, Finance baseline states with text (Stale is never green) and drafts  1179ms
   ✓ business cases (en) > detail: all ten sections, totals with gross / cost / net apart, net Unknown (never 0), roll-up by reference  532ms
   ✓ business cases (en) > sections: saves only the changed section with If-Match; blank text is refused inline and nothing is sent  894ms
   ✓ business cases (en) > sections: a 409 shows the standard conflict panel (nothing saved) with the current values  554ms
   ✓ business cases (en) > lines: exactly one class from one select; the value basis follows the class; a 422 is translated  746ms
   ✓ business cases (en) > Finance validation: a business approval for FIN who did not author the case; If-Match; translated 403  853ms
   ✓ business cases (en) > Finance validation: the case author sees no validate action, only the separation-of-duties note  309ms
   ✓ business cases (ar) > register: levels, Finance baseline states with text (Stale is never green) and drafts  396ms
   ✓ business cases (ar) > detail: all ten sections, totals with gross / cost / net apart, net Unknown (never 0), roll-up by reference  511ms
   ✓ business cases (ar) > totals: a partial total says how many Unknown lines it leaves out  329ms
   ✓ business cases (ar) > sections: saves only the changed section with If-Match; blank text is refused inline and nothing is sent  1453ms
   ✓ business cases (ar) > sections: a 409 shows the standard conflict panel (nothing saved) with the current values  972ms
   ✓ business cases (ar) > lines: exactly one class from one select; the value basis follows the class; a 422 is translated  624ms
   ✓ business cases (ar) > Finance validation: a business approval for FIN who did not author the case; If-Match; translated 403  726ms
   ✓ business cases (ar) > Finance validation: the case author sees no validate action, only the separation-of-duties note  384ms
 ✓ |unit-web| src/pages/portfolio/fe-e.test.tsx (18 tests) 10402ms
   ✓ Funding decisions (en) > is a labelled business approval with no 'on behalf of' control; rationale required; POST with an Idempotency-Key  1136ms
   ✓ Funding decisions (en) > the BE-E 422s are the dialog's one translated alert; funding.amount_invalid is also inline at /amount  786ms
   ✓ Funding decisions (en) > the history shows a missing amount as Unknown (never 0); a re-selected initiative explains the deselect rule  439ms
   ✓ Funding decisions (ar) > is a labelled business approval with no 'on behalf of' control; rationale required; POST with an Idempotency-Key  790ms
   ✓ Funding decisions (ar) > the BE-E 422s are the dialog's one translated alert; funding.amount_invalid is also inline at /amount  434ms
   ✓ Funding decisions (ar) > the history shows a missing amount as Unknown (never 0); a re-selected initiative explains the deselect rule  421ms
   ✓ Deliverables and milestones on the card (en) > creates (Idempotency-Key), edits (If-Match) and archives (reason, If-Match) a deliverable  872ms
   ✓ Deliverables and milestones on the card (en) > creates a milestone with its wave and forecast, and edits it with If-Match  532ms
   ✓ Deliverables and milestones on the card (en) > 422 initiative.read_only (a closure raced the edit) is translated as the dialog's one alert  402ms
   ✓ Deliverables and milestones on the card (en) > the card edit form translates initiative.planned_range specifically (RecordDialog namespaces)  653ms
   ✓ Deliverables and milestones on the card (ar) > creates (Idempotency-Key), edits (If-Match) and archives (reason, If-Match) a deliverable  1161ms
   ✓ Deliverables and milestones on the card (ar) > creates a milestone with its wave and forecast, and edits it with If-Match  725ms
   ✓ Deliverables and milestones on the card (ar) > 422 initiative.read_only (a closure raced the edit) is translated as the dialog's one alert  381ms
   ✓ Deliverables and milestones on the card (ar) > a cancelled initiative shows deliverables, milestones and funding with no write control  387ms
   ✓ Deliverables and milestones on the card (ar) > the card edit form translates initiative.planned_range specifically (RecordDialog namespaces)  629ms
 ✓ |unit-web| src/pages/transformations/transformations.test.tsx (21 tests) 9458ms
   ✓ after create (F-DG1-004) > shows the created record when the server lets the creator read it  1510ms
   ✓ after create (F-DG1-004) > explains, in English, that the draft was created but cannot be opened (server 404), instead of 'Not found'  302ms
   ✓ after create (F-DG1-004) > explains the same in Arabic (RTL), using the glossary term for Transformation  322ms
   ✓ audit trail changes (F-DG1-005) > English: field and value labels, not raw keys or enum codes  310ms
   ✓ audit trail changes (F-DG1-005) > Arabic: the same changes with Arabic labels in the RTL layout  436ms
   ✓ derived creator assignment on the audit trail (F-DG1-008) > an action the catalogue does not know stays readable and is explicitly marked (en and ar)  673ms
   ✓ effective permissions refresh after create (F-DG1-210) > English: Edit, Archive and the audit trail appear after create, without a reload  2252ms
   ✓ effective permissions refresh after create (F-DG1-210) > Arabic (RTL): the same controls and the audit trail appear after create, without a reload  1443ms
   ✓ effective permissions refresh after create (F-DG1-210) > does not over-grant: if the refreshed server answer adds nothing, Archive and the audit trail stay hidden  659ms
   ✓ effective permissions refresh after create (F-DG1-210) > a failed /me refresh never blocks the navigation; the UI stays fail-safe (no controls offered)  350ms
 ✓ |unit-web| src/auth/session-generation.test.tsx (26 tests) 13417ms
   ✓ F-DG2-530 a write in flight across an identity change (en) > X3: A's PATCH answered after B's /me is not written into B's cache, not shown, and does not navigate B  1413ms
   ✓ F-DG2-530 a write in flight across an identity change (en) > X3b: the same after a session END here and B's sign-in: A's late answer never lands  1009ms
   ✓ F-DG2-530 a write in flight across an identity change (en) > an archive in flight across an identity change: A's archived record never lands in B's cache  624ms
   ✓ F-DG2-530 a write in flight across an identity change (en) > an organization save in flight across an identity change: A's change is never stored under B  800ms
   ✓ F-DG2-530 a write in flight across an identity change (en) > a user save in flight across an identity change: A's change is never stored under B  795ms
   ✓ F-DG2-530 a write in flight across an identity change (en) > a same-person new session: the in-flight save is dropped silently, the draft is kept and usable  738ms
   ✓ F-DG2-530 a write in flight across an identity change (en) > a language save retried after a 409 is never written for the identity that replaced A  335ms
   ✓ F-DG2-530 X6: refocus and reconnect revalidate GET /me first (en) > after B signs in elsewhere, a refocus within /me's staleTime shows B's header with B's data, never A's  358ms
   ✓ F-DG2-530 X6: refocus and reconnect revalidate GET /me first (en) > the same identity: a refocus refetches /me once, then the stale page queries; nothing when all is fresh  498ms
   ✓ F-DG2-530 a write in flight across an identity change (ar) > X3: A's PATCH answered after B's /me is not written into B's cache, not shown, and does not navigate B  587ms
   ✓ F-DG2-530 a write in flight across an identity change (ar) > X3b: the same after a session END here and B's sign-in: A's late answer never lands  842ms
   ✓ F-DG2-530 a write in flight across an identity change (ar) > an archive in flight across an identity change: A's archived record never lands in B's cache  605ms
   ✓ F-DG2-530 a write in flight across an identity change (ar) > an organization save in flight across an identity change: A's change is never stored under B  642ms
   ✓ F-DG2-530 a write in flight across an identity change (ar) > a user save in flight across an identity change: A's change is never stored under B  788ms
   ✓ F-DG2-530 a write in flight across an identity change (ar) > a same-person new session: the in-flight save is dropped silently, the draft is kept and usable  698ms
   ✓ F-DG2-530 a write in flight across an identity change (ar) > a language save retried after a 409 is never written for the identity that replaced A  368ms
   ✓ F-DG2-530 X6: refocus and reconnect revalidate GET /me first (ar) > after B signs in elsewhere, a refocus within /me's staleTime shows B's header with B's data, never A's  781ms
   ✓ F-DG2-530 X6: refocus and reconnect revalidate GET /me first (ar) > the same identity: a refocus refetches /me once, then the stale page queries; nothing when all is fresh  674ms
 ✓ |unit-web| src/pages/capacity/fe-e.test.tsx (13 tests) 8289ms
   ✓ capacity editing (en) > creates a role; a taken code (409) is the form's translated alert; then the role is created  1289ms
   ✓ capacity editing (en) > edits a role's labels and archives it, each with If-Match  893ms
   ✓ capacity editing (en) > creates a capacity row with a decimal FTE string; a duplicate (409) is translated  678ms
   ✓ capacity editing (en) > creates a demand; after the save the plan is re-read and the conflict with its shortfall appears; Unknown stays Unknown  1002ms
   ✓ capacity editing (en) > edits a planned demand with If-Match; 422 resource_demand.not_planned is translated  409ms
   ✓ capacity editing (en) > the read-only auditor sees roles and capacity rows with no editing control  595ms
   ✓ capacity editing (ar) > creates a role; a taken code (409) is the form's translated alert; then the role is created  492ms
   ✓ capacity editing (ar) > edits a role's labels and archives it, each with If-Match  624ms
   ✓ capacity editing (ar) > creates a capacity row with a decimal FTE string; a duplicate (409) is translated  800ms
   ✓ capacity editing (ar) > creates a demand; after the save the plan is re-read and the conflict with its shortfall appears; Unknown stays Unknown  703ms
   ✓ capacity editing (ar) > edits a planned demand with If-Match; 422 resource_demand.not_planned is translated  488ms
 ✓ |unit-web| src/pages/roadmap/roadmap.test.tsx (14 tests) 7612ms
   ✓ roadmap (en) > shows the four source waves verbatim (English source also shown in Arabic) with overlapping horizons  1297ms
   ✓ roadmap (en) > moving a milestone PATCHes the forecast with If-Match and the timeline, table and board all show the new date from one refetch  687ms
   ✓ roadmap (en) > a 409 on moving a milestone shows the conflict notice and reloads the roadmap  731ms
   ✓ roadmap (en) > re-approving a date requires a reason; then it is POSTed with If-Match  384ms
   ✓ roadmap (en) > deliverable acceptance sends the AcceptanceDecision with If-Match (no 'on behalf of' control)  477ms
   ✓ roadmap (en) > an Unknown schedule flag is shown as Unknown; missing dates are Unknown, never blank  354ms
   ✓ roadmap (ar) > moving a milestone PATCHes the forecast with If-Match and the timeline, table and board all show the new date from one refetch  778ms
   ✓ roadmap (ar) > a 409 on moving a milestone shows the conflict notice and reloads the roadmap  844ms
   ✓ roadmap (ar) > re-approving a date requires a reason; then it is POSTed with If-Match  545ms
   ✓ roadmap (ar) > deliverable acceptance sends the AcceptanceDecision with If-Match (no 'on behalf of' control)  645ms
 ✓ |unit-web| src/auth/session-end.test.tsx (12 tests) 10989ms
   ✓ session end while the app is open (en) > a 401 on navigation lands once on sign-in with the message; signing in again returns to the page  2219ms
   ✓ session end while the app is open (en) > a 401 on a dialog mutation (the commit-time upload refusal) closes the dialog and lands once on sign-in  1983ms
   ✓ session end while the app is open (en) > a sign-out elsewhere noticed by the next /me probe lands once on sign-in, never on the stale shell  645ms
   ✓ session end while the app is open (en) > a 403 (forbidden) is never treated as a session end  787ms
   ✓ session end while the app is open (ar) > a 401 on navigation lands once on sign-in with the message; signing in again returns to the page  921ms
   ✓ session end while the app is open (ar) > a 401 on a dialog mutation (the commit-time upload refusal) closes the dialog and lands once on sign-in  1287ms
   ✓ session end while the app is open (ar) > a sign-out elsewhere noticed by the next /me probe lands once on sign-in, never on the stale shell  598ms
   ✓ session end while the app is open (ar) > a 403 (forbidden) is never treated as a session end  793ms
   ✓ session end under <StrictMode> (as in production) > still lands exactly once on sign-in  763ms
   ✓ sign-in page and the cached identity > decides 'already signed in' only from a fresh /me, never from a stale cache  413ms
   ✓ sign-in page and the cached identity > signing out here shows 'signed out', not 'session ended', and no /me loop  542ms
 ✓ |unit-web| src/pages/team/team.test.tsx (10 tests) 9834ms
   ✓ Team (English LTR) > shows the six governance roles with B0018 accountability text verbatim and who holds each  2018ms
   ✓ Team (English LTR) > lists team members with the accountability on each assignment, sortable and filterable  714ms
   ✓ Team (English LTR) > a Transformation Lead assigns a Workstream Lead: Idempotency-Key, reason, accountability preview  934ms
   ✓ Team (English LTR) > shows a 403 from the server in words; nothing is assigned  625ms
   ✓ Team: read-only auditor (AUD) > sees the roles, accountabilities and members, a read-only note, and no assign control  352ms
   ✓ Team (Arabic RTL) > shows Arabic role names and the provisional Arabic accountability text  428ms
   ✓ Team assign dialog: accountability preview follows the selected role (F-DG2-430) > en: WL on open, then KDS, TD, none and WL again, in StrictMode with no React warning  1475ms
   ✓ Team assign dialog: accountability preview follows the selected role (F-DG2-430) > ar: WL on open, then KDS, TD, none and WL again, in StrictMode with no React warning  1002ms
   ✓ Team: the success notice follows a language switch, 'en' → 'ar' > the notice is shown in the language now on screen, not the one it was created in  956ms
   ✓ Team: the success notice follows a language switch, 'ar' → 'en' > the notice is shown in the language now on screen, not the one it was created in  1322ms
 ✓ |unit-web| src/auth/session-identity.test.tsx (18 tests) 8892ms
   ✓ F-DG2-500 a session end on the sign-in page (en) > W5: Back to /login after A's session ends, B signs in with the development form: B never sees A's records  1542ms
   ✓ F-DG2-500 a session end on the sign-in page (en) > W5b (OIDC mode): B signs in in another tab and this tab's /me re-probe brings B: B never sees A's records  974ms
   ✓ F-DG2-500 an identity change with no session end in this tab (en) > a refocus /me that returns another identity removes every session query before B renders, and drops A's drafts  645ms
   ✓ F-DG2-500 an identity change with no session end in this tab (en) > the same identity re-probed (window refocus) keeps the cache and the page state  371ms
   ✓ F-DG2-500 sign-out here and 403 (en) > signing out here clears everything; B signing in afterwards never sees A's records  1142ms
   ✓ F-DG2-500 sign-out here and 403 (en) > a 403 is never a session end: the phase, the identity and the cache are kept  328ms
   ✓ F-DG2-500 a session end on the sign-in page (ar) > W5: Back to /login after A's session ends, B signs in with the development form: B never sees A's records  863ms
   ✓ F-DG2-500 a session end on the sign-in page (ar) > W5b (OIDC mode): B signs in in another tab and this tab's /me re-probe brings B: B never sees A's records  550ms
   ✓ F-DG2-500 an identity change with no session end in this tab (ar) > a refocus /me that returns another identity removes every session query before B renders, and drops A's drafts  325ms
   ✓ F-DG2-500 an identity change with no session end in this tab (ar) > a new session of the same person (signed in again elsewhere) refetches the queries but keeps their own draft  344ms
   ✓ F-DG2-500 sign-out here and 403 (ar) > signing out here clears everything; B signing in afterwards never sees A's records  1068ms
 ✓ |unit-web| src/pages/benefit-formulas/benefit-formulas.test.tsx (18 tests) 10036ms
   ✓ T09 benefit formulas (en) > register: the six T09 columns with confidence H/M/L; examples marked illustrative with 100000 and 500000 SAR per year  1330ms
   ✓ T09 benefit formulas (en) > builder: an undefined variable shows translated, with its position, before saving; nothing is sent  1174ms
   ✓ T09 benefit formulas (en) > builder: monthly ARPU × annual customers is a period mismatch, translated, before saving  557ms
   ✓ T09 benefit formulas (en) > builder: a fraction is entered as percent and stored as a fraction; a version is saved with If-Match  939ms
   ✓ T09 benefit formulas (en) > builder: a 409 shows the standard conflict panel; nothing was saved  610ms
   ✓ T09 benefit formulas (en) > Finance validation of a version: a business approval by FIN; the author cannot; translated refusal  424ms
   ✓ T09 benefit formulas (ar) > register: the six T09 columns with confidence H/M/L; examples marked illustrative with 100000 and 500000 SAR per year  470ms
   ✓ T09 benefit formulas (ar) > builder: an undefined variable shows translated, with its position, before saving; nothing is sent  422ms
   ✓ T09 benefit formulas (ar) > builder: a fraction is entered as percent and stored as a fraction; a version is saved with If-Match  847ms
   ✓ T09 benefit formulas (ar) > builder: a fraction difference shows percentage points (translated suffix), never %  485ms
   ✓ T09 benefit formulas (ar) > builder: a 409 shows the standard conflict panel; nothing was saved  502ms
   ✓ T09 benefit formulas (ar) > Finance validation of a version: a business approval by FIN; the author cannot; translated refusal  855ms
   ✓ T09 benefit formulas (ar) > Finance validation: the version's author sees the separation-of-duties note and no action  558ms
 ✓ |unit-web| src/pages/gates/g1-agreements.test.tsx (10 tests) 7980ms
   ✓ G1 agreements step (en) > approving G1 needs the three labelled confirmations; then sends agreements with all three true  1669ms
   ✓ G1 agreements step (en) > a non-approve outcome on G1 sends no agreements (even after ticking them)  929ms
   ✓ G1 agreements step (en) > approving another gate (G2) shows no confirmations and sends no agreements  706ms
   ✓ G1 agreements step (en) > the server's 422 gate.g1_agreements_required is the one form-level alert, with the missing confirmations  1004ms
   ✓ G1 agreements step (en) > the server's 422 gate.agreements_not_applicable is translated as the one form-level alert  597ms
   ✓ G1 agreements step (ar) > approving G1 needs the three labelled confirmations; then sends agreements with all three true  590ms
   ✓ G1 agreements step (ar) > a non-approve outcome on G1 sends no agreements (even after ticking them)  876ms
   ✓ G1 agreements step (ar) > approving another gate (G2) shows no confirmations and sends no agreements  491ms
   ✓ G1 agreements step (ar) > the server's 422 gate.g1_agreements_required is the one form-level alert, with the missing confirmations  693ms
   ✓ G1 agreements step (ar) > the server's 422 gate.agreements_not_applicable is translated as the one form-level alert  423ms
 ✓ |unit-web| src/pages/dispensations/dispensations.test.tsx (12 tests) 7165ms
   ✓ Dispensations (en) > lists waivers and inherited approvals; unverified evidence is shown as unverified; recorder cannot decide  898ms
   ✓ Dispensations (en) > a waiver needs a reason and an expiry: refused inline, nothing sent; then sent with its scope  1184ms
   ✓ Dispensations (en) > an inherited approval (Modular) needs the approving body, the date and evidence; 422s are translated  1057ms
   ✓ Dispensations (en) > deciding is a labelled business approval; the delegated-decision 422 and the recorder 403 are translated  885ms
   ✓ Dispensations (en) > revoking an accepted dispensation needs a reason and is a business approval  371ms
   ✓ Dispensations (en) > the read-only auditor sees the register with no enabled write control  408ms
   ✓ Dispensations (ar) > lists waivers and inherited approvals; unverified evidence is shown as unverified; recorder cannot decide  311ms
   ✓ Dispensations (ar) > a waiver needs a reason and an expiry: refused inline, nothing sent; then sent with its scope  460ms
   ✓ Dispensations (ar) > an inherited approval (Modular) needs the approving body, the date and evidence; 422s are translated  548ms
   ✓ Dispensations (ar) > deciding is a labelled business approval; the delegated-decision 422 and the recorder 403 are translated  669ms
 ✓ |unit-web| src/pages/gates/g4.test.tsx (16 tests) 9534ms
   ✓ G4 refusal item by item (en) > two initiatives without owners: two separate translated 'Owners' items, never the joined English message  1995ms
   ✓ G4 refusal item by item (en) > without a usable gate view: one translated line per refused criterion, never the English message  824ms
   ✓ G4 refusal item by item (ar) > two initiatives without owners: two separate translated 'Owners' items, never the joined English message  1081ms
   ✓ G4 refusal item by item (ar) > without a usable gate view: one translated line per refused criterion, never the English message  703ms
   ✓ G4 view (en) > a refused submission shows the 422 list with the initiative names, translated  373ms
   ✓ G4 view (en) > the decision's 403 urn:mth:problem:forbidden is translated  633ms
   ✓ G4 view (en) > the decision's 403 urn:mth:problem:forbidden is translated  695ms
   ✓ G4 view (en) > the decision's 409 urn:mth:problem:version-conflict is translated  884ms
   ✓ G4 view (ar) > a refused submission shows the 422 list with the initiative names, translated  307ms
   ✓ G4 view (ar) > the decision's 403 urn:mth:problem:forbidden is translated  343ms
   ✓ G4 view (ar) > the decision's 403 urn:mth:problem:forbidden is translated  766ms
   ✓ G4 view (ar) > the decision's 409 urn:mth:problem:version-conflict is translated  507ms
 ✓ |unit-web| src/pages/dependencies/dependencies.test.tsx (12 tests) 6011ms
   ✓ dependencies (en) > shows the seven T08 columns, an External source, the type label and the needed-by conflict flag  949ms
   ✓ dependencies (en) > a cycle is refused and shown as the translated message with the path INI-01 → INI-02 → INI-03 → INI-01  993ms
   ✓ dependencies (en) > an External source is sent as {kind: external, label}  729ms
   ✓ dependencies (en) > dependency types: system types are undeletable; an administrator may retire a custom type  342ms
   ✓ dependencies (ar) > a cycle is refused and shown as the translated message with the path INI-01 → INI-02 → INI-03 → INI-01  527ms
   ✓ dependencies (ar) > an External source is sent as {kind: external, label}  588ms
   ✓ dependencies (ar) > a system type's 422 dependency_type.system_undeletable is translated  765ms
 ✓ |unit-web| src/pages/roadmap/fe-e.test.tsx (8 tests) 5519ms
   ✓ wave editing (en) > edits planned dates (overlap accepted) with If-Match; the source text is read-only and never sent  1495ms
   ✓ wave editing (en) > 422 roadmap_wave.planned_range is inline at the planned end and translated  481ms
   ✓ wave editing (en) > adds a non-source wave with its bilingual texts (POST, Idempotency-Key)  803ms
   ✓ wave editing (ar) > edits planned dates (overlap accepted) with If-Match; the source text is read-only and never sent  559ms
   ✓ wave editing (ar) > adds a non-source wave with its bilingual texts (POST, Idempotency-Key)  1485ms
 ✓ |unit-web| src/components/LanguageSwitch.test.tsx (10 tests) 4468ms
   ✓ a refused language save, 'en' → other ('403 csrf') > keeps ar on screen and says, in ar, that it was not saved  1024ms
   ✓ a refused language save, 'ar' → other ('403 csrf') > keeps en on screen and says, in en, that it was not saved  725ms
   ✓ a refused language save, 'en' → other ('403 forbidden') > keeps ar on screen and says, in ar, that it was not saved  619ms
   ✓ a refused language save, 'ar' → other ('503') > keeps en on screen and says, in en, that it was not saved  535ms
   ✓ the live region and the persisted preference > switching back clears the notice; the region stays in the DOM, empty  485ms
   ✓ the live region and the persisted preference > a successful save never flips back to the previous language while the PUT is in flight  331ms
   ✓ the live region and the persisted preference > if the persisted preference changes later and is re-applied, the notice says so in that language  308ms
 ✓ |unit-web| src/app/app.test.tsx (17 tests) 5166ms
   ✓ bilingual shell > renders Arabic RTL by default with the provisional wordmark  437ms
   ✓ bilingual shell > switches to English LTR and persists the preference with If-Match  339ms
   ✓ bilingual shell > shows all fourteen areas to an administrator  714ms
   ✓ bilingual shell > hides Administration from a Workstream Lead, and the admin route shows no-permission  447ms
   ✓ bilingual shell > a partial area (Governance) leads into the Gates tab of each transformation; its portfolio view stays planned  631ms
   ✓ transformations > lists transformations with a sortable code column and removable filter chips  1039ms
   ✓ transformations > detail shows the workspace header with Unknown for data from later stages  371ms
   ✓ transformations > edit: a 409 writes nothing, shows compare, and re-applies on the current version  372ms
 ✓ |unit-web| src/app/p3-seams.test.tsx (10 tests) 4452ms
   ✓ P3 routes > workspace tabs (en) > the workspace tabs include the P3 tabs, labelled from their own namespaces  735ms
   ✓ P3 routes > workspace tabs (ar) > the workspace tabs include the P3 tabs, labelled from their own namespaces  499ms
   ✓ P3 navigation areas > en /initiatives-roadmaps leads into the Initiatives and Roadmaps tab of each transformation  1028ms
   ✓ P3 navigation areas > ar /initiatives-roadmaps leads into the المبادرات وخرائط الطريق tab of each transformation  671ms
   ✓ P3 navigation areas > en /benefits-finance leads into the Benefits and Finance tab of each transformation  617ms
   ✓ P3 navigation areas > ar /benefits-finance leads into the المنافع والمالية tab of each transformation  876ms
 ✓ |unit-web| src/pages/gates/inherited-approval.test.tsx (16 tests) 4894ms
   ✓ inherited-approval annotation (en) > Gates list: G1 pending_verification (counts false) is a badge next to 'Not submitted'  518ms
   ✓ inherited-approval annotation (en) > Gates list: G1 rejected (counts false) is a badge next to 'Not submitted'  342ms
   ✓ inherited-approval annotation (en) > Gates list: no inherited approval, no badge  337ms
   ✓ inherited-approval annotation (en) > gate view: an accepted inherited approval is a labelled row beside the 'Not submitted' status  609ms
   ✓ inherited-approval annotation (ar) > Gates list: G1 accepted (counts true) is a badge next to 'Not submitted'  316ms
   ✓ inherited-approval annotation (ar) > gate view: without an inherited approval there is no row  361ms
 ✓ |unit-web| src/components/RecordForm.alerts.test.tsx (16 tests) 3235ms
   ✓ record form: one alert per distinct form error (en) > dialog > a 400 whose only field error has pointer "" says its message once, in one live region  396ms
   ✓ record form: one alert per distinct form error (ar) > dialog > a 400 whose only field error has pointer "" says its message once, in one live region  340ms
   ✓ record form: one alert per distinct form error (ar) > inline-sections > a 400 whose only field error has pointer "" says its message once, in one live region  397ms
 ✓ |unit-web| src/pages/transformations/modeGuidance.test.tsx (5 tests) 3302ms
   ✓ New transformation: mode guidance (English LTR) > shows When to use and How for the selected mode and switches with the mode  982ms
   ✓ New transformation: mode guidance (English LTR) > Modular requires an entry phase before anything is sent  625ms
   ✓ New transformation: mode guidance (English LTR) > a server validation error on the entry phase is shown on that field  980ms
   ✓ New transformation: mode guidance (Arabic RTL) > shows the Arabic rendering, marked provisional, with the English source text alongside  698ms
 ✓ |unit-web| src/pages/capacity/capacity.test.tsx (6 tests) 4296ms
   ✓ capacity (en) > the role × month grid shows decimal FTE, the conflict with its shortfall, and Unknown capacity as Unknown (never 0)  723ms
   ✓ capacity (en) > committing a demand POSTs with If-Match; a 409 shows the conflict notice and reloads  1300ms
   ✓ capacity (en) > the read-only auditor sees the grid and no commit or release control  1175ms
   ✓ capacity (ar) > the role × month grid shows decimal FTE, the conflict with its shortfall, and Unknown capacity as Unknown (never 0)  537ms
   ✓ capacity (ar) > the read-only auditor sees the grid and no commit or release control  340ms
 ✓ |unit-web| src/components/States.test.tsx (15 tests) 695ms
 ✓ |unit-web| src/lib/auditChanges.test.ts (125 tests) 297ms
 ✓ |unit-web| src/pages/readiness/readiness.test.tsx (4 tests) 1002ms
   ✓ Readiness (en) > lists the missing diagnostic areas by name, the gates and the translated sequencing blockers  397ms
 ✓ |unit-web| src/i18n/i18n.test.ts (11 tests) 166ms
 ✓ |unit-web| src/test/react-warning-guard.test.tsx (4 tests) 37ms
 ✓ |unit-web| src/lib/lib.test.ts (24 tests) 173ms
 ✓ |unit-web| src/i18n/glossary.test.ts (8 tests) 28ms
 ✓ |unit-web| src/styles/styles.test.ts (6 tests) 24ms
 ✓ |unit-web| src/pages/business-cases/problem-codes.test.ts (4 tests) 11ms
 ✓ |unit-web| src/test/harness-config.test.ts (2 tests) 4ms

⎯⎯⎯⎯⎯⎯⎯ Failed Tests 1 ⎯⎯⎯⎯⎯⎯⎯

 FAIL  |unit-node| apps/api/src/architecture.test.ts > API module boundaries (ADR-0002) > every import respects dependsOn, public surfaces and allowed packages
AssertionError: expected [ …(5) ] to deeply equal []

[32m- Expected[39m
[31m+ Received[39m

[32m- [][39m
[31m+ [[39m
[31m+   "modules/portfolio/budget.test.ts: computed property name with a non-literal key (line 101) bypasses the module-interface check",[39m
[31m+   "modules/portfolio/budget.test.ts: imports ../platform/db-errors.ts; only platform/index.ts is public",[39m
[31m+   "modules/portfolio/budget.ts: computed member with a non-literal key (line 150) bypasses the module-interface check",[39m
[31m+   "modules/portfolio/budget.ts: computed member with a non-literal key (line 151) bypasses the module-interface check",[39m
[31m+   "modules/portfolio/budget.ts: computed member with a non-literal key (line 169) bypasses the module-interface check",[39m
[31m+ ][39m

 ❯ apps/api/src/architecture.test.ts:162:79
    160|     "every import respects dependsOn, public surfaces and allowed pack…
    161|     () => {
    162|       expect((moduleDirs as ApiModule[]).flatMap((m) => moduleViolatio…
       |                                                                               ^
    163|     },
    164|     AST_TEST_TIMEOUT_MS,

⎯⎯⎯⎯⎯⎯⎯⎯⎯⎯⎯⎯⎯⎯⎯⎯⎯⎯⎯⎯⎯⎯⎯⎯[1/1]⎯


 Test Files  1 failed | 108 passed (109)
      Tests  1 failed | 2124 passed (2125)
   Start at  08:53:38
   Duration  210.21s (transform 13.31s, setup 10.04s, collect 160.03s, tests 348.40s, environment 41.22s, prepare 17.75s)

 ELIFECYCLE  Test failed. See above for more details.
EXIT=1
