
> mobily-transformation-hub@0.1.0 test /home/user/wt/dg4-be-e
> vitest run --project unit-node --project unit-web && vitest run --project unit-formula-nocodegen


 RUN  v3.2.4 /home/user/wt/dg4-be-e

 ✓ |unit-web| src/pages/transformations/transformations.test.tsx (21 tests) 10406ms
   ✓ after create (F-DG1-004) > shows the created record when the server lets the creator read it  1672ms
   ✓ after create (F-DG1-004) > explains, in English, that the draft was created but cannot be opened (server 404), instead of 'Not found'  409ms
   ✓ after create (F-DG1-004) > explains the same in Arabic (RTL), using the glossary term for Transformation  397ms
   ✓ after create (F-DG1-004) > treats a 403 for the just-created record the same way  488ms
   ✓ audit trail changes (F-DG1-005) > English: field and value labels, not raw keys or enum codes  575ms
   ✓ derived creator assignment on the audit trail (F-DG1-008) > English: localized action, fields, role, user and scope; nothing raw or marked untranslated  370ms
   ✓ derived creator assignment on the audit trail (F-DG1-008) > Arabic (RTL): the same event with Arabic labels and the glossary role name  453ms
   ✓ derived creator assignment on the audit trail (F-DG1-008) > an action the catalogue does not know stays readable and is explicitly marked (en and ar)  602ms
   ✓ effective permissions refresh after create (F-DG1-210) > English: Edit, Archive and the audit trail appear after create, without a reload  1537ms
   ✓ effective permissions refresh after create (F-DG1-210) > Arabic (RTL): the same controls and the audit trail appear after create, without a reload  1754ms
   ✓ effective permissions refresh after create (F-DG1-210) > does not over-grant: if the refreshed server answer adds nothing, Archive and the audit trail stay hidden  706ms
   ✓ effective permissions refresh after create (F-DG1-210) > a failed /me refresh never blocks the navigation; the UI stays fail-safe (no controls offered)  511ms
 ✓ |unit-web| src/lib/auditChanges.test.ts (125 tests) 299ms
 ✓ |unit-web| src/auth/session-bound.test.tsx (34 tests) 17551ms
   ✓ F-DG2-530/580 no effect of A's action after a further await once the tab is B's (en) > Y1: a create whose post-create GET /me returns B: B is not navigated and never sees A's code or name  2124ms
   ✓ F-DG2-530/580 no effect of A's action after a further await once the tab is B's (en) > Y1c: the same create under one identity still lands on the created record  734ms
   ✓ F-DG2-530/580 no effect of A's action after a further await once the tab is B's (en) > Y1c (not visible to the creator): the creator still gets 'created, but you cannot open it' with the 201's code  420ms
   ✓ F-DG2-530/580 no effect of A's action after a further await once the tab is B's (en) > an edit whose identity changes between its awaits: B is not navigated to A's record and keeps nothing of A's  893ms
   ✓ F-DG2-530/580 no effect of A's action after a further await once the tab is B's (en) > an organization create whose identity changes between its awaits: B is not navigated to A's new organization  972ms
   ✓ F-DG2-530/580 no effect of A's action after a further await once the tab is B's (en) > a user create whose identity changes between its awaits: B is not navigated to A's new user  757ms
   ✓ F-DG2-530/580 no effect of A's action after a further await once the tab is B's (en) > sanity: the organization and user creates under one identity still navigate to the new record  744ms
   ✓ F-DG2-570 the header and the data of ONE identity on in-app navigation (en) > N0 (the reviewer's Y5): B signed in a moment ago, no time passes, no focus event: the next page is B's under B's header  314ms
   ✓ F-DG2-570 the header and the data of ONE identity on in-app navigation (en) > bounded: one GET /me per navigation, shared by the page's burst; other GETs only after the window; same identity kept  319ms
   ✓ F-DG2-570 the header and the data of ONE identity on in-app navigation (en) > writes neither wait for nor trigger the recheck: the save goes out at once with the user's own CSRF token  309ms
   ✓ F-DG2-530/580 no effect of A's action after a further await once the tab is B's (ar) > Y1: a create whose post-create GET /me returns B: B is not navigated and never sees A's code or name  793ms
   ✓ F-DG2-530/580 no effect of A's action after a further await once the tab is B's (ar) > Y1c: the same create under one identity still lands on the created record  312ms
   ✓ F-DG2-530/580 no effect of A's action after a further await once the tab is B's (ar) > an edit whose identity changes between its awaits: B is not navigated to A's record and keeps nothing of A's  529ms
   ✓ F-DG2-530/580 no effect of A's action after a further await once the tab is B's (ar) > an organization create whose identity changes between its awaits: B is not navigated to A's new organization  720ms
   ✓ F-DG2-530/580 no effect of A's action after a further await once the tab is B's (ar) > a user create whose identity changes between its awaits: B is not navigated to A's new user  497ms
   ✓ F-DG2-530/580 no effect of A's action after a further await once the tab is B's (ar) > sanity: the organization and user creates under one identity still navigate to the new record  690ms
   ✓ F-DG2-570 the header and the data of ONE identity on in-app navigation (ar) > N2: opening the list: B's header with B's list and B's permissions, never A's header or A's empty-state  442ms
   ✓ F-DG2-570 the header and the data of ONE identity on in-app navigation (ar) > bounded: one GET /me per navigation, shared by the page's burst; other GETs only after the window; same identity kept  423ms
   ✓ the convention: no raw navigate or cache write in app code (T-DG2-FE15) > the ESLint rule refuses a raw navigate, a raw cache write and a useNavigate import in a page  3228ms
 ✓ |unit-web| src/auth/session-generation.test.tsx (26 tests) 13087ms
   ✓ F-DG2-530 a write in flight across an identity change (en) > X3: A's PATCH answered after B's /me is not written into B's cache, not shown, and does not navigate B  943ms
   ✓ F-DG2-530 a write in flight across an identity change (en) > X3b: the same after a session END here and B's sign-in: A's late answer never lands  1049ms
   ✓ F-DG2-530 a write in flight across an identity change (en) > an archive in flight across an identity change: A's archived record never lands in B's cache  731ms
   ✓ F-DG2-530 a write in flight across an identity change (en) > an organization save in flight across an identity change: A's change is never stored under B  817ms
   ✓ F-DG2-530 a write in flight across an identity change (en) > a user save in flight across an identity change: A's change is never stored under B  872ms
   ✓ F-DG2-530 a write in flight across an identity change (en) > a same-person new session: the in-flight save is dropped silently, the draft is kept and usable  497ms
   ✓ F-DG2-530 a write in flight across an identity change (en) > a language save retried after a 409 is never written for the identity that replaced A  480ms
   ✓ F-DG2-530 a write in flight across an identity change (en) > sanity: a write in flight that finishes under the SAME identity still updates the cache and navigates  358ms
   ✓ F-DG2-530 X6: refocus and reconnect revalidate GET /me first (en) > after B signs in elsewhere, a refocus within /me's staleTime shows B's header with B's data, never A's  703ms
   ✓ F-DG2-530 X6: refocus and reconnect revalidate GET /me first (en) > the same identity: a refocus refetches /me once, then the stale page queries; nothing when all is fresh  487ms
   ✓ F-DG2-530 a write in flight across an identity change (ar) > X3: A's PATCH answered after B's /me is not written into B's cache, not shown, and does not navigate B  656ms
   ✓ F-DG2-530 a write in flight across an identity change (ar) > X3b: the same after a session END here and B's sign-in: A's late answer never lands  737ms
   ✓ F-DG2-530 a write in flight across an identity change (ar) > an archive in flight across an identity change: A's archived record never lands in B's cache  656ms
   ✓ F-DG2-530 a write in flight across an identity change (ar) > an organization save in flight across an identity change: A's change is never stored under B  626ms
   ✓ F-DG2-530 a write in flight across an identity change (ar) > a user save in flight across an identity change: A's change is never stored under B  705ms
   ✓ F-DG2-530 a write in flight across an identity change (ar) > a same-person new session: the in-flight save is dropped silently, the draft is kept and usable  624ms
   ✓ F-DG2-530 a write in flight across an identity change (ar) > a language save retried after a 409 is never written for the identity that replaced A  392ms
   ✓ F-DG2-530 a write in flight across an identity change (ar) > sanity: a write in flight that finishes under the SAME identity still updates the cache and navigates  360ms
   ✓ F-DG2-530 X6: refocus and reconnect revalidate GET /me first (ar) > after B signs in elsewhere, a refocus within /me's staleTime shows B's header with B's data, never A's  418ms
   ✓ F-DG2-530 X6: refocus and reconnect revalidate GET /me first (ar) > the same identity: a refocus refetches /me once, then the stale page queries; nothing when all is fresh  476ms
 ✓ |unit-web| src/pages/p2.test.tsx (56 tests) 36860ms
   ✓ Diagnose > shows the six T01 dimensions with Unknown for missing values, and value pools that are never 0  1798ms
   ✓ Diagnose > shows the totals as Unknown when no pool is quantified  743ms
   ✓ Diagnose > renders the six workstreams with their key questions  965ms
   ✓ Diagnose > edits a T01 row with only the changed fields and If-Match  872ms
   ✓ Diagnose > a 409 on save writes nothing, compares, and re-applies on the current version  851ms
   ✓ Diagnose > a 400 validation.blank shows a localized message on its field ('en')  1818ms
   ✓ Diagnose > a 400 validation.blank shows a localized message on its field ('ar')  1090ms
   ✓ Diagnose > an invisible-only value is blocked client-side with validation.blank ('en')  845ms
   ✓ Diagnose > an invisible-only value is blocked client-side with validation.blank ('ar')  1129ms
   ✓ Diagnose > a whitespace-only T01 value is an inline blank error and sends nothing ('en')  1276ms
   ✓ Diagnose > a whitespace-only T01 value is an inline blank error and sends nothing ('ar')  1749ms
   ✓ Diagnose > T01: an emptied field is sent as an explicit null; visible text is sent verbatim  1991ms
   ✓ Diagnose > Arabic: RTL with Arabic labels and the unquantified label  847ms
   ✓ Define > shows the good outcome test per outcome with pass / fail / unknown and localized reasons  544ms
   ✓ Define > requires a target date on a T02 row before sending anything  717ms
   ✓ Define > sets the North Star with one sentence and no If-Match the first time  607ms
   ✓ Define: KPI activation (F-DG2-201) > offers Activate on a draft KPI, states the unmet precondition on 422, then activates with If-Match  807ms
   ✓ Define: KPI activation (F-DG2-201) > Arabic: the Activate action and the 422 reason are in Arabic  1438ms
   ✓ Define: KPI activation (F-DG2-201) > an active KPI shows Active and offers no Activate  580ms
   ✓ Charter > shows the 14 fields, the thesis, the five scope checks with pre-checks and the top-outcomes warning  331ms
   ✓ Charter > scope pre-check: an empty Out of scope reads as failing (EN and AR)  875ms
   ✓ Charter > thesis: an empty part is Incomplete and no sentence is composed (F-DG2-203)  341ms
   ✓ Charter > thesis: a part the API flags incomplete is never shown as answered  538ms
   ✓ Charter > thesis: the four parts compose the B0037 sentence (EN and AR)  312ms
   ✓ Charter > compares a version with the previous one  707ms
   ✓ Charter > create: a whitespace Case for change is an inline blank error and creates nothing ('en')  820ms
   ✓ Charter > create: a whitespace Case for change is an inline blank error and creates nothing ('ar')  376ms
   ✓ Charter > edit: a whitespace Out of scope is an inline blank error, sends nothing and keeps the value (en)  709ms
   ✓ Charter > edit: a whitespace Out of scope is an inline blank error, sends nothing and keeps the value (ar)  534ms
   ✓ Charter > edit: emptying a filled field sends null; visible text is verbatim (en)  945ms
   ✓ Charter > edit: emptying a filled field sends null; visible text is verbatim (ar)  584ms
   ✓ Charter > edit: a change summary alone is not a change (never a content-free version)  734ms
   ✓ Design > shows the ten canvas boxes and the per-dimension view  662ms
   ✓ Design > converts an unresolved workshop item into a design decision with If-Match  963ms
   ✓ Decisions (T04) > creates a design decision with inline options and an idempotency key  311ms
   ✓ Gates (business approval) > shows unverified evidence as unverified, the failing outcome at G2, and submits with If-Match  409ms
   ✓ Gates (business approval) > the approver's decision: rationale required; 403 and 409 problems in words  1061ms
   ✓ Gates (business approval) > gate list titles: the verbatim B0023 name once, never the code twice (EN and AR)  360ms
   ✓ Gates (business approval) > gate detail heading: the verbatim B0023 name once (EN and AR)  542ms
   ✓ Evidence > uploads a revision as octet-stream with a percent-encoded file name and If-Match  740ms
   ✓ Evidence > never offers review to the creator; a filename reference can only be rejected  447ms
   ✓ read-only auditor (AUD) > diagnose: no write control and a read-only note  363ms
   ✓ read-only auditor (AUD) > team: no write control and a read-only note  576ms
 ✓ |unit-web| src/pages/portfolio/portfolio.test.tsx (32 tests) 17572ms
   ✓ Portfolio (en) > lists code, name, wave, owners and three separate columns: proposed rank, selection and funding  1686ms
   ✓ Portfolio (en) > the proposed rank is Unknown (never 0) when the prioritization view is unavailable  866ms
   ✓ Portfolio (en) > filters by status and wave on the server  495ms
   ✓ Portfolio (en) > creates a draft at any time: POST /initiatives with the transformation and an Idempotency-Key  789ms
   ✓ Portfolio (en) > the read-only auditor sees the list with no enabled write control  593ms
   ✓ Portfolio (ar) > lists code, name, wave, owners and three separate columns: proposed rank, selection and funding  602ms
   ✓ Portfolio (ar) > filters by status and wave on the server  302ms
   ✓ Portfolio (ar) > creates a draft at any time: POST /initiatives with the transformation and an Idempotency-Key  561ms
   ✓ Portfolio (ar) > the read-only auditor sees the list with no enabled write control  448ms
   ✓ Initiative Card (en) > shows all 14 T05 fields in the source order and the 3-7 deliverables warning (a warning, not a block)  426ms
   ✓ Initiative Card (en) > submit refused: 'Case for change not yet approved (G1)…' is the dialog's one translated alert  430ms
   ✓ Initiative Card (en) > submit refused: 'Outcome before activity…' (validation at /outcomeContributions) is translated  582ms
   ✓ Initiative Card (en) > launch refused: 'North Star, outcomes and target state not yet approved', then 'Selected - unfunded…'  653ms
   ✓ Initiative Card (en) > select is a labelled business approval: rationale required, If-Match, no 'on behalf of' control  936ms
   ✓ Initiative Card (en) > a 409 shows the conflict banner and reloads  394ms
   ✓ Initiative Card (en) > a gap link to another TOM record shows 'A project portfolio is not a Target Operating Model…'  436ms
   ✓ Initiative Card (en) > an outcome contribution needs an outcome; the KPI is optional and labelled so  826ms
   ✓ Initiative Card (en) > the read-only auditor sees the card with no enabled write control  361ms
   ✓ Initiative Card (ar) > shows all 14 T05 fields in the source order and the 3-7 deliverables warning (a warning, not a block)  386ms
   ✓ Initiative Card (ar) > submit refused: 'Case for change not yet approved (G1)…' is the dialog's one translated alert  560ms
   ✓ Initiative Card (ar) > submit refused: 'Outcome before activity…' (validation at /outcomeContributions) is translated  696ms
   ✓ Initiative Card (ar) > launch refused: 'North Star, outcomes and target state not yet approved', then 'Selected - unfunded…'  652ms
   ✓ Initiative Card (ar) > select is a labelled business approval: rationale required, If-Match, no 'on behalf of' control  973ms
   ✓ Initiative Card (ar) > a 409 shows the conflict banner and reloads  604ms
   ✓ Initiative Card (ar) > a gap link to another TOM record shows 'A project portfolio is not a Target Operating Model…'  697ms
   ✓ Initiative Card (ar) > an outcome contribution needs an outcome; the KPI is optional and labelled so  474ms
 ✓ |unit-web| src/pages/team/team.test.tsx (10 tests) 9401ms
   ✓ Team (English LTR) > shows the six governance roles with B0018 accountability text verbatim and who holds each  1940ms
   ✓ Team (English LTR) > lists team members with the accountability on each assignment, sortable and filterable  556ms
   ✓ Team (English LTR) > a Transformation Lead assigns a Workstream Lead: Idempotency-Key, reason, accountability preview  1179ms
   ✓ Team (English LTR) > shows a 403 from the server in words; nothing is assigned  584ms
   ✓ Team: read-only auditor (AUD) > sees the roles, accountabilities and members, a read-only note, and no assign control  304ms
   ✓ Team (Arabic RTL) > shows Arabic role names and the provisional Arabic accountability text  574ms
   ✓ Team assign dialog: accountability preview follows the selected role (F-DG2-430) > en: WL on open, then KDS, TD, none and WL again, in StrictMode with no React warning  968ms
   ✓ Team assign dialog: accountability preview follows the selected role (F-DG2-430) > ar: WL on open, then KDS, TD, none and WL again, in StrictMode with no React warning  946ms
   ✓ Team: the success notice follows a language switch, 'en' → 'ar' > the notice is shown in the language now on screen, not the one it was created in  1088ms
   ✓ Team: the success notice follows a language switch, 'ar' → 'en' > the notice is shown in the language now on screen, not the one it was created in  1260ms
 ✓ |unit-web| src/auth/session-identity.test.tsx (18 tests) 9429ms
   ✓ F-DG2-500 a session end on the sign-in page (en) > W5: Back to /login after A's session ends, B signs in with the development form: B never sees A's records  1603ms
   ✓ F-DG2-500 a session end on the sign-in page (en) > W5b (OIDC mode): B signs in in another tab and this tab's /me re-probe brings B: B never sees A's records  839ms
   ✓ F-DG2-500 an identity change with no session end in this tab (en) > a refocus /me that returns another identity removes every session query before B renders, and drops A's drafts  797ms
   ✓ F-DG2-500 an identity change with no session end in this tab (en) > a new session of the same person (signed in again elsewhere) refetches the queries but keeps their own draft  372ms
   ✓ F-DG2-500 an identity change with no session end in this tab (en) > the same identity re-probed (window refocus) keeps the cache and the page state  399ms
   ✓ F-DG2-500 sign-out here and 403 (en) > signing out here clears everything; B signing in afterwards never sees A's records  941ms
   ✓ F-DG2-500 sign-out here and 403 (en) > a 403 is never a session end: the phase, the identity and the cache are kept  354ms
   ✓ F-DG2-500 a session end on the sign-in page (ar) > W5: Back to /login after A's session ends, B signs in with the development form: B never sees A's records  839ms
   ✓ F-DG2-500 a session end on the sign-in page (ar) > W5b (OIDC mode): B signs in in another tab and this tab's /me re-probe brings B: B never sees A's records  1012ms
   ✓ F-DG2-500 an identity change with no session end in this tab (ar) > a refocus /me that returns another identity removes every session query before B renders, and drops A's drafts  593ms
   ✓ F-DG2-500 an identity change with no session end in this tab (ar) > the same identity re-probed (window refocus) keeps the cache and the page state  310ms
   ✓ F-DG2-500 sign-out here and 403 (ar) > signing out here clears everything; B signing in afterwards never sees A's records  879ms
 ✓ |unit-web| src/pages/render-time-language.test.tsx (28 tests) 20092ms
   ✓ sign-in (dev form), 'en' → 'ar' > an invalid user name: the inline message follows the switch  707ms
   ✓ journey step editor, 'en' → 'ar' > a field error on a step follows the switch  1685ms
   ✓ journey step editor, 'en' → 'ar' > the form-level "Step N:" error follows the switch (prefix and message)  1323ms
   ✓ journey step editor, 'ar' → 'en' > a field error on a step follows the switch  1276ms
   ✓ journey step editor, 'ar' → 'en' > the form-level "Step N:" error follows the switch (prefix and message)  1294ms
   ✓ row-action note and reason dialog, 'en' → 'ar' > the Finance validation note's 'required' follows the switch  1397ms
   ✓ row-action note and reason dialog, 'en' → 'ar' > the Finance validation choice's 'required' follows the switch  923ms
   ✓ row-action note and reason dialog, 'en' → 'ar' > the archive reason's 'too short' follows the switch  1192ms
   ✓ row-action note and reason dialog, 'ar' → 'en' > the Finance validation note's 'required' follows the switch  1438ms
   ✓ row-action note and reason dialog, 'ar' → 'en' > the Finance validation choice's 'required' follows the switch  992ms
   ✓ row-action note and reason dialog, 'ar' → 'en' > the archive reason's 'too short' follows the switch  942ms
   ✓ gate dialogs, 'en' → 'ar' > the submission note's field error follows the switch  400ms
   ✓ gate dialogs, 'en' → 'ar' > the decision rationale's field error follows the switch  644ms
   ✓ gate dialogs, 'ar' → 'en' > the submission note's field error follows the switch  621ms
   ✓ gate dialogs, 'ar' → 'en' > the decision rationale's field error follows the switch  484ms
   ✓ North Star statement, 'en' → 'ar' > the statement's field error follows the switch  546ms
   ✓ North Star statement, 'ar' → 'en' > the statement's field error follows the switch  653ms
   ✓ evidence dialogs, 'en' → 'ar' > upload without a file: 'required' follows the switch  679ms
   ✓ evidence dialogs, 'en' → 'ar' > a link without a record type or record: both 'required' messages follow the switch  417ms
   ✓ evidence dialogs, 'ar' → 'en' > upload without a file: 'required' follows the switch  899ms
   ✓ evidence dialogs, 'ar' → 'en' > a link without a record type or record: both 'required' messages follow the switch  712ms
 ✓ |unit-web| src/pages/p2-blank-forms.test.tsx (52 tests) 36490ms
   ✓ gate submission note (en) > a whitespace-only note is refused inline and nothing is sent  1603ms
   ✓ gate submission note (en) > a invisible-only note is refused inline and nothing is sent  467ms
   ✓ gate submission note (en) > visible text is sent verbatim; an empty note is omitted  778ms
   ✓ gate submission note (ar) > a whitespace-only note is refused inline and nothing is sent  616ms
   ✓ gate submission note (ar) > visible text is sent verbatim; an empty note is omitted  796ms
   ✓ gate decision rationale and comments (en) > a whitespace-only rationale is refused inline and nothing is sent  1163ms
   ✓ gate decision rationale and comments (en) > a invisible-only rationale is refused inline and nothing is sent  890ms
   ✓ gate decision rationale and comments (en) > a invisible (long enough for min 3)-only rationale is refused inline and nothing is sent  738ms
   ✓ gate decision rationale and comments (en) > a whitespace-only comment is refused inline (focus on it) and nothing is sent  686ms
   ✓ gate decision rationale and comments (en) > a invisible-only comment is refused inline (focus on it) and nothing is sent  635ms
   ✓ gate decision rationale and comments (en) > visible text is sent verbatim; empty comments are omitted; an empty rationale stays 'too short'  841ms
   ✓ gate decision rationale and comments (en) > a server 400 validation.blank on /rationale lands on the field  417ms
   ✓ gate decision rationale and comments (ar) > a whitespace-only rationale is refused inline and nothing is sent  780ms
   ✓ gate decision rationale and comments (ar) > a invisible-only rationale is refused inline and nothing is sent  437ms
   ✓ gate decision rationale and comments (ar) > a invisible (long enough for min 3)-only rationale is refused inline and nothing is sent  502ms
   ✓ gate decision rationale and comments (ar) > a whitespace-only comment is refused inline (focus on it) and nothing is sent  523ms
   ✓ gate decision rationale and comments (ar) > a invisible-only comment is refused inline (focus on it) and nothing is sent  1170ms
   ✓ gate decision rationale and comments (ar) > visible text is sent verbatim; empty comments are omitted; an empty rationale stays 'too short'  537ms
   ✓ journey step editor (en) > a whitespace-only actor is refused inline (not turned into null) and nothing is sent  1787ms
   ✓ journey step editor (en) > a invisible-only actor is refused inline (not turned into null) and nothing is sent  822ms
   ✓ journey step editor (en) > several blank fields: each gets the message and focus goes to the first (name)  810ms
   ✓ journey step editor (en) > visible text is sent verbatim; emptied optional text is null; an empty name is required  1466ms
   ✓ journey step editor (ar) > a whitespace-only actor is refused inline (not turned into null) and nothing is sent  1077ms
   ✓ journey step editor (ar) > a invisible-only actor is refused inline (not turned into null) and nothing is sent  754ms
   ✓ journey step editor (ar) > several blank fields: each gets the message and focus goes to the first (name)  1001ms
   ✓ journey step editor (ar) > visible text is sent verbatim; emptied optional text is null; an empty name is required  786ms
   ✓ Finance validation note and archive reason (en) > note: a whitespace-only note is refused inline and nothing is sent  875ms
   ✓ Finance validation note and archive reason (en) > note: a invisible-only note is refused inline and nothing is sent  698ms
   ✓ Finance validation note and archive reason (en) > note: empty is 'required'; visible text is sent verbatim  662ms
   ✓ Finance validation note and archive reason (en) > reason: a whitespace-only reason is refused inline and nothing is archived  613ms
   ✓ Finance validation note and archive reason (en) > reason: a invisible-only reason is refused inline and nothing is archived  523ms
   ✓ Finance validation note and archive reason (en) > reason: a server 400 validation.blank on /reason is the field message, not a generic error  638ms
   ✓ Finance validation note and archive reason (en) > reason: a reason with U+0000 is refused inline with the localized message and nothing is archived  529ms
   ✓ Finance validation note and archive reason (en) > reason: a server 400 validation.invalid_character on /reason is the localized field message  969ms
   ✓ Finance validation note and archive reason (en) > reason: empty keeps 'too short'; visible text is sent verbatim  750ms
   ✓ Finance validation note and archive reason (ar) > note: a whitespace-only note is refused inline and nothing is sent  680ms
   ✓ Finance validation note and archive reason (ar) > note: a invisible-only note is refused inline and nothing is sent  665ms
   ✓ Finance validation note and archive reason (ar) > note: empty is 'required'; visible text is sent verbatim  600ms
   ✓ Finance validation note and archive reason (ar) > reason: a whitespace-only reason is refused inline and nothing is archived  750ms
   ✓ Finance validation note and archive reason (ar) > reason: a invisible-only reason is refused inline and nothing is archived  907ms
   ✓ Finance validation note and archive reason (ar) > reason: a server 400 validation.blank on /reason is the field message, not a generic error  664ms
   ✓ Finance validation note and archive reason (ar) > reason: a reason with U+0000 is refused inline with the localized message and nothing is archived  425ms
   ✓ Finance validation note and archive reason (ar) > reason: a server 400 validation.invalid_character on /reason is the localized field message  570ms
   ✓ Finance validation note and archive reason (ar) > reason: empty keeps 'too short'; visible text is sent verbatim  354ms
   ✓ North Star statement (en) > a whitespace-only statement is refused inline and nothing is sent  388ms
   ✓ North Star statement (en) > a invisible-only statement is refused inline and nothing is sent  334ms
   ✓ North Star statement (ar) > a whitespace-only statement is refused inline and nothing is sent  397ms
   ✓ North Star statement (ar) > a invisible-only statement is refused inline and nothing is sent  477ms
 ✓ |unit-web| src/pages/portfolio/fe-e.test.tsx (18 tests) 11228ms
   ✓ Funding decisions (en) > is a labelled business approval with no 'on behalf of' control; rationale required; POST with an Idempotency-Key  2164ms
   ✓ Funding decisions (en) > the BE-E 422s are the dialog's one translated alert; funding.amount_invalid is also inline at /amount  662ms
   ✓ Funding decisions (ar) > is a labelled business approval with no 'on behalf of' control; rationale required; POST with an Idempotency-Key  1075ms
   ✓ Funding decisions (ar) > the BE-E 422s are the dialog's one translated alert; funding.amount_invalid is also inline at /amount  778ms
   ✓ Funding decisions (ar) > an exact decimal amount is shown with its currency; the auditor sees no record control  349ms
   ✓ Deliverables and milestones on the card (en) > creates (Idempotency-Key), edits (If-Match) and archives (reason, If-Match) a deliverable  965ms
   ✓ Deliverables and milestones on the card (en) > creates a milestone with its wave and forecast, and edits it with If-Match  596ms
   ✓ Deliverables and milestones on the card (en) > 422 initiative.read_only (a closure raced the edit) is translated as the dialog's one alert  675ms
   ✓ Deliverables and milestones on the card (en) > a cancelled initiative shows deliverables, milestones and funding with no write control  352ms
   ✓ Deliverables and milestones on the card (en) > the card edit form translates initiative.planned_range specifically (RecordDialog namespaces)  690ms
   ✓ Deliverables and milestones on the card (ar) > creates (Idempotency-Key), edits (If-Match) and archives (reason, If-Match) a deliverable  525ms
   ✓ Deliverables and milestones on the card (ar) > creates a milestone with its wave and forecast, and edits it with If-Match  542ms
   ✓ Deliverables and milestones on the card (ar) > 422 initiative.read_only (a closure raced the edit) is translated as the dialog's one alert  313ms
   ✓ Deliverables and milestones on the card (ar) > the card edit form translates initiative.planned_range specifically (RecordDialog namespaces)  711ms
 ✓ |unit-web| src/pages/benefit-formulas/benefit-formulas.test.tsx (18 tests) 9379ms
   ✓ T09 benefit formulas (en) > register: the six T09 columns with confidence H/M/L; examples marked illustrative with 100000 and 500000 SAR per year  1589ms
   ✓ T09 benefit formulas (en) > builder: an undefined variable shows translated, with its position, before saving; nothing is sent  1094ms
   ✓ T09 benefit formulas (en) > builder: monthly ARPU × annual customers is a period mismatch, translated, before saving  348ms
   ✓ T09 benefit formulas (en) > builder: a fraction is entered as percent and stored as a fraction; a version is saved with If-Match  843ms
   ✓ T09 benefit formulas (en) > builder: a fraction difference shows percentage points (translated suffix), never %  347ms
   ✓ T09 benefit formulas (en) > builder: a 409 shows the standard conflict panel; nothing was saved  570ms
   ✓ T09 benefit formulas (en) > Finance validation of a version: a business approval by FIN; the author cannot; translated refusal  408ms
   ✓ T09 benefit formulas (en) > Finance validation: the version's author sees the separation-of-duties note and no action  301ms
   ✓ T09 benefit formulas (ar) > register: the six T09 columns with confidence H/M/L; examples marked illustrative with 100000 and 500000 SAR per year  535ms
   ✓ T09 benefit formulas (ar) > builder: an undefined variable shows translated, with its position, before saving; nothing is sent  585ms
   ✓ T09 benefit formulas (ar) > builder: a fraction is entered as percent and stored as a fraction; a version is saved with If-Match  397ms
   ✓ T09 benefit formulas (ar) > builder: a 409 shows the standard conflict panel; nothing was saved  656ms
   ✓ T09 benefit formulas (ar) > Finance validation of a version: a business approval by FIN; the author cannot; translated refusal  391ms
   ✓ T09 benefit formulas (ar) > Finance validation: the version's author sees the separation-of-duties note and no action  440ms
 ✓ |unit-web| src/pages/business-cases/business-cases.test.tsx (18 tests) 14413ms
   ✓ business cases (en) > register: levels, Finance baseline states with text (Stale is never green) and drafts  1287ms
   ✓ business cases (en) > detail: all ten sections, totals with gross / cost / net apart, net Unknown (never 0), roll-up by reference  663ms
   ✓ business cases (en) > totals: a partial total says how many Unknown lines it leaves out  441ms
   ✓ business cases (en) > sections: saves only the changed section with If-Match; blank text is refused inline and nothing is sent  1656ms
   ✓ business cases (en) > sections: a 409 shows the standard conflict panel (nothing saved) with the current values  752ms
   ✓ business cases (en) > lines: exactly one class from one select; the value basis follows the class; a 422 is translated  1162ms
   ✓ business cases (en) > Finance validation: a business approval for FIN who did not author the case; If-Match; translated 403  1361ms
   ✓ business cases (en) > Finance validation: the case author sees no validate action, only the separation-of-duties note  383ms
   ✓ business cases (en) > read-only auditor: the ten sections as text, no enabled write control, the read-only note  388ms
   ✓ business cases (ar) > detail: all ten sections, totals with gross / cost / net apart, net Unknown (never 0), roll-up by reference  600ms
   ✓ business cases (ar) > totals: a partial total says how many Unknown lines it leaves out  429ms
   ✓ business cases (ar) > sections: saves only the changed section with If-Match; blank text is refused inline and nothing is sent  1394ms
   ✓ business cases (ar) > sections: a 409 shows the standard conflict panel (nothing saved) with the current values  640ms
   ✓ business cases (ar) > lines: exactly one class from one select; the value basis follows the class; a 422 is translated  1566ms
   ✓ business cases (ar) > Finance validation: a business approval for FIN who did not author the case; If-Match; translated 403  632ms
   ✓ business cases (ar) > Finance validation: the case author sees no validate action, only the separation-of-duties note  455ms
   ✓ business cases (ar) > read-only auditor: the ten sections as text, no enabled write control, the read-only note  343ms
 ✓ |unit-web| src/pages/gates/g4.test.tsx (16 tests) 7778ms
   ✓ G4 refusal item by item (en) > two initiatives without owners: two separate translated 'Owners' items, never the joined English message  1249ms
   ✓ G4 refusal item by item (en) > without a usable gate view: one translated line per refused criterion, never the English message  580ms
   ✓ G4 refusal item by item (ar) > two initiatives without owners: two separate translated 'Owners' items, never the joined English message  600ms
   ✓ G4 refusal item by item (ar) > without a usable gate view: one translated line per refused criterion, never the English message  362ms
   ✓ G4 view (en) > lists the eight G4 criteria with their missing items: 'Owners', 'Finance validation' and the initiative  306ms
   ✓ G4 view (en) > a refused submission shows the 422 list with the initiative names, translated  534ms
   ✓ G4 view (en) > the decision's 403 urn:mth:problem:forbidden is translated  549ms
   ✓ G4 view (en) > the decision's 403 urn:mth:problem:forbidden is translated  1165ms
   ✓ G4 view (en) > the decision's 409 urn:mth:problem:version-conflict is translated  484ms
   ✓ G4 view (ar) > a refused submission shows the 422 list with the initiative names, translated  413ms
   ✓ G4 view (ar) > the decision's 403 urn:mth:problem:forbidden is translated  337ms
   ✓ G4 view (ar) > the decision's 403 urn:mth:problem:forbidden is translated  499ms
   ✓ G4 view (ar) > the decision's 409 urn:mth:problem:version-conflict is translated  462ms
 ✓ |unit-web| src/pages/prioritization/prioritization.test.tsx (20 tests) 16548ms
   ✓ prioritization (en) > ranked table: an incomplete score is 'incomplete' (never a number), 3.30 complete; 0–100 shows 57.5 with its label  1904ms
   ✓ prioritization (en) > scorecard: 6 is refused inline and nothing is sent; 4 is POSTed as the integer; the weighted score is read-only 'incomplete'  2230ms
   ✓ prioritization (en) > weight sets: the live total refuses 95% and 105%; 100% is accepted and POSTed as decimal strings  880ms
   ✓ prioritization (en) > weight sets: the proposer is never offered approval; another approver's approval is a business approval with If-Match; 403 SoD is translated  2269ms
   ✓ prioritization (en) > weight set approval: a 409 shows the conflict banner and reloads  767ms
   ✓ prioritization (en) > overrides: a reason is required (missing and invisible-only are refused, nothing sent); with a reason it is POSTed  532ms
   ✓ prioritization (en) > the read-only auditor sees the data and no enabled write control  467ms
   ✓ prioritization (en) > never mentions a delivery gate (DG0–DG7)  404ms
   ✓ prioritization (ar) > ranked table: an incomplete score is 'incomplete' (never a number), 3.30 complete; 0–100 shows 57.5 with its label  747ms
   ✓ prioritization (ar) > scorecard: 6 is refused inline and nothing is sent; 4 is POSTed as the integer; the weighted score is read-only 'incomplete'  1222ms
   ✓ prioritization (ar) > weight sets: the live total refuses 95% and 105%; 100% is accepted and POSTed as decimal strings  465ms
   ✓ prioritization (ar) > weight sets: the proposer is never offered approval; another approver's approval is a business approval with If-Match; 403 SoD is translated  1299ms
   ✓ prioritization (ar) > weight set approval: a 409 shows the conflict banner and reloads  845ms
   ✓ prioritization (ar) > ranking history: causes are translated from codes, including 'weight version 2', score change and the override reason  336ms
   ✓ prioritization (ar) > overrides: a reason is required (missing and invisible-only are refused, nothing sent); with a reason it is POSTed  618ms
   ✓ prioritization (ar) > the read-only auditor sees the data and no enabled write control  694ms
   ✓ prioritization (ar) > never mentions a delivery gate (DG0–DG7)  338ms
 ✓ |unit-web| src/app/app.test.tsx (17 tests) 4662ms
   ✓ bilingual shell > renders Arabic RTL by default with the provisional wordmark  429ms
   ✓ bilingual shell > switches to English LTR and persists the preference with If-Match  608ms
   ✓ bilingual shell > shows all fourteen areas to an administrator  579ms
   ✓ bilingual shell > hides Administration from a Workstream Lead, and the admin route shows no-permission  331ms
   ✓ bilingual shell > a partial area (Governance) leads into the Gates tab of each transformation; its portfolio view stays planned  552ms
   ✓ transformations > lists transformations with a sortable code column and removable filter chips  920ms
   ✓ transformations > detail shows the workspace header with Unknown for data from later stages  387ms
 ✓ |unit-web| src/auth/session-end.test.tsx (12 tests) 10360ms
   ✓ session end while the app is open (en) > a 401 on navigation lands once on sign-in with the message; signing in again returns to the page  2634ms
   ✓ session end while the app is open (en) > a 401 on a dialog mutation (the commit-time upload refusal) closes the dialog and lands once on sign-in  1262ms
   ✓ session end while the app is open (en) > a sign-out elsewhere noticed by the next /me probe lands once on sign-in, never on the stale shell  622ms
   ✓ session end while the app is open (en) > a 403 (forbidden) is never treated as a session end  889ms
   ✓ session end while the app is open (ar) > a 401 on navigation lands once on sign-in with the message; signing in again returns to the page  1013ms
   ✓ session end while the app is open (ar) > a 401 on a dialog mutation (the commit-time upload refusal) closes the dialog and lands once on sign-in  988ms
   ✓ session end while the app is open (ar) > a sign-out elsewhere noticed by the next /me probe lands once on sign-in, never on the stale shell  523ms
   ✓ session end while the app is open (ar) > a 403 (forbidden) is never treated as a session end  684ms
   ✓ session end under <StrictMode> (as in production) > still lands exactly once on sign-in  810ms
   ✓ sign-in page and the cached identity > decides 'already signed in' only from a fresh /me, never from a stale cache  444ms
   ✓ sign-in page and the cached identity > signing out here shows 'signed out', not 'session ended', and no /me loop  443ms
 ✓ |unit-web| src/pages/dispensations/dispensations.test.tsx (12 tests) 7624ms
   ✓ Dispensations (en) > lists waivers and inherited approvals; unverified evidence is shown as unverified; recorder cannot decide  540ms
   ✓ Dispensations (en) > a waiver needs a reason and an expiry: refused inline, nothing sent; then sent with its scope  564ms
   ✓ Dispensations (en) > an inherited approval (Modular) needs the approving body, the date and evidence; 422s are translated  748ms
   ✓ Dispensations (en) > deciding is a labelled business approval; the delegated-decision 422 and the recorder 403 are translated  790ms
   ✓ Dispensations (en) > the read-only auditor sees the register with no enabled write control  614ms
   ✓ Dispensations (ar) > lists waivers and inherited approvals; unverified evidence is shown as unverified; recorder cannot decide  625ms
   ✓ Dispensations (ar) > a waiver needs a reason and an expiry: refused inline, nothing sent; then sent with its scope  475ms
   ✓ Dispensations (ar) > an inherited approval (Modular) needs the approving body, the date and evidence; 422s are translated  1035ms
   ✓ Dispensations (ar) > deciding is a labelled business approval; the delegated-decision 422 and the recorder 403 are translated  1074ms
   ✓ Dispensations (ar) > revoking an accepted dispensation needs a reason and is a business approval  626ms
   ✓ Dispensations (ar) > the read-only auditor sees the register with no enabled write control  313ms
 ✓ |unit-web| src/pages/capacity/fe-e.test.tsx (13 tests) 9848ms
   ✓ capacity editing (en) > creates a role; a taken code (409) is the form's translated alert; then the role is created  1207ms
   ✓ capacity editing (en) > edits a role's labels and archives it, each with If-Match  903ms
   ✓ capacity editing (en) > creates a capacity row with a decimal FTE string; a duplicate (409) is translated  840ms
   ✓ capacity editing (en) > creates a demand; after the save the plan is re-read and the conflict with its shortfall appears; Unknown stays Unknown  1370ms
   ✓ capacity editing (en) > edits a planned demand with If-Match; 422 resource_demand.not_planned is translated  584ms
   ✓ capacity editing (en) > the read-only auditor sees roles and capacity rows with no editing control  436ms
   ✓ capacity editing (ar) > creates a role; a taken code (409) is the form's translated alert; then the role is created  895ms
   ✓ capacity editing (ar) > edits a role's labels and archives it, each with If-Match  1247ms
   ✓ capacity editing (ar) > creates a capacity row with a decimal FTE string; a duplicate (409) is translated  580ms
   ✓ capacity editing (ar) > creates a demand; after the save the plan is re-read and the conflict with its shortfall appears; Unknown stays Unknown  755ms
   ✓ capacity editing (ar) > edits a planned demand with If-Match; 422 resource_demand.not_planned is translated  658ms
 ✓ |unit-web| src/lib/lib.test.ts (24 tests) 76ms
 ✓ |unit-web| src/pages/gates/g1-agreements.test.tsx (10 tests) 8124ms
   ✓ G1 agreements step (en) > approving G1 needs the three labelled confirmations; then sends agreements with all three true  2316ms
   ✓ G1 agreements step (en) > a non-approve outcome on G1 sends no agreements (even after ticking them)  1128ms
   ✓ G1 agreements step (en) > approving another gate (G2) shows no confirmations and sends no agreements  508ms
   ✓ G1 agreements step (en) > the server's 422 gate.g1_agreements_required is the one form-level alert, with the missing confirmations  782ms
   ✓ G1 agreements step (en) > the server's 422 gate.agreements_not_applicable is translated as the one form-level alert  385ms
   ✓ G1 agreements step (ar) > approving G1 needs the three labelled confirmations; then sends agreements with all three true  562ms
   ✓ G1 agreements step (ar) > a non-approve outcome on G1 sends no agreements (even after ticking them)  576ms
   ✓ G1 agreements step (ar) > approving another gate (G2) shows no confirmations and sends no agreements  516ms
   ✓ G1 agreements step (ar) > the server's 422 gate.g1_agreements_required is the one form-level alert, with the missing confirmations  802ms
   ✓ G1 agreements step (ar) > the server's 422 gate.agreements_not_applicable is translated as the one form-level alert  547ms
 ✓ |unit-web| src/app/p3-seams.test.tsx (10 tests) 4336ms
   ✓ P3 routes > workspace tabs (en) > the workspace tabs include the P3 tabs, labelled from their own namespaces  1129ms
   ✓ P3 routes > workspace tabs (ar) > the workspace tabs include the P3 tabs, labelled from their own namespaces  627ms
   ✓ P3 navigation areas > en /initiatives-roadmaps leads into the Initiatives and Roadmaps tab of each transformation  756ms
   ✓ P3 navigation areas > ar /initiatives-roadmaps leads into the المبادرات وخرائط الطريق tab of each transformation  620ms
   ✓ P3 navigation areas > en /benefits-finance leads into the Benefits and Finance tab of each transformation  769ms
   ✓ P3 navigation areas > ar /benefits-finance leads into the المنافع والمالية tab of each transformation  389ms
 ✓ |unit-web| src/pages/roadmap/roadmap.test.tsx (14 tests) 9465ms
   ✓ roadmap (en) > shows the four source waves verbatim (English source also shown in Arabic) with overlapping horizons  895ms
   ✓ roadmap (en) > moving a milestone PATCHes the forecast with If-Match and the timeline, table and board all show the new date from one refetch  909ms
   ✓ roadmap (en) > a 409 on moving a milestone shows the conflict notice and reloads the roadmap  788ms
   ✓ roadmap (en) > re-approving a date requires a reason; then it is POSTed with If-Match  912ms
   ✓ roadmap (en) > deliverable acceptance sends the AcceptanceDecision with If-Match (no 'on behalf of' control)  1052ms
   ✓ roadmap (ar) > moving a milestone PATCHes the forecast with If-Match and the timeline, table and board all show the new date from one refetch  783ms
   ✓ roadmap (ar) > a 409 on moving a milestone shows the conflict notice and reloads the roadmap  834ms
   ✓ roadmap (ar) > re-approving a date requires a reason; then it is POSTed with If-Match  834ms
   ✓ roadmap (ar) > deliverable acceptance sends the AcceptanceDecision with If-Match (no 'on behalf of' control)  1198ms
   ✓ roadmap (ar) > the read-only auditor sees no write control  356ms
 ✓ |unit-web| src/pages/dependencies/dependencies.test.tsx (12 tests) 6821ms
   ✓ dependencies (en) > shows the seven T08 columns, an External source, the type label and the needed-by conflict flag  745ms
   ✓ dependencies (en) > a cycle is refused and shown as the translated message with the path INI-01 → INI-02 → INI-03 → INI-01  1342ms
   ✓ dependencies (en) > an External source is sent as {kind: external, label}  1042ms
   ✓ dependencies (en) > dependency types: system types are undeletable; an administrator may retire a custom type  542ms
   ✓ dependencies (en) > a system type's 422 dependency_type.system_undeletable is translated  505ms
   ✓ dependencies (ar) > shows the seven T08 columns, an External source, the type label and the needed-by conflict flag  349ms
   ✓ dependencies (ar) > a cycle is refused and shown as the translated message with the path INI-01 → INI-02 → INI-03 → INI-01  497ms
   ✓ dependencies (ar) > an External source is sent as {kind: external, label}  520ms
   ✓ dependencies (ar) > dependency types: system types are undeletable; an administrator may retire a custom type  514ms
   ✓ dependencies (ar) > a system type's 422 dependency_type.system_undeletable is translated  331ms
 ✓ |unit-web| src/pages/transformations/modeGuidance.test.tsx (5 tests) 2227ms
   ✓ New transformation: mode guidance (English LTR) > shows When to use and How for the selected mode and switches with the mode  867ms
   ✓ New transformation: mode guidance (English LTR) > Modular requires an entry phase before anything is sent  545ms
   ✓ New transformation: mode guidance (English LTR) > a server validation error on the entry phase is shown on that field  530ms
 ✓ |unit-web| src/components/LanguageSwitch.test.tsx (10 tests) 5211ms
   ✓ a refused language save, 'en' → other ('403 csrf') > keeps ar on screen and says, in ar, that it was not saved  1490ms
   ✓ a refused language save, 'ar' → other ('403 csrf') > keeps en on screen and says, in en, that it was not saved  744ms
   ✓ a refused language save, 'en' → other ('403 forbidden') > keeps ar on screen and says, in ar, that it was not saved  885ms
   ✓ a refused language save, 'ar' → other ('503') > keeps en on screen and says, in en, that it was not saved  575ms
   ✓ the live region and the persisted preference > a successful save never flips back to the previous language while the PUT is in flight  419ms
   ✓ the live region and the persisted preference > en: the notice is a warning banner below the header, not inside it  300ms
 ✓ |unit-web| src/i18n/glossary.test.ts (8 tests) 20ms
 ✓ |unit-web| src/i18n/i18n.test.ts (11 tests) 58ms
 ✓ |unit-web| src/pages/gates/inherited-approval.test.tsx (16 tests) 4094ms
   ✓ inherited-approval annotation (en) > Gates list: G1 pending_verification (counts false) is a badge next to 'Not submitted'  863ms
   ✓ inherited-approval annotation (en) > Gates list: G1 accepted (counts true) is a badge next to 'Not submitted'  355ms
   ✓ inherited-approval annotation (en) > gate view: an accepted inherited approval is a labelled row beside the 'Not submitted' status  438ms
 ✓ |unit-web| src/components/RecordForm.alerts.test.tsx (16 tests) 3583ms
   ✓ record form: one alert per distinct form error (en) > dialog > a 400 whose only field error has pointer "" says its message once, in one live region  708ms
 ✓ |unit-web| src/pages/readiness/readiness.test.tsx (4 tests) 1690ms
   ✓ Readiness (en) > lists the missing diagnostic areas by name, the gates and the translated sequencing blockers  855ms
   ✓ Readiness (en) > an accepted, verified inherited approval counts, and the gate itself still is not approved  361ms
 ✓ |unit-web| src/pages/roadmap/fe-e.test.tsx (8 tests) 6528ms
   ✓ wave editing (en) > edits planned dates (overlap accepted) with If-Match; the source text is read-only and never sent  1476ms
   ✓ wave editing (en) > 422 roadmap_wave.planned_range is inline at the planned end and translated  656ms
   ✓ wave editing (en) > adds a non-source wave with its bilingual texts (POST, Idempotency-Key)  1541ms
   ✓ wave editing (ar) > edits planned dates (overlap accepted) with If-Match; the source text is read-only and never sent  559ms
   ✓ wave editing (ar) > 422 roadmap_wave.planned_range is inline at the planned end and translated  461ms
   ✓ wave editing (ar) > adds a non-source wave with its bilingual texts (POST, Idempotency-Key)  1263ms
 ✓ |unit-web| src/test/react-warning-guard.test.tsx (4 tests) 37ms
 ✓ |unit-web| src/components/States.test.tsx (15 tests) 540ms
 ✓ |unit-web| src/styles/styles.test.ts (6 tests) 22ms
 ✓ |unit-web| src/pages/business-cases/problem-codes.test.ts (4 tests) 17ms
 ✓ |unit-web| src/test/harness-config.test.ts (2 tests) 13ms
 ✓ |unit-web| src/pages/capacity/capacity.test.tsx (6 tests) 2949ms
   ✓ capacity (en) > the role × month grid shows decimal FTE, the conflict with its shortfall, and Unknown capacity as Unknown (never 0)  551ms
   ✓ capacity (en) > committing a demand POSTs with If-Match; a 409 shows the conflict notice and reloads  857ms
   ✓ capacity (en) > the read-only auditor sees the grid and no commit or release control  460ms
   ✓ capacity (ar) > committing a demand POSTs with If-Match; a 409 shows the conflict notice and reloads  487ms
   ✓ capacity (ar) > the read-only auditor sees the grid and no commit or release control  346ms
 ✓ |unit-node| packages/shared/src/formula/formula.test.ts (140 tests) 214ms
 ✓ |unit-node| packages/shared/src/schemas/schemas.test.ts (69 tests) 410ms
 ✓ |unit-node| apps/api/src/modules/platform/media-types.test.ts (57 tests) 488ms
 ✓ |unit-node| packages/db/src/seed.test.ts (28 tests) 95ms
 ❯ |unit-node| apps/api/src/architecture.test.ts (137 tests | 1 failed) 15845ms
   ✓ API module boundaries (ADR-0002) > has only mapped module directories, and every P1/P2 module has a public index.ts 3ms
   ✓ API module boundaries (ADR-0002) > the P2 modules methodology and evidence each have their own test suite (p2-work-split §2) 1ms
   ✓ API module boundaries (ADR-0002) > the P3 module portfolio has its own test suite and exactly the ADR-0021 §1 dependencies (p3-work-split §2) 2ms
   ✓ API module boundaries (ADR-0002) > the P4 modules exist, each with its own test suite, and only governance imports workflows (p4-plan §2) 1ms
   ✓ API module boundaries (ADR-0002) > workflows reaches kpi and evidence (G1-G3 evaluators), and none of them reaches back (no cycle) 0ms
   ✓ API module boundaries (ADR-0002) > the six §16 business modules all exist, each with its own test suite (A12; D-048) 18ms
   × API module boundaries (ADR-0002) > every import respects dependsOn, public surfaces and allowed packages 10955ms
     → expected [ …(5) ] to deeply equal []
   ✓ API module boundaries (ADR-0002) > the declared module graph is acyclic, and audit/access depend on no business module 18ms
   ✓ the checker itself catches planted violations (self-check, incl. F-DG1-109, F-DG1-117, F-DG1-124) > A static deep import is a violation 2ms
   ✓ the checker itself catches planted violations (self-check, incl. F-DG1-109, F-DG1-117, F-DG1-124) > A2 type-only deep import is a violation 1ms
   ✓ the checker itself catches planted violations (self-check, incl. F-DG1-109, F-DG1-117, F-DG1-124) > B dynamic import, literal is a violation 4ms
   ✓ the checker itself catches planted violations (self-check, incl. F-DG1-109, F-DG1-117, F-DG1-124) > B2 dynamic import, template literal is a violation 1ms
   ✓ the checker itself catches planted violations (self-check, incl. F-DG1-109, F-DG1-117, F-DG1-124) > C re-export is a violation 16ms
   ✓ the checker itself catches planted violations (self-check, incl. F-DG1-109, F-DG1-117, F-DG1-124) > D createRequire is a violation 2ms
   ✓ the checker itself catches planted violations (self-check, incl. F-DG1-109, F-DG1-117, F-DG1-124) > D2 node:module itself is a violation 1ms
   ✓ the checker itself catches planted violations (self-check, incl. F-DG1-109, F-DG1-117, F-DG1-124) > D3 createRequire via namespace is a violation 38ms
   ✓ the checker itself catches planted violations (self-check, incl. F-DG1-109, F-DG1-117, F-DG1-124) > E computed import() is a violation 2ms
   ✓ the checker itself catches planted violations (self-check, incl. F-DG1-109, F-DG1-117, F-DG1-124) > E2 computed import() via variable is a violation 10ms
   ✓ the checker itself catches planted violations (self-check, incl. F-DG1-109, F-DG1-117, F-DG1-124) > F require literal is a violation 4ms
   ✓ the checker itself catches planted violations (self-check, incl. F-DG1-109, F-DG1-117, F-DG1-124) > F2 require computed is a violation 2ms
   ✓ the checker itself catches planted violations (self-check, incl. F-DG1-109, F-DG1-117, F-DG1-124) > G import-equals require is a violation 2ms
   ✓ the checker itself catches planted violations (self-check, incl. F-DG1-109, F-DG1-117, F-DG1-124) > H import type() is a violation 1ms
   ✓ the checker itself catches planted violations (self-check, incl. F-DG1-109, F-DG1-117, F-DG1-124) > I composition root is a violation 1ms
   ✓ the checker itself catches planted violations (self-check, incl. F-DG1-109, F-DG1-117, F-DG1-124) > J undeclared module (via its index) is a violation 1ms
   ✓ the checker itself catches planted violations (self-check, incl. F-DG1-109, F-DG1-117, F-DG1-124) > K unknown package is a violation 1ms
   ✓ the checker itself catches planted violations (self-check, incl. F-DG1-109, F-DG1-117, F-DG1-124) > L getBuiltinModule + computed member is a violation 2ms
   ✓ the checker itself catches planted violations (self-check, incl. F-DG1-109, F-DG1-117, F-DG1-124) > L2 computed member of process is a violation 1ms
   ✓ the checker itself catches planted violations (self-check, incl. F-DG1-109, F-DG1-117, F-DG1-124) > L3 loader name as a string key is a violation 4ms
   ✓ the checker itself catches planted violations (self-check, incl. F-DG1-109, F-DG1-117, F-DG1-124) > L4 process aliased is a violation 1ms
   ✓ the checker itself catches planted violations (self-check, incl. F-DG1-109, F-DG1-117, F-DG1-124) > L5 process destructured is a violation 1ms
   ✓ the checker itself catches planted violations (self-check, incl. F-DG1-109, F-DG1-117, F-DG1-124) > L6 computed member of globalThis is a violation 1ms
   ✓ the checker itself catches planted violations (self-check, incl. F-DG1-109, F-DG1-117, F-DG1-124) > L7 globalThis.process is a violation 1ms
   ✓ the checker itself catches planted violations (self-check, incl. F-DG1-109, F-DG1-117, F-DG1-124) > M new Function dynamic import is a violation 2ms
   ✓ the checker itself catches planted violations (self-check, incl. F-DG1-109, F-DG1-117, F-DG1-124) > M2 Function() call is a violation 3ms
   ✓ the checker itself catches planted violations (self-check, incl. F-DG1-109, F-DG1-117, F-DG1-124) > M3 Function aliased is a violation 2ms
   ✓ the checker itself catches planted violations (self-check, incl. F-DG1-109, F-DG1-117, F-DG1-124) > M4 globalThis.Function is a violation 1ms
   ✓ the checker itself catches planted violations (self-check, incl. F-DG1-109, F-DG1-117, F-DG1-124) > M5 eval is a violation 1ms
   ✓ the checker itself catches planted violations (self-check, incl. F-DG1-109, F-DG1-117, F-DG1-124) > M6 AsyncFunction via .constructor is a violation 1ms
   ✓ the checker itself catches planted violations (self-check, incl. F-DG1-109, F-DG1-117, F-DG1-124) > M7 ['constructor'] member is a violation 8ms
   ✓ the checker itself catches planted violations (self-check, incl. F-DG1-109, F-DG1-117, F-DG1-124) > N1 AsyncFunction via aliased .constructor is a violation 1ms
   ✓ the checker itself catches planted violations (self-check, incl. F-DG1-109, F-DG1-117, F-DG1-124) > N2 constructor destructured is a violation 3ms
   ✓ the checker itself catches planted violations (self-check, incl. F-DG1-109, F-DG1-117, F-DG1-124) > N3 Reflect.construct of .constructor is a violation 2ms
   ✓ the checker itself catches planted violations (self-check, incl. F-DG1-109, F-DG1-117, F-DG1-124) > N4 getPrototypeOf(...).constructor aliased is a violation 2ms
   ✓ the checker itself catches planted violations (self-check, incl. F-DG1-109, F-DG1-117, F-DG1-124) > N5 generator constructor, shorthand destructuring is a violation 4ms
   ✓ the checker itself catches planted violations (self-check, incl. F-DG1-109, F-DG1-117, F-DG1-124) > N6 destructuring assignment with a string key is a violation 2ms
   ✓ the checker itself catches planted violations (self-check, incl. F-DG1-109, F-DG1-117, F-DG1-124) > N7 computed constructor key in a binding pattern is a violation 1ms
   ✓ the checker itself catches planted violations (self-check, incl. F-DG1-109, F-DG1-117, F-DG1-124) > N8 constructor key as a string value is a violation 1ms
   ✓ the checker itself catches planted violations (self-check, incl. F-DG1-109, F-DG1-117, F-DG1-124) > M8 node:vm is a violation 1ms
   ✓ the checker itself catches planted violations (self-check, incl. F-DG1-109, F-DG1-117, F-DG1-124) > M9 worker_threads is a violation 1ms
   ✓ the checker itself catches planted violations (self-check, incl. F-DG1-109, F-DG1-117, F-DG1-124) > P1 constructed key f["constr" + "uctor"] is a violation (round-4 lint: 'missed') 2ms
   ✓ the checker itself catches planted violations (self-check, incl. F-DG1-109, F-DG1-117, F-DG1-124) > P2 Reflect.get(fn, "constructor") is a violation (round-4 lint: 'caught') 2ms
   ✓ the checker itself catches planted violations (self-check, incl. F-DG1-109, F-DG1-117, F-DG1-124) > P3 Reflect.get with a constructed key is a violation (round-4 lint: 'missed') 2ms
   ✓ the checker itself catches planted violations (self-check, incl. F-DG1-109, F-DG1-117, F-DG1-124) > P4 constructed key held in a variable is a violation (round-4 lint: 'missed') 2ms
   ✓ the checker itself catches planted violations (self-check, incl. F-DG1-109, F-DG1-117, F-DG1-124) > P5 template-literal key is a violation (round-4 lint: 'missed') 2ms
   ✓ the checker itself catches planted violations (self-check, incl. F-DG1-109, F-DG1-117, F-DG1-124) > P6 optional-chain constructed key is a violation (round-4 lint: 'missed') 2ms
   ✓ the checker itself catches planted violations (self-check, incl. F-DG1-109, F-DG1-117, F-DG1-124) > P7 constructed key in a destructuring pattern is a violation (round-4 lint: 'missed') 5ms
   ✓ the checker itself catches planted violations (self-check, incl. F-DG1-109, F-DG1-117, F-DG1-124) > P8 descriptors: the constructor without its name is a violation (round-4 lint: 'missed') 2ms
   ✓ the checker itself catches planted violations (self-check, incl. F-DG1-109, F-DG1-117, F-DG1-124) > P9 own property names, then a variable key is a violation (round-4 lint: 'missed') 2ms
   ✓ the checker itself catches planted violations (self-check, incl. F-DG1-109, F-DG1-117, F-DG1-124) > P10 __proto__ is a violation (round-4 lint: 'missed') 2ms
   ✓ the checker itself catches planted violations (self-check, incl. F-DG1-109, F-DG1-117, F-DG1-124) > P11 loader name as a string handed to a helper is a violation (round-4 lint: 'missed') 2ms
   ✓ the checker itself catches planted violations (self-check, incl. F-DG1-109, F-DG1-117, F-DG1-124) > P12 process.binding is a violation (round-4 lint: 'missed') 2ms
   ✓ the checker itself catches planted violations (self-check, incl. F-DG1-109, F-DG1-117, F-DG1-124) > P13 node:inspector (in-process evaluation) is a violation (round-4 lint: 'missed') 1ms
   ✓ the checker itself catches planted violations (self-check, incl. F-DG1-109, F-DG1-117, F-DG1-124) > P14 node:child_process is a violation (round-4 lint: 'missed') 1ms
   ✓ the checker itself catches planted violations (self-check, incl. F-DG1-109, F-DG1-117, F-DG1-124) > P15 look-alike member o.eval (was an allowed form) is a violation (round-4 lint: 'missed') 2ms
   ✓ the checker itself catches planted violations (self-check, incl. F-DG1-109, F-DG1-117, F-DG1-124) > P16 constructor as an object key, fed to a keyed reader (was an allowed form) is a violation (round-4 lint: 'missed') 2ms
   ✓ the checker itself catches planted violations (self-check, incl. F-DG1-109, F-DG1-117, F-DG1-124) > P20 a syntax error fails closed (parser recovery hid P4's key) is a violation (round-4 lint: 'missed') 3ms
   ✓ the checker itself catches planted violations (self-check, incl. F-DG1-109, F-DG1-117, F-DG1-124) > X6 node:process default import .dlopen is a violation (round-4 lint: 'missed') 2ms
   ✓ the checker itself catches planted violations (self-check, incl. F-DG1-109, F-DG1-117, F-DG1-124) > X7 node:process default import .binding is a violation (round-4 lint: 'missed') 2ms
   ✓ the checker itself catches planted violations (self-check, incl. F-DG1-109, F-DG1-117, F-DG1-124) > X8 node:process named import dlopen is a violation (round-4 lint: 'missed') 2ms
   ✓ the checker itself catches planted violations (self-check, incl. F-DG1-109, F-DG1-117, F-DG1-124) > A1 node:sqlite loadExtension is a violation (round-4 lint: 'missed') 5ms
   ✓ the checker itself catches planted violations (self-check, incl. F-DG1-109, F-DG1-117, F-DG1-124) > R1 node:test in-process run is a violation (round-4 lint: 'missed') 7ms
   ✓ the checker itself catches planted violations (self-check, incl. F-DG1-109, F-DG1-117, F-DG1-124) > R2 process.execve is a violation (round-4 lint: 'missed') 2ms
   ✓ the checker itself catches planted violations (self-check, incl. F-DG1-109, F-DG1-117, F-DG1-124) > P17 module.constructor is a violation (round-4 lint: 'caught') 1ms
   ✓ the checker itself catches planted violations (self-check, incl. F-DG1-109, F-DG1-117, F-DG1-124) > P18 aliased AsyncFunction constructor (F-DG1-121 N1) is a violation (round-4 lint: 'caught') 5ms
   ✓ the checker itself catches planted violations (self-check, incl. F-DG1-109, F-DG1-117, F-DG1-124) > P19 new Function (F-DG1-117 M) is a violation (round-4 lint: 'caught') 1ms
   ✓ the checker itself catches planted violations (self-check, incl. F-DG1-109, F-DG1-117, F-DG1-124) > S1 crypto.setEngine (named import) is a violation (round-9 lint: 'missed') 5ms
   ✓ the checker itself catches planted violations (self-check, incl. F-DG1-109, F-DG1-117, F-DG1-124) > S2 crypto.setEngine (namespace import) is a violation (round-9 lint: 'missed') 23ms
   ✓ the checker itself catches planted violations (self-check, incl. F-DG1-109, F-DG1-117, F-DG1-124) > S3 crypto["setEngine"] (string key) is a violation (round-9 lint: 'missed') 2ms
   ✓ the checker itself catches planted violations (self-check, incl. F-DG1-109, F-DG1-117, F-DG1-124) > DD1 process.kill(self, SIGUSR1) starts the inspector (F-DG1-129 N1) is a violation (default-deny; round-8 lint: 'missed') 2ms
   ✓ the checker itself catches planted violations (self-check, incl. F-DG1-109, F-DG1-117, F-DG1-124) > DD2 process._debugProcess(self) (F-DG1-129 N2 / F-DG1-213 D2) is a violation (default-deny; round-8 lint: 'missed') 1ms
   ✓ the checker itself catches planted violations (self-check, incl. F-DG1-109, F-DG1-117, F-DG1-124) > DD3 process._kill is a violation (default-deny; round-8 lint: 'missed') 7ms
   ✓ the checker itself catches planted violations (self-check, incl. F-DG1-109, F-DG1-117, F-DG1-124) > DD4 F-DG1-213 D1 full route as module source is a violation (default-deny; round-8 lint: 'missed') 4ms
   ✓ the checker itself catches planted violations (self-check, incl. F-DG1-109, F-DG1-117, F-DG1-124) > DD5 process.execve is a violation (default-deny; round-8 lint: 'caught') 1ms
   ✓ the checker itself catches planted violations (self-check, incl. F-DG1-109, F-DG1-117, F-DG1-124) > DD6 process.binding is a violation (default-deny; round-8 lint: 'caught') 1ms
   ✓ the checker itself catches planted violations (self-check, incl. F-DG1-109, F-DG1-117, F-DG1-124) > DD7 process.dlopen is a violation (default-deny; round-8 lint: 'caught') 2ms
   ✓ the checker itself catches planted violations (self-check, incl. F-DG1-109, F-DG1-117, F-DG1-124) > DD8 process.abort is a violation (default-deny; round-8 lint: 'missed') 1ms
   ✓ the checker itself catches planted violations (self-check, incl. F-DG1-109, F-DG1-117, F-DG1-124) > DD9 optional-chained process?.kill is a violation (default-deny; round-8 lint: 'missed') 2ms
   ✓ the checker itself catches planted violations (self-check, incl. F-DG1-109, F-DG1-117, F-DG1-124) > DD10 node:inspector is a violation (default-deny; round-8 lint: 'caught') 1ms
   ✓ the checker itself catches planted violations (self-check, incl. F-DG1-109, F-DG1-117, F-DG1-124) > DD11 node:inspector/promises is a violation (default-deny; round-8 lint: 'caught') 1ms
   ✓ the checker itself catches planted violations (self-check, incl. F-DG1-109, F-DG1-117, F-DG1-124) > DD12 node:sqlite is a violation (default-deny; round-8 lint: 'caught') 1ms
   ✓ the checker itself catches planted violations (self-check, incl. F-DG1-109, F-DG1-117, F-DG1-124) > DD13 node:test is a violation (default-deny; round-8 lint: 'caught') 1ms
   ✓ the checker itself catches planted violations (self-check, incl. F-DG1-109, F-DG1-117, F-DG1-124) > DD14 node:vm is a violation (default-deny; round-8 lint: 'caught') 1ms
   ✓ the checker itself catches planted violations (self-check, incl. F-DG1-109, F-DG1-117, F-DG1-124) > DD15 node:worker_threads is a violation (default-deny; round-8 lint: 'caught') 1ms
   ✓ the checker itself catches planted violations (self-check, incl. F-DG1-109, F-DG1-117, F-DG1-124) > DD16 node:wasi is a violation (default-deny; round-8 lint: 'missed') 1ms
   ✓ the checker itself catches planted violations (self-check, incl. F-DG1-109, F-DG1-117, F-DG1-124) > DD17 node:v8 is a violation (default-deny; round-8 lint: 'missed') 1ms
   ✓ the checker itself catches planted violations (self-check, incl. F-DG1-109, F-DG1-117, F-DG1-124) > DD18 node:http is a violation (default-deny; round-8 lint: 'missed') 1ms
   ✓ the checker itself catches planted violations (self-check, incl. F-DG1-109, F-DG1-117, F-DG1-124) > DD19 node:net is a violation (default-deny; round-8 lint: 'missed') 1ms
   ✓ the checker itself catches planted violations (self-check, incl. F-DG1-109, F-DG1-117, F-DG1-124) > DD20 a built-in a later Node version might add is a violation (default-deny; round-8 lint: 'missed') 1ms
   ✓ the checker itself catches planted violations (self-check, incl. F-DG1-109, F-DG1-117, F-DG1-124) > default-deny keeps the allow-listed built-ins and process members clean (D-055 positive controls) 3ms
   ✓ the checker itself catches planted violations (self-check, incl. F-DG1-109, F-DG1-117, F-DG1-124) > F-DG1-132/133 rule 5: E1 Object.values(ns).find by fn.name is a violation (round-11 lint: 'missed') 2ms
   ✓ the checker itself catches planted violations (self-check, incl. F-DG1-109, F-DG1-117, F-DG1-124) > F-DG1-132/133 rule 5: E2 new Map(Object.entries(ns)).get(built key) is a violation (round-11 lint: 'missed') 2ms
   ✓ the checker itself catches planted violations (self-check, incl. F-DG1-109, F-DG1-117, F-DG1-124) > F-DG1-132/133 rule 5: E3 Object.entries(ns).find by regex over keys is a violation (round-11 lint: 'missed') 11ms
   ✓ the checker itself catches planted violations (self-check, incl. F-DG1-109, F-DG1-117, F-DG1-124) > F-DG1-132/133 rule 5: E4 for-of over Object.entries(default binding) is a violation (round-11 lint: 'missed') 1ms
   ✓ the checker itself catches planted violations (self-check, incl. F-DG1-109, F-DG1-117, F-DG1-124) > F-DG1-132/133 rule 5: E5 dynamic import() then enumerate is a violation (round-11 lint: 'missed') 1ms
   ✓ the checker itself catches planted violations (self-check, incl. F-DG1-109, F-DG1-117, F-DG1-124) > F-DG1-132/133 rule 5: N1 namespace import is a violation (round-11 lint: 'missed') 1ms
   ✓ the checker itself catches planted violations (self-check, incl. F-DG1-109, F-DG1-117, F-DG1-124) > F-DG1-132/133 rule 5: N2 default import is a violation (round-11 lint: 'missed') 1ms
   ✓ the checker itself catches planted violations (self-check, incl. F-DG1-109, F-DG1-117, F-DG1-124) > F-DG1-132/133 rule 5: N3 default + named import is a violation (round-11 lint: 'missed') 5ms
   ✓ the checker itself catches planted violations (self-check, incl. F-DG1-109, F-DG1-117, F-DG1-124) > F-DG1-132/133 rule 5: N4 named default import is a violation (round-11 lint: 'missed') 1ms
   ✓ the checker itself catches planted violations (self-check, incl. F-DG1-109, F-DG1-117, F-DG1-124) > F-DG1-132/133 rule 5: N5 export star is a violation (round-11 lint: 'missed') 1ms
   ✓ the checker itself catches planted violations (self-check, incl. F-DG1-109, F-DG1-117, F-DG1-124) > F-DG1-132/133 rule 5: N6 export star as is a violation (round-11 lint: 'missed') 12ms
   ✓ the checker itself catches planted violations (self-check, incl. F-DG1-109, F-DG1-117, F-DG1-124) > F-DG1-132/133 rule 5: N7 re-export default is a violation (round-11 lint: 'missed') 15ms
   ✓ the checker itself catches planted violations (self-check, incl. F-DG1-109, F-DG1-117, F-DG1-124) > F-DG1-132/133 rule 5: N8 import-equals require is a violation (round-11 lint: 'missed') 1ms
   ✓ the checker itself catches planted violations (self-check, incl. F-DG1-109, F-DG1-117, F-DG1-124) > F-DG1-132/133 rule 5: N9 dynamic import() literal is a violation (round-11 lint: 'missed') 1ms
   ✓ the checker itself catches planted violations (self-check, incl. F-DG1-109, F-DG1-117, F-DG1-124) > F-DG1-132/133 rule 5: N10 require() literal is a violation (round-11 lint: 'caught') 11ms
   ✓ the checker itself catches planted violations (self-check, incl. F-DG1-109, F-DG1-117, F-DG1-124) > F-DG1-130/132: named node:crypto imports and their members stay allowed (positive control) 8ms
   ✓ the checker itself catches planted violations (self-check, incl. F-DG1-109, F-DG1-117, F-DG1-124) > F-DG1-133: enumerating a PLAIN object stays allowed (identity/routes.ts, access/rules.ts idiom) 2ms
   ✓ the checker itself catches planted violations (self-check, incl. F-DG1-109, F-DG1-117, F-DG1-124) > rule 5 applies only to node:crypto: namespace/default imports of other allow-listed built-ins stay allowed 9ms
   ✓ the checker itself catches planted violations (self-check, incl. F-DG1-109, F-DG1-117, F-DG1-124) > allowed forms stay clean (public index of a declared dependency, shared packages, own files) 17ms
   ✓ the checker itself catches planted violations (self-check, incl. F-DG1-109, F-DG1-117, F-DG1-124) > a module's own test may read the module map and the lint, but its runtime files may not 19ms
   ✓ the checker itself catches planted violations (self-check, incl. F-DG1-109, F-DG1-117, F-DG1-124) > a scaffold may not reach a business module it does not declare (reporting -> workflows) 2ms
   ✓ the checker itself catches planted violations (self-check, incl. F-DG1-109, F-DG1-117, F-DG1-124) > F-DG1-134: walk() collects every buildable JS/TS file (.[cm]?[jt]sx?), incl. nested ones, and no other file 17ms
   ✓ the checker itself catches planted violations (self-check, incl. F-DG1-109, F-DG1-117, F-DG1-124) > F-DG1-134: a planted non-.ts module file (zz-planted.mts etc.) is linted like a .ts one, end to end 108ms
   ✓ the checker itself catches planted violations (self-check, incl. F-DG1-109, F-DG1-117, F-DG1-124) > F-DG1-134: zz-planted.mts via fileViolations yields the rule-5 and deep-import violations 9ms
   ✓ the checker itself catches planted violations (self-check, incl. F-DG1-109, F-DG1-117, F-DG1-124) > F-DG1-134: JSX in a .tsx/.jsx module file is parsed as JSX, so its imports are still seen and not mis-parsed 15ms
   ✓ the checker itself catches planted violations (self-check, incl. F-DG1-109, F-DG1-117, F-DG1-124) > F-DG1-135: only *.test.ts/*.test.tsx (build-excluded) get the test allowance; *.test.mts etc. get full rules 28ms
   ✓ the checker itself catches planted violations (self-check, incl. F-DG1-109, F-DG1-117, F-DG1-124) > F-DG1-135: zz.test.mts importing ../../modules.ts or vitest is a violation; zz.test.ts doing so is allowed 38ms
   ✓ the checker itself catches planted violations (self-check, incl. F-DG1-109, F-DG1-117, F-DG1-124) > F-DG1-143: test-only packages (ajv, ajv-formats, yaml) are violations in module source, allowed only in *.test.ts 96ms
   ✓ the checker itself catches planted violations (self-check, incl. F-DG1-109, F-DG1-117, F-DG1-124) > F-DG1-217: a module declaration file (.d.ts/.d.mts/.d.cts) is linted without throwing, imports still checked 41ms
   ✓ the checker itself catches planted violations (self-check, incl. F-DG1-109, F-DG1-117, F-DG1-124) > F-DG1-137/F-DG1-218: an arbitrary-extension declaration file (*.d.<ext>.ts) is linted without throwing 40ms
   ✓ the checker itself catches planted violations (self-check, incl. F-DG1-109, F-DG1-117, F-DG1-124) > F-DG1-137/F-DG1-218: a planted styles.d.css.ts in a module directory is walked and linted end to end 4ms
   ✓ the checker itself catches planted violations (self-check, incl. F-DG1-109, F-DG1-117, F-DG1-124) > F-DG1-217: a planted .d.ts in a module directory is walked and linted end to end without throwing 2ms
   ✓ the checker itself catches planted violations (self-check, incl. F-DG1-109, F-DG1-117, F-DG1-124) > scanSource reports what it saw (paths resolve relative to the planted file) 4ms
   ✓ package dependency direction (ADR-0002 rule 5) > packages/db imports only @mth/config and @mth/shared 281ms
   ✓ package dependency direction (ADR-0002 rule 5) > packages/config imports only @mth/shared 14ms
   ✓ package dependency direction (ADR-0002 rule 5) > packages/shared imports no workspace package  1074ms
   ✓ package dependency direction (ADR-0002 rule 5) > apps/web never imports @mth/db or @mth/config (browser bundle, no secrets)  2456ms
   ✓ package dependency direction (ADR-0002 rule 5) > apps/worker imports no API code 126ms
 ✓ |unit-node| packages/shared/src/value.test.ts (29 tests) 341ms
 ✓ |unit-node| packages/shared/src/formula/fuzz.test.ts (111 tests) 15214ms
   ✓ fuzz: no uncaught exception, no code execution > 10 000 random byte strings (0–255, up to 80 bytes)  3112ms
   ✓ fuzz: no uncaught exception, no code execution > 10 000 random UTF-16 strings including astral code points and lone surrogates  2996ms
   ✓ fuzz: no uncaught exception, no code execution > 20 000 random strings over the grammar alphabet reach parser, type checker and evaluator  6046ms
   ✓ source scan: no dynamic code in packages/shared/src/formula (ADR-0024 §6) > every file of the engine's import closure gets the engine-source lint rules (eslint.config.js)  2135ms
   ✓ source scan: no dynamic code in packages/shared/src/formula (ADR-0024 §6) > ESLint refuses the round-5 handler forms (G1, G2, A1, A2), F1 and every lintable probe-table row in an engine source  862ms
 ✓ |unit-node| apps/api/src/modules/kpi/totals.test.ts (20 tests) 84ms
 ✓ |unit-node| apps/api/src/modules/kpi/rules.test.ts (30 tests) 69ms
 ✓ |unit-node| packages/shared/src/kpi/rag.test.ts (38 tests) 81ms
 ✓ |unit-node| packages/shared/src/scoring.test.ts (36 tests) 1427ms
   ✓ property: all 5^5 integer score combinations under v1 equal an independent BigInt rational computation > stored value, 2-digit display and 0–100 view all match for 3125 combinations  1316ms
 ✓ |unit-node| apps/api/src/modules/workflows/workflows.test.ts (14 tests) 2468ms
   ✓ workflows module (P2) > its declared boundary holds, and an undeclared dependency would be caught  2361ms
 ✓ |unit-node| packages/shared/src/kpi/a05.test.ts (17 tests) 74ms
 ✓ |unit-node| apps/api/src/modules/benefits/register-rules.test.ts (45 tests) 181ms
 ✓ |unit-node| packages/shared/src/kpi/property.test.ts (11 tests) 2316ms
   ✓ trajectory > linear expected values lie between the neighbouring points; step values are point values  387ms
   ✓ storage rounding > rounds once half-up: |stored − exact| ≤ 0.0000005 and the record is honest  513ms
 ✓ |unit-node| apps/api/src/modules/benefits/d2-rules.test.ts (15 tests) 20ms
 ✓ |unit-node| packages/shared/src/kpi/formula-binding.test.ts (26 tests) 50ms
 ✓ |unit-node| packages/shared/src/kpi/status.test.ts (25 tests) 13ms
 ✓ |unit-node| apps/api/src/modules/platform/platform.test.ts (19 tests) 229ms
 ✓ |unit-node| packages/shared/src/kpi/periods.test.ts (26 tests) 28ms
 ✓ |unit-node| apps/api/src/modules/kpi/formulas.test.ts (10 tests) 51ms
 ✓ |unit-node| packages/shared/src/time/working-days.test.ts (19 tests) 87ms
 ✓ |unit-node| apps/api/src/modules/evidence/evidence.test.ts (13 tests) 745ms
   ✓ evidence module (P2) > its declared boundary holds  625ms
 ✓ |unit-node| apps/api/src/modules/portfolio/schedule.test.ts (14 tests) 12ms
 ✓ |unit-node| packages/shared/src/kpi/aggregate.test.ts (20 tests) 33ms
 ✓ |unit-node| apps/api/src/modules/kpi/kpi.test.ts (38 tests) 3296ms
   ✓ kpi module (P2) > its declared boundary holds, and a planted bypass or undeclared dependency would be caught  2924ms
 ✓ |unit-node| apps/api/src/modules/access/rules.test.ts (12 tests) 38ms
 ✓ |unit-node| apps/api/src/modules/kpi/kbe-c.test.ts (9 tests) 25ms
 ✓ |unit-node| apps/api/src/modules/workflows/g4.test.ts (5 tests) 15ms
 ✓ |unit-node| apps/api/src/request-encoding.test.ts (11 tests) 120ms
 ✓ |unit-node| packages/shared/src/schedule/critical-path.test.ts (13 tests) 13ms
 ✓ |unit-node| apps/api/src/modules/kpi/p3-gate-facts.test.ts (9 tests) 31ms
 ✓ |unit-node| apps/api/src/modules/platform/incomplete-body.test.ts (10 tests) 96ms
 ✓ |unit-node| apps/api/src/modules/platform/db-errors.test.ts (7 tests) 8ms
 ✓ |unit-node| packages/config/src/load.test.ts (17 tests) 108ms
 ✓ |unit-node| apps/api/src/modules/raid/raid.test.ts (7 tests) 170ms
 ✓ |unit-node| packages/shared/src/kpi/change.test.ts (22 tests) 52ms
 ✓ |unit-node| apps/api/src/modules/portfolio/sequencing.test.ts (9 tests) 39ms
 ✓ |unit-node| packages/design-tokens/src/tokens.test.ts (15 tests) 115ms
 ✓ |unit-node| packages/shared/src/kpi/types.test.ts (40 tests) 19ms
 ✓ |unit-node| packages/shared/src/kpi/measures.test.ts (30 tests) 47ms
 ✓ |unit-node| apps/api/src/modules/portfolio/budget.test.ts (13 tests) 32ms
 ✓ |unit-node| apps/api/src/modules/platform/db-errors-p4.test.ts (5 tests) 10ms
 ✓ |unit-node| packages/shared/src/kpi/trajectory.test.ts (14 tests) 29ms
 ✓ |unit-node| apps/api/src/server.test.ts (6 tests) 1291ms
   ✓ route registration > declares access on every /api route and on the health endpoints  620ms
   ✓ route registration > registers dev login only in AUTH_MODE=dev; production configuration refuses dev mode entirely  460ms
 ✓ |unit-node| apps/api/src/modules/transformations/good-outcome.test.ts (7 tests) 15ms
(node:1726) [FSTDEP022] FastifyWarning: The router options for constraints property access is deprecated. Please use "options.routerOptions" instead for accessing router options. The router options will be removed in `fastify@6`.
(Use `node --trace-warnings ...` to show where the warning was created)
 ✓ |unit-node| apps/api/src/modules/platform/framework-errors.test.ts (6 tests) 39ms
 ✓ |unit-node| apps/api/src/modules/platform/connection-hygiene.test.ts (6 tests) 74ms
 ✓ |unit-node| packages/shared/src/schedule/working-day-slip.test.ts (11 tests) 148ms
 ✓ |unit-node| apps/api/src/modules/platform/advisory-locks.test.ts (3 tests) 43ms
 ✓ |unit-node| apps/api/src/modules/tasks/tasks.test.ts (5 tests) 67ms
 ✓ |unit-node| packages/shared/src/schemas/roadmap.test.ts (6 tests) 15ms
 ✓ |unit-node| apps/api/src/modules/platform/request-encoding.test.ts (7 tests) 23ms
 ✓ |unit-node| apps/api/src/modules/admin/branding.test.ts (4 tests) 232ms
 ✓ |unit-node| apps/api/src/modules/reporting/reporting.test.ts (4 tests) 267ms
 ✓ |unit-node| apps/api/src/modules/platform/in-flight.test.ts (4 tests) 394ms
 ✓ |unit-node| apps/api/src/modules/portfolio/readiness-transform.test.ts (4 tests) 8ms
 ✓ |unit-node| packages/shared/src/kpi/purity.test.ts (14 tests) 127ms
 ✓ |unit-node| apps/api/src/modules/transformations/thesis.test.ts (4 tests) 25ms
 ✓ |unit-node| apps/api/src/modules/methodology/methodology.test.ts (4 tests) 643ms
   ✓ methodology module (P2) > its declared boundary holds, and an undeclared dependency would be caught  574ms
 ✓ |unit-node| apps/api/src/modules/workflows/t08-cycle-problem.test.ts (2 tests) 4ms
 ✓ |unit-node| apps/api/src/modules/identity/oidc-claims.test.ts (5 tests) 5ms
 ✓ |unit-node| apps/api/src/modules/platform/health.test.ts (2 tests) 40ms
 ✓ |unit-node| apps/api/src/modules/sustainment/sustainment.test.ts (2 tests) 16ms
 ✓ |unit-node| apps/api/src/modules/portfolio/capacity.test.ts (4 tests) 14ms
 ✓ |unit-node| apps/api/src/modules/governance/raci.test.ts (2 tests) 3ms
 ✓ |unit-node| apps/api/src/modules/transformations/exclusions.test.ts (19 tests) 23ms
 ✓ |unit-node| apps/api/src/modules/governance/governance.test.ts (2 tests) 24ms
 ✓ |unit-node| apps/api/src/modules/adoption/adoption.test.ts (2 tests) 50ms
 ✓ |unit-node| apps/api/src/modules/benefits/benefits.test.ts (2 tests) 72ms
 ✓ |unit-node| apps/api/src/modules/transformations/transitions.test.ts (2 tests) 4ms

⎯⎯⎯⎯⎯⎯⎯ Failed Tests 1 ⎯⎯⎯⎯⎯⎯⎯

 FAIL  |unit-node| apps/api/src/architecture.test.ts > API module boundaries (ADR-0002) > every import respects dependsOn, public surfaces and allowed packages
AssertionError: expected [ …(5) ] to deeply equal []

[32m- Expected[39m
[31m+ Received[39m

[32m- [][39m
[31m+ [[39m
[31m+   "modules/portfolio/budget.test.ts: computed property name with a non-literal key (line 101) bypasses the module-interface check",[39m
[31m+   "modules/portfolio/budget.test.ts: imports ../platform/db-errors.ts; only platform/index.ts is public",[39m
[31m+   "modules/portfolio/budget.ts: computed member with a non-literal key (line 150) bypasses the module-interface check",[39m
[31m+   "modules/portfolio/budget.ts: computed member with a non-literal key (line 151) bypasses the module-interface check",[39m
[31m+   "modules/portfolio/budget.ts: computed member with a non-literal key (line 169) bypasses the module-interface check",[39m
[31m+ ][39m

 ❯ apps/api/src/architecture.test.ts:162:79
    160|     "every import respects dependsOn, public surfaces and allowed pack…
    161|     () => {
    162|       expect((moduleDirs as ApiModule[]).flatMap((m) => moduleViolatio…
       |                                                                               ^
    163|     },
    164|     AST_TEST_TIMEOUT_MS,

⎯⎯⎯⎯⎯⎯⎯⎯⎯⎯⎯⎯⎯⎯⎯⎯⎯⎯⎯⎯⎯⎯⎯⎯[1/1]⎯


 Test Files  1 failed | 108 passed (109)
      Tests  1 failed | 2124 passed (2125)
   Start at  08:49:55
   Duration  222.17s (transform 13.83s, setup 10.19s, collect 171.65s, tests 367.34s, environment 43.40s, prepare 18.86s)

 ELIFECYCLE  Test failed. See above for more details.
EXIT=1
