port-policy: PostgreSQL listening on port 25300 (attempt 1)
qa disposable cluster: PostgreSQL 16.13 (Ubuntu 16.13-0ubuntu0.24.04.1) on x86_64-pc-linux-gnu, compiled by gcc (Ubuntu 13.3.0-6ubuntu2~24.04.1) 13.3.0, 64-bit; server_encoding UTF8, lc_collate C, lc_ctype C

 RUN  v3.2.4 /home/user/wt/dg4-be-r3

[integration] PostgreSQL 16.13 (Ubuntu 16.13-0ubuntu0.24.04.1); database mth_test_mv1ub1dl_8997eb2c (server_encoding UTF8); applied 60 migrations to a fresh database
 ✓ |integration| apps/api/test/integration/contract/contract.test.ts (45 tests) 57196ms
   ✓ every operation, validated against the contract and the zod mirrors > auth + me  525ms
   ✓ every operation, validated against the contract and the zod mirrors > organizations and business units  347ms
   ✓ every operation, validated against the contract and the zod mirrors > users, roles, permissions and assignments  349ms
   ✓ every operation, validated against the contract and the zod mirrors > kpi module operations (P2; kpi-exercises.ts, owned by kpi-benefits-engineer)  1383ms
   ✓ every operation, validated against the contract and the zod mirrors > P2 backend operations (p2-exercises.ts): every routed operation exercised with a success  5036ms
   ✓ every operation, validated against the contract and the zod mirrors > P3 BE-A operations (p3-exercises-be-a.ts): readiness, outcome hierarchy, gate dispensations  386ms
   ✓ every operation, validated against the contract and the zod mirrors > P3 BE-B operations (p3-exercises-be-b.ts)  1763ms
   ✓ every operation, validated against the contract and the zod mirrors > P3 BE-C operations (p3-exercises-be-c.ts)  683ms
   ✓ every operation, validated against the contract and the zod mirrors > P3 BE-D operations (p3-exercises-be-d.ts)  1163ms
   ✓ every operation, validated against the contract and the zod mirrors > P3 BE-E operations (p3-exercises-be-e.ts)  631ms
   ✓ every operation, validated against the contract and the zod mirrors > P3 KBE-B operations (p3-exercises-kbe-b.ts)  471ms
   ✓ every operation, validated against the contract and the zod mirrors > P3 KBE-C operations (p3-exercises-kbe-c.ts)  560ms
   ✓ every operation, validated against the contract and the zod mirrors > P4 BE-A operations (p4-exercises-be-a.ts)  343ms
   ✓ every operation, validated against the contract and the zod mirrors > P4 BE-B operations (p4-exercises-be-b.ts)  1145ms
   ✓ every operation, validated against the contract and the zod mirrors > P4 BE-C operations (p4-exercises-be-c.ts)  805ms
   ✓ every operation, validated against the contract and the zod mirrors > P4 BE-D operations (p4-exercises-be-d.ts)  1221ms
   ✓ every operation, validated against the contract and the zod mirrors > P4 BE-E operations (p4-exercises-be-e.ts)  774ms
   ✓ every operation, validated against the contract and the zod mirrors > P4 BE-F operations (p4-exercises-be-f.ts)  1928ms
   ✓ every operation, validated against the contract and the zod mirrors > P4 BE-G operations (p4-exercises-be-g.ts)  696ms
   ✓ every operation, validated against the contract and the zod mirrors > P4 BE-H operations (p4-exercises-be-h.ts)  845ms
   ✓ every operation, validated against the contract and the zod mirrors > P4 BE-I operations (p4-exercises-be-i.ts)  2345ms
   ✓ every operation, validated against the contract and the zod mirrors > P4 BE-J operations (p4-exercises-be-j.ts)  665ms
   ✓ every operation, validated against the contract and the zod mirrors > P4 BE-K operations (p4-exercises-be-k.ts)  1533ms
   ✓ every operation, validated against the contract and the zod mirrors > P4 BE-L operations (p4-exercises-be-l.ts)  1466ms
   ✓ every operation, validated against the contract and the zod mirrors > P4 BE-M operations (p4-exercises-be-m.ts)  2377ms
   ✓ every operation, validated against the contract and the zod mirrors > P4 KBE-B operations (p4-exercises-kbe-b.ts)  703ms
   ✓ every operation, validated against the contract and the zod mirrors > P4 KBE-C operations (p4-exercises-kbe-c.ts)  1607ms
   ✓ every operation, validated against the contract and the zod mirrors > P4 KBE-D operations (p4-exercises-kbe-d.ts)  598ms
   ✓ every operation, validated against the contract and the zod mirrors > P4 KBE-D2 operations (p4-exercises-kbe-d2.ts)  714ms
   ✓ every operation, validated against the contract and the zod mirrors > P4 KBE-E operations (p4-exercises-kbe-e.ts)  1494ms
   ✓ every operation, validated against the contract and the zod mirrors > P4 KBE-F operations (p4-exercises-kbe-f.ts)  554ms
   ✓ every operation, validated against the contract and the zod mirrors > P4 KBE-G operations (p4-exercises-kbe-g.ts)  641ms
   ✓ every operation, validated against the contract and the zod mirrors > every GET operation with a path parameter: a malformed id is a declared 400 at /params/<name>; nothing written  2103ms
   ✓ every operation, validated against the contract and the zod mirrors > every operation but the OIDC callback: U+0000 in the query is a declared 400 invalid_character  4540ms
   ✓ every operation, validated against the contract and the zod mirrors > every operation: an undeclared request media type is a declared 400 validation.content_type; nothing written  9205ms
   ✓ every operation, validated against the contract and the zod mirrors > every operation: the rate limiter's 429 is a declared RateLimited problem (live, limits of 1 per minute)  4447ms
 ✓ |integration| apps/api/test/integration/raid/corrective-cases.test.ts (15 tests) 3759ms
   ✓ createCorrectiveCase: a Value Review finding (ADR-0031 §5.5; REQ-PB-085 create:BO,TL,FIN) > AUD 403; ADM-only and outsiders 404 on every operation; nothing written  767ms
   ✓ updateCorrectiveCase and closeCorrectiveCase (ADR-0031 §5.5, §5.6) > T-DG4-BE-R1: the follow-up follows the case: a date change moves it; A -> B -> A leaves one open item, A's  330ms
 ✓ |integration| apps/api/test/integration/workflows/g5-g6.test.ts (13 tests) 7950ms
   ✓ G5 Scale (REQ-PB-020, REQ-PB-015) > an open High-impact risk without an approved disposition: 422 whose detail and errors list 'Risk closure'; nothing written  1500ms
   ✓ G5 Scale (REQ-PB-020, REQ-PB-015) > an approved disposition completes Risk closure (a pending one does not; a medium risk never counts)  1250ms
   ✓ G5 Scale (REQ-PB-020, REQ-PB-015) > G5 configured to BO: an SP decision is 403 gate.not_approver, a BO decision with the scale scope is 201  595ms
   ✓ G5 Scale (REQ-PB-020, REQ-PB-015) > the scale-scope rules (ADR-0035 §5): required with a G5 approval, refused elsewhere, items inside the organization  1231ms
   ✓ G5 decision rights (D-094; ADR-0035 §8) > AUD 403 on the G5 submission and decision; an ADM-only caller 403 on the decision (D-094); nothing written  404ms
   ✓ G1-G4 refusals keep the DG2 key form (ADR-0035 §2: the label form is G5/G6 only) > a G4 submission with gaps names the criterion keys in its detail, as in DG3  373ms
   ✓ G6 Sustain (REQ-PB-021, REQ-S04-008, REQ-S04-002) > with every fact: 201 with a frozen g6 snapshot; an edit afterwards leaves it unchanged; the SP approval changes no phase, closes nothing and writes no DG delivery record  1741ms
 ✓ |integration| apps/api/test/integration/tasks/work-items.test.ts (15 tests) 1333ms
 ✓ |integration| apps/api/test/integration/reporting/modular.test.ts (14 tests) 5762ms
   ✓ REQ-PB-005 / REQ-S03-005: Modular entry at Design with an inherited G2 approval > G2 is labelled inherited (never approved); baseline and outcome link are missing until supplied  1053ms
   ✓ REQ-PB-005 / REQ-S03-005: Modular entry at Design with an inherited G2 approval > a pending inherited approval is inherited_pending_verification and an inherited_approval_unverified warning  392ms
   ✓ REQ-S03-005: labelled inherited records > inherited evidence and baseline are listed with provenance and the inherited label, beside the prior approval  400ms
   ✓ REQ-S03-005: labelled inherited records > End-to-End → 422 inherited_record.not_modular; prior_approval → 422 use_dispensation; nothing written  642ms
   ✓ REQ-S03-005: labelled inherited records > validation: 400 for a missing id or blank text; 422 for a record outside the transformation; 409 duplicate  553ms
   ✓ S-4: authorization, If-Match and audit on every write > withdraw: 428 without If-Match, 409 stale, 404 unknown id, 422 when already withdrawn  321ms
   ✓ S-4: authorization, If-Match and audit on every write > one audit event per mutation, in the write's transaction  332ms
   ✓ S-4: authorization, If-Match and audit on every write > T-DG4-BE-R3 getInheritedRecord: 200 + ETag active or withdrawn; 404 for a prior_approval id, unknown id, outsider  422ms
   ✓ S-4: authorization, If-Match and audit on every write > commit-time: a grant revoked while the create waited is 403; nothing written  404ms
 ✓ |integration| apps/api/test/integration/raid/register.test.ts (15 tests) 1583ms
 ✓ |integration| apps/api/test/integration/raid/actions.test.ts (9 tests) 1569ms
 ✓ |integration| apps/api/test/integration/raid/dependency-entries.test.ts (9 tests) 1177ms
 ✓ |integration| apps/api/test/integration/raid/corrective-rules.test.ts (5 tests) 1061ms
 ✓ |integration| apps/api/test/integration/raid/entity-group.test.ts (7 tests) 2418ms
 ✓ |integration| apps/api/test/integration/governance/meeting-actions.test.ts (3 tests) 1510ms

 Test Files  11 passed (11)
      Tests  150 passed (150)
   Start at  03:33:52
   Duration  130.43s (transform 6.73s, setup 0ms, collect 41.96s, tests 85.32s, environment 0ms, prepare 158ms)

EXIT=0
