
> mobily-transformation-hub@0.1.0 test /home/user/wt/dg4-arch-r3
> vitest run --project unit-node --project unit-web && vitest run --project unit-formula-nocodegen


 RUN  v3.2.4 /home/user/wt/dg4-arch-r3

 ✓ |unit-web| src/pages/portfolio/portfolio.test.tsx (32 tests) 22715ms
   ✓ Portfolio (en) > lists code, name, wave, owners and three separate columns: proposed rank, selection and funding  1227ms
   ✓ Portfolio (en) > the proposed rank is Unknown (never 0) when the prioritization view is unavailable  300ms
   ✓ Portfolio (en) > filters by status and wave on the server  320ms
   ✓ Portfolio (en) > creates a draft at any time: POST /initiatives with the transformation and an Idempotency-Key  663ms
   ✓ Portfolio (en) > the read-only auditor sees the list with no enabled write control  714ms
   ✓ Portfolio (en) > outcome hierarchy: five levels, an Unknown target is Unknown (never 0)  434ms
   ✓ Portfolio (ar) > lists code, name, wave, owners and three separate columns: proposed rank, selection and funding  479ms
   ✓ Portfolio (ar) > the proposed rank is Unknown (never 0) when the prioritization view is unavailable  353ms
   ✓ Portfolio (ar) > filters by status and wave on the server  544ms
   ✓ Portfolio (ar) > creates a draft at any time: POST /initiatives with the transformation and an Idempotency-Key  1437ms
   ✓ Portfolio (ar) > the read-only auditor sees the list with no enabled write control  996ms
   ✓ Portfolio (ar) > outcome hierarchy: five levels, an Unknown target is Unknown (never 0)  416ms
   ✓ Initiative Card (en) > shows all 14 T05 fields in the source order and the 3-7 deliverables warning (a warning, not a block)  455ms
   ✓ Initiative Card (en) > submit refused: 'Case for change not yet approved (G1)…' is the dialog's one translated alert  1008ms
   ✓ Initiative Card (en) > submit refused: 'Outcome before activity…' (validation at /outcomeContributions) is translated  1208ms
   ✓ Initiative Card (en) > launch refused: 'North Star, outcomes and target state not yet approved', then 'Selected - unfunded…'  1539ms
   ✓ Initiative Card (en) > select is a labelled business approval: rationale required, If-Match, no 'on behalf of' control  1268ms
   ✓ Initiative Card (en) > a 409 shows the conflict banner and reloads  540ms
   ✓ Initiative Card (en) > a gap link to another TOM record shows 'A project portfolio is not a Target Operating Model…'  619ms
   ✓ Initiative Card (en) > an outcome contribution needs an outcome; the KPI is optional and labelled so  323ms
   ✓ Initiative Card (ar) > shows all 14 T05 fields in the source order and the 3-7 deliverables warning (a warning, not a block)  462ms
   ✓ Initiative Card (ar) > submit refused: 'Case for change not yet approved (G1)…' is the dialog's one translated alert  511ms
   ✓ Initiative Card (ar) > submit refused: 'Outcome before activity…' (validation at /outcomeContributions) is translated  714ms
   ✓ Initiative Card (ar) > launch refused: 'North Star, outcomes and target state not yet approved', then 'Selected - unfunded…'  1526ms
   ✓ Initiative Card (ar) > select is a labelled business approval: rationale required, If-Match, no 'on behalf of' control  705ms
   ✓ Initiative Card (ar) > a 409 shows the conflict banner and reloads  738ms
   ✓ Initiative Card (ar) > a gap link to another TOM record shows 'A project portfolio is not a Target Operating Model…'  1092ms
   ✓ Initiative Card (ar) > an outcome contribution needs an outcome; the KPI is optional and labelled so  711ms
   ✓ Initiative Card (ar) > the read-only auditor sees the card with no enabled write control  541ms
   ✓ Initiative Card (ar) > a cancelled initiative is read-only even for the lead  383ms
 ✓ |unit-web| src/pages/p2.test.tsx (56 tests) 42387ms
   ✓ Diagnose > shows the six T01 dimensions with Unknown for missing values, and value pools that are never 0  1414ms
   ✓ Diagnose > shows the totals as Unknown when no pool is quantified  500ms
   ✓ Diagnose > renders the six workstreams with their key questions  988ms
   ✓ Diagnose > edits a T01 row with only the changed fields and If-Match  1653ms
   ✓ Diagnose > a 409 on save writes nothing, compares, and re-applies on the current version  1246ms
   ✓ Diagnose > a 400 validation.blank shows a localized message on its field ('en')  1156ms
   ✓ Diagnose > a 400 validation.blank shows a localized message on its field ('ar')  1302ms
   ✓ Diagnose > an invisible-only value is blocked client-side with validation.blank ('en')  1997ms
   ✓ Diagnose > an invisible-only value is blocked client-side with validation.blank ('ar')  1511ms
   ✓ Diagnose > a whitespace-only T01 value is an inline blank error and sends nothing ('en')  1090ms
   ✓ Diagnose > a whitespace-only T01 value is an inline blank error and sends nothing ('ar')  1225ms
   ✓ Diagnose > T01: an emptied field is sent as an explicit null; visible text is sent verbatim  1593ms
   ✓ Diagnose > Arabic: RTL with Arabic labels and the unquantified label  318ms
   ✓ Define > requires a target date on a T02 row before sending anything  365ms
   ✓ Define > sets the North Star with one sentence and no If-Match the first time  503ms
   ✓ Define: KPI activation (F-DG2-201) > offers Activate on a draft KPI, states the unmet precondition on 422, then activates with If-Match  957ms
   ✓ Define: KPI activation (F-DG2-201) > Arabic: the Activate action and the 422 reason are in Arabic  1082ms
   ✓ Define: KPI activation (F-DG2-201) > an active KPI shows Active and offers no Activate  531ms
   ✓ Charter > shows the 14 fields, the thesis, the five scope checks with pre-checks and the top-outcomes warning  660ms
   ✓ Charter > scope pre-check: an empty Out of scope reads as failing (EN and AR)  1578ms
   ✓ Charter > thesis: an empty part is Incomplete and no sentence is composed (F-DG2-203)  383ms
   ✓ Charter > thesis: a part the API flags incomplete is never shown as answered  316ms
   ✓ Charter > thesis: the four parts compose the B0037 sentence (EN and AR)  408ms
   ✓ Charter > compares a version with the previous one  469ms
   ✓ Charter > create: a whitespace Case for change is an inline blank error and creates nothing ('en')  1023ms
   ✓ Charter > create: a whitespace Case for change is an inline blank error and creates nothing ('ar')  552ms
   ✓ Charter > edit: a whitespace Out of scope is an inline blank error, sends nothing and keeps the value (en)  598ms
   ✓ Charter > edit: a whitespace Out of scope is an inline blank error, sends nothing and keeps the value (ar)  894ms
   ✓ Charter > edit: emptying a filled field sends null; visible text is verbatim (en)  786ms
   ✓ Charter > edit: emptying a filled field sends null; visible text is verbatim (ar)  1433ms
   ✓ Charter > edit: a change summary alone is not a change (never a content-free version)  677ms
   ✓ Design > shows the ten canvas boxes and the per-dimension view  1319ms
   ✓ Design > converts an unresolved workshop item into a design decision with If-Match  2614ms
   ✓ Decisions (T04) > creates a design decision with inline options and an idempotency key  412ms
   ✓ Gates (business approval) > lists G1-G6 as business approvals with live readiness, and never mentions the engineering gates  348ms
   ✓ Gates (business approval) > shows unverified evidence as unverified, the failing outcome at G2, and submits with If-Match  1878ms
   ✓ Gates (business approval) > lists outcomes failing the good outcome test at G2  380ms
   ✓ Gates (business approval) > the approver's decision: rationale required; 403 and 409 problems in words  1157ms
   ✓ Gates (business approval) > gate detail heading: the verbatim B0023 name once (EN and AR)  868ms
   ✓ Evidence > uploads a revision as octet-stream with a percent-encoded file name and If-Match  1021ms
   ✓ Evidence > never offers review to the creator; a filename reference can only be rejected  560ms
   ✓ read-only auditor (AUD) > diagnose: no write control and a read-only note  318ms
 ✓ |unit-web| src/pages/p2-blank-forms.test.tsx (52 tests) 44521ms
   ✓ gate submission note (en) > a whitespace-only note is refused inline and nothing is sent  1368ms
   ✓ gate submission note (en) > a invisible-only note is refused inline and nothing is sent  898ms
   ✓ gate submission note (en) > visible text is sent verbatim; an empty note is omitted  1383ms
   ✓ gate submission note (ar) > a whitespace-only note is refused inline and nothing is sent  877ms
   ✓ gate submission note (ar) > a invisible-only note is refused inline and nothing is sent  459ms
   ✓ gate submission note (ar) > visible text is sent verbatim; an empty note is omitted  1922ms
   ✓ gate decision rationale and comments (en) > a whitespace-only rationale is refused inline and nothing is sent  1144ms
   ✓ gate decision rationale and comments (en) > a invisible-only rationale is refused inline and nothing is sent  660ms
   ✓ gate decision rationale and comments (en) > a invisible (long enough for min 3)-only rationale is refused inline and nothing is sent  717ms
   ✓ gate decision rationale and comments (en) > a invisible-only comment is refused inline (focus on it) and nothing is sent  343ms
   ✓ gate decision rationale and comments (en) > visible text is sent verbatim; empty comments are omitted; an empty rationale stays 'too short'  716ms
   ✓ gate decision rationale and comments (en) > a server 400 validation.blank on /rationale lands on the field  960ms
   ✓ gate decision rationale and comments (ar) > a whitespace-only rationale is refused inline and nothing is sent  933ms
   ✓ gate decision rationale and comments (ar) > a invisible-only rationale is refused inline and nothing is sent  776ms
   ✓ gate decision rationale and comments (ar) > a invisible (long enough for min 3)-only rationale is refused inline and nothing is sent  991ms
   ✓ gate decision rationale and comments (ar) > a whitespace-only comment is refused inline (focus on it) and nothing is sent  1014ms
   ✓ gate decision rationale and comments (ar) > a invisible-only comment is refused inline (focus on it) and nothing is sent  604ms
   ✓ gate decision rationale and comments (ar) > visible text is sent verbatim; empty comments are omitted; an empty rationale stays 'too short'  663ms
   ✓ gate decision rationale and comments (ar) > a server 400 validation.blank on /rationale lands on the field  766ms
   ✓ journey step editor (en) > a whitespace-only actor is refused inline (not turned into null) and nothing is sent  1760ms
   ✓ journey step editor (en) > a invisible-only actor is refused inline (not turned into null) and nothing is sent  1489ms
   ✓ journey step editor (en) > several blank fields: each gets the message and focus goes to the first (name)  1188ms
   ✓ journey step editor (en) > visible text is sent verbatim; emptied optional text is null; an empty name is required  1918ms
   ✓ journey step editor (ar) > a whitespace-only actor is refused inline (not turned into null) and nothing is sent  1048ms
   ✓ journey step editor (ar) > a invisible-only actor is refused inline (not turned into null) and nothing is sent  812ms
   ✓ journey step editor (ar) > several blank fields: each gets the message and focus goes to the first (name)  982ms
   ✓ journey step editor (ar) > visible text is sent verbatim; emptied optional text is null; an empty name is required  695ms
   ✓ Finance validation note and archive reason (en) > note: a whitespace-only note is refused inline and nothing is sent  754ms
   ✓ Finance validation note and archive reason (en) > note: a invisible-only note is refused inline and nothing is sent  647ms
   ✓ Finance validation note and archive reason (en) > note: empty is 'required'; visible text is sent verbatim  1114ms
   ✓ Finance validation note and archive reason (en) > reason: a whitespace-only reason is refused inline and nothing is archived  866ms
   ✓ Finance validation note and archive reason (en) > reason: a invisible-only reason is refused inline and nothing is archived  667ms
   ✓ Finance validation note and archive reason (en) > reason: a server 400 validation.blank on /reason is the field message, not a generic error  510ms
   ✓ Finance validation note and archive reason (en) > reason: a reason with U+0000 is refused inline with the localized message and nothing is archived  563ms
   ✓ Finance validation note and archive reason (en) > reason: a server 400 validation.invalid_character on /reason is the localized field message  441ms
   ✓ Finance validation note and archive reason (en) > reason: empty keeps 'too short'; visible text is sent verbatim  684ms
   ✓ Finance validation note and archive reason (ar) > note: a whitespace-only note is refused inline and nothing is sent  781ms
   ✓ Finance validation note and archive reason (ar) > note: a invisible-only note is refused inline and nothing is sent  2091ms
   ✓ Finance validation note and archive reason (ar) > note: empty is 'required'; visible text is sent verbatim  1292ms
   ✓ Finance validation note and archive reason (ar) > reason: a whitespace-only reason is refused inline and nothing is archived  1122ms
   ✓ Finance validation note and archive reason (ar) > reason: a invisible-only reason is refused inline and nothing is archived  803ms
   ✓ Finance validation note and archive reason (ar) > reason: a server 400 validation.blank on /reason is the field message, not a generic error  408ms
   ✓ Finance validation note and archive reason (ar) > reason: a reason with U+0000 is refused inline with the localized message and nothing is archived  540ms
   ✓ Finance validation note and archive reason (ar) > reason: a server 400 validation.invalid_character on /reason is the localized field message  482ms
   ✓ Finance validation note and archive reason (ar) > reason: empty keeps 'too short'; visible text is sent verbatim  801ms
   ✓ North Star statement (en) > a whitespace-only statement is refused inline and nothing is sent  656ms
   ✓ North Star statement (en) > a invisible-only statement is refused inline and nothing is sent  479ms
   ✓ North Star statement (ar) > a whitespace-only statement is refused inline and nothing is sent  682ms
   ✓ North Star statement (ar) > a invisible-only statement is refused inline and nothing is sent  429ms
 ✓ |unit-web| src/pages/render-time-language.test.tsx (28 tests) 24093ms
   ✓ sign-in (dev form), 'en' → 'ar' > an invalid user name: the inline message follows the switch  795ms
   ✓ journey step editor, 'en' → 'ar' > a field error on a step follows the switch  1699ms
   ✓ journey step editor, 'en' → 'ar' > the form-level "Step N:" error follows the switch (prefix and message)  1979ms
   ✓ journey step editor, 'ar' → 'en' > a field error on a step follows the switch  1994ms
   ✓ journey step editor, 'ar' → 'en' > the form-level "Step N:" error follows the switch (prefix and message)  2921ms
   ✓ row-action note and reason dialog, 'en' → 'ar' > the Finance validation note's 'required' follows the switch  1487ms
   ✓ row-action note and reason dialog, 'en' → 'ar' > the Finance validation choice's 'required' follows the switch  1162ms
   ✓ row-action note and reason dialog, 'en' → 'ar' > the archive reason's 'too short' follows the switch  1191ms
   ✓ row-action note and reason dialog, 'ar' → 'en' > the Finance validation note's 'required' follows the switch  1323ms
   ✓ row-action note and reason dialog, 'ar' → 'en' > the Finance validation choice's 'required' follows the switch  948ms
   ✓ row-action note and reason dialog, 'ar' → 'en' > the archive reason's 'too short' follows the switch  923ms
   ✓ gate dialogs, 'en' → 'ar' > the submission note's field error follows the switch  564ms
   ✓ gate dialogs, 'en' → 'ar' > the decision rationale's field error follows the switch  727ms
   ✓ gate dialogs, 'ar' → 'en' > the decision rationale's field error follows the switch  508ms
   ✓ North Star statement, 'en' → 'ar' > the statement's field error follows the switch  739ms
   ✓ North Star statement, 'ar' → 'en' > the statement's field error follows the switch  396ms
   ✓ evidence dialogs, 'en' → 'ar' > upload without a file: 'required' follows the switch  1187ms
   ✓ evidence dialogs, 'en' → 'ar' > a link without a record type or record: both 'required' messages follow the switch  964ms
   ✓ evidence dialogs, 'ar' → 'en' > upload without a file: 'required' follows the switch  828ms
   ✓ evidence dialogs, 'ar' → 'en' > a link without a record type or record: both 'required' messages follow the switch  568ms
 ✓ |unit-web| src/pages/prioritization/prioritization.test.tsx (20 tests) 20274ms
   ✓ prioritization (en) > ranked table: an incomplete score is 'incomplete' (never a number), 3.30 complete; 0–100 shows 57.5 with its label  2456ms
   ✓ prioritization (en) > scorecard: 6 is refused inline and nothing is sent; 4 is POSTed as the integer; the weighted score is read-only 'incomplete'  2071ms
   ✓ prioritization (en) > weight sets: the live total refuses 95% and 105%; 100% is accepted and POSTed as decimal strings  985ms
   ✓ prioritization (en) > weight sets: the proposer is never offered approval; another approver's approval is a business approval with If-Match; 403 SoD is translated  2433ms
   ✓ prioritization (en) > weight set approval: a 409 shows the conflict banner and reloads  1473ms
   ✓ prioritization (en) > ranking history: causes are translated from codes, including 'weight version 2', score change and the override reason  507ms
   ✓ prioritization (en) > overrides: a reason is required (missing and invisible-only are refused, nothing sent); with a reason it is POSTed  763ms
   ✓ prioritization (en) > the read-only auditor sees the data and no enabled write control  601ms
   ✓ prioritization (ar) > ranked table: an incomplete score is 'incomplete' (never a number), 3.30 complete; 0–100 shows 57.5 with its label  882ms
   ✓ prioritization (ar) > scorecard: 6 is refused inline and nothing is sent; 4 is POSTed as the integer; the weighted score is read-only 'incomplete'  584ms
   ✓ prioritization (ar) > weight sets: the live total refuses 95% and 105%; 100% is accepted and POSTed as decimal strings  676ms
   ✓ prioritization (ar) > weight sets: the proposer is never offered approval; another approver's approval is a business approval with If-Match; 403 SoD is translated  2506ms
   ✓ prioritization (ar) > weight set approval: a 409 shows the conflict banner and reloads  942ms
   ✓ prioritization (ar) > ranking history: causes are translated from codes, including 'weight version 2', score change and the override reason  394ms
   ✓ prioritization (ar) > overrides: a reason is required (missing and invisible-only are refused, nothing sent); with a reason it is POSTed  1198ms
   ✓ prioritization (ar) > the read-only auditor sees the data and no enabled write control  836ms
   ✓ prioritization (ar) > never mentions a delivery gate (DG0–DG7)  384ms
 ✓ |unit-web| src/auth/session-bound.test.tsx (34 tests) 18779ms
   ✓ F-DG2-530/580 no effect of A's action after a further await once the tab is B's (en) > Y1: a create whose post-create GET /me returns B: B is not navigated and never sees A's code or name  1734ms
   ✓ F-DG2-530/580 no effect of A's action after a further await once the tab is B's (en) > Y1c: the same create under one identity still lands on the created record  573ms
   ✓ F-DG2-530/580 no effect of A's action after a further await once the tab is B's (en) > Y1c (not visible to the creator): the creator still gets 'created, but you cannot open it' with the 201's code  614ms
   ✓ F-DG2-530/580 no effect of A's action after a further await once the tab is B's (en) > router state left in history (Back/Forward) never shows A's created record to B  515ms
   ✓ F-DG2-530/580 no effect of A's action after a further await once the tab is B's (en) > an edit whose identity changes between its awaits: B is not navigated to A's record and keeps nothing of A's  758ms
   ✓ F-DG2-530/580 no effect of A's action after a further await once the tab is B's (en) > an organization create whose identity changes between its awaits: B is not navigated to A's new organization  618ms
   ✓ F-DG2-530/580 no effect of A's action after a further await once the tab is B's (en) > a user create whose identity changes between its awaits: B is not navigated to A's new user  1153ms
   ✓ F-DG2-530/580 no effect of A's action after a further await once the tab is B's (en) > sanity: the organization and user creates under one identity still navigate to the new record  954ms
   ✓ F-DG2-530/580 no effect of A's action after a further await once the tab is B's (en) > sanity: an edit under one identity (a same-identity /me between its awaits) still updates the cache and navigates  414ms
   ✓ F-DG2-570 the header and the data of ONE identity on in-app navigation (en) > N1: B signed in elsewhere, no focus event: opening A's record asks GET /me first; B's header above B's answer  389ms
   ✓ F-DG2-530/580 no effect of A's action after a further await once the tab is B's (ar) > Y1: a create whose post-create GET /me returns B: B is not navigated and never sees A's code or name  792ms
   ✓ F-DG2-530/580 no effect of A's action after a further await once the tab is B's (ar) > Y1c: the same create under one identity still lands on the created record  339ms
   ✓ F-DG2-530/580 no effect of A's action after a further await once the tab is B's (ar) > Y1c (not visible to the creator): the creator still gets 'created, but you cannot open it' with the 201's code  442ms
   ✓ F-DG2-530/580 no effect of A's action after a further await once the tab is B's (ar) > router state left in history (Back/Forward) never shows A's created record to B  360ms
   ✓ F-DG2-530/580 no effect of A's action after a further await once the tab is B's (ar) > an edit whose identity changes between its awaits: B is not navigated to A's record and keeps nothing of A's  535ms
   ✓ F-DG2-530/580 no effect of A's action after a further await once the tab is B's (ar) > an organization create whose identity changes between its awaits: B is not navigated to A's new organization  732ms
   ✓ F-DG2-530/580 no effect of A's action after a further await once the tab is B's (ar) > a user create whose identity changes between its awaits: B is not navigated to A's new user  956ms
   ✓ F-DG2-530/580 no effect of A's action after a further await once the tab is B's (ar) > sanity: the organization and user creates under one identity still navigate to the new record  1042ms
   ✓ F-DG2-530/580 no effect of A's action after a further await once the tab is B's (ar) > sanity: an edit under one identity (a same-identity /me between its awaits) still updates the cache and navigates  372ms
   ✓ F-DG2-570 the header and the data of ONE identity on in-app navigation (ar) > N1: B signed in elsewhere, no focus event: opening A's record asks GET /me first; B's header above B's answer  308ms
   ✓ F-DG2-570 the header and the data of ONE identity on in-app navigation (ar) > bounded: one GET /me per navigation, shared by the page's burst; other GETs only after the window; same identity kept  384ms
   ✓ the convention: no raw navigate or cache write in app code (T-DG2-FE15) > the ESLint rule refuses a raw navigate, a raw cache write and a useNavigate import in a page  3074ms
 ✓ |unit-web| src/pages/benefits/benefits.test.tsx (29 tests) 13439ms
   ✓ benefits screens (en) > T14 register: ten columns; Value (SAR) n/a and Unknown never 0; Realized kept apart with pending labelled  1446ms
   ✓ benefits screens (en) > totals: per class and state, pending overlap apart, cost and net Unknown (never 0), non-financial counted apart  380ms
   ✓ benefits screens (en) > lifecycle: six steps with question and output, missing outputs listed, only the allowed next step offered  636ms
   ✓ benefits screens (en) > allocations: percent and unallocated share; the replace sends fractions with If-Match  1011ms
   ✓ benefits screens (en) > allocations above 100 %: the preview warns and the server's 422 is translated in the one form alert  753ms
   ✓ benefits screens (en) > measurements: a validated value offers no edit; the 409 validated_immutable is translated  371ms
   ✓ benefits screens (en) > Finance decision: a missing item is left to the server, whose 422 names the six items; the submitter is never offered a decision  308ms
   ✓ benefits screens (en) > Finance decision: the content_incomplete 422 and a Business Owner's 403 are translated  1065ms
   ✓ benefits screens (en) > read-only (auditor): Finance item without decide, register without create  916ms
   ✓ benefits screens (ar) > T14 register: ten columns; Value (SAR) n/a and Unknown never 0; Realized kept apart with pending labelled  494ms
   ✓ benefits screens (ar) > totals: per class and state, pending overlap apart, cost and net Unknown (never 0), non-financial counted apart  482ms
   ✓ benefits screens (ar) > allocations: percent and unallocated share; the replace sends fractions with If-Match  436ms
   ✓ benefits screens (ar) > allocations above 100 %: the preview warns and the server's 422 is translated in the one form alert  960ms
   ✓ benefits screens (ar) > measurements: a validated value offers no edit; the 409 validated_immutable is translated  563ms
   ✓ benefits screens (ar) > Finance decision: six items, the decision body with If-Match; labelled Finance validation, never DG0-DG7  734ms
   ✓ benefits screens (ar) > Finance decision: a missing item is left to the server, whose 422 names the six items; the submitter is never offered a decision  368ms
   ✓ benefits screens (ar) > Finance decision: the content_incomplete 422 and a Business Owner's 403 are translated  728ms
   ✓ benefits screens (ar) > read-only (auditor): Finance item without decide, register without create  475ms
 ✓ |unit-web| src/pages/actions/BudgetPanel.test.tsx (18 tests) 9604ms
   ✓ budget panel (en) > lines in their own currency with Unknown for an empty amount; totals per currency, Unknown with reason  1835ms
   ✓ budget panel (en) > no active line: the budget is Unknown 'No budget lines' (no_budget_lines), never a total of 0  512ms
   ✓ budget panel (en) > create: decimal strings, empty amounts omitted (Unknown), an invalid amount is refused inline with the §11 text  684ms
   ✓ budget panel (en) > a refusal is translated: 409 budget_line.duplicate on create keeps the dialog with the §11 text  671ms
   ✓ budget panel (en) > edit sends only the changed member with If-Match of the version seen; a stale version is a 409 (nothing saved, lines re-read)  1545ms
   ✓ budget panel (en) > archive sends the reason with If-Match; 422 budget_line.archived is translated in the dialog  895ms
   ✓ budget panel (en) > the auditor (no budget.edit) sees the panel read-only: no add, edit or archive control  552ms
   ✓ budget panel (ar) > lines in their own currency with Unknown for an empty amount; totals per currency, Unknown with reason  436ms
   ✓ budget panel (ar) > create: decimal strings, empty amounts omitted (Unknown), an invalid amount is refused inline with the §11 text  381ms
   ✓ budget panel (ar) > edit sends only the changed member with If-Match of the version seen; a stale version is a 409 (nothing saved, lines re-read)  521ms
   ✓ budget panel (ar) > archive sends the reason with If-Match; 422 budget_line.archived is translated in the dialog  576ms
   ✓ budget panel (ar) > the auditor (no budget.edit) sees the panel read-only: no add, edit or archive control  444ms
 ✓ |unit-web| src/pages/actions/ExecutionPanel.test.tsx (12 tests) 13310ms
   ✓ execution panel (en) > milestone slip in working days (+5, −5, 0) beside calendar days; a missing date is Unknown with its reason  1187ms
   ✓ execution panel (en) > deliverable acceptance, demand without capacity (Unknown), dependency without impact (Unknown), decisions  835ms
   ✓ execution panel (en) > critical-path membership: a label when computed; null is Unknown with no critical styling  1069ms
   ✓ execution panel (en) > the initiative page holds the slot: budget lines, execution and schedule network, in its on-this-page navigation  1075ms
   ✓ execution panel (en) > an answer outside the contract is the panel's error state; the rest of the initiative page still renders  3290ms
   ✓ execution panel (ar) > milestone slip in working days (+5, −5, 0) beside calendar days; a missing date is Unknown with its reason  625ms
   ✓ execution panel (ar) > deliverable acceptance, demand without capacity (Unknown), dependency without impact (Unknown), decisions  723ms
   ✓ execution panel (ar) > critical-path membership: a label when computed; null is Unknown with no critical styling  907ms
   ✓ execution panel (ar) > the initiative page holds the slot: budget lines, execution and schedule network, in its on-this-page navigation  387ms
   ✓ execution panel (ar) > an answer outside the contract is the panel's error state; the rest of the initiative page still renders  3207ms
 ✓ |unit-web| src/auth/session-generation.test.tsx (26 tests) 13727ms
   ✓ F-DG2-530 a write in flight across an identity change (en) > X3: A's PATCH answered after B's /me is not written into B's cache, not shown, and does not navigate B  2228ms
   ✓ F-DG2-530 a write in flight across an identity change (en) > X3b: the same after a session END here and B's sign-in: A's late answer never lands  1195ms
   ✓ F-DG2-530 a write in flight across an identity change (en) > an archive in flight across an identity change: A's archived record never lands in B's cache  829ms
   ✓ F-DG2-530 a write in flight across an identity change (en) > an organization save in flight across an identity change: A's change is never stored under B  793ms
   ✓ F-DG2-530 a write in flight across an identity change (en) > a user save in flight across an identity change: A's change is never stored under B  701ms
   ✓ F-DG2-530 a write in flight across an identity change (en) > a same-person new session: the in-flight save is dropped silently, the draft is kept and usable  534ms
   ✓ F-DG2-530 a write in flight across an identity change (en) > a language save retried after a 409 is never written for the identity that replaced A  418ms
   ✓ F-DG2-530 a write in flight across an identity change (en) > sanity: a write in flight that finishes under the SAME identity still updates the cache and navigates  974ms
   ✓ F-DG2-530 X6: refocus and reconnect revalidate GET /me first (en) > after B signs in elsewhere, a refocus within /me's staleTime shows B's header with B's data, never A's  347ms
   ✓ F-DG2-530 X6: refocus and reconnect revalidate GET /me first (en) > the same identity: a refocus refetches /me once, then the stale page queries; nothing when all is fresh  448ms
   ✓ F-DG2-530 a write in flight across an identity change (ar) > X3: A's PATCH answered after B's /me is not written into B's cache, not shown, and does not navigate B  713ms
   ✓ F-DG2-530 a write in flight across an identity change (ar) > X3b: the same after a session END here and B's sign-in: A's late answer never lands  481ms
   ✓ F-DG2-530 a write in flight across an identity change (ar) > an archive in flight across an identity change: A's archived record never lands in B's cache  551ms
   ✓ F-DG2-530 a write in flight across an identity change (ar) > an organization save in flight across an identity change: A's change is never stored under B  649ms
   ✓ F-DG2-530 a write in flight across an identity change (ar) > a user save in flight across an identity change: A's change is never stored under B  570ms
   ✓ F-DG2-530 a write in flight across an identity change (ar) > a same-person new session: the in-flight save is dropped silently, the draft is kept and usable  527ms
   ✓ F-DG2-530 a write in flight across an identity change (ar) > a language save retried after a 409 is never written for the identity that replaced A  340ms
   ✓ F-DG2-530 X6: refocus and reconnect revalidate GET /me first (ar) > after B signs in elsewhere, a refocus within /me's staleTime shows B's header with B's data, never A's  375ms
   ✓ F-DG2-530 X6: refocus and reconnect revalidate GET /me first (ar) > the same identity: a refocus refetches /me once, then the stale page queries; nothing when all is fresh  401ms
 ✓ |unit-web| src/pages/business-cases/business-cases.test.tsx (18 tests) 11586ms
   ✓ business cases (en) > register: levels, Finance baseline states with text (Stale is never green) and drafts  1314ms
   ✓ business cases (en) > detail: all ten sections, totals with gross / cost / net apart, net Unknown (never 0), roll-up by reference  955ms
   ✓ business cases (en) > totals: a partial total says how many Unknown lines it leaves out  346ms
   ✓ business cases (en) > sections: saves only the changed section with If-Match; blank text is refused inline and nothing is sent  943ms
   ✓ business cases (en) > sections: a 409 shows the standard conflict panel (nothing saved) with the current values  688ms
   ✓ business cases (en) > lines: exactly one class from one select; the value basis follows the class; a 422 is translated  634ms
   ✓ business cases (en) > Finance validation: a business approval for FIN who did not author the case; If-Match; translated 403  999ms
   ✓ business cases (en) > Finance validation: the case author sees no validate action, only the separation-of-duties note  392ms
   ✓ business cases (en) > read-only auditor: the ten sections as text, no enabled write control, the read-only note  444ms
   ✓ business cases (ar) > register: levels, Finance baseline states with text (Stale is never green) and drafts  627ms
   ✓ business cases (ar) > detail: all ten sections, totals with gross / cost / net apart, net Unknown (never 0), roll-up by reference  466ms
   ✓ business cases (ar) > totals: a partial total says how many Unknown lines it leaves out  412ms
   ✓ business cases (ar) > sections: saves only the changed section with If-Match; blank text is refused inline and nothing is sent  1297ms
   ✓ business cases (ar) > sections: a 409 shows the standard conflict panel (nothing saved) with the current values  618ms
   ✓ business cases (ar) > lines: exactly one class from one select; the value basis follows the class; a 422 is translated  439ms
   ✓ business cases (ar) > Finance validation: a business approval for FIN who did not author the case; If-Match; translated 403  598ms
 ✓ |unit-web| src/pages/portfolio/fe-e.test.tsx (18 tests) 10900ms
   ✓ Funding decisions (en) > is a labelled business approval with no 'on behalf of' control; rationale required; POST with an Idempotency-Key  2024ms
   ✓ Funding decisions (en) > the BE-E 422s are the dialog's one translated alert; funding.amount_invalid is also inline at /amount  910ms
   ✓ Funding decisions (en) > an exact decimal amount is shown with its currency; the auditor sees no record control  397ms
   ✓ Funding decisions (ar) > is a labelled business approval with no 'on behalf of' control; rationale required; POST with an Idempotency-Key  886ms
   ✓ Funding decisions (ar) > the BE-E 422s are the dialog's one translated alert; funding.amount_invalid is also inline at /amount  783ms
   ✓ Funding decisions (ar) > the history shows a missing amount as Unknown (never 0); a re-selected initiative explains the deselect rule  461ms
   ✓ Funding decisions (ar) > an exact decimal amount is shown with its currency; the auditor sees no record control  417ms
   ✓ Deliverables and milestones on the card (en) > creates (Idempotency-Key), edits (If-Match) and archives (reason, If-Match) a deliverable  884ms
   ✓ Deliverables and milestones on the card (en) > creates a milestone with its wave and forecast, and edits it with If-Match  508ms
   ✓ Deliverables and milestones on the card (en) > 422 initiative.read_only (a closure raced the edit) is translated as the dialog's one alert  413ms
   ✓ Deliverables and milestones on the card (en) > the card edit form translates initiative.planned_range specifically (RecordDialog namespaces)  560ms
   ✓ Deliverables and milestones on the card (ar) > creates (Idempotency-Key), edits (If-Match) and archives (reason, If-Match) a deliverable  507ms
   ✓ Deliverables and milestones on the card (ar) > creates a milestone with its wave and forecast, and edits it with If-Match  744ms
   ✓ Deliverables and milestones on the card (ar) > the card edit form translates initiative.planned_range specifically (RecordDialog namespaces)  481ms
 ✓ |unit-web| src/pages/benefits/plan-values.test.tsx (15 tests) 13275ms
   ✓ plan-value editing (en) > Edit reads getBenefitPlanValue, pre-fills the form and PATCHes the changed member with the read's If-Match  1139ms
   ✓ plan-value editing (en) > an unchanged form sends nothing and says so; Cancel closes  685ms
   ✓ plan-value editing (en) > a 409 (changed by someone else after the read) is a conflict: the record is re-read, If-Match never moves under the typed values  713ms
   ✓ plan-value editing (en) > a failed read (500) shows its state in the section and no form; Cancel removes it  3669ms
   ✓ plan-value editing (en) > a failed read (404) shows its state in the section and no form; Cancel removes it  601ms
   ✓ plan-value editing (en) > a reader (no benefit.edit) is offered no edit  561ms
   ✓ plan-value editing (ar) > Edit reads getBenefitPlanValue, pre-fills the form and PATCHes the changed member with the read's If-Match  501ms
   ✓ plan-value editing (ar) > an unchanged form sends nothing and says so; Cancel closes  663ms
   ✓ plan-value editing (ar) > a 409 (changed by someone else after the read) is a conflict: the record is re-read, If-Match never moves under the typed values  827ms
   ✓ plan-value editing (ar) > a failed read (500) shows its state in the section and no form; Cancel removes it  3319ms
   ✓ plan-value editing (ar) > a failed read (404) shows its state in the section and no form; Cancel removes it  352ms
 ✓ |unit-web| src/pages/gates/g1-agreements.test.tsx (10 tests) 6941ms
   ✓ G1 agreements step (en) > approving G1 needs the three labelled confirmations; then sends agreements with all three true  1502ms
   ✓ G1 agreements step (en) > a non-approve outcome on G1 sends no agreements (even after ticking them)  915ms
   ✓ G1 agreements step (en) > approving another gate (G2) shows no confirmations and sends no agreements  683ms
   ✓ G1 agreements step (en) > the server's 422 gate.g1_agreements_required is the one form-level alert, with the missing confirmations  512ms
   ✓ G1 agreements step (en) > the server's 422 gate.agreements_not_applicable is translated as the one form-level alert  556ms
   ✓ G1 agreements step (ar) > approving G1 needs the three labelled confirmations; then sends agreements with all three true  699ms
   ✓ G1 agreements step (ar) > a non-approve outcome on G1 sends no agreements (even after ticking them)  633ms
   ✓ G1 agreements step (ar) > the server's 422 gate.g1_agreements_required is the one form-level alert, with the missing confirmations  545ms
   ✓ G1 agreements step (ar) > the server's 422 gate.agreements_not_applicable is translated as the one form-level alert  651ms
 ✓ |unit-web| src/pages/gates/g5-g6.test.tsx (17 tests) 8174ms
   ✓ G5 view (en) > lists the G5 missing item translated with the risk code, and the exceptions with expiry and coverage  1622ms
   ✓ G5 view (en) > requests an exception with all five REQ-S04-013 fields; a missing expiry is refused before sending  1519ms
   ✓ G5 view (en) > a refused G5 submission lists 'Risk closure' by its translated label, never the English detail  362ms
   ✓ G5 view (en) > a G5 approval needs the scale scope: nothing is sent without one; the scope goes with the decision  839ms
   ✓ G5 view (en) > a frozen submission shows its exception lines and the nine-field review table, Under review  362ms
   ✓ G5 view (ar) > requests an exception with all five REQ-S04-013 fields; a missing expiry is refused before sending  459ms
   ✓ G5 view (ar) > a G5 approval needs the scale scope: nothing is sent without one; the scope goes with the decision  359ms
   ✓ G5 view (ar) > a frozen submission shows its exception lines and the nine-field review table, Under review  352ms
   ✓ Modular G3 waiver on the gate page (en) > the submission shows the missing-links items and the waiver used; a revoked waiver's refusal is translated  520ms
   ✓ Modular G3 waiver on the gate page (en) > a G3 submission refused for missing links lists each item translated  312ms
   ✓ Modular G3 waiver on the gate page (ar) > the submission shows the missing-links items and the waiver used; a revoked waiver's refusal is translated  755ms
 ✓ |unit-web| src/auth/session-end.test.tsx (12 tests) 9766ms
   ✓ session end while the app is open (en) > a 401 on navigation lands once on sign-in with the message; signing in again returns to the page  1851ms
   ✓ session end while the app is open (en) > a 401 on a dialog mutation (the commit-time upload refusal) closes the dialog and lands once on sign-in  1130ms
   ✓ session end while the app is open (en) > a sign-out elsewhere noticed by the next /me probe lands once on sign-in, never on the stale shell  531ms
   ✓ session end while the app is open (en) > a 403 (forbidden) is never treated as a session end  669ms
   ✓ session end while the app is open (ar) > a 401 on navigation lands once on sign-in with the message; signing in again returns to the page  1050ms
   ✓ session end while the app is open (ar) > a 401 on a dialog mutation (the commit-time upload refusal) closes the dialog and lands once on sign-in  1100ms
   ✓ session end while the app is open (ar) > a sign-out elsewhere noticed by the next /me probe lands once on sign-in, never on the stale shell  659ms
   ✓ session end while the app is open (ar) > a 403 (forbidden) is never treated as a session end  750ms
   ✓ session end under <StrictMode> (as in production) > still lands exactly once on sign-in  851ms
   ✓ sign-in page and the cached identity > decides 'already signed in' only from a fresh /me, never from a stale cache  415ms
   ✓ sign-in page and the cached identity > signing out here shows 'signed out', not 'session ended', and no /me loop  669ms
 ✓ |unit-web| src/pages/raid/raid.test.tsx (18 tests) 9986ms
   ✓ RAID and actions screens (en) > T15 register: nine columns, Probability n/a outside Risk, per-type mitigation header, Dependency links to T08  669ms
   ✓ RAID and actions screens (en) > Dependency form: 'To' initiative required, no probability; nothing is sent without it  765ms
   ✓ RAID and actions screens (en) > Dependency edit has no 'In progress'; a Risk edit offers it; a closed Dependency shows no closure fields  574ms
   ✓ RAID and actions screens (en) > an Issue with a probability is refused by the server; the 422 is translated in one alert  463ms
   ✓ RAID and actions screens (en) > action register: source, follow-up date and overdue flag; edit sends If-Match  2770ms
   ✓ RAID and actions screens (ar) > Dependency form: 'To' initiative required, no probability; nothing is sent without it  428ms
   ✓ RAID and actions screens (ar) > Dependency edit has no 'In progress'; a Risk edit offers it; a closed Dependency shows no closure fields  384ms
   ✓ RAID and actions screens (ar) > an Issue with a probability is refused by the server; the 422 is translated in one alert  385ms
   ✓ RAID and actions screens (ar) > action register: source, follow-up date and overdue flag; edit sends If-Match  1990ms
   ✓ RAID and actions screens (ar) > the read-only auditor sees the register without any write control  567ms
 ✓ |unit-web| src/pages/kpi/kpi-periods.test.tsx (6 tests) 9051ms
   ✓ KPI update periods (en) > a Lead or KPI owner chooses an open period that is not the current one, from the transformation's list  1134ms
   ✓ KPI update periods (en) > no open period of the KPI's frequency: the form says so; a failed list is an error, never an empty choice  3264ms
   ✓ KPI update periods (ar) > a Lead or KPI owner chooses an open period that is not the current one, from the transformation's list  648ms
   ✓ KPI update periods (ar) > a transformation-scoped KPI owner (no organization.read) gets the same choice  415ms
   ✓ KPI update periods (ar) > no open period of the KPI's frequency: the form says so; a failed list is an error, never an empty choice  3341ms
 ✓ |unit-web| src/pages/capacity/fe-e.test.tsx (13 tests) 6551ms
   ✓ capacity editing (en) > creates a role; a taken code (409) is the form's translated alert; then the role is created  1466ms
   ✓ capacity editing (en) > edits a role's labels and archives it, each with If-Match  506ms
   ✓ capacity editing (en) > creates a capacity row with a decimal FTE string; a duplicate (409) is translated  498ms
   ✓ capacity editing (en) > creates a demand; after the save the plan is re-read and the conflict with its shortfall appears; Unknown stays Unknown  524ms
   ✓ capacity editing (ar) > edits a role's labels and archives it, each with If-Match  484ms
   ✓ capacity editing (ar) > creates a capacity row with a decimal FTE string; a duplicate (409) is translated  958ms
   ✓ capacity editing (ar) > creates a demand; after the save the plan is re-read and the conflict with its shortfall appears; Unknown stays Unknown  583ms
   ✓ capacity editing (ar) > edits a planned demand with If-Match; 422 resource_demand.not_planned is translated  516ms
 ✓ |unit-web| src/pages/team/team.test.tsx (10 tests) 8756ms
   ✓ Team (English LTR) > shows the six governance roles with B0018 accountability text verbatim and who holds each  1292ms
   ✓ Team (English LTR) > lists team members with the accountability on each assignment, sortable and filterable  522ms
   ✓ Team (English LTR) > a Transformation Lead assigns a Workstream Lead: Idempotency-Key, reason, accountability preview  550ms
   ✓ Team (English LTR) > shows a 403 from the server in words; nothing is assigned  375ms
   ✓ Team: read-only auditor (AUD) > sees the roles, accountabilities and members, a read-only note, and no assign control  477ms
   ✓ Team (Arabic RTL) > shows Arabic role names and the provisional Arabic accountability text  978ms
   ✓ Team assign dialog: accountability preview follows the selected role (F-DG2-430) > en: WL on open, then KDS, TD, none and WL again, in StrictMode with no React warning  1686ms
   ✓ Team assign dialog: accountability preview follows the selected role (F-DG2-430) > ar: WL on open, then KDS, TD, none and WL again, in StrictMode with no React warning  700ms
   ✓ Team: the success notice follows a language switch, 'en' → 'ar' > the notice is shown in the language now on screen, not the one it was created in  771ms
   ✓ Team: the success notice follows a language switch, 'ar' → 'en' > the notice is shown in the language now on screen, not the one it was created in  1400ms
 ✓ |unit-web| src/pages/kpi/kpi.test.tsx (27 tests) 8172ms
   ✓ KPI screens (en) > RAG panel: the seven elements, the threshold version named, and the override beside the calculated RAG  708ms
   ✓ KPI screens (en) > four-step update: submits once, then lists downstream views, 'review pending' and 'Finance review pending'  605ms
   ✓ KPI screens (en) > a second entry for the same KPI and period is value version 2 of the same slot (If-Match)  358ms
   ✓ KPI screens (en) > a 409 on submit is the form's one alert: nothing was saved, the latest data is loaded  492ms
   ✓ KPI screens (en) > review queue: the reviewer accepts with If-Match; the submitter of a value is not offered a decision  323ms
   ✓ KPI screens (en) > an actual: a submitted value says it is not used until accepted; a draft is labelled not submitted  349ms
   ✓ KPI screens (en) > read-only viewer (auditor): no write action on the KPI page, labels say business approval  324ms
   ✓ KPI screens (en) > data quality: an open finding is resolved with a note and If-Match  658ms
   ✓ KPI screens (ar) > four-step update: submits once, then lists downstream views, 'review pending' and 'Finance review pending'  480ms
   ✓ KPI screens (ar) > a second entry for the same KPI and period is value version 2 of the same slot (If-Match)  339ms
   ✓ KPI screens (ar) > a 409 on submit is the form's one alert: nothing was saved, the latest data is loaded  477ms
   ✓ KPI screens (ar) > review queue: the reviewer accepts with If-Match; the submitter of a value is not offered a decision  329ms
   ✓ KPI screens (ar) > read-only viewer (auditor): no write action on the KPI page, labels say business approval  416ms
   ✓ KPI screens (ar) > data quality: an open finding is resolved with a note and If-Match  394ms
 ✓ |unit-web| src/pages/dashboards/dashboards.test.tsx (21 tests) 6453ms
   ✓ Dashboards (en) > transformation dashboard: six areas, distinct value states, provisional Arabic, drill-down  1090ms
   ✓ Dashboards (en) > Executive Overview: organizationId and the period filter reach the server; window and as-of shown  394ms
   ✓ Dashboards (en) > My Work: sections with totals, the KPI update under Missing updates, a draft labelled not submitted, deadlines  636ms
   ✓ Dashboards (en) > the dashboards hub lists the six dashboards and /dashboards/executive opens the Executive Overview  404ms
   ✓ Dashboards (ar) > transformation dashboard: six areas, distinct value states, provisional Arabic, drill-down  1036ms
   ✓ Dashboards (ar) > Finance dashboard: per-class lines, gross and net, an Unknown net is never 0, non-financial is n/a  331ms
   ✓ Dashboards (ar) > workspace header: every element Unknown where data is missing; one click opens the RAID register  515ms
   ✓ Dashboards (ar) > the dashboards hub lists the six dashboards and /dashboards/executive opens the Executive Overview  363ms
 ✓ |unit-web| src/pages/transformations/transformations.test.tsx (21 tests) 7500ms
   ✓ after create (F-DG1-004) > shows the created record when the server lets the creator read it  871ms
   ✓ truly out-of-scope records keep the correct localized message > router state for a different id does not turn a 404 into the created message  349ms
   ✓ audit trail changes (F-DG1-005) > Arabic: the same changes with Arabic labels in the RTL layout  362ms
   ✓ derived creator assignment on the audit trail (F-DG1-008) > an action the catalogue does not know stays readable and is explicitly marked (en and ar)  430ms
   ✓ effective permissions refresh after create (F-DG1-210) > English: Edit, Archive and the audit trail appear after create, without a reload  1336ms
   ✓ effective permissions refresh after create (F-DG1-210) > Arabic (RTL): the same controls and the audit trail appear after create, without a reload  862ms
   ✓ effective permissions refresh after create (F-DG1-210) > does not over-grant: if the refreshed server answer adds nothing, Archive and the audit trail stay hidden  616ms
   ✓ effective permissions refresh after create (F-DG1-210) > a failed /me refresh never blocks the navigation; the UI stays fail-safe (no controls offered)  463ms
 ✓ |unit-web| src/auth/session-identity.test.tsx (18 tests) 8485ms
   ✓ F-DG2-500 a session end on the sign-in page (en) > W5: Back to /login after A's session ends, B signs in with the development form: B never sees A's records  1260ms
   ✓ F-DG2-500 a session end on the sign-in page (en) > W5b (OIDC mode): B signs in in another tab and this tab's /me re-probe brings B: B never sees A's records  830ms
   ✓ F-DG2-500 an identity change with no session end in this tab (en) > a refocus /me that returns another identity removes every session query before B renders, and drops A's drafts  690ms
   ✓ F-DG2-500 an identity change with no session end in this tab (en) > the same identity re-probed (window refocus) keeps the cache and the page state  399ms
   ✓ F-DG2-500 sign-out here and 403 (en) > signing out here clears everything; B signing in afterwards never sees A's records  671ms
   ✓ F-DG2-500 a session end on the sign-in page (ar) > W5: Back to /login after A's session ends, B signs in with the development form: B never sees A's records  778ms
   ✓ F-DG2-500 a session end on the sign-in page (ar) > W5b (OIDC mode): B signs in in another tab and this tab's /me re-probe brings B: B never sees A's records  886ms
   ✓ F-DG2-500 an identity change with no session end in this tab (ar) > a refocus /me that returns another identity removes every session query before B renders, and drops A's drafts  549ms
   ✓ F-DG2-500 sign-out here and 403 (ar) > signing out here clears everything; B signing in afterwards never sees A's records  908ms
   ✓ F-DG2-500 sign-out here and 403 (ar) > a 403 is never a session end: the phase, the identity and the cache are kept  554ms
 ✓ |unit-web| src/pages/roadmap/roadmap.test.tsx (14 tests) 6986ms
   ✓ roadmap (en) > shows the four source waves verbatim (English source also shown in Arabic) with overlapping horizons  909ms
   ✓ roadmap (en) > moving a milestone PATCHes the forecast with If-Match and the timeline, table and board all show the new date from one refetch  877ms
   ✓ roadmap (en) > a 409 on moving a milestone shows the conflict notice and reloads the roadmap  467ms
   ✓ roadmap (en) > re-approving a date requires a reason; then it is POSTed with If-Match  527ms
   ✓ roadmap (en) > deliverable acceptance sends the AcceptanceDecision with If-Match (no 'on behalf of' control)  740ms
   ✓ roadmap (ar) > moving a milestone PATCHes the forecast with If-Match and the timeline, table and board all show the new date from one refetch  559ms
   ✓ roadmap (ar) > a 409 on moving a milestone shows the conflict notice and reloads the roadmap  892ms
   ✓ roadmap (ar) > re-approving a date requires a reason; then it is POSTed with If-Match  338ms
   ✓ roadmap (ar) > deliverable acceptance sends the AcceptanceDecision with If-Match (no 'on behalf of' control)  640ms
   ✓ roadmap (ar) > the read-only auditor sees no write control  314ms
 ✓ |unit-web| src/pages/bau/sustain.test.tsx (14 tests) 4981ms
   ✓ BAU and improvement screens (en) > handover checklist marks data access missing; submit 422 names it in the shown language  958ms
   ✓ BAU and improvement screens (en) > only the receiving owner is offered accept, labelled a business approval  624ms
   ✓ BAU and improvement screens (en) > a failed check links to its recovery action; an unknown review signal is Unknown, never on track  339ms
   ✓ BAU and improvement screens (en) > CI backlog stays visible and editable after the transformation is closed  322ms
   ✓ BAU and improvement screens (ar) > handover checklist marks data access missing; submit 422 names it in the shown language  318ms
   ✓ BAU and improvement screens (ar) > only the receiving owner is offered accept, labelled a business approval  831ms
   ✓ BAU and improvement screens (ar) > after reopening, the area shows the original handover acceptance and closure date  456ms
   ✓ BAU and improvement screens (ar) > CI backlog stays visible and editable after the transformation is closed  350ms
 ✓ |unit-web| src/pages/approvals/approvals.test.tsx (16 tests) 4535ms
   ✓ Approvals (en) > lists my approvals; an Unknown due date shows Unknown with its reason, never a date  308ms
   ✓ Approvals (en) > offers exactly four outcomes; defer needs a date; the decision sends subjectVersion with If-Match  565ms
   ✓ Approvals (en) > a blank rationale is refused before sending  300ms
   ✓ Approvals (en) > a stale 409 says the record changed, records nothing and links to the history  313ms
   ✓ Approvals (ar) > a stale 409 says the record changed, records nothing and links to the history  385ms
   ✓ Delegations (en) > revokes with a reason and If-Match; a read-only user sees no action  411ms
   ✓ Delegations (ar) > revokes with a reason and If-Match; a read-only user sees no action  444ms
 ✓ |unit-web| src/pages/actions/ScheduleNetworkPanel.test.tsx (11 tests) 8186ms
   ✓ schedule network panel (en) > computed (ADR-0031 §8 fixture): P = 18, path INI-01 → INI-02 → INI-04, INI-03 float 6 not critical  1351ms
   ✓ schedule network panel (en) > not computable (missing duration): the reason and INI-03 listed; no critical styling or label at all  629ms
   ✓ schedule network panel (en) > record a duration: POST without If-Match; 409 initiative_schedule.exists is translated and the next save is a PATCH  927ms
   ✓ schedule network panel (en) > change a duration: a stale version is a 409 (nothing saved), the current value is re-read and shown, the next save sends the current version  902ms
   ✓ schedule network panel (en) > the auditor (no roadmap.edit) sees the network read-only: no duration control  375ms
   ✓ schedule network panel (ar) > computed (ADR-0031 §8 fixture): P = 18, path INI-01 → INI-02 → INI-04, INI-03 float 6 not critical  785ms
   ✓ schedule network panel (ar) > not computable (missing duration): the reason and INI-03 listed; no critical styling or label at all  798ms
   ✓ schedule network panel (ar) > record a duration: POST without If-Match; 409 initiative_schedule.exists is translated and the next save is a PATCH  1205ms
   ✓ schedule network panel (ar) > change a duration: a stale version is a 409 (nothing saved), the current value is re-read and shown, the next save sends the current version  809ms
   ✓ schedule network panel (ar) > the auditor (no roadmap.edit) sees the network read-only: no duration control  382ms
 ✓ |unit-web| src/pages/roadmap/fe-e.test.tsx (8 tests) 7023ms
   ✓ wave editing (en) > edits planned dates (overlap accepted) with If-Match; the source text is read-only and never sent  1191ms
   ✓ wave editing (en) > 422 roadmap_wave.planned_range is inline at the planned end and translated  685ms
   ✓ wave editing (en) > adds a non-source wave with its bilingual texts (POST, Idempotency-Key)  1821ms
   ✓ wave editing (en) > the read-only auditor gets no wave control  726ms
   ✓ wave editing (ar) > edits planned dates (overlap accepted) with If-Match; the source text is read-only and never sent  545ms
   ✓ wave editing (ar) > 422 roadmap_wave.planned_range is inline at the planned end and translated  414ms
   ✓ wave editing (ar) > adds a non-source wave with its bilingual texts (POST, Idempotency-Key)  1147ms
   ✓ wave editing (ar) > the read-only auditor gets no wave control  491ms
 ✓ |unit-web| src/pages/adoption/adoption.test.tsx (18 tests) 10783ms
   ✓ adoption screens (en) > T13: the seven columns, influence separate from impact, closed lists, provisional Arabic flag  1733ms
   ✓ adoption screens (en) > a server 400 stakeholder_group.stance_invalid lands on the stance field, translated  1707ms
   ✓ adoption screens (en) > interventions: below-trajectory row shows Unassigned and Unknown due date with its reason  474ms
   ✓ adoption screens (en) > indicators: all seven by name; a measure without data is Unknown, never 0  381ms
   ✓ adoption screens (en) > T04 decision page lists a champion's constraint through ?decisionId=  334ms
   ✓ adoption screens (en) > form: a proficiency observation is submitted with its stakeholder group; the API derives the result  1198ms
   ✓ adoption screens (en) > AUD sees the plan read-only (no write control)  471ms
   ✓ adoption screens (ar) > T13: the seven columns, influence separate from impact, closed lists, provisional Arabic flag  431ms
   ✓ adoption screens (ar) > indicators: all seven by name; a measure without data is Unknown, never 0  343ms
   ✓ adoption screens (ar) > T04 decision page lists a champion's constraint through ?decisionId=  417ms
   ✓ adoption screens (ar) > form: a proficiency observation is submitted with its stakeholder group; the API derives the result  1407ms
   ✓ adoption screens (ar) > AUD sees the plan read-only (no write control)  780ms
 ✓ |unit-web| src/pages/benefit-formulas/benefit-formulas.test.tsx (18 tests) 10651ms
   ✓ T09 benefit formulas (en) > register: the six T09 columns with confidence H/M/L; examples marked illustrative with 100000 and 500000 SAR per year  2209ms
   ✓ T09 benefit formulas (en) > builder: an undefined variable shows translated, with its position, before saving; nothing is sent  691ms
   ✓ T09 benefit formulas (en) > builder: monthly ARPU × annual customers is a period mismatch, translated, before saving  740ms
   ✓ T09 benefit formulas (en) > builder: a fraction is entered as percent and stored as a fraction; a version is saved with If-Match  639ms
   ✓ T09 benefit formulas (en) > builder: a 409 shows the standard conflict panel; nothing was saved  518ms
   ✓ T09 benefit formulas (en) > Finance validation of a version: a business approval by FIN; the author cannot; translated refusal  738ms
   ✓ T09 benefit formulas (en) > read-only auditor: no builder, no write control, the read-only note; a validated version reads Validated  576ms
   ✓ T09 benefit formulas (ar) > register: the six T09 columns with confidence H/M/L; examples marked illustrative with 100000 and 500000 SAR per year  791ms
   ✓ T09 benefit formulas (ar) > builder: an undefined variable shows translated, with its position, before saving; nothing is sent  665ms
   ✓ T09 benefit formulas (ar) > builder: monthly ARPU × annual customers is a period mismatch, translated, before saving  336ms
   ✓ T09 benefit formulas (ar) > builder: a fraction is entered as percent and stored as a fraction; a version is saved with If-Match  666ms
   ✓ T09 benefit formulas (ar) > builder: a 409 shows the standard conflict panel; nothing was saved  324ms
   ✓ T09 benefit formulas (ar) > Finance validation of a version: a business approval by FIN; the author cannot; translated refusal  624ms
 ✓ |unit-web| src/pages/dependencies/dependencies.test.tsx (12 tests) 6986ms
   ✓ dependencies (en) > shows the seven T08 columns, an External source, the type label and the needed-by conflict flag  1097ms
   ✓ dependencies (en) > a cycle is refused and shown as the translated message with the path INI-01 → INI-02 → INI-03 → INI-01  865ms
   ✓ dependencies (en) > an External source is sent as {kind: external, label}  897ms
   ✓ dependencies (en) > dependency types: system types are undeletable; an administrator may retire a custom type  549ms
   ✓ dependencies (en) > a system type's 422 dependency_type.system_undeletable is translated  751ms
   ✓ dependencies (ar) > a cycle is refused and shown as the translated message with the path INI-01 → INI-02 → INI-03 → INI-01  500ms
   ✓ dependencies (ar) > an External source is sent as {kind: external, label}  523ms
   ✓ dependencies (ar) > dependency types: system types are undeletable; an administrator may retire a custom type  531ms
   ✓ dependencies (ar) > a system type's 422 dependency_type.system_undeletable is translated  407ms
   ✓ dependencies (ar) > the read-only auditor sees the map and no write control  360ms
 ✓ |unit-web| src/pages/gates/inherited-approval.test.tsx (16 tests) 3844ms
   ✓ inherited-approval annotation (en) > Gates list: G1 pending_verification (counts false) is a badge next to 'Not submitted'  472ms
   ✓ inherited-approval annotation (en) > gate view: an accepted inherited approval is a labelled row beside the 'Not submitted' status  424ms
   ✓ inherited-approval annotation (ar) > gate view: an accepted inherited approval is a labelled row beside the 'Not submitted' status  651ms
 ✓ |unit-web| src/pages/gates/g4.test.tsx (16 tests) 8015ms
   ✓ G4 refusal item by item (en) > two initiatives without owners: two separate translated 'Owners' items, never the joined English message  1771ms
   ✓ G4 refusal item by item (en) > without a usable gate view: one translated line per refused criterion, never the English message  711ms
   ✓ G4 refusal item by item (ar) > two initiatives without owners: two separate translated 'Owners' items, never the joined English message  536ms
   ✓ G4 refusal item by item (ar) > without a usable gate view: one translated line per refused criterion, never the English message  356ms
   ✓ G4 view (en) > a refused submission shows the 422 list with the initiative names, translated  341ms
   ✓ G4 view (en) > the decision's 403 urn:mth:problem:forbidden is translated  410ms
   ✓ G4 view (en) > the decision's 403 urn:mth:problem:forbidden is translated  395ms
   ✓ G4 view (en) > the decision's 409 urn:mth:problem:version-conflict is translated  458ms
   ✓ G4 view (ar) > lists the eight G4 criteria with their missing items: 'Owners', 'Finance validation' and the initiative  476ms
   ✓ G4 view (ar) > a refused submission shows the 422 list with the initiative names, translated  426ms
   ✓ G4 view (ar) > the decision's 403 urn:mth:problem:forbidden is translated  549ms
   ✓ G4 view (ar) > the decision's 403 urn:mth:problem:forbidden is translated  567ms
   ✓ G4 view (ar) > the decision's 409 urn:mth:problem:version-conflict is translated  782ms
 ✓ |unit-web| src/pages/closure/closure.test.tsx (11 tests) 4664ms
   ✓ closure page (en) > shows the four statuses side by side and the value-pending labels; never 'successful'  775ms
   ✓ closure page (en) > closing a value-pending initiative shows the translated 422 closure.value_validation_pending  996ms
   ✓ closure page (en) > closing the transformation without G6 shows the translated refusal  601ms
   ✓ closure page (en) > creates a transition decision with the residual owner and monitoring (a draft until submitted)  522ms
   ✓ closure page (ar) > closing the transformation without G6 shows the translated refusal  316ms
   ✓ closure page (ar) > a returned decision offers 'Submit again (round 2)'; a non-requester's withdrawal is refused, translated  385ms
   ✓ closure page (ar) > creates a transition decision with the residual owner and monitoring (a draft until submitted)  500ms
 ✓ |unit-web| src/pages/meetings/governance.test.tsx (20 tests) 9045ms
   ✓ governance screens (en) > forums: the five layers with their verbatim source cadence; Arabic labelled provisional  361ms
   ✓ governance screens (en) > series editor: 'future meetings only' must be confirmed; the result lists the kept meetings  1258ms
   ✓ governance screens (en) > meeting: the brief lists missing elements; quorum not configured is never 'met'; no engineering gate named  641ms
   ✓ governance screens (en) > publishing an incomplete ask shows the server's 422 once, translated  466ms
   ✓ governance screens (en) > published minutes are read-only and the meeting shows the frozen note  502ms
   ✓ governance screens (en) > T16 log: nine columns; an earlier record shows Unknown for what it lacks; the overdue filter asks the server  467ms
   ✓ governance screens (en) > raising an ask without 'why now': the server's 400 lands on its field  756ms
   ✓ governance screens (en) > recording an Outcome is labelled a business decision and sends If-Match  583ms
   ✓ governance screens (ar) > series editor: 'future meetings only' must be confirmed; the result lists the kept meetings  641ms
   ✓ governance screens (ar) > publishing an incomplete ask shows the server's 422 once, translated  535ms
   ✓ governance screens (ar) > published minutes are read-only and the meeting shows the frozen note  438ms
   ✓ governance screens (ar) > recording an Outcome is labelled a business decision and sends If-Match  677ms
   ✓ governance screens (ar) > escalations: a routing error is a visible row; a rule without a stored row is labelled Default  507ms
 ✓ |unit-web| src/components/LanguageSwitch.test.tsx (10 tests) 4788ms
   ✓ a refused language save, 'en' → other ('403 csrf') > keeps ar on screen and says, in ar, that it was not saved  1093ms
   ✓ a refused language save, 'ar' → other ('403 csrf') > keeps en on screen and says, in en, that it was not saved  631ms
   ✓ a refused language save, 'en' → other ('403 forbidden') > keeps ar on screen and says, in ar, that it was not saved  795ms
   ✓ a refused language save, 'ar' → other ('503') > keeps en on screen and says, in en, that it was not saved  680ms
   ✓ the live region and the persisted preference > a successful save never flips back to the previous language while the PUT is in flight  371ms
   ✓ the live region and the persisted preference > if the persisted preference changes later and is re-applied, the notice says so in that language  308ms
   ✓ the live region and the persisted preference > ar: the notice is a warning banner below the header, not inside it  309ms
 ✓ |unit-web| src/pages/raci/governance.test.tsx (15 tests) 4821ms
   ✓ Governance (en) > RACI: edits a row with the cell selects and saves it as one PATCH with If-Match  803ms
   ✓ Governance (en) > decision rights: seeded rows; the due-date preview shows Unknown with its reason  301ms
   ✓ Governance (en) > decision rights: submits the matrix for business approval with If-Match  426ms
   ✓ Governance (en) > decision rights: a field with an unknown party code is refused before sending  414ms
   ✓ Governance (ar) > decision rights: seeded rows; the due-date preview shows Unknown with its reason  441ms
   ✓ Governance (ar) > decision rights: a field with an unknown party code is refused before sending  686ms
 ✓ |unit-web| src/pages/dispensations/modular-waiver.test.tsx (7 tests) 3823ms
   ✓ Modular G3 waiver (en) > labels a Modular G3 waiver as the waiver of the missing links; End-to-End keeps the DG3 label  950ms
   ✓ Modular G3 waiver (en) > offers the waiver with the Modular hint and sends a G3 waiver without an initiative  1215ms
   ✓ Modular G3 waiver (en) > any other Modular waiver shows the DG3 refusal, translated  495ms
   ✓ Modular G3 waiver (ar) > labels a Modular G3 waiver as the waiver of the missing links; End-to-End keeps the DG3 label  404ms
   ✓ Modular G3 waiver (ar) > any other Modular waiver shows the DG3 refusal, translated  469ms
 ✓ |unit-web| src/app/app.test.tsx (17 tests) 4613ms
   ✓ bilingual shell > renders Arabic RTL by default with the provisional wordmark  437ms
   ✓ bilingual shell > switches to English LTR and persists the preference with If-Match  443ms
   ✓ bilingual shell > shows all fourteen areas to an administrator  745ms
   ✓ bilingual shell > hides Administration from a Workstream Lead, and the admin route shows no-permission  390ms
   ✓ bilingual shell > a partial area (Governance) leads into the Gates tab of each transformation; its portfolio view stays planned  449ms
   ✓ sign-in > shows the development form only when the server has the dev-login route (400 on an empty probe)  329ms
   ✓ transformations > lists transformations with a sortable code column and removable filter chips  517ms
   ✓ transformations > detail shows the workspace header with Unknown for data from later stages  498ms
 ✓ |unit-web| src/app/p3-seams.test.tsx (10 tests) 4402ms
   ✓ P3 routes > workspace tabs (en) > the workspace tabs include the P3 tabs, labelled from their own namespaces  1004ms
   ✓ P3 routes > workspace tabs (ar) > the workspace tabs include the P3 tabs, labelled from their own namespaces  916ms
   ✓ P3 navigation areas > en /initiatives-roadmaps leads into the Initiatives and Roadmaps tab of each transformation  787ms
   ✓ P3 navigation areas > ar /initiatives-roadmaps leads into the المبادرات وخرائط الطريق tab of each transformation  632ms
   ✓ P3 navigation areas > en /benefits-finance leads into the Benefits and Finance tab of each transformation  563ms
   ✓ P3 navigation areas > ar /benefits-finance leads into the المنافع والمالية tab of each transformation  471ms
 ✓ |unit-web| src/pages/dispensations/dispensations.test.tsx (12 tests) 8416ms
   ✓ Dispensations (en) > lists waivers and inherited approvals; unverified evidence is shown as unverified; recorder cannot decide  863ms
   ✓ Dispensations (en) > a waiver needs a reason and an expiry: refused inline, nothing sent; then sent with its scope  780ms
   ✓ Dispensations (en) > an inherited approval (Modular) needs the approving body, the date and evidence; 422s are translated  650ms
   ✓ Dispensations (en) > deciding is a labelled business approval; the delegated-decision 422 and the recorder 403 are translated  823ms
   ✓ Dispensations (en) > revoking an accepted dispensation needs a reason and is a business approval  1143ms
   ✓ Dispensations (en) > the read-only auditor sees the register with no enabled write control  733ms
   ✓ Dispensations (ar) > lists waivers and inherited approvals; unverified evidence is shown as unverified; recorder cannot decide  621ms
   ✓ Dispensations (ar) > a waiver needs a reason and an expiry: refused inline, nothing sent; then sent with its scope  925ms
   ✓ Dispensations (ar) > an inherited approval (Modular) needs the approving body, the date and evidence; 422s are translated  671ms
   ✓ Dispensations (ar) > deciding is a labelled business approval; the delegated-decision 422 and the recorder 403 are translated  518ms
   ✓ Dispensations (ar) > revoking an accepted dispensation needs a reason and is a business approval  319ms
   ✓ Dispensations (ar) > the read-only auditor sees the register with no enabled write control  360ms
 ✓ |unit-web| src/pages/capacity/capacity.test.tsx (6 tests) 2134ms
   ✓ capacity (en) > the role × month grid shows decimal FTE, the conflict with its shortfall, and Unknown capacity as Unknown (never 0)  400ms
   ✓ capacity (en) > committing a demand POSTs with If-Match; a 409 shows the conflict notice and reloads  501ms
   ✓ capacity (ar) > committing a demand POSTs with If-Match; a 409 shows the conflict notice and reloads  438ms
 ✓ |unit-web| src/pages/transformations/modeGuidance.test.tsx (5 tests) 1829ms
   ✓ New transformation: mode guidance (English LTR) > shows When to use and How for the selected mode and switches with the mode  620ms
   ✓ New transformation: mode guidance (English LTR) > Modular requires an entry phase before anything is sent  580ms
   ✓ New transformation: mode guidance (English LTR) > a server validation error on the entry phase is shown on that field  414ms
 ✓ |unit-web| src/pages/my-work/my-work.test.tsx (21 tests) 6546ms
   ✓ My Work (en) > renders tasks and reminders from messageKey + messageParams; Unknown due dates; system-managed tasks  969ms
   ✓ My Work (en) > marks a task done and a reminder read with bodiless POSTs and If-Match  1437ms
   ✓ My Work (ar) > marks a task done and a reminder read with bodiless POSTs and If-Match  495ms
   ✓ Calendar, jobs and groups (en) > calendar: a technical administrator adds a holiday; a range error is caught before sending  660ms
   ✓ Calendar, jobs and groups (en) > jobs: no permission without job.read; job.configure edits a schedule with If-Match  551ms
   ✓ Calendar, jobs and groups (ar) > calendar: a technical administrator adds a holiday; a range error is caught before sending  476ms
   ✓ Calendar, jobs and groups (ar) > jobs: no permission without job.read; job.configure edits a schedule with If-Match  483ms
 ✓ |unit-web| src/components/States.test.tsx (15 tests) 565ms
 ✓ |unit-web| src/pages/readiness/readiness.test.tsx (4 tests) 1618ms
   ✓ Readiness (en) > lists the missing diagnostic areas by name, the gates and the translated sequencing blockers  889ms
 ✓ |unit-web| src/components/RecordForm.alerts.test.tsx (16 tests) 3365ms
   ✓ record form: one alert per distinct form error (en) > dialog > a 400 whose only field error has pointer "" says its message once, in one live region  1003ms
 ✓ |unit-web| src/i18n/problems-slices-hijk.test.ts (8 tests) 198ms
 ✓ |unit-web| src/pages/my-work/message-keys.test.ts (83 tests) 191ms
 ✓ |unit-web| src/lib/auditChanges.test.ts (125 tests) 226ms
 ✓ |unit-web| src/i18n/i18n.test.ts (11 tests) 155ms
 ✓ |unit-web| src/test/harness-config.test.ts (2 tests) 8ms
 ✓ |unit-web| src/lib/lib.test.ts (24 tests) 83ms
 ✓ |unit-web| src/test/react-warning-guard.test.tsx (4 tests) 78ms
 ✓ |unit-web| src/i18n/glossary.test.ts (8 tests) 19ms
 ✓ |unit-web| src/styles/styles.test.ts (6 tests) 19ms
 ✓ |unit-web| src/pages/business-cases/problem-codes.test.ts (4 tests) 46ms
 ✓ |unit-node| apps/api/src/modules/workflows/workflows.test.ts (14 tests) 3719ms
   ✓ workflows module (P2) > its declared boundary holds, and an undeclared dependency would be caught  3603ms
 ✓ |unit-node| packages/shared/src/formula/fuzz.test.ts (111 tests) 15316ms
   ✓ fuzz: no uncaught exception, no code execution > 10 000 random byte strings (0–255, up to 80 bytes)  2550ms
   ✓ fuzz: no uncaught exception, no code execution > 10 000 random UTF-16 strings including astral code points and lone surrogates  2611ms
   ✓ fuzz: no uncaught exception, no code execution > 20 000 random strings over the grammar alphabet reach parser, type checker and evaluator  6727ms
   ✓ source scan: no dynamic code in packages/shared/src/formula (ADR-0024 §6) > every file of the engine's import closure gets the engine-source lint rules (eslint.config.js)  2321ms
   ✓ source scan: no dynamic code in packages/shared/src/formula (ADR-0024 §6) > ESLint refuses the round-5 handler forms (G1, G2, A1, A2), F1 and every lintable probe-table row in an engine source  1017ms
 ✓ |unit-node| apps/api/src/architecture.test.ts (138 tests) 24218ms
   ✓ API module boundaries (ADR-0002) > every import respects dependsOn, public surfaces and allowed packages  14240ms
   ✓ package dependency direction (ADR-0002 rule 5) > packages/db imports only @mth/config and @mth/shared  333ms
   ✓ package dependency direction (ADR-0002 rule 5) > packages/shared imports no workspace package  1394ms
   ✓ package dependency direction (ADR-0002 rule 5) > apps/web never imports @mth/db or @mth/config (browser bundle, no secrets)  7161ms
 ✓ |unit-node| apps/api/src/modules/kpi/kpi.test.ts (39 tests) 3640ms
   ✓ kpi module (P2) > its declared boundary holds, and a planted bypass or undeclared dependency would be caught  3400ms
 ✓ |unit-node| packages/shared/src/kpi/property.test.ts (11 tests) 2173ms
   ✓ measures > higher- and lower-is-better shortfalls are exact negatives; deviation follows the sign  613ms
   ✓ trajectory > linear expected values lie between the neighbouring points; step values are point values  376ms
   ✓ storage rounding > rounds once half-up: |stored − exact| ≤ 0.0000005 and the record is honest  392ms
 ✓ |unit-node| apps/api/src/server.test.ts (6 tests) 2313ms
   ✓ route registration > declares access on every /api route and on the health endpoints  1076ms
   ✓ route registration > registers dev login only in AUTH_MODE=dev; production configuration refuses dev mode entirely  769ms
 ✓ |unit-node| packages/shared/src/adoption/measures.test.ts (24 tests) 804ms
   ✓ properties (seeded) > never 0 for an empty denominator: Unknown with value null exactly when the denominator is 0  328ms
 ✓ |unit-node| packages/shared/src/scoring.test.ts (36 tests) 1923ms
   ✓ property: all 5^5 integer score combinations under v1 equal an independent BigInt rational computation > stored value, 2-digit display and 0–100 view all match for 3125 combinations  1866ms
 ✓ |unit-node| apps/api/src/modules/reporting/reporting.test.ts (4 tests) 2413ms
   ✓ reporting module (P1 scaffold, D-048) > its declared boundary holds, and a planted bypass or undeclared dependency would be caught  2344ms
 ✓ |unit-node| packages/shared/src/value.test.ts (29 tests) 266ms
 ✓ |unit-node| apps/api/src/modules/evidence/evidence.test.ts (13 tests) 796ms
   ✓ evidence module (P2) > its declared boundary holds  666ms
 ✓ |unit-node| apps/api/src/request-encoding.test.ts (11 tests) 71ms
 ✓ |unit-node| packages/shared/src/schemas/schemas.test.ts (69 tests) 444ms
 ✓ |unit-node| apps/api/src/modules/reporting/dashboards/areas.test.ts (19 tests) 611ms
   ✓ combine (ADR-0037 §3 precedence) > property: Unknown or Stale inputs never combine to green, and the result is one of the inputs' ranks (2000 seeded sets)  457ms
 ✓ |unit-node| apps/api/src/modules/platform/in-flight.test.ts (4 tests) 569ms
 ✓ |unit-node| apps/api/src/modules/methodology/methodology.test.ts (4 tests) 340ms
 ✓ |unit-node| apps/api/src/modules/platform/platform.test.ts (19 tests) 247ms
 ✓ |unit-node| apps/api/src/modules/platform/media-types.test.ts (57 tests) 310ms
 ✓ |unit-node| packages/shared/src/formula/formula.test.ts (140 tests) 100ms
(node:1590) [FSTDEP022] FastifyWarning: The router options for constraints property access is deprecated. Please use "options.routerOptions" instead for accessing router options. The router options will be removed in `fastify@6`.
(Use `node --trace-warnings ...` to show where the warning was created)
 ✓ |unit-node| apps/api/src/modules/platform/framework-errors.test.ts (6 tests) 39ms
 ✓ |unit-node| apps/api/src/modules/platform/connection-hygiene.test.ts (6 tests) 110ms
 ✓ |unit-node| packages/design-tokens/src/tokens.test.ts (15 tests) 31ms
 ✓ |unit-node| apps/api/src/modules/platform/incomplete-body.test.ts (10 tests) 88ms
 ✓ |unit-node| packages/shared/src/time/working-days.test.ts (19 tests) 46ms
 ✓ |unit-node| apps/api/src/modules/raid/raid.test.ts (7 tests) 79ms
 ✓ |unit-node| apps/api/src/modules/benefits/totals.test.ts (14 tests) 124ms
 ✓ |unit-node| apps/api/src/modules/governance/governance.test.ts (2 tests) 155ms
 ✓ |unit-node| apps/api/src/modules/benefits/register-rules.test.ts (45 tests) 120ms
 ✓ |unit-node| packages/config/src/load.test.ts (17 tests) 323ms
 ✓ |unit-node| apps/api/src/modules/sustainment/sustainment.test.ts (2 tests) 36ms
 ✓ |unit-node| apps/api/src/modules/kpi/rules.test.ts (30 tests) 137ms
 ✓ |unit-node| packages/shared/src/schemas/roadmap.test.ts (6 tests) 53ms
 ✓ |unit-node| tests/qa/unit/a05-calc-units.test.ts (15 tests) 91ms
 ✓ |unit-node| apps/api/src/modules/platform/health.test.ts (2 tests) 61ms
 ✓ |unit-node| packages/db/src/seed.test.ts (34 tests) 68ms
 ✓ |unit-node| packages/shared/src/kpi/a05.test.ts (17 tests) 38ms
 ✓ |unit-node| packages/shared/src/kpi/types.test.ts (40 tests) 18ms
 ✓ |unit-node| apps/api/src/modules/benefits/benefits.test.ts (2 tests) 60ms
 ✓ |unit-node| apps/api/src/modules/adoption/adoption.test.ts (2 tests) 40ms
 ✓ |unit-node| packages/shared/src/schemas/corrective.test.ts (10 tests) 12ms
 ✓ |unit-node| packages/shared/src/kpi/change.test.ts (22 tests) 69ms
 ✓ |unit-node| packages/shared/src/kpi/rag.test.ts (38 tests) 19ms
 ✓ |unit-node| apps/api/src/modules/portfolio/budget.test.ts (13 tests) 27ms
 ✓ |unit-node| apps/api/src/modules/tasks/tasks.test.ts (5 tests) 28ms
 ✓ |unit-node| apps/api/src/modules/admin/branding.test.ts (4 tests) 211ms
 ✓ |unit-node| apps/api/src/modules/kpi/p3-gate-facts.test.ts (9 tests) 14ms
 ✓ |unit-node| apps/api/src/modules/benefits/d2-rules.test.ts (15 tests) 63ms
 ✓ |unit-node| packages/shared/src/governance/recurrence.test.ts (19 tests) 21ms
 ✓ |unit-node| apps/api/src/modules/transformations/thesis.test.ts (4 tests) 14ms
 ✓ |unit-node| apps/api/src/modules/access/rules.test.ts (12 tests) 8ms
 ✓ |unit-node| apps/api/src/modules/platform/advisory-locks.test.ts (3 tests) 53ms
 ✓ |unit-node| packages/shared/src/kpi/purity.test.ts (14 tests) 36ms
 ✓ |unit-node| apps/api/src/modules/transformations/good-outcome.test.ts (7 tests) 21ms
 ✓ |unit-node| apps/api/src/modules/platform/db-errors-p4-meetings.test.ts (4 tests) 8ms
 ✓ |unit-node| apps/api/src/modules/platform/request-encoding.test.ts (7 tests) 16ms
 ✓ |unit-node| apps/api/src/modules/kpi/formulas.test.ts (10 tests) 50ms
 ✓ |unit-node| packages/shared/src/schemas/missing-links.test.ts (10 tests) 14ms
 ✓ |unit-node| packages/shared/src/kpi/formula-binding.test.ts (26 tests) 18ms
 ✓ |unit-node| packages/shared/src/kpi/status.test.ts (25 tests) 12ms
 ✓ |unit-node| packages/shared/src/schedule/critical-path.test.ts (13 tests) 10ms
 ✓ |unit-node| apps/api/src/modules/portfolio/sequencing.test.ts (9 tests) 22ms
 ✓ |unit-node| packages/shared/src/adoption/form-schema.test.ts (8 tests) 13ms
 ✓ |unit-node| apps/api/src/modules/kpi/kbe-c.test.ts (9 tests) 14ms
 ✓ |unit-node| apps/api/src/modules/portfolio/readiness-transform.test.ts (4 tests) 5ms
 ✓ |unit-node| packages/shared/src/kpi/trajectory.test.ts (14 tests) 27ms
 ✓ |unit-node| apps/api/src/modules/kpi/totals.test.ts (20 tests) 20ms
 ✓ |unit-node| apps/api/src/modules/workflows/g4.test.ts (5 tests) 7ms
 ✓ |unit-node| packages/shared/src/schedule/working-day-slip.test.ts (11 tests) 28ms
 ✓ |unit-node| apps/api/src/modules/platform/db-errors-p4.test.ts (5 tests) 13ms
 ✓ |unit-node| packages/shared/src/kpi/aggregate.test.ts (20 tests) 15ms
 ✓ |unit-node| packages/shared/src/kpi/periods.test.ts (26 tests) 12ms
 ✓ |unit-node| apps/api/src/modules/platform/db-errors.test.ts (7 tests) 13ms
 ✓ |unit-node| packages/shared/src/kpi/measures.test.ts (30 tests) 32ms
 ✓ |unit-node| apps/api/src/modules/identity/oidc-claims.test.ts (5 tests) 16ms
 ✓ |unit-node| apps/api/src/modules/portfolio/schedule.test.ts (14 tests) 19ms
 ✓ |unit-node| apps/api/src/modules/transformations/exclusions.test.ts (19 tests) 5ms
 ✓ |unit-node| apps/api/src/modules/raid/corrective.test.ts (4 tests) 124ms
 ✓ |unit-node| apps/api/src/modules/reporting/dashboards/finance.test.ts (12 tests) 13ms
 ✓ |unit-node| apps/api/src/modules/portfolio/capacity.test.ts (4 tests) 23ms
 ✓ |unit-node| apps/api/src/modules/transformations/transitions.test.ts (2 tests) 11ms
 ✓ |unit-node| apps/api/src/modules/governance/raci.test.ts (2 tests) 3ms
 ✓ |unit-node| apps/api/src/modules/workflows/t08-cycle-problem.test.ts (2 tests) 18ms

 Test Files  140 passed (140)
      Tests  2659 passed (2659)
   Start at  10:01:19
   Duration  331.03s (transform 19.96s, setup 15.24s, collect 284.13s, tests 545.25s, environment 54.19s, prepare 19.40s)


 RUN  v3.2.4 /home/user/wt/dg4-arch-r3

 ✓ |unit-formula-nocodegen| packages/shared/src/formula/formula.test.ts (140 tests) 243ms
 ✓ |unit-formula-nocodegen| packages/shared/src/formula/codegen.nocodegen.test.ts (10 tests) 15ms
 ✓ |unit-formula-nocodegen| packages/shared/src/formula/fuzz.test.ts (111 tests | 2 skipped) 6190ms
   ✓ fuzz: no uncaught exception, no code execution > 10 000 random byte strings (0–255, up to 80 bytes)  1945ms
   ✓ fuzz: no uncaught exception, no code execution > 10 000 random UTF-16 strings including astral code points and lone surrogates  1524ms
   ✓ fuzz: no uncaught exception, no code execution > 20 000 random strings over the grammar alphabet reach parser, type checker and evaluator  2687ms

 Test Files  3 passed (3)
      Tests  259 passed | 2 skipped (261)
   Start at  10:06:52
   Duration  7.79s (transform 494ms, setup 0ms, collect 1.05s, tests 6.45s, environment 1ms, prepare 1.27s)

exit=0
