
> mobily-transformation-hub@0.1.0 test /home/user/My-owns
> vitest run --project unit-node --project unit-web


 RUN  v3.2.4 /home/user/My-owns

 ✓ |unit-web| src/app/app.test.tsx (17 tests) 1909ms
   ✓ transformations > lists transformations with a sortable code column and removable filter chips  315ms
 ✓ |unit-web| src/pages/transformations/transformations.test.tsx (21 tests) 3503ms
   ✓ after create (F-DG1-004) > shows the created record when the server lets the creator read it  445ms
   ✓ effective permissions refresh after create (F-DG1-210) > English: Edit, Archive and the audit trail appear after create, without a reload  473ms
   ✓ effective permissions refresh after create (F-DG1-210) > Arabic (RTL): the same controls and the audit trail appear after create, without a reload  392ms
stderr | src/pages/team/team.test.tsx > Team (English LTR) > shows a 403 from the server in words; nothing is assigned
Cannot update a component (`AssignDialog`) while rendering a different component (`RecordDialog`). To locate the bad setState() call inside `RecordDialog`, follow the stack trace as described in https://react.dev/link/setstate-in-render

 ✓ |unit-web| src/pages/team/team.test.tsx (6 tests) 1765ms
   ✓ Team (English LTR) > shows the six governance roles with B0018 accountability text verbatim and who holds each  518ms
   ✓ Team (English LTR) > lists team members with the accountability on each assignment, sortable and filterable  303ms
   ✓ Team (English LTR) > a Transformation Lead assigns a Workstream Lead: Idempotency-Key, reason, accountability preview  336ms
   ✓ Team (English LTR) > shows a 403 from the server in words; nothing is assigned  303ms
 ✓ |unit-web| src/pages/transformations/modeGuidance.test.tsx (5 tests) 860ms
   ✓ New transformation: mode guidance (English LTR) > shows When to use and How for the selected mode and switches with the mode  383ms
 ✓ |unit-web| src/components/States.test.tsx (15 tests) 327ms
 ✓ |unit-web| src/lib/lib.test.ts (23 tests) 50ms
 ✓ |unit-web| src/i18n/i18n.test.ts (11 tests) 27ms
 ✓ |unit-web| src/lib/auditChanges.test.ts (15 tests) 24ms
 ✓ |unit-web| src/i18n/glossary.test.ts (8 tests) 11ms
 ✓ |unit-web| src/styles/styles.test.ts (6 tests) 8ms
 ✓ |unit-web| src/pages/p2.test.tsx (46 tests) 9691ms
   ✓ Diagnose > shows the six T01 dimensions with Unknown for missing values, and value pools that are never 0  666ms
   ✓ Diagnose > renders the six workstreams with their key questions  356ms
   ✓ Diagnose > edits a T01 row with only the changed fields and If-Match  490ms
   ✓ Diagnose > a 409 on save writes nothing, compares, and re-applies on the current version  421ms
   ✓ Diagnose > a 400 validation.blank shows a localized message on its field ('en')  446ms
   ✓ Diagnose > a 400 validation.blank shows a localized message on its field ('ar')  462ms
   ✓ Diagnose > an invisible-only value is blocked client-side with validation.blank ('en')  435ms
   ✓ Diagnose > an invisible-only value is blocked client-side with validation.blank ('ar')  432ms
   ✓ Define: KPI activation (F-DG2-201) > Arabic: the Activate action and the 422 reason are in Arabic  373ms
   ✓ Charter > scope pre-check: an empty Out of scope reads as failing (EN and AR)  357ms
   ✓ Design > shows the ten canvas boxes and the per-dimension view  339ms
   ✓ Design > converts an unresolved workshop item into a design decision with If-Match  473ms
 ✓ |unit-node| apps/api/src/architecture.test.ts (135 tests) 2446ms
   ✓ API module boundaries (ADR-0002) > every import respects dependsOn, public surfaces and allowed packages  1409ms
   ✓ package dependency direction (ADR-0002 rule 5) > apps/web never imports @mth/db or @mth/config (browser bundle, no secrets)  569ms
 ✓ |unit-node| apps/api/src/modules/workflows/workflows.test.ts (14 tests) 514ms
   ✓ workflows module (P2) > its declared boundary holds, and an undeclared dependency would be caught  483ms
 ✓ |unit-node| apps/api/src/modules/kpi/kpi.test.ts (18 tests) 461ms
   ✓ kpi module (P2) > its declared boundary holds, and a planted bypass or undeclared dependency would be caught  423ms
 ✓ |unit-node| apps/api/src/server.test.ts (6 tests) 268ms
 ✓ |unit-node| apps/api/src/modules/evidence/evidence.test.ts (8 tests) 372ms
 ✓ |unit-node| packages/shared/src/value.test.ts (29 tests) 160ms
 ✓ |unit-node| apps/api/src/modules/methodology/methodology.test.ts (4 tests) 200ms
 ✓ |unit-node| packages/config/src/load.test.ts (17 tests) 74ms
 ✓ |unit-node| packages/shared/src/schemas/schemas.test.ts (29 tests) 75ms
 ✓ |unit-node| packages/design-tokens/src/tokens.test.ts (15 tests) 41ms
 ✓ |unit-node| apps/api/src/modules/reporting/reporting.test.ts (4 tests) 99ms
 ✓ |unit-node| apps/api/src/modules/kpi/rules.test.ts (30 tests) 35ms
 ✓ |unit-node| packages/db/src/seed.test.ts (7 tests) 19ms
 ✓ |unit-node| apps/api/src/modules/access/rules.test.ts (12 tests) 7ms
 ✓ |unit-node| apps/api/src/modules/platform/platform.test.ts (13 tests) 17ms
 ✓ |unit-node| apps/api/src/modules/admin/branding.test.ts (4 tests) 33ms
 ✓ |unit-node| apps/api/src/modules/transformations/good-outcome.test.ts (7 tests) 9ms
 ✓ |unit-node| apps/api/src/modules/transformations/thesis.test.ts (4 tests) 6ms
 ✓ |unit-node| apps/api/src/modules/transformations/exclusions.test.ts (19 tests) 4ms
 ✓ |unit-node| apps/api/src/modules/transformations/transitions.test.ts (2 tests) 4ms

 Test Files  31 passed (31)
      Tests  550 passed (550)
   Start at  06:24:39
   Duration  17.98s (transform 2.55s, setup 0ms, collect 16.65s, tests 23.02s, environment 5.30s, prepare 2.40s)

