
> mobily-transformation-hub@0.1.0 test /home/user/My-owns
> vitest run --project unit-node --project unit-web && vitest run --project unit-formula-nocodegen


 RUN  v3.2.4 /home/user/My-owns

 ✓ |unit-web| src/auth/session-generation.test.tsx (26 tests) 14460ms
   ✓ F-DG2-530 a write in flight across an identity change (en) > X3: A's PATCH answered after B's /me is not written into B's cache, not shown, and does not navigate B  1335ms
   ✓ F-DG2-530 a write in flight across an identity change (en) > X3b: the same after a session END here and B's sign-in: A's late answer never lands  736ms
   ✓ F-DG2-530 a write in flight across an identity change (en) > an archive in flight across an identity change: A's archived record never lands in B's cache  1834ms
   ✓ F-DG2-530 a write in flight across an identity change (en) > an organization save in flight across an identity change: A's change is never stored under B  756ms
   ✓ F-DG2-530 a write in flight across an identity change (en) > a user save in flight across an identity change: A's change is never stored under B  595ms
   ✓ F-DG2-530 a write in flight across an identity change (en) > a same-person new session: the in-flight save is dropped silently, the draft is kept and usable  674ms
   ✓ F-DG2-530 a write in flight across an identity change (en) > a language save retried after a 409 is never written for the identity that replaced A  343ms
   ✓ F-DG2-530 X6: refocus and reconnect revalidate GET /me first (en) > after B signs in elsewhere, a refocus within /me's staleTime shows B's header with B's data, never A's  427ms
   ✓ F-DG2-530 X6: refocus and reconnect revalidate GET /me first (en) > the same identity: a refocus refetches /me once, then the stale page queries; nothing when all is fresh  481ms
   ✓ F-DG2-530 a write in flight across an identity change (ar) > X3: A's PATCH answered after B's /me is not written into B's cache, not shown, and does not navigate B  706ms
   ✓ F-DG2-530 a write in flight across an identity change (ar) > X3b: the same after a session END here and B's sign-in: A's late answer never lands  657ms
   ✓ F-DG2-530 a write in flight across an identity change (ar) > an archive in flight across an identity change: A's archived record never lands in B's cache  825ms
   ✓ F-DG2-530 a write in flight across an identity change (ar) > an organization save in flight across an identity change: A's change is never stored under B  702ms
   ✓ F-DG2-530 a write in flight across an identity change (ar) > a user save in flight across an identity change: A's change is never stored under B  764ms
   ✓ F-DG2-530 a write in flight across an identity change (ar) > a same-person new session: the in-flight save is dropped silently, the draft is kept and usable  659ms
   ✓ F-DG2-530 X6: refocus and reconnect revalidate GET /me first (ar) > after B signs in elsewhere, a refocus within /me's staleTime shows B's header with B's data, never A's  716ms
   ✓ F-DG2-530 X6: refocus and reconnect revalidate GET /me first (ar) > the same identity: a refocus refetches /me once, then the stale page queries; nothing when all is fresh  980ms
 ✓ |unit-web| src/pages/p2-blank-forms.test.tsx (52 tests) 33728ms
   ✓ gate submission note (en) > a whitespace-only note is refused inline and nothing is sent  1087ms
   ✓ gate submission note (en) > a invisible-only note is refused inline and nothing is sent  574ms
   ✓ gate submission note (en) > visible text is sent verbatim; an empty note is omitted  1146ms
   ✓ gate submission note (ar) > a whitespace-only note is refused inline and nothing is sent  347ms
   ✓ gate submission note (ar) > visible text is sent verbatim; an empty note is omitted  516ms
   ✓ gate decision rationale and comments (en) > a whitespace-only rationale is refused inline and nothing is sent  883ms
   ✓ gate decision rationale and comments (en) > a invisible-only rationale is refused inline and nothing is sent  568ms
   ✓ gate decision rationale and comments (en) > a invisible (long enough for min 3)-only rationale is refused inline and nothing is sent  419ms
   ✓ gate decision rationale and comments (en) > a whitespace-only comment is refused inline (focus on it) and nothing is sent  530ms
   ✓ gate decision rationale and comments (en) > a invisible-only comment is refused inline (focus on it) and nothing is sent  417ms
   ✓ gate decision rationale and comments (en) > visible text is sent verbatim; empty comments are omitted; an empty rationale stays 'too short'  401ms
   ✓ gate decision rationale and comments (en) > a server 400 validation.blank on /rationale lands on the field  347ms
   ✓ gate decision rationale and comments (ar) > a invisible-only rationale is refused inline and nothing is sent  598ms
   ✓ gate decision rationale and comments (ar) > a invisible (long enough for min 3)-only rationale is refused inline and nothing is sent  523ms
   ✓ gate decision rationale and comments (ar) > a whitespace-only comment is refused inline (focus on it) and nothing is sent  633ms
   ✓ gate decision rationale and comments (ar) > visible text is sent verbatim; empty comments are omitted; an empty rationale stays 'too short'  313ms
   ✓ gate decision rationale and comments (ar) > a server 400 validation.blank on /rationale lands on the field  563ms
   ✓ journey step editor (en) > a whitespace-only actor is refused inline (not turned into null) and nothing is sent  1077ms
   ✓ journey step editor (en) > a invisible-only actor is refused inline (not turned into null) and nothing is sent  661ms
   ✓ journey step editor (en) > several blank fields: each gets the message and focus goes to the first (name)  1196ms
   ✓ journey step editor (en) > visible text is sent verbatim; emptied optional text is null; an empty name is required  830ms
   ✓ journey step editor (ar) > a whitespace-only actor is refused inline (not turned into null) and nothing is sent  564ms
   ✓ journey step editor (ar) > a invisible-only actor is refused inline (not turned into null) and nothing is sent  763ms
   ✓ journey step editor (ar) > several blank fields: each gets the message and focus goes to the first (name)  911ms
   ✓ journey step editor (ar) > visible text is sent verbatim; emptied optional text is null; an empty name is required  1480ms
   ✓ Finance validation note and archive reason (en) > note: a whitespace-only note is refused inline and nothing is sent  572ms
   ✓ Finance validation note and archive reason (en) > note: a invisible-only note is refused inline and nothing is sent  762ms
   ✓ Finance validation note and archive reason (en) > note: empty is 'required'; visible text is sent verbatim  904ms
   ✓ Finance validation note and archive reason (en) > reason: a whitespace-only reason is refused inline and nothing is archived  566ms
   ✓ Finance validation note and archive reason (en) > reason: a invisible-only reason is refused inline and nothing is archived  484ms
   ✓ Finance validation note and archive reason (en) > reason: a server 400 validation.blank on /reason is the field message, not a generic error  497ms
   ✓ Finance validation note and archive reason (en) > reason: a reason with U+0000 is refused inline with the localized message and nothing is archived  1131ms
   ✓ Finance validation note and archive reason (en) > reason: a server 400 validation.invalid_character on /reason is the localized field message  679ms
   ✓ Finance validation note and archive reason (en) > reason: empty keeps 'too short'; visible text is sent verbatim  756ms
   ✓ Finance validation note and archive reason (ar) > note: a whitespace-only note is refused inline and nothing is sent  727ms
   ✓ Finance validation note and archive reason (ar) > note: a invisible-only note is refused inline and nothing is sent  753ms
   ✓ Finance validation note and archive reason (ar) > note: empty is 'required'; visible text is sent verbatim  715ms
   ✓ Finance validation note and archive reason (ar) > reason: a whitespace-only reason is refused inline and nothing is archived  336ms
   ✓ Finance validation note and archive reason (ar) > reason: a invisible-only reason is refused inline and nothing is archived  405ms
   ✓ Finance validation note and archive reason (ar) > reason: a server 400 validation.blank on /reason is the field message, not a generic error  615ms
   ✓ Finance validation note and archive reason (ar) > reason: a reason with U+0000 is refused inline with the localized message and nothing is archived  602ms
   ✓ Finance validation note and archive reason (ar) > reason: a server 400 validation.invalid_character on /reason is the localized field message  554ms
   ✓ Finance validation note and archive reason (ar) > reason: empty keeps 'too short'; visible text is sent verbatim  1036ms
   ✓ North Star statement (en) > a whitespace-only statement is refused inline and nothing is sent  1282ms
   ✓ North Star statement (en) > a invisible-only statement is refused inline and nothing is sent  333ms
   ✓ North Star statement (ar) > a whitespace-only statement is refused inline and nothing is sent  527ms
   ✓ North Star statement (ar) > a invisible-only statement is refused inline and nothing is sent  919ms
 ✓ |unit-web| src/pages/p2.test.tsx (56 tests) 35377ms
   ✓ Diagnose > shows the six T01 dimensions with Unknown for missing values, and value pools that are never 0  1486ms
   ✓ Diagnose > renders the six workstreams with their key questions  677ms
   ✓ Diagnose > edits a T01 row with only the changed fields and If-Match  1386ms
   ✓ Diagnose > a 409 on save writes nothing, compares, and re-applies on the current version  616ms
   ✓ Diagnose > a 400 validation.blank shows a localized message on its field ('en')  1019ms
   ✓ Diagnose > a 400 validation.blank shows a localized message on its field ('ar')  770ms
   ✓ Diagnose > an invisible-only value is blocked client-side with validation.blank ('en')  980ms
   ✓ Diagnose > an invisible-only value is blocked client-side with validation.blank ('ar')  1369ms
   ✓ Diagnose > a whitespace-only T01 value is an inline blank error and sends nothing ('en')  1090ms
   ✓ Diagnose > a whitespace-only T01 value is an inline blank error and sends nothing ('ar')  1011ms
   ✓ Diagnose > T01: an emptied field is sent as an explicit null; visible text is sent verbatim  848ms
   ✓ Diagnose > Arabic: RTL with Arabic labels and the unquantified label  332ms
   ✓ Define > shows the good outcome test per outcome with pass / fail / unknown and localized reasons  318ms
   ✓ Define > requires a target date on a T02 row before sending anything  392ms
   ✓ Define > sets the North Star with one sentence and no If-Match the first time  333ms
   ✓ Define: KPI activation (F-DG2-201) > offers Activate on a draft KPI, states the unmet precondition on 422, then activates with If-Match  1158ms
   ✓ Define: KPI activation (F-DG2-201) > Arabic: the Activate action and the 422 reason are in Arabic  783ms
   ✓ Define: KPI activation (F-DG2-201) > an active KPI shows Active and offers no Activate  505ms
   ✓ Charter > shows the 14 fields, the thesis, the five scope checks with pre-checks and the top-outcomes warning  336ms
   ✓ Charter > scope pre-check: an empty Out of scope reads as failing (EN and AR)  1236ms
   ✓ Charter > North Star (field 5): a superseded statement is never shown as the current one  311ms
   ✓ Charter > compares a version with the previous one  996ms
   ✓ Charter > create: a whitespace Case for change is an inline blank error and creates nothing ('en')  453ms
   ✓ Charter > create: a whitespace Case for change is an inline blank error and creates nothing ('ar')  564ms
   ✓ Charter > edit: a whitespace Out of scope is an inline blank error, sends nothing and keeps the value (en)  773ms
   ✓ Charter > edit: a whitespace Out of scope is an inline blank error, sends nothing and keeps the value (ar)  1094ms
   ✓ Charter > edit: emptying a filled field sends null; visible text is verbatim (en)  1488ms
   ✓ Charter > edit: emptying a filled field sends null; visible text is verbatim (ar)  1226ms
   ✓ Charter > edit: a change summary alone is not a change (never a content-free version)  786ms
   ✓ Design > shows the ten canvas boxes and the per-dimension view  1130ms
   ✓ Design > converts an unresolved workshop item into a design decision with If-Match  1526ms
   ✓ Gates (business approval) > lists G1-G6 as business approvals with live readiness, and never mentions the engineering gates  315ms
   ✓ Gates (business approval) > shows unverified evidence as unverified, the failing outcome at G2, and submits with If-Match  434ms
   ✓ Gates (business approval) > the approver's decision: rationale required; 403 and 409 problems in words  1358ms
   ✓ Gates (business approval) > gate list titles: the verbatim B0023 name once, never the code twice (EN and AR)  492ms
   ✓ Evidence > uploads a revision as octet-stream with a percent-encoded file name and If-Match  1563ms
   ✓ Evidence > never offers review to the creator; a filename reference can only be rejected  505ms
   ✓ read-only auditor (AUD) > diagnose: no write control and a read-only note  459ms
   ✓ read-only auditor (AUD) > charter: no write control and a read-only note  371ms
 ✓ |unit-web| src/auth/session-bound.test.tsx (34 tests) 18082ms
   ✓ F-DG2-530/580 no effect of A's action after a further await once the tab is B's (en) > Y1: a create whose post-create GET /me returns B: B is not navigated and never sees A's code or name  1539ms
   ✓ F-DG2-530/580 no effect of A's action after a further await once the tab is B's (en) > Y1c: the same create under one identity still lands on the created record  303ms
   ✓ F-DG2-530/580 no effect of A's action after a further await once the tab is B's (en) > an edit whose identity changes between its awaits: B is not navigated to A's record and keeps nothing of A's  496ms
   ✓ F-DG2-530/580 no effect of A's action after a further await once the tab is B's (en) > an organization create whose identity changes between its awaits: B is not navigated to A's new organization  1524ms
   ✓ F-DG2-530/580 no effect of A's action after a further await once the tab is B's (en) > a user create whose identity changes between its awaits: B is not navigated to A's new user  1046ms
   ✓ F-DG2-530/580 no effect of A's action after a further await once the tab is B's (en) > sanity: the organization and user creates under one identity still navigate to the new record  591ms
   ✓ F-DG2-570 the header and the data of ONE identity on in-app navigation (en) > N1: B signed in elsewhere, no focus event: opening A's record asks GET /me first; B's header above B's answer  477ms
   ✓ F-DG2-530/580 no effect of A's action after a further await once the tab is B's (ar) > Y1: a create whose post-create GET /me returns B: B is not navigated and never sees A's code or name  879ms
   ✓ F-DG2-530/580 no effect of A's action after a further await once the tab is B's (ar) > Y1c: the same create under one identity still lands on the created record  440ms
   ✓ F-DG2-530/580 no effect of A's action after a further await once the tab is B's (ar) > Y1c (not visible to the creator): the creator still gets 'created, but you cannot open it' with the 201's code  579ms
   ✓ F-DG2-530/580 no effect of A's action after a further await once the tab is B's (ar) > an edit whose identity changes between its awaits: B is not navigated to A's record and keeps nothing of A's  598ms
   ✓ F-DG2-530/580 no effect of A's action after a further await once the tab is B's (ar) > an organization create whose identity changes between its awaits: B is not navigated to A's new organization  660ms
   ✓ F-DG2-530/580 no effect of A's action after a further await once the tab is B's (ar) > a user create whose identity changes between its awaits: B is not navigated to A's new user  700ms
   ✓ F-DG2-530/580 no effect of A's action after a further await once the tab is B's (ar) > sanity: the organization and user creates under one identity still navigate to the new record  1030ms
   ✓ F-DG2-530/580 no effect of A's action after a further await once the tab is B's (ar) > sanity: an edit under one identity (a same-identity /me between its awaits) still updates the cache and navigates  471ms
   ✓ F-DG2-570 the header and the data of ONE identity on in-app navigation (ar) > N2: opening the list: B's header with B's list and B's permissions, never A's header or A's empty-state  901ms
   ✓ F-DG2-570 the header and the data of ONE identity on in-app navigation (ar) > N0 (the reviewer's Y5): B signed in a moment ago, no time passes, no focus event: the next page is B's under B's header  574ms
   ✓ F-DG2-570 the header and the data of ONE identity on in-app navigation (ar) > bounded: one GET /me per navigation, shared by the page's burst; other GETs only after the window; same identity kept  585ms
   ✓ the convention: no raw navigate or cache write in app code (T-DG2-FE15) > the ESLint rule refuses a raw navigate, a raw cache write and a useNavigate import in a page  3133ms
 ✓ |unit-web| src/auth/session-end.test.tsx (12 tests) 12128ms
   ✓ session end while the app is open (en) > a 401 on navigation lands once on sign-in with the message; signing in again returns to the page  2614ms
   ✓ session end while the app is open (en) > a 401 on a dialog mutation (the commit-time upload refusal) closes the dialog and lands once on sign-in  1454ms
   ✓ session end while the app is open (en) > a sign-out elsewhere noticed by the next /me probe lands once on sign-in, never on the stale shell  548ms
   ✓ session end while the app is open (en) > a 403 (forbidden) is never treated as a session end  1192ms
   ✓ session end while the app is open (ar) > a 401 on navigation lands once on sign-in with the message; signing in again returns to the page  1753ms
   ✓ session end while the app is open (ar) > a 401 on a dialog mutation (the commit-time upload refusal) closes the dialog and lands once on sign-in  1232ms
   ✓ session end while the app is open (ar) > a sign-out elsewhere noticed by the next /me probe lands once on sign-in, never on the stale shell  533ms
   ✓ session end while the app is open (ar) > a 403 (forbidden) is never treated as a session end  979ms
   ✓ session end under <StrictMode> (as in production) > still lands exactly once on sign-in  884ms
   ✓ sign-in page and the cached identity > decides 'already signed in' only from a fresh /me, never from a stale cache  468ms
   ✓ sign-in page and the cached identity > signing out here shows 'signed out', not 'session ended', and no /me loop  432ms
 ✓ |unit-web| src/pages/render-time-language.test.tsx (28 tests) 20328ms
   ✓ sign-in (dev form), 'en' → 'ar' > an invalid user name: the inline message follows the switch  902ms
   ✓ journey step editor, 'en' → 'ar' > a field error on a step follows the switch  880ms
   ✓ journey step editor, 'en' → 'ar' > the form-level "Step N:" error follows the switch (prefix and message)  2030ms
   ✓ journey step editor, 'ar' → 'en' > a field error on a step follows the switch  2254ms
   ✓ journey step editor, 'ar' → 'en' > the form-level "Step N:" error follows the switch (prefix and message)  1441ms
   ✓ row-action note and reason dialog, 'en' → 'ar' > the Finance validation note's 'required' follows the switch  1499ms
   ✓ row-action note and reason dialog, 'en' → 'ar' > the Finance validation choice's 'required' follows the switch  1161ms
   ✓ row-action note and reason dialog, 'en' → 'ar' > the archive reason's 'too short' follows the switch  758ms
   ✓ row-action note and reason dialog, 'ar' → 'en' > the Finance validation note's 'required' follows the switch  938ms
   ✓ row-action note and reason dialog, 'ar' → 'en' > the Finance validation choice's 'required' follows the switch  608ms
   ✓ row-action note and reason dialog, 'ar' → 'en' > the archive reason's 'too short' follows the switch  599ms
   ✓ gate dialogs, 'en' → 'ar' > the submission note's field error follows the switch  366ms
   ✓ gate dialogs, 'en' → 'ar' > the decision rationale's field error follows the switch  550ms
   ✓ gate dialogs, 'ar' → 'en' > the decision rationale's field error follows the switch  756ms
   ✓ North Star statement, 'en' → 'ar' > the statement's field error follows the switch  820ms
   ✓ North Star statement, 'ar' → 'en' > the statement's field error follows the switch  819ms
   ✓ evidence dialogs, 'en' → 'ar' > upload without a file: 'required' follows the switch  638ms
   ✓ evidence dialogs, 'en' → 'ar' > a link without a record type or record: both 'required' messages follow the switch  609ms
   ✓ evidence dialogs, 'ar' → 'en' > upload without a file: 'required' follows the switch  891ms
   ✓ evidence dialogs, 'ar' → 'en' > a link without a record type or record: both 'required' messages follow the switch  1123ms
 ✓ |unit-web| src/pages/portfolio/portfolio.test.tsx (32 tests) 18018ms
   ✓ Portfolio (en) > lists code, name, wave, owners and three separate columns: proposed rank, selection and funding  1308ms
   ✓ Portfolio (en) > the proposed rank is Unknown (never 0) when the prioritization view is unavailable  392ms
   ✓ Portfolio (en) > filters by status and wave on the server  703ms
   ✓ Portfolio (en) > creates a draft at any time: POST /initiatives with the transformation and an Idempotency-Key  1031ms
   ✓ Portfolio (en) > the read-only auditor sees the list with no enabled write control  445ms
   ✓ Portfolio (en) > outcome hierarchy: five levels, an Unknown target is Unknown (never 0)  301ms
   ✓ Portfolio (ar) > lists code, name, wave, owners and three separate columns: proposed rank, selection and funding  962ms
   ✓ Portfolio (ar) > the proposed rank is Unknown (never 0) when the prioritization view is unavailable  306ms
   ✓ Portfolio (ar) > filters by status and wave on the server  507ms
   ✓ Portfolio (ar) > creates a draft at any time: POST /initiatives with the transformation and an Idempotency-Key  685ms
   ✓ Portfolio (ar) > the read-only auditor sees the list with no enabled write control  418ms
   ✓ Initiative Card (en) > shows all 14 T05 fields in the source order and the 3-7 deliverables warning (a warning, not a block)  409ms
   ✓ Initiative Card (en) > submit refused: 'Case for change not yet approved (G1)…' is the dialog's one translated alert  650ms
   ✓ Initiative Card (en) > submit refused: 'Outcome before activity…' (validation at /outcomeContributions) is translated  312ms
   ✓ Initiative Card (en) > launch refused: 'North Star, outcomes and target state not yet approved', then 'Selected - unfunded…'  568ms
   ✓ Initiative Card (en) > select is a labelled business approval: rationale required, If-Match, no 'on behalf of' control  1095ms
   ✓ Initiative Card (en) > a 409 shows the conflict banner and reloads  781ms
   ✓ Initiative Card (en) > a gap link to another TOM record shows 'A project portfolio is not a Target Operating Model…'  907ms
   ✓ Initiative Card (en) > an outcome contribution needs an outcome; the KPI is optional and labelled so  542ms
   ✓ Initiative Card (en) > the read-only auditor sees the card with no enabled write control  353ms
   ✓ Initiative Card (ar) > shows all 14 T05 fields in the source order and the 3-7 deliverables warning (a warning, not a block)  427ms
   ✓ Initiative Card (ar) > submit refused: 'Case for change not yet approved (G1)…' is the dialog's one translated alert  468ms
   ✓ Initiative Card (ar) > submit refused: 'Outcome before activity…' (validation at /outcomeContributions) is translated  919ms
   ✓ Initiative Card (ar) > launch refused: 'North Star, outcomes and target state not yet approved', then 'Selected - unfunded…'  758ms
   ✓ Initiative Card (ar) > select is a labelled business approval: rationale required, If-Match, no 'on behalf of' control  508ms
   ✓ Initiative Card (ar) > a 409 shows the conflict banner and reloads  998ms
   ✓ Initiative Card (ar) > a gap link to another TOM record shows 'A project portfolio is not a Target Operating Model…'  317ms
 ✓ |unit-web| src/auth/session-identity.test.tsx (18 tests) 8842ms
   ✓ F-DG2-500 a session end on the sign-in page (en) > W5: Back to /login after A's session ends, B signs in with the development form: B never sees A's records  1164ms
   ✓ F-DG2-500 a session end on the sign-in page (en) > W5b (OIDC mode): B signs in in another tab and this tab's /me re-probe brings B: B never sees A's records  1038ms
   ✓ F-DG2-500 an identity change with no session end in this tab (en) > a refocus /me that returns another identity removes every session query before B renders, and drops A's drafts  793ms
   ✓ F-DG2-500 an identity change with no session end in this tab (en) > a new session of the same person (signed in again elsewhere) refetches the queries but keeps their own draft  456ms
   ✓ F-DG2-500 an identity change with no session end in this tab (en) > the same identity re-probed (window refocus) keeps the cache and the page state  346ms
   ✓ F-DG2-500 sign-out here and 403 (en) > signing out here clears everything; B signing in afterwards never sees A's records  940ms
   ✓ F-DG2-500 a session end on the sign-in page (ar) > W5: Back to /login after A's session ends, B signs in with the development form: B never sees A's records  648ms
   ✓ F-DG2-500 a session end on the sign-in page (ar) > W5b (OIDC mode): B signs in in another tab and this tab's /me re-probe brings B: B never sees A's records  737ms
   ✓ F-DG2-500 an identity change with no session end in this tab (ar) > a refocus /me that returns another identity removes every session query before B renders, and drops A's drafts  570ms
   ✓ F-DG2-500 sign-out here and 403 (ar) > signing out here clears everything; B signing in afterwards never sees A's records  1033ms
   ✓ F-DG2-500 sign-out here and 403 (ar) > a 403 is never a session end: the phase, the identity and the cache are kept  316ms
 ✓ |unit-web| src/pages/prioritization/prioritization.test.tsx (20 tests) 16858ms
   ✓ prioritization (en) > ranked table: an incomplete score is 'incomplete' (never a number), 3.30 complete; 0–100 shows 57.5 with its label  1426ms
   ✓ prioritization (en) > scorecard: 6 is refused inline and nothing is sent; 4 is POSTed as the integer; the weighted score is read-only 'incomplete'  1223ms
   ✓ prioritization (en) > weight sets: the live total refuses 95% and 105%; 100% is accepted and POSTed as decimal strings  612ms
   ✓ prioritization (en) > weight sets: the proposer is never offered approval; another approver's approval is a business approval with If-Match; 403 SoD is translated  1435ms
   ✓ prioritization (en) > weight set approval: a 409 shows the conflict banner and reloads  1111ms
   ✓ prioritization (en) > ranking history: causes are translated from codes, including 'weight version 2', score change and the override reason  457ms
   ✓ prioritization (en) > overrides: a reason is required (missing and invisible-only are refused, nothing sent); with a reason it is POSTed  765ms
   ✓ prioritization (en) > the read-only auditor sees the data and no enabled write control  584ms
   ✓ prioritization (en) > a portfolio above 500 eligible initiatives is the translated 422 state, not an empty table  872ms
   ✓ prioritization (en) > never mentions a delivery gate (DG0–DG7)  866ms
   ✓ prioritization (ar) > ranked table: an incomplete score is 'incomplete' (never a number), 3.30 complete; 0–100 shows 57.5 with its label  818ms
   ✓ prioritization (ar) > scorecard: 6 is refused inline and nothing is sent; 4 is POSTed as the integer; the weighted score is read-only 'incomplete'  897ms
   ✓ prioritization (ar) > weight sets: the live total refuses 95% and 105%; 100% is accepted and POSTed as decimal strings  738ms
   ✓ prioritization (ar) > weight sets: the proposer is never offered approval; another approver's approval is a business approval with If-Match; 403 SoD is translated  1321ms
   ✓ prioritization (ar) > weight set approval: a 409 shows the conflict banner and reloads  731ms
   ✓ prioritization (ar) > overrides: a reason is required (missing and invisible-only are refused, nothing sent); with a reason it is POSTed  945ms
   ✓ prioritization (ar) > the read-only auditor sees the data and no enabled write control  1291ms
 ✓ |unit-web| src/pages/business-cases/business-cases.test.tsx (18 tests) 14238ms
   ✓ business cases (en) > register: levels, Finance baseline states with text (Stale is never green) and drafts  1468ms
   ✓ business cases (en) > detail: all ten sections, totals with gross / cost / net apart, net Unknown (never 0), roll-up by reference  438ms
   ✓ business cases (en) > sections: saves only the changed section with If-Match; blank text is refused inline and nothing is sent  1809ms
   ✓ business cases (en) > sections: a 409 shows the standard conflict panel (nothing saved) with the current values  440ms
   ✓ business cases (en) > lines: exactly one class from one select; the value basis follows the class; a 422 is translated  502ms
   ✓ business cases (en) > Finance validation: a business approval for FIN who did not author the case; If-Match; translated 403  557ms
   ✓ business cases (en) > Finance validation: the case author sees no validate action, only the separation-of-duties note  441ms
   ✓ business cases (en) > read-only auditor: the ten sections as text, no enabled write control, the read-only note  303ms
   ✓ business cases (ar) > register: levels, Finance baseline states with text (Stale is never green) and drafts  395ms
   ✓ business cases (ar) > detail: all ten sections, totals with gross / cost / net apart, net Unknown (never 0), roll-up by reference  736ms
   ✓ business cases (ar) > totals: a partial total says how many Unknown lines it leaves out  388ms
   ✓ business cases (ar) > sections: saves only the changed section with If-Match; blank text is refused inline and nothing is sent  1487ms
   ✓ business cases (ar) > sections: a 409 shows the standard conflict panel (nothing saved) with the current values  951ms
   ✓ business cases (ar) > lines: exactly one class from one select; the value basis follows the class; a 422 is translated  1112ms
   ✓ business cases (ar) > Finance validation: a business approval for FIN who did not author the case; If-Match; translated 403  1907ms
   ✓ business cases (ar) > Finance validation: the case author sees no validate action, only the separation-of-duties note  489ms
   ✓ business cases (ar) > read-only auditor: the ten sections as text, no enabled write control, the read-only note  550ms
 ✓ |unit-web| src/pages/transformations/transformations.test.tsx (21 tests) 12946ms
   ✓ after create (F-DG1-004) > shows the created record when the server lets the creator read it  2153ms
   ✓ after create (F-DG1-004) > explains, in English, that the draft was created but cannot be opened (server 404), instead of 'Not found'  578ms
   ✓ after create (F-DG1-004) > explains the same in Arabic (RTL), using the glossary term for Transformation  554ms
   ✓ after create (F-DG1-004) > treats a 403 for the just-created record the same way  423ms
   ✓ audit trail changes (F-DG1-005) > English: field and value labels, not raw keys or enum codes  395ms
   ✓ audit trail changes (F-DG1-005) > Arabic: the same changes with Arabic labels in the RTL layout  445ms
   ✓ derived creator assignment on the audit trail (F-DG1-008) > English: localized action, fields, role, user and scope; nothing raw or marked untranslated  344ms
   ✓ derived creator assignment on the audit trail (F-DG1-008) > Arabic (RTL): the same event with Arabic labels and the glossary role name  384ms
   ✓ derived creator assignment on the audit trail (F-DG1-008) > an action the catalogue does not know stays readable and is explicitly marked (en and ar)  623ms
   ✓ effective permissions refresh after create (F-DG1-210) > English: Edit, Archive and the audit trail appear after create, without a reload  3631ms
   ✓ effective permissions refresh after create (F-DG1-210) > Arabic (RTL): the same controls and the audit trail appear after create, without a reload  1263ms
   ✓ effective permissions refresh after create (F-DG1-210) > does not over-grant: if the refreshed server answer adds nothing, Archive and the audit trail stay hidden  702ms
   ✓ effective permissions refresh after create (F-DG1-210) > a failed /me refresh never blocks the navigation; the UI stays fail-safe (no controls offered)  467ms
 ✓ |unit-web| src/pages/portfolio/fe-e.test.tsx (18 tests) 12171ms
   ✓ Funding decisions (en) > is a labelled business approval with no 'on behalf of' control; rationale required; POST with an Idempotency-Key  1569ms
   ✓ Funding decisions (en) > the BE-E 422s are the dialog's one translated alert; funding.amount_invalid is also inline at /amount  747ms
   ✓ Funding decisions (en) > the history shows a missing amount as Unknown (never 0); a re-selected initiative explains the deselect rule  519ms
   ✓ Funding decisions (ar) > is a labelled business approval with no 'on behalf of' control; rationale required; POST with an Idempotency-Key  499ms
   ✓ Funding decisions (ar) > the BE-E 422s are the dialog's one translated alert; funding.amount_invalid is also inline at /amount  617ms
   ✓ Deliverables and milestones on the card (en) > creates (Idempotency-Key), edits (If-Match) and archives (reason, If-Match) a deliverable  688ms
   ✓ Deliverables and milestones on the card (en) > creates a milestone with its wave and forecast, and edits it with If-Match  862ms
   ✓ Deliverables and milestones on the card (en) > the card edit form translates initiative.planned_range specifically (RecordDialog namespaces)  579ms
   ✓ Deliverables and milestones on the card (ar) > creates (Idempotency-Key), edits (If-Match) and archives (reason, If-Match) a deliverable  1219ms
   ✓ Deliverables and milestones on the card (ar) > creates a milestone with its wave and forecast, and edits it with If-Match  1787ms
   ✓ Deliverables and milestones on the card (ar) > 422 initiative.read_only (a closure raced the edit) is translated as the dialog's one alert  363ms
   ✓ Deliverables and milestones on the card (ar) > a cancelled initiative shows deliverables, milestones and funding with no write control  635ms
   ✓ Deliverables and milestones on the card (ar) > the card edit form translates initiative.planned_range specifically (RecordDialog namespaces)  1092ms
 ✓ |unit-web| src/pages/benefit-formulas/benefit-formulas.test.tsx (18 tests) 13451ms
   ✓ T09 benefit formulas (en) > register: the six T09 columns with confidence H/M/L; examples marked illustrative with 100000 and 500000 SAR per year  1861ms
   ✓ T09 benefit formulas (en) > builder: an undefined variable shows translated, with its position, before saving; nothing is sent  1461ms
   ✓ T09 benefit formulas (en) > builder: monthly ARPU × annual customers is a period mismatch, translated, before saving  675ms
   ✓ T09 benefit formulas (en) > builder: a fraction is entered as percent and stored as a fraction; a version is saved with If-Match  922ms
   ✓ T09 benefit formulas (en) > builder: a fraction difference shows percentage points (translated suffix), never %  345ms
   ✓ T09 benefit formulas (en) > builder: a 409 shows the standard conflict panel; nothing was saved  566ms
   ✓ T09 benefit formulas (en) > Finance validation of a version: a business approval by FIN; the author cannot; translated refusal  390ms
   ✓ T09 benefit formulas (ar) > register: the six T09 columns with confidence H/M/L; examples marked illustrative with 100000 and 500000 SAR per year  687ms
   ✓ T09 benefit formulas (ar) > builder: an undefined variable shows translated, with its position, before saving; nothing is sent  1528ms
   ✓ T09 benefit formulas (ar) > builder: monthly ARPU × annual customers is a period mismatch, translated, before saving  322ms
   ✓ T09 benefit formulas (ar) > builder: a fraction is entered as percent and stored as a fraction; a version is saved with If-Match  964ms
   ✓ T09 benefit formulas (ar) > builder: a 409 shows the standard conflict panel; nothing was saved  996ms
   ✓ T09 benefit formulas (ar) > Finance validation of a version: a business approval by FIN; the author cannot; translated refusal  1494ms
   ✓ T09 benefit formulas (ar) > read-only auditor: no builder, no write control, the read-only note; a validated version reads Validated  353ms
 ✓ |unit-web| src/pages/gates/g4.test.tsx (16 tests) 11352ms
   ✓ G4 refusal item by item (en) > two initiatives without owners: two separate translated 'Owners' items, never the joined English message  1992ms
   ✓ G4 refusal item by item (en) > without a usable gate view: one translated line per refused criterion, never the English message  933ms
   ✓ G4 refusal item by item (ar) > two initiatives without owners: two separate translated 'Owners' items, never the joined English message  511ms
   ✓ G4 refusal item by item (ar) > without a usable gate view: one translated line per refused criterion, never the English message  1024ms
   ✓ G4 view (en) > lists the eight G4 criteria with their missing items: 'Owners', 'Finance validation' and the initiative  380ms
   ✓ G4 view (en) > a refused submission shows the 422 list with the initiative names, translated  776ms
   ✓ G4 view (en) > the decision's 403 urn:mth:problem:forbidden is translated  1508ms
   ✓ G4 view (en) > the decision's 403 urn:mth:problem:forbidden is translated  796ms
   ✓ G4 view (en) > the decision's 409 urn:mth:problem:version-conflict is translated  589ms
   ✓ G4 view (ar) > a refused submission shows the 422 list with the initiative names, translated  828ms
   ✓ G4 view (ar) > the decision's 403 urn:mth:problem:forbidden is translated  611ms
   ✓ G4 view (ar) > the decision's 403 urn:mth:problem:forbidden is translated  369ms
   ✓ G4 view (ar) > the decision's 409 urn:mth:problem:version-conflict is translated  933ms
 ✓ |unit-web| src/pages/team/team.test.tsx (10 tests) 7694ms
   ✓ Team (English LTR) > shows the six governance roles with B0018 accountability text verbatim and who holds each  1397ms
   ✓ Team (English LTR) > lists team members with the accountability on each assignment, sortable and filterable  608ms
   ✓ Team (English LTR) > a Transformation Lead assigns a Workstream Lead: Idempotency-Key, reason, accountability preview  733ms
   ✓ Team (English LTR) > shows a 403 from the server in words; nothing is assigned  618ms
   ✓ Team assign dialog: accountability preview follows the selected role (F-DG2-430) > en: WL on open, then KDS, TD, none and WL again, in StrictMode with no React warning  578ms
   ✓ Team assign dialog: accountability preview follows the selected role (F-DG2-430) > ar: WL on open, then KDS, TD, none and WL again, in StrictMode with no React warning  1000ms
   ✓ Team: the success notice follows a language switch, 'en' → 'ar' > the notice is shown in the language now on screen, not the one it was created in  1191ms
   ✓ Team: the success notice follows a language switch, 'ar' → 'en' > the notice is shown in the language now on screen, not the one it was created in  1116ms
 ✓ |unit-web| src/pages/roadmap/roadmap.test.tsx (14 tests) 7947ms
   ✓ roadmap (en) > shows the four source waves verbatim (English source also shown in Arabic) with overlapping horizons  839ms
   ✓ roadmap (en) > moving a milestone PATCHes the forecast with If-Match and the timeline, table and board all show the new date from one refetch  1199ms
   ✓ roadmap (en) > a 409 on moving a milestone shows the conflict notice and reloads the roadmap  978ms
   ✓ roadmap (en) > re-approving a date requires a reason; then it is POSTed with If-Match  685ms
   ✓ roadmap (en) > deliverable acceptance sends the AcceptanceDecision with If-Match (no 'on behalf of' control)  625ms
   ✓ roadmap (en) > the read-only auditor sees no write control  373ms
   ✓ roadmap (ar) > shows the four source waves verbatim (English source also shown in Arabic) with overlapping horizons  475ms
   ✓ roadmap (ar) > moving a milestone PATCHes the forecast with If-Match and the timeline, table and board all show the new date from one refetch  414ms
   ✓ roadmap (ar) > a 409 on moving a milestone shows the conflict notice and reloads the roadmap  773ms
   ✓ roadmap (ar) > re-approving a date requires a reason; then it is POSTed with If-Match  551ms
   ✓ roadmap (ar) > deliverable acceptance sends the AcceptanceDecision with If-Match (no 'on behalf of' control)  326ms
 ✓ |unit-web| src/pages/capacity/fe-e.test.tsx (13 tests) 8965ms
   ✓ capacity editing (en) > creates a role; a taken code (409) is the form's translated alert; then the role is created  2319ms
   ✓ capacity editing (en) > edits a role's labels and archives it, each with If-Match  778ms
   ✓ capacity editing (en) > creates a capacity row with a decimal FTE string; a duplicate (409) is translated  1036ms
   ✓ capacity editing (en) > creates a demand; after the save the plan is re-read and the conflict with its shortfall appears; Unknown stays Unknown  699ms
   ✓ capacity editing (en) > edits a planned demand with If-Match; 422 resource_demand.not_planned is translated  634ms
   ✓ capacity editing (ar) > creates a role; a taken code (409) is the form's translated alert; then the role is created  575ms
   ✓ capacity editing (ar) > edits a role's labels and archives it, each with If-Match  437ms
   ✓ capacity editing (ar) > creates a capacity row with a decimal FTE string; a duplicate (409) is translated  525ms
   ✓ capacity editing (ar) > creates a demand; after the save the plan is re-read and the conflict with its shortfall appears; Unknown stays Unknown  573ms
   ✓ capacity editing (ar) > edits a planned demand with If-Match; 422 resource_demand.not_planned is translated  816ms
 ✓ |unit-web| src/pages/roadmap/fe-e.test.tsx (8 tests) 6339ms
   ✓ wave editing (en) > edits planned dates (overlap accepted) with If-Match; the source text is read-only and never sent  908ms
   ✓ wave editing (en) > 422 roadmap_wave.planned_range is inline at the planned end and translated  582ms
   ✓ wave editing (en) > adds a non-source wave with its bilingual texts (POST, Idempotency-Key)  1365ms
   ✓ wave editing (en) > the read-only auditor gets no wave control  363ms
   ✓ wave editing (ar) > edits planned dates (overlap accepted) with If-Match; the source text is read-only and never sent  399ms
   ✓ wave editing (ar) > 422 roadmap_wave.planned_range is inline at the planned end and translated  568ms
   ✓ wave editing (ar) > adds a non-source wave with its bilingual texts (POST, Idempotency-Key)  1814ms
   ✓ wave editing (ar) > the read-only auditor gets no wave control  338ms
 ✓ |unit-web| src/pages/gates/g1-agreements.test.tsx (10 tests) 7779ms
   ✓ G1 agreements step (en) > approving G1 needs the three labelled confirmations; then sends agreements with all three true  1244ms
   ✓ G1 agreements step (en) > a non-approve outcome on G1 sends no agreements (even after ticking them)  1241ms
   ✓ G1 agreements step (en) > approving another gate (G2) shows no confirmations and sends no agreements  1066ms
   ✓ G1 agreements step (en) > the server's 422 gate.g1_agreements_required is the one form-level alert, with the missing confirmations  761ms
   ✓ G1 agreements step (en) > the server's 422 gate.agreements_not_applicable is translated as the one form-level alert  418ms
   ✓ G1 agreements step (ar) > approving G1 needs the three labelled confirmations; then sends agreements with all three true  537ms
   ✓ G1 agreements step (ar) > a non-approve outcome on G1 sends no agreements (even after ticking them)  581ms
   ✓ G1 agreements step (ar) > approving another gate (G2) shows no confirmations and sends no agreements  371ms
   ✓ G1 agreements step (ar) > the server's 422 gate.g1_agreements_required is the one form-level alert, with the missing confirmations  1176ms
   ✓ G1 agreements step (ar) > the server's 422 gate.agreements_not_applicable is translated as the one form-level alert  384ms
 ✓ |unit-web| src/pages/dispensations/dispensations.test.tsx (12 tests) 7522ms
   ✓ Dispensations (en) > lists waivers and inherited approvals; unverified evidence is shown as unverified; recorder cannot decide  1224ms
   ✓ Dispensations (en) > a waiver needs a reason and an expiry: refused inline, nothing sent; then sent with its scope  1324ms
   ✓ Dispensations (en) > an inherited approval (Modular) needs the approving body, the date and evidence; 422s are translated  645ms
   ✓ Dispensations (en) > deciding is a labelled business approval; the delegated-decision 422 and the recorder 403 are translated  1037ms
   ✓ Dispensations (en) > revoking an accepted dispensation needs a reason and is a business approval  363ms
   ✓ Dispensations (ar) > lists waivers and inherited approvals; unverified evidence is shown as unverified; recorder cannot decide  422ms
   ✓ Dispensations (ar) > a waiver needs a reason and an expiry: refused inline, nothing sent; then sent with its scope  685ms
   ✓ Dispensations (ar) > an inherited approval (Modular) needs the approving body, the date and evidence; 422s are translated  564ms
   ✓ Dispensations (ar) > deciding is a labelled business approval; the delegated-decision 422 and the recorder 403 are translated  355ms
   ✓ Dispensations (ar) > the read-only auditor sees the register with no enabled write control  331ms
 ✓ |unit-web| src/components/LanguageSwitch.test.tsx (10 tests) 4989ms
   ✓ a refused language save, 'en' → other ('403 csrf') > keeps ar on screen and says, in ar, that it was not saved  962ms
   ✓ a refused language save, 'ar' → other ('403 csrf') > keeps en on screen and says, in en, that it was not saved  486ms
   ✓ a refused language save, 'en' → other ('403 forbidden') > keeps ar on screen and says, in ar, that it was not saved  818ms
   ✓ a refused language save, 'ar' → other ('503') > keeps en on screen and says, in en, that it was not saved  1246ms
   ✓ the live region and the persisted preference > a successful save never flips back to the previous language while the PUT is in flight  449ms
 ✓ |unit-web| src/components/RecordForm.alerts.test.tsx (16 tests) 2586ms
   ✓ record form: one alert per distinct form error (en) > dialog > a 400 whose only field error has pointer "" says its message once, in one live region  478ms
 ✓ |unit-web| src/pages/dependencies/dependencies.test.tsx (12 tests) 5203ms
   ✓ dependencies (en) > shows the seven T08 columns, an External source, the type label and the needed-by conflict flag  990ms
   ✓ dependencies (en) > a cycle is refused and shown as the translated message with the path INI-01 → INI-02 → INI-03 → INI-01  781ms
   ✓ dependencies (en) > an External source is sent as {kind: external, label}  571ms
   ✓ dependencies (en) > dependency types: system types are undeletable; an administrator may retire a custom type  414ms
   ✓ dependencies (en) > a system type's 422 dependency_type.system_undeletable is translated  444ms
   ✓ dependencies (ar) > a cycle is refused and shown as the translated message with the path INI-01 → INI-02 → INI-03 → INI-01  543ms
   ✓ dependencies (ar) > an External source is sent as {kind: external, label}  315ms
 ✓ |unit-web| src/app/p3-seams.test.tsx (10 tests) 2288ms
   ✓ P3 routes > workspace tabs (en) > the workspace tabs include the P3 tabs, labelled from their own namespaces  594ms
   ✓ P3 navigation areas > en /initiatives-roadmaps leads into the Initiatives and Roadmaps tab of each transformation  315ms
   ✓ P3 navigation areas > ar /initiatives-roadmaps leads into the المبادرات وخرائط الطريق tab of each transformation  318ms
   ✓ P3 navigation areas > en /benefits-finance leads into the Benefits and Finance tab of each transformation  369ms
   ✓ P3 navigation areas > ar /benefits-finance leads into the المنافع والمالية tab of each transformation  447ms
 ✓ |unit-web| src/pages/gates/inherited-approval.test.tsx (16 tests) 4017ms
   ✓ inherited-approval annotation (en) > Gates list: G1 pending_verification (counts false) is a badge next to 'Not submitted'  605ms
   ✓ inherited-approval annotation (en) > Gates list: G1 revoked (counts false) is a badge next to 'Not submitted'  396ms
   ✓ inherited-approval annotation (en) > gate view: an accepted inherited approval is a labelled row beside the 'Not submitted' status  839ms
   ✓ inherited-approval annotation (ar) > gate view: an accepted inherited approval is a labelled row beside the 'Not submitted' status  367ms
 ✓ |unit-web| src/pages/capacity/capacity.test.tsx (6 tests) 3358ms
   ✓ capacity (en) > the role × month grid shows decimal FTE, the conflict with its shortfall, and Unknown capacity as Unknown (never 0)  1016ms
   ✓ capacity (en) > committing a demand POSTs with If-Match; a 409 shows the conflict notice and reloads  1578ms
 ✓ |unit-web| src/app/app.test.tsx (17 tests) 5909ms
   ✓ bilingual shell > renders Arabic RTL by default with the provisional wordmark  570ms
   ✓ bilingual shell > switches to English LTR and persists the preference with If-Match  451ms
   ✓ bilingual shell > shows all fourteen areas to an administrator  411ms
   ✓ bilingual shell > hides Administration from a Workstream Lead, and the admin route shows no-permission  573ms
   ✓ bilingual shell > a partial area (Governance) leads into the Gates tab of each transformation; its portfolio view stays planned  692ms
   ✓ sign-in > shows the development form only when the server has the dev-login route (400 on an empty probe)  368ms
   ✓ transformations > lists transformations with a sortable code column and removable filter chips  1108ms
   ✓ transformations > detail shows the workspace header with Unknown for data from later stages  898ms
   ✓ transformations > edit: a 409 writes nothing, shows compare, and re-applies on the current version  400ms
 ✓ |unit-web| src/components/States.test.tsx (15 tests) 1217ms
   ✓ explicit states in en > stale is labelled Stale with the last successful load time, never shown as current  379ms
 ✓ |unit-web| src/lib/auditChanges.test.ts (125 tests) 149ms
 ✓ |unit-web| src/pages/readiness/readiness.test.tsx (4 tests) 2034ms
   ✓ Readiness (en) > lists the missing diagnostic areas by name, the gates and the translated sequencing blockers  1342ms
   ✓ Readiness (ar) > an accepted, verified inherited approval counts, and the gate itself still is not approved  318ms
 ✓ |unit-web| src/pages/transformations/modeGuidance.test.tsx (5 tests) 2599ms
   ✓ New transformation: mode guidance (English LTR) > shows When to use and How for the selected mode and switches with the mode  1482ms
   ✓ New transformation: mode guidance (English LTR) > Modular requires an entry phase before anything is sent  441ms
   ✓ New transformation: mode guidance (English LTR) > a server validation error on the entry phase is shown on that field  416ms
 ✓ |unit-web| src/lib/lib.test.ts (24 tests) 65ms
 ✓ |unit-web| src/i18n/glossary.test.ts (8 tests) 25ms
 ✓ |unit-web| src/i18n/i18n.test.ts (11 tests) 125ms
 ✓ |unit-web| src/styles/styles.test.ts (6 tests) 26ms
 ✓ |unit-web| src/test/react-warning-guard.test.tsx (4 tests) 65ms
 ✓ |unit-web| src/pages/business-cases/problem-codes.test.ts (4 tests) 23ms
 ✓ |unit-web| src/test/harness-config.test.ts (2 tests) 3ms
 ✓ |unit-node| packages/shared/src/kpi/property.test.ts (11 tests) 3095ms
   ✓ measures > band: within ⇔ L ≤ a ≤ U, the shortfall is never negative, and equals the distance to the band  1072ms
   ✓ changes > pp = (x₁ − x₀) × 100 exactly, and relative × |x₀| = x₁ − x₀ (to precision 80)  306ms
   ✓ trajectory > linear expected values lie between the neighbouring points; step values are point values  370ms
 ✓ |unit-node| apps/api/src/architecture.test.ts (137 tests) 12605ms
   ✓ API module boundaries (ADR-0002) > every import respects dependsOn, public surfaces and allowed packages  5570ms
   ✓ package dependency direction (ADR-0002 rule 5) > packages/shared imports no workspace package  1747ms
   ✓ package dependency direction (ADR-0002 rule 5) > apps/web never imports @mth/db or @mth/config (browser bundle, no secrets)  4033ms
 ✓ |unit-node| apps/api/src/modules/kpi/kpi.test.ts (35 tests) 1797ms
   ✓ kpi module (P2) > its declared boundary holds, and a planted bypass or undeclared dependency would be caught  1514ms
 ✓ |unit-node| packages/shared/src/formula/fuzz.test.ts (111 tests) 17417ms
   ✓ fuzz: no uncaught exception, no code execution > 10 000 random byte strings (0–255, up to 80 bytes)  3192ms
   ✓ fuzz: no uncaught exception, no code execution > 10 000 random UTF-16 strings including astral code points and lone surrogates  3301ms
   ✓ fuzz: no uncaught exception, no code execution > 20 000 random strings over the grammar alphabet reach parser, type checker and evaluator  6348ms
   ✓ source scan: no dynamic code in packages/shared/src/formula (ADR-0024 §6) > every file of the engine's import closure gets the engine-source lint rules (eslint.config.js)  3786ms
   ✓ source scan: no dynamic code in packages/shared/src/formula (ADR-0024 §6) > ESLint refuses the round-5 handler forms (G1, G2, A1, A2), F1 and every lintable probe-table row in an engine source  715ms
 ✓ |unit-node| apps/api/src/modules/workflows/workflows.test.ts (14 tests) 1570ms
   ✓ workflows module (P2) > its declared boundary holds, and an undeclared dependency would be caught  1507ms
 ✓ |unit-node| packages/shared/src/scoring.test.ts (36 tests) 444ms
   ✓ property: all 5^5 integer score combinations under v1 equal an independent BigInt rational computation > stored value, 2-digit display and 0–100 view all match for 3125 combinations  395ms
 ✓ |unit-node| apps/api/src/modules/evidence/evidence.test.ts (13 tests) 520ms
   ✓ evidence module (P2) > its declared boundary holds  350ms
 ✓ |unit-node| apps/api/src/modules/platform/in-flight.test.ts (4 tests) 306ms
 ✓ |unit-node| apps/api/src/server.test.ts (6 tests) 637ms
 ✓ |unit-node| packages/shared/src/value.test.ts (29 tests) 239ms
 ✓ |unit-node| apps/api/src/modules/reporting/reporting.test.ts (4 tests) 186ms
 ✓ |unit-node| apps/api/src/modules/methodology/methodology.test.ts (4 tests) 282ms
 ✓ |unit-node| packages/shared/src/schemas/schemas.test.ts (69 tests) 315ms
 ✓ |unit-node| apps/api/src/modules/platform/media-types.test.ts (57 tests) 298ms
 ✓ |unit-node| packages/config/src/load.test.ts (17 tests) 91ms
 ✓ |unit-node| apps/api/src/modules/platform/platform.test.ts (19 tests) 143ms
 ✓ |unit-node| packages/shared/src/formula/formula.test.ts (140 tests) 749ms
 ✓ |unit-node| apps/api/src/request-encoding.test.ts (11 tests) 106ms
 ✓ |unit-node| apps/api/src/modules/platform/connection-hygiene.test.ts (6 tests) 185ms
 ✓ |unit-node| apps/api/src/modules/admin/branding.test.ts (4 tests) 117ms
 ✓ |unit-node| apps/api/src/modules/platform/incomplete-body.test.ts (10 tests) 107ms
 ✓ |unit-node| packages/shared/src/kpi/change.test.ts (22 tests) 65ms
 ✓ |unit-node| packages/design-tokens/src/tokens.test.ts (15 tests) 68ms
 ✓ |unit-node| apps/api/src/modules/kpi/rules.test.ts (30 tests) 89ms
 ✓ |unit-node| packages/shared/src/kpi/aggregate.test.ts (20 tests) 12ms
 ✓ |unit-node| packages/shared/src/time/working-days.test.ts (19 tests) 60ms
 ❯ |unit-node| packages/db/src/seed.test.ts (25 tests | 1 failed) 71ms
   ✓ 0005 seed equals permissions.ts > permission rows 4ms
   ✓ 0005 seed equals permissions.ts > role rows (kind, inheritance) and role_permission links 3ms
   ✓ 0005 seed equals permissions.ts > no technical_admin role holds an approval permission in the seed 1ms
   × 0018 seed equals the P2 part of permissions.ts > permission rows 19ms
     → expected { 'organization.read': 'read', …(82) } to deeply equal { 'organization.read': 'read', …(88) }
   ✓ 0018 seed equals the P2 part of permissions.ts > role_permission links 3ms
   ✓ 0018 seed equals the P2 part of permissions.ts > gives the read-only auditor no write, configure or approval permission (ADR-0020) 1ms
   ✓ 0024 seed equals the P3 part of permissions.ts > permission rows 4ms
   ✓ 0024 seed equals the P3 part of permissions.ts > role_permission links 1ms
   ✓ 0024 seed equals the P3 part of permissions.ts > gives no business_approval or finance_validation permission to a technical admin, and none to AUD 0ms
   ✓ 0031 seed equals the P4 part of permissions.ts (slices I and C) > permission rows 0ms
   ✓ 0031 seed equals the P4 part of permissions.ts (slices I and C) > role_permission links 1ms
   ✓ 0031 seed equals the P4 part of permissions.ts (slices I and C) > gives no business_approval or finance_validation permission to a technical admin, and nothing to AUD (REQ-S10-003) 5ms
   ✓ 0036 seed equals the P4 part of permissions.ts (slice A) > permission rows 0ms
   ✓ 0036 seed equals the P4 part of permissions.ts (slice A) > role_permission links 2ms
   ✓ 0036 seed equals the P4 part of permissions.ts (slice A) > has no business_approval or finance_validation code, and nothing for AUD or a technical admin 1ms
   ✓ 0040 seed equals the P4 part of permissions.ts (slice B) > permission rows 0ms
   ✓ 0040 seed equals the P4 part of permissions.ts (slice B) > role_permission links 1ms
   ✓ 0040 seed equals the P4 part of permissions.ts (slice B) > has no business_approval or finance_validation code, and nothing for AUD or a technical admin 0ms
   ✓ 0043 seed equals the P4 part of permissions.ts (slice E) > permission rows 0ms
   ✓ 0043 seed equals the P4 part of permissions.ts (slice E) > role_permission links 1ms
   ✓ 0043 seed equals the P4 part of permissions.ts (slice E) > has no business_approval or finance_validation code, and nothing for AUD or a technical admin 0ms
   ✓ 0046 seed equals the P4 part of permissions.ts (slice D) > permission rows 0ms
   ✓ 0046 seed equals the P4 part of permissions.ts (slice D) > role_permission links 4ms
   ✓ 0046 seed equals the P4 part of permissions.ts (slice D) > the one business_approval code is held only by SP, BO and FIN; nothing for AUD or a technical admin 1ms
   ✓ migration files > are named NNNN_snake_case.sql with strictly increasing ids, and never use plain timestamp in public 14ms
 ✓ |unit-node| packages/shared/src/kpi/purity.test.ts (14 tests) 32ms
 ✓ |unit-node| packages/shared/src/kpi/a05.test.ts (17 tests) 66ms
 ✓ |unit-node| apps/api/src/modules/platform/advisory-locks.test.ts (3 tests) 25ms
 ✓ |unit-node| apps/api/src/modules/platform/health.test.ts (2 tests) 147ms
 ✓ |unit-node| packages/shared/src/kpi/formula-binding.test.ts (26 tests) 44ms
 ✓ |unit-node| apps/api/src/modules/kpi/totals.test.ts (20 tests) 27ms
(node:1622) [FSTDEP022] FastifyWarning: The router options for constraints property access is deprecated. Please use "options.routerOptions" instead for accessing router options. The router options will be removed in `fastify@6`.
(Use `node --trace-warnings ...` to show where the warning was created)
 ✓ |unit-node| apps/api/src/modules/platform/framework-errors.test.ts (6 tests) 92ms
 ✓ |unit-node| apps/api/src/modules/tasks/tasks.test.ts (5 tests) 70ms
 ✓ |unit-node| apps/api/src/modules/platform/db-errors.test.ts (7 tests) 9ms
 ✓ |unit-node| apps/api/src/modules/kpi/formulas.test.ts (10 tests) 60ms
 ✓ |unit-node| packages/shared/src/schemas/roadmap.test.ts (6 tests) 13ms
 ✓ |unit-node| packages/shared/src/kpi/rag.test.ts (38 tests) 22ms
 ✓ |unit-node| packages/shared/src/kpi/types.test.ts (40 tests) 20ms
 ✓ |unit-node| apps/api/src/modules/workflows/g4.test.ts (5 tests) 7ms
 ✓ |unit-node| apps/api/src/modules/governance/governance.test.ts (2 tests) 29ms
 ✓ |unit-node| packages/shared/src/kpi/status.test.ts (25 tests) 13ms
 ✓ |unit-node| apps/api/src/modules/portfolio/capacity.test.ts (4 tests) 11ms
 ✓ |unit-node| apps/api/src/modules/transformations/good-outcome.test.ts (7 tests) 10ms
 ✓ |unit-node| apps/api/src/modules/sustainment/sustainment.test.ts (2 tests) 15ms
 ✓ |unit-node| apps/api/src/modules/benefits/benefits.test.ts (2 tests) 13ms
 ✓ |unit-node| apps/api/src/modules/raid/raid.test.ts (2 tests) 13ms
 ✓ |unit-node| apps/api/src/modules/kpi/p3-gate-facts.test.ts (9 tests) 30ms
 ✓ |unit-node| apps/api/src/modules/adoption/adoption.test.ts (2 tests) 12ms
 ✓ |unit-node| packages/shared/src/kpi/periods.test.ts (26 tests) 25ms
 ✓ |unit-node| packages/shared/src/kpi/measures.test.ts (30 tests) 36ms
 ✓ |unit-node| packages/shared/src/kpi/trajectory.test.ts (14 tests) 39ms
 ✓ |unit-node| apps/api/src/modules/portfolio/schedule.test.ts (14 tests) 8ms
 ✓ |unit-node| apps/api/src/modules/access/rules.test.ts (12 tests) 11ms
 ✓ |unit-node| apps/api/src/modules/portfolio/sequencing.test.ts (9 tests) 8ms
 ✓ |unit-node| apps/api/src/modules/platform/db-errors-p4.test.ts (5 tests) 12ms
 ✓ |unit-node| apps/api/src/modules/transformations/exclusions.test.ts (19 tests) 5ms
 ✓ |unit-node| apps/api/src/modules/transformations/thesis.test.ts (4 tests) 19ms
 ✓ |unit-node| apps/api/src/modules/platform/request-encoding.test.ts (7 tests) 36ms
 ✓ |unit-node| apps/api/src/modules/identity/oidc-claims.test.ts (5 tests) 15ms
 ✓ |unit-node| apps/api/src/modules/transformations/transitions.test.ts (2 tests) 6ms
 ✓ |unit-node| apps/api/src/modules/workflows/t08-cycle-problem.test.ts (2 tests) 5ms

⎯⎯⎯⎯⎯⎯⎯ Failed Tests 1 ⎯⎯⎯⎯⎯⎯⎯

 FAIL  |unit-node| packages/db/src/seed.test.ts > 0018 seed equals the P2 part of permissions.ts > permission rows
AssertionError: expected { 'organization.read': 'read', …(82) } to deeply equal { 'organization.read': 'read', …(88) }

[32m- Expected[39m
[31m+ Received[39m

[33m@@ -33,17 +33,13 @@[39m
[2m    "deliverable.accept": "write",[22m
[2m    "dependency.edit": "write",[22m
[2m    "dependency_type.configure": "configure",[22m
[2m    "diagnostic.contribute": "write",[22m
[2m    "diagnostic.edit": "write",[22m
[32m-   "escalation_rule.configure": "configure",[39m
[2m    "evidence.create": "write",[22m
[2m    "evidence.review": "write",[22m
[32m-   "executive_decision.create": "write",[39m
[32m-   "executive_decision.decide": "business_approval",[39m
[2m    "finance.validate": "finance_validation",[22m
[32m-   "forum.configure": "configure",[39m
[2m    "funding.approve": "business_approval",[22m
[2m    "gate.configure": "configure",[22m
[2m    "gate.decide": "business_approval",[22m
[2m    "gate.submit": "write",[22m
[2m    "group.manage": "configure",[22m
[33m@@ -56,12 +52,10 @@[39m
[2m    "kpi_definition.edit": "write",[22m
[2m    "kpi_target.approve": "business_approval",[22m
[2m    "kpi_threshold.configure": "write",[22m
[2m    "kpi_version.activate": "write",[22m
[2m    "kpi_version.edit": "write",[22m
[32m-   "meeting.chair": "write",[39m
[32m-   "meeting.prepare": "write",[39m
[2m    "methodology.configure": "configure",[22m
[2m    "north_star.edit": "write",[22m
[2m    "organization.manage": "configure",[22m
[2m    "organization.read": "read",[22m
[2m    "outcome.edit": "write",[22m

 ❯ packages/db/src/seed.test.ts:121:8
    119|       ...P4_BENEFIT_PERMISSIONS,
    120|       ...P4_RAID_PERMISSIONS,
    121|     }).toEqual(PERMISSIONS);
       |        ^
    122|   });
    123| 

⎯⎯⎯⎯⎯⎯⎯⎯⎯⎯⎯⎯⎯⎯⎯⎯⎯⎯⎯⎯⎯⎯⎯⎯[1/1]⎯


 Test Files  1 failed | 100 passed (101)
      Tests  1 failed | 2001 passed (2002)
   Start at  05:00:38
   Duration  201.81s (transform 11.50s, setup 10.31s, collect 116.85s, tests 365.49s, environment 37.59s, prepare 13.94s)

 ELIFECYCLE  Test failed. See above for more details.
EXIT=1
