$ LANG=C.UTF-8 LC_ALL=C.UTF-8 pnpm test

> mobily-transformation-hub@0.1.0 test /home/user/wt/dg3-arch-03
> vitest run --project unit-node --project unit-web


 RUN  v3.2.4 /home/user/wt/dg3-arch-03

 ❯ |unit-node| apps/api/src/architecture.test.ts (136 tests | 1 failed) 6625ms
   ✓ API module boundaries (ADR-0002) > has only mapped module directories, and every P1/P2 module has a public index.ts 9ms
   ✓ API module boundaries (ADR-0002) > the P2 modules methodology and evidence each have their own test suite (p2-work-split §2) 0ms
   ✓ API module boundaries (ADR-0002) > the P3 module portfolio has its own test suite and exactly the ADR-0021 §1 dependencies (p3-work-split §2) 2ms
   ✓ API module boundaries (ADR-0002) > workflows reaches kpi and evidence (G1-G3 evaluators), and none of them reaches back (no cycle) 0ms
   ✓ API module boundaries (ADR-0002) > the six §16 business modules all exist, each with its own test suite (A12; D-048) 16ms
   × API module boundaries (ADR-0002) > every import respects dependsOn, public surfaces and allowed packages 4417ms
     → expected [ Array(1) ] to deeply equal []
   ✓ API module boundaries (ADR-0002) > the declared module graph is acyclic, and audit/access depend on no business module 17ms
   ✓ the checker itself catches planted violations (self-check, incl. F-DG1-109, F-DG1-117, F-DG1-124) > A static deep import is a violation 2ms
   ✓ the checker itself catches planted violations (self-check, incl. F-DG1-109, F-DG1-117, F-DG1-124) > A2 type-only deep import is a violation 8ms
   ✓ the checker itself catches planted violations (self-check, incl. F-DG1-109, F-DG1-117, F-DG1-124) > B dynamic import, literal is a violation 3ms
   ✓ the checker itself catches planted violations (self-check, incl. F-DG1-109, F-DG1-117, F-DG1-124) > B2 dynamic import, template literal is a violation 6ms
   ✓ the checker itself catches planted violations (self-check, incl. F-DG1-109, F-DG1-117, F-DG1-124) > C re-export is a violation 1ms
   ✓ the checker itself catches planted violations (self-check, incl. F-DG1-109, F-DG1-117, F-DG1-124) > D createRequire is a violation 3ms
   ✓ the checker itself catches planted violations (self-check, incl. F-DG1-109, F-DG1-117, F-DG1-124) > D2 node:module itself is a violation 1ms
   ✓ the checker itself catches planted violations (self-check, incl. F-DG1-109, F-DG1-117, F-DG1-124) > D3 createRequire via namespace is a violation 4ms
   ✓ the checker itself catches planted violations (self-check, incl. F-DG1-109, F-DG1-117, F-DG1-124) > E computed import() is a violation 1ms
   ✓ the checker itself catches planted violations (self-check, incl. F-DG1-109, F-DG1-117, F-DG1-124) > E2 computed import() via variable is a violation 1ms
   ✓ the checker itself catches planted violations (self-check, incl. F-DG1-109, F-DG1-117, F-DG1-124) > F require literal is a violation 1ms
   ✓ the checker itself catches planted violations (self-check, incl. F-DG1-109, F-DG1-117, F-DG1-124) > F2 require computed is a violation 1ms
   ✓ the checker itself catches planted violations (self-check, incl. F-DG1-109, F-DG1-117, F-DG1-124) > G import-equals require is a violation 1ms
   ✓ the checker itself catches planted violations (self-check, incl. F-DG1-109, F-DG1-117, F-DG1-124) > H import type() is a violation 1ms
   ✓ the checker itself catches planted violations (self-check, incl. F-DG1-109, F-DG1-117, F-DG1-124) > I composition root is a violation 1ms
   ✓ the checker itself catches planted violations (self-check, incl. F-DG1-109, F-DG1-117, F-DG1-124) > J undeclared module (via its index) is a violation 1ms
   ✓ the checker itself catches planted violations (self-check, incl. F-DG1-109, F-DG1-117, F-DG1-124) > K unknown package is a violation 1ms
   ✓ the checker itself catches planted violations (self-check, incl. F-DG1-109, F-DG1-117, F-DG1-124) > L getBuiltinModule + computed member is a violation 3ms
   ✓ the checker itself catches planted violations (self-check, incl. F-DG1-109, F-DG1-117, F-DG1-124) > L2 computed member of process is a violation 1ms
   ✓ the checker itself catches planted violations (self-check, incl. F-DG1-109, F-DG1-117, F-DG1-124) > L3 loader name as a string key is a violation 2ms
   ✓ the checker itself catches planted violations (self-check, incl. F-DG1-109, F-DG1-117, F-DG1-124) > L4 process aliased is a violation 1ms
   ✓ the checker itself catches planted violations (self-check, incl. F-DG1-109, F-DG1-117, F-DG1-124) > L5 process destructured is a violation 1ms
   ✓ the checker itself catches planted violations (self-check, incl. F-DG1-109, F-DG1-117, F-DG1-124) > L6 computed member of globalThis is a violation 1ms
   ✓ the checker itself catches planted violations (self-check, incl. F-DG1-109, F-DG1-117, F-DG1-124) > L7 globalThis.process is a violation 2ms
   ✓ the checker itself catches planted violations (self-check, incl. F-DG1-109, F-DG1-117, F-DG1-124) > M new Function dynamic import is a violation 1ms
   ✓ the checker itself catches planted violations (self-check, incl. F-DG1-109, F-DG1-117, F-DG1-124) > M2 Function() call is a violation 1ms
   ✓ the checker itself catches planted violations (self-check, incl. F-DG1-109, F-DG1-117, F-DG1-124) > M3 Function aliased is a violation 4ms
   ✓ the checker itself catches planted violations (self-check, incl. F-DG1-109, F-DG1-117, F-DG1-124) > M4 globalThis.Function is a violation 1ms
   ✓ the checker itself catches planted violations (self-check, incl. F-DG1-109, F-DG1-117, F-DG1-124) > M5 eval is a violation 1ms
   ✓ the checker itself catches planted violations (self-check, incl. F-DG1-109, F-DG1-117, F-DG1-124) > M6 AsyncFunction via .constructor is a violation 1ms
   ✓ the checker itself catches planted violations (self-check, incl. F-DG1-109, F-DG1-117, F-DG1-124) > M7 ['constructor'] member is a violation 3ms
   ✓ the checker itself catches planted violations (self-check, incl. F-DG1-109, F-DG1-117, F-DG1-124) > N1 AsyncFunction via aliased .constructor is a violation 1ms
   ✓ the checker itself catches planted violations (self-check, incl. F-DG1-109, F-DG1-117, F-DG1-124) > N2 constructor destructured is a violation 1ms
   ✓ the checker itself catches planted violations (self-check, incl. F-DG1-109, F-DG1-117, F-DG1-124) > N3 Reflect.construct of .constructor is a violation 1ms
   ✓ the checker itself catches planted violations (self-check, incl. F-DG1-109, F-DG1-117, F-DG1-124) > N4 getPrototypeOf(...).constructor aliased is a violation 1ms
   ✓ the checker itself catches planted violations (self-check, incl. F-DG1-109, F-DG1-117, F-DG1-124) > N5 generator constructor, shorthand destructuring is a violation 38ms
   ✓ the checker itself catches planted violations (self-check, incl. F-DG1-109, F-DG1-117, F-DG1-124) > N6 destructuring assignment with a string key is a violation 2ms
   ✓ the checker itself catches planted violations (self-check, incl. F-DG1-109, F-DG1-117, F-DG1-124) > N7 computed constructor key in a binding pattern is a violation 1ms
   ✓ the checker itself catches planted violations (self-check, incl. F-DG1-109, F-DG1-117, F-DG1-124) > N8 constructor key as a string value is a violation 1ms
   ✓ the checker itself catches planted violations (self-check, incl. F-DG1-109, F-DG1-117, F-DG1-124) > M8 node:vm is a violation 1ms
   ✓ the checker itself catches planted violations (self-check, incl. F-DG1-109, F-DG1-117, F-DG1-124) > M9 worker_threads is a violation 1ms
   ✓ the checker itself catches planted violations (self-check, incl. F-DG1-109, F-DG1-117, F-DG1-124) > P1 constructed key f["constr" + "uctor"] is a violation (round-4 lint: 'missed') 5ms
   ✓ the checker itself catches planted violations (self-check, incl. F-DG1-109, F-DG1-117, F-DG1-124) > P2 Reflect.get(fn, "constructor") is a violation (round-4 lint: 'caught') 1ms
   ✓ the checker itself catches planted violations (self-check, incl. F-DG1-109, F-DG1-117, F-DG1-124) > P3 Reflect.get with a constructed key is a violation (round-4 lint: 'missed') 7ms
   ✓ the checker itself catches planted violations (self-check, incl. F-DG1-109, F-DG1-117, F-DG1-124) > P4 constructed key held in a variable is a violation (round-4 lint: 'missed') 1ms
   ✓ the checker itself catches planted violations (self-check, incl. F-DG1-109, F-DG1-117, F-DG1-124) > P5 template-literal key is a violation (round-4 lint: 'missed') 1ms
   ✓ the checker itself catches planted violations (self-check, incl. F-DG1-109, F-DG1-117, F-DG1-124) > P6 optional-chain constructed key is a violation (round-4 lint: 'missed') 1ms
   ✓ the checker itself catches planted violations (self-check, incl. F-DG1-109, F-DG1-117, F-DG1-124) > P7 constructed key in a destructuring pattern is a violation (round-4 lint: 'missed') 2ms
   ✓ the checker itself catches planted violations (self-check, incl. F-DG1-109, F-DG1-117, F-DG1-124) > P8 descriptors: the constructor without its name is a violation (round-4 lint: 'missed') 3ms
   ✓ the checker itself catches planted violations (self-check, incl. F-DG1-109, F-DG1-117, F-DG1-124) > P9 own property names, then a variable key is a violation (round-4 lint: 'missed') 1ms
   ✓ the checker itself catches planted violations (self-check, incl. F-DG1-109, F-DG1-117, F-DG1-124) > P10 __proto__ is a violation (round-4 lint: 'missed') 1ms
   ✓ the checker itself catches planted violations (self-check, incl. F-DG1-109, F-DG1-117, F-DG1-124) > P11 loader name as a string handed to a helper is a violation (round-4 lint: 'missed') 1ms
   ✓ the checker itself catches planted violations (self-check, incl. F-DG1-109, F-DG1-117, F-DG1-124) > P12 process.binding is a violation (round-4 lint: 'missed') 1ms
   ✓ the checker itself catches planted violations (self-check, incl. F-DG1-109, F-DG1-117, F-DG1-124) > P13 node:inspector (in-process evaluation) is a violation (round-4 lint: 'missed') 1ms
   ✓ the checker itself catches planted violations (self-check, incl. F-DG1-109, F-DG1-117, F-DG1-124) > P14 node:child_process is a violation (round-4 lint: 'missed') 1ms
   ✓ the checker itself catches planted violations (self-check, incl. F-DG1-109, F-DG1-117, F-DG1-124) > P15 look-alike member o.eval (was an allowed form) is a violation (round-4 lint: 'missed') 1ms
   ✓ the checker itself catches planted violations (self-check, incl. F-DG1-109, F-DG1-117, F-DG1-124) > P16 constructor as an object key, fed to a keyed reader (was an allowed form) is a violation (round-4 lint: 'missed') 1ms
   ✓ the checker itself catches planted violations (self-check, incl. F-DG1-109, F-DG1-117, F-DG1-124) > P20 a syntax error fails closed (parser recovery hid P4's key) is a violation (round-4 lint: 'missed') 2ms
   ✓ the checker itself catches planted violations (self-check, incl. F-DG1-109, F-DG1-117, F-DG1-124) > X6 node:process default import .dlopen is a violation (round-4 lint: 'missed') 1ms
   ✓ the checker itself catches planted violations (self-check, incl. F-DG1-109, F-DG1-117, F-DG1-124) > X7 node:process default import .binding is a violation (round-4 lint: 'missed') 1ms
   ✓ the checker itself catches planted violations (self-check, incl. F-DG1-109, F-DG1-117, F-DG1-124) > X8 node:process named import dlopen is a violation (round-4 lint: 'missed') 1ms
   ✓ the checker itself catches planted violations (self-check, incl. F-DG1-109, F-DG1-117, F-DG1-124) > A1 node:sqlite loadExtension is a violation (round-4 lint: 'missed') 1ms
   ✓ the checker itself catches planted violations (self-check, incl. F-DG1-109, F-DG1-117, F-DG1-124) > R1 node:test in-process run is a violation (round-4 lint: 'missed') 2ms
   ✓ the checker itself catches planted violations (self-check, incl. F-DG1-109, F-DG1-117, F-DG1-124) > R2 process.execve is a violation (round-4 lint: 'missed') 1ms
   ✓ the checker itself catches planted violations (self-check, incl. F-DG1-109, F-DG1-117, F-DG1-124) > P17 module.constructor is a violation (round-4 lint: 'caught') 1ms
   ✓ the checker itself catches planted violations (self-check, incl. F-DG1-109, F-DG1-117, F-DG1-124) > P18 aliased AsyncFunction constructor (F-DG1-121 N1) is a violation (round-4 lint: 'caught') 1ms
   ✓ the checker itself catches planted violations (self-check, incl. F-DG1-109, F-DG1-117, F-DG1-124) > P19 new Function (F-DG1-117 M) is a violation (round-4 lint: 'caught') 1ms
   ✓ the checker itself catches planted violations (self-check, incl. F-DG1-109, F-DG1-117, F-DG1-124) > S1 crypto.setEngine (named import) is a violation (round-9 lint: 'missed') 1ms
   ✓ the checker itself catches planted violations (self-check, incl. F-DG1-109, F-DG1-117, F-DG1-124) > S2 crypto.setEngine (namespace import) is a violation (round-9 lint: 'missed') 1ms
   ✓ the checker itself catches planted violations (self-check, incl. F-DG1-109, F-DG1-117, F-DG1-124) > S3 crypto["setEngine"] (string key) is a violation (round-9 lint: 'missed') 1ms
   ✓ the checker itself catches planted violations (self-check, incl. F-DG1-109, F-DG1-117, F-DG1-124) > DD1 process.kill(self, SIGUSR1) starts the inspector (F-DG1-129 N1) is a violation (default-deny; round-8 lint: 'missed') 1ms
   ✓ the checker itself catches planted violations (self-check, incl. F-DG1-109, F-DG1-117, F-DG1-124) > DD2 process._debugProcess(self) (F-DG1-129 N2 / F-DG1-213 D2) is a violation (default-deny; round-8 lint: 'missed') 1ms
   ✓ the checker itself catches planted violations (self-check, incl. F-DG1-109, F-DG1-117, F-DG1-124) > DD3 process._kill is a violation (default-deny; round-8 lint: 'missed') 1ms
   ✓ the checker itself catches planted violations (self-check, incl. F-DG1-109, F-DG1-117, F-DG1-124) > DD4 F-DG1-213 D1 full route as module source is a violation (default-deny; round-8 lint: 'missed') 5ms
   ✓ the checker itself catches planted violations (self-check, incl. F-DG1-109, F-DG1-117, F-DG1-124) > DD5 process.execve is a violation (default-deny; round-8 lint: 'caught') 1ms
   ✓ the checker itself catches planted violations (self-check, incl. F-DG1-109, F-DG1-117, F-DG1-124) > DD6 process.binding is a violation (default-deny; round-8 lint: 'caught') 2ms
   ✓ the checker itself catches planted violations (self-check, incl. F-DG1-109, F-DG1-117, F-DG1-124) > DD7 process.dlopen is a violation (default-deny; round-8 lint: 'caught') 1ms
   ✓ the checker itself catches planted violations (self-check, incl. F-DG1-109, F-DG1-117, F-DG1-124) > DD8 process.abort is a violation (default-deny; round-8 lint: 'missed') 4ms
   ✓ the checker itself catches planted violations (self-check, incl. F-DG1-109, F-DG1-117, F-DG1-124) > DD9 optional-chained process?.kill is a violation (default-deny; round-8 lint: 'missed') 2ms
   ✓ the checker itself catches planted violations (self-check, incl. F-DG1-109, F-DG1-117, F-DG1-124) > DD10 node:inspector is a violation (default-deny; round-8 lint: 'caught') 1ms
   ✓ the checker itself catches planted violations (self-check, incl. F-DG1-109, F-DG1-117, F-DG1-124) > DD11 node:inspector/promises is a violation (default-deny; round-8 lint: 'caught') 1ms
   ✓ the checker itself catches planted violations (self-check, incl. F-DG1-109, F-DG1-117, F-DG1-124) > DD12 node:sqlite is a violation (default-deny; round-8 lint: 'caught') 1ms
   ✓ the checker itself catches planted violations (self-check, incl. F-DG1-109, F-DG1-117, F-DG1-124) > DD13 node:test is a violation (default-deny; round-8 lint: 'caught') 1ms
   ✓ the checker itself catches planted violations (self-check, incl. F-DG1-109, F-DG1-117, F-DG1-124) > DD14 node:vm is a violation (default-deny; round-8 lint: 'caught') 1ms
   ✓ the checker itself catches planted violations (self-check, incl. F-DG1-109, F-DG1-117, F-DG1-124) > DD15 node:worker_threads is a violation (default-deny; round-8 lint: 'caught') 1ms
   ✓ the checker itself catches planted violations (self-check, incl. F-DG1-109, F-DG1-117, F-DG1-124) > DD16 node:wasi is a violation (default-deny; round-8 lint: 'missed') 1ms
   ✓ the checker itself catches planted violations (self-check, incl. F-DG1-109, F-DG1-117, F-DG1-124) > DD17 node:v8 is a violation (default-deny; round-8 lint: 'missed') 1ms
   ✓ the checker itself catches planted violations (self-check, incl. F-DG1-109, F-DG1-117, F-DG1-124) > DD18 node:http is a violation (default-deny; round-8 lint: 'missed') 1ms
   ✓ the checker itself catches planted violations (self-check, incl. F-DG1-109, F-DG1-117, F-DG1-124) > DD19 node:net is a violation (default-deny; round-8 lint: 'missed') 1ms
   ✓ the checker itself catches planted violations (self-check, incl. F-DG1-109, F-DG1-117, F-DG1-124) > DD20 a built-in a later Node version might add is a violation (default-deny; round-8 lint: 'missed') 1ms
   ✓ the checker itself catches planted violations (self-check, incl. F-DG1-109, F-DG1-117, F-DG1-124) > default-deny keeps the allow-listed built-ins and process members clean (D-055 positive controls) 4ms
   ✓ the checker itself catches planted violations (self-check, incl. F-DG1-109, F-DG1-117, F-DG1-124) > F-DG1-132/133 rule 5: E1 Object.values(ns).find by fn.name is a violation (round-11 lint: 'missed') 2ms
   ✓ the checker itself catches planted violations (self-check, incl. F-DG1-109, F-DG1-117, F-DG1-124) > F-DG1-132/133 rule 5: E2 new Map(Object.entries(ns)).get(built key) is a violation (round-11 lint: 'missed') 1ms
   ✓ the checker itself catches planted violations (self-check, incl. F-DG1-109, F-DG1-117, F-DG1-124) > F-DG1-132/133 rule 5: E3 Object.entries(ns).find by regex over keys is a violation (round-11 lint: 'missed') 1ms
   ✓ the checker itself catches planted violations (self-check, incl. F-DG1-109, F-DG1-117, F-DG1-124) > F-DG1-132/133 rule 5: E4 for-of over Object.entries(default binding) is a violation (round-11 lint: 'missed') 2ms
   ✓ the checker itself catches planted violations (self-check, incl. F-DG1-109, F-DG1-117, F-DG1-124) > F-DG1-132/133 rule 5: E5 dynamic import() then enumerate is a violation (round-11 lint: 'missed') 1ms
   ✓ the checker itself catches planted violations (self-check, incl. F-DG1-109, F-DG1-117, F-DG1-124) > F-DG1-132/133 rule 5: N1 namespace import is a violation (round-11 lint: 'missed') 1ms
   ✓ the checker itself catches planted violations (self-check, incl. F-DG1-109, F-DG1-117, F-DG1-124) > F-DG1-132/133 rule 5: N2 default import is a violation (round-11 lint: 'missed') 1ms
   ✓ the checker itself catches planted violations (self-check, incl. F-DG1-109, F-DG1-117, F-DG1-124) > F-DG1-132/133 rule 5: N3 default + named import is a violation (round-11 lint: 'missed') 1ms
   ✓ the checker itself catches planted violations (self-check, incl. F-DG1-109, F-DG1-117, F-DG1-124) > F-DG1-132/133 rule 5: N4 named default import is a violation (round-11 lint: 'missed') 3ms
   ✓ the checker itself catches planted violations (self-check, incl. F-DG1-109, F-DG1-117, F-DG1-124) > F-DG1-132/133 rule 5: N5 export star is a violation (round-11 lint: 'missed') 1ms
   ✓ the checker itself catches planted violations (self-check, incl. F-DG1-109, F-DG1-117, F-DG1-124) > F-DG1-132/133 rule 5: N6 export star as is a violation (round-11 lint: 'missed') 2ms
   ✓ the checker itself catches planted violations (self-check, incl. F-DG1-109, F-DG1-117, F-DG1-124) > F-DG1-132/133 rule 5: N7 re-export default is a violation (round-11 lint: 'missed') 1ms
   ✓ the checker itself catches planted violations (self-check, incl. F-DG1-109, F-DG1-117, F-DG1-124) > F-DG1-132/133 rule 5: N8 import-equals require is a violation (round-11 lint: 'missed') 1ms
   ✓ the checker itself catches planted violations (self-check, incl. F-DG1-109, F-DG1-117, F-DG1-124) > F-DG1-132/133 rule 5: N9 dynamic import() literal is a violation (round-11 lint: 'missed') 1ms
   ✓ the checker itself catches planted violations (self-check, incl. F-DG1-109, F-DG1-117, F-DG1-124) > F-DG1-132/133 rule 5: N10 require() literal is a violation (round-11 lint: 'caught') 1ms
   ✓ the checker itself catches planted violations (self-check, incl. F-DG1-109, F-DG1-117, F-DG1-124) > F-DG1-130/132: named node:crypto imports and their members stay allowed (positive control) 3ms
   ✓ the checker itself catches planted violations (self-check, incl. F-DG1-109, F-DG1-117, F-DG1-124) > F-DG1-133: enumerating a PLAIN object stays allowed (identity/routes.ts, access/rules.ts idiom) 2ms
   ✓ the checker itself catches planted violations (self-check, incl. F-DG1-109, F-DG1-117, F-DG1-124) > rule 5 applies only to node:crypto: namespace/default imports of other allow-listed built-ins stay allowed 1ms
   ✓ the checker itself catches planted violations (self-check, incl. F-DG1-109, F-DG1-117, F-DG1-124) > allowed forms stay clean (public index of a declared dependency, shared packages, own files) 6ms
   ✓ the checker itself catches planted violations (self-check, incl. F-DG1-109, F-DG1-117, F-DG1-124) > a module's own test may read the module map and the lint, but its runtime files may not 2ms
   ✓ the checker itself catches planted violations (self-check, incl. F-DG1-109, F-DG1-117, F-DG1-124) > a scaffold may not reach a business module it does not declare (reporting -> workflows) 2ms
   ✓ the checker itself catches planted violations (self-check, incl. F-DG1-109, F-DG1-117, F-DG1-124) > F-DG1-134: walk() collects every buildable JS/TS file (.[cm]?[jt]sx?), incl. nested ones, and no other file 2ms
   ✓ the checker itself catches planted violations (self-check, incl. F-DG1-109, F-DG1-117, F-DG1-124) > F-DG1-134: a planted non-.ts module file (zz-planted.mts etc.) is linted like a .ts one, end to end 69ms
   ✓ the checker itself catches planted violations (self-check, incl. F-DG1-109, F-DG1-117, F-DG1-124) > F-DG1-134: zz-planted.mts via fileViolations yields the rule-5 and deep-import violations 2ms
   ✓ the checker itself catches planted violations (self-check, incl. F-DG1-109, F-DG1-117, F-DG1-124) > F-DG1-134: JSX in a .tsx/.jsx module file is parsed as JSX, so its imports are still seen and not mis-parsed 67ms
   ✓ the checker itself catches planted violations (self-check, incl. F-DG1-109, F-DG1-117, F-DG1-124) > F-DG1-135: only *.test.ts/*.test.tsx (build-excluded) get the test allowance; *.test.mts etc. get full rules 160ms
   ✓ the checker itself catches planted violations (self-check, incl. F-DG1-109, F-DG1-117, F-DG1-124) > F-DG1-135: zz.test.mts importing ../../modules.ts or vitest is a violation; zz.test.ts doing so is allowed 4ms
   ✓ the checker itself catches planted violations (self-check, incl. F-DG1-109, F-DG1-117, F-DG1-124) > F-DG1-143: test-only packages (ajv, ajv-formats, yaml) are violations in module source, allowed only in *.test.ts 23ms
   ✓ the checker itself catches planted violations (self-check, incl. F-DG1-109, F-DG1-117, F-DG1-124) > F-DG1-217: a module declaration file (.d.ts/.d.mts/.d.cts) is linted without throwing, imports still checked 41ms
   ✓ the checker itself catches planted violations (self-check, incl. F-DG1-109, F-DG1-117, F-DG1-124) > F-DG1-137/F-DG1-218: an arbitrary-extension declaration file (*.d.<ext>.ts) is linted without throwing 21ms
   ✓ the checker itself catches planted violations (self-check, incl. F-DG1-109, F-DG1-117, F-DG1-124) > F-DG1-137/F-DG1-218: a planted styles.d.css.ts in a module directory is walked and linted end to end 2ms
   ✓ the checker itself catches planted violations (self-check, incl. F-DG1-109, F-DG1-117, F-DG1-124) > F-DG1-217: a planted .d.ts in a module directory is walked and linted end to end without throwing 4ms
   ✓ the checker itself catches planted violations (self-check, incl. F-DG1-109, F-DG1-117, F-DG1-124) > scanSource reports what it saw (paths resolve relative to the planted file) 1ms
   ✓ package dependency direction (ADR-0002 rule 5) > packages/db imports only @mth/config and @mth/shared 124ms
   ✓ package dependency direction (ADR-0002 rule 5) > packages/config imports only @mth/shared 12ms
   ✓ package dependency direction (ADR-0002 rule 5) > packages/shared imports no workspace package  374ms
   ✓ package dependency direction (ADR-0002 rule 5) > apps/web never imports @mth/db or @mth/config (browser bundle, no secrets)  1018ms
   ✓ package dependency direction (ADR-0002 rule 5) > apps/worker imports no API code 10ms
 ✓ |unit-node| apps/api/src/modules/workflows/workflows.test.ts (14 tests) 1448ms
   ✓ workflows module (P2) > registers its routes, each declaring access; every mutation declares a write permission  401ms
   ✓ workflows module (P2) > its declared boundary holds, and an undeclared dependency would be caught  1027ms
 ✓ |unit-node| packages/shared/src/formula/fuzz.test.ts (5 tests) 7805ms
   ✓ fuzz: no uncaught exception, no code execution > 10 000 random byte strings (0–255, up to 80 bytes)  2095ms
   ✓ fuzz: no uncaught exception, no code execution > 10 000 random UTF-16 strings including astral code points and lone surrogates  1854ms
   ✓ fuzz: no uncaught exception, no code execution > 20 000 random strings over the grammar alphabet reach parser, type checker and evaluator  3846ms
 ✓ |unit-node| apps/api/src/modules/evidence/evidence.test.ts (13 tests) 738ms
   ✓ evidence module (P2) > its declared boundary holds  549ms
 ✓ |unit-node| apps/api/src/modules/kpi/kpi.test.ts (21 tests) 1050ms
   ✓ kpi module (P2) > its declared boundary holds, and a planted bypass or undeclared dependency would be caught  968ms
 ✓ |unit-node| apps/api/src/server.test.ts (6 tests) 625ms
 ✓ |unit-node| packages/shared/src/scoring.test.ts (36 tests) 432ms
   ✓ property: all 5^5 integer score combinations under v1 equal an independent BigInt rational computation > stored value, 2-digit display and 0–100 view all match for 3125 combinations  392ms
 ✓ |unit-node| packages/shared/src/schemas/schemas.test.ts (69 tests) 225ms
 ✓ |unit-node| apps/api/src/modules/platform/platform.test.ts (19 tests) 141ms
 ✓ |unit-node| apps/api/src/modules/platform/in-flight.test.ts (4 tests) 293ms
 ✓ |unit-node| apps/api/src/modules/portfolio/schedule.test.ts (14 tests) 8ms
 ✓ |unit-node| apps/api/src/modules/platform/media-types.test.ts (57 tests) 173ms
 ✓ |unit-node| apps/api/src/request-encoding.test.ts (11 tests) 73ms
 ✓ |unit-node| packages/shared/src/value.test.ts (29 tests) 233ms
 ✓ |unit-node| apps/api/src/modules/methodology/methodology.test.ts (4 tests) 318ms
 ✓ |unit-node| packages/config/src/load.test.ts (17 tests) 81ms
 ✓ |unit-node| apps/api/src/modules/reporting/reporting.test.ts (4 tests) 129ms
 ✓ |unit-node| apps/api/src/modules/platform/connection-hygiene.test.ts (6 tests) 75ms
(node:1727) [FSTDEP022] FastifyWarning: The router options for constraints property access is deprecated. Please use "options.routerOptions" instead for accessing router options. The router options will be removed in `fastify@6`.
(Use `node --trace-warnings ...` to show where the warning was created)
 ✓ |unit-node| apps/api/src/modules/platform/incomplete-body.test.ts (10 tests) 67ms
 ✓ |unit-node| apps/api/src/modules/platform/framework-errors.test.ts (6 tests) 40ms
 ✓ |unit-node| packages/shared/src/formula/formula.test.ts (136 tests) 107ms
 ✓ |unit-node| packages/design-tokens/src/tokens.test.ts (15 tests) 41ms
 ✓ |unit-node| apps/api/src/modules/kpi/rules.test.ts (30 tests) 37ms
 ✓ |unit-node| apps/api/src/modules/platform/health.test.ts (2 tests) 34ms
 ✓ |unit-node| packages/db/src/seed.test.ts (10 tests) 29ms
 ✓ |unit-node| apps/api/src/modules/kpi/totals.test.ts (20 tests) 31ms
 ✓ |unit-node| apps/api/src/modules/portfolio/sequencing.test.ts (9 tests) 12ms
 ✓ |unit-node| apps/api/src/modules/access/rules.test.ts (12 tests) 6ms
 ✓ |unit-node| apps/api/src/modules/platform/advisory-locks.test.ts (3 tests) 15ms
 ✓ |unit-node| apps/api/src/modules/transformations/thesis.test.ts (4 tests) 7ms
 ✓ |unit-node| apps/api/src/modules/platform/request-encoding.test.ts (7 tests) 8ms
 ✓ |unit-node| apps/api/src/modules/admin/branding.test.ts (4 tests) 34ms
 ✓ |unit-node| apps/api/src/modules/platform/db-errors.test.ts (7 tests) 8ms
 ✓ |unit-node| apps/api/src/modules/identity/oidc-claims.test.ts (5 tests) 4ms
 ✓ |unit-node| apps/api/src/modules/transformations/good-outcome.test.ts (7 tests) 9ms
 ✓ |unit-node| apps/api/src/modules/transformations/transitions.test.ts (2 tests) 4ms
 ✓ |unit-node| apps/api/src/modules/transformations/exclusions.test.ts (19 tests) 13ms
 ✓ |unit-node| apps/api/src/modules/workflows/t08-cycle-problem.test.ts (2 tests) 4ms
 ✓ |unit-web| src/pages/render-time-language.test.tsx (28 tests) 6679ms
   ✓ sign-in (dev form), 'en' → 'ar' > an invalid user name: the inline message follows the switch  336ms
   ✓ journey step editor, 'en' → 'ar' > a field error on a step follows the switch  617ms
   ✓ journey step editor, 'en' → 'ar' > the form-level "Step N:" error follows the switch (prefix and message)  447ms
   ✓ journey step editor, 'ar' → 'en' > a field error on a step follows the switch  410ms
   ✓ journey step editor, 'ar' → 'en' > the form-level "Step N:" error follows the switch (prefix and message)  390ms
   ✓ row-action note and reason dialog, 'en' → 'ar' > the Finance validation note's 'required' follows the switch  332ms
   ✓ row-action note and reason dialog, 'en' → 'ar' > the Finance validation choice's 'required' follows the switch  302ms
   ✓ row-action note and reason dialog, 'ar' → 'en' > the archive reason's 'too short' follows the switch  304ms
 ✓ |unit-web| src/pages/p2-blank-forms.test.tsx (52 tests) 11960ms
   ✓ gate submission note (en) > a whitespace-only note is refused inline and nothing is sent  609ms
   ✓ gate submission note (en) > visible text is sent verbatim; an empty note is omitted  341ms
   ✓ journey step editor (en) > a whitespace-only actor is refused inline (not turned into null) and nothing is sent  315ms
   ✓ journey step editor (en) > a invisible-only actor is refused inline (not turned into null) and nothing is sent  315ms
   ✓ journey step editor (en) > several blank fields: each gets the message and focus goes to the first (name)  314ms
   ✓ journey step editor (en) > visible text is sent verbatim; emptied optional text is null; an empty name is required  422ms
   ✓ journey step editor (ar) > visible text is sent verbatim; emptied optional text is null; an empty name is required  345ms
   ✓ Finance validation note and archive reason (ar) > note: a whitespace-only note is refused inline and nothing is sent  337ms
   ✓ Finance validation note and archive reason (ar) > note: a invisible-only note is refused inline and nothing is sent  354ms
 ✓ |unit-web| src/pages/p2.test.tsx (56 tests) 12864ms
   ✓ Diagnose > shows the six T01 dimensions with Unknown for missing values, and value pools that are never 0  826ms
   ✓ Diagnose > renders the six workstreams with their key questions  319ms
   ✓ Diagnose > edits a T01 row with only the changed fields and If-Match  374ms
   ✓ Diagnose > a 409 on save writes nothing, compares, and re-applies on the current version  405ms
   ✓ Diagnose > a 400 validation.blank shows a localized message on its field ('en')  477ms
   ✓ Diagnose > a 400 validation.blank shows a localized message on its field ('ar')  467ms
   ✓ Diagnose > an invisible-only value is blocked client-side with validation.blank ('en')  458ms
   ✓ Diagnose > an invisible-only value is blocked client-side with validation.blank ('ar')  450ms
   ✓ Diagnose > a whitespace-only T01 value is an inline blank error and sends nothing ('en')  432ms
   ✓ Diagnose > a whitespace-only T01 value is an inline blank error and sends nothing ('ar')  422ms
   ✓ Diagnose > T01: an emptied field is sent as an explicit null; visible text is sent verbatim  536ms
   ✓ Define: KPI activation (F-DG2-201) > Arabic: the Activate action and the 422 reason are in Arabic  304ms
   ✓ Charter > scope pre-check: an empty Out of scope reads as failing (EN and AR)  335ms
   ✓ Charter > edit: emptying a filled field sends null; visible text is verbatim (en)  434ms
   ✓ Design > shows the ten canvas boxes and the per-dimension view  401ms
   ✓ Design > converts an unresolved workshop item into a design decision with If-Match  522ms
 ✓ |unit-web| src/auth/session-bound.test.tsx (34 tests) 7700ms
   ✓ F-DG2-530/580 no effect of A's action after a further await once the tab is B's (en) > Y1: a create whose post-create GET /me returns B: B is not navigated and never sees A's code or name  899ms
   ✓ F-DG2-530/580 no effect of A's action after a further await once the tab is B's (en) > Y1c: the same create under one identity still lands on the created record  365ms
   ✓ F-DG2-530/580 no effect of A's action after a further await once the tab is B's (en) > an edit whose identity changes between its awaits: B is not navigated to A's record and keeps nothing of A's  434ms
   ✓ F-DG2-530/580 no effect of A's action after a further await once the tab is B's (en) > an organization create whose identity changes between its awaits: B is not navigated to A's new organization  484ms
   ✓ F-DG2-530/580 no effect of A's action after a further await once the tab is B's (en) > a user create whose identity changes between its awaits: B is not navigated to A's new user  478ms
   ✓ F-DG2-530/580 no effect of A's action after a further await once the tab is B's (ar) > Y1: a create whose post-create GET /me returns B: B is not navigated and never sees A's code or name  534ms
   ✓ F-DG2-530/580 no effect of A's action after a further await once the tab is B's (ar) > an edit whose identity changes between its awaits: B is not navigated to A's record and keeps nothing of A's  429ms
   ✓ F-DG2-530/580 no effect of A's action after a further await once the tab is B's (ar) > an organization create whose identity changes between its awaits: B is not navigated to A's new organization  422ms
   ✓ F-DG2-530/580 no effect of A's action after a further await once the tab is B's (ar) > a user create whose identity changes between its awaits: B is not navigated to A's new user  430ms
   ✓ the convention: no raw navigate or cache write in app code (T-DG2-FE15) > the ESLint rule refuses a raw navigate, a raw cache write and a useNavigate import in a page  999ms
 ✓ |unit-web| src/pages/team/team.test.tsx (10 tests) 2732ms
   ✓ Team (English LTR) > shows the six governance roles with B0018 accountability text verbatim and who holds each  447ms
   ✓ Team: the success notice follows a language switch, 'en' → 'ar' > the notice is shown in the language now on screen, not the one it was created in  375ms
   ✓ Team: the success notice follows a language switch, 'ar' → 'en' > the notice is shown in the language now on screen, not the one it was created in  384ms
 ✓ |unit-web| src/auth/session-end.test.tsx (12 tests) 6071ms
   ✓ session end while the app is open (en) > a 401 on navigation lands once on sign-in with the message; signing in again returns to the page  947ms
   ✓ session end while the app is open (en) > a 401 on a dialog mutation (the commit-time upload refusal) closes the dialog and lands once on sign-in  723ms
   ✓ session end while the app is open (en) > a sign-out elsewhere noticed by the next /me probe lands once on sign-in, never on the stale shell  464ms
   ✓ session end while the app is open (en) > a 403 (forbidden) is never treated as a session end  473ms
   ✓ session end while the app is open (ar) > a 401 on navigation lands once on sign-in with the message; signing in again returns to the page  606ms
   ✓ session end while the app is open (ar) > a 401 on a dialog mutation (the commit-time upload refusal) closes the dialog and lands once on sign-in  667ms
   ✓ session end while the app is open (ar) > a sign-out elsewhere noticed by the next /me probe lands once on sign-in, never on the stale shell  461ms
   ✓ session end while the app is open (ar) > a 403 (forbidden) is never treated as a session end  449ms
   ✓ session end under <StrictMode> (as in production) > still lands exactly once on sign-in  550ms
   ✓ sign-in page and the cached identity > decides 'already signed in' only from a fresh /me, never from a stale cache  359ms
   ✓ sign-in page and the cached identity > signing out here shows 'signed out', not 'session ended', and no /me loop  355ms
 ✓ |unit-web| src/auth/session-generation.test.tsx (26 tests) 8014ms
   ✓ F-DG2-530 a write in flight across an identity change (en) > X3: A's PATCH answered after B's /me is not written into B's cache, not shown, and does not navigate B  717ms
   ✓ F-DG2-530 a write in flight across an identity change (en) > X3b: the same after a session END here and B's sign-in: A's late answer never lands  507ms
   ✓ F-DG2-530 a write in flight across an identity change (en) > an archive in flight across an identity change: A's archived record never lands in B's cache  490ms
   ✓ F-DG2-530 a write in flight across an identity change (en) > an organization save in flight across an identity change: A's change is never stored under B  534ms
   ✓ F-DG2-530 a write in flight across an identity change (en) > a user save in flight across an identity change: A's change is never stored under B  516ms
   ✓ F-DG2-530 a write in flight across an identity change (en) > a same-person new session: the in-flight save is dropped silently, the draft is kept and usable  394ms
   ✓ F-DG2-530 X6: refocus and reconnect revalidate GET /me first (en) > the same identity: a refocus refetches /me once, then the stale page queries; nothing when all is fresh  365ms
   ✓ F-DG2-530 a write in flight across an identity change (ar) > X3: A's PATCH answered after B's /me is not written into B's cache, not shown, and does not navigate B  484ms
   ✓ F-DG2-530 a write in flight across an identity change (ar) > X3b: the same after a session END here and B's sign-in: A's late answer never lands  414ms
   ✓ F-DG2-530 a write in flight across an identity change (ar) > an archive in flight across an identity change: A's archived record never lands in B's cache  428ms
   ✓ F-DG2-530 a write in flight across an identity change (ar) > an organization save in flight across an identity change: A's change is never stored under B  485ms
   ✓ F-DG2-530 a write in flight across an identity change (ar) > a user save in flight across an identity change: A's change is never stored under B  505ms
   ✓ F-DG2-530 a write in flight across an identity change (ar) > a same-person new session: the in-flight save is dropped silently, the draft is kept and usable  405ms
   ✓ F-DG2-530 X6: refocus and reconnect revalidate GET /me first (ar) > the same identity: a refocus refetches /me once, then the stale page queries; nothing when all is fresh  379ms
 ✓ |unit-web| src/app/app.test.tsx (17 tests) 2532ms
   ✓ bilingual shell > switches to English LTR and persists the preference with If-Match  414ms
   ✓ bilingual shell > shows all fourteen areas to an administrator  356ms
   ✓ transformations > lists transformations with a sortable code column and removable filter chips  417ms
 ✓ |unit-web| src/pages/transformations/transformations.test.tsx (21 tests) 4908ms
   ✓ after create (F-DG1-004) > shows the created record when the server lets the creator read it  836ms
   ✓ effective permissions refresh after create (F-DG1-210) > English: Edit, Archive and the audit trail appear after create, without a reload  762ms
   ✓ effective permissions refresh after create (F-DG1-210) > Arabic (RTL): the same controls and the audit trail appear after create, without a reload  564ms
   ✓ effective permissions refresh after create (F-DG1-210) > does not over-grant: if the refreshed server answer adds nothing, Archive and the audit trail stay hidden  304ms
 ✓ |unit-web| src/auth/session-identity.test.tsx (18 tests) 5999ms
   ✓ F-DG2-500 a session end on the sign-in page (en) > W5: Back to /login after A's session ends, B signs in with the development form: B never sees A's records  971ms
   ✓ F-DG2-500 a session end on the sign-in page (en) > W5b (OIDC mode): B signs in in another tab and this tab's /me re-probe brings B: B never sees A's records  734ms
   ✓ F-DG2-500 an identity change with no session end in this tab (en) > a refocus /me that returns another identity removes every session query before B renders, and drops A's drafts  405ms
   ✓ F-DG2-500 sign-out here and 403 (en) > signing out here clears everything; B signing in afterwards never sees A's records  635ms
   ✓ F-DG2-500 a session end on the sign-in page (ar) > W5: Back to /login after A's session ends, B signs in with the development form: B never sees A's records  591ms
   ✓ F-DG2-500 a session end on the sign-in page (ar) > W5b (OIDC mode): B signs in in another tab and this tab's /me re-probe brings B: B never sees A's records  586ms
   ✓ F-DG2-500 sign-out here and 403 (ar) > signing out here clears everything; B signing in afterwards never sees A's records  712ms
 ✓ |unit-web| src/components/RecordForm.alerts.test.tsx (16 tests) 1578ms
   ✓ record form: one alert per distinct form error (en) > dialog > a 400 whose only field error has pointer "" says its message once, in one live region  389ms
 ✓ |unit-web| src/pages/transformations/modeGuidance.test.tsx (5 tests) 1323ms
   ✓ New transformation: mode guidance (English LTR) > shows When to use and How for the selected mode and switches with the mode  538ms
   ✓ New transformation: mode guidance (English LTR) > Modular requires an entry phase before anything is sent  357ms
 ✓ |unit-web| src/components/LanguageSwitch.test.tsx (10 tests) 3409ms
   ✓ a refused language save, 'en' → other ('403 csrf') > keeps ar on screen and says, in ar, that it was not saved  916ms
   ✓ a refused language save, 'ar' → other ('403 csrf') > keeps en on screen and says, in en, that it was not saved  521ms
   ✓ a refused language save, 'en' → other ('403 forbidden') > keeps ar on screen and says, in ar, that it was not saved  481ms
   ✓ a refused language save, 'ar' → other ('503') > keeps en on screen and says, in en, that it was not saved  476ms
 ✓ |unit-web| src/components/States.test.tsx (15 tests) 671ms
 ✓ |unit-web| src/lib/lib.test.ts (24 tests) 145ms
 ✓ |unit-web| src/test/react-warning-guard.test.tsx (4 tests) 32ms
 ✓ |unit-web| src/i18n/i18n.test.ts (11 tests) 58ms
 ✓ |unit-web| src/i18n/glossary.test.ts (8 tests) 37ms
 ✓ |unit-web| src/lib/auditChanges.test.ts (15 tests) 29ms
 ✓ |unit-web| src/styles/styles.test.ts (6 tests) 7ms
 ✓ |unit-web| src/test/harness-config.test.ts (2 tests) 3ms

⎯⎯⎯⎯⎯⎯⎯ Failed Tests 1 ⎯⎯⎯⎯⎯⎯⎯

 FAIL  |unit-node| apps/api/src/architecture.test.ts > API module boundaries (ADR-0002) > every import respects dependsOn, public surfaces and allowed packages
AssertionError: expected [ Array(1) ] to deeply equal []

[32m- Expected[39m
[31m+ Received[39m

[32m- [][39m
[31m+ [[39m
[31m+   "modules/platform/advisory-locks.test.ts: computed member with a non-literal key (line 48) bypasses the module-interface check",[39m
[31m+ ][39m

 ❯ apps/api/src/architecture.test.ts:135:79
    133|     "every import respects dependsOn, public surfaces and allowed pack…
    134|     () => {
    135|       expect((moduleDirs as ApiModule[]).flatMap((m) => moduleViolatio…
       |                                                                               ^
    136|     },
    137|     AST_TEST_TIMEOUT_MS,

⎯⎯⎯⎯⎯⎯⎯⎯⎯⎯⎯⎯⎯⎯⎯⎯⎯⎯⎯⎯⎯⎯⎯⎯[1/1]⎯


 Test Files  1 failed | 58 passed (59)
      Tests  1 failed | 1164 passed (1165)
   Start at  00:22:54
   Duration  57.31s (transform 6.74s, setup 2.89s, collect 37.97s, tests 97.73s, environment 11.99s, prepare 5.32s)

 ELIFECYCLE  Test failed. See above for more details.
EXIT=1
