$ LANG=C.UTF-8 LC_ALL=C.UTF-8 pnpm test

> mobily-transformation-hub@0.1.0 test /home/user/wt/dg3-arch-03
> vitest run --project unit-node --project unit-web


 RUN  v3.2.4 /home/user/wt/dg3-arch-03

 ✓ |unit-web| src/auth/session-generation.test.tsx (26 tests) 8861ms
   ✓ F-DG2-530 a write in flight across an identity change (en) > X3: A's PATCH answered after B's /me is not written into B's cache, not shown, and does not navigate B  830ms
   ✓ F-DG2-530 a write in flight across an identity change (en) > X3b: the same after a session END here and B's sign-in: A's late answer never lands  571ms
   ✓ F-DG2-530 a write in flight across an identity change (en) > an archive in flight across an identity change: A's archived record never lands in B's cache  552ms
   ✓ F-DG2-530 a write in flight across an identity change (en) > an organization save in flight across an identity change: A's change is never stored under B  560ms
   ✓ F-DG2-530 a write in flight across an identity change (en) > a user save in flight across an identity change: A's change is never stored under B  509ms
   ✓ F-DG2-530 a write in flight across an identity change (en) > a same-person new session: the in-flight save is dropped silently, the draft is kept and usable  412ms
   ✓ F-DG2-530 X6: refocus and reconnect revalidate GET /me first (en) > the same identity: a refocus refetches /me once, then the stale page queries; nothing when all is fresh  358ms
   ✓ F-DG2-530 a write in flight across an identity change (ar) > X3: A's PATCH answered after B's /me is not written into B's cache, not shown, and does not navigate B  507ms
   ✓ F-DG2-530 a write in flight across an identity change (ar) > X3b: the same after a session END here and B's sign-in: A's late answer never lands  434ms
   ✓ F-DG2-530 a write in flight across an identity change (ar) > an archive in flight across an identity change: A's archived record never lands in B's cache  545ms
   ✓ F-DG2-530 a write in flight across an identity change (ar) > an organization save in flight across an identity change: A's change is never stored under B  536ms
   ✓ F-DG2-530 a write in flight across an identity change (ar) > a user save in flight across an identity change: A's change is never stored under B  551ms
   ✓ F-DG2-530 a write in flight across an identity change (ar) > a same-person new session: the in-flight save is dropped silently, the draft is kept and usable  479ms
   ✓ F-DG2-530 a write in flight across an identity change (ar) > a language save retried after a 409 is never written for the identity that replaced A  311ms
   ✓ F-DG2-530 X6: refocus and reconnect revalidate GET /me first (ar) > the same identity: a refocus refetches /me once, then the stale page queries; nothing when all is fresh  478ms
 ✓ |unit-web| src/pages/p2-blank-forms.test.tsx (52 tests) 13485ms
   ✓ gate submission note (en) > a whitespace-only note is refused inline and nothing is sent  622ms
   ✓ gate submission note (en) > visible text is sent verbatim; an empty note is omitted  441ms
   ✓ journey step editor (en) > a whitespace-only actor is refused inline (not turned into null) and nothing is sent  337ms
   ✓ journey step editor (en) > a invisible-only actor is refused inline (not turned into null) and nothing is sent  330ms
   ✓ journey step editor (en) > visible text is sent verbatim; emptied optional text is null; an empty name is required  383ms
   ✓ journey step editor (ar) > a whitespace-only actor is refused inline (not turned into null) and nothing is sent  402ms
   ✓ journey step editor (ar) > a invisible-only actor is refused inline (not turned into null) and nothing is sent  339ms
   ✓ journey step editor (ar) > visible text is sent verbatim; emptied optional text is null; an empty name is required  567ms
   ✓ Finance validation note and archive reason (en) > note: a whitespace-only note is refused inline and nothing is sent  327ms
   ✓ Finance validation note and archive reason (en) > note: a invisible-only note is refused inline and nothing is sent  307ms
   ✓ Finance validation note and archive reason (en) > note: empty is 'required'; visible text is sent verbatim  303ms
   ✓ Finance validation note and archive reason (en) > reason: a invisible-only reason is refused inline and nothing is archived  387ms
   ✓ Finance validation note and archive reason (en) > reason: a reason with U+0000 is refused inline with the localized message and nothing is archived  483ms
   ✓ Finance validation note and archive reason (en) > reason: a server 400 validation.invalid_character on /reason is the localized field message  321ms
   ✓ Finance validation note and archive reason (en) > reason: empty keeps 'too short'; visible text is sent verbatim  411ms
   ✓ Finance validation note and archive reason (ar) > note: a whitespace-only note is refused inline and nothing is sent  309ms
   ✓ Finance validation note and archive reason (ar) > note: a invisible-only note is refused inline and nothing is sent  387ms
   ✓ Finance validation note and archive reason (ar) > note: empty is 'required'; visible text is sent verbatim  346ms
   ✓ Finance validation note and archive reason (ar) > reason: a whitespace-only reason is refused inline and nothing is archived  373ms
 ✓ |unit-web| src/pages/p2.test.tsx (56 tests) 14121ms
   ✓ Diagnose > shows the six T01 dimensions with Unknown for missing values, and value pools that are never 0  800ms
   ✓ Diagnose > shows the totals as Unknown when no pool is quantified  301ms
   ✓ Diagnose > renders the six workstreams with their key questions  431ms
   ✓ Diagnose > edits a T01 row with only the changed fields and If-Match  418ms
   ✓ Diagnose > a 409 on save writes nothing, compares, and re-applies on the current version  384ms
   ✓ Diagnose > a 400 validation.blank shows a localized message on its field ('en')  439ms
   ✓ Diagnose > a 400 validation.blank shows a localized message on its field ('ar')  388ms
   ✓ Diagnose > an invisible-only value is blocked client-side with validation.blank ('en')  385ms
   ✓ Diagnose > an invisible-only value is blocked client-side with validation.blank ('ar')  423ms
   ✓ Diagnose > a whitespace-only T01 value is an inline blank error and sends nothing ('en')  451ms
   ✓ Diagnose > a whitespace-only T01 value is an inline blank error and sends nothing ('ar')  437ms
   ✓ Diagnose > T01: an emptied field is sent as an explicit null; visible text is sent verbatim  443ms
   ✓ Define: KPI activation (F-DG2-201) > Arabic: the Activate action and the 422 reason are in Arabic  472ms
   ✓ Charter > scope pre-check: an empty Out of scope reads as failing (EN and AR)  496ms
   ✓ Charter > edit: a whitespace Out of scope is an inline blank error, sends nothing and keeps the value (en)  371ms
   ✓ Charter > edit: a whitespace Out of scope is an inline blank error, sends nothing and keeps the value (ar)  517ms
   ✓ Charter > edit: emptying a filled field sends null; visible text is verbatim (en)  436ms
   ✓ Charter > edit: emptying a filled field sends null; visible text is verbatim (ar)  356ms
   ✓ Charter > edit: a change summary alone is not a change (never a content-free version)  416ms
   ✓ Design > shows the ten canvas boxes and the per-dimension view  379ms
   ✓ Design > converts an unresolved workshop item into a design decision with If-Match  483ms
 ✓ |unit-web| src/auth/session-bound.test.tsx (34 tests) 8133ms
   ✓ F-DG2-530/580 no effect of A's action after a further await once the tab is B's (en) > Y1: a create whose post-create GET /me returns B: B is not navigated and never sees A's code or name  985ms
   ✓ F-DG2-530/580 no effect of A's action after a further await once the tab is B's (en) > Y1c: the same create under one identity still lands on the created record  339ms
   ✓ F-DG2-530/580 no effect of A's action after a further await once the tab is B's (en) > an edit whose identity changes between its awaits: B is not navigated to A's record and keeps nothing of A's  404ms
   ✓ F-DG2-530/580 no effect of A's action after a further await once the tab is B's (en) > an organization create whose identity changes between its awaits: B is not navigated to A's new organization  471ms
   ✓ F-DG2-530/580 no effect of A's action after a further await once the tab is B's (en) > a user create whose identity changes between its awaits: B is not navigated to A's new user  476ms
   ✓ F-DG2-530/580 no effect of A's action after a further await once the tab is B's (ar) > Y1: a create whose post-create GET /me returns B: B is not navigated and never sees A's code or name  524ms
   ✓ F-DG2-530/580 no effect of A's action after a further await once the tab is B's (ar) > an edit whose identity changes between its awaits: B is not navigated to A's record and keeps nothing of A's  378ms
   ✓ F-DG2-530/580 no effect of A's action after a further await once the tab is B's (ar) > an organization create whose identity changes between its awaits: B is not navigated to A's new organization  409ms
   ✓ F-DG2-530/580 no effect of A's action after a further await once the tab is B's (ar) > a user create whose identity changes between its awaits: B is not navigated to A's new user  432ms
   ✓ the convention: no raw navigate or cache write in app code (T-DG2-FE15) > the ESLint rule refuses a raw navigate, a raw cache write and a useNavigate import in a page  1504ms
 ✓ |unit-web| src/pages/render-time-language.test.tsx (28 tests) 7545ms
   ✓ journey step editor, 'en' → 'ar' > a field error on a step follows the switch  540ms
   ✓ journey step editor, 'en' → 'ar' > the form-level "Step N:" error follows the switch (prefix and message)  351ms
   ✓ journey step editor, 'ar' → 'en' > a field error on a step follows the switch  354ms
   ✓ journey step editor, 'ar' → 'en' > the form-level "Step N:" error follows the switch (prefix and message)  396ms
   ✓ row-action note and reason dialog, 'en' → 'ar' > the Finance validation note's 'required' follows the switch  411ms
   ✓ row-action note and reason dialog, 'en' → 'ar' > the archive reason's 'too short' follows the switch  666ms
   ✓ row-action note and reason dialog, 'ar' → 'en' > the Finance validation note's 'required' follows the switch  596ms
   ✓ row-action note and reason dialog, 'ar' → 'en' > the Finance validation choice's 'required' follows the switch  458ms
   ✓ row-action note and reason dialog, 'ar' → 'en' > the archive reason's 'too short' follows the switch  448ms
   ✓ evidence dialogs, 'en' → 'ar' > upload without a file: 'required' follows the switch  345ms
   ✓ evidence dialogs, 'en' → 'ar' > a link without a record type or record: both 'required' messages follow the switch  303ms
   ✓ evidence dialogs, 'ar' → 'en' > a link without a record type or record: both 'required' messages follow the switch  326ms
 ✓ |unit-web| src/auth/session-end.test.tsx (12 tests) 6966ms
   ✓ session end while the app is open (en) > a 401 on navigation lands once on sign-in with the message; signing in again returns to the page  1064ms
   ✓ session end while the app is open (en) > a 401 on a dialog mutation (the commit-time upload refusal) closes the dialog and lands once on sign-in  839ms
   ✓ session end while the app is open (en) > a sign-out elsewhere noticed by the next /me probe lands once on sign-in, never on the stale shell  500ms
   ✓ session end while the app is open (en) > a 403 (forbidden) is never treated as a session end  563ms
   ✓ session end while the app is open (ar) > a 401 on navigation lands once on sign-in with the message; signing in again returns to the page  697ms
   ✓ session end while the app is open (ar) > a 401 on a dialog mutation (the commit-time upload refusal) closes the dialog and lands once on sign-in  875ms
   ✓ session end while the app is open (ar) > a sign-out elsewhere noticed by the next /me probe lands once on sign-in, never on the stale shell  471ms
   ✓ session end while the app is open (ar) > a 403 (forbidden) is never treated as a session end  493ms
   ✓ session end under <StrictMode> (as in production) > still lands exactly once on sign-in  690ms
   ✓ sign-in page and the cached identity > decides 'already signed in' only from a fresh /me, never from a stale cache  385ms
   ✓ sign-in page and the cached identity > signing out here shows 'signed out', not 'session ended', and no /me loop  367ms
 ✓ |unit-web| src/pages/transformations/transformations.test.tsx (21 tests) 4159ms
   ✓ after create (F-DG1-004) > shows the created record when the server lets the creator read it  611ms
   ✓ effective permissions refresh after create (F-DG1-210) > English: Edit, Archive and the audit trail appear after create, without a reload  614ms
   ✓ effective permissions refresh after create (F-DG1-210) > Arabic (RTL): the same controls and the audit trail appear after create, without a reload  655ms
   ✓ effective permissions refresh after create (F-DG1-210) > does not over-grant: if the refreshed server answer adds nothing, Archive and the audit trail stay hidden  378ms
 ✓ |unit-web| src/pages/team/team.test.tsx (10 tests) 6363ms
   ✓ Team (English LTR) > shows the six governance roles with B0018 accountability text verbatim and who holds each  1174ms
   ✓ Team (English LTR) > lists team members with the accountability on each assignment, sortable and filterable  680ms
   ✓ Team (English LTR) > a Transformation Lead assigns a Workstream Lead: Idempotency-Key, reason, accountability preview  347ms
   ✓ Team (English LTR) > shows a 403 from the server in words; nothing is assigned  548ms
   ✓ Team: read-only auditor (AUD) > sees the roles, accountabilities and members, a read-only note, and no assign control  370ms
   ✓ Team (Arabic RTL) > shows Arabic role names and the provisional Arabic accountability text  370ms
   ✓ Team assign dialog: accountability preview follows the selected role (F-DG2-430) > en: WL on open, then KDS, TD, none and WL again, in StrictMode with no React warning  837ms
   ✓ Team assign dialog: accountability preview follows the selected role (F-DG2-430) > ar: WL on open, then KDS, TD, none and WL again, in StrictMode with no React warning  451ms
   ✓ Team: the success notice follows a language switch, 'en' → 'ar' > the notice is shown in the language now on screen, not the one it was created in  818ms
   ✓ Team: the success notice follows a language switch, 'ar' → 'en' > the notice is shown in the language now on screen, not the one it was created in  753ms
 ✓ |unit-web| src/components/LanguageSwitch.test.tsx (10 tests) 4208ms
   ✓ a refused language save, 'en' → other ('403 csrf') > keeps ar on screen and says, in ar, that it was not saved  990ms
   ✓ a refused language save, 'ar' → other ('403 csrf') > keeps en on screen and says, in en, that it was not saved  665ms
   ✓ a refused language save, 'en' → other ('403 forbidden') > keeps ar on screen and says, in ar, that it was not saved  578ms
   ✓ a refused language save, 'ar' → other ('503') > keeps en on screen and says, in en, that it was not saved  572ms
   ✓ the live region and the persisted preference > a successful save never flips back to the previous language while the PUT is in flight  351ms
   ✓ the live region and the persisted preference > if the persisted preference changes later and is re-applied, the notice says so in that language  406ms
 ✓ |unit-web| src/auth/session-identity.test.tsx (18 tests) 8311ms
   ✓ F-DG2-500 a session end on the sign-in page (en) > W5: Back to /login after A's session ends, B signs in with the development form: B never sees A's records  1871ms
   ✓ F-DG2-500 a session end on the sign-in page (en) > W5b (OIDC mode): B signs in in another tab and this tab's /me re-probe brings B: B never sees A's records  702ms
   ✓ F-DG2-500 an identity change with no session end in this tab (en) > a refocus /me that returns another identity removes every session query before B renders, and drops A's drafts  569ms
   ✓ F-DG2-500 sign-out here and 403 (en) > signing out here clears everything; B signing in afterwards never sees A's records  738ms
   ✓ F-DG2-500 a session end on the sign-in page (ar) > W5: Back to /login after A's session ends, B signs in with the development form: B never sees A's records  576ms
   ✓ F-DG2-500 a session end on the sign-in page (ar) > W5b (OIDC mode): B signs in in another tab and this tab's /me re-probe brings B: B never sees A's records  507ms
   ✓ F-DG2-500 an identity change with no session end in this tab (ar) > a refocus /me that returns another identity removes every session query before B renders, and drops A's drafts  595ms
   ✓ F-DG2-500 an identity change with no session end in this tab (ar) > a new session of the same person (signed in again elsewhere) refetches the queries but keeps their own draft  368ms
   ✓ F-DG2-500 an identity change with no session end in this tab (ar) > the same identity re-probed (window refocus) keeps the cache and the page state  488ms
   ✓ F-DG2-500 sign-out here and 403 (ar) > signing out here clears everything; B signing in afterwards never sees A's records  953ms
 ✓ |unit-web| src/pages/transformations/modeGuidance.test.tsx (5 tests) 2063ms
   ✓ New transformation: mode guidance (English LTR) > shows When to use and How for the selected mode and switches with the mode  1050ms
   ✓ New transformation: mode guidance (English LTR) > a server validation error on the entry phase is shown on that field  561ms
 ✓ |unit-web| src/app/app.test.tsx (17 tests) 4431ms
   ✓ bilingual shell > switches to English LTR and persists the preference with If-Match  520ms
   ✓ bilingual shell > shows all fourteen areas to an administrator  399ms
   ✓ bilingual shell > a partial area (Governance) leads into the Gates tab of each transformation; its portfolio view stays planned  520ms
   ✓ transformations > lists transformations with a sortable code column and removable filter chips  945ms
   ✓ transformations > detail shows the workspace header with Unknown for data from later stages  498ms
   ✓ transformations > edit: a 409 writes nothing, shows compare, and re-applies on the current version  462ms
 ✓ |unit-web| src/components/RecordForm.alerts.test.tsx (16 tests) 2737ms
   ✓ record form: one alert per distinct form error (en) > dialog > a 400 whose only field error has pointer "" says its message once, in one live region  549ms
 ✓ |unit-web| src/components/States.test.tsx (15 tests) 435ms
 ✓ |unit-web| src/i18n/i18n.test.ts (11 tests) 74ms
 ✓ |unit-web| src/lib/lib.test.ts (24 tests) 112ms
 ✓ |unit-web| src/test/react-warning-guard.test.tsx (4 tests) 71ms
 ✓ |unit-web| src/lib/auditChanges.test.ts (15 tests) 32ms
 ✓ |unit-web| src/styles/styles.test.ts (6 tests) 44ms
 ✓ |unit-web| src/i18n/glossary.test.ts (8 tests) 18ms
 ✓ |unit-web| src/test/harness-config.test.ts (2 tests) 4ms
 ✓ |unit-node| apps/api/src/modules/workflows/workflows.test.ts (14 tests) 1897ms
   ✓ workflows module (P2) > its declared boundary holds, and an undeclared dependency would be caught  1798ms
 ✓ |unit-node| packages/shared/src/formula/fuzz.test.ts (5 tests) 9670ms
   ✓ fuzz: no uncaught exception, no code execution > 10 000 random byte strings (0–255, up to 80 bytes)  2895ms
   ✓ fuzz: no uncaught exception, no code execution > 10 000 random UTF-16 strings including astral code points and lone surrogates  1855ms
   ✓ fuzz: no uncaught exception, no code execution > 20 000 random strings over the grammar alphabet reach parser, type checker and evaluator  4905ms
 ✓ |unit-node| apps/api/src/architecture.test.ts (136 tests) 8624ms
   ✓ API module boundaries (ADR-0002) > every import respects dependsOn, public surfaces and allowed packages  5164ms
   ✓ package dependency direction (ADR-0002 rule 5) > packages/shared imports no workspace package  580ms
   ✓ package dependency direction (ADR-0002 rule 5) > apps/web never imports @mth/db or @mth/config (browser bundle, no secrets)  1876ms
 ✓ |unit-node| apps/api/src/modules/evidence/evidence.test.ts (13 tests) 638ms
   ✓ evidence module (P2) > its declared boundary holds  527ms
 ✓ |unit-node| apps/api/src/modules/kpi/kpi.test.ts (21 tests) 1163ms
   ✓ kpi module (P2) > its declared boundary holds, and a planted bypass or undeclared dependency would be caught  1071ms
 ✓ |unit-node| packages/shared/src/scoring.test.ts (36 tests) 642ms
   ✓ property: all 5^5 integer score combinations under v1 equal an independent BigInt rational computation > stored value, 2-digit display and 0–100 view all match for 3125 combinations  586ms
 ✓ |unit-node| apps/api/src/server.test.ts (6 tests) 721ms
   ✓ route registration > declares access on every /api route and on the health endpoints  309ms
 ✓ |unit-node| packages/shared/src/value.test.ts (29 tests) 234ms
 ✓ |unit-node| apps/api/src/modules/platform/in-flight.test.ts (4 tests) 315ms
 ✓ |unit-node| apps/api/src/modules/platform/platform.test.ts (19 tests) 324ms
 ✓ |unit-node| packages/shared/src/schemas/schemas.test.ts (69 tests) 252ms
 ✓ |unit-node| apps/api/src/modules/methodology/methodology.test.ts (4 tests) 268ms
 ✓ |unit-node| packages/shared/src/formula/formula.test.ts (136 tests) 97ms
 ✓ |unit-node| apps/api/src/modules/platform/media-types.test.ts (57 tests) 230ms
 ✓ |unit-node| apps/api/src/modules/reporting/reporting.test.ts (4 tests) 180ms
 ✓ |unit-node| packages/config/src/load.test.ts (17 tests) 188ms
 ✓ |unit-node| apps/api/src/modules/platform/connection-hygiene.test.ts (6 tests) 109ms
 ✓ |unit-node| apps/api/src/modules/kpi/rules.test.ts (30 tests) 40ms
 ✓ |unit-node| apps/api/src/request-encoding.test.ts (11 tests) 92ms
 ✓ |unit-node| apps/api/src/modules/platform/incomplete-body.test.ts (10 tests) 74ms
 ✓ |unit-node| packages/design-tokens/src/tokens.test.ts (15 tests) 32ms
 ✓ |unit-node| apps/api/src/modules/platform/health.test.ts (2 tests) 38ms
 ✓ |unit-node| apps/api/src/modules/platform/request-encoding.test.ts (7 tests) 24ms
(node:2253) [FSTDEP022] FastifyWarning: The router options for constraints property access is deprecated. Please use "options.routerOptions" instead for accessing router options. The router options will be removed in `fastify@6`.
(Use `node --trace-warnings ...` to show where the warning was created)
 ✓ |unit-node| apps/api/src/modules/platform/framework-errors.test.ts (6 tests) 35ms
 ✓ |unit-node| apps/api/src/modules/portfolio/sequencing.test.ts (9 tests) 10ms
 ✓ |unit-node| packages/db/src/seed.test.ts (10 tests) 22ms
 ✓ |unit-node| apps/api/src/modules/admin/branding.test.ts (4 tests) 72ms
 ✓ |unit-node| apps/api/src/modules/access/rules.test.ts (12 tests) 8ms
 ✓ |unit-node| apps/api/src/modules/portfolio/schedule.test.ts (14 tests) 12ms
 ✓ |unit-node| apps/api/src/modules/kpi/totals.test.ts (20 tests) 21ms
 ✓ |unit-node| apps/api/src/modules/platform/db-errors.test.ts (7 tests) 26ms
 ✓ |unit-node| apps/api/src/modules/platform/advisory-locks.test.ts (3 tests) 15ms
 ✓ |unit-node| apps/api/src/modules/transformations/exclusions.test.ts (19 tests) 5ms
 ✓ |unit-node| apps/api/src/modules/transformations/good-outcome.test.ts (7 tests) 18ms
 ✓ |unit-node| apps/api/src/modules/transformations/thesis.test.ts (4 tests) 11ms
 ✓ |unit-node| apps/api/src/modules/transformations/transitions.test.ts (2 tests) 3ms
 ✓ |unit-node| apps/api/src/modules/identity/oidc-claims.test.ts (5 tests) 20ms
 ✓ |unit-node| apps/api/src/modules/workflows/t08-cycle-problem.test.ts (2 tests) 3ms

 Test Files  59 passed (59)
      Tests  1165 passed (1165)
   Start at  00:25:28
   Duration  69.92s (transform 5.44s, setup 3.93s, collect 43.44s, tests 118.31s, environment 18.46s, prepare 6.34s)

EXIT=0
