$ env -u LANG -u LC_ALL -u LC_CTYPE pnpm test

> mobily-transformation-hub@0.1.0 test /home/user/wt/dg3-arch-03
> vitest run --project unit-node --project unit-web


 RUN  v3.2.4 /home/user/wt/dg3-arch-03

 ✓ |unit-web| src/pages/transformations/transformations.test.tsx (21 tests) 5172ms
   ✓ after create (F-DG1-004) > shows the created record when the server lets the creator read it  821ms
   ✓ after create (F-DG1-004) > explains the same in Arabic (RTL), using the glossary term for Transformation  320ms
   ✓ effective permissions refresh after create (F-DG1-210) > English: Edit, Archive and the audit trail appear after create, without a reload  607ms
   ✓ effective permissions refresh after create (F-DG1-210) > Arabic (RTL): the same controls and the audit trail appear after create, without a reload  859ms
   ✓ effective permissions refresh after create (F-DG1-210) > does not over-grant: if the refreshed server answer adds nothing, Archive and the audit trail stay hidden  725ms
 ✓ |unit-web| src/auth/session-bound.test.tsx (34 tests) 10339ms
   ✓ F-DG2-530/580 no effect of A's action after a further await once the tab is B's (en) > Y1: a create whose post-create GET /me returns B: B is not navigated and never sees A's code or name  945ms
   ✓ F-DG2-530/580 no effect of A's action after a further await once the tab is B's (en) > Y1c: the same create under one identity still lands on the created record  426ms
   ✓ F-DG2-530/580 no effect of A's action after a further await once the tab is B's (en) > an edit whose identity changes between its awaits: B is not navigated to A's record and keeps nothing of A's  460ms
   ✓ F-DG2-530/580 no effect of A's action after a further await once the tab is B's (en) > an organization create whose identity changes between its awaits: B is not navigated to A's new organization  478ms
   ✓ F-DG2-530/580 no effect of A's action after a further await once the tab is B's (en) > a user create whose identity changes between its awaits: B is not navigated to A's new user  526ms
   ✓ F-DG2-530/580 no effect of A's action after a further await once the tab is B's (en) > sanity: the organization and user creates under one identity still navigate to the new record  331ms
   ✓ F-DG2-570 the header and the data of ONE identity on in-app navigation (en) > N1: B signed in elsewhere, no focus event: opening A's record asks GET /me first; B's header above B's answer  462ms
   ✓ F-DG2-570 the header and the data of ONE identity on in-app navigation (en) > N0 (the reviewer's Y5): B signed in a moment ago, no time passes, no focus event: the next page is B's under B's header  439ms
   ✓ F-DG2-530/580 no effect of A's action after a further await once the tab is B's (ar) > Y1: a create whose post-create GET /me returns B: B is not navigated and never sees A's code or name  741ms
   ✓ F-DG2-530/580 no effect of A's action after a further await once the tab is B's (ar) > Y1c: the same create under one identity still lands on the created record  324ms
   ✓ F-DG2-530/580 no effect of A's action after a further await once the tab is B's (ar) > an edit whose identity changes between its awaits: B is not navigated to A's record and keeps nothing of A's  389ms
   ✓ F-DG2-530/580 no effect of A's action after a further await once the tab is B's (ar) > an organization create whose identity changes between its awaits: B is not navigated to A's new organization  453ms
   ✓ F-DG2-530/580 no effect of A's action after a further await once the tab is B's (ar) > a user create whose identity changes between its awaits: B is not navigated to A's new user  630ms
   ✓ the convention: no raw navigate or cache write in app code (T-DG2-FE15) > the ESLint rule refuses a raw navigate, a raw cache write and a useNavigate import in a page  1524ms
 ✓ |unit-web| src/auth/session-generation.test.tsx (26 tests) 9582ms
   ✓ F-DG2-530 a write in flight across an identity change (en) > X3: A's PATCH answered after B's /me is not written into B's cache, not shown, and does not navigate B  851ms
   ✓ F-DG2-530 a write in flight across an identity change (en) > X3b: the same after a session END here and B's sign-in: A's late answer never lands  564ms
   ✓ F-DG2-530 a write in flight across an identity change (en) > an archive in flight across an identity change: A's archived record never lands in B's cache  603ms
   ✓ F-DG2-530 a write in flight across an identity change (en) > an organization save in flight across an identity change: A's change is never stored under B  591ms
   ✓ F-DG2-530 a write in flight across an identity change (en) > a user save in flight across an identity change: A's change is never stored under B  624ms
   ✓ F-DG2-530 a write in flight across an identity change (en) > a same-person new session: the in-flight save is dropped silently, the draft is kept and usable  498ms
   ✓ F-DG2-530 X6: refocus and reconnect revalidate GET /me first (en) > after B signs in elsewhere, a refocus within /me's staleTime shows B's header with B's data, never A's  417ms
   ✓ F-DG2-530 X6: refocus and reconnect revalidate GET /me first (en) > the same identity: a refocus refetches /me once, then the stale page queries; nothing when all is fresh  382ms
   ✓ F-DG2-530 a write in flight across an identity change (ar) > X3: A's PATCH answered after B's /me is not written into B's cache, not shown, and does not navigate B  564ms
   ✓ F-DG2-530 a write in flight across an identity change (ar) > X3b: the same after a session END here and B's sign-in: A's late answer never lands  643ms
   ✓ F-DG2-530 a write in flight across an identity change (ar) > an archive in flight across an identity change: A's archived record never lands in B's cache  615ms
   ✓ F-DG2-530 a write in flight across an identity change (ar) > an organization save in flight across an identity change: A's change is never stored under B  549ms
   ✓ F-DG2-530 a write in flight across an identity change (ar) > a user save in flight across an identity change: A's change is never stored under B  529ms
   ✓ F-DG2-530 a write in flight across an identity change (ar) > a same-person new session: the in-flight save is dropped silently, the draft is kept and usable  412ms
   ✓ F-DG2-530 a write in flight across an identity change (ar) > a language save retried after a 409 is never written for the identity that replaced A  306ms
   ✓ F-DG2-530 X6: refocus and reconnect revalidate GET /me first (ar) > the same identity: a refocus refetches /me once, then the stale page queries; nothing when all is fresh  409ms
 ✓ |unit-web| src/pages/p2.test.tsx (56 tests) 17942ms
   ✓ Diagnose > shows the six T01 dimensions with Unknown for missing values, and value pools that are never 0  936ms
   ✓ Diagnose > renders the six workstreams with their key questions  551ms
   ✓ Diagnose > edits a T01 row with only the changed fields and If-Match  445ms
   ✓ Diagnose > a 409 on save writes nothing, compares, and re-applies on the current version  388ms
   ✓ Diagnose > a 400 validation.blank shows a localized message on its field ('en')  596ms
   ✓ Diagnose > a 400 validation.blank shows a localized message on its field ('ar')  793ms
   ✓ Diagnose > an invisible-only value is blocked client-side with validation.blank ('en')  1049ms
   ✓ Diagnose > an invisible-only value is blocked client-side with validation.blank ('ar')  685ms
   ✓ Diagnose > a whitespace-only T01 value is an inline blank error and sends nothing ('en')  611ms
   ✓ Diagnose > a whitespace-only T01 value is an inline blank error and sends nothing ('ar')  609ms
   ✓ Diagnose > T01: an emptied field is sent as an explicit null; visible text is sent verbatim  560ms
   ✓ Define: KPI activation (F-DG2-201) > offers Activate on a draft KPI, states the unmet precondition on 422, then activates with If-Match  357ms
   ✓ Define: KPI activation (F-DG2-201) > Arabic: the Activate action and the 422 reason are in Arabic  436ms
   ✓ Charter > scope pre-check: an empty Out of scope reads as failing (EN and AR)  561ms
   ✓ Charter > edit: a whitespace Out of scope is an inline blank error, sends nothing and keeps the value (en)  402ms
   ✓ Charter > edit: a whitespace Out of scope is an inline blank error, sends nothing and keeps the value (ar)  390ms
   ✓ Charter > edit: emptying a filled field sends null; visible text is verbatim (en)  495ms
   ✓ Charter > edit: emptying a filled field sends null; visible text is verbatim (ar)  531ms
   ✓ Charter > edit: a change summary alone is not a change (never a content-free version)  325ms
   ✓ Design > shows the ten canvas boxes and the per-dimension view  444ms
   ✓ Design > converts an unresolved workshop item into a design decision with If-Match  686ms
   ✓ Gates (business approval) > the approver's decision: rationale required; 403 and 409 problems in words  522ms
   ✓ Evidence > uploads a revision as octet-stream with a percent-encoded file name and If-Match  442ms
   ✓ Evidence > never offers review to the creator; a filename reference can only be rejected  384ms
 ✓ |unit-web| src/pages/team/team.test.tsx (10 tests) 6175ms
   ✓ Team (English LTR) > shows the six governance roles with B0018 accountability text verbatim and who holds each  927ms
   ✓ Team (English LTR) > lists team members with the accountability on each assignment, sortable and filterable  489ms
   ✓ Team (English LTR) > a Transformation Lead assigns a Workstream Lead: Idempotency-Key, reason, accountability preview  512ms
   ✓ Team (English LTR) > shows a 403 from the server in words; nothing is assigned  656ms
   ✓ Team assign dialog: accountability preview follows the selected role (F-DG2-430) > en: WL on open, then KDS, TD, none and WL again, in StrictMode with no React warning  1046ms
   ✓ Team assign dialog: accountability preview follows the selected role (F-DG2-430) > ar: WL on open, then KDS, TD, none and WL again, in StrictMode with no React warning  750ms
   ✓ Team: the success notice follows a language switch, 'en' → 'ar' > the notice is shown in the language now on screen, not the one it was created in  693ms
   ✓ Team: the success notice follows a language switch, 'ar' → 'en' > the notice is shown in the language now on screen, not the one it was created in  701ms
 ✓ |unit-web| src/pages/p2-blank-forms.test.tsx (52 tests) 18638ms
   ✓ gate submission note (en) > a whitespace-only note is refused inline and nothing is sent  821ms
   ✓ gate submission note (en) > a invisible-only note is refused inline and nothing is sent  331ms
   ✓ gate submission note (en) > visible text is sent verbatim; an empty note is omitted  428ms
   ✓ gate decision rationale and comments (en) > a invisible-only comment is refused inline (focus on it) and nothing is sent  327ms
   ✓ gate decision rationale and comments (en) > a server 400 validation.blank on /rationale lands on the field  365ms
   ✓ gate decision rationale and comments (ar) > a server 400 validation.blank on /rationale lands on the field  303ms
   ✓ journey step editor (en) > a whitespace-only actor is refused inline (not turned into null) and nothing is sent  648ms
   ✓ journey step editor (en) > a invisible-only actor is refused inline (not turned into null) and nothing is sent  412ms
   ✓ journey step editor (en) > several blank fields: each gets the message and focus goes to the first (name)  534ms
   ✓ journey step editor (en) > visible text is sent verbatim; emptied optional text is null; an empty name is required  884ms
   ✓ journey step editor (ar) > a whitespace-only actor is refused inline (not turned into null) and nothing is sent  500ms
   ✓ journey step editor (ar) > a invisible-only actor is refused inline (not turned into null) and nothing is sent  609ms
   ✓ journey step editor (ar) > several blank fields: each gets the message and focus goes to the first (name)  603ms
   ✓ journey step editor (ar) > visible text is sent verbatim; emptied optional text is null; an empty name is required  946ms
   ✓ Finance validation note and archive reason (en) > note: a whitespace-only note is refused inline and nothing is sent  431ms
   ✓ Finance validation note and archive reason (en) > note: a invisible-only note is refused inline and nothing is sent  481ms
   ✓ Finance validation note and archive reason (en) > note: empty is 'required'; visible text is sent verbatim  552ms
   ✓ Finance validation note and archive reason (en) > reason: a whitespace-only reason is refused inline and nothing is archived  344ms
   ✓ Finance validation note and archive reason (en) > reason: a server 400 validation.blank on /reason is the field message, not a generic error  380ms
   ✓ Finance validation note and archive reason (en) > reason: a reason with U+0000 is refused inline with the localized message and nothing is archived  477ms
   ✓ Finance validation note and archive reason (en) > reason: a server 400 validation.invalid_character on /reason is the localized field message  335ms
   ✓ Finance validation note and archive reason (en) > reason: empty keeps 'too short'; visible text is sent verbatim  396ms
   ✓ Finance validation note and archive reason (ar) > note: a whitespace-only note is refused inline and nothing is sent  403ms
   ✓ Finance validation note and archive reason (ar) > note: a invisible-only note is refused inline and nothing is sent  490ms
   ✓ Finance validation note and archive reason (ar) > note: empty is 'required'; visible text is sent verbatim  501ms
   ✓ Finance validation note and archive reason (ar) > reason: a reason with U+0000 is refused inline with the localized message and nothing is archived  306ms
   ✓ Finance validation note and archive reason (ar) > reason: a server 400 validation.invalid_character on /reason is the localized field message  320ms
 ✓ |unit-web| src/pages/render-time-language.test.tsx (28 tests) 11455ms
   ✓ sign-in (dev form), 'en' → 'ar' > an invalid user name: the inline message follows the switch  760ms
   ✓ journey step editor, 'en' → 'ar' > a field error on a step follows the switch  1146ms
   ✓ journey step editor, 'en' → 'ar' > the form-level "Step N:" error follows the switch (prefix and message)  630ms
   ✓ journey step editor, 'ar' → 'en' > a field error on a step follows the switch  729ms
   ✓ journey step editor, 'ar' → 'en' > the form-level "Step N:" error follows the switch (prefix and message)  598ms
   ✓ row-action note and reason dialog, 'en' → 'ar' > the Finance validation note's 'required' follows the switch  744ms
   ✓ row-action note and reason dialog, 'en' → 'ar' > the Finance validation choice's 'required' follows the switch  629ms
   ✓ row-action note and reason dialog, 'en' → 'ar' > the archive reason's 'too short' follows the switch  490ms
   ✓ row-action note and reason dialog, 'ar' → 'en' > the Finance validation note's 'required' follows the switch  556ms
   ✓ row-action note and reason dialog, 'ar' → 'en' > the Finance validation choice's 'required' follows the switch  696ms
   ✓ row-action note and reason dialog, 'ar' → 'en' > the archive reason's 'too short' follows the switch  535ms
   ✓ evidence dialogs, 'en' → 'ar' > a link without a record type or record: both 'required' messages follow the switch  455ms
   ✓ evidence dialogs, 'ar' → 'en' > upload without a file: 'required' follows the switch  401ms
   ✓ evidence dialogs, 'ar' → 'en' > a link without a record type or record: both 'required' messages follow the switch  566ms
 ✓ |unit-web| src/auth/session-identity.test.tsx (18 tests) 6148ms
   ✓ F-DG2-500 a session end on the sign-in page (en) > W5: Back to /login after A's session ends, B signs in with the development form: B never sees A's records  1213ms
   ✓ F-DG2-500 a session end on the sign-in page (en) > W5b (OIDC mode): B signs in in another tab and this tab's /me re-probe brings B: B never sees A's records  619ms
   ✓ F-DG2-500 sign-out here and 403 (en) > signing out here clears everything; B signing in afterwards never sees A's records  717ms
   ✓ F-DG2-500 a session end on the sign-in page (ar) > W5: Back to /login after A's session ends, B signs in with the development form: B never sees A's records  540ms
   ✓ F-DG2-500 a session end on the sign-in page (ar) > W5b (OIDC mode): B signs in in another tab and this tab's /me re-probe brings B: B never sees A's records  470ms
   ✓ F-DG2-500 an identity change with no session end in this tab (ar) > a refocus /me that returns another identity removes every session query before B renders, and drops A's drafts  337ms
   ✓ F-DG2-500 sign-out here and 403 (ar) > signing out here clears everything; B signing in afterwards never sees A's records  743ms
 ✓ |unit-web| src/lib/auditChanges.test.ts (15 tests) 27ms
 ✓ |unit-web| src/lib/lib.test.ts (24 tests) 87ms
 ✓ |unit-web| src/app/app.test.tsx (17 tests) 3260ms
   ✓ bilingual shell > switches to English LTR and persists the preference with If-Match  422ms
   ✓ bilingual shell > shows all fourteen areas to an administrator  304ms
   ✓ transformations > lists transformations with a sortable code column and removable filter chips  724ms
   ✓ transformations > detail shows the workspace header with Unknown for data from later stages  392ms
 ✓ |unit-web| src/pages/transformations/modeGuidance.test.tsx (5 tests) 1221ms
   ✓ New transformation: mode guidance (English LTR) > shows When to use and How for the selected mode and switches with the mode  560ms
   ✓ New transformation: mode guidance (English LTR) > Modular requires an entry phase before anything is sent  319ms
 ✓ |unit-web| src/i18n/glossary.test.ts (8 tests) 16ms
 ✓ |unit-web| src/components/LanguageSwitch.test.tsx (10 tests) 3102ms
   ✓ a refused language save, 'en' → other ('403 csrf') > keeps ar on screen and says, in ar, that it was not saved  923ms
   ✓ a refused language save, 'ar' → other ('403 csrf') > keeps en on screen and says, in en, that it was not saved  452ms
   ✓ a refused language save, 'en' → other ('403 forbidden') > keeps ar on screen and says, in ar, that it was not saved  454ms
   ✓ a refused language save, 'ar' → other ('503') > keeps en on screen and says, in en, that it was not saved  492ms
 ✓ |unit-web| src/auth/session-end.test.tsx (12 tests) 8106ms
   ✓ session end while the app is open (en) > a 401 on navigation lands once on sign-in with the message; signing in again returns to the page  1342ms
   ✓ session end while the app is open (en) > a 401 on a dialog mutation (the commit-time upload refusal) closes the dialog and lands once on sign-in  1328ms
   ✓ session end while the app is open (en) > a sign-out elsewhere noticed by the next /me probe lands once on sign-in, never on the stale shell  570ms
   ✓ session end while the app is open (en) > a 403 (forbidden) is never treated as a session end  624ms
   ✓ session end while the app is open (ar) > a 401 on navigation lands once on sign-in with the message; signing in again returns to the page  765ms
   ✓ session end while the app is open (ar) > a 401 on a dialog mutation (the commit-time upload refusal) closes the dialog and lands once on sign-in  745ms
   ✓ session end while the app is open (ar) > a sign-out elsewhere noticed by the next /me probe lands once on sign-in, never on the stale shell  572ms
   ✓ session end while the app is open (ar) > a 403 (forbidden) is never treated as a session end  563ms
   ✓ session end under <StrictMode> (as in production) > still lands exactly once on sign-in  681ms
   ✓ sign-in page and the cached identity > decides 'already signed in' only from a fresh /me, never from a stale cache  399ms
   ✓ sign-in page and the cached identity > signing out here shows 'signed out', not 'session ended', and no /me loop  455ms
 ✓ |unit-web| src/i18n/i18n.test.ts (11 tests) 58ms
 ✓ |unit-web| src/test/react-warning-guard.test.tsx (4 tests) 37ms
 ✓ |unit-web| src/components/States.test.tsx (15 tests) 587ms
 ✓ |unit-web| src/styles/styles.test.ts (6 tests) 7ms
 ✓ |unit-web| src/test/harness-config.test.ts (2 tests) 3ms
 ✓ |unit-web| src/components/RecordForm.alerts.test.tsx (16 tests) 2191ms
   ✓ record form: one alert per distinct form error (en) > dialog > a 400 whose only field error has pointer "" says its message once, in one live region  460ms
 ✓ |unit-node| packages/shared/src/formula/formula.test.ts (136 tests) 78ms
 ✓ |unit-node| packages/shared/src/schemas/schemas.test.ts (69 tests) 364ms
 ✓ |unit-node| packages/shared/src/value.test.ts (29 tests) 173ms
 ✓ |unit-node| apps/api/src/modules/platform/media-types.test.ts (57 tests) 274ms
 ✓ |unit-node| apps/api/src/modules/kpi/rules.test.ts (30 tests) 73ms
 ✓ |unit-node| apps/api/src/modules/kpi/totals.test.ts (20 tests) 35ms
 ✓ |unit-node| packages/shared/src/scoring.test.ts (36 tests) 716ms
   ✓ property: all 5^5 integer score combinations under v1 equal an independent BigInt rational computation > stored value, 2-digit display and 0–100 view all match for 3125 combinations  659ms
 ✓ |unit-node| apps/api/src/modules/platform/platform.test.ts (19 tests) 330ms
 ✓ |unit-node| apps/api/src/modules/workflows/workflows.test.ts (14 tests) 1745ms
   ✓ workflows module (P2) > its declared boundary holds, and an undeclared dependency would be caught  1670ms
 ❯ |unit-node| apps/api/src/architecture.test.ts (136 tests | 1 failed) 8669ms
   ✓ API module boundaries (ADR-0002) > has only mapped module directories, and every P1/P2 module has a public index.ts 4ms
   ✓ API module boundaries (ADR-0002) > the P2 modules methodology and evidence each have their own test suite (p2-work-split §2) 0ms
   ✓ API module boundaries (ADR-0002) > the P3 module portfolio has its own test suite and exactly the ADR-0021 §1 dependencies (p3-work-split §2) 7ms
   ✓ API module boundaries (ADR-0002) > workflows reaches kpi and evidence (G1-G3 evaluators), and none of them reaches back (no cycle) 0ms
   ✓ API module boundaries (ADR-0002) > the six §16 business modules all exist, each with its own test suite (A12; D-048) 13ms
   × API module boundaries (ADR-0002) > every import respects dependsOn, public surfaces and allowed packages 5691ms
     → expected [ Array(1) ] to deeply equal []
   ✓ API module boundaries (ADR-0002) > the declared module graph is acyclic, and audit/access depend on no business module 6ms
   ✓ the checker itself catches planted violations (self-check, incl. F-DG1-109, F-DG1-117, F-DG1-124) > A static deep import is a violation 2ms
   ✓ the checker itself catches planted violations (self-check, incl. F-DG1-109, F-DG1-117, F-DG1-124) > A2 type-only deep import is a violation 2ms
   ✓ the checker itself catches planted violations (self-check, incl. F-DG1-109, F-DG1-117, F-DG1-124) > B dynamic import, literal is a violation 3ms
   ✓ the checker itself catches planted violations (self-check, incl. F-DG1-109, F-DG1-117, F-DG1-124) > B2 dynamic import, template literal is a violation 3ms
   ✓ the checker itself catches planted violations (self-check, incl. F-DG1-109, F-DG1-117, F-DG1-124) > C re-export is a violation 1ms
   ✓ the checker itself catches planted violations (self-check, incl. F-DG1-109, F-DG1-117, F-DG1-124) > D createRequire is a violation 2ms
   ✓ the checker itself catches planted violations (self-check, incl. F-DG1-109, F-DG1-117, F-DG1-124) > D2 node:module itself is a violation 1ms
   ✓ the checker itself catches planted violations (self-check, incl. F-DG1-109, F-DG1-117, F-DG1-124) > D3 createRequire via namespace is a violation 2ms
   ✓ the checker itself catches planted violations (self-check, incl. F-DG1-109, F-DG1-117, F-DG1-124) > E computed import() is a violation 1ms
   ✓ the checker itself catches planted violations (self-check, incl. F-DG1-109, F-DG1-117, F-DG1-124) > E2 computed import() via variable is a violation 1ms
   ✓ the checker itself catches planted violations (self-check, incl. F-DG1-109, F-DG1-117, F-DG1-124) > F require literal is a violation 2ms
   ✓ the checker itself catches planted violations (self-check, incl. F-DG1-109, F-DG1-117, F-DG1-124) > F2 require computed is a violation 1ms
   ✓ the checker itself catches planted violations (self-check, incl. F-DG1-109, F-DG1-117, F-DG1-124) > G import-equals require is a violation 1ms
   ✓ the checker itself catches planted violations (self-check, incl. F-DG1-109, F-DG1-117, F-DG1-124) > H import type() is a violation 1ms
   ✓ the checker itself catches planted violations (self-check, incl. F-DG1-109, F-DG1-117, F-DG1-124) > I composition root is a violation 1ms
   ✓ the checker itself catches planted violations (self-check, incl. F-DG1-109, F-DG1-117, F-DG1-124) > J undeclared module (via its index) is a violation 1ms
   ✓ the checker itself catches planted violations (self-check, incl. F-DG1-109, F-DG1-117, F-DG1-124) > K unknown package is a violation 1ms
   ✓ the checker itself catches planted violations (self-check, incl. F-DG1-109, F-DG1-117, F-DG1-124) > L getBuiltinModule + computed member is a violation 2ms
   ✓ the checker itself catches planted violations (self-check, incl. F-DG1-109, F-DG1-117, F-DG1-124) > L2 computed member of process is a violation 2ms
   ✓ the checker itself catches planted violations (self-check, incl. F-DG1-109, F-DG1-117, F-DG1-124) > L3 loader name as a string key is a violation 1ms
   ✓ the checker itself catches planted violations (self-check, incl. F-DG1-109, F-DG1-117, F-DG1-124) > L4 process aliased is a violation 2ms
   ✓ the checker itself catches planted violations (self-check, incl. F-DG1-109, F-DG1-117, F-DG1-124) > L5 process destructured is a violation 3ms
   ✓ the checker itself catches planted violations (self-check, incl. F-DG1-109, F-DG1-117, F-DG1-124) > L6 computed member of globalThis is a violation 1ms
   ✓ the checker itself catches planted violations (self-check, incl. F-DG1-109, F-DG1-117, F-DG1-124) > L7 globalThis.process is a violation 2ms
   ✓ the checker itself catches planted violations (self-check, incl. F-DG1-109, F-DG1-117, F-DG1-124) > M new Function dynamic import is a violation 2ms
   ✓ the checker itself catches planted violations (self-check, incl. F-DG1-109, F-DG1-117, F-DG1-124) > M2 Function() call is a violation 1ms
   ✓ the checker itself catches planted violations (self-check, incl. F-DG1-109, F-DG1-117, F-DG1-124) > M3 Function aliased is a violation 6ms
   ✓ the checker itself catches planted violations (self-check, incl. F-DG1-109, F-DG1-117, F-DG1-124) > M4 globalThis.Function is a violation 1ms
   ✓ the checker itself catches planted violations (self-check, incl. F-DG1-109, F-DG1-117, F-DG1-124) > M5 eval is a violation 4ms
   ✓ the checker itself catches planted violations (self-check, incl. F-DG1-109, F-DG1-117, F-DG1-124) > M6 AsyncFunction via .constructor is a violation 4ms
   ✓ the checker itself catches planted violations (self-check, incl. F-DG1-109, F-DG1-117, F-DG1-124) > M7 ['constructor'] member is a violation 1ms
   ✓ the checker itself catches planted violations (self-check, incl. F-DG1-109, F-DG1-117, F-DG1-124) > N1 AsyncFunction via aliased .constructor is a violation 1ms
   ✓ the checker itself catches planted violations (self-check, incl. F-DG1-109, F-DG1-117, F-DG1-124) > N2 constructor destructured is a violation 1ms
   ✓ the checker itself catches planted violations (self-check, incl. F-DG1-109, F-DG1-117, F-DG1-124) > N3 Reflect.construct of .constructor is a violation 5ms
   ✓ the checker itself catches planted violations (self-check, incl. F-DG1-109, F-DG1-117, F-DG1-124) > N4 getPrototypeOf(...).constructor aliased is a violation 10ms
   ✓ the checker itself catches planted violations (self-check, incl. F-DG1-109, F-DG1-117, F-DG1-124) > N5 generator constructor, shorthand destructuring is a violation 13ms
   ✓ the checker itself catches planted violations (self-check, incl. F-DG1-109, F-DG1-117, F-DG1-124) > N6 destructuring assignment with a string key is a violation 49ms
   ✓ the checker itself catches planted violations (self-check, incl. F-DG1-109, F-DG1-117, F-DG1-124) > N7 computed constructor key in a binding pattern is a violation 7ms
   ✓ the checker itself catches planted violations (self-check, incl. F-DG1-109, F-DG1-117, F-DG1-124) > N8 constructor key as a string value is a violation 12ms
   ✓ the checker itself catches planted violations (self-check, incl. F-DG1-109, F-DG1-117, F-DG1-124) > M8 node:vm is a violation 1ms
   ✓ the checker itself catches planted violations (self-check, incl. F-DG1-109, F-DG1-117, F-DG1-124) > M9 worker_threads is a violation 176ms
   ✓ the checker itself catches planted violations (self-check, incl. F-DG1-109, F-DG1-117, F-DG1-124) > P1 constructed key f["constr" + "uctor"] is a violation (round-4 lint: 'missed') 41ms
   ✓ the checker itself catches planted violations (self-check, incl. F-DG1-109, F-DG1-117, F-DG1-124) > P2 Reflect.get(fn, "constructor") is a violation (round-4 lint: 'caught') 4ms
   ✓ the checker itself catches planted violations (self-check, incl. F-DG1-109, F-DG1-117, F-DG1-124) > P3 Reflect.get with a constructed key is a violation (round-4 lint: 'missed') 1ms
   ✓ the checker itself catches planted violations (self-check, incl. F-DG1-109, F-DG1-117, F-DG1-124) > P4 constructed key held in a variable is a violation (round-4 lint: 'missed') 2ms
   ✓ the checker itself catches planted violations (self-check, incl. F-DG1-109, F-DG1-117, F-DG1-124) > P5 template-literal key is a violation (round-4 lint: 'missed') 1ms
   ✓ the checker itself catches planted violations (self-check, incl. F-DG1-109, F-DG1-117, F-DG1-124) > P6 optional-chain constructed key is a violation (round-4 lint: 'missed') 2ms
   ✓ the checker itself catches planted violations (self-check, incl. F-DG1-109, F-DG1-117, F-DG1-124) > P7 constructed key in a destructuring pattern is a violation (round-4 lint: 'missed') 6ms
   ✓ the checker itself catches planted violations (self-check, incl. F-DG1-109, F-DG1-117, F-DG1-124) > P8 descriptors: the constructor without its name is a violation (round-4 lint: 'missed') 3ms
   ✓ the checker itself catches planted violations (self-check, incl. F-DG1-109, F-DG1-117, F-DG1-124) > P9 own property names, then a variable key is a violation (round-4 lint: 'missed') 2ms
   ✓ the checker itself catches planted violations (self-check, incl. F-DG1-109, F-DG1-117, F-DG1-124) > P10 __proto__ is a violation (round-4 lint: 'missed') 1ms
   ✓ the checker itself catches planted violations (self-check, incl. F-DG1-109, F-DG1-117, F-DG1-124) > P11 loader name as a string handed to a helper is a violation (round-4 lint: 'missed') 1ms
   ✓ the checker itself catches planted violations (self-check, incl. F-DG1-109, F-DG1-117, F-DG1-124) > P12 process.binding is a violation (round-4 lint: 'missed') 1ms
   ✓ the checker itself catches planted violations (self-check, incl. F-DG1-109, F-DG1-117, F-DG1-124) > P13 node:inspector (in-process evaluation) is a violation (round-4 lint: 'missed') 1ms
   ✓ the checker itself catches planted violations (self-check, incl. F-DG1-109, F-DG1-117, F-DG1-124) > P14 node:child_process is a violation (round-4 lint: 'missed') 1ms
   ✓ the checker itself catches planted violations (self-check, incl. F-DG1-109, F-DG1-117, F-DG1-124) > P15 look-alike member o.eval (was an allowed form) is a violation (round-4 lint: 'missed') 1ms
   ✓ the checker itself catches planted violations (self-check, incl. F-DG1-109, F-DG1-117, F-DG1-124) > P16 constructor as an object key, fed to a keyed reader (was an allowed form) is a violation (round-4 lint: 'missed') 1ms
   ✓ the checker itself catches planted violations (self-check, incl. F-DG1-109, F-DG1-117, F-DG1-124) > P20 a syntax error fails closed (parser recovery hid P4's key) is a violation (round-4 lint: 'missed') 2ms
   ✓ the checker itself catches planted violations (self-check, incl. F-DG1-109, F-DG1-117, F-DG1-124) > X6 node:process default import .dlopen is a violation (round-4 lint: 'missed') 1ms
   ✓ the checker itself catches planted violations (self-check, incl. F-DG1-109, F-DG1-117, F-DG1-124) > X7 node:process default import .binding is a violation (round-4 lint: 'missed') 1ms
   ✓ the checker itself catches planted violations (self-check, incl. F-DG1-109, F-DG1-117, F-DG1-124) > X8 node:process named import dlopen is a violation (round-4 lint: 'missed') 1ms
   ✓ the checker itself catches planted violations (self-check, incl. F-DG1-109, F-DG1-117, F-DG1-124) > A1 node:sqlite loadExtension is a violation (round-4 lint: 'missed') 2ms
   ✓ the checker itself catches planted violations (self-check, incl. F-DG1-109, F-DG1-117, F-DG1-124) > R1 node:test in-process run is a violation (round-4 lint: 'missed') 1ms
   ✓ the checker itself catches planted violations (self-check, incl. F-DG1-109, F-DG1-117, F-DG1-124) > R2 process.execve is a violation (round-4 lint: 'missed') 1ms
   ✓ the checker itself catches planted violations (self-check, incl. F-DG1-109, F-DG1-117, F-DG1-124) > P17 module.constructor is a violation (round-4 lint: 'caught') 1ms
   ✓ the checker itself catches planted violations (self-check, incl. F-DG1-109, F-DG1-117, F-DG1-124) > P18 aliased AsyncFunction constructor (F-DG1-121 N1) is a violation (round-4 lint: 'caught') 7ms
   ✓ the checker itself catches planted violations (self-check, incl. F-DG1-109, F-DG1-117, F-DG1-124) > P19 new Function (F-DG1-117 M) is a violation (round-4 lint: 'caught') 1ms
   ✓ the checker itself catches planted violations (self-check, incl. F-DG1-109, F-DG1-117, F-DG1-124) > S1 crypto.setEngine (named import) is a violation (round-9 lint: 'missed') 1ms
   ✓ the checker itself catches planted violations (self-check, incl. F-DG1-109, F-DG1-117, F-DG1-124) > S2 crypto.setEngine (namespace import) is a violation (round-9 lint: 'missed') 2ms
   ✓ the checker itself catches planted violations (self-check, incl. F-DG1-109, F-DG1-117, F-DG1-124) > S3 crypto["setEngine"] (string key) is a violation (round-9 lint: 'missed') 2ms
   ✓ the checker itself catches planted violations (self-check, incl. F-DG1-109, F-DG1-117, F-DG1-124) > DD1 process.kill(self, SIGUSR1) starts the inspector (F-DG1-129 N1) is a violation (default-deny; round-8 lint: 'missed') 1ms
   ✓ the checker itself catches planted violations (self-check, incl. F-DG1-109, F-DG1-117, F-DG1-124) > DD2 process._debugProcess(self) (F-DG1-129 N2 / F-DG1-213 D2) is a violation (default-deny; round-8 lint: 'missed') 1ms
   ✓ the checker itself catches planted violations (self-check, incl. F-DG1-109, F-DG1-117, F-DG1-124) > DD3 process._kill is a violation (default-deny; round-8 lint: 'missed') 1ms
   ✓ the checker itself catches planted violations (self-check, incl. F-DG1-109, F-DG1-117, F-DG1-124) > DD4 F-DG1-213 D1 full route as module source is a violation (default-deny; round-8 lint: 'missed') 5ms
   ✓ the checker itself catches planted violations (self-check, incl. F-DG1-109, F-DG1-117, F-DG1-124) > DD5 process.execve is a violation (default-deny; round-8 lint: 'caught') 1ms
   ✓ the checker itself catches planted violations (self-check, incl. F-DG1-109, F-DG1-117, F-DG1-124) > DD6 process.binding is a violation (default-deny; round-8 lint: 'caught') 1ms
   ✓ the checker itself catches planted violations (self-check, incl. F-DG1-109, F-DG1-117, F-DG1-124) > DD7 process.dlopen is a violation (default-deny; round-8 lint: 'caught') 7ms
   ✓ the checker itself catches planted violations (self-check, incl. F-DG1-109, F-DG1-117, F-DG1-124) > DD8 process.abort is a violation (default-deny; round-8 lint: 'missed') 3ms
   ✓ the checker itself catches planted violations (self-check, incl. F-DG1-109, F-DG1-117, F-DG1-124) > DD9 optional-chained process?.kill is a violation (default-deny; round-8 lint: 'missed') 3ms
   ✓ the checker itself catches planted violations (self-check, incl. F-DG1-109, F-DG1-117, F-DG1-124) > DD10 node:inspector is a violation (default-deny; round-8 lint: 'caught') 2ms
   ✓ the checker itself catches planted violations (self-check, incl. F-DG1-109, F-DG1-117, F-DG1-124) > DD11 node:inspector/promises is a violation (default-deny; round-8 lint: 'caught') 2ms
   ✓ the checker itself catches planted violations (self-check, incl. F-DG1-109, F-DG1-117, F-DG1-124) > DD12 node:sqlite is a violation (default-deny; round-8 lint: 'caught') 1ms
   ✓ the checker itself catches planted violations (self-check, incl. F-DG1-109, F-DG1-117, F-DG1-124) > DD13 node:test is a violation (default-deny; round-8 lint: 'caught') 1ms
   ✓ the checker itself catches planted violations (self-check, incl. F-DG1-109, F-DG1-117, F-DG1-124) > DD14 node:vm is a violation (default-deny; round-8 lint: 'caught') 1ms
   ✓ the checker itself catches planted violations (self-check, incl. F-DG1-109, F-DG1-117, F-DG1-124) > DD15 node:worker_threads is a violation (default-deny; round-8 lint: 'caught') 1ms
   ✓ the checker itself catches planted violations (self-check, incl. F-DG1-109, F-DG1-117, F-DG1-124) > DD16 node:wasi is a violation (default-deny; round-8 lint: 'missed') 1ms
   ✓ the checker itself catches planted violations (self-check, incl. F-DG1-109, F-DG1-117, F-DG1-124) > DD17 node:v8 is a violation (default-deny; round-8 lint: 'missed') 1ms
   ✓ the checker itself catches planted violations (self-check, incl. F-DG1-109, F-DG1-117, F-DG1-124) > DD18 node:http is a violation (default-deny; round-8 lint: 'missed') 1ms
   ✓ the checker itself catches planted violations (self-check, incl. F-DG1-109, F-DG1-117, F-DG1-124) > DD19 node:net is a violation (default-deny; round-8 lint: 'missed') 1ms
   ✓ the checker itself catches planted violations (self-check, incl. F-DG1-109, F-DG1-117, F-DG1-124) > DD20 a built-in a later Node version might add is a violation (default-deny; round-8 lint: 'missed') 1ms
   ✓ the checker itself catches planted violations (self-check, incl. F-DG1-109, F-DG1-117, F-DG1-124) > default-deny keeps the allow-listed built-ins and process members clean (D-055 positive controls) 3ms
   ✓ the checker itself catches planted violations (self-check, incl. F-DG1-109, F-DG1-117, F-DG1-124) > F-DG1-132/133 rule 5: E1 Object.values(ns).find by fn.name is a violation (round-11 lint: 'missed') 2ms
   ✓ the checker itself catches planted violations (self-check, incl. F-DG1-109, F-DG1-117, F-DG1-124) > F-DG1-132/133 rule 5: E2 new Map(Object.entries(ns)).get(built key) is a violation (round-11 lint: 'missed') 2ms
   ✓ the checker itself catches planted violations (self-check, incl. F-DG1-109, F-DG1-117, F-DG1-124) > F-DG1-132/133 rule 5: E3 Object.entries(ns).find by regex over keys is a violation (round-11 lint: 'missed') 1ms
   ✓ the checker itself catches planted violations (self-check, incl. F-DG1-109, F-DG1-117, F-DG1-124) > F-DG1-132/133 rule 5: E4 for-of over Object.entries(default binding) is a violation (round-11 lint: 'missed') 1ms
   ✓ the checker itself catches planted violations (self-check, incl. F-DG1-109, F-DG1-117, F-DG1-124) > F-DG1-132/133 rule 5: E5 dynamic import() then enumerate is a violation (round-11 lint: 'missed') 2ms
   ✓ the checker itself catches planted violations (self-check, incl. F-DG1-109, F-DG1-117, F-DG1-124) > F-DG1-132/133 rule 5: N1 namespace import is a violation (round-11 lint: 'missed') 1ms
   ✓ the checker itself catches planted violations (self-check, incl. F-DG1-109, F-DG1-117, F-DG1-124) > F-DG1-132/133 rule 5: N2 default import is a violation (round-11 lint: 'missed') 1ms
   ✓ the checker itself catches planted violations (self-check, incl. F-DG1-109, F-DG1-117, F-DG1-124) > F-DG1-132/133 rule 5: N3 default + named import is a violation (round-11 lint: 'missed') 1ms
   ✓ the checker itself catches planted violations (self-check, incl. F-DG1-109, F-DG1-117, F-DG1-124) > F-DG1-132/133 rule 5: N4 named default import is a violation (round-11 lint: 'missed') 1ms
   ✓ the checker itself catches planted violations (self-check, incl. F-DG1-109, F-DG1-117, F-DG1-124) > F-DG1-132/133 rule 5: N5 export star is a violation (round-11 lint: 'missed') 1ms
   ✓ the checker itself catches planted violations (self-check, incl. F-DG1-109, F-DG1-117, F-DG1-124) > F-DG1-132/133 rule 5: N6 export star as is a violation (round-11 lint: 'missed') 3ms
   ✓ the checker itself catches planted violations (self-check, incl. F-DG1-109, F-DG1-117, F-DG1-124) > F-DG1-132/133 rule 5: N7 re-export default is a violation (round-11 lint: 'missed') 7ms
   ✓ the checker itself catches planted violations (self-check, incl. F-DG1-109, F-DG1-117, F-DG1-124) > F-DG1-132/133 rule 5: N8 import-equals require is a violation (round-11 lint: 'missed') 7ms
   ✓ the checker itself catches planted violations (self-check, incl. F-DG1-109, F-DG1-117, F-DG1-124) > F-DG1-132/133 rule 5: N9 dynamic import() literal is a violation (round-11 lint: 'missed') 1ms
   ✓ the checker itself catches planted violations (self-check, incl. F-DG1-109, F-DG1-117, F-DG1-124) > F-DG1-132/133 rule 5: N10 require() literal is a violation (round-11 lint: 'caught') 4ms
   ✓ the checker itself catches planted violations (self-check, incl. F-DG1-109, F-DG1-117, F-DG1-124) > F-DG1-130/132: named node:crypto imports and their members stay allowed (positive control) 4ms
   ✓ the checker itself catches planted violations (self-check, incl. F-DG1-109, F-DG1-117, F-DG1-124) > F-DG1-133: enumerating a PLAIN object stays allowed (identity/routes.ts, access/rules.ts idiom) 8ms
   ✓ the checker itself catches planted violations (self-check, incl. F-DG1-109, F-DG1-117, F-DG1-124) > rule 5 applies only to node:crypto: namespace/default imports of other allow-listed built-ins stay allowed 1ms
   ✓ the checker itself catches planted violations (self-check, incl. F-DG1-109, F-DG1-117, F-DG1-124) > allowed forms stay clean (public index of a declared dependency, shared packages, own files) 22ms
   ✓ the checker itself catches planted violations (self-check, incl. F-DG1-109, F-DG1-117, F-DG1-124) > a module's own test may read the module map and the lint, but its runtime files may not 16ms
   ✓ the checker itself catches planted violations (self-check, incl. F-DG1-109, F-DG1-117, F-DG1-124) > a scaffold may not reach a business module it does not declare (reporting -> workflows) 2ms
   ✓ the checker itself catches planted violations (self-check, incl. F-DG1-109, F-DG1-117, F-DG1-124) > F-DG1-134: walk() collects every buildable JS/TS file (.[cm]?[jt]sx?), incl. nested ones, and no other file 5ms
   ✓ the checker itself catches planted violations (self-check, incl. F-DG1-109, F-DG1-117, F-DG1-124) > F-DG1-134: a planted non-.ts module file (zz-planted.mts etc.) is linted like a .ts one, end to end 40ms
   ✓ the checker itself catches planted violations (self-check, incl. F-DG1-109, F-DG1-117, F-DG1-124) > F-DG1-134: zz-planted.mts via fileViolations yields the rule-5 and deep-import violations 2ms
   ✓ the checker itself catches planted violations (self-check, incl. F-DG1-109, F-DG1-117, F-DG1-124) > F-DG1-134: JSX in a .tsx/.jsx module file is parsed as JSX, so its imports are still seen and not mis-parsed 18ms
   ✓ the checker itself catches planted violations (self-check, incl. F-DG1-109, F-DG1-117, F-DG1-124) > F-DG1-135: only *.test.ts/*.test.tsx (build-excluded) get the test allowance; *.test.mts etc. get full rules 94ms
   ✓ the checker itself catches planted violations (self-check, incl. F-DG1-109, F-DG1-117, F-DG1-124) > F-DG1-135: zz.test.mts importing ../../modules.ts or vitest is a violation; zz.test.ts doing so is allowed 5ms
   ✓ the checker itself catches planted violations (self-check, incl. F-DG1-109, F-DG1-117, F-DG1-124) > F-DG1-143: test-only packages (ajv, ajv-formats, yaml) are violations in module source, allowed only in *.test.ts 8ms
   ✓ the checker itself catches planted violations (self-check, incl. F-DG1-109, F-DG1-117, F-DG1-124) > F-DG1-217: a module declaration file (.d.ts/.d.mts/.d.cts) is linted without throwing, imports still checked 16ms
   ✓ the checker itself catches planted violations (self-check, incl. F-DG1-109, F-DG1-117, F-DG1-124) > F-DG1-137/F-DG1-218: an arbitrary-extension declaration file (*.d.<ext>.ts) is linted without throwing 4ms
   ✓ the checker itself catches planted violations (self-check, incl. F-DG1-109, F-DG1-117, F-DG1-124) > F-DG1-137/F-DG1-218: a planted styles.d.css.ts in a module directory is walked and linted end to end 4ms
   ✓ the checker itself catches planted violations (self-check, incl. F-DG1-109, F-DG1-117, F-DG1-124) > F-DG1-217: a planted .d.ts in a module directory is walked and linted end to end without throwing 7ms
   ✓ the checker itself catches planted violations (self-check, incl. F-DG1-109, F-DG1-117, F-DG1-124) > scanSource reports what it saw (paths resolve relative to the planted file) 2ms
   ✓ package dependency direction (ADR-0002 rule 5) > packages/db imports only @mth/config and @mth/shared 152ms
   ✓ package dependency direction (ADR-0002 rule 5) > packages/config imports only @mth/shared 29ms
   ✓ package dependency direction (ADR-0002 rule 5) > packages/shared imports no workspace package  615ms
   ✓ package dependency direction (ADR-0002 rule 5) > apps/web never imports @mth/db or @mth/config (browser bundle, no secrets)  1353ms
   ✓ package dependency direction (ADR-0002 rule 5) > apps/worker imports no API code 16ms
 ✓ |unit-node| apps/api/src/modules/portfolio/schedule.test.ts (14 tests) 223ms
 ✓ |unit-node| apps/api/src/modules/evidence/evidence.test.ts (13 tests) 809ms
   ✓ evidence module (P2) > its declared boundary holds  546ms
 ✓ |unit-node| apps/api/src/modules/kpi/kpi.test.ts (21 tests) 1237ms
   ✓ kpi module (P2) > its declared boundary holds, and a planted bypass or undeclared dependency would be caught  1139ms
 ✓ |unit-node| apps/api/src/request-encoding.test.ts (11 tests) 180ms
 ✓ |unit-node| apps/api/src/modules/access/rules.test.ts (12 tests) 21ms
 ✓ |unit-node| packages/db/src/seed.test.ts (10 tests) 43ms
 ✓ |unit-node| apps/api/src/modules/platform/incomplete-body.test.ts (10 tests) 106ms
 ✓ |unit-node| packages/config/src/load.test.ts (17 tests) 123ms
 ✓ |unit-node| packages/design-tokens/src/tokens.test.ts (15 tests) 69ms
 ✓ |unit-node| apps/api/src/modules/platform/db-errors.test.ts (7 tests) 10ms
 ✓ |unit-node| apps/api/src/modules/portfolio/sequencing.test.ts (9 tests) 25ms
(node:943) [FSTDEP022] FastifyWarning: The router options for constraints property access is deprecated. Please use "options.routerOptions" instead for accessing router options. The router options will be removed in `fastify@6`.
(Use `node --trace-warnings ...` to show where the warning was created)
 ✓ |unit-node| apps/api/src/modules/platform/framework-errors.test.ts (6 tests) 105ms
 ✓ |unit-node| apps/api/src/modules/transformations/good-outcome.test.ts (7 tests) 8ms
 ✓ |unit-node| packages/shared/src/formula/fuzz.test.ts (5 tests) 8888ms
   ✓ fuzz: no uncaught exception, no code execution > 10 000 random byte strings (0–255, up to 80 bytes)  2075ms
   ✓ fuzz: no uncaught exception, no code execution > 10 000 random UTF-16 strings including astral code points and lone surrogates  2074ms
   ✓ fuzz: no uncaught exception, no code execution > 20 000 random strings over the grammar alphabet reach parser, type checker and evaluator  4715ms
 ✓ |unit-node| apps/api/src/server.test.ts (6 tests) 935ms
   ✓ route registration > registers dev login only in AUTH_MODE=dev; production configuration refuses dev mode entirely  506ms
 ✓ |unit-node| apps/api/src/modules/platform/connection-hygiene.test.ts (6 tests) 81ms
 ✓ |unit-node| apps/api/src/modules/platform/request-encoding.test.ts (7 tests) 11ms
 ✓ |unit-node| apps/api/src/modules/platform/in-flight.test.ts (4 tests) 307ms
 ✓ |unit-node| apps/api/src/modules/admin/branding.test.ts (4 tests) 35ms
 ✓ |unit-node| apps/api/src/modules/reporting/reporting.test.ts (4 tests) 131ms
 ✓ |unit-node| apps/api/src/modules/methodology/methodology.test.ts (4 tests) 183ms
 ✓ |unit-node| apps/api/src/modules/platform/advisory-locks.test.ts (3 tests) 13ms
 ✓ |unit-node| apps/api/src/modules/transformations/thesis.test.ts (4 tests) 12ms
 ✓ |unit-node| apps/api/src/modules/workflows/t08-cycle-problem.test.ts (2 tests) 3ms
 ✓ |unit-node| apps/api/src/modules/identity/oidc-claims.test.ts (5 tests) 10ms
 ✓ |unit-node| apps/api/src/modules/platform/health.test.ts (2 tests) 58ms
 ✓ |unit-node| apps/api/src/modules/transformations/exclusions.test.ts (19 tests) 5ms
 ✓ |unit-node| apps/api/src/modules/transformations/transitions.test.ts (2 tests) 3ms

⎯⎯⎯⎯⎯⎯⎯ Failed Tests 1 ⎯⎯⎯⎯⎯⎯⎯

 FAIL  |unit-node| apps/api/src/architecture.test.ts > API module boundaries (ADR-0002) > every import respects dependsOn, public surfaces and allowed packages
AssertionError: expected [ Array(1) ] to deeply equal []

[32m- Expected[39m
[31m+ Received[39m

[32m- [][39m
[31m+ [[39m
[31m+   "modules/platform/advisory-locks.test.ts: computed member with a non-literal key (line 48) bypasses the module-interface check",[39m
[31m+ ][39m

 ❯ apps/api/src/architecture.test.ts:135:79
    133|     "every import respects dependsOn, public surfaces and allowed pack…
    134|     () => {
    135|       expect((moduleDirs as ApiModule[]).flatMap((m) => moduleViolatio…
       |                                                                               ^
    136|     },
    137|     AST_TEST_TIMEOUT_MS,

⎯⎯⎯⎯⎯⎯⎯⎯⎯⎯⎯⎯⎯⎯⎯⎯⎯⎯⎯⎯⎯⎯⎯⎯[1/1]⎯


 Test Files  1 failed | 58 passed (59)
      Tests  1 failed | 1164 passed (1165)
   Start at  00:21:35
   Duration  77.33s (transform 6.06s, setup 3.54s, collect 49.97s, tests 130.24s, environment 15.66s, prepare 7.05s)

 ELIFECYCLE  Test failed. See above for more details.
EXIT=1
