Thu Oct  8 00:24:12 UTC 2026
port-policy: PostgreSQL listening on port 23500 (attempt 1)
e2e database mth: server_encoding UTF8, lc_collate C, lc_ctype C
mth-db migrate: applying 0001_identity_access.sql
mth-db migrate: applying 0002_transformation.sql
mth-db migrate: applying 0003_audit_event.sql
mth-db migrate: applying 0004_outbox_jobs.sql
mth-db migrate: applying 0005_seed_roles_permissions.sql
mth-db migrate: applying 0006_pgboss_schema_v25.sql
mth-db migrate: applying 0007_oidc_login_browser_binding.sql
mth-db migrate: applying 0008_scoped_assignment_derived_from.sql
mth-db migrate: applying 0009_business_unit_hierarchy_guard.sql
mth-db migrate: applying 0010_p2_record_guards.sql
mth-db migrate: applying 0011_p2_methodology_catalogue.sql
mth-db migrate: applying 0012_p2_evidence.sql
mth-db migrate: applying 0013_p2_direction_charter.sql
mth-db migrate: applying 0014_p2_kpi_baseline_value_pool.sql
mth-db migrate: applying 0015_p2_diagnose.sql
mth-db migrate: applying 0016_p2_design_tom.sql
mth-db migrate: applying 0017_p2_decisions_gates.sql
mth-db migrate: applying 0018_p2_access_instantiation.sql
mth-db migrate: applying 0019_evidence_review_separation.sql
mth-db migrate: applying 0020_p3_portfolio_roadmap.sql
mth-db migrate: applying 0021_p3_prioritization.sql
mth-db migrate: applying 0022_p3_dependency_capacity_funding.sql
mth-db migrate: applying 0023_p3_business_case_formula.sql
mth-db migrate: applying 0024_p3_gates_access_instantiation.sql
mth-db migrate: applying 0025_p3_g1_agreement_guard.sql
mth-db migrate: applied 25 migration(s)
mth-db seed-dev: seeded SYNTHETIC dev users: dev.admin, dev.office, dev.lead, dev.auditor, dev.nobody
port-policy: API listening on port 23501 (attempt 1)
API: http://localhost:23501 (APP_BASE_URL=http://localhost:23501, PORT=23501)
{"status":"ready","checks":{"database":"ok","migrations":"ok"}}
npm warn Unknown project config "strict-peer-dependencies". This will stop working in the next major version of npm. See `npm help npmrc` for supported config options.
npm warn Unknown project config "auto-install-peers". This will stop working in the next major version of npm. See `npm help npmrc` for supported config options.
npm warn Unknown project config "link-workspace-packages". This will stop working in the next major version of npm. See `npm help npmrc` for supported config options.

Running 76 tests using 1 worker

  ✓   1 [chromium-en] › apps/web/e2e/journeys.spec.ts:187:1 › sign-in page: Arabic RTL by default, provisional wordmark, dev form in dev mode (1.5s)
  ✓   2 [chromium-en] › apps/web/e2e/journeys.spec.ts:213:1 › shell: navigation, language persistence and My Work (Transformation Office) (2.3s)
  ✘   3 [chromium-en] › apps/web/e2e/journeys.spec.ts:258:1 › create a modular transformation with an entry phase (6.1s)
  -   4 [chromium-en] › apps/web/e2e/journeys.spec.ts:332:1 › list: sort, filter chips, column selection and pagination controls
  -   5 [chromium-en] › apps/web/e2e/journeys.spec.ts:390:1 › edit: a concurrent change gives a 409 conflict with compare and re-apply
  -   6 [chromium-en] › apps/web/e2e/journeys.spec.ts:442:1 › archive with a mandatory reason makes the record read-only
  -   7 [chromium-en] › apps/web/e2e/journeys.spec.ts:477:1 › administration screens (access + technical administrator)
  -   8 [chromium-en] › apps/web/e2e/journeys.spec.ts:538:1 › a user without roles sees no Administration and no business records
  -   9 [chromium-en] › apps/web/e2e/journeys.spec.ts:560:1 › a business-unit Lead creates a record: Edit/Archive and the audit trail appear without a reload (F-DG1-210), the derived grant localized (F-DG1-008)
  ✓  10 [chromium-en] › apps/web/e2e/p2-blank-text.spec.ts:58:1 › setup: a fresh End-to-End transformation for the blank-text checks (195ms)
  ✓  11 [chromium-en] › apps/web/e2e/p2-blank-text.spec.ts:73:1 › Charter create: a whitespace Case for change is an inline error and creates no charter (3.6s)
  ✓  12 [chromium-en] › apps/web/e2e/p2-blank-text.spec.ts:113:1 › Charter edit: a whitespace Out of scope is an inline error, writes no version and keeps the value (4.4s)
  ✓  13 [chromium-en] › apps/web/e2e/p2-blank-text.spec.ts:163:1 › T01: a whitespace Current state is an inline error and sends nothing (3.5s)
  ✓  14 [chromium-en] › apps/web/e2e/p2-blank-text.spec.ts:265:1 › Gate G1 submission: a whitespace note is an inline error and submits nothing; visible text is verbatim (3.1s)
  ✓  15 [chromium-en] › apps/web/e2e/p2-blank-text.spec.ts:326:1 › Gate G1 decision: a whitespace rationale is an inline error and decides nothing (2.9s)
  ✓  16 [chromium-en] › apps/web/e2e/p2-blank-text.spec.ts:384:1 › Journey steps: a whitespace actor is an inline error and writes no journey version (3.3s)
  ✓  17 [chromium-en] › apps/web/e2e/p2-blank-text.spec.ts:427:1 › Reason dialog: an invisible-only archive reason is an inline error and archives nothing (3.8s)
  ✓  18 [chromium-en] › apps/web/e2e/p2-blank-text.spec.ts:463:1 › Charter create: a form-level validation problem (invalid UTF-8 body) is said once, in one live region (2.9s)
  ✘  19 [chromium-en] › apps/web/e2e/p2-journeys.spec.ts:42:1 › lead creates an End-to-End transformation; the workspace tabs lead to the P2 screens (3.0s)
  -  20 [chromium-en] › apps/web/e2e/p2-journeys.spec.ts:83:1 › Diagnose: six T01 dimensions with Unknown; value pools labelled Unquantified with a partial total
  -  21 [chromium-en] › apps/web/e2e/p2-journeys.spec.ts:168:1 › Charter: create, save a second version, compare versions; the 3-5 top-outcomes warning
  -  22 [chromium-en] › apps/web/e2e/p2-journeys.spec.ts:248:1 › Define: North Star, the good outcome test with reasons, and a required T02 target date
  -  23 [chromium-en] › apps/web/e2e/p2-journeys.spec.ts:332:1 › Design: ten canvas boxes, the per-dimension view; workshop mode converts an unresolved item into T04
  -  24 [chromium-en] › apps/web/e2e/p2-journeys.spec.ts:414:1 › Evidence: note, filename reference and file upload; a link; review by another person
  -  25 [chromium-en] › apps/web/e2e/p2-journeys.spec.ts:608:1 › Gates: G1 shows unverified evidence and offers no submission while incomplete; once complete it is submitted
  -  26 [chromium-en] › apps/web/e2e/p2-journeys.spec.ts:675:1 › Gates: the approver's decision — 409 when the submission was superseded, then approval with a rationale
  -  27 [chromium-en] › apps/web/e2e/p2-journeys.spec.ts:828:1 › Define → G2: activate a KPI, pass the good outcome test, add a guardrail, compose the thesis; G2 is decided
  -  28 [chromium-en] › apps/web/e2e/p2-journeys.spec.ts:1031:1 › Design → G3: the target state is complete and G3 is decided by the Sponsor
  -  29 [chromium-en] › apps/web/e2e/p2-journeys.spec.ts:1084:1 › Team: the six governance roles with their B0018 accountability; the lead assigns a Workstream Lead
  -  30 [chromium-en] › apps/web/e2e/p2-journeys.spec.ts:1157:1 › read-only auditor (AUD): every P2 screen without write controls; Unknown and Unquantified rendered
  ✓  31 [chromium-en] › apps/web/e2e/p3-seams.spec.ts:26:1 › setup: a fresh synthetic transformation for the P3 seam checks (109ms)
  ✓  32 [chromium-en] › apps/web/e2e/p3-seams.spec.ts:38:1 › P3 pages: bilingual titles, an honest 'being built' state and the P3 workspace tabs (13.5s)
  ✓  33 [chromium-en] › apps/web/e2e/p3-seams.spec.ts:76:1 › Initiatives and Roadmaps / Benefits and Finance lead into the Portfolio and Business cases tabs (3.3s)
  ✓  34 [chromium-en] › apps/web/e2e/session-end.spec.ts:156:1 › signed out in another tab, then an in-app link: one landing on sign-in with the message (4.9s)
  ✓  35 [chromium-en] › apps/web/e2e/session-end.spec.ts:187:1 › access withdrawn while the Upload dialog is open: the upload is refused, the dialog closes, one landing on sign-in (5.5s)
  ✓  36 [chromium-en] › apps/web/e2e/session-end.spec.ts:266:1 › after a session end, another browser context from the same IP can still sign in (no 429) (7.0s)
  ✓  37 [chromium-en] › apps/web/e2e/session-end.spec.ts:299:1 › a 403 is not a session end: a refused change keeps the user signed in where they are (5.2s)
  ✓  38 [chromium-en] › apps/web/e2e/session-end.spec.ts:407:1 › a session end on the sign-in page: the next user to sign in in the tab never sees the previous user's records (5.3s)
  ✓  39 [chromium-ar] › apps/web/e2e/journeys.spec.ts:187:1 › sign-in page: Arabic RTL by default, provisional wordmark, dev form in dev mode (1.3s)
  ✓  40 [chromium-ar] › apps/web/e2e/journeys.spec.ts:213:1 › shell: navigation, language persistence and My Work (Transformation Office) (2.0s)
STOPPED BY THE IMPLEMENTER after the two failures above (both axe scrollable-region-focusable on the overview audit trail); fixed afterwards, see the handback
  ✘  41 [chromium-ar] › apps/web/e2e/journeys.spec.ts:258:1 › create a modular transformation with an entry phase (7.4s)
  -  42 [chromium-ar] › apps/web/e2e/journeys.spec.ts:332:1 › list: sort, filter chips, column selection and pagination controls
  -  43 [chromium-ar] › apps/web/e2e/journeys.spec.ts:390:1 › edit: a concurrent change gives a 409 conflict with compare and re-apply
  -  44 [chromium-ar] › apps/web/e2e/journeys.spec.ts:442:1 › archive with a mandatory reason makes the record read-only
  -  45 [chromium-ar] › apps/web/e2e/journeys.spec.ts:477:1 › administration screens (access + technical administrator)
  -  46 [chromium-ar] › apps/web/e2e/journeys.spec.ts:538:1 › a user without roles sees no Administration and no business records
  -  47 [chromium-ar] › apps/web/e2e/journeys.spec.ts:560:1 › a business-unit Lead creates a record: Edit/Archive and the audit trail appear without a reload (F-DG1-210), the derived grant localized (F-DG1-008)
  ✓  48 [chromium-ar] › apps/web/e2e/p2-blank-text.spec.ts:58:1 › setup: a fresh End-to-End transformation for the blank-text checks (162ms)
  ✓  49 [chromium-ar] › apps/web/e2e/p2-blank-text.spec.ts:73:1 › Charter create: a whitespace Case for change is an inline error and creates no charter (4.1s)
  ✓  50 [chromium-ar] › apps/web/e2e/p2-blank-text.spec.ts:113:1 › Charter edit: a whitespace Out of scope is an inline error, writes no version and keeps the value (5.0s)
  ✓  51 [chromium-ar] › apps/web/e2e/p2-blank-text.spec.ts:163:1 › T01: a whitespace Current state is an inline error and sends nothing (4.1s)
  ✓  52 [chromium-ar] › apps/web/e2e/p2-blank-text.spec.ts:265:1 › Gate G1 submission: a whitespace note is an inline error and submits nothing; visible text is verbatim (3.8s)
  ✓  53 [chromium-ar] › apps/web/e2e/p2-blank-text.spec.ts:326:1 › Gate G1 decision: a whitespace rationale is an inline error and decides nothing (4.0s)
  ✘  54 [chromium-ar] › apps/web/e2e/p2-blank-text.spec.ts:384:1 › Journey steps: a whitespace actor is an inline error and writes no journey version (5.4s)
  -  55 [chromium-ar] › apps/web/e2e/p2-blank-text.spec.ts:427:1 › Reason dialog: an invisible-only archive reason is an inline error and archives nothing
  -  56 [chromium-ar] › apps/web/e2e/p2-blank-text.spec.ts:463:1 › Charter create: a form-level validation problem (invalid UTF-8 body) is said once, in one live region
  ✘  57 [chromium-ar] › apps/web/e2e/p2-journeys.spec.ts:42:1 › lead creates an End-to-End transformation; the workspace tabs lead to the P2 screens (5.6s)
  -  58 [chromium-ar] › apps/web/e2e/p2-journeys.spec.ts:83:1 › Diagnose: six T01 dimensions with Unknown; value pools labelled Unquantified with a partial total
  -  59 [chromium-ar] › apps/web/e2e/p2-journeys.spec.ts:168:1 › Charter: create, save a second version, compare versions; the 3-5 top-outcomes warning
  -  60 [chromium-ar] › apps/web/e2e/p2-journeys.spec.ts:248:1 › Define: North Star, the good outcome test with reasons, and a required T02 target date
  -  61 [chromium-ar] › apps/web/e2e/p2-journeys.spec.ts:332:1 › Design: ten canvas boxes, the per-dimension view; workshop mode converts an unresolved item into T04
  -  62 [chromium-ar] › apps/web/e2e/p2-journeys.spec.ts:414:1 › Evidence: note, filename reference and file upload; a link; review by another person
  -  63 [chromium-ar] › apps/web/e2e/p2-journeys.spec.ts:608:1 › Gates: G1 shows unverified evidence and offers no submission while incomplete; once complete it is submitted
  -  64 [chromium-ar] › apps/web/e2e/p2-journeys.spec.ts:675:1 › Gates: the approver's decision — 409 when the submission was superseded, then approval with a rationale
  -  65 [chromium-ar] › apps/web/e2e/p2-journeys.spec.ts:828:1 › Define → G2: activate a KPI, pass the good outcome test, add a guardrail, compose the thesis; G2 is decided
  -  66 [chromium-ar] › apps/web/e2e/p2-journeys.spec.ts:1031:1 › Design → G3: the target state is complete and G3 is decided by the Sponsor
  -  67 [chromium-ar] › apps/web/e2e/p2-journeys.spec.ts:1084:1 › Team: the six governance roles with their B0018 accountability; the lead assigns a Workstream Lead
  -  68 [chromium-ar] › apps/web/e2e/p2-journeys.spec.ts:1157:1 › read-only auditor (AUD): every P2 screen without write controls; Unknown and Unquantified rendered
  ✓  69 [chromium-ar] › apps/web/e2e/p3-seams.spec.ts:26:1 › setup: a fresh synthetic transformation for the P3 seam checks (125ms)
  ✘  70 [chromium-ar] › apps/web/e2e/p3-seams.spec.ts:38:1 › P3 pages: bilingual titles, an honest 'being built' state and the P3 workspace tabs (5.3s)
  -  71 [chromium-ar] › apps/web/e2e/p3-seams.spec.ts:76:1 › Initiatives and Roadmaps / Benefits and Finance lead into the Portfolio and Business cases tabs
  ✘  72 [chromium-ar] › apps/web/e2e/session-end.spec.ts:156:1 › signed out in another tab, then an in-app link: one landing on sign-in with the message (5.3s)
  -  73 [chromium-ar] › apps/web/e2e/session-end.spec.ts:187:1 › access withdrawn while the Upload dialog is open: the upload is refused, the dialog closes, one landing on sign-in
  -  74 [chromium-ar] › apps/web/e2e/session-end.spec.ts:266:1 › after a session end, another browser context from the same IP can still sign in (no 429)
  -  75 [chromium-ar] › apps/web/e2e/session-end.spec.ts:299:1 › a 403 is not a session end: a refused change keeps the user signed in where they are
  -  76 [chromium-ar] › apps/web/e2e/session-end.spec.ts:407:1 › a session end on the sign-in page: the next user to sign in in the tab never sees the previous user's records


  1) [chromium-en] › apps/web/e2e/journeys.spec.ts:258:1 › create a modular transformation with an entry phase 

    Error: [2mexpect([22m[31mreceived[39m[2m).[22mtoEqual[2m([22m[32mexpected[39m[2m) // deep equality[22m

    [32m- Expected  - 1[39m
    [31m+ Received  + 3[39m

    [32m- Array [][39m
    [31m+ Array [[39m
    [31m+   "scrollable-region-focusable: .table-wrap",[39m
    [31m+ ][39m

      89 |   };
      90 |   const serious = results.violations.filter((v) => v.impact === "serious" || v.impact === "critical");
    > 91 |   expect(serious.map((v) => `${v.id}: ${v.nodes.map((n) => n.target.join(" ")).join(", ")}`)).toEqual([]);
         |                                                                                               ^
      92 | }
      93 |
      94 | /**
        at expectAccessible (/home/user/wt/dg3-fe-a0/apps/web/e2e/journeys.spec.ts:91:95)
        at /home/user/wt/dg3-fe-a0/apps/web/e2e/journeys.spec.ts:291:3

    attachment #1: screenshot (image/png) ──────────────────────────────────────────────────────────
    test-results/apps-web-e2e-journeys-crea-3bd42-rmation-with-an-entry-phase-chromium-en/test-failed-1.png
    ────────────────────────────────────────────────────────────────────────────────────────────────

    Error Context: test-results/apps-web-e2e-journeys-crea-3bd42-rmation-with-an-entry-phase-chromium-en/error-context.md

    attachment #3: trace (application/zip) ─────────────────────────────────────────────────────────
    test-results/apps-web-e2e-journeys-crea-3bd42-rmation-with-an-entry-phase-chromium-en/trace.zip
    Usage:

        npx playwright show-trace test-results/apps-web-e2e-journeys-crea-3bd42-rmation-with-an-entry-phase-chromium-en/trace.zip

    ────────────────────────────────────────────────────────────────────────────────────────────────

  2) [chromium-en] › apps/web/e2e/p2-journeys.spec.ts:42:1 › lead creates an End-to-End transformation; the workspace tabs lead to the P2 screens 

    Error: [2mexpect([22m[31mreceived[39m[2m).[22mtoEqual[2m([22m[32mexpected[39m[2m) // deep equality[22m

    [32m- Expected  - 1[39m
    [31m+ Received  + 3[39m

    [32m- Array [][39m
    [31m+ Array [[39m
    [31m+   "scrollable-region-focusable: .table-wrap",[39m
    [31m+ ][39m

       at apps/web/e2e/support/ui.ts:101

       99 |   };
      100 |   const serious = results.violations.filter((v) => v.impact === "serious" || v.impact === "critical");
    > 101 |   expect(serious.map((v) => `${v.id}: ${v.nodes.map((n) => n.target.join(" ")).join(", ")}`)).toEqual([]);
          |                                                                                               ^
      102 | }
      103 |
      104 | /** Every request stays on the application origin (no CDN, no remote fonts), and nothing hits the CSP. */
        at expectAccessible (/home/user/wt/dg3-fe-a0/apps/web/e2e/support/ui.ts:101:95)
        at /home/user/wt/dg3-fe-a0/apps/web/e2e/p2-journeys.spec.ts:78:3

    attachment #1: screenshot (image/png) ──────────────────────────────────────────────────────────
    test-results/apps-web-e2e-p2-journeys-l-d47f4-tabs-lead-to-the-P2-screens-chromium-en/test-failed-1.png
    ────────────────────────────────────────────────────────────────────────────────────────────────

    Error Context: test-results/apps-web-e2e-p2-journeys-l-d47f4-tabs-lead-to-the-P2-screens-chromium-en/error-context.md

    attachment #3: trace (application/zip) ─────────────────────────────────────────────────────────
    test-results/apps-web-e2e-p2-journeys-l-d47f4-tabs-lead-to-the-P2-screens-chromium-en/trace.zip
    Usage:

        npx playwright show-trace test-results/apps-web-e2e-p2-journeys-l-d47f4-tabs-lead-to-the-P2-screens-chromium-en/trace.zip

    ────────────────────────────────────────────────────────────────────────────────────────────────

  3) [chromium-ar] › apps/web/e2e/journeys.spec.ts:258:1 › create a modular transformation with an entry phase 

    Error: [2mexpect([22m[31mreceived[39m[2m).[22mtoEqual[2m([22m[32mexpected[39m[2m) // deep equality[22m

    [32m- Expected  - 1[39m
    [31m+ Received  + 3[39m

    [32m- Array [][39m
    [31m+ Array [[39m
    [31m+   "scrollable-region-focusable: .table-wrap",[39m
    [31m+ ][39m

      89 |   };
      90 |   const serious = results.violations.filter((v) => v.impact === "serious" || v.impact === "critical");
    > 91 |   expect(serious.map((v) => `${v.id}: ${v.nodes.map((n) => n.target.join(" ")).join(", ")}`)).toEqual([]);
         |                                                                                               ^
      92 | }
      93 |
      94 | /**
        at expectAccessible (/home/user/wt/dg3-fe-a0/apps/web/e2e/journeys.spec.ts:91:95)
        at /home/user/wt/dg3-fe-a0/apps/web/e2e/journeys.spec.ts:291:3

    attachment #1: screenshot (image/png) ──────────────────────────────────────────────────────────
    test-results/apps-web-e2e-journeys-crea-3bd42-rmation-with-an-entry-phase-chromium-ar/test-failed-1.png
    ────────────────────────────────────────────────────────────────────────────────────────────────

    Error Context: test-results/apps-web-e2e-journeys-crea-3bd42-rmation-with-an-entry-phase-chromium-ar/error-context.md

    attachment #3: trace (application/zip) ─────────────────────────────────────────────────────────
    test-results/apps-web-e2e-journeys-crea-3bd42-rmation-with-an-entry-phase-chromium-ar/trace.zip
    Usage:

        npx playwright show-trace test-results/apps-web-e2e-journeys-crea-3bd42-rmation-with-an-entry-phase-chromium-ar/trace.zip

    ────────────────────────────────────────────────────────────────────────────────────────────────

  4) [chromium-ar] › apps/web/e2e/p2-blank-text.spec.ts:384:1 › Journey steps: a whitespace actor is an inline error and writes no journey version 

    Error: [2mexpect([22m[31mlocator[39m[2m).[22mtoBeVisible[2m([22m[2m)[22m failed

    Locator: getByLabel(/^(?:اسم المستخدم الاصطناعي|Synthetic user name)(?:\s*\((?:مطلوب|required)\))?$/)
    Expected: visible
    Timeout: 5000ms
    Error: element(s) not found

    Call log:
    [2m  - Expect "toBeVisible" with timeout 5000ms[22m
    [2m  - waiting for getByLabel(/^(?:اسم المستخدم الاصطناعي|Synthetic user name)(?:\s*\((?:مطلوب|required)\))?$/)[22m


       at apps/web/e2e/support/ui.ts:79

      77 |     ),
      78 |   );
    > 79 |   await expect(field).toBeVisible();
         |                       ^
      80 |   await field.fill(username);
      81 |   await field.press("Enter");
      82 |   await page.waitForURL("**/my-work");
        at signIn (/home/user/wt/dg3-fe-a0/apps/web/e2e/support/ui.ts:79:23)
        at /home/user/wt/dg3-fe-a0/apps/web/e2e/p2-blank-text.spec.ts:368:3

    attachment #1: screenshot (image/png) ──────────────────────────────────────────────────────────
    test-results/apps-web-e2e-p2-blank-text-70d74-d-writes-no-journey-version-chromium-ar/test-failed-1.png
    ────────────────────────────────────────────────────────────────────────────────────────────────

    attachment #2: trace (application/zip) ─────────────────────────────────────────────────────────
    test-results/apps-web-e2e-p2-blank-text-70d74-d-writes-no-journey-version-chromium-ar/trace.zip
    Usage:

        npx playwright show-trace test-results/apps-web-e2e-p2-blank-text-70d74-d-writes-no-journey-version-chromium-ar/trace.zip

    ────────────────────────────────────────────────────────────────────────────────────────────────

  5) [chromium-ar] › apps/web/e2e/p2-journeys.spec.ts:42:1 › lead creates an End-to-End transformation; the workspace tabs lead to the P2 screens 

    Error: [2mexpect([22m[31mlocator[39m[2m).[22mtoBeVisible[2m([22m[2m)[22m failed

    Locator: getByLabel(/^(?:اسم المستخدم الاصطناعي|Synthetic user name)(?:\s*\((?:مطلوب|required)\))?$/)
    Expected: visible
    Timeout: 5000ms
    Error: element(s) not found

    Call log:
    [2m  - Expect "toBeVisible" with timeout 5000ms[22m
    [2m  - waiting for getByLabel(/^(?:اسم المستخدم الاصطناعي|Synthetic user name)(?:\s*\((?:مطلوب|required)\))?$/)[22m


       at apps/web/e2e/support/ui.ts:79

      77 |     ),
      78 |   );
    > 79 |   await expect(field).toBeVisible();
         |                       ^
      80 |   await field.fill(username);
      81 |   await field.press("Enter");
      82 |   await page.waitForURL("**/my-work");
        at signIn (/home/user/wt/dg3-fe-a0/apps/web/e2e/support/ui.ts:79:23)
        at /home/user/wt/dg3-fe-a0/apps/web/e2e/p2-journeys.spec.ts:70:3

    attachment #1: screenshot (image/png) ──────────────────────────────────────────────────────────
    test-results/apps-web-e2e-p2-journeys-l-d47f4-tabs-lead-to-the-P2-screens-chromium-ar/test-failed-1.png
    ────────────────────────────────────────────────────────────────────────────────────────────────

    attachment #2: trace (application/zip) ─────────────────────────────────────────────────────────
    test-results/apps-web-e2e-p2-journeys-l-d47f4-tabs-lead-to-the-P2-screens-chromium-ar/trace.zip
    Usage:

        npx playwright show-trace test-results/apps-web-e2e-p2-journeys-l-d47f4-tabs-lead-to-the-P2-screens-chromium-ar/trace.zip

    ────────────────────────────────────────────────────────────────────────────────────────────────

  6) [chromium-ar] › apps/web/e2e/p3-seams.spec.ts:38:1 › P3 pages: bilingual titles, an honest 'being built' state and the P3 workspace tabs 

    Error: [2mexpect([22m[31mlocator[39m[2m).[22mtoBeVisible[2m([22m[2m)[22m failed

    Locator: getByLabel(/^(?:اسم المستخدم الاصطناعي|Synthetic user name)(?:\s*\((?:مطلوب|required)\))?$/)
    Expected: visible
    Timeout: 5000ms
    Error: element(s) not found

    Call log:
    [2m  - Expect "toBeVisible" with timeout 5000ms[22m
    [2m  - waiting for getByLabel(/^(?:اسم المستخدم الاصطناعي|Synthetic user name)(?:\s*\((?:مطلوب|required)\))?$/)[22m


       at apps/web/e2e/support/ui.ts:79

      77 |     ),
      78 |   );
    > 79 |   await expect(field).toBeVisible();
         |                       ^
      80 |   await field.fill(username);
      81 |   await field.press("Enter");
      82 |   await page.waitForURL("**/my-work");
        at signIn (/home/user/wt/dg3-fe-a0/apps/web/e2e/support/ui.ts:79:23)
        at /home/user/wt/dg3-fe-a0/apps/web/e2e/p3-seams.spec.ts:69:3

    attachment #1: screenshot (image/png) ──────────────────────────────────────────────────────────
    test-results/apps-web-e2e-p3-seams-P3-p-cca04-e-and-the-P3-workspace-tabs-chromium-ar/test-failed-1.png
    ────────────────────────────────────────────────────────────────────────────────────────────────

    attachment #2: trace (application/zip) ─────────────────────────────────────────────────────────
    test-results/apps-web-e2e-p3-seams-P3-p-cca04-e-and-the-P3-workspace-tabs-chromium-ar/trace.zip
    Usage:

        npx playwright show-trace test-results/apps-web-e2e-p3-seams-P3-p-cca04-e-and-the-P3-workspace-tabs-chromium-ar/trace.zip

    ────────────────────────────────────────────────────────────────────────────────────────────────

  7) [chromium-ar] › apps/web/e2e/session-end.spec.ts:156:1 › signed out in another tab, then an in-app link: one landing on sign-in with the message 

    Error: [2mexpect([22m[31mlocator[39m[2m).[22mtoBeVisible[2m([22m[2m)[22m failed

    Locator: getByLabel(/^(?:اسم المستخدم الاصطناعي|Synthetic user name)(?:\s*\((?:مطلوب|required)\))?$/)
    Expected: visible
    Timeout: 5000ms
    Error: element(s) not found

    Call log:
    [2m  - Expect "toBeVisible" with timeout 5000ms[22m
    [2m  - waiting for getByLabel(/^(?:اسم المستخدم الاصطناعي|Synthetic user name)(?:\s*\((?:مطلوب|required)\))?$/)[22m


       at apps/web/e2e/support/ui.ts:79

      77 |     ),
      78 |   );
    > 79 |   await expect(field).toBeVisible();
         |                       ^
      80 |   await field.fill(username);
      81 |   await field.press("Enter");
      82 |   await page.waitForURL("**/my-work");
        at signIn (/home/user/wt/dg3-fe-a0/apps/web/e2e/support/ui.ts:79:23)
        at /home/user/wt/dg3-fe-a0/apps/web/e2e/session-end.spec.ts:153:3

    Error: ENOENT: no such file or directory, open '/home/user/wt/dg3-fe-a0/test-results/.playwright-artifacts-7/a775ba4a66d97d0cb09be1ac966fc4ee.zip'

    [31mTest timeout of 30000ms exceeded.[39m

    attachment #1: screenshot (image/png) ──────────────────────────────────────────────────────────
    test-results/apps-web-e2e-session-end-s-c8d73-on-sign-in-with-the-message-chromium-ar/test-failed-1.png
    ────────────────────────────────────────────────────────────────────────────────────────────────

  7 failed
    [chromium-en] › apps/web/e2e/journeys.spec.ts:258:1 › create a modular transformation with an entry phase 
    [chromium-en] › apps/web/e2e/p2-journeys.spec.ts:42:1 › lead creates an End-to-End transformation; the workspace tabs lead to the P2 screens 
    [chromium-ar] › apps/web/e2e/journeys.spec.ts:258:1 › create a modular transformation with an entry phase 
    [chromium-ar] › apps/web/e2e/p2-blank-text.spec.ts:384:1 › Journey steps: a whitespace actor is an inline error and writes no journey version 
    [chromium-ar] › apps/web/e2e/p2-journeys.spec.ts:42:1 › lead creates an End-to-End transformation; the workspace tabs lead to the P2 screens 
    [chromium-ar] › apps/web/e2e/p3-seams.spec.ts:38:1 › P3 pages: bilingual titles, an honest 'being built' state and the P3 workspace tabs 
    [chromium-ar] › apps/web/e2e/session-end.spec.ts:156:1 › signed out in another tab, then an in-app link: one landing on sign-in with the message 
  41 did not run
  28 passed (3.1m)

To open last HTML report run:
[36m[39m
[36m  npx playwright show-report[39m
[36m[39m
---- api.log (tail)
