
> mobily-transformation-hub@0.1.0 test /home/user/wt/dg3-be-e
> vitest run --project unit-node --project unit-web


 RUN  v3.2.4 /home/user/wt/dg3-be-e

 ✓ |unit-web| src/pages/render-time-language.test.tsx (28 tests) 18990ms
   ✓ sign-in (dev form), 'en' → 'ar' > an invalid user name: the inline message follows the switch  450ms
   ✓ journey step editor, 'en' → 'ar' > a field error on a step follows the switch  2343ms
   ✓ journey step editor, 'en' → 'ar' > the form-level "Step N:" error follows the switch (prefix and message)  1201ms
   ✓ journey step editor, 'ar' → 'en' > a field error on a step follows the switch  878ms
   ✓ journey step editor, 'ar' → 'en' > the form-level "Step N:" error follows the switch (prefix and message)  824ms
   ✓ row-action note and reason dialog, 'en' → 'ar' > the Finance validation note's 'required' follows the switch  705ms
   ✓ row-action note and reason dialog, 'en' → 'ar' > the Finance validation choice's 'required' follows the switch  717ms
   ✓ row-action note and reason dialog, 'en' → 'ar' > the archive reason's 'too short' follows the switch  624ms
   ✓ row-action note and reason dialog, 'ar' → 'en' > the Finance validation note's 'required' follows the switch  1064ms
   ✓ row-action note and reason dialog, 'ar' → 'en' > the Finance validation choice's 'required' follows the switch  629ms
   ✓ row-action note and reason dialog, 'ar' → 'en' > the archive reason's 'too short' follows the switch  735ms
   ✓ gate dialogs, 'en' → 'ar' > the submission note's field error follows the switch  331ms
   ✓ gate dialogs, 'en' → 'ar' > the decision rationale's field error follows the switch  462ms
   ✓ gate dialogs, 'ar' → 'en' > the submission note's field error follows the switch  1195ms
   ✓ gate dialogs, 'ar' → 'en' > the decision rationale's field error follows the switch  1355ms
   ✓ North Star statement, 'en' → 'ar' > the statement's field error follows the switch  941ms
   ✓ North Star statement, 'ar' → 'en' > the statement's field error follows the switch  522ms
   ✓ evidence dialogs, 'en' → 'ar' > upload without a file: 'required' follows the switch  651ms
   ✓ evidence dialogs, 'en' → 'ar' > a link without a record type or record: both 'required' messages follow the switch  880ms
   ✓ evidence dialogs, 'ar' → 'en' > upload without a file: 'required' follows the switch  659ms
   ✓ evidence dialogs, 'ar' → 'en' > a link without a record type or record: both 'required' messages follow the switch  863ms
 ✓ |unit-web| src/pages/p2.test.tsx (56 tests) 31170ms
   ✓ Diagnose > shows the six T01 dimensions with Unknown for missing values, and value pools that are never 0  1323ms
   ✓ Diagnose > shows the totals as Unknown when no pool is quantified  474ms
   ✓ Diagnose > renders the six workstreams with their key questions  863ms
   ✓ Diagnose > edits a T01 row with only the changed fields and If-Match  1041ms
   ✓ Diagnose > a 409 on save writes nothing, compares, and re-applies on the current version  1270ms
   ✓ Diagnose > a 400 validation.blank shows a localized message on its field ('en')  999ms
   ✓ Diagnose > a 400 validation.blank shows a localized message on its field ('ar')  852ms
   ✓ Diagnose > an invisible-only value is blocked client-side with validation.blank ('en')  945ms
   ✓ Diagnose > an invisible-only value is blocked client-side with validation.blank ('ar')  1203ms
   ✓ Diagnose > a whitespace-only T01 value is an inline blank error and sends nothing ('en')  1027ms
   ✓ Diagnose > a whitespace-only T01 value is an inline blank error and sends nothing ('ar')  916ms
   ✓ Diagnose > T01: an emptied field is sent as an explicit null; visible text is sent verbatim  1648ms
   ✓ Define > shows the good outcome test per outcome with pass / fail / unknown and localized reasons  514ms
   ✓ Define > requires a target date on a T02 row before sending anything  736ms
   ✓ Define > sets the North Star with one sentence and no If-Match the first time  403ms
   ✓ Define: KPI activation (F-DG2-201) > offers Activate on a draft KPI, states the unmet precondition on 422, then activates with If-Match  1047ms
   ✓ Define: KPI activation (F-DG2-201) > Arabic: the Activate action and the 422 reason are in Arabic  1063ms
   ✓ Charter > shows the 14 fields, the thesis, the five scope checks with pre-checks and the top-outcomes warning  335ms
   ✓ Charter > scope pre-check: an empty Out of scope reads as failing (EN and AR)  1098ms
   ✓ Charter > thesis: an empty part is Incomplete and no sentence is composed (F-DG2-203)  367ms
   ✓ Charter > thesis: the four parts compose the B0037 sentence (EN and AR)  514ms
   ✓ Charter > North Star (field 5): the current statement; a superseded link is flagged Stale (F-DG2-204)  300ms
   ✓ Charter > compares a version with the previous one  405ms
   ✓ Charter > create: a whitespace Case for change is an inline blank error and creates nothing ('en')  532ms
   ✓ Charter > create: a whitespace Case for change is an inline blank error and creates nothing ('ar')  314ms
   ✓ Charter > edit: a whitespace Out of scope is an inline blank error, sends nothing and keeps the value (en)  530ms
   ✓ Charter > edit: a whitespace Out of scope is an inline blank error, sends nothing and keeps the value (ar)  869ms
   ✓ Charter > edit: emptying a filled field sends null; visible text is verbatim (en)  1012ms
   ✓ Charter > edit: emptying a filled field sends null; visible text is verbatim (ar)  501ms
   ✓ Charter > edit: a change summary alone is not a change (never a content-free version)  475ms
   ✓ Design > shows the ten canvas boxes and the per-dimension view  777ms
   ✓ Design > converts an unresolved workshop item into a design decision with If-Match  1039ms
   ✓ Gates (business approval) > shows unverified evidence as unverified, the failing outcome at G2, and submits with If-Match  404ms
   ✓ Gates (business approval) > the approver's decision: rationale required; 403 and 409 problems in words  710ms
   ✓ Gates (business approval) > gate detail heading: the verbatim B0023 name once (EN and AR)  473ms
   ✓ Evidence > uploads a revision as octet-stream with a percent-encoded file name and If-Match  655ms
   ✓ Evidence > never offers review to the creator; a filename reference can only be rejected  620ms
 ✓ |unit-web| src/pages/p2-blank-forms.test.tsx (52 tests) 31569ms
   ✓ gate submission note (en) > a whitespace-only note is refused inline and nothing is sent  650ms
   ✓ gate submission note (en) > a invisible-only note is refused inline and nothing is sent  540ms
   ✓ gate submission note (en) > visible text is sent verbatim; an empty note is omitted  1059ms
   ✓ gate submission note (ar) > a whitespace-only note is refused inline and nothing is sent  458ms
   ✓ gate submission note (ar) > visible text is sent verbatim; an empty note is omitted  877ms
   ✓ gate decision rationale and comments (en) > a whitespace-only rationale is refused inline and nothing is sent  1072ms
   ✓ gate decision rationale and comments (en) > a invisible-only rationale is refused inline and nothing is sent  665ms
   ✓ gate decision rationale and comments (en) > a invisible (long enough for min 3)-only rationale is refused inline and nothing is sent  554ms
   ✓ gate decision rationale and comments (en) > a whitespace-only comment is refused inline (focus on it) and nothing is sent  619ms
   ✓ gate decision rationale and comments (en) > a invisible-only comment is refused inline (focus on it) and nothing is sent  373ms
   ✓ gate decision rationale and comments (en) > visible text is sent verbatim; empty comments are omitted; an empty rationale stays 'too short'  451ms
   ✓ gate decision rationale and comments (en) > a server 400 validation.blank on /rationale lands on the field  543ms
   ✓ gate decision rationale and comments (ar) > a whitespace-only rationale is refused inline and nothing is sent  455ms
   ✓ gate decision rationale and comments (ar) > a invisible-only rationale is refused inline and nothing is sent  358ms
   ✓ gate decision rationale and comments (ar) > a invisible (long enough for min 3)-only rationale is refused inline and nothing is sent  355ms
   ✓ gate decision rationale and comments (ar) > a whitespace-only comment is refused inline (focus on it) and nothing is sent  416ms
   ✓ gate decision rationale and comments (ar) > a invisible-only comment is refused inline (focus on it) and nothing is sent  397ms
   ✓ gate decision rationale and comments (ar) > visible text is sent verbatim; empty comments are omitted; an empty rationale stays 'too short'  630ms
   ✓ gate decision rationale and comments (ar) > a server 400 validation.blank on /rationale lands on the field  637ms
   ✓ journey step editor (en) > a whitespace-only actor is refused inline (not turned into null) and nothing is sent  1252ms
   ✓ journey step editor (en) > a invisible-only actor is refused inline (not turned into null) and nothing is sent  400ms
   ✓ journey step editor (en) > several blank fields: each gets the message and focus goes to the first (name)  836ms
   ✓ journey step editor (en) > visible text is sent verbatim; emptied optional text is null; an empty name is required  1658ms
   ✓ journey step editor (ar) > a whitespace-only actor is refused inline (not turned into null) and nothing is sent  942ms
   ✓ journey step editor (ar) > a invisible-only actor is refused inline (not turned into null) and nothing is sent  736ms
   ✓ journey step editor (ar) > several blank fields: each gets the message and focus goes to the first (name)  1217ms
   ✓ journey step editor (ar) > visible text is sent verbatim; emptied optional text is null; an empty name is required  849ms
   ✓ Finance validation note and archive reason (en) > note: a whitespace-only note is refused inline and nothing is sent  821ms
   ✓ Finance validation note and archive reason (en) > note: a invisible-only note is refused inline and nothing is sent  511ms
   ✓ Finance validation note and archive reason (en) > note: empty is 'required'; visible text is sent verbatim  525ms
   ✓ Finance validation note and archive reason (en) > reason: a whitespace-only reason is refused inline and nothing is archived  797ms
   ✓ Finance validation note and archive reason (en) > reason: a invisible-only reason is refused inline and nothing is archived  618ms
   ✓ Finance validation note and archive reason (en) > reason: a server 400 validation.blank on /reason is the field message, not a generic error  601ms
   ✓ Finance validation note and archive reason (en) > reason: a reason with U+0000 is refused inline with the localized message and nothing is archived  640ms
   ✓ Finance validation note and archive reason (en) > reason: a server 400 validation.invalid_character on /reason is the localized field message  537ms
   ✓ Finance validation note and archive reason (en) > reason: empty keeps 'too short'; visible text is sent verbatim  666ms
   ✓ Finance validation note and archive reason (ar) > note: a whitespace-only note is refused inline and nothing is sent  537ms
   ✓ Finance validation note and archive reason (ar) > note: a invisible-only note is refused inline and nothing is sent  549ms
   ✓ Finance validation note and archive reason (ar) > note: empty is 'required'; visible text is sent verbatim  377ms
   ✓ Finance validation note and archive reason (ar) > reason: a whitespace-only reason is refused inline and nothing is archived  527ms
   ✓ Finance validation note and archive reason (ar) > reason: a invisible-only reason is refused inline and nothing is archived  511ms
   ✓ Finance validation note and archive reason (ar) > reason: a server 400 validation.blank on /reason is the field message, not a generic error  410ms
   ✓ Finance validation note and archive reason (ar) > reason: a reason with U+0000 is refused inline with the localized message and nothing is archived  708ms
   ✓ Finance validation note and archive reason (ar) > reason: a server 400 validation.invalid_character on /reason is the localized field message  456ms
   ✓ Finance validation note and archive reason (ar) > reason: empty keeps 'too short'; visible text is sent verbatim  524ms
   ✓ North Star statement (en) > a whitespace-only statement is refused inline and nothing is sent  489ms
   ✓ North Star statement (en) > a invisible-only statement is refused inline and nothing is sent  395ms
   ✓ North Star statement (ar) > a whitespace-only statement is refused inline and nothing is sent  449ms
   ✓ North Star statement (ar) > a invisible-only statement is refused inline and nothing is sent  384ms
 ✓ |unit-web| src/auth/session-bound.test.tsx (34 tests) 12851ms
   ✓ F-DG2-530/580 no effect of A's action after a further await once the tab is B's (en) > Y1: a create whose post-create GET /me returns B: B is not navigated and never sees A's code or name  1529ms
   ✓ F-DG2-530/580 no effect of A's action after a further await once the tab is B's (en) > Y1c: the same create under one identity still lands on the created record  546ms
   ✓ F-DG2-530/580 no effect of A's action after a further await once the tab is B's (en) > Y1c (not visible to the creator): the creator still gets 'created, but you cannot open it' with the 201's code  353ms
   ✓ F-DG2-530/580 no effect of A's action after a further await once the tab is B's (en) > an edit whose identity changes between its awaits: B is not navigated to A's record and keeps nothing of A's  503ms
   ✓ F-DG2-530/580 no effect of A's action after a further await once the tab is B's (en) > an organization create whose identity changes between its awaits: B is not navigated to A's new organization  604ms
   ✓ F-DG2-530/580 no effect of A's action after a further await once the tab is B's (en) > a user create whose identity changes between its awaits: B is not navigated to A's new user  792ms
   ✓ F-DG2-530/580 no effect of A's action after a further await once the tab is B's (en) > sanity: the organization and user creates under one identity still navigate to the new record  505ms
   ✓ F-DG2-570 the header and the data of ONE identity on in-app navigation (en) > N0 (the reviewer's Y5): B signed in a moment ago, no time passes, no focus event: the next page is B's under B's header  332ms
   ✓ F-DG2-570 the header and the data of ONE identity on in-app navigation (en) > bounded: one GET /me per navigation, shared by the page's burst; other GETs only after the window; same identity kept  412ms
   ✓ F-DG2-530/580 no effect of A's action after a further await once the tab is B's (ar) > Y1: a create whose post-create GET /me returns B: B is not navigated and never sees A's code or name  767ms
   ✓ F-DG2-530/580 no effect of A's action after a further await once the tab is B's (ar) > Y1c: the same create under one identity still lands on the created record  552ms
   ✓ F-DG2-530/580 no effect of A's action after a further await once the tab is B's (ar) > an edit whose identity changes between its awaits: B is not navigated to A's record and keeps nothing of A's  543ms
   ✓ F-DG2-530/580 no effect of A's action after a further await once the tab is B's (ar) > an organization create whose identity changes between its awaits: B is not navigated to A's new organization  515ms
   ✓ F-DG2-530/580 no effect of A's action after a further await once the tab is B's (ar) > a user create whose identity changes between its awaits: B is not navigated to A's new user  615ms
   ✓ F-DG2-530/580 no effect of A's action after a further await once the tab is B's (ar) > sanity: the organization and user creates under one identity still navigate to the new record  600ms
   ✓ the convention: no raw navigate or cache write in app code (T-DG2-FE15) > the ESLint rule refuses a raw navigate, a raw cache write and a useNavigate import in a page  1586ms
 ✓ |unit-web| src/auth/session-end.test.tsx (12 tests) 8067ms
   ✓ session end while the app is open (en) > a 401 on navigation lands once on sign-in with the message; signing in again returns to the page  1424ms
   ✓ session end while the app is open (en) > a 401 on a dialog mutation (the commit-time upload refusal) closes the dialog and lands once on sign-in  1013ms
   ✓ session end while the app is open (en) > a sign-out elsewhere noticed by the next /me probe lands once on sign-in, never on the stale shell  493ms
   ✓ session end while the app is open (en) > a 403 (forbidden) is never treated as a session end  685ms
   ✓ session end while the app is open (ar) > a 401 on navigation lands once on sign-in with the message; signing in again returns to the page  913ms
   ✓ session end while the app is open (ar) > a 401 on a dialog mutation (the commit-time upload refusal) closes the dialog and lands once on sign-in  1017ms
   ✓ session end while the app is open (ar) > a sign-out elsewhere noticed by the next /me probe lands once on sign-in, never on the stale shell  491ms
   ✓ session end while the app is open (ar) > a 403 (forbidden) is never treated as a session end  517ms
   ✓ session end under <StrictMode> (as in production) > still lands exactly once on sign-in  718ms
   ✓ sign-in page and the cached identity > decides 'already signed in' only from a fresh /me, never from a stale cache  388ms
   ✓ sign-in page and the cached identity > signing out here shows 'signed out', not 'session ended', and no /me loop  359ms
 ✓ |unit-web| src/auth/session-identity.test.tsx (18 tests) 5985ms
   ✓ F-DG2-500 a session end on the sign-in page (en) > W5: Back to /login after A's session ends, B signs in with the development form: B never sees A's records  1063ms
   ✓ F-DG2-500 a session end on the sign-in page (en) > W5b (OIDC mode): B signs in in another tab and this tab's /me re-probe brings B: B never sees A's records  863ms
   ✓ F-DG2-500 an identity change with no session end in this tab (en) > a refocus /me that returns another identity removes every session query before B renders, and drops A's drafts  435ms
   ✓ F-DG2-500 sign-out here and 403 (en) > signing out here clears everything; B signing in afterwards never sees A's records  559ms
   ✓ F-DG2-500 a session end on the sign-in page (ar) > W5: Back to /login after A's session ends, B signs in with the development form: B never sees A's records  526ms
   ✓ F-DG2-500 a session end on the sign-in page (ar) > W5b (OIDC mode): B signs in in another tab and this tab's /me re-probe brings B: B never sees A's records  512ms
   ✓ F-DG2-500 sign-out here and 403 (ar) > signing out here clears everything; B signing in afterwards never sees A's records  599ms
 ✓ |unit-web| src/auth/session-generation.test.tsx (26 tests) 10286ms
   ✓ F-DG2-530 a write in flight across an identity change (en) > X3: A's PATCH answered after B's /me is not written into B's cache, not shown, and does not navigate B  1079ms
   ✓ F-DG2-530 a write in flight across an identity change (en) > X3b: the same after a session END here and B's sign-in: A's late answer never lands  709ms
   ✓ F-DG2-530 a write in flight across an identity change (en) > an archive in flight across an identity change: A's archived record never lands in B's cache  761ms
   ✓ F-DG2-530 a write in flight across an identity change (en) > an organization save in flight across an identity change: A's change is never stored under B  748ms
   ✓ F-DG2-530 a write in flight across an identity change (en) > a user save in flight across an identity change: A's change is never stored under B  603ms
   ✓ F-DG2-530 a write in flight across an identity change (en) > a same-person new session: the in-flight save is dropped silently, the draft is kept and usable  454ms
   ✓ F-DG2-530 a write in flight across an identity change (en) > a language save retried after a 409 is never written for the identity that replaced A  326ms
   ✓ F-DG2-530 X6: refocus and reconnect revalidate GET /me first (en) > after B signs in elsewhere, a refocus within /me's staleTime shows B's header with B's data, never A's  573ms
   ✓ F-DG2-530 X6: refocus and reconnect revalidate GET /me first (en) > the same identity: a refocus refetches /me once, then the stale page queries; nothing when all is fresh  409ms
   ✓ F-DG2-530 a write in flight across an identity change (ar) > X3: A's PATCH answered after B's /me is not written into B's cache, not shown, and does not navigate B  511ms
   ✓ F-DG2-530 a write in flight across an identity change (ar) > X3b: the same after a session END here and B's sign-in: A's late answer never lands  605ms
   ✓ F-DG2-530 a write in flight across an identity change (ar) > an archive in flight across an identity change: A's archived record never lands in B's cache  518ms
   ✓ F-DG2-530 a write in flight across an identity change (ar) > an organization save in flight across an identity change: A's change is never stored under B  512ms
   ✓ F-DG2-530 a write in flight across an identity change (ar) > a user save in flight across an identity change: A's change is never stored under B  521ms
   ✓ F-DG2-530 a write in flight across an identity change (ar) > a same-person new session: the in-flight save is dropped silently, the draft is kept and usable  404ms
   ✓ F-DG2-530 X6: refocus and reconnect revalidate GET /me first (ar) > the same identity: a refocus refetches /me once, then the stale page queries; nothing when all is fresh  402ms
 ✓ |unit-web| src/pages/team/team.test.tsx (10 tests) 5878ms
   ✓ Team (English LTR) > shows the six governance roles with B0018 accountability text verbatim and who holds each  844ms
   ✓ Team (English LTR) > lists team members with the accountability on each assignment, sortable and filterable  543ms
   ✓ Team (English LTR) > a Transformation Lead assigns a Workstream Lead: Idempotency-Key, reason, accountability preview  594ms
   ✓ Team (English LTR) > shows a 403 from the server in words; nothing is assigned  481ms
   ✓ Team assign dialog: accountability preview follows the selected role (F-DG2-430) > en: WL on open, then KDS, TD, none and WL again, in StrictMode with no React warning  676ms
   ✓ Team assign dialog: accountability preview follows the selected role (F-DG2-430) > ar: WL on open, then KDS, TD, none and WL again, in StrictMode with no React warning  604ms
   ✓ Team: the success notice follows a language switch, 'en' → 'ar' > the notice is shown in the language now on screen, not the one it was created in  782ms
   ✓ Team: the success notice follows a language switch, 'ar' → 'en' > the notice is shown in the language now on screen, not the one it was created in  918ms
 ✓ |unit-web| src/pages/transformations/transformations.test.tsx (21 tests) 5783ms
   ✓ after create (F-DG1-004) > shows the created record when the server lets the creator read it  957ms
   ✓ after create (F-DG1-004) > explains, in English, that the draft was created but cannot be opened (server 404), instead of 'Not found'  319ms
   ✓ after create (F-DG1-004) > explains the same in Arabic (RTL), using the glossary term for Transformation  347ms
   ✓ derived creator assignment on the audit trail (F-DG1-008) > an action the catalogue does not know stays readable and is explicitly marked (en and ar)  308ms
   ✓ effective permissions refresh after create (F-DG1-210) > English: Edit, Archive and the audit trail appear after create, without a reload  801ms
   ✓ effective permissions refresh after create (F-DG1-210) > Arabic (RTL): the same controls and the audit trail appear after create, without a reload  610ms
   ✓ effective permissions refresh after create (F-DG1-210) > does not over-grant: if the refreshed server answer adds nothing, Archive and the audit trail stay hidden  518ms
 ✓ |unit-web| src/pages/gates/g1-agreements.test.tsx (10 tests) 5255ms
   ✓ G1 agreements step (en) > approving G1 needs the three labelled confirmations; then sends agreements with all three true  1273ms
   ✓ G1 agreements step (en) > a non-approve outcome on G1 sends no agreements (even after ticking them)  567ms
   ✓ G1 agreements step (en) > approving another gate (G2) shows no confirmations and sends no agreements  470ms
   ✓ G1 agreements step (en) > the server's 422 gate.g1_agreements_required is the one form-level alert, with the missing confirmations  513ms
   ✓ G1 agreements step (en) > the server's 422 gate.agreements_not_applicable is translated as the one form-level alert  374ms
   ✓ G1 agreements step (ar) > approving G1 needs the three labelled confirmations; then sends agreements with all three true  470ms
   ✓ G1 agreements step (ar) > a non-approve outcome on G1 sends no agreements (even after ticking them)  550ms
   ✓ G1 agreements step (ar) > approving another gate (G2) shows no confirmations and sends no agreements  366ms
   ✓ G1 agreements step (ar) > the server's 422 gate.g1_agreements_required is the one form-level alert, with the missing confirmations  389ms
 ✓ |unit-web| src/app/app.test.tsx (17 tests) 3692ms
   ✓ bilingual shell > switches to English LTR and persists the preference with If-Match  457ms
   ✓ bilingual shell > shows all fourteen areas to an administrator  442ms
   ✓ bilingual shell > hides Administration from a Workstream Lead, and the admin route shows no-permission  346ms
   ✓ bilingual shell > a partial area (Governance) leads into the Gates tab of each transformation; its portfolio view stays planned  364ms
   ✓ transformations > lists transformations with a sortable code column and removable filter chips  593ms
   ✓ transformations > detail shows the workspace header with Unknown for data from later stages  307ms
   ✓ transformations > edit: a 409 writes nothing, shows compare, and re-applies on the current version  446ms
 ✓ |unit-web| src/components/LanguageSwitch.test.tsx (10 tests) 3904ms
   ✓ a refused language save, 'en' → other ('403 csrf') > keeps ar on screen and says, in ar, that it was not saved  1087ms
   ✓ a refused language save, 'ar' → other ('403 csrf') > keeps en on screen and says, in en, that it was not saved  646ms
   ✓ a refused language save, 'en' → other ('403 forbidden') > keeps ar on screen and says, in ar, that it was not saved  534ms
   ✓ a refused language save, 'ar' → other ('503') > keeps en on screen and says, in en, that it was not saved  538ms
   ✓ the live region and the persisted preference > a successful save never flips back to the previous language while the PUT is in flight  349ms
 ✓ |unit-web| src/app/p3-seams.test.tsx (34 tests) 5370ms
   ✓ P3 routes > stubs (en) > transformations/:id/portfolio: bilingual title and an honest 'being built' state, no data, no write control  522ms
   ✓ P3 routes > stubs (en) > the workspace tabs include the P3 tabs, labelled from their own namespaces  472ms
   ✓ P3 navigation areas > en /benefits-finance leads into the Benefits and Finance tab of each transformation  321ms
   ✓ P3 navigation areas > ar /benefits-finance leads into the المنافع والمالية tab of each transformation  413ms
 ✓ |unit-web| src/pages/transformations/modeGuidance.test.tsx (5 tests) 2267ms
   ✓ New transformation: mode guidance (English LTR) > shows When to use and How for the selected mode and switches with the mode  658ms
   ✓ New transformation: mode guidance (English LTR) > Modular requires an entry phase before anything is sent  914ms
   ✓ New transformation: mode guidance (English LTR) > a server validation error on the entry phase is shown on that field  553ms
 ✓ |unit-web| src/components/States.test.tsx (15 tests) 835ms
 ✓ |unit-web| src/components/RecordForm.alerts.test.tsx (16 tests) 2846ms
   ✓ record form: one alert per distinct form error (en) > dialog > a 400 whose only field error has pointer "" says its message once, in one live region  625ms
   ✓ record form: one alert per distinct form error (ar) > inline-sections > a field-pointer error stays on its field; the generic banner is said once  402ms
 ✓ |unit-web| src/i18n/i18n.test.ts (11 tests) 48ms
 ✓ |unit-web| src/lib/lib.test.ts (24 tests) 60ms
 ✓ |unit-web| src/lib/auditChanges.test.ts (18 tests) 112ms
 ✓ |unit-web| src/test/react-warning-guard.test.tsx (4 tests) 32ms
 ✓ |unit-web| src/i18n/glossary.test.ts (8 tests) 15ms
 ✓ |unit-web| src/test/harness-config.test.ts (2 tests) 11ms
 ✓ |unit-web| src/styles/styles.test.ts (6 tests) 17ms
 ✓ |unit-node| apps/api/src/modules/kpi/kpi.test.ts (25 tests) 1440ms
   ✓ kpi module (P2) > its declared boundary holds, and a planted bypass or undeclared dependency would be caught  1286ms
 ✓ |unit-node| packages/shared/src/formula/fuzz.test.ts (5 tests) 7344ms
   ✓ fuzz: no uncaught exception, no code execution > 10 000 random byte strings (0–255, up to 80 bytes)  2350ms
   ✓ fuzz: no uncaught exception, no code execution > 10 000 random UTF-16 strings including astral code points and lone surrogates  1764ms
   ✓ fuzz: no uncaught exception, no code execution > 20 000 random strings over the grammar alphabet reach parser, type checker and evaluator  3225ms
 ✓ |unit-node| apps/api/src/architecture.test.ts (136 tests) 6709ms
   ✓ API module boundaries (ADR-0002) > every import respects dependsOn, public surfaces and allowed packages  5030ms
   ✓ package dependency direction (ADR-0002 rule 5) > apps/web never imports @mth/db or @mth/config (browser bundle, no secrets)  796ms
 ✓ |unit-node| apps/api/src/modules/evidence/evidence.test.ts (13 tests) 477ms
   ✓ evidence module (P2) > its declared boundary holds  398ms
 ✓ |unit-node| apps/api/src/modules/workflows/workflows.test.ts (14 tests) 936ms
   ✓ workflows module (P2) > its declared boundary holds, and an undeclared dependency would be caught  868ms
 ✓ |unit-node| packages/shared/src/scoring.test.ts (36 tests) 500ms
   ✓ property: all 5^5 integer score combinations under v1 equal an independent BigInt rational computation > stored value, 2-digit display and 0–100 view all match for 3125 combinations  435ms
 ✓ |unit-node| apps/api/src/server.test.ts (6 tests) 460ms
 ✓ |unit-node| packages/shared/src/schemas/schemas.test.ts (69 tests) 223ms
 ✓ |unit-node| packages/shared/src/value.test.ts (29 tests) 199ms
 ✓ |unit-node| apps/api/src/modules/platform/in-flight.test.ts (4 tests) 273ms
 ✓ |unit-node| apps/api/src/modules/methodology/methodology.test.ts (4 tests) 273ms
 ✓ |unit-node| packages/shared/src/formula/formula.test.ts (136 tests) 97ms
 ✓ |unit-node| apps/api/src/modules/platform/media-types.test.ts (57 tests) 166ms
 ✓ |unit-node| apps/api/src/modules/platform/platform.test.ts (19 tests) 182ms
 ✓ |unit-node| apps/api/src/modules/reporting/reporting.test.ts (4 tests) 134ms
 ✓ |unit-node| apps/api/src/request-encoding.test.ts (11 tests) 130ms
(node:2287) [FSTDEP022] FastifyWarning: The router options for constraints property access is deprecated. Please use "options.routerOptions" instead for accessing router options. The router options will be removed in `fastify@6`.
(Use `node --trace-warnings ...` to show where the warning was created)
 ✓ |unit-node| apps/api/src/modules/platform/framework-errors.test.ts (6 tests) 34ms
 ✓ |unit-node| apps/api/src/modules/admin/branding.test.ts (4 tests) 122ms
 ✓ |unit-node| apps/api/src/modules/platform/connection-hygiene.test.ts (6 tests) 79ms
 ✓ |unit-node| packages/config/src/load.test.ts (17 tests) 89ms
 ✓ |unit-node| packages/design-tokens/src/tokens.test.ts (15 tests) 70ms
 ✓ |unit-node| apps/api/src/modules/kpi/totals.test.ts (20 tests) 11ms
 ✓ |unit-node| apps/api/src/modules/platform/incomplete-body.test.ts (10 tests) 156ms
 ✓ |unit-node| apps/api/src/modules/kpi/rules.test.ts (30 tests) 60ms
 ✓ |unit-node| apps/api/src/modules/platform/health.test.ts (2 tests) 35ms
 ✓ |unit-node| packages/db/src/seed.test.ts (10 tests) 67ms
 ✓ |unit-node| apps/api/src/modules/kpi/p3-gate-facts.test.ts (9 tests) 13ms
 ✓ |unit-node| apps/api/src/modules/platform/db-errors.test.ts (7 tests) 11ms
 ✓ |unit-node| apps/api/src/modules/identity/oidc-claims.test.ts (5 tests) 10ms
 ✓ |unit-node| apps/api/src/modules/kpi/formulas.test.ts (10 tests) 23ms
 ✓ |unit-node| apps/api/src/modules/access/rules.test.ts (12 tests) 8ms
 ✓ |unit-node| apps/api/src/modules/transformations/good-outcome.test.ts (7 tests) 17ms
 ✓ |unit-node| apps/api/src/modules/platform/advisory-locks.test.ts (3 tests) 17ms
 ✓ |unit-node| apps/api/src/modules/portfolio/schedule.test.ts (14 tests) 22ms
 ✓ |unit-node| apps/api/src/modules/portfolio/sequencing.test.ts (9 tests) 29ms
 ✓ |unit-node| apps/api/src/modules/platform/request-encoding.test.ts (7 tests) 28ms
 ✓ |unit-node| apps/api/src/modules/portfolio/capacity.test.ts (4 tests) 14ms
 ✓ |unit-node| apps/api/src/modules/transformations/thesis.test.ts (4 tests) 7ms
 ✓ |unit-node| apps/api/src/modules/transformations/exclusions.test.ts (19 tests) 5ms
 ✓ |unit-node| apps/api/src/modules/workflows/g4.test.ts (5 tests) 16ms
 ✓ |unit-node| apps/api/src/modules/transformations/transitions.test.ts (2 tests) 8ms
 ✓ |unit-node| apps/api/src/modules/workflows/t08-cycle-problem.test.ts (2 tests) 3ms

 Test Files  65 passed (65)
      Tests  1244 passed (1244)
   Start at  01:37:17
   Duration  93.33s (transform 5.48s, setup 4.26s, collect 50.82s, tests 175.54s, environment 18.86s, prepare 7.17s)

