
> mobily-transformation-hub@0.1.0 test /home/user/wt/dg4-kbe-d2
> vitest run --project unit-node --project unit-web && vitest run --project unit-formula-nocodegen


 RUN  v3.2.4 /home/user/wt/dg4-kbe-d2

 ✓ |unit-node| apps/api/src/modules/platform/advisory-locks.test.ts (3 tests) 53ms
 ✓ |unit-node| apps/api/src/modules/workflows/workflows.test.ts (14 tests) 2647ms
   ✓ workflows module (P2) > its declared boundary holds, and an undeclared dependency would be caught  2511ms
 ✓ |unit-node| apps/api/src/architecture.test.ts (137 tests) 13142ms
   ✓ API module boundaries (ADR-0002) > every import respects dependsOn, public surfaces and allowed packages  8076ms
   ✓ package dependency direction (ADR-0002 rule 5) > packages/db imports only @mth/config and @mth/shared  335ms
   ✓ package dependency direction (ADR-0002 rule 5) > packages/shared imports no workspace package  1224ms
   ✓ package dependency direction (ADR-0002 rule 5) > apps/web never imports @mth/db or @mth/config (browser bundle, no secrets)  2478ms
 ✓ |unit-node| packages/shared/src/formula/fuzz.test.ts (111 tests) 16065ms
   ✓ fuzz: no uncaught exception, no code execution > 10 000 random byte strings (0–255, up to 80 bytes)  3224ms
   ✓ fuzz: no uncaught exception, no code execution > 10 000 random UTF-16 strings including astral code points and lone surrogates  2847ms
   ✓ fuzz: no uncaught exception, no code execution > 20 000 random strings over the grammar alphabet reach parser, type checker and evaluator  6854ms
   ✓ source scan: no dynamic code in packages/shared/src/formula (ADR-0024 §6) > every file of the engine's import closure gets the engine-source lint rules (eslint.config.js)  2268ms
   ✓ source scan: no dynamic code in packages/shared/src/formula (ADR-0024 §6) > ESLint refuses the round-5 handler forms (G1, G2, A1, A2), F1 and every lintable probe-table row in an engine source  698ms
 ✓ |unit-node| packages/shared/src/kpi/property.test.ts (11 tests) 2521ms
   ✓ RAG > relative mode is scale-invariant: scaling actual and expected by k > 0 keeps the RAG  468ms
   ✓ changes > pp = (x₁ − x₀) × 100 exactly, and relative × |x₀| = x₁ − x₀ (to precision 80)  345ms
   ✓ trajectory > linear expected values lie between the neighbouring points; step values are point values  373ms
   ✓ storage rounding > rounds once half-up: |stored − exact| ≤ 0.0000005 and the record is honest  313ms
 ✓ |unit-node| apps/api/src/modules/kpi/kpi.test.ts (37 tests) 2143ms
   ✓ kpi module (P2) > its declared boundary holds, and a planted bypass or undeclared dependency would be caught  1960ms
 ✓ |unit-node| packages/shared/src/scoring.test.ts (36 tests) 644ms
   ✓ property: all 5^5 integer score combinations under v1 equal an independent BigInt rational computation > stored value, 2-digit display and 0–100 view all match for 3125 combinations  580ms
 ✓ |unit-node| apps/api/src/modules/evidence/evidence.test.ts (13 tests) 681ms
   ✓ evidence module (P2) > its declared boundary holds  590ms
 ✓ |unit-node| apps/api/src/modules/platform/in-flight.test.ts (4 tests) 340ms
 ✓ |unit-node| apps/api/src/modules/methodology/methodology.test.ts (4 tests) 601ms
   ✓ methodology module (P2) > its declared boundary holds, and an undeclared dependency would be caught  566ms
 ✓ |unit-node| apps/api/src/server.test.ts (6 tests) 1325ms
   ✓ route registration > declares access on every /api route and on the health endpoints  675ms
   ✓ route registration > registers dev login only in AUTH_MODE=dev; production configuration refuses dev mode entirely  334ms
 ✓ |unit-node| packages/shared/src/value.test.ts (29 tests) 218ms
 ✓ |unit-node| packages/shared/src/schemas/schemas.test.ts (69 tests) 188ms
 ✓ |unit-node| apps/api/src/modules/reporting/reporting.test.ts (4 tests) 268ms
 ✓ |unit-node| packages/config/src/load.test.ts (17 tests) 296ms
 ✓ |unit-node| apps/api/src/modules/platform/media-types.test.ts (57 tests) 272ms
 ✓ |unit-node| apps/api/src/modules/platform/platform.test.ts (19 tests) 248ms
 ✓ |unit-node| apps/api/src/modules/platform/connection-hygiene.test.ts (6 tests) 130ms
 ✓ |unit-node| apps/api/src/modules/admin/branding.test.ts (4 tests) 146ms
 ✓ |unit-node| apps/api/src/request-encoding.test.ts (11 tests) 133ms
 ✓ |unit-node| apps/api/src/modules/kpi/formulas.test.ts (10 tests) 39ms
 ✓ |unit-node| apps/api/src/modules/platform/incomplete-body.test.ts (10 tests) 91ms
 ✓ |unit-node| packages/shared/src/formula/formula.test.ts (140 tests) 90ms
 ✓ |unit-node| packages/shared/src/time/working-days.test.ts (19 tests) 78ms
 ✓ |unit-node| packages/design-tokens/src/tokens.test.ts (15 tests) 56ms
 ✓ |unit-node| packages/db/src/seed.test.ts (25 tests) 79ms
 ✓ |unit-node| apps/api/src/modules/sustainment/sustainment.test.ts (2 tests) 16ms
 ✓ |unit-node| apps/api/src/modules/platform/health.test.ts (2 tests) 33ms
 ✓ |unit-node| apps/api/src/modules/portfolio/capacity.test.ts (4 tests) 13ms
 ✓ |unit-node| apps/api/src/modules/benefits/benefits.test.ts (2 tests) 30ms
 ✓ |unit-node| apps/api/src/modules/kpi/rules.test.ts (30 tests) 43ms
 ✓ |unit-node| packages/shared/src/kpi/status.test.ts (25 tests) 15ms
 ✓ |unit-node| packages/shared/src/kpi/change.test.ts (22 tests) 28ms
(node:679) [FSTDEP022] FastifyWarning: The router options for constraints property access is deprecated. Please use "options.routerOptions" instead for accessing router options. The router options will be removed in `fastify@6`.
(Use `node --trace-warnings ...` to show where the warning was created)
 ✓ |unit-node| apps/api/src/modules/platform/framework-errors.test.ts (6 tests) 80ms
 ✓ |unit-node| packages/shared/src/kpi/a05.test.ts (17 tests) 51ms
 ✓ |unit-node| packages/shared/src/kpi/purity.test.ts (14 tests) 43ms
 ✓ |unit-node| apps/api/src/modules/benefits/register-rules.test.ts (45 tests) 60ms
 ✓ |unit-node| packages/shared/src/kpi/rag.test.ts (38 tests) 19ms
 ✓ |unit-node| apps/api/src/modules/kpi/totals.test.ts (20 tests) 25ms
 ✓ |unit-node| apps/api/src/modules/governance/governance.test.ts (2 tests) 12ms
 ✓ |unit-node| packages/shared/src/kpi/trajectory.test.ts (14 tests) 19ms
 ✓ |unit-node| packages/shared/src/kpi/measures.test.ts (30 tests) 16ms
 ✓ |unit-node| apps/api/src/modules/tasks/tasks.test.ts (5 tests) 24ms
 ✓ |unit-node| apps/api/src/modules/benefits/d2-rules.test.ts (15 tests) 42ms
 ✓ |unit-node| apps/api/src/modules/raid/raid.test.ts (2 tests) 18ms
 ✓ |unit-node| packages/shared/src/schemas/roadmap.test.ts (6 tests) 23ms
 ✓ |unit-node| apps/api/src/modules/access/rules.test.ts (12 tests) 23ms
 ✓ |unit-node| apps/api/src/modules/kpi/p3-gate-facts.test.ts (9 tests) 35ms
 ✓ |unit-node| packages/shared/src/kpi/types.test.ts (40 tests) 47ms
 ✓ |unit-node| packages/shared/src/kpi/formula-binding.test.ts (26 tests) 45ms
 ✓ |unit-node| apps/api/src/modules/platform/request-encoding.test.ts (7 tests) 13ms
 ✓ |unit-node| packages/shared/src/kpi/periods.test.ts (26 tests) 27ms
 ✓ |unit-node| apps/api/src/modules/portfolio/schedule.test.ts (14 tests) 9ms
 ✓ |unit-node| apps/api/src/modules/adoption/adoption.test.ts (2 tests) 21ms
 ✓ |unit-node| apps/api/src/modules/transformations/thesis.test.ts (4 tests) 26ms
 ✓ |unit-node| packages/shared/src/kpi/aggregate.test.ts (20 tests) 16ms
 ✓ |unit-node| apps/api/src/modules/transformations/good-outcome.test.ts (7 tests) 20ms
 ✓ |unit-node| apps/api/src/modules/portfolio/sequencing.test.ts (9 tests) 18ms
 ✓ |unit-node| apps/api/src/modules/platform/db-errors.test.ts (7 tests) 12ms
 ✓ |unit-node| apps/api/src/modules/workflows/g4.test.ts (5 tests) 9ms
 ✓ |unit-node| apps/api/src/modules/platform/db-errors-p4.test.ts (5 tests) 9ms
 ✓ |unit-node| apps/api/src/modules/identity/oidc-claims.test.ts (5 tests) 17ms
 ✓ |unit-node| apps/api/src/modules/transformations/exclusions.test.ts (19 tests) 5ms
 ✓ |unit-node| apps/api/src/modules/transformations/transitions.test.ts (2 tests) 4ms
 ✓ |unit-node| apps/api/src/modules/workflows/t08-cycle-problem.test.ts (2 tests) 4ms
 ✓ |unit-web| src/pages/render-time-language.test.tsx (28 tests) 12578ms
   ✓ sign-in (dev form), 'en' → 'ar' > an invalid user name: the inline message follows the switch  450ms
   ✓ journey step editor, 'en' → 'ar' > a field error on a step follows the switch  1445ms
   ✓ journey step editor, 'en' → 'ar' > the form-level "Step N:" error follows the switch (prefix and message)  1180ms
   ✓ journey step editor, 'ar' → 'en' > a field error on a step follows the switch  747ms
   ✓ journey step editor, 'ar' → 'en' > the form-level "Step N:" error follows the switch (prefix and message)  792ms
   ✓ row-action note and reason dialog, 'en' → 'ar' > the Finance validation note's 'required' follows the switch  820ms
   ✓ row-action note and reason dialog, 'en' → 'ar' > the Finance validation choice's 'required' follows the switch  533ms
   ✓ row-action note and reason dialog, 'en' → 'ar' > the archive reason's 'too short' follows the switch  501ms
   ✓ row-action note and reason dialog, 'ar' → 'en' > the Finance validation note's 'required' follows the switch  580ms
   ✓ row-action note and reason dialog, 'ar' → 'en' > the Finance validation choice's 'required' follows the switch  525ms
   ✓ row-action note and reason dialog, 'ar' → 'en' > the archive reason's 'too short' follows the switch  462ms
   ✓ gate dialogs, 'en' → 'ar' > the submission note's field error follows the switch  326ms
   ✓ gate dialogs, 'en' → 'ar' > the decision rationale's field error follows the switch  404ms
   ✓ North Star statement, 'en' → 'ar' > the statement's field error follows the switch  378ms
   ✓ North Star statement, 'ar' → 'en' > the statement's field error follows the switch  306ms
   ✓ evidence dialogs, 'en' → 'ar' > upload without a file: 'required' follows the switch  673ms
   ✓ evidence dialogs, 'en' → 'ar' > a link without a record type or record: both 'required' messages follow the switch  361ms
   ✓ evidence dialogs, 'ar' → 'en' > upload without a file: 'required' follows the switch  426ms
   ✓ evidence dialogs, 'ar' → 'en' > a link without a record type or record: both 'required' messages follow the switch  518ms
 ✓ |unit-web| src/pages/p2.test.tsx (56 tests) 20456ms
   ✓ Diagnose > shows the six T01 dimensions with Unknown for missing values, and value pools that are never 0  1138ms
   ✓ Diagnose > shows the totals as Unknown when no pool is quantified  425ms
   ✓ Diagnose > renders the six workstreams with their key questions  659ms
   ✓ Diagnose > edits a T01 row with only the changed fields and If-Match  671ms
   ✓ Diagnose > a 409 on save writes nothing, compares, and re-applies on the current version  821ms
   ✓ Diagnose > a 400 validation.blank shows a localized message on its field ('en')  877ms
   ✓ Diagnose > a 400 validation.blank shows a localized message on its field ('ar')  812ms
   ✓ Diagnose > an invisible-only value is blocked client-side with validation.blank ('en')  773ms
   ✓ Diagnose > an invisible-only value is blocked client-side with validation.blank ('ar')  676ms
   ✓ Diagnose > a whitespace-only T01 value is an inline blank error and sends nothing ('en')  685ms
   ✓ Diagnose > a whitespace-only T01 value is an inline blank error and sends nothing ('ar')  752ms
   ✓ Diagnose > T01: an emptied field is sent as an explicit null; visible text is sent verbatim  651ms
   ✓ Define > shows the good outcome test per outcome with pass / fail / unknown and localized reasons  315ms
   ✓ Define > requires a target date on a T02 row before sending anything  373ms
   ✓ Define > sets the North Star with one sentence and no If-Match the first time  379ms
   ✓ Define: KPI activation (F-DG2-201) > offers Activate on a draft KPI, states the unmet precondition on 422, then activates with If-Match  469ms
   ✓ Define: KPI activation (F-DG2-201) > Arabic: the Activate action and the 422 reason are in Arabic  721ms
   ✓ Define: KPI activation (F-DG2-201) > an active KPI shows Active and offers no Activate  304ms
   ✓ Charter > scope pre-check: an empty Out of scope reads as failing (EN and AR)  469ms
   ✓ Charter > edit: emptying a filled field sends null; visible text is verbatim (en)  367ms
   ✓ Charter > edit: emptying a filled field sends null; visible text is verbatim (ar)  394ms
   ✓ Design > shows the ten canvas boxes and the per-dimension view  380ms
   ✓ Design > converts an unresolved workshop item into a design decision with If-Match  583ms
   ✓ Gates (business approval) > the approver's decision: rationale required; 403 and 409 problems in words  549ms
   ✓ Gates (business approval) > gate detail heading: the verbatim B0023 name once (EN and AR)  489ms
   ✓ Evidence > uploads a revision as octet-stream with a percent-encoded file name and If-Match  526ms
   ✓ Evidence > never offers review to the creator; a filename reference can only be rejected  393ms
 ✓ |unit-web| src/pages/p2-blank-forms.test.tsx (52 tests) 21789ms
   ✓ gate submission note (en) > a whitespace-only note is refused inline and nothing is sent  765ms
   ✓ gate submission note (en) > a invisible-only note is refused inline and nothing is sent  496ms
   ✓ gate submission note (en) > visible text is sent verbatim; an empty note is omitted  764ms
   ✓ gate submission note (ar) > a whitespace-only note is refused inline and nothing is sent  342ms
   ✓ gate submission note (ar) > a invisible-only note is refused inline and nothing is sent  312ms
   ✓ gate submission note (ar) > visible text is sent verbatim; an empty note is omitted  491ms
   ✓ gate decision rationale and comments (en) > a whitespace-only rationale is refused inline and nothing is sent  431ms
   ✓ gate decision rationale and comments (en) > a invisible-only rationale is refused inline and nothing is sent  494ms
   ✓ gate decision rationale and comments (en) > a invisible (long enough for min 3)-only rationale is refused inline and nothing is sent  436ms
   ✓ gate decision rationale and comments (en) > a whitespace-only comment is refused inline (focus on it) and nothing is sent  412ms
   ✓ gate decision rationale and comments (en) > a invisible-only comment is refused inline (focus on it) and nothing is sent  404ms
   ✓ gate decision rationale and comments (en) > visible text is sent verbatim; empty comments are omitted; an empty rationale stays 'too short'  534ms
   ✓ gate decision rationale and comments (en) > a server 400 validation.blank on /rationale lands on the field  415ms
   ✓ gate decision rationale and comments (ar) > a invisible-only rationale is refused inline and nothing is sent  469ms
   ✓ gate decision rationale and comments (ar) > a invisible (long enough for min 3)-only rationale is refused inline and nothing is sent  435ms
   ✓ gate decision rationale and comments (ar) > a whitespace-only comment is refused inline (focus on it) and nothing is sent  382ms
   ✓ gate decision rationale and comments (ar) > a invisible-only comment is refused inline (focus on it) and nothing is sent  411ms
   ✓ gate decision rationale and comments (ar) > visible text is sent verbatim; empty comments are omitted; an empty rationale stays 'too short'  409ms
   ✓ journey step editor (en) > a whitespace-only actor is refused inline (not turned into null) and nothing is sent  592ms
   ✓ journey step editor (en) > a invisible-only actor is refused inline (not turned into null) and nothing is sent  655ms
   ✓ journey step editor (en) > several blank fields: each gets the message and focus goes to the first (name)  442ms
   ✓ journey step editor (en) > visible text is sent verbatim; emptied optional text is null; an empty name is required  589ms
   ✓ journey step editor (ar) > a whitespace-only actor is refused inline (not turned into null) and nothing is sent  666ms
   ✓ journey step editor (ar) > a invisible-only actor is refused inline (not turned into null) and nothing is sent  544ms
   ✓ journey step editor (ar) > several blank fields: each gets the message and focus goes to the first (name)  543ms
   ✓ journey step editor (ar) > visible text is sent verbatim; emptied optional text is null; an empty name is required  582ms
   ✓ Finance validation note and archive reason (en) > note: a whitespace-only note is refused inline and nothing is sent  424ms
   ✓ Finance validation note and archive reason (en) > note: a invisible-only note is refused inline and nothing is sent  327ms
   ✓ Finance validation note and archive reason (en) > note: empty is 'required'; visible text is sent verbatim  369ms
   ✓ Finance validation note and archive reason (en) > reason: a whitespace-only reason is refused inline and nothing is archived  336ms
   ✓ Finance validation note and archive reason (en) > reason: a invisible-only reason is refused inline and nothing is archived  318ms
   ✓ Finance validation note and archive reason (en) > reason: a server 400 validation.blank on /reason is the field message, not a generic error  355ms
   ✓ Finance validation note and archive reason (en) > reason: empty keeps 'too short'; visible text is sent verbatim  357ms
   ✓ Finance validation note and archive reason (ar) > note: a whitespace-only note is refused inline and nothing is sent  312ms
   ✓ Finance validation note and archive reason (ar) > note: a invisible-only note is refused inline and nothing is sent  362ms
   ✓ Finance validation note and archive reason (ar) > note: empty is 'required'; visible text is sent verbatim  508ms
   ✓ Finance validation note and archive reason (ar) > reason: a whitespace-only reason is refused inline and nothing is archived  399ms
   ✓ Finance validation note and archive reason (ar) > reason: a invisible-only reason is refused inline and nothing is archived  502ms
   ✓ Finance validation note and archive reason (ar) > reason: a server 400 validation.blank on /reason is the field message, not a generic error  786ms
   ✓ Finance validation note and archive reason (ar) > reason: a reason with U+0000 is refused inline with the localized message and nothing is archived  377ms
   ✓ Finance validation note and archive reason (ar) > reason: a server 400 validation.invalid_character on /reason is the localized field message  383ms
   ✓ Finance validation note and archive reason (ar) > reason: empty keeps 'too short'; visible text is sent verbatim  340ms
 ✓ |unit-web| src/pages/portfolio/portfolio.test.tsx (32 tests) 10189ms
   ✓ Portfolio (en) > lists code, name, wave, owners and three separate columns: proposed rank, selection and funding  537ms
   ✓ Portfolio (en) > creates a draft at any time: POST /initiatives with the transformation and an Idempotency-Key  409ms
   ✓ Portfolio (ar) > creates a draft at any time: POST /initiatives with the transformation and an Idempotency-Key  433ms
   ✓ Initiative Card (en) > shows all 14 T05 fields in the source order and the 3-7 deliverables warning (a warning, not a block)  626ms
   ✓ Initiative Card (en) > submit refused: 'Case for change not yet approved (G1)…' is the dialog's one translated alert  682ms
   ✓ Initiative Card (en) > submit refused: 'Outcome before activity…' (validation at /outcomeContributions) is translated  453ms
   ✓ Initiative Card (en) > launch refused: 'North Star, outcomes and target state not yet approved', then 'Selected - unfunded…'  504ms
   ✓ Initiative Card (en) > select is a labelled business approval: rationale required, If-Match, no 'on behalf of' control  329ms
   ✓ Initiative Card (ar) > submit refused: 'Case for change not yet approved (G1)…' is the dialog's one translated alert  318ms
   ✓ Initiative Card (ar) > submit refused: 'Outcome before activity…' (validation at /outcomeContributions) is translated  310ms
   ✓ Initiative Card (ar) > launch refused: 'North Star, outcomes and target state not yet approved', then 'Selected - unfunded…'  436ms
   ✓ Initiative Card (ar) > select is a labelled business approval: rationale required, If-Match, no 'on behalf of' control  574ms
   ✓ Initiative Card (ar) > a 409 shows the conflict banner and reloads  352ms
   ✓ Initiative Card (ar) > a gap link to another TOM record shows 'A project portfolio is not a Target Operating Model…'  332ms
   ✓ Initiative Card (ar) > an outcome contribution needs an outcome; the KPI is optional and labelled so  345ms
 ✓ |unit-web| src/pages/prioritization/prioritization.test.tsx (20 tests) 8549ms
   ✓ prioritization (en) > ranked table: an incomplete score is 'incomplete' (never a number), 3.30 complete; 0–100 shows 57.5 with its label  1260ms
   ✓ prioritization (en) > scorecard: 6 is refused inline and nothing is sent; 4 is POSTed as the integer; the weighted score is read-only 'incomplete'  975ms
   ✓ prioritization (en) > weight sets: the live total refuses 95% and 105%; 100% is accepted and POSTed as decimal strings  625ms
   ✓ prioritization (en) > weight sets: the proposer is never offered approval; another approver's approval is a business approval with If-Match; 403 SoD is translated  651ms
   ✓ prioritization (en) > weight set approval: a 409 shows the conflict banner and reloads  505ms
   ✓ prioritization (en) > overrides: a reason is required (missing and invisible-only are refused, nothing sent); with a reason it is POSTed  413ms
   ✓ prioritization (ar) > ranked table: an incomplete score is 'incomplete' (never a number), 3.30 complete; 0–100 shows 57.5 with its label  395ms
   ✓ prioritization (ar) > scorecard: 6 is refused inline and nothing is sent; 4 is POSTed as the integer; the weighted score is read-only 'incomplete'  537ms
   ✓ prioritization (ar) > weight sets: the live total refuses 95% and 105%; 100% is accepted and POSTed as decimal strings  367ms
   ✓ prioritization (ar) > weight sets: the proposer is never offered approval; another approver's approval is a business approval with If-Match; 403 SoD is translated  647ms
   ✓ prioritization (ar) > weight set approval: a 409 shows the conflict banner and reloads  398ms
   ✓ prioritization (ar) > overrides: a reason is required (missing and invisible-only are refused, nothing sent); with a reason it is POSTed  364ms
   ✓ prioritization (ar) > the read-only auditor sees the data and no enabled write control  404ms
 ✓ |unit-web| src/auth/session-bound.test.tsx (34 tests) 9891ms
   ✓ F-DG2-530/580 no effect of A's action after a further await once the tab is B's (en) > Y1: a create whose post-create GET /me returns B: B is not navigated and never sees A's code or name  947ms
   ✓ F-DG2-530/580 no effect of A's action after a further await once the tab is B's (en) > Y1c: the same create under one identity still lands on the created record  424ms
   ✓ F-DG2-530/580 no effect of A's action after a further await once the tab is B's (en) > Y1c (not visible to the creator): the creator still gets 'created, but you cannot open it' with the 201's code  305ms
   ✓ F-DG2-530/580 no effect of A's action after a further await once the tab is B's (en) > an edit whose identity changes between its awaits: B is not navigated to A's record and keeps nothing of A's  488ms
   ✓ F-DG2-530/580 no effect of A's action after a further await once the tab is B's (en) > an organization create whose identity changes between its awaits: B is not navigated to A's new organization  575ms
   ✓ F-DG2-530/580 no effect of A's action after a further await once the tab is B's (en) > a user create whose identity changes between its awaits: B is not navigated to A's new user  631ms
   ✓ F-DG2-530/580 no effect of A's action after a further await once the tab is B's (en) > sanity: the organization and user creates under one identity still navigate to the new record  342ms
   ✓ F-DG2-530/580 no effect of A's action after a further await once the tab is B's (ar) > Y1: a create whose post-create GET /me returns B: B is not navigated and never sees A's code or name  750ms
   ✓ F-DG2-530/580 no effect of A's action after a further await once the tab is B's (ar) > Y1c: the same create under one identity still lands on the created record  313ms
   ✓ F-DG2-530/580 no effect of A's action after a further await once the tab is B's (ar) > an edit whose identity changes between its awaits: B is not navigated to A's record and keeps nothing of A's  447ms
   ✓ F-DG2-530/580 no effect of A's action after a further await once the tab is B's (ar) > an organization create whose identity changes between its awaits: B is not navigated to A's new organization  438ms
   ✓ F-DG2-530/580 no effect of A's action after a further await once the tab is B's (ar) > a user create whose identity changes between its awaits: B is not navigated to A's new user  495ms
   ✓ the convention: no raw navigate or cache write in app code (T-DG2-FE15) > the ESLint rule refuses a raw navigate, a raw cache write and a useNavigate import in a page  1584ms
 ✓ |unit-web| src/auth/session-generation.test.tsx (26 tests) 10478ms
   ✓ F-DG2-530 a write in flight across an identity change (en) > X3: A's PATCH answered after B's /me is not written into B's cache, not shown, and does not navigate B  847ms
   ✓ F-DG2-530 a write in flight across an identity change (en) > X3b: the same after a session END here and B's sign-in: A's late answer never lands  583ms
   ✓ F-DG2-530 a write in flight across an identity change (en) > an archive in flight across an identity change: A's archived record never lands in B's cache  774ms
   ✓ F-DG2-530 a write in flight across an identity change (en) > an organization save in flight across an identity change: A's change is never stored under B  762ms
   ✓ F-DG2-530 a write in flight across an identity change (en) > a user save in flight across an identity change: A's change is never stored under B  623ms
   ✓ F-DG2-530 a write in flight across an identity change (en) > a same-person new session: the in-flight save is dropped silently, the draft is kept and usable  497ms
   ✓ F-DG2-530 a write in flight across an identity change (en) > a language save retried after a 409 is never written for the identity that replaced A  371ms
   ✓ F-DG2-530 X6: refocus and reconnect revalidate GET /me first (en) > after B signs in elsewhere, a refocus within /me's staleTime shows B's header with B's data, never A's  385ms
   ✓ F-DG2-530 X6: refocus and reconnect revalidate GET /me first (en) > the same identity: a refocus refetches /me once, then the stale page queries; nothing when all is fresh  368ms
   ✓ F-DG2-530 a write in flight across an identity change (ar) > X3: A's PATCH answered after B's /me is not written into B's cache, not shown, and does not navigate B  687ms
   ✓ F-DG2-530 a write in flight across an identity change (ar) > X3b: the same after a session END here and B's sign-in: A's late answer never lands  555ms
   ✓ F-DG2-530 a write in flight across an identity change (ar) > an archive in flight across an identity change: A's archived record never lands in B's cache  630ms
   ✓ F-DG2-530 a write in flight across an identity change (ar) > an organization save in flight across an identity change: A's change is never stored under B  636ms
   ✓ F-DG2-530 a write in flight across an identity change (ar) > a user save in flight across an identity change: A's change is never stored under B  586ms
   ✓ F-DG2-530 a write in flight across an identity change (ar) > a same-person new session: the in-flight save is dropped silently, the draft is kept and usable  560ms
   ✓ F-DG2-530 a write in flight across an identity change (ar) > a language save retried after a 409 is never written for the identity that replaced A  306ms
   ✓ F-DG2-530 X6: refocus and reconnect revalidate GET /me first (ar) > after B signs in elsewhere, a refocus within /me's staleTime shows B's header with B's data, never A's  343ms
   ✓ F-DG2-530 X6: refocus and reconnect revalidate GET /me first (ar) > the same identity: a refocus refetches /me once, then the stale page queries; nothing when all is fresh  432ms
 ✓ |unit-web| src/pages/business-cases/business-cases.test.tsx (18 tests) 6620ms
   ✓ business cases (en) > register: levels, Finance baseline states with text (Stale is never green) and drafts  747ms
   ✓ business cases (en) > detail: all ten sections, totals with gross / cost / net apart, net Unknown (never 0), roll-up by reference  361ms
   ✓ business cases (en) > sections: saves only the changed section with If-Match; blank text is refused inline and nothing is sent  600ms
   ✓ business cases (en) > sections: a 409 shows the standard conflict panel (nothing saved) with the current values  349ms
   ✓ business cases (en) > lines: exactly one class from one select; the value basis follows the class; a 422 is translated  472ms
   ✓ business cases (en) > Finance validation: a business approval for FIN who did not author the case; If-Match; translated 403  454ms
   ✓ business cases (ar) > register: levels, Finance baseline states with text (Stale is never green) and drafts  341ms
   ✓ business cases (ar) > sections: saves only the changed section with If-Match; blank text is refused inline and nothing is sent  627ms
   ✓ business cases (ar) > sections: a 409 shows the standard conflict panel (nothing saved) with the current values  400ms
   ✓ business cases (ar) > lines: exactly one class from one select; the value basis follows the class; a 422 is translated  637ms
   ✓ business cases (ar) > Finance validation: a business approval for FIN who did not author the case; If-Match; translated 403  331ms
 ✓ |unit-web| src/auth/session-identity.test.tsx (18 tests) 6399ms
   ✓ F-DG2-500 a session end on the sign-in page (en) > W5: Back to /login after A's session ends, B signs in with the development form: B never sees A's records  1057ms
   ✓ F-DG2-500 a session end on the sign-in page (en) > W5b (OIDC mode): B signs in in another tab and this tab's /me re-probe brings B: B never sees A's records  568ms
   ✓ F-DG2-500 an identity change with no session end in this tab (en) > a refocus /me that returns another identity removes every session query before B renders, and drops A's drafts  554ms
   ✓ F-DG2-500 an identity change with no session end in this tab (en) > a new session of the same person (signed in again elsewhere) refetches the queries but keeps their own draft  330ms
   ✓ F-DG2-500 an identity change with no session end in this tab (en) > the same identity re-probed (window refocus) keeps the cache and the page state  328ms
   ✓ F-DG2-500 sign-out here and 403 (en) > signing out here clears everything; B signing in afterwards never sees A's records  779ms
   ✓ F-DG2-500 a session end on the sign-in page (ar) > W5: Back to /login after A's session ends, B signs in with the development form: B never sees A's records  513ms
   ✓ F-DG2-500 a session end on the sign-in page (ar) > W5b (OIDC mode): B signs in in another tab and this tab's /me re-probe brings B: B never sees A's records  526ms
   ✓ F-DG2-500 an identity change with no session end in this tab (ar) > a refocus /me that returns another identity removes every session query before B renders, and drops A's drafts  375ms
   ✓ F-DG2-500 sign-out here and 403 (ar) > signing out here clears everything; B signing in afterwards never sees A's records  606ms
 ✓ |unit-web| src/auth/session-end.test.tsx (12 tests) 7946ms
   ✓ session end while the app is open (en) > a 401 on navigation lands once on sign-in with the message; signing in again returns to the page  1320ms
   ✓ session end while the app is open (en) > a 401 on a dialog mutation (the commit-time upload refusal) closes the dialog and lands once on sign-in  1000ms
   ✓ session end while the app is open (en) > a sign-out elsewhere noticed by the next /me probe lands once on sign-in, never on the stale shell  514ms
   ✓ session end while the app is open (en) > a 403 (forbidden) is never treated as a session end  536ms
   ✓ session end while the app is open (ar) > a 401 on navigation lands once on sign-in with the message; signing in again returns to the page  701ms
   ✓ session end while the app is open (ar) > a 401 on a dialog mutation (the commit-time upload refusal) closes the dialog and lands once on sign-in  854ms
   ✓ session end while the app is open (ar) > a sign-out elsewhere noticed by the next /me probe lands once on sign-in, never on the stale shell  645ms
   ✓ session end while the app is open (ar) > a 403 (forbidden) is never treated as a session end  739ms
   ✓ session end under <StrictMode> (as in production) > still lands exactly once on sign-in  700ms
   ✓ sign-in page and the cached identity > decides 'already signed in' only from a fresh /me, never from a stale cache  404ms
   ✓ sign-in page and the cached identity > signing out here shows 'signed out', not 'session ended', and no /me loop  474ms
 ✓ |unit-web| src/pages/portfolio/fe-e.test.tsx (18 tests) 6560ms
   ✓ Funding decisions (en) > is a labelled business approval with no 'on behalf of' control; rationale required; POST with an Idempotency-Key  861ms
   ✓ Funding decisions (en) > the BE-E 422s are the dialog's one translated alert; funding.amount_invalid is also inline at /amount  550ms
   ✓ Funding decisions (en) > the history shows a missing amount as Unknown (never 0); a re-selected initiative explains the deselect rule  325ms
   ✓ Funding decisions (ar) > is a labelled business approval with no 'on behalf of' control; rationale required; POST with an Idempotency-Key  461ms
   ✓ Funding decisions (ar) > the BE-E 422s are the dialog's one translated alert; funding.amount_invalid is also inline at /amount  405ms
   ✓ Deliverables and milestones on the card (en) > creates (Idempotency-Key), edits (If-Match) and archives (reason, If-Match) a deliverable  436ms
   ✓ Deliverables and milestones on the card (en) > creates a milestone with its wave and forecast, and edits it with If-Match  573ms
   ✓ Deliverables and milestones on the card (en) > the card edit form translates initiative.planned_range specifically (RecordDialog namespaces)  333ms
   ✓ Deliverables and milestones on the card (ar) > creates (Idempotency-Key), edits (If-Match) and archives (reason, If-Match) a deliverable  626ms
   ✓ Deliverables and milestones on the card (ar) > creates a milestone with its wave and forecast, and edits it with If-Match  347ms
   ✓ Deliverables and milestones on the card (ar) > the card edit form translates initiative.planned_range specifically (RecordDialog namespaces)  313ms
 ✓ |unit-web| src/pages/gates/g1-agreements.test.tsx (10 tests) 4557ms
   ✓ G1 agreements step (en) > approving G1 needs the three labelled confirmations; then sends agreements with all three true  912ms
   ✓ G1 agreements step (en) > a non-approve outcome on G1 sends no agreements (even after ticking them)  537ms
   ✓ G1 agreements step (en) > the server's 422 gate.g1_agreements_required is the one form-level alert, with the missing confirmations  336ms
   ✓ G1 agreements step (en) > the server's 422 gate.agreements_not_applicable is translated as the one form-level alert  446ms
   ✓ G1 agreements step (ar) > approving G1 needs the three labelled confirmations; then sends agreements with all three true  653ms
   ✓ G1 agreements step (ar) > a non-approve outcome on G1 sends no agreements (even after ticking them)  468ms
   ✓ G1 agreements step (ar) > approving another gate (G2) shows no confirmations and sends no agreements  305ms
   ✓ G1 agreements step (ar) > the server's 422 gate.g1_agreements_required is the one form-level alert, with the missing confirmations  329ms
 ✓ |unit-web| src/pages/team/team.test.tsx (10 tests) 6776ms
   ✓ Team (English LTR) > shows the six governance roles with B0018 accountability text verbatim and who holds each  901ms
   ✓ Team (English LTR) > lists team members with the accountability on each assignment, sortable and filterable  699ms
   ✓ Team (English LTR) > a Transformation Lead assigns a Workstream Lead: Idempotency-Key, reason, accountability preview  479ms
   ✓ Team (English LTR) > shows a 403 from the server in words; nothing is assigned  379ms
   ✓ Team: read-only auditor (AUD) > sees the roles, accountabilities and members, a read-only note, and no assign control  320ms
   ✓ Team (Arabic RTL) > shows Arabic role names and the provisional Arabic accountability text  412ms
   ✓ Team assign dialog: accountability preview follows the selected role (F-DG2-430) > en: WL on open, then KDS, TD, none and WL again, in StrictMode with no React warning  934ms
   ✓ Team assign dialog: accountability preview follows the selected role (F-DG2-430) > ar: WL on open, then KDS, TD, none and WL again, in StrictMode with no React warning  990ms
   ✓ Team: the success notice follows a language switch, 'en' → 'ar' > the notice is shown in the language now on screen, not the one it was created in  795ms
   ✓ Team: the success notice follows a language switch, 'ar' → 'en' > the notice is shown in the language now on screen, not the one it was created in  865ms
 ✓ |unit-web| src/pages/gates/g4.test.tsx (16 tests) 5723ms
   ✓ G4 refusal item by item (en) > two initiatives without owners: two separate translated 'Owners' items, never the joined English message  1148ms
   ✓ G4 refusal item by item (en) > without a usable gate view: one translated line per refused criterion, never the English message  568ms
   ✓ G4 refusal item by item (ar) > two initiatives without owners: two separate translated 'Owners' items, never the joined English message  353ms
   ✓ G4 view (en) > the decision's 403 urn:mth:problem:forbidden is translated  599ms
   ✓ G4 view (en) > the decision's 403 urn:mth:problem:forbidden is translated  442ms
   ✓ G4 view (en) > the decision's 409 urn:mth:problem:version-conflict is translated  337ms
   ✓ G4 view (ar) > a refused submission shows the 422 list with the initiative names, translated  409ms
   ✓ G4 view (ar) > the decision's 403 urn:mth:problem:forbidden is translated  302ms
   ✓ G4 view (ar) > the decision's 403 urn:mth:problem:forbidden is translated  303ms
 ✓ |unit-web| src/pages/roadmap/roadmap.test.tsx (14 tests) 5970ms
   ✓ roadmap (en) > shows the four source waves verbatim (English source also shown in Arabic) with overlapping horizons  884ms
   ✓ roadmap (en) > moving a milestone PATCHes the forecast with If-Match and the timeline, table and board all show the new date from one refetch  666ms
   ✓ roadmap (en) > a 409 on moving a milestone shows the conflict notice and reloads the roadmap  445ms
   ✓ roadmap (en) > re-approving a date requires a reason; then it is POSTed with If-Match  382ms
   ✓ roadmap (en) > deliverable acceptance sends the AcceptanceDecision with If-Match (no 'on behalf of' control)  614ms
   ✓ roadmap (ar) > shows the four source waves verbatim (English source also shown in Arabic) with overlapping horizons  334ms
   ✓ roadmap (ar) > moving a milestone PATCHes the forecast with If-Match and the timeline, table and board all show the new date from one refetch  524ms
   ✓ roadmap (ar) > a 409 on moving a milestone shows the conflict notice and reloads the roadmap  402ms
   ✓ roadmap (ar) > re-approving a date requires a reason; then it is POSTed with If-Match  376ms
   ✓ roadmap (ar) > deliverable acceptance sends the AcceptanceDecision with If-Match (no 'on behalf of' control)  603ms
 ✓ |unit-web| src/pages/capacity/fe-e.test.tsx (13 tests) 7914ms
   ✓ capacity editing (en) > creates a role; a taken code (409) is the form's translated alert; then the role is created  1525ms
   ✓ capacity editing (en) > edits a role's labels and archives it, each with If-Match  691ms
   ✓ capacity editing (en) > creates a capacity row with a decimal FTE string; a duplicate (409) is translated  633ms
   ✓ capacity editing (en) > creates a demand; after the save the plan is re-read and the conflict with its shortfall appears; Unknown stays Unknown  1004ms
   ✓ capacity editing (en) > edits a planned demand with If-Match; 422 resource_demand.not_planned is translated  403ms
   ✓ capacity editing (ar) > creates a role; a taken code (409) is the form's translated alert; then the role is created  489ms
   ✓ capacity editing (ar) > edits a role's labels and archives it, each with If-Match  401ms
   ✓ capacity editing (ar) > creates a capacity row with a decimal FTE string; a duplicate (409) is translated  921ms
   ✓ capacity editing (ar) > creates a demand; after the save the plan is re-read and the conflict with its shortfall appears; Unknown stays Unknown  928ms
   ✓ capacity editing (ar) > edits a planned demand with If-Match; 422 resource_demand.not_planned is translated  416ms
 ✓ |unit-web| src/pages/transformations/transformations.test.tsx (21 tests) 7662ms
   ✓ after create (F-DG1-004) > shows the created record when the server lets the creator read it  771ms
   ✓ after create (F-DG1-004) > explains the same in Arabic (RTL), using the glossary term for Transformation  398ms
   ✓ after create (F-DG1-004) > treats a 403 for the just-created record the same way  371ms
   ✓ audit trail changes (F-DG1-005) > English: field and value labels, not raw keys or enum codes  323ms
   ✓ audit trail changes (F-DG1-005) > Arabic: the same changes with Arabic labels in the RTL layout  316ms
   ✓ derived creator assignment on the audit trail (F-DG1-008) > an action the catalogue does not know stays readable and is explicitly marked (en and ar)  561ms
   ✓ effective permissions refresh after create (F-DG1-210) > English: Edit, Archive and the audit trail appear after create, without a reload  717ms
   ✓ effective permissions refresh after create (F-DG1-210) > Arabic (RTL): the same controls and the audit trail appear after create, without a reload  1619ms
   ✓ effective permissions refresh after create (F-DG1-210) > does not over-grant: if the refreshed server answer adds nothing, Archive and the audit trail stay hidden  808ms
   ✓ effective permissions refresh after create (F-DG1-210) > a failed /me refresh never blocks the navigation; the UI stays fail-safe (no controls offered)  494ms
 ✓ |unit-web| src/pages/benefit-formulas/benefit-formulas.test.tsx (18 tests) 8122ms
   ✓ T09 benefit formulas (en) > register: the six T09 columns with confidence H/M/L; examples marked illustrative with 100000 and 500000 SAR per year  1155ms
   ✓ T09 benefit formulas (en) > builder: an undefined variable shows translated, with its position, before saving; nothing is sent  634ms
   ✓ T09 benefit formulas (en) > builder: monthly ARPU × annual customers is a period mismatch, translated, before saving  302ms
   ✓ T09 benefit formulas (en) > builder: a fraction is entered as percent and stored as a fraction; a version is saved with If-Match  928ms
   ✓ T09 benefit formulas (en) > builder: a 409 shows the standard conflict panel; nothing was saved  520ms
   ✓ T09 benefit formulas (en) > Finance validation of a version: a business approval by FIN; the author cannot; translated refusal  590ms
   ✓ T09 benefit formulas (en) > Finance validation: the version's author sees the separation-of-duties note and no action  363ms
   ✓ T09 benefit formulas (ar) > register: the six T09 columns with confidence H/M/L; examples marked illustrative with 100000 and 500000 SAR per year  565ms
   ✓ T09 benefit formulas (ar) > builder: an undefined variable shows translated, with its position, before saving; nothing is sent  723ms
   ✓ T09 benefit formulas (ar) > builder: a fraction is entered as percent and stored as a fraction; a version is saved with If-Match  412ms
   ✓ T09 benefit formulas (ar) > builder: a 409 shows the standard conflict panel; nothing was saved  380ms
   ✓ T09 benefit formulas (ar) > Finance validation of a version: a business approval by FIN; the author cannot; translated refusal  387ms
 ✓ |unit-web| src/pages/dependencies/dependencies.test.tsx (12 tests) 5098ms
   ✓ dependencies (en) > shows the seven T08 columns, an External source, the type label and the needed-by conflict flag  775ms
   ✓ dependencies (en) > a cycle is refused and shown as the translated message with the path INI-01 → INI-02 → INI-03 → INI-01  659ms
   ✓ dependencies (en) > an External source is sent as {kind: external, label}  904ms
   ✓ dependencies (en) > dependency types: system types are undeletable; an administrator may retire a custom type  493ms
   ✓ dependencies (ar) > a cycle is refused and shown as the translated message with the path INI-01 → INI-02 → INI-03 → INI-01  411ms
   ✓ dependencies (ar) > an External source is sent as {kind: external, label}  348ms
   ✓ dependencies (ar) > dependency types: system types are undeletable; an administrator may retire a custom type  372ms
 ✓ |unit-web| src/pages/dispensations/dispensations.test.tsx (12 tests) 5132ms
   ✓ Dispensations (en) > lists waivers and inherited approvals; unverified evidence is shown as unverified; recorder cannot decide  772ms
   ✓ Dispensations (en) > a waiver needs a reason and an expiry: refused inline, nothing sent; then sent with its scope  631ms
   ✓ Dispensations (en) > an inherited approval (Modular) needs the approving body, the date and evidence; 422s are translated  630ms
   ✓ Dispensations (en) > deciding is a labelled business approval; the delegated-decision 422 and the recorder 403 are translated  526ms
   ✓ Dispensations (en) > revoking an accepted dispensation needs a reason and is a business approval  345ms
   ✓ Dispensations (ar) > a waiver needs a reason and an expiry: refused inline, nothing sent; then sent with its scope  346ms
   ✓ Dispensations (ar) > an inherited approval (Modular) needs the approving body, the date and evidence; 422s are translated  492ms
   ✓ Dispensations (ar) > deciding is a labelled business approval; the delegated-decision 422 and the recorder 403 are translated  474ms
 ✓ |unit-web| src/pages/roadmap/fe-e.test.tsx (8 tests) 4648ms
   ✓ wave editing (en) > edits planned dates (overlap accepted) with If-Match; the source text is read-only and never sent  863ms
   ✓ wave editing (en) > 422 roadmap_wave.planned_range is inline at the planned end and translated  523ms
   ✓ wave editing (en) > adds a non-source wave with its bilingual texts (POST, Idempotency-Key)  954ms
   ✓ wave editing (ar) > edits planned dates (overlap accepted) with If-Match; the source text is read-only and never sent  548ms
   ✓ wave editing (ar) > 422 roadmap_wave.planned_range is inline at the planned end and translated  377ms
   ✓ wave editing (ar) > adds a non-source wave with its bilingual texts (POST, Idempotency-Key)  1050ms
 ✓ |unit-web| src/pages/gates/inherited-approval.test.tsx (16 tests) 1899ms
   ✓ inherited-approval annotation (en) > Gates list: G1 pending_verification (counts false) is a badge next to 'Not submitted'  320ms
 ✓ |unit-web| src/components/LanguageSwitch.test.tsx (10 tests) 3345ms
   ✓ a refused language save, 'en' → other ('403 csrf') > keeps ar on screen and says, in ar, that it was not saved  710ms
   ✓ a refused language save, 'ar' → other ('403 csrf') > keeps en on screen and says, in en, that it was not saved  515ms
   ✓ a refused language save, 'en' → other ('403 forbidden') > keeps ar on screen and says, in ar, that it was not saved  579ms
   ✓ a refused language save, 'ar' → other ('503') > keeps en on screen and says, in en, that it was not saved  431ms
   ✓ the live region and the persisted preference > if the persisted preference changes later and is re-applied, the notice says so in that language  404ms
 ✓ |unit-web| src/app/app.test.tsx (17 tests) 3081ms
   ✓ bilingual shell > a partial area (Governance) leads into the Gates tab of each transformation; its portfolio view stays planned  708ms
   ✓ transformations > lists transformations with a sortable code column and removable filter chips  448ms
 ✓ |unit-web| src/app/p3-seams.test.tsx (10 tests) 2106ms
   ✓ P3 routes > workspace tabs (en) > the workspace tabs include the P3 tabs, labelled from their own namespaces  551ms
   ✓ P3 navigation areas > en /initiatives-roadmaps leads into the Initiatives and Roadmaps tab of each transformation  452ms
   ✓ P3 navigation areas > ar /initiatives-roadmaps leads into the المبادرات وخرائط الطريق tab of each transformation  301ms
   ✓ P3 navigation areas > en /benefits-finance leads into the Benefits and Finance tab of each transformation  323ms
 ✓ |unit-web| src/pages/capacity/capacity.test.tsx (6 tests) 2110ms
   ✓ capacity (en) > the role × month grid shows decimal FTE, the conflict with its shortfall, and Unknown capacity as Unknown (never 0)  459ms
   ✓ capacity (en) > committing a demand POSTs with If-Match; a 409 shows the conflict notice and reloads  499ms
   ✓ capacity (ar) > committing a demand POSTs with If-Match; a 409 shows the conflict notice and reloads  346ms
 ✓ |unit-web| src/components/RecordForm.alerts.test.tsx (16 tests) 2612ms
   ✓ record form: one alert per distinct form error (en) > dialog > a 400 whose only field error has pointer "" says its message once, in one live region  528ms
   ✓ record form: one alert per distinct form error (en) > dialog > the same pointer-"" code twice is still said once  495ms
 ✓ |unit-web| src/pages/transformations/modeGuidance.test.tsx (5 tests) 2068ms
   ✓ New transformation: mode guidance (English LTR) > shows When to use and How for the selected mode and switches with the mode  649ms
   ✓ New transformation: mode guidance (English LTR) > Modular requires an entry phase before anything is sent  526ms
   ✓ New transformation: mode guidance (English LTR) > a server validation error on the entry phase is shown on that field  541ms
   ✓ New transformation: mode guidance (Arabic RTL) > shows the Arabic rendering, marked provisional, with the English source text alongside  346ms
 ✓ |unit-web| src/pages/readiness/readiness.test.tsx (4 tests) 1500ms
   ✓ Readiness (en) > lists the missing diagnostic areas by name, the gates and the translated sequencing blockers  631ms
   ✓ Readiness (en) > an accepted, verified inherited approval counts, and the gate itself still is not approved  422ms
 ✓ |unit-web| src/components/States.test.tsx (15 tests) 790ms
 ✓ |unit-web| src/test/react-warning-guard.test.tsx (4 tests) 76ms
 ✓ |unit-web| src/lib/auditChanges.test.ts (125 tests) 99ms
 ✓ |unit-web| src/lib/lib.test.ts (24 tests) 90ms
 ✓ |unit-web| src/styles/styles.test.ts (6 tests) 8ms
 ✓ |unit-web| src/i18n/i18n.test.ts (11 tests) 55ms
 ✓ |unit-web| src/i18n/glossary.test.ts (8 tests) 18ms
 ✓ |unit-web| src/test/harness-config.test.ts (2 tests) 3ms
 ✓ |unit-web| src/pages/business-cases/problem-codes.test.ts (4 tests) 11ms

 Test Files  103 passed (103)
      Tests  2064 passed (2064)
   Start at  06:13:26
   Duration  142.92s (transform 9.86s, setup 6.78s, collect 99.16s, tests 246.39s, environment 28.24s, prepare 12.67s)


 RUN  v3.2.4 /home/user/wt/dg4-kbe-d2

 ✓ |unit-formula-nocodegen| packages/shared/src/formula/codegen.nocodegen.test.ts (10 tests) 24ms
 ✓ |unit-formula-nocodegen| packages/shared/src/formula/formula.test.ts (140 tests) 149ms
 ✓ |unit-formula-nocodegen| packages/shared/src/formula/fuzz.test.ts (111 tests | 2 skipped) 6131ms
   ✓ fuzz: no uncaught exception, no code execution > 10 000 random byte strings (0–255, up to 80 bytes)  1695ms
   ✓ fuzz: no uncaught exception, no code execution > 10 000 random UTF-16 strings including astral code points and lone surrogates  1381ms
   ✓ fuzz: no uncaught exception, no code execution > 20 000 random strings over the grammar alphabet reach parser, type checker and evaluator  3006ms

 Test Files  3 passed (3)
      Tests  259 passed | 2 skipped (261)
   Start at  06:15:49
   Duration  7.13s (transform 384ms, setup 0ms, collect 1.02s, tests 6.30s, environment 1ms, prepare 369ms)

