
> mobily-transformation-hub@0.1.0 test /home/user/wt/dg4-kbe-d2
> vitest run --project unit-node --project unit-web && vitest run --project unit-formula-nocodegen


 RUN  v3.2.4 /home/user/wt/dg4-kbe-d2

 ✓ |unit-web| src/pages/render-time-language.test.tsx (28 tests) 23589ms
   ✓ sign-in (dev form), 'en' → 'ar' > an invalid user name: the inline message follows the switch  550ms
   ✓ sign-in (dev form), 'ar' → 'en' > a refused sign-in: the server's problem follows the switch  378ms
   ✓ journey step editor, 'en' → 'ar' > a field error on a step follows the switch  1860ms
   ✓ journey step editor, 'en' → 'ar' > the form-level "Step N:" error follows the switch (prefix and message)  1166ms
   ✓ journey step editor, 'ar' → 'en' > a field error on a step follows the switch  1322ms
   ✓ journey step editor, 'ar' → 'en' > the form-level "Step N:" error follows the switch (prefix and message)  1290ms
   ✓ row-action note and reason dialog, 'en' → 'ar' > the Finance validation note's 'required' follows the switch  1146ms
   ✓ row-action note and reason dialog, 'en' → 'ar' > the Finance validation choice's 'required' follows the switch  626ms
   ✓ row-action note and reason dialog, 'en' → 'ar' > the archive reason's 'too short' follows the switch  1527ms
   ✓ row-action note and reason dialog, 'ar' → 'en' > the Finance validation note's 'required' follows the switch  1034ms
   ✓ row-action note and reason dialog, 'ar' → 'en' > the Finance validation choice's 'required' follows the switch  1733ms
   ✓ row-action note and reason dialog, 'ar' → 'en' > the archive reason's 'too short' follows the switch  1061ms
   ✓ gate dialogs, 'en' → 'ar' > the submission note's field error follows the switch  1070ms
   ✓ gate dialogs, 'en' → 'ar' > the decision rationale's field error follows the switch  633ms
   ✓ gate dialogs, 'ar' → 'en' > the submission note's field error follows the switch  686ms
   ✓ gate dialogs, 'ar' → 'en' > the decision rationale's field error follows the switch  999ms
   ✓ North Star statement, 'en' → 'ar' > the statement's field error follows the switch  704ms
   ✓ North Star statement, 'ar' → 'en' > the statement's field error follows the switch  1182ms
   ✓ evidence dialogs, 'en' → 'ar' > upload without a file: 'required' follows the switch  1101ms
   ✓ evidence dialogs, 'en' → 'ar' > a link without a record type or record: both 'required' messages follow the switch  948ms
   ✓ evidence dialogs, 'ar' → 'en' > upload without a file: 'required' follows the switch  1375ms
   ✓ evidence dialogs, 'ar' → 'en' > a link without a record type or record: both 'required' messages follow the switch  578ms
 ✓ |unit-web| src/pages/p2.test.tsx (56 tests) 34435ms
   ✓ Diagnose > shows the six T01 dimensions with Unknown for missing values, and value pools that are never 0  1942ms
   ✓ Diagnose > shows the totals as Unknown when no pool is quantified  368ms
   ✓ Diagnose > renders the six workstreams with their key questions  905ms
   ✓ Diagnose > edits a T01 row with only the changed fields and If-Match  754ms
   ✓ Diagnose > a 409 on save writes nothing, compares, and re-applies on the current version  1094ms
   ✓ Diagnose > a 400 validation.blank shows a localized message on its field ('en')  2415ms
   ✓ Diagnose > a 400 validation.blank shows a localized message on its field ('ar')  1642ms
   ✓ Diagnose > an invisible-only value is blocked client-side with validation.blank ('en')  1550ms
   ✓ Diagnose > an invisible-only value is blocked client-side with validation.blank ('ar')  1771ms
   ✓ Diagnose > a whitespace-only T01 value is an inline blank error and sends nothing ('en')  1409ms
   ✓ Diagnose > a whitespace-only T01 value is an inline blank error and sends nothing ('ar')  1592ms
   ✓ Diagnose > T01: an emptied field is sent as an explicit null; visible text is sent verbatim  1372ms
   ✓ Diagnose > Arabic: RTL with Arabic labels and the unquantified label  568ms
   ✓ Define > shows the good outcome test per outcome with pass / fail / unknown and localized reasons  742ms
   ✓ Define > requires a target date on a T02 row before sending anything  701ms
   ✓ Define > sets the North Star with one sentence and no If-Match the first time  1050ms
   ✓ Define: KPI activation (F-DG2-201) > offers Activate on a draft KPI, states the unmet precondition on 422, then activates with If-Match  1561ms
   ✓ Define: KPI activation (F-DG2-201) > Arabic: the Activate action and the 422 reason are in Arabic  555ms
   ✓ Charter > scope pre-check: an empty Out of scope reads as failing (EN and AR)  575ms
   ✓ Charter > thesis: the four parts compose the B0037 sentence (EN and AR)  335ms
   ✓ Charter > compares a version with the previous one  487ms
   ✓ Charter > create: a whitespace Case for change is an inline blank error and creates nothing ('en')  464ms
   ✓ Charter > create: a whitespace Case for change is an inline blank error and creates nothing ('ar')  389ms
   ✓ Charter > edit: a whitespace Out of scope is an inline blank error, sends nothing and keeps the value (en)  607ms
   ✓ Charter > edit: a whitespace Out of scope is an inline blank error, sends nothing and keeps the value (ar)  676ms
   ✓ Charter > edit: emptying a filled field sends null; visible text is verbatim (en)  408ms
   ✓ Charter > edit: emptying a filled field sends null; visible text is verbatim (ar)  714ms
   ✓ Charter > edit: a change summary alone is not a change (never a content-free version)  405ms
   ✓ Design > shows the ten canvas boxes and the per-dimension view  498ms
   ✓ Design > converts an unresolved workshop item into a design decision with If-Match  923ms
   ✓ Gates (business approval) > lists G1-G6 as business approvals with live readiness, and never mentions the engineering gates  340ms
   ✓ Gates (business approval) > the approver's decision: rationale required; 403 and 409 problems in words  737ms
   ✓ Evidence > uploads a revision as octet-stream with a percent-encoded file name and If-Match  504ms
   ✓ Evidence > never offers review to the creator; a filename reference can only be rejected  458ms
 ✓ |unit-web| src/pages/p2-blank-forms.test.tsx (52 tests) 35961ms
   ✓ gate submission note (en) > a whitespace-only note is refused inline and nothing is sent  1325ms
   ✓ gate submission note (en) > a invisible-only note is refused inline and nothing is sent  534ms
   ✓ gate submission note (en) > visible text is sent verbatim; an empty note is omitted  1332ms
   ✓ gate submission note (ar) > visible text is sent verbatim; an empty note is omitted  516ms
   ✓ gate decision rationale and comments (en) > a whitespace-only rationale is refused inline and nothing is sent  1019ms
   ✓ gate decision rationale and comments (en) > a invisible-only rationale is refused inline and nothing is sent  1269ms
   ✓ gate decision rationale and comments (en) > a invisible (long enough for min 3)-only rationale is refused inline and nothing is sent  975ms
   ✓ gate decision rationale and comments (en) > a whitespace-only comment is refused inline (focus on it) and nothing is sent  363ms
   ✓ gate decision rationale and comments (en) > a invisible-only comment is refused inline (focus on it) and nothing is sent  439ms
   ✓ gate decision rationale and comments (en) > visible text is sent verbatim; empty comments are omitted; an empty rationale stays 'too short'  854ms
   ✓ gate decision rationale and comments (en) > a server 400 validation.blank on /rationale lands on the field  1370ms
   ✓ gate decision rationale and comments (ar) > a whitespace-only rationale is refused inline and nothing is sent  397ms
   ✓ gate decision rationale and comments (ar) > a invisible-only rationale is refused inline and nothing is sent  616ms
   ✓ gate decision rationale and comments (ar) > a invisible (long enough for min 3)-only rationale is refused inline and nothing is sent  688ms
   ✓ gate decision rationale and comments (ar) > a whitespace-only comment is refused inline (focus on it) and nothing is sent  1032ms
   ✓ gate decision rationale and comments (ar) > a invisible-only comment is refused inline (focus on it) and nothing is sent  832ms
   ✓ gate decision rationale and comments (ar) > visible text is sent verbatim; empty comments are omitted; an empty rationale stays 'too short'  1020ms
   ✓ gate decision rationale and comments (ar) > a server 400 validation.blank on /rationale lands on the field  564ms
   ✓ journey step editor (en) > a whitespace-only actor is refused inline (not turned into null) and nothing is sent  1089ms
   ✓ journey step editor (en) > a invisible-only actor is refused inline (not turned into null) and nothing is sent  1286ms
   ✓ journey step editor (en) > several blank fields: each gets the message and focus goes to the first (name)  691ms
   ✓ journey step editor (en) > visible text is sent verbatim; emptied optional text is null; an empty name is required  1426ms
   ✓ journey step editor (ar) > a whitespace-only actor is refused inline (not turned into null) and nothing is sent  796ms
   ✓ journey step editor (ar) > a invisible-only actor is refused inline (not turned into null) and nothing is sent  936ms
   ✓ journey step editor (ar) > several blank fields: each gets the message and focus goes to the first (name)  1010ms
   ✓ journey step editor (ar) > visible text is sent verbatim; emptied optional text is null; an empty name is required  863ms
   ✓ Finance validation note and archive reason (en) > note: a whitespace-only note is refused inline and nothing is sent  743ms
   ✓ Finance validation note and archive reason (en) > note: a invisible-only note is refused inline and nothing is sent  632ms
   ✓ Finance validation note and archive reason (en) > note: empty is 'required'; visible text is sent verbatim  372ms
   ✓ Finance validation note and archive reason (en) > reason: a whitespace-only reason is refused inline and nothing is archived  412ms
   ✓ Finance validation note and archive reason (en) > reason: a invisible-only reason is refused inline and nothing is archived  651ms
   ✓ Finance validation note and archive reason (en) > reason: a server 400 validation.blank on /reason is the field message, not a generic error  681ms
   ✓ Finance validation note and archive reason (en) > reason: a reason with U+0000 is refused inline with the localized message and nothing is archived  677ms
   ✓ Finance validation note and archive reason (en) > reason: a server 400 validation.invalid_character on /reason is the localized field message  433ms
   ✓ Finance validation note and archive reason (ar) > note: a invisible-only note is refused inline and nothing is sent  532ms
   ✓ Finance validation note and archive reason (ar) > note: empty is 'required'; visible text is sent verbatim  621ms
   ✓ Finance validation note and archive reason (ar) > reason: a whitespace-only reason is refused inline and nothing is archived  604ms
   ✓ Finance validation note and archive reason (ar) > reason: a invisible-only reason is refused inline and nothing is archived  684ms
   ✓ Finance validation note and archive reason (ar) > reason: a server 400 validation.blank on /reason is the field message, not a generic error  529ms
   ✓ Finance validation note and archive reason (ar) > reason: a reason with U+0000 is refused inline with the localized message and nothing is archived  564ms
   ✓ Finance validation note and archive reason (ar) > reason: a server 400 validation.invalid_character on /reason is the localized field message  635ms
   ✓ Finance validation note and archive reason (ar) > reason: empty keeps 'too short'; visible text is sent verbatim  470ms
   ✓ North Star statement (en) > a whitespace-only statement is refused inline and nothing is sent  560ms
   ✓ North Star statement (en) > a invisible-only statement is refused inline and nothing is sent  525ms
   ✓ North Star statement (ar) > a whitespace-only statement is refused inline and nothing is sent  557ms
   ✓ North Star statement (ar) > a invisible-only statement is refused inline and nothing is sent  437ms
 ✓ |unit-web| src/auth/session-generation.test.tsx (26 tests) 11927ms
   ✓ F-DG2-530 a write in flight across an identity change (en) > X3: A's PATCH answered after B's /me is not written into B's cache, not shown, and does not navigate B  1260ms
   ✓ F-DG2-530 a write in flight across an identity change (en) > X3b: the same after a session END here and B's sign-in: A's late answer never lands  853ms
   ✓ F-DG2-530 a write in flight across an identity change (en) > an archive in flight across an identity change: A's archived record never lands in B's cache  623ms
   ✓ F-DG2-530 a write in flight across an identity change (en) > an organization save in flight across an identity change: A's change is never stored under B  826ms
   ✓ F-DG2-530 a write in flight across an identity change (en) > a user save in flight across an identity change: A's change is never stored under B  674ms
   ✓ F-DG2-530 a write in flight across an identity change (en) > a same-person new session: the in-flight save is dropped silently, the draft is kept and usable  586ms
   ✓ F-DG2-530 a write in flight across an identity change (en) > a language save retried after a 409 is never written for the identity that replaced A  320ms
   ✓ F-DG2-530 X6: refocus and reconnect revalidate GET /me first (en) > the same identity: a refocus refetches /me once, then the stale page queries; nothing when all is fresh  469ms
   ✓ F-DG2-530 a write in flight across an identity change (ar) > X3: A's PATCH answered after B's /me is not written into B's cache, not shown, and does not navigate B  579ms
   ✓ F-DG2-530 a write in flight across an identity change (ar) > X3b: the same after a session END here and B's sign-in: A's late answer never lands  624ms
   ✓ F-DG2-530 a write in flight across an identity change (ar) > an archive in flight across an identity change: A's archived record never lands in B's cache  1355ms
   ✓ F-DG2-530 a write in flight across an identity change (ar) > an organization save in flight across an identity change: A's change is never stored under B  638ms
   ✓ F-DG2-530 a write in flight across an identity change (ar) > a user save in flight across an identity change: A's change is never stored under B  599ms
   ✓ F-DG2-530 a write in flight across an identity change (ar) > a same-person new session: the in-flight save is dropped silently, the draft is kept and usable  498ms
   ✓ F-DG2-530 a write in flight across an identity change (ar) > a language save retried after a 409 is never written for the identity that replaced A  355ms
   ✓ F-DG2-530 a write in flight across an identity change (ar) > sanity: a write in flight that finishes under the SAME identity still updates the cache and navigates  341ms
   ✓ F-DG2-530 X6: refocus and reconnect revalidate GET /me first (ar) > the same identity: a refocus refetches /me once, then the stale page queries; nothing when all is fresh  393ms
 ✓ |unit-web| src/pages/portfolio/portfolio.test.tsx (32 tests) 11114ms
   ✓ Portfolio (en) > lists code, name, wave, owners and three separate columns: proposed rank, selection and funding  795ms
   ✓ Portfolio (en) > creates a draft at any time: POST /initiatives with the transformation and an Idempotency-Key  557ms
   ✓ Portfolio (ar) > creates a draft at any time: POST /initiatives with the transformation and an Idempotency-Key  452ms
   ✓ Portfolio (ar) > the read-only auditor sees the list with no enabled write control  355ms
   ✓ Initiative Card (en) > shows all 14 T05 fields in the source order and the 3-7 deliverables warning (a warning, not a block)  329ms
   ✓ Initiative Card (en) > submit refused: 'Case for change not yet approved (G1)…' is the dialog's one translated alert  322ms
   ✓ Initiative Card (en) > submit refused: 'Outcome before activity…' (validation at /outcomeContributions) is translated  312ms
   ✓ Initiative Card (en) > launch refused: 'North Star, outcomes and target state not yet approved', then 'Selected - unfunded…'  667ms
   ✓ Initiative Card (en) > select is a labelled business approval: rationale required, If-Match, no 'on behalf of' control  683ms
   ✓ Initiative Card (en) > a gap link to another TOM record shows 'A project portfolio is not a Target Operating Model…'  341ms
   ✓ Initiative Card (en) > an outcome contribution needs an outcome; the KPI is optional and labelled so  337ms
   ✓ Initiative Card (en) > the read-only auditor sees the card with no enabled write control  339ms
   ✓ Initiative Card (ar) > submit refused: 'Case for change not yet approved (G1)…' is the dialog's one translated alert  472ms
   ✓ Initiative Card (ar) > launch refused: 'North Star, outcomes and target state not yet approved', then 'Selected - unfunded…'  413ms
   ✓ Initiative Card (ar) > select is a labelled business approval: rationale required, If-Match, no 'on behalf of' control  353ms
   ✓ Initiative Card (ar) > a gap link to another TOM record shows 'A project portfolio is not a Target Operating Model…'  383ms
   ✓ Initiative Card (ar) > an outcome contribution needs an outcome; the KPI is optional and labelled so  395ms
 ✓ |unit-web| src/auth/session-bound.test.tsx (34 tests) 11116ms
   ✓ F-DG2-530/580 no effect of A's action after a further await once the tab is B's (en) > Y1: a create whose post-create GET /me returns B: B is not navigated and never sees A's code or name  1166ms
   ✓ F-DG2-530/580 no effect of A's action after a further await once the tab is B's (en) > Y1c: the same create under one identity still lands on the created record  437ms
   ✓ F-DG2-530/580 no effect of A's action after a further await once the tab is B's (en) > an edit whose identity changes between its awaits: B is not navigated to A's record and keeps nothing of A's  533ms
   ✓ F-DG2-530/580 no effect of A's action after a further await once the tab is B's (en) > an organization create whose identity changes between its awaits: B is not navigated to A's new organization  611ms
   ✓ F-DG2-530/580 no effect of A's action after a further await once the tab is B's (en) > a user create whose identity changes between its awaits: B is not navigated to A's new user  606ms
   ✓ F-DG2-530/580 no effect of A's action after a further await once the tab is B's (en) > sanity: the organization and user creates under one identity still navigate to the new record  471ms
   ✓ F-DG2-530/580 no effect of A's action after a further await once the tab is B's (ar) > Y1: a create whose post-create GET /me returns B: B is not navigated and never sees A's code or name  653ms
   ✓ F-DG2-530/580 no effect of A's action after a further await once the tab is B's (ar) > an edit whose identity changes between its awaits: B is not navigated to A's record and keeps nothing of A's  588ms
   ✓ F-DG2-530/580 no effect of A's action after a further await once the tab is B's (ar) > an organization create whose identity changes between its awaits: B is not navigated to A's new organization  469ms
   ✓ F-DG2-530/580 no effect of A's action after a further await once the tab is B's (ar) > a user create whose identity changes between its awaits: B is not navigated to A's new user  490ms
   ✓ F-DG2-530/580 no effect of A's action after a further await once the tab is B's (ar) > sanity: the organization and user creates under one identity still navigate to the new record  389ms
   ✓ the convention: no raw navigate or cache write in app code (T-DG2-FE15) > the ESLint rule refuses a raw navigate, a raw cache write and a useNavigate import in a page  1991ms
 ✓ |unit-web| src/pages/prioritization/prioritization.test.tsx (20 tests) 10542ms
   ✓ prioritization (en) > ranked table: an incomplete score is 'incomplete' (never a number), 3.30 complete; 0–100 shows 57.5 with its label  1179ms
   ✓ prioritization (en) > scorecard: 6 is refused inline and nothing is sent; 4 is POSTed as the integer; the weighted score is read-only 'incomplete'  910ms
   ✓ prioritization (en) > weight sets: the live total refuses 95% and 105%; 100% is accepted and POSTed as decimal strings  559ms
   ✓ prioritization (en) > weight sets: the proposer is never offered approval; another approver's approval is a business approval with If-Match; 403 SoD is translated  870ms
   ✓ prioritization (en) > weight set approval: a 409 shows the conflict banner and reloads  532ms
   ✓ prioritization (en) > ranking history: causes are translated from codes, including 'weight version 2', score change and the override reason  334ms
   ✓ prioritization (en) > overrides: a reason is required (missing and invisible-only are refused, nothing sent); with a reason it is POSTed  395ms
   ✓ prioritization (en) > the read-only auditor sees the data and no enabled write control  582ms
   ✓ prioritization (en) > never mentions a delivery gate (DG0–DG7)  362ms
   ✓ prioritization (ar) > ranked table: an incomplete score is 'incomplete' (never a number), 3.30 complete; 0–100 shows 57.5 with its label  442ms
   ✓ prioritization (ar) > scorecard: 6 is refused inline and nothing is sent; 4 is POSTed as the integer; the weighted score is read-only 'incomplete'  902ms
   ✓ prioritization (ar) > weight sets: the live total refuses 95% and 105%; 100% is accepted and POSTed as decimal strings  706ms
   ✓ prioritization (ar) > weight sets: the proposer is never offered approval; another approver's approval is a business approval with If-Match; 403 SoD is translated  815ms
   ✓ prioritization (ar) > weight set approval: a 409 shows the conflict banner and reloads  404ms
   ✓ prioritization (ar) > overrides: a reason is required (missing and invisible-only are refused, nothing sent); with a reason it is POSTed  375ms
   ✓ prioritization (ar) > the read-only auditor sees the data and no enabled write control  466ms
 ✓ |unit-web| src/pages/benefit-formulas/benefit-formulas.test.tsx (18 tests) 6768ms
   ✓ T09 benefit formulas (en) > register: the six T09 columns with confidence H/M/L; examples marked illustrative with 100000 and 500000 SAR per year  1196ms
   ✓ T09 benefit formulas (en) > builder: an undefined variable shows translated, with its position, before saving; nothing is sent  484ms
   ✓ T09 benefit formulas (en) > builder: a fraction is entered as percent and stored as a fraction; a version is saved with If-Match  377ms
   ✓ T09 benefit formulas (en) > builder: a 409 shows the standard conflict panel; nothing was saved  392ms
   ✓ T09 benefit formulas (en) > Finance validation of a version: a business approval by FIN; the author cannot; translated refusal  438ms
   ✓ T09 benefit formulas (ar) > register: the six T09 columns with confidence H/M/L; examples marked illustrative with 100000 and 500000 SAR per year  396ms
   ✓ T09 benefit formulas (ar) > builder: an undefined variable shows translated, with its position, before saving; nothing is sent  314ms
   ✓ T09 benefit formulas (ar) > builder: a fraction is entered as percent and stored as a fraction; a version is saved with If-Match  500ms
   ✓ T09 benefit formulas (ar) > builder: a fraction difference shows percentage points (translated suffix), never %  537ms
   ✓ T09 benefit formulas (ar) > builder: a 409 shows the standard conflict panel; nothing was saved  386ms
   ✓ T09 benefit formulas (ar) > Finance validation of a version: a business approval by FIN; the author cannot; translated refusal  339ms
 ✓ |unit-web| src/pages/capacity/fe-e.test.tsx (13 tests) 5341ms
   ✓ capacity editing (en) > creates a role; a taken code (409) is the form's translated alert; then the role is created  647ms
   ✓ capacity editing (en) > edits a role's labels and archives it, each with If-Match  405ms
   ✓ capacity editing (en) > creates a capacity row with a decimal FTE string; a duplicate (409) is translated  633ms
   ✓ capacity editing (en) > creates a demand; after the save the plan is re-read and the conflict with its shortfall appears; Unknown stays Unknown  436ms
   ✓ capacity editing (en) > edits a planned demand with If-Match; 422 resource_demand.not_planned is translated  358ms
   ✓ capacity editing (ar) > creates a role; a taken code (409) is the form's translated alert; then the role is created  348ms
   ✓ capacity editing (ar) > edits a role's labels and archives it, each with If-Match  420ms
   ✓ capacity editing (ar) > creates a capacity row with a decimal FTE string; a duplicate (409) is translated  476ms
   ✓ capacity editing (ar) > creates a demand; after the save the plan is re-read and the conflict with its shortfall appears; Unknown stays Unknown  588ms
   ✓ capacity editing (ar) > edits a planned demand with If-Match; 422 resource_demand.not_planned is translated  518ms
   ✓ capacity editing (ar) > the read-only auditor sees roles and capacity rows with no editing control  307ms
 ✓ |unit-web| src/auth/session-end.test.tsx (12 tests) 9816ms
   ✓ session end while the app is open (en) > a 401 on navigation lands once on sign-in with the message; signing in again returns to the page  1863ms
   ✓ session end while the app is open (en) > a 401 on a dialog mutation (the commit-time upload refusal) closes the dialog and lands once on sign-in  1455ms
   ✓ session end while the app is open (en) > a sign-out elsewhere noticed by the next /me probe lands once on sign-in, never on the stale shell  591ms
   ✓ session end while the app is open (en) > a 403 (forbidden) is never treated as a session end  581ms
   ✓ session end while the app is open (ar) > a 401 on navigation lands once on sign-in with the message; signing in again returns to the page  806ms
   ✓ session end while the app is open (ar) > a 401 on a dialog mutation (the commit-time upload refusal) closes the dialog and lands once on sign-in  1195ms
   ✓ session end while the app is open (ar) > a sign-out elsewhere noticed by the next /me probe lands once on sign-in, never on the stale shell  615ms
   ✓ session end while the app is open (ar) > a 403 (forbidden) is never treated as a session end  721ms
   ✓ session end under <StrictMode> (as in production) > still lands exactly once on sign-in  917ms
   ✓ sign-in page and the cached identity > decides 'already signed in' only from a fresh /me, never from a stale cache  573ms
   ✓ sign-in page and the cached identity > signing out here shows 'signed out', not 'session ended', and no /me loop  456ms
 ✓ |unit-web| src/pages/transformations/transformations.test.tsx (21 tests) 8041ms
   ✓ after create (F-DG1-004) > shows the created record when the server lets the creator read it  1011ms
   ✓ after create (F-DG1-004) > explains, in English, that the draft was created but cannot be opened (server 404), instead of 'Not found'  697ms
   ✓ after create (F-DG1-004) > explains the same in Arabic (RTL), using the glossary term for Transformation  306ms
   ✓ after create (F-DG1-004) > treats a 403 for the just-created record the same way  389ms
   ✓ audit trail changes (F-DG1-005) > English: field and value labels, not raw keys or enum codes  399ms
   ✓ derived creator assignment on the audit trail (F-DG1-008) > an action the catalogue does not know stays readable and is explicitly marked (en and ar)  423ms
   ✓ effective permissions refresh after create (F-DG1-210) > English: Edit, Archive and the audit trail appear after create, without a reload  1093ms
   ✓ effective permissions refresh after create (F-DG1-210) > Arabic (RTL): the same controls and the audit trail appear after create, without a reload  901ms
   ✓ effective permissions refresh after create (F-DG1-210) > does not over-grant: if the refreshed server answer adds nothing, Archive and the audit trail stay hidden  765ms
   ✓ effective permissions refresh after create (F-DG1-210) > a failed /me refresh never blocks the navigation; the UI stays fail-safe (no controls offered)  535ms
 ✓ |unit-web| src/pages/team/team.test.tsx (10 tests) 6632ms
   ✓ Team (English LTR) > shows the six governance roles with B0018 accountability text verbatim and who holds each  718ms
   ✓ Team (English LTR) > lists team members with the accountability on each assignment, sortable and filterable  869ms
   ✓ Team (English LTR) > a Transformation Lead assigns a Workstream Lead: Idempotency-Key, reason, accountability preview  502ms
   ✓ Team (English LTR) > shows a 403 from the server in words; nothing is assigned  745ms
   ✓ Team (Arabic RTL) > shows Arabic role names and the provisional Arabic accountability text  350ms
   ✓ Team assign dialog: accountability preview follows the selected role (F-DG2-430) > en: WL on open, then KDS, TD, none and WL again, in StrictMode with no React warning  864ms
   ✓ Team assign dialog: accountability preview follows the selected role (F-DG2-430) > ar: WL on open, then KDS, TD, none and WL again, in StrictMode with no React warning  457ms
   ✓ Team: the success notice follows a language switch, 'en' → 'ar' > the notice is shown in the language now on screen, not the one it was created in  764ms
   ✓ Team: the success notice follows a language switch, 'ar' → 'en' > the notice is shown in the language now on screen, not the one it was created in  1138ms
 ✓ |unit-web| src/pages/business-cases/business-cases.test.tsx (18 tests) 10030ms
   ✓ business cases (en) > register: levels, Finance baseline states with text (Stale is never green) and drafts  748ms
   ✓ business cases (en) > detail: all ten sections, totals with gross / cost / net apart, net Unknown (never 0), roll-up by reference  843ms
   ✓ business cases (en) > totals: a partial total says how many Unknown lines it leaves out  535ms
   ✓ business cases (en) > sections: saves only the changed section with If-Match; blank text is refused inline and nothing is sent  1152ms
   ✓ business cases (en) > sections: a 409 shows the standard conflict panel (nothing saved) with the current values  632ms
   ✓ business cases (en) > lines: exactly one class from one select; the value basis follows the class; a 422 is translated  546ms
   ✓ business cases (en) > Finance validation: a business approval for FIN who did not author the case; If-Match; translated 403  480ms
   ✓ business cases (en) > Finance validation: the case author sees no validate action, only the separation-of-duties note  403ms
   ✓ business cases (en) > read-only auditor: the ten sections as text, no enabled write control, the read-only note  372ms
   ✓ business cases (ar) > register: levels, Finance baseline states with text (Stale is never green) and drafts  417ms
   ✓ business cases (ar) > detail: all ten sections, totals with gross / cost / net apart, net Unknown (never 0), roll-up by reference  459ms
   ✓ business cases (ar) > sections: saves only the changed section with If-Match; blank text is refused inline and nothing is sent  1288ms
   ✓ business cases (ar) > sections: a 409 shows the standard conflict panel (nothing saved) with the current values  554ms
   ✓ business cases (ar) > lines: exactly one class from one select; the value basis follows the class; a 422 is translated  606ms
   ✓ business cases (ar) > Finance validation: a business approval for FIN who did not author the case; If-Match; translated 403  375ms
 ✓ |unit-web| src/pages/portfolio/fe-e.test.tsx (18 tests) 7241ms
   ✓ Funding decisions (en) > is a labelled business approval with no 'on behalf of' control; rationale required; POST with an Idempotency-Key  1533ms
   ✓ Funding decisions (en) > the BE-E 422s are the dialog's one translated alert; funding.amount_invalid is also inline at /amount  596ms
   ✓ Funding decisions (ar) > is a labelled business approval with no 'on behalf of' control; rationale required; POST with an Idempotency-Key  527ms
   ✓ Funding decisions (ar) > the BE-E 422s are the dialog's one translated alert; funding.amount_invalid is also inline at /amount  470ms
   ✓ Deliverables and milestones on the card (en) > creates (Idempotency-Key), edits (If-Match) and archives (reason, If-Match) a deliverable  663ms
   ✓ Deliverables and milestones on the card (en) > creates a milestone with its wave and forecast, and edits it with If-Match  310ms
   ✓ Deliverables and milestones on the card (en) > a cancelled initiative shows deliverables, milestones and funding with no write control  306ms
   ✓ Deliverables and milestones on the card (en) > the card edit form translates initiative.planned_range specifically (RecordDialog namespaces)  372ms
   ✓ Deliverables and milestones on the card (ar) > creates (Idempotency-Key), edits (If-Match) and archives (reason, If-Match) a deliverable  411ms
   ✓ Deliverables and milestones on the card (ar) > creates a milestone with its wave and forecast, and edits it with If-Match  322ms
   ✓ Deliverables and milestones on the card (ar) > the card edit form translates initiative.planned_range specifically (RecordDialog namespaces)  401ms
 ✓ |unit-web| src/auth/session-identity.test.tsx (18 tests) 6410ms
   ✓ F-DG2-500 a session end on the sign-in page (en) > W5: Back to /login after A's session ends, B signs in with the development form: B never sees A's records  1160ms
   ✓ F-DG2-500 a session end on the sign-in page (en) > W5b (OIDC mode): B signs in in another tab and this tab's /me re-probe brings B: B never sees A's records  660ms
   ✓ F-DG2-500 an identity change with no session end in this tab (en) > a refocus /me that returns another identity removes every session query before B renders, and drops A's drafts  389ms
   ✓ F-DG2-500 sign-out here and 403 (en) > signing out here clears everything; B signing in afterwards never sees A's records  687ms
   ✓ F-DG2-500 a session end on the sign-in page (ar) > W5: Back to /login after A's session ends, B signs in with the development form: B never sees A's records  594ms
   ✓ F-DG2-500 a session end on the sign-in page (ar) > W5b (OIDC mode): B signs in in another tab and this tab's /me re-probe brings B: B never sees A's records  593ms
   ✓ F-DG2-500 sign-out here and 403 (ar) > signing out here clears everything; B signing in afterwards never sees A's records  673ms
 ✓ |unit-web| src/pages/roadmap/roadmap.test.tsx (14 tests) 4687ms
   ✓ roadmap (en) > shows the four source waves verbatim (English source also shown in Arabic) with overlapping horizons  509ms
   ✓ roadmap (en) > moving a milestone PATCHes the forecast with If-Match and the timeline, table and board all show the new date from one refetch  508ms
   ✓ roadmap (en) > a 409 on moving a milestone shows the conflict notice and reloads the roadmap  392ms
   ✓ roadmap (en) > re-approving a date requires a reason; then it is POSTed with If-Match  358ms
   ✓ roadmap (en) > deliverable acceptance sends the AcceptanceDecision with If-Match (no 'on behalf of' control)  331ms
   ✓ roadmap (ar) > moving a milestone PATCHes the forecast with If-Match and the timeline, table and board all show the new date from one refetch  371ms
   ✓ roadmap (ar) > a 409 on moving a milestone shows the conflict notice and reloads the roadmap  332ms
   ✓ roadmap (ar) > re-approving a date requires a reason; then it is POSTed with If-Match  392ms
   ✓ roadmap (ar) > deliverable acceptance sends the AcceptanceDecision with If-Match (no 'on behalf of' control)  598ms
 ✓ |unit-web| src/pages/dispensations/dispensations.test.tsx (12 tests) 4816ms
   ✓ Dispensations (en) > lists waivers and inherited approvals; unverified evidence is shown as unverified; recorder cannot decide  734ms
   ✓ Dispensations (en) > a waiver needs a reason and an expiry: refused inline, nothing sent; then sent with its scope  367ms
   ✓ Dispensations (en) > an inherited approval (Modular) needs the approving body, the date and evidence; 422s are translated  478ms
   ✓ Dispensations (en) > deciding is a labelled business approval; the delegated-decision 422 and the recorder 403 are translated  731ms
   ✓ Dispensations (ar) > a waiver needs a reason and an expiry: refused inline, nothing sent; then sent with its scope  404ms
   ✓ Dispensations (ar) > an inherited approval (Modular) needs the approving body, the date and evidence; 422s are translated  567ms
   ✓ Dispensations (ar) > deciding is a labelled business approval; the delegated-decision 422 and the recorder 403 are translated  558ms
 ✓ |unit-web| src/pages/gates/g4.test.tsx (16 tests) 6267ms
   ✓ G4 refusal item by item (en) > two initiatives without owners: two separate translated 'Owners' items, never the joined English message  745ms
   ✓ G4 refusal item by item (en) > without a usable gate view: one translated line per refused criterion, never the English message  529ms
   ✓ G4 refusal item by item (ar) > two initiatives without owners: two separate translated 'Owners' items, never the joined English message  433ms
   ✓ G4 refusal item by item (ar) > without a usable gate view: one translated line per refused criterion, never the English message  577ms
   ✓ G4 view (en) > lists the eight G4 criteria with their missing items: 'Owners', 'Finance validation' and the initiative  423ms
   ✓ G4 view (en) > a refused submission shows the 422 list with the initiative names, translated  486ms
   ✓ G4 view (en) > the decision's 403 urn:mth:problem:forbidden is translated  597ms
   ✓ G4 view (en) > the decision's 403 urn:mth:problem:forbidden is translated  434ms
   ✓ G4 view (en) > the decision's 409 urn:mth:problem:version-conflict is translated  380ms
   ✓ G4 view (ar) > the decision's 403 urn:mth:problem:forbidden is translated  531ms
   ✓ G4 view (ar) > the decision's 409 urn:mth:problem:version-conflict is translated  365ms
 ✓ |unit-web| src/pages/dependencies/dependencies.test.tsx (12 tests) 4354ms
   ✓ dependencies (en) > shows the seven T08 columns, an External source, the type label and the needed-by conflict flag  615ms
   ✓ dependencies (en) > a cycle is refused and shown as the translated message with the path INI-01 → INI-02 → INI-03 → INI-01  775ms
   ✓ dependencies (en) > an External source is sent as {kind: external, label}  442ms
   ✓ dependencies (en) > dependency types: system types are undeletable; an administrator may retire a custom type  532ms
   ✓ dependencies (en) > a system type's 422 dependency_type.system_undeletable is translated  321ms
   ✓ dependencies (ar) > an External source is sent as {kind: external, label}  341ms
   ✓ dependencies (ar) > a system type's 422 dependency_type.system_undeletable is translated  320ms
 ✓ |unit-web| src/pages/roadmap/fe-e.test.tsx (8 tests) 3818ms
   ✓ wave editing (en) > edits planned dates (overlap accepted) with If-Match; the source text is read-only and never sent  962ms
   ✓ wave editing (en) > 422 roadmap_wave.planned_range is inline at the planned end and translated  313ms
   ✓ wave editing (en) > adds a non-source wave with its bilingual texts (POST, Idempotency-Key)  1154ms
   ✓ wave editing (ar) > adds a non-source wave with its bilingual texts (POST, Idempotency-Key)  624ms
 ✓ |unit-web| src/pages/gates/g1-agreements.test.tsx (10 tests) 4142ms
   ✓ G1 agreements step (en) > approving G1 needs the three labelled confirmations; then sends agreements with all three true  1199ms
   ✓ G1 agreements step (en) > a non-approve outcome on G1 sends no agreements (even after ticking them)  387ms
   ✓ G1 agreements step (en) > the server's 422 gate.g1_agreements_required is the one form-level alert, with the missing confirmations  449ms
   ✓ G1 agreements step (ar) > approving G1 needs the three labelled confirmations; then sends agreements with all three true  423ms
   ✓ G1 agreements step (ar) > a non-approve outcome on G1 sends no agreements (even after ticking them)  407ms
 ✓ |unit-web| src/components/LanguageSwitch.test.tsx (10 tests) 3512ms
   ✓ a refused language save, 'en' → other ('403 csrf') > keeps ar on screen and says, in ar, that it was not saved  1026ms
   ✓ a refused language save, 'ar' → other ('403 csrf') > keeps en on screen and says, in en, that it was not saved  497ms
   ✓ a refused language save, 'en' → other ('403 forbidden') > keeps ar on screen and says, in ar, that it was not saved  583ms
   ✓ a refused language save, 'ar' → other ('503') > keeps en on screen and says, in en, that it was not saved  483ms
 ✓ |unit-web| src/components/RecordForm.alerts.test.tsx (16 tests) 1859ms
   ✓ record form: one alert per distinct form error (en) > dialog > a 400 whose only field error has pointer "" says its message once, in one live region  496ms
 ✓ |unit-web| src/pages/capacity/capacity.test.tsx (6 tests) 1887ms
   ✓ capacity (en) > the role × month grid shows decimal FTE, the conflict with its shortfall, and Unknown capacity as Unknown (never 0)  531ms
   ✓ capacity (en) > committing a demand POSTs with If-Match; a 409 shows the conflict notice and reloads  451ms
 ✓ |unit-web| src/app/app.test.tsx (17 tests) 3014ms
   ✓ bilingual shell > shows all fourteen areas to an administrator  393ms
   ✓ bilingual shell > hides Administration from a Workstream Lead, and the admin route shows no-permission  467ms
   ✓ transformations > lists transformations with a sortable code column and removable filter chips  365ms
 ✓ |unit-web| src/pages/transformations/modeGuidance.test.tsx (5 tests) 1369ms
   ✓ New transformation: mode guidance (English LTR) > shows When to use and How for the selected mode and switches with the mode  675ms
 ✓ |unit-web| src/app/p3-seams.test.tsx (10 tests) 1983ms
   ✓ P3 routes > workspace tabs (en) > the workspace tabs include the P3 tabs, labelled from their own namespaces  544ms
   ✓ P3 navigation areas > en /initiatives-roadmaps leads into the Initiatives and Roadmaps tab of each transformation  315ms
   ✓ P3 navigation areas > ar /initiatives-roadmaps leads into the المبادرات وخرائط الطريق tab of each transformation  301ms
   ✓ P3 navigation areas > ar /benefits-finance leads into the المنافع والمالية tab of each transformation  307ms
 ✓ |unit-web| src/pages/gates/inherited-approval.test.tsx (16 tests) 2845ms
   ✓ inherited-approval annotation (en) > Gates list: G1 pending_verification (counts false) is a badge next to 'Not submitted'  446ms
   ✓ inherited-approval annotation (en) > gate view: an accepted inherited approval is a labelled row beside the 'Not submitted' status  307ms
 ✓ |unit-web| src/components/States.test.tsx (15 tests) 573ms
 ✓ |unit-web| src/lib/auditChanges.test.ts (125 tests) 115ms
 ✓ |unit-web| src/pages/readiness/readiness.test.tsx (4 tests) 1364ms
   ✓ Readiness (en) > lists the missing diagnostic areas by name, the gates and the translated sequencing blockers  628ms
 ✓ |unit-web| src/test/react-warning-guard.test.tsx (4 tests) 79ms
 ✓ |unit-web| src/i18n/i18n.test.ts (11 tests) 57ms
 ✓ |unit-web| src/lib/lib.test.ts (24 tests) 112ms
 ✓ |unit-web| src/i18n/glossary.test.ts (8 tests) 16ms
 ✓ |unit-web| src/styles/styles.test.ts (6 tests) 19ms
 ✓ |unit-web| src/pages/business-cases/problem-codes.test.ts (4 tests) 28ms
 ✓ |unit-web| src/test/harness-config.test.ts (2 tests) 6ms
 ✓ |unit-node| apps/api/src/modules/workflows/workflows.test.ts (14 tests) 1691ms
   ✓ workflows module (P2) > its declared boundary holds, and an undeclared dependency would be caught  1561ms
 ✓ |unit-node| packages/shared/src/kpi/property.test.ts (11 tests) 1073ms
 ✓ |unit-node| apps/api/src/architecture.test.ts (137 tests) 10178ms
   ✓ API module boundaries (ADR-0002) > every import respects dependsOn, public surfaces and allowed packages  6552ms
   ✓ package dependency direction (ADR-0002 rule 5) > packages/shared imports no workspace package  613ms
   ✓ package dependency direction (ADR-0002 rule 5) > apps/web never imports @mth/db or @mth/config (browser bundle, no secrets)  2215ms
 ✓ |unit-node| packages/shared/src/formula/fuzz.test.ts (111 tests) 12443ms
   ✓ fuzz: no uncaught exception, no code execution > 10 000 random byte strings (0–255, up to 80 bytes)  2214ms
   ✓ fuzz: no uncaught exception, no code execution > 10 000 random UTF-16 strings including astral code points and lone surrogates  1807ms
   ✓ fuzz: no uncaught exception, no code execution > 20 000 random strings over the grammar alphabet reach parser, type checker and evaluator  5592ms
   ✓ source scan: no dynamic code in packages/shared/src/formula (ADR-0024 §6) > every file of the engine's import closure gets the engine-source lint rules (eslint.config.js)  1993ms
   ✓ source scan: no dynamic code in packages/shared/src/formula (ADR-0024 §6) > ESLint refuses the round-5 handler forms (G1, G2, A1, A2), F1 and every lintable probe-table row in an engine source  513ms
 ✓ |unit-node| apps/api/src/modules/kpi/kpi.test.ts (37 tests) 1577ms
   ✓ kpi module (P2) > its declared boundary holds, and a planted bypass or undeclared dependency would be caught  1500ms
 ✓ |unit-node| packages/shared/src/scoring.test.ts (36 tests) 494ms
   ✓ property: all 5^5 integer score combinations under v1 equal an independent BigInt rational computation > stored value, 2-digit display and 0–100 view all match for 3125 combinations  448ms
 ✓ |unit-node| apps/api/src/modules/evidence/evidence.test.ts (13 tests) 520ms
   ✓ evidence module (P2) > its declared boundary holds  405ms
 ✓ |unit-node| apps/api/src/server.test.ts (6 tests) 694ms
   ✓ route registration > declares access on every /api route and on the health endpoints  340ms
 ✓ |unit-node| apps/api/src/modules/platform/in-flight.test.ts (4 tests) 315ms
 ✓ |unit-node| packages/config/src/load.test.ts (17 tests) 97ms
 ✓ |unit-node| apps/api/src/modules/methodology/methodology.test.ts (4 tests) 292ms
 ✓ |unit-node| apps/api/src/modules/reporting/reporting.test.ts (4 tests) 207ms
 ✓ |unit-node| packages/shared/src/value.test.ts (29 tests) 215ms
 ✓ |unit-node| apps/api/src/modules/platform/platform.test.ts (19 tests) 140ms
 ✓ |unit-node| apps/api/src/modules/platform/media-types.test.ts (57 tests) 238ms
 ✓ |unit-node| packages/shared/src/schemas/schemas.test.ts (69 tests) 196ms
 ✓ |unit-node| apps/api/src/modules/platform/connection-hygiene.test.ts (6 tests) 87ms
 ✓ |unit-node| apps/api/src/request-encoding.test.ts (11 tests) 113ms
 ✓ |unit-node| packages/shared/src/formula/formula.test.ts (140 tests) 126ms
 ✓ |unit-node| apps/api/src/modules/admin/branding.test.ts (4 tests) 99ms
 ✓ |unit-node| apps/api/src/modules/platform/incomplete-body.test.ts (10 tests) 81ms
 ✓ |unit-node| packages/shared/src/time/working-days.test.ts (19 tests) 41ms
 ✓ |unit-node| packages/db/src/seed.test.ts (25 tests) 51ms
(node:3593) [FSTDEP022] FastifyWarning: The router options for constraints property access is deprecated. Please use "options.routerOptions" instead for accessing router options. The router options will be removed in `fastify@6`.
(Use `node --trace-warnings ...` to show where the warning was created)
 ✓ |unit-node| apps/api/src/modules/platform/framework-errors.test.ts (6 tests) 37ms
 ✓ |unit-node| packages/design-tokens/src/tokens.test.ts (15 tests) 53ms
 ✓ |unit-node| packages/shared/src/kpi/a05.test.ts (17 tests) 36ms
 ✓ |unit-node| apps/api/src/modules/benefits/register-rules.test.ts (45 tests) 31ms
 ✓ |unit-node| packages/shared/src/kpi/types.test.ts (40 tests) 39ms
 ✓ |unit-node| apps/api/src/modules/platform/advisory-locks.test.ts (3 tests) 45ms
 ✓ |unit-node| packages/shared/src/kpi/formula-binding.test.ts (26 tests) 19ms
 ✓ |unit-node| packages/shared/src/kpi/purity.test.ts (14 tests) 31ms
 ✓ |unit-node| apps/api/src/modules/kpi/rules.test.ts (30 tests) 55ms
 ✓ |unit-node| apps/api/src/modules/benefits/d2-rules.test.ts (15 tests) 47ms
 ✓ |unit-node| apps/api/src/modules/kpi/formulas.test.ts (10 tests) 37ms
 ✓ |unit-node| apps/api/src/modules/kpi/p3-gate-facts.test.ts (9 tests) 16ms
 ✓ |unit-node| apps/api/src/modules/platform/health.test.ts (2 tests) 68ms
 ✓ |unit-node| packages/shared/src/kpi/change.test.ts (22 tests) 68ms
 ✓ |unit-node| packages/shared/src/kpi/periods.test.ts (26 tests) 26ms
 ✓ |unit-node| apps/api/src/modules/benefits/benefits.test.ts (2 tests) 22ms
 ✓ |unit-node| apps/api/src/modules/kpi/totals.test.ts (20 tests) 23ms
 ✓ |unit-node| apps/api/src/modules/transformations/thesis.test.ts (4 tests) 6ms
 ✓ |unit-node| apps/api/src/modules/access/rules.test.ts (12 tests) 9ms
 ✓ |unit-node| apps/api/src/modules/adoption/adoption.test.ts (2 tests) 19ms
 ✓ |unit-node| packages/shared/src/schemas/roadmap.test.ts (6 tests) 26ms
 ✓ |unit-node| apps/api/src/modules/tasks/tasks.test.ts (5 tests) 44ms
 ✓ |unit-node| packages/shared/src/kpi/trajectory.test.ts (14 tests) 12ms
 ✓ |unit-node| apps/api/src/modules/transformations/good-outcome.test.ts (7 tests) 25ms
 ✓ |unit-node| packages/shared/src/kpi/rag.test.ts (38 tests) 59ms
 ✓ |unit-node| apps/api/src/modules/portfolio/sequencing.test.ts (9 tests) 9ms
 ✓ |unit-node| apps/api/src/modules/raid/raid.test.ts (2 tests) 13ms
 ✓ |unit-node| packages/shared/src/kpi/measures.test.ts (30 tests) 13ms
 ✓ |unit-node| apps/api/src/modules/sustainment/sustainment.test.ts (2 tests) 16ms
 ✓ |unit-node| packages/shared/src/kpi/aggregate.test.ts (20 tests) 22ms
 ✓ |unit-node| packages/shared/src/kpi/status.test.ts (25 tests) 27ms
 ✓ |unit-node| apps/api/src/modules/identity/oidc-claims.test.ts (5 tests) 8ms
 ✓ |unit-node| apps/api/src/modules/platform/request-encoding.test.ts (7 tests) 8ms
 ✓ |unit-node| apps/api/src/modules/governance/governance.test.ts (2 tests) 33ms
 ✓ |unit-node| apps/api/src/modules/platform/db-errors.test.ts (7 tests) 9ms
 ✓ |unit-node| apps/api/src/modules/workflows/g4.test.ts (5 tests) 34ms
 ✓ |unit-node| apps/api/src/modules/portfolio/capacity.test.ts (4 tests) 6ms
 ✓ |unit-node| apps/api/src/modules/platform/db-errors-p4.test.ts (5 tests) 10ms
 ✓ |unit-node| apps/api/src/modules/portfolio/schedule.test.ts (14 tests) 15ms
 ✓ |unit-node| apps/api/src/modules/transformations/exclusions.test.ts (19 tests) 5ms
 ✓ |unit-node| apps/api/src/modules/workflows/t08-cycle-problem.test.ts (2 tests) 8ms
 ✓ |unit-node| apps/api/src/modules/transformations/transitions.test.ts (2 tests) 4ms

 Test Files  103 passed (103)
      Tests  2064 passed (2064)
   Start at  06:15:58
   Duration  156.59s (transform 9.79s, setup 8.25s, collect 102.82s, tests 277.95s, environment 29.38s, prepare 12.68s)


 RUN  v3.2.4 /home/user/wt/dg4-kbe-d2

 ✓ |unit-formula-nocodegen| packages/shared/src/formula/codegen.nocodegen.test.ts (10 tests) 12ms
 ✓ |unit-formula-nocodegen| packages/shared/src/formula/formula.test.ts (140 tests) 130ms
 ✓ |unit-formula-nocodegen| packages/shared/src/formula/fuzz.test.ts (111 tests | 2 skipped) 5371ms
   ✓ fuzz: no uncaught exception, no code execution > 10 000 random byte strings (0–255, up to 80 bytes)  1546ms
   ✓ fuzz: no uncaught exception, no code execution > 10 000 random UTF-16 strings including astral code points and lone surrogates  1298ms
   ✓ fuzz: no uncaught exception, no code execution > 20 000 random strings over the grammar alphabet reach parser, type checker and evaluator  2498ms

 Test Files  3 passed (3)
      Tests  259 passed | 2 skipped (261)
   Start at  06:18:35
   Duration  6.49s (transform 473ms, setup 0ms, collect 1.13s, tests 5.51s, environment 0ms, prepare 426ms)

