### Thu Oct  8 13:54:28 UTC 2026 node v24.21.0 $ pnpm -r typecheck
Scope: 7 of 8 workspace projects
packages/shared typecheck$ tsc -p tsconfig.json
packages/design-tokens typecheck$ tsc -p tsconfig.json
packages/design-tokens typecheck: Done
packages/shared typecheck: Done
apps/web typecheck$ tsc -p tsconfig.json && tsc -p tsconfig.e2e.json
packages/config typecheck$ tsc -p tsconfig.json
packages/config typecheck: Done
apps/web typecheck: Done
packages/db typecheck$ tsc -p tsconfig.json
packages/db typecheck: Done
apps/api typecheck$ tsc -p tsconfig.json
apps/worker typecheck$ tsc -p tsconfig.json
apps/worker typecheck: Done
apps/api typecheck: Done
### exit_status: 0
### Thu Oct  8 13:55:06 UTC 2026 node v24.21.0 $ pnpm -r build
apps/web build: dist/assets/vendor-forms-5DO4ewRy.js                                 110.88 kB │ gzip:  36.24 kB │ map:   652.19 kB
apps/web build: dist/assets/vendor-react-KfPm9aBL.js                                 273.19 kB │ gzip:  87.37 kB │ map: 1,376.51 kB
apps/web build: dist/assets/index-C2hjXGPG.js                                      1,015.25 kB │ gzip: 254.54 kB │ map: 2,315.12 kB
apps/web build: (!) Some chunks are larger than 500 kB after minification. Consider:
apps/web build: - Using dynamic import() to code-split the application
apps/web build: - Use build.rollupOptions.output.manualChunks to improve chunking: https://rollupjs.org/configuration-options/#output-manualchunks
apps/web build: - Adjust chunk size limit for this warning via build.chunkSizeWarningLimit.
apps/web build: ✓ built in 4.20s
apps/web build: Done
packages/db build$ tsc -p tsconfig.build.json
packages/db build: Done
apps/api build$ tsc -p tsconfig.build.json
apps/worker build$ tsc -p tsconfig.build.json
apps/worker build: Done
apps/api build: Done
### exit_status: 0
### Thu Oct  8 13:55:40 UTC 2026 node v24.21.0 $ pnpm lint

> mobily-transformation-hub@0.1.0 lint /home/user/wt/dg3-kbe-f
> eslint . --max-warnings=0

### exit_status: 0
### Thu Oct  8 13:55:50 UTC 2026 node v24.21.0 $ npx eslint packages/shared/src/formula/ packages/shared/src/value.ts
### exit_status: 0
