### Thu Oct  8 14:09:22 UTC 2026 node v24.21.0
$ node tools/gates/validate.mjs --historical --stage DG2
PASS gate DG2 (historical)
### exit_status: 0
$ git ls-files -co --exclude-standard -z | xargs -0 npx prettier --check --ignore-unknown
      7 All matched files use Prettier code style!
      7 Checking formatting...
### exit_status: 0
$ npx eslint packages/shared/src/formula/ packages/shared/src/value.ts
### exit_status: 0
$ git status --short (tracked changes)
 M docs/architecture/adr/ADR-0024-p3-business-case-and-formula-foundation.md
 M docs/architecture/p3-work-split.md
 M eslint.config.js
 M packages/shared/src/formula/codegen.nocodegen.test.ts
 M packages/shared/src/formula/evaluate.ts
 M packages/shared/src/formula/formula.test.ts
 M packages/shared/src/formula/fuzz.test.ts
 M packages/shared/src/formula/index.ts
 M packages/shared/src/value.ts
### untracked under docs/:
?? docs/delivery/handbacks/DG3/T-DG3-KBE-F-evidence/
?? docs/delivery/handbacks/DG3/T-DG3-KBE-F-kpi-benefits-engineer.md
### Thu Oct  8 14:10:47 UTC 2026 end
