# qa's R16 spec (all of R16-01..06; sha256 408a6a14) on the FE15 build, copied unchanged to e2e/fe15-run-dg2-qa-r16.spec.ts temporarily and removed after; real API + PostgreSQL; node v24.21.0; LANG=C.UTF-8; 2026-10-07T18:17:22Z
# cmd: LANG=C.UTF-8 QA_E2E_API_PORT=26431 QA_E2E_PG_PORT=26432 PLAYWRIGHT_BROWSERS_PATH=/opt/pw-browsers E2E_SCREENSHOT_DIR=$TMPDIR/qa-shots-cutf8 e2e/support/qa-stack.sh npx playwright test fe15-run-dg2-qa-r16 --workers=1 --reporter=list
port-policy: PostgreSQL listening on port 26432 (attempt 1)
qa e2e cluster: PostgreSQL 16.13 (Ubuntu 16.13-0ubuntu0.24.04.1) on x86_64-pc-linux-gnu, compiled by gcc (Ubuntu 13.3.0-6ubuntu2~24.04.1) 13.3.0, 64-bit
qa e2e database mth: server_encoding UTF8, lc_collate C, lc_ctype C
mth-db migrate: applying 0001_identity_access.sql
mth-db migrate: applying 0002_transformation.sql
mth-db migrate: applying 0003_audit_event.sql
mth-db migrate: applying 0004_outbox_jobs.sql
mth-db migrate: applying 0005_seed_roles_permissions.sql
mth-db migrate: applying 0006_pgboss_schema_v25.sql
mth-db migrate: applying 0007_oidc_login_browser_binding.sql
mth-db migrate: applying 0008_scoped_assignment_derived_from.sql
mth-db migrate: applying 0009_business_unit_hierarchy_guard.sql
mth-db migrate: applying 0010_p2_record_guards.sql
mth-db migrate: applying 0011_p2_methodology_catalogue.sql
mth-db migrate: applying 0012_p2_evidence.sql
mth-db migrate: applying 0013_p2_direction_charter.sql
mth-db migrate: applying 0014_p2_kpi_baseline_value_pool.sql
mth-db migrate: applying 0015_p2_diagnose.sql
mth-db migrate: applying 0016_p2_design_tom.sql
mth-db migrate: applying 0017_p2_decisions_gates.sql
mth-db migrate: applying 0018_p2_access_instantiation.sql
mth-db migrate: applying 0019_evidence_review_separation.sql
mth-db migrate: applied 19 migration(s)
mth-db seed-dev: seeded SYNTHETIC dev users: dev.admin, dev.office, dev.lead, dev.auditor, dev.nobody
port-policy: API listening on port 26431 (attempt 1)
API:     http://localhost:26431
healthz: {"status":"ok"}
readyz:  {"status":"ready","checks":{"database":"ok","migrations":"ok"}}

Running 12 tests using 1 worker

  ✓   1 [chromium-en] › e2e/fe15-run-dg2-qa-r16.spec.ts:257:1 › R16-01 a CREATE in flight when B signs in in another tab: B never sees A's record and is not navigated to it (1.2m)
  ✓   2 [chromium-en] › e2e/fe15-run-dg2-qa-r16.spec.ts:310:1 › R16-02 an EDIT in flight when B signs in in another tab: A's updated record never lands in B's view or cache (1.1m)
  ✓   3 [chromium-en] › e2e/fe15-run-dg2-qa-r16.spec.ts:353:1 › R16-03 an ARCHIVE in flight when B signs in in another tab: A's archived record and reason never show for B (1.1m)
  ✓   4 [chromium-en] › e2e/fe15-run-dg2-qa-r16.spec.ts:400:1 › R16-04 normal create, edit, evidence upload and archive still update the screen and navigate as before (4.1s)
  ✓   5 [chromium-en] › e2e/fe15-run-dg2-qa-r16.spec.ts:506:1 › R16-05 refocus with a new user before /me is stale: the header name and the data always belong to the same user (21.3s)
  ✓   6 [chromium-en] › e2e/fe15-run-dg2-qa-r16.spec.ts:555:1 › R16-06 a CREATE answered before the tab learns of B (the handler's own /me refresh returns B): B never sees A's record (6.6s)
  ✓   7 [chromium-ar] › e2e/fe15-run-dg2-qa-r16.spec.ts:257:1 › R16-01 a CREATE in flight when B signs in in another tab: B never sees A's record and is not navigated to it (1.2m)
  ✓   8 [chromium-ar] › e2e/fe15-run-dg2-qa-r16.spec.ts:310:1 › R16-02 an EDIT in flight when B signs in in another tab: A's updated record never lands in B's view or cache (1.1m)
  ✓   9 [chromium-ar] › e2e/fe15-run-dg2-qa-r16.spec.ts:353:1 › R16-03 an ARCHIVE in flight when B signs in in another tab: A's archived record and reason never show for B (1.1m)
  ✓  10 [chromium-ar] › e2e/fe15-run-dg2-qa-r16.spec.ts:400:1 › R16-04 normal create, edit, evidence upload and archive still update the screen and navigate as before (3.8s)
  ✓  11 [chromium-ar] › e2e/fe15-run-dg2-qa-r16.spec.ts:506:1 › R16-05 refocus with a new user before /me is stale: the header name and the data always belong to the same user (21.3s)
  ✓  12 [chromium-ar] › e2e/fe15-run-dg2-qa-r16.spec.ts:555:1 › R16-06 a CREATE answered before the tab learns of B (the handler's own /me refresh returns B): B never sees A's record (6.4s)

  12 passed (8.0m)
# exit status: 0
