
> mobily-transformation-hub@0.1.0 test /home/user/My-owns
> vitest run --project unit-node --project unit-web


 RUN  v3.2.4 /home/user/My-owns

 ✓ |unit-web| src/auth/session-generation.test.tsx (26 tests) 8018ms
   ✓ F-DG2-530 a write in flight across an identity change (en) > X3: A's PATCH answered after B's /me is not written into B's cache, not shown, and does not navigate B  771ms
   ✓ F-DG2-530 a write in flight across an identity change (en) > X3b: the same after a session END here and B's sign-in: A's late answer never lands  557ms
   ✓ F-DG2-530 a write in flight across an identity change (en) > an archive in flight across an identity change: A's archived record never lands in B's cache  501ms
   ✓ F-DG2-530 a write in flight across an identity change (en) > an organization save in flight across an identity change: A's change is never stored under B  504ms
   ✓ F-DG2-530 a write in flight across an identity change (en) > a user save in flight across an identity change: A's change is never stored under B  538ms
   ✓ F-DG2-530 a write in flight across an identity change (en) > a same-person new session: the in-flight save is dropped silently, the draft is kept and usable  424ms
   ✓ F-DG2-530 X6: refocus and reconnect revalidate GET /me first (en) > the same identity: a refocus refetches /me once, then the stale page queries; nothing when all is fresh  367ms
   ✓ F-DG2-530 a write in flight across an identity change (ar) > X3: A's PATCH answered after B's /me is not written into B's cache, not shown, and does not navigate B  475ms
   ✓ F-DG2-530 a write in flight across an identity change (ar) > X3b: the same after a session END here and B's sign-in: A's late answer never lands  430ms
   ✓ F-DG2-530 a write in flight across an identity change (ar) > an archive in flight across an identity change: A's archived record never lands in B's cache  425ms
   ✓ F-DG2-530 a write in flight across an identity change (ar) > an organization save in flight across an identity change: A's change is never stored under B  487ms
   ✓ F-DG2-530 a write in flight across an identity change (ar) > a user save in flight across an identity change: A's change is never stored under B  494ms
   ✓ F-DG2-530 a write in flight across an identity change (ar) > a same-person new session: the in-flight save is dropped silently, the draft is kept and usable  381ms
   ✓ F-DG2-530 X6: refocus and reconnect revalidate GET /me first (ar) > the same identity: a refocus refetches /me once, then the stale page queries; nothing when all is fresh  350ms
 ✓ |unit-web| src/pages/p2-blank-forms.test.tsx (52 tests) 9937ms
   ✓ gate submission note (en) > a whitespace-only note is refused inline and nothing is sent  424ms
   ✓ journey step editor (en) > several blank fields: each gets the message and focus goes to the first (name)  312ms
   ✓ journey step editor (en) > visible text is sent verbatim; emptied optional text is null; an empty name is required  409ms
   ✓ journey step editor (ar) > visible text is sent verbatim; emptied optional text is null; an empty name is required  341ms
 ✓ |unit-web| src/pages/p2.test.tsx (56 tests) 10344ms
   ✓ Diagnose > shows the six T01 dimensions with Unknown for missing values, and value pools that are never 0  565ms
   ✓ Diagnose > edits a T01 row with only the changed fields and If-Match  320ms
   ✓ Diagnose > a 409 on save writes nothing, compares, and re-applies on the current version  353ms
   ✓ Diagnose > a 400 validation.blank shows a localized message on its field ('en')  396ms
   ✓ Diagnose > a 400 validation.blank shows a localized message on its field ('ar')  363ms
   ✓ Diagnose > an invisible-only value is blocked client-side with validation.blank ('en')  364ms
   ✓ Diagnose > an invisible-only value is blocked client-side with validation.blank ('ar')  419ms
   ✓ Diagnose > a whitespace-only T01 value is an inline blank error and sends nothing ('en')  369ms
   ✓ Diagnose > a whitespace-only T01 value is an inline blank error and sends nothing ('ar')  374ms
   ✓ Diagnose > T01: an emptied field is sent as an explicit null; visible text is sent verbatim  444ms
   ✓ Design > converts an unresolved workshop item into a design decision with If-Match  467ms
 ✓ |unit-web| src/auth/session-bound.test.tsx (34 tests) 6697ms
   ✓ F-DG2-530/580 no effect of A's action after a further await once the tab is B's (en) > Y1: a create whose post-create GET /me returns B: B is not navigated and never sees A's code or name  769ms
   ✓ F-DG2-530/580 no effect of A's action after a further await once the tab is B's (en) > an edit whose identity changes between its awaits: B is not navigated to A's record and keeps nothing of A's  406ms
   ✓ F-DG2-530/580 no effect of A's action after a further await once the tab is B's (en) > an organization create whose identity changes between its awaits: B is not navigated to A's new organization  432ms
   ✓ F-DG2-530/580 no effect of A's action after a further await once the tab is B's (en) > a user create whose identity changes between its awaits: B is not navigated to A's new user  452ms
   ✓ F-DG2-530/580 no effect of A's action after a further await once the tab is B's (ar) > Y1: a create whose post-create GET /me returns B: B is not navigated and never sees A's code or name  509ms
   ✓ F-DG2-530/580 no effect of A's action after a further await once the tab is B's (ar) > an edit whose identity changes between its awaits: B is not navigated to A's record and keeps nothing of A's  367ms
   ✓ F-DG2-530/580 no effect of A's action after a further await once the tab is B's (ar) > an organization create whose identity changes between its awaits: B is not navigated to A's new organization  390ms
   ✓ F-DG2-530/580 no effect of A's action after a further await once the tab is B's (ar) > a user create whose identity changes between its awaits: B is not navigated to A's new user  392ms
   ✓ the convention: no raw navigate or cache write in app code (T-DG2-FE15) > the ESLint rule refuses a raw navigate, a raw cache write and a useNavigate import in a page  951ms
 ✓ |unit-web| src/pages/render-time-language.test.tsx (28 tests) 5257ms
   ✓ journey step editor, 'en' → 'ar' > a field error on a step follows the switch  588ms
   ✓ journey step editor, 'en' → 'ar' > the form-level "Step N:" error follows the switch (prefix and message)  337ms
   ✓ journey step editor, 'ar' → 'en' > a field error on a step follows the switch  326ms
 ✓ |unit-web| src/auth/session-end.test.tsx (12 tests) 6089ms
   ✓ session end while the app is open (en) > a 401 on navigation lands once on sign-in with the message; signing in again returns to the page  976ms
   ✓ session end while the app is open (en) > a 401 on a dialog mutation (the commit-time upload refusal) closes the dialog and lands once on sign-in  760ms
   ✓ session end while the app is open (en) > a sign-out elsewhere noticed by the next /me probe lands once on sign-in, never on the stale shell  474ms
   ✓ session end while the app is open (en) > a 403 (forbidden) is never treated as a session end  423ms
   ✓ session end while the app is open (ar) > a 401 on navigation lands once on sign-in with the message; signing in again returns to the page  595ms
   ✓ session end while the app is open (ar) > a 401 on a dialog mutation (the commit-time upload refusal) closes the dialog and lands once on sign-in  687ms
   ✓ session end while the app is open (ar) > a sign-out elsewhere noticed by the next /me probe lands once on sign-in, never on the stale shell  462ms
   ✓ session end while the app is open (ar) > a 403 (forbidden) is never treated as a session end  452ms
   ✓ session end under <StrictMode> (as in production) > still lands exactly once on sign-in  545ms
   ✓ sign-in page and the cached identity > decides 'already signed in' only from a fresh /me, never from a stale cache  350ms
   ✓ sign-in page and the cached identity > signing out here shows 'signed out', not 'session ended', and no /me loop  347ms
 ✓ |unit-web| src/pages/transformations/transformations.test.tsx (21 tests) 2713ms
   ✓ after create (F-DG1-004) > shows the created record when the server lets the creator read it  386ms
   ✓ effective permissions refresh after create (F-DG1-210) > English: Edit, Archive and the audit trail appear after create, without a reload  364ms
   ✓ effective permissions refresh after create (F-DG1-210) > Arabic (RTL): the same controls and the audit trail appear after create, without a reload  361ms
 ✓ |unit-web| src/pages/team/team.test.tsx (10 tests) 2672ms
   ✓ Team (English LTR) > shows the six governance roles with B0018 accountability text verbatim and who holds each  464ms
   ✓ Team: the success notice follows a language switch, 'en' → 'ar' > the notice is shown in the language now on screen, not the one it was created in  350ms
   ✓ Team: the success notice follows a language switch, 'ar' → 'en' > the notice is shown in the language now on screen, not the one it was created in  323ms
 ✓ |unit-web| src/auth/session-identity.test.tsx (18 tests) 4395ms
   ✓ F-DG2-500 a session end on the sign-in page (en) > W5: Back to /login after A's session ends, B signs in with the development form: B never sees A's records  723ms
   ✓ F-DG2-500 a session end on the sign-in page (en) > W5b (OIDC mode): B signs in in another tab and this tab's /me re-probe brings B: B never sees A's records  479ms
   ✓ F-DG2-500 sign-out here and 403 (en) > signing out here clears everything; B signing in afterwards never sees A's records  515ms
   ✓ F-DG2-500 a session end on the sign-in page (ar) > W5: Back to /login after A's session ends, B signs in with the development form: B never sees A's records  442ms
   ✓ F-DG2-500 a session end on the sign-in page (ar) > W5b (OIDC mode): B signs in in another tab and this tab's /me re-probe brings B: B never sees A's records  410ms
   ✓ F-DG2-500 sign-out here and 403 (ar) > signing out here clears everything; B signing in afterwards never sees A's records  499ms
 ✓ |unit-web| src/app/app.test.tsx (17 tests) 1453ms
 ✓ |unit-web| src/components/RecordForm.alerts.test.tsx (16 tests) 985ms
 ✓ |unit-web| src/components/LanguageSwitch.test.tsx (10 tests) 2365ms
   ✓ a refused language save, 'en' → other ('403 csrf') > keeps ar on screen and says, in ar, that it was not saved  566ms
   ✓ a refused language save, 'ar' → other ('403 csrf') > keeps en on screen and says, in en, that it was not saved  406ms
   ✓ a refused language save, 'en' → other ('403 forbidden') > keeps ar on screen and says, in ar, that it was not saved  429ms
   ✓ a refused language save, 'ar' → other ('503') > keeps en on screen and says, in en, that it was not saved  394ms
 ✓ |unit-web| src/components/States.test.tsx (15 tests) 339ms
 ✓ |unit-web| src/lib/lib.test.ts (24 tests) 55ms
 ✓ |unit-web| src/test/react-warning-guard.test.tsx (4 tests) 34ms
 ✓ |unit-web| src/pages/transformations/modeGuidance.test.tsx (5 tests) 836ms
   ✓ New transformation: mode guidance (English LTR) > shows When to use and How for the selected mode and switches with the mode  373ms
 ✓ |unit-web| src/i18n/i18n.test.ts (11 tests) 29ms
 ✓ |unit-web| src/i18n/glossary.test.ts (8 tests) 11ms
 ✓ |unit-web| src/lib/auditChanges.test.ts (15 tests) 21ms
 ✓ |unit-web| src/styles/styles.test.ts (6 tests) 8ms
 ✓ |unit-web| src/test/harness-config.test.ts (2 tests) 3ms
 ✓ |unit-node| apps/api/src/modules/workflows/workflows.test.ts (14 tests) 570ms
   ✓ workflows module (P2) > its declared boundary holds, and an undeclared dependency would be caught  535ms
 ✓ |unit-node| packages/shared/src/formula/fuzz.test.ts (5 tests) 3865ms
   ✓ fuzz: no uncaught exception, no code execution > 10 000 random byte strings (0–255, up to 80 bytes)  974ms
   ✓ fuzz: no uncaught exception, no code execution > 10 000 random UTF-16 strings including astral code points and lone surrogates  975ms
   ✓ fuzz: no uncaught exception, no code execution > 20 000 random strings over the grammar alphabet reach parser, type checker and evaluator  1910ms
 ✓ |unit-node| apps/api/src/architecture.test.ts (136 tests) 3147ms
   ✓ API module boundaries (ADR-0002) > every import respects dependsOn, public surfaces and allowed packages  1722ms
   ✓ package dependency direction (ADR-0002 rule 5) > apps/web never imports @mth/db or @mth/config (browser bundle, no secrets)  727ms
 ✓ |unit-node| packages/shared/src/scoring.test.ts (36 tests) 371ms
   ✓ property: all 5^5 integer score combinations under v1 equal an independent BigInt rational computation > stored value, 2-digit display and 0–100 view all match for 3125 combinations  331ms
 ✓ |unit-node| apps/api/src/modules/kpi/kpi.test.ts (18 tests) 435ms
   ✓ kpi module (P2) > its declared boundary holds, and a planted bypass or undeclared dependency would be caught  400ms
 ✓ |unit-node| apps/api/src/modules/evidence/evidence.test.ts (13 tests) 328ms
 ✓ |unit-node| apps/api/src/modules/platform/in-flight.test.ts (4 tests) 276ms
 ✓ |unit-node| packages/shared/src/schemas/schemas.test.ts (69 tests) 153ms
 ✓ |unit-node| packages/shared/src/value.test.ts (29 tests) 139ms
 ✓ |unit-node| apps/api/src/modules/methodology/methodology.test.ts (4 tests) 197ms
 ✓ |unit-node| apps/api/src/server.test.ts (6 tests) 305ms
 ✓ |unit-node| apps/api/src/modules/platform/platform.test.ts (19 tests) 112ms
 ✓ |unit-node| apps/api/src/modules/reporting/reporting.test.ts (4 tests) 130ms
 ✓ |unit-node| apps/api/src/modules/platform/media-types.test.ts (57 tests) 126ms
 ✓ |unit-node| packages/config/src/load.test.ts (17 tests) 69ms
 ✓ |unit-node| apps/api/src/modules/platform/connection-hygiene.test.ts (6 tests) 74ms
 ✓ |unit-node| packages/shared/src/formula/formula.test.ts (136 tests) 75ms
 ✓ |unit-node| packages/design-tokens/src/tokens.test.ts (15 tests) 30ms
 ✓ |unit-node| apps/api/src/modules/platform/incomplete-body.test.ts (10 tests) 58ms
 ✓ |unit-node| apps/api/src/request-encoding.test.ts (11 tests) 62ms
(node:885) [FSTDEP022] FastifyWarning: The router options for constraints property access is deprecated. Please use "options.routerOptions" instead for accessing router options. The router options will be removed in `fastify@6`.
(Use `node --trace-warnings ...` to show where the warning was created)
 ✓ |unit-node| apps/api/src/modules/platform/framework-errors.test.ts (6 tests) 37ms
 ✓ |unit-node| apps/api/src/modules/kpi/rules.test.ts (30 tests) 32ms
 ✓ |unit-node| apps/api/src/modules/platform/health.test.ts (2 tests) 31ms
 ✓ |unit-node| packages/db/src/seed.test.ts (10 tests) 22ms
 ✓ |unit-node| apps/api/src/modules/admin/branding.test.ts (4 tests) 36ms
 ✓ |unit-node| apps/api/src/modules/access/rules.test.ts (12 tests) 6ms
 ✓ |unit-node| apps/api/src/modules/transformations/good-outcome.test.ts (7 tests) 10ms
 ✓ |unit-node| apps/api/src/modules/portfolio/sequencing.test.ts (9 tests) 8ms
 ✓ |unit-node| apps/api/src/modules/platform/db-errors.test.ts (7 tests) 7ms
 ✓ |unit-node| apps/api/src/modules/transformations/exclusions.test.ts (19 tests) 6ms
 ✓ |unit-node| apps/api/src/modules/transformations/thesis.test.ts (4 tests) 6ms
 ✓ |unit-node| apps/api/src/modules/platform/request-encoding.test.ts (7 tests) 7ms
 ✓ |unit-node| apps/api/src/modules/identity/oidc-claims.test.ts (5 tests) 5ms
 ✓ |unit-node| apps/api/src/modules/transformations/transitions.test.ts (2 tests) 4ms

 Test Files  55 passed (55)
      Tests  1123 passed (1123)
   Start at  22:55:45
   Duration  39.75s (transform 2.91s, setup 1.78s, collect 22.69s, tests 73.00s, environment 8.54s, prepare 3.72s)

unit unset exit=0
