
> mobily-transformation-hub@0.1.0 test /home/user/wt/dg4-be-r2
> vitest run --project unit-node --project unit-web && vitest run --project unit-formula-nocodegen


 RUN  v3.2.4 /home/user/wt/dg4-be-r2

 ✓ |unit-node| apps/api/src/modules/kpi/kpi.test.ts (39 tests) 2325ms
   ✓ kpi module (P2) > its declared boundary holds, and a planted bypass or undeclared dependency would be caught  2121ms
 ✓ |unit-node| packages/shared/src/formula/fuzz.test.ts (111 tests) 14041ms
   ✓ fuzz: no uncaught exception, no code execution > 10 000 random byte strings (0–255, up to 80 bytes)  3505ms
   ✓ fuzz: no uncaught exception, no code execution > 10 000 random UTF-16 strings including astral code points and lone surrogates  2750ms
   ✓ fuzz: no uncaught exception, no code execution > 20 000 random strings over the grammar alphabet reach parser, type checker and evaluator  4713ms
   ✓ source scan: no dynamic code in packages/shared/src/formula (ADR-0024 §6) > every file of the engine's import closure gets the engine-source lint rules (eslint.config.js)  2242ms
   ✓ source scan: no dynamic code in packages/shared/src/formula (ADR-0024 §6) > ESLint refuses the round-5 handler forms (G1, G2, A1, A2), F1 and every lintable probe-table row in an engine source  713ms
 ✓ |unit-node| packages/shared/src/kpi/property.test.ts (11 tests) 1322ms
 ✓ |unit-node| apps/api/src/architecture.test.ts (137 tests) 16139ms
   ✓ API module boundaries (ADR-0002) > every import respects dependsOn, public surfaces and allowed packages  10312ms
   ✓ package dependency direction (ADR-0002 rule 5) > packages/shared imports no workspace package  1397ms
   ✓ package dependency direction (ADR-0002 rule 5) > apps/web never imports @mth/db or @mth/config (browser bundle, no secrets)  3216ms
 ✓ |unit-node| apps/api/src/modules/workflows/workflows.test.ts (14 tests) 2883ms
   ✓ workflows module (P2) > registers its routes, each declaring access; every mutation declares a write permission  364ms
   ✓ workflows module (P2) > its declared boundary holds, and an undeclared dependency would be caught  2489ms
 ✓ |unit-node| apps/api/src/modules/evidence/evidence.test.ts (13 tests) 856ms
   ✓ evidence module (P2) > its declared boundary holds  617ms
 ✓ |unit-node| apps/api/src/modules/reporting/reporting.test.ts (4 tests) 1680ms
   ✓ reporting module (P1 scaffold, D-048) > its declared boundary holds, and a planted bypass or undeclared dependency would be caught  1624ms
 ✓ |unit-node| apps/api/src/server.test.ts (6 tests) 2237ms
   ✓ route registration > declares access on every /api route and on the health endpoints  831ms
   ✓ route registration > registers dev login only in AUTH_MODE=dev; production configuration refuses dev mode entirely  578ms
   ✓ session cookie security in production (F-DG1-112) > an https production origin starts  338ms
   ✓ module composition (D-048, P2) > wires the P2 business modules (each registering routes) and keeps reporting a route-free scaffold until P5  443ms
 ✓ |unit-node| packages/shared/src/adoption/measures.test.ts (24 tests) 1326ms
   ✓ properties (seeded) > never 0 for an empty denominator: Unknown with value null exactly when the denominator is 0  645ms
   ✓ properties (seeded) > completion never changes proficiency: any training records leave the proficiency measure identical  503ms
 ✓ |unit-node| apps/api/src/modules/reporting/dashboards/areas.test.ts (19 tests) 592ms
   ✓ combine (ADR-0037 §3 precedence) > property: Unknown or Stale inputs never combine to green, and the result is one of the inputs' ranks (2000 seeded sets)  486ms
 ✓ |unit-node| packages/shared/src/scoring.test.ts (36 tests) 879ms
   ✓ property: all 5^5 integer score combinations under v1 equal an independent BigInt rational computation > stored value, 2-digit display and 0–100 view all match for 3125 combinations  801ms
 ✓ |unit-node| apps/api/src/request-encoding.test.ts (11 tests) 257ms
 ✓ |unit-node| apps/api/src/modules/platform/media-types.test.ts (57 tests) 308ms
 ✓ |unit-node| packages/shared/src/value.test.ts (29 tests) 282ms
 ✓ |unit-node| apps/api/src/modules/tasks/tasks.test.ts (5 tests) 40ms
 ✓ |unit-node| apps/api/src/modules/platform/in-flight.test.ts (4 tests) 283ms
 ✓ |unit-node| apps/api/src/modules/methodology/methodology.test.ts (4 tests) 284ms
 ✓ |unit-node| packages/shared/src/formula/formula.test.ts (140 tests) 238ms
 ✓ |unit-node| apps/api/src/modules/platform/platform.test.ts (19 tests) 214ms
 ✓ |unit-node| apps/api/src/modules/platform/incomplete-body.test.ts (10 tests) 72ms
 ✓ |unit-node| packages/shared/src/schemas/schemas.test.ts (69 tests) 189ms
 ✓ |unit-node| apps/api/src/modules/benefits/d2-rules.test.ts (15 tests) 44ms
 ✓ |unit-node| apps/api/src/modules/kpi/rules.test.ts (30 tests) 67ms
 ✓ |unit-node| apps/api/src/modules/sustainment/sustainment.test.ts (2 tests) 55ms
 ✓ |unit-node| packages/db/src/seed.test.ts (34 tests) 62ms
 ✓ |unit-node| apps/api/src/modules/benefits/register-rules.test.ts (45 tests) 115ms
 ✓ |unit-node| apps/api/src/modules/adoption/adoption.test.ts (2 tests) 98ms
 ✓ |unit-node| apps/api/src/modules/platform/connection-hygiene.test.ts (6 tests) 105ms
 ✓ |unit-node| packages/shared/src/time/working-days.test.ts (19 tests) 153ms
 ✓ |unit-node| apps/api/src/modules/raid/raid.test.ts (7 tests) 81ms
 ✓ |unit-node| apps/api/src/modules/admin/branding.test.ts (4 tests) 163ms
 ✓ |unit-node| packages/config/src/load.test.ts (17 tests) 141ms
(node:689) [FSTDEP022] FastifyWarning: The router options for constraints property access is deprecated. Please use "options.routerOptions" instead for accessing router options. The router options will be removed in `fastify@6`.
(Use `node --trace-warnings ...` to show where the warning was created)
 ✓ |unit-node| apps/api/src/modules/platform/framework-errors.test.ts (6 tests) 43ms
 ✓ |unit-node| apps/api/src/modules/governance/governance.test.ts (2 tests) 50ms
 ✓ |unit-node| apps/api/src/modules/kpi/formulas.test.ts (10 tests) 29ms
 ✓ |unit-node| packages/design-tokens/src/tokens.test.ts (15 tests) 84ms
 ✓ |unit-node| packages/shared/src/kpi/a05.test.ts (17 tests) 83ms
 ✓ |unit-node| packages/shared/src/kpi/change.test.ts (22 tests) 87ms
 ✓ |unit-node| apps/api/src/modules/benefits/totals.test.ts (14 tests) 49ms
 ✓ |unit-node| packages/shared/src/kpi/purity.test.ts (14 tests) 57ms
 ✓ |unit-node| apps/api/src/modules/identity/oidc-claims.test.ts (5 tests) 11ms
 ✓ |unit-node| packages/shared/src/kpi/rag.test.ts (38 tests) 34ms
 ✓ |unit-node| apps/api/src/modules/kpi/totals.test.ts (20 tests) 95ms
 ✓ |unit-node| packages/shared/src/kpi/status.test.ts (25 tests) 11ms
 ✓ |unit-node| apps/api/src/modules/platform/db-errors-p4.test.ts (5 tests) 22ms
 ✓ |unit-node| apps/api/src/modules/kpi/p3-gate-facts.test.ts (9 tests) 22ms
 ✓ |unit-node| packages/shared/src/kpi/aggregate.test.ts (20 tests) 26ms
 ✓ |unit-node| apps/api/src/modules/benefits/benefits.test.ts (2 tests) 156ms
 ✓ |unit-node| apps/api/src/modules/platform/advisory-locks.test.ts (3 tests) 69ms
 ✓ |unit-node| packages/shared/src/kpi/measures.test.ts (30 tests) 11ms
 ✓ |unit-node| apps/api/src/modules/platform/health.test.ts (2 tests) 60ms
 ✓ |unit-node| apps/api/src/modules/portfolio/budget.test.ts (13 tests) 15ms
 ✓ |unit-node| apps/api/src/modules/platform/request-encoding.test.ts (7 tests) 22ms
 ✓ |unit-node| packages/shared/src/kpi/types.test.ts (40 tests) 18ms
 ✓ |unit-node| packages/shared/src/governance/recurrence.test.ts (19 tests) 31ms
 ✓ |unit-node| packages/shared/src/schedule/working-day-slip.test.ts (11 tests) 14ms
 ✓ |unit-node| packages/shared/src/kpi/periods.test.ts (26 tests) 23ms
 ✓ |unit-node| packages/shared/src/kpi/formula-binding.test.ts (26 tests) 108ms
 ✓ |unit-node| apps/api/src/modules/portfolio/schedule.test.ts (14 tests) 9ms
 ✓ |unit-node| apps/api/src/modules/raid/corrective.test.ts (4 tests) 17ms
 ✓ |unit-node| apps/api/src/modules/kpi/kbe-c.test.ts (9 tests) 24ms
 ✓ |unit-node| packages/shared/src/schemas/roadmap.test.ts (6 tests) 23ms
 ✓ |unit-node| apps/api/src/modules/platform/db-errors.test.ts (7 tests) 11ms
 ✓ |unit-node| apps/api/src/modules/workflows/g4.test.ts (5 tests) 6ms
 ✓ |unit-node| apps/api/src/modules/portfolio/sequencing.test.ts (9 tests) 23ms
 ✓ |unit-node| apps/api/src/modules/portfolio/capacity.test.ts (4 tests) 13ms
 ✓ |unit-node| apps/api/src/modules/transformations/good-outcome.test.ts (7 tests) 27ms
 ✓ |unit-node| packages/shared/src/adoption/form-schema.test.ts (8 tests) 12ms
 ✓ |unit-node| packages/shared/src/schedule/critical-path.test.ts (13 tests) 10ms
 ✓ |unit-node| apps/api/src/modules/platform/db-errors-p4-meetings.test.ts (4 tests) 8ms
 ✓ |unit-node| apps/api/src/modules/transformations/thesis.test.ts (4 tests) 32ms
 ✓ |unit-node| packages/shared/src/kpi/trajectory.test.ts (14 tests) 20ms
 ✓ |unit-node| apps/api/src/modules/access/rules.test.ts (12 tests) 15ms
 ✓ |unit-node| packages/shared/src/schemas/corrective.test.ts (10 tests) 20ms
 ✓ |unit-node| apps/api/src/modules/transformations/exclusions.test.ts (19 tests) 6ms
 ✓ |unit-node| apps/api/src/modules/workflows/t08-cycle-problem.test.ts (2 tests) 3ms
 ✓ |unit-node| apps/api/src/modules/portfolio/readiness-transform.test.ts (4 tests) 7ms
 ✓ |unit-node| apps/api/src/modules/transformations/transitions.test.ts (2 tests) 4ms
 ✓ |unit-node| apps/api/src/modules/governance/raci.test.ts (2 tests) 7ms
 ✓ |unit-web| src/pages/render-time-language.test.tsx (28 tests) 17722ms
   ✓ sign-in (dev form), 'en' → 'ar' > an invalid user name: the inline message follows the switch  430ms
   ✓ journey step editor, 'en' → 'ar' > a field error on a step follows the switch  1147ms
   ✓ journey step editor, 'en' → 'ar' > the form-level "Step N:" error follows the switch (prefix and message)  1306ms
   ✓ journey step editor, 'ar' → 'en' > a field error on a step follows the switch  1330ms
   ✓ journey step editor, 'ar' → 'en' > the form-level "Step N:" error follows the switch (prefix and message)  870ms
   ✓ row-action note and reason dialog, 'en' → 'ar' > the Finance validation note's 'required' follows the switch  861ms
   ✓ row-action note and reason dialog, 'en' → 'ar' > the Finance validation choice's 'required' follows the switch  771ms
   ✓ row-action note and reason dialog, 'en' → 'ar' > the archive reason's 'too short' follows the switch  733ms
   ✓ row-action note and reason dialog, 'ar' → 'en' > the Finance validation note's 'required' follows the switch  872ms
   ✓ row-action note and reason dialog, 'ar' → 'en' > the Finance validation choice's 'required' follows the switch  1084ms
   ✓ row-action note and reason dialog, 'ar' → 'en' > the archive reason's 'too short' follows the switch  1427ms
   ✓ gate dialogs, 'en' → 'ar' > the submission note's field error follows the switch  488ms
   ✓ gate dialogs, 'en' → 'ar' > the decision rationale's field error follows the switch  719ms
   ✓ gate dialogs, 'ar' → 'en' > the submission note's field error follows the switch  496ms
   ✓ gate dialogs, 'ar' → 'en' > the decision rationale's field error follows the switch  495ms
   ✓ North Star statement, 'en' → 'ar' > the statement's field error follows the switch  579ms
   ✓ North Star statement, 'ar' → 'en' > the statement's field error follows the switch  408ms
   ✓ evidence dialogs, 'en' → 'ar' > upload without a file: 'required' follows the switch  698ms
   ✓ evidence dialogs, 'en' → 'ar' > a link without a record type or record: both 'required' messages follow the switch  871ms
   ✓ evidence dialogs, 'ar' → 'en' > upload without a file: 'required' follows the switch  734ms
   ✓ evidence dialogs, 'ar' → 'en' > a link without a record type or record: both 'required' messages follow the switch  470ms
 ✓ |unit-web| src/pages/p2.test.tsx (56 tests) 32103ms
   ✓ Diagnose > shows the six T01 dimensions with Unknown for missing values, and value pools that are never 0  892ms
   ✓ Diagnose > shows the totals as Unknown when no pool is quantified  371ms
   ✓ Diagnose > renders the six workstreams with their key questions  630ms
   ✓ Diagnose > edits a T01 row with only the changed fields and If-Match  1279ms
   ✓ Diagnose > a 409 on save writes nothing, compares, and re-applies on the current version  1108ms
   ✓ Diagnose > a 400 validation.blank shows a localized message on its field ('en')  1408ms
   ✓ Diagnose > a 400 validation.blank shows a localized message on its field ('ar')  1031ms
   ✓ Diagnose > an invisible-only value is blocked client-side with validation.blank ('en')  1195ms
   ✓ Diagnose > an invisible-only value is blocked client-side with validation.blank ('ar')  1484ms
   ✓ Diagnose > a whitespace-only T01 value is an inline blank error and sends nothing ('en')  1696ms
   ✓ Diagnose > a whitespace-only T01 value is an inline blank error and sends nothing ('ar')  1207ms
   ✓ Diagnose > T01: an emptied field is sent as an explicit null; visible text is sent verbatim  1056ms
   ✓ Diagnose > Arabic: RTL with Arabic labels and the unquantified label  445ms
   ✓ Define > shows the good outcome test per outcome with pass / fail / unknown and localized reasons  542ms
   ✓ Define > requires a target date on a T02 row before sending anything  416ms
   ✓ Define > sets the North Star with one sentence and no If-Match the first time  375ms
   ✓ Define: KPI activation (F-DG2-201) > offers Activate on a draft KPI, states the unmet precondition on 422, then activates with If-Match  589ms
   ✓ Define: KPI activation (F-DG2-201) > Arabic: the Activate action and the 422 reason are in Arabic  996ms
   ✓ Charter > scope pre-check: an empty Out of scope reads as failing (EN and AR)  1239ms
   ✓ Charter > thesis: the four parts compose the B0037 sentence (EN and AR)  616ms
   ✓ Charter > compares a version with the previous one  316ms
   ✓ Charter > create: a whitespace Case for change is an inline blank error and creates nothing ('en')  558ms
   ✓ Charter > edit: a whitespace Out of scope is an inline blank error, sends nothing and keeps the value (en)  677ms
   ✓ Charter > edit: a whitespace Out of scope is an inline blank error, sends nothing and keeps the value (ar)  694ms
   ✓ Charter > edit: emptying a filled field sends null; visible text is verbatim (en)  598ms
   ✓ Charter > edit: emptying a filled field sends null; visible text is verbatim (ar)  911ms
   ✓ Charter > edit: a change summary alone is not a change (never a content-free version)  602ms
   ✓ Design > shows the ten canvas boxes and the per-dimension view  580ms
   ✓ Design > converts an unresolved workshop item into a design decision with If-Match  1051ms
   ✓ Gates (business approval) > lists G1-G6 as business approvals with live readiness, and never mentions the engineering gates  333ms
   ✓ Gates (business approval) > shows unverified evidence as unverified, the failing outcome at G2, and submits with If-Match  550ms
   ✓ Gates (business approval) > the approver's decision: rationale required; 403 and 409 problems in words  1411ms
   ✓ Gates (business approval) > gate detail heading: the verbatim B0023 name once (EN and AR)  410ms
   ✓ Evidence > uploads a revision as octet-stream with a percent-encoded file name and If-Match  581ms
 ✓ |unit-web| src/pages/p2-blank-forms.test.tsx (52 tests) 32854ms
   ✓ gate submission note (en) > a whitespace-only note is refused inline and nothing is sent  830ms
   ✓ gate submission note (en) > visible text is sent verbatim; an empty note is omitted  771ms
   ✓ gate submission note (ar) > a whitespace-only note is refused inline and nothing is sent  428ms
   ✓ gate submission note (ar) > a invisible-only note is refused inline and nothing is sent  436ms
   ✓ gate submission note (ar) > visible text is sent verbatim; an empty note is omitted  820ms
   ✓ gate decision rationale and comments (en) > a whitespace-only rationale is refused inline and nothing is sent  807ms
   ✓ gate decision rationale and comments (en) > a invisible-only rationale is refused inline and nothing is sent  694ms
   ✓ gate decision rationale and comments (en) > a invisible (long enough for min 3)-only rationale is refused inline and nothing is sent  542ms
   ✓ gate decision rationale and comments (en) > a whitespace-only comment is refused inline (focus on it) and nothing is sent  776ms
   ✓ gate decision rationale and comments (en) > a invisible-only comment is refused inline (focus on it) and nothing is sent  523ms
   ✓ gate decision rationale and comments (en) > visible text is sent verbatim; empty comments are omitted; an empty rationale stays 'too short'  640ms
   ✓ gate decision rationale and comments (en) > a server 400 validation.blank on /rationale lands on the field  721ms
   ✓ gate decision rationale and comments (ar) > a whitespace-only rationale is refused inline and nothing is sent  432ms
   ✓ gate decision rationale and comments (ar) > a invisible-only rationale is refused inline and nothing is sent  493ms
   ✓ gate decision rationale and comments (ar) > a invisible (long enough for min 3)-only rationale is refused inline and nothing is sent  725ms
   ✓ gate decision rationale and comments (ar) > a whitespace-only comment is refused inline (focus on it) and nothing is sent  488ms
   ✓ gate decision rationale and comments (ar) > a invisible-only comment is refused inline (focus on it) and nothing is sent  943ms
   ✓ gate decision rationale and comments (ar) > visible text is sent verbatim; empty comments are omitted; an empty rationale stays 'too short'  661ms
   ✓ gate decision rationale and comments (ar) > a server 400 validation.blank on /rationale lands on the field  1092ms
   ✓ journey step editor (en) > a whitespace-only actor is refused inline (not turned into null) and nothing is sent  983ms
   ✓ journey step editor (en) > a invisible-only actor is refused inline (not turned into null) and nothing is sent  1027ms
   ✓ journey step editor (en) > several blank fields: each gets the message and focus goes to the first (name)  806ms
   ✓ journey step editor (en) > visible text is sent verbatim; emptied optional text is null; an empty name is required  819ms
   ✓ journey step editor (ar) > a whitespace-only actor is refused inline (not turned into null) and nothing is sent  618ms
   ✓ journey step editor (ar) > a invisible-only actor is refused inline (not turned into null) and nothing is sent  924ms
   ✓ journey step editor (ar) > several blank fields: each gets the message and focus goes to the first (name)  698ms
   ✓ journey step editor (ar) > visible text is sent verbatim; emptied optional text is null; an empty name is required  782ms
   ✓ Finance validation note and archive reason (en) > note: a whitespace-only note is refused inline and nothing is sent  478ms
   ✓ Finance validation note and archive reason (en) > note: a invisible-only note is refused inline and nothing is sent  862ms
   ✓ Finance validation note and archive reason (en) > note: empty is 'required'; visible text is sent verbatim  516ms
   ✓ Finance validation note and archive reason (en) > reason: a whitespace-only reason is refused inline and nothing is archived  442ms
   ✓ Finance validation note and archive reason (en) > reason: a invisible-only reason is refused inline and nothing is archived  380ms
   ✓ Finance validation note and archive reason (en) > reason: a server 400 validation.blank on /reason is the field message, not a generic error  618ms
   ✓ Finance validation note and archive reason (en) > reason: a reason with U+0000 is refused inline with the localized message and nothing is archived  489ms
   ✓ Finance validation note and archive reason (en) > reason: a server 400 validation.invalid_character on /reason is the localized field message  478ms
   ✓ Finance validation note and archive reason (en) > reason: empty keeps 'too short'; visible text is sent verbatim  689ms
   ✓ Finance validation note and archive reason (ar) > note: a whitespace-only note is refused inline and nothing is sent  718ms
   ✓ Finance validation note and archive reason (ar) > note: a invisible-only note is refused inline and nothing is sent  718ms
   ✓ Finance validation note and archive reason (ar) > note: empty is 'required'; visible text is sent verbatim  371ms
   ✓ Finance validation note and archive reason (ar) > reason: a whitespace-only reason is refused inline and nothing is archived  1021ms
   ✓ Finance validation note and archive reason (ar) > reason: a invisible-only reason is refused inline and nothing is archived  743ms
   ✓ Finance validation note and archive reason (ar) > reason: a server 400 validation.blank on /reason is the field message, not a generic error  852ms
   ✓ Finance validation note and archive reason (ar) > reason: a reason with U+0000 is refused inline with the localized message and nothing is archived  335ms
   ✓ Finance validation note and archive reason (ar) > reason: a server 400 validation.invalid_character on /reason is the localized field message  468ms
   ✓ Finance validation note and archive reason (ar) > reason: empty keeps 'too short'; visible text is sent verbatim  675ms
   ✓ North Star statement (en) > a whitespace-only statement is refused inline and nothing is sent  535ms
   ✓ North Star statement (en) > a invisible-only statement is refused inline and nothing is sent  539ms
   ✓ North Star statement (ar) > a whitespace-only statement is refused inline and nothing is sent  402ms
   ✓ North Star statement (ar) > a invisible-only statement is refused inline and nothing is sent  537ms
 ✓ |unit-web| src/auth/session-bound.test.tsx (34 tests) 14286ms
   ✓ F-DG2-530/580 no effect of A's action after a further await once the tab is B's (en) > Y1: a create whose post-create GET /me returns B: B is not navigated and never sees A's code or name  1257ms
   ✓ F-DG2-530/580 no effect of A's action after a further await once the tab is B's (en) > Y1c: the same create under one identity still lands on the created record  746ms
   ✓ F-DG2-530/580 no effect of A's action after a further await once the tab is B's (en) > an edit whose identity changes between its awaits: B is not navigated to A's record and keeps nothing of A's  550ms
   ✓ F-DG2-530/580 no effect of A's action after a further await once the tab is B's (en) > an organization create whose identity changes between its awaits: B is not navigated to A's new organization  530ms
   ✓ F-DG2-530/580 no effect of A's action after a further await once the tab is B's (en) > a user create whose identity changes between its awaits: B is not navigated to A's new user  525ms
   ✓ F-DG2-530/580 no effect of A's action after a further await once the tab is B's (en) > sanity: the organization and user creates under one identity still navigate to the new record  546ms
   ✓ F-DG2-530/580 no effect of A's action after a further await once the tab is B's (en) > sanity: an edit under one identity (a same-identity /me between its awaits) still updates the cache and navigates  356ms
   ✓ F-DG2-570 the header and the data of ONE identity on in-app navigation (en) > bounded: one GET /me per navigation, shared by the page's burst; other GETs only after the window; same identity kept  356ms
   ✓ F-DG2-530/580 no effect of A's action after a further await once the tab is B's (ar) > Y1: a create whose post-create GET /me returns B: B is not navigated and never sees A's code or name  756ms
   ✓ F-DG2-530/580 no effect of A's action after a further await once the tab is B's (ar) > Y1c: the same create under one identity still lands on the created record  435ms
   ✓ F-DG2-530/580 no effect of A's action after a further await once the tab is B's (ar) > Y1c (not visible to the creator): the creator still gets 'created, but you cannot open it' with the 201's code  316ms
   ✓ F-DG2-530/580 no effect of A's action after a further await once the tab is B's (ar) > an edit whose identity changes between its awaits: B is not navigated to A's record and keeps nothing of A's  536ms
   ✓ F-DG2-530/580 no effect of A's action after a further await once the tab is B's (ar) > an organization create whose identity changes between its awaits: B is not navigated to A's new organization  600ms
   ✓ F-DG2-530/580 no effect of A's action after a further await once the tab is B's (ar) > a user create whose identity changes between its awaits: B is not navigated to A's new user  642ms
   ✓ F-DG2-530/580 no effect of A's action after a further await once the tab is B's (ar) > sanity: the organization and user creates under one identity still navigate to the new record  468ms
   ✓ F-DG2-570 the header and the data of ONE identity on in-app navigation (ar) > bounded: one GET /me per navigation, shared by the page's burst; other GETs only after the window; same identity kept  303ms
   ✓ the convention: no raw navigate or cache write in app code (T-DG2-FE15) > the ESLint rule refuses a raw navigate, a raw cache write and a useNavigate import in a page  3185ms
 ✓ |unit-web| src/pages/business-cases/business-cases.test.tsx (18 tests) 8788ms
   ✓ business cases (en) > register: levels, Finance baseline states with text (Stale is never green) and drafts  1135ms
   ✓ business cases (en) > detail: all ten sections, totals with gross / cost / net apart, net Unknown (never 0), roll-up by reference  475ms
   ✓ business cases (en) > totals: a partial total says how many Unknown lines it leaves out  357ms
   ✓ business cases (en) > sections: saves only the changed section with If-Match; blank text is refused inline and nothing is sent  849ms
   ✓ business cases (en) > sections: a 409 shows the standard conflict panel (nothing saved) with the current values  685ms
   ✓ business cases (en) > lines: exactly one class from one select; the value basis follows the class; a 422 is translated  574ms
   ✓ business cases (en) > Finance validation: a business approval for FIN who did not author the case; If-Match; translated 403  500ms
   ✓ business cases (ar) > register: levels, Finance baseline states with text (Stale is never green) and drafts  300ms
   ✓ business cases (ar) > detail: all ten sections, totals with gross / cost / net apart, net Unknown (never 0), roll-up by reference  328ms
   ✓ business cases (ar) > sections: saves only the changed section with If-Match; blank text is refused inline and nothing is sent  836ms
   ✓ business cases (ar) > sections: a 409 shows the standard conflict panel (nothing saved) with the current values  547ms
   ✓ business cases (ar) > lines: exactly one class from one select; the value basis follows the class; a 422 is translated  518ms
   ✓ business cases (ar) > Finance validation: a business approval for FIN who did not author the case; If-Match; translated 403  441ms
   ✓ business cases (ar) > Finance validation: the case author sees no validate action, only the separation-of-duties note  504ms
 ✓ |unit-web| src/pages/portfolio/portfolio.test.tsx (32 tests) 11224ms
   ✓ Portfolio (en) > lists code, name, wave, owners and three separate columns: proposed rank, selection and funding  879ms
   ✓ Portfolio (en) > the proposed rank is Unknown (never 0) when the prioritization view is unavailable  323ms
   ✓ Portfolio (en) > filters by status and wave on the server  376ms
   ✓ Portfolio (en) > creates a draft at any time: POST /initiatives with the transformation and an Idempotency-Key  611ms
   ✓ Portfolio (en) > the read-only auditor sees the list with no enabled write control  326ms
   ✓ Portfolio (ar) > lists code, name, wave, owners and three separate columns: proposed rank, selection and funding  383ms
   ✓ Portfolio (ar) > creates a draft at any time: POST /initiatives with the transformation and an Idempotency-Key  414ms
   ✓ Initiative Card (en) > shows all 14 T05 fields in the source order and the 3-7 deliverables warning (a warning, not a block)  442ms
   ✓ Initiative Card (en) > submit refused: 'Outcome before activity…' (validation at /outcomeContributions) is translated  404ms
   ✓ Initiative Card (en) > launch refused: 'North Star, outcomes and target state not yet approved', then 'Selected - unfunded…'  673ms
   ✓ Initiative Card (en) > select is a labelled business approval: rationale required, If-Match, no 'on behalf of' control  810ms
   ✓ Initiative Card (en) > a 409 shows the conflict banner and reloads  402ms
   ✓ Initiative Card (en) > a gap link to another TOM record shows 'A project portfolio is not a Target Operating Model…'  511ms
   ✓ Initiative Card (en) > an outcome contribution needs an outcome; the KPI is optional and labelled so  440ms
   ✓ Initiative Card (ar) > submit refused: 'Case for change not yet approved (G1)…' is the dialog's one translated alert  380ms
   ✓ Initiative Card (ar) > launch refused: 'North Star, outcomes and target state not yet approved', then 'Selected - unfunded…'  452ms
   ✓ Initiative Card (ar) > select is a labelled business approval: rationale required, If-Match, no 'on behalf of' control  320ms
   ✓ Initiative Card (ar) > a gap link to another TOM record shows 'A project portfolio is not a Target Operating Model…'  371ms
 ✓ |unit-web| src/auth/session-generation.test.tsx (26 tests) 10544ms
   ✓ F-DG2-530 a write in flight across an identity change (en) > X3: A's PATCH answered after B's /me is not written into B's cache, not shown, and does not navigate B  1148ms
   ✓ F-DG2-530 a write in flight across an identity change (en) > X3b: the same after a session END here and B's sign-in: A's late answer never lands  753ms
   ✓ F-DG2-530 a write in flight across an identity change (en) > an archive in flight across an identity change: A's archived record never lands in B's cache  733ms
   ✓ F-DG2-530 a write in flight across an identity change (en) > an organization save in flight across an identity change: A's change is never stored under B  718ms
   ✓ F-DG2-530 a write in flight across an identity change (en) > a user save in flight across an identity change: A's change is never stored under B  544ms
   ✓ F-DG2-530 a write in flight across an identity change (en) > a same-person new session: the in-flight save is dropped silently, the draft is kept and usable  430ms
   ✓ F-DG2-530 a write in flight across an identity change (en) > a language save retried after a 409 is never written for the identity that replaced A  300ms
   ✓ F-DG2-530 X6: refocus and reconnect revalidate GET /me first (en) > after B signs in elsewhere, a refocus within /me's staleTime shows B's header with B's data, never A's  386ms
   ✓ F-DG2-530 X6: refocus and reconnect revalidate GET /me first (en) > the same identity: a refocus refetches /me once, then the stale page queries; nothing when all is fresh  382ms
   ✓ F-DG2-530 a write in flight across an identity change (ar) > X3: A's PATCH answered after B's /me is not written into B's cache, not shown, and does not navigate B  601ms
   ✓ F-DG2-530 a write in flight across an identity change (ar) > X3b: the same after a session END here and B's sign-in: A's late answer never lands  518ms
   ✓ F-DG2-530 a write in flight across an identity change (ar) > an archive in flight across an identity change: A's archived record never lands in B's cache  598ms
   ✓ F-DG2-530 a write in flight across an identity change (ar) > an organization save in flight across an identity change: A's change is never stored under B  561ms
   ✓ F-DG2-530 a write in flight across an identity change (ar) > a user save in flight across an identity change: A's change is never stored under B  548ms
   ✓ F-DG2-530 a write in flight across an identity change (ar) > a same-person new session: the in-flight save is dropped silently, the draft is kept and usable  441ms
   ✓ F-DG2-530 a write in flight across an identity change (ar) > a language save retried after a 409 is never written for the identity that replaced A  319ms
   ✓ F-DG2-530 a write in flight across an identity change (ar) > sanity: a write in flight that finishes under the SAME identity still updates the cache and navigates  336ms
   ✓ F-DG2-530 X6: refocus and reconnect revalidate GET /me first (ar) > the same identity: a refocus refetches /me once, then the stale page queries; nothing when all is fresh  398ms
 ✓ |unit-web| src/pages/benefits/benefits.test.tsx (29 tests) 10751ms
   ✓ benefits screens (en) > T14 register: ten columns; Value (SAR) n/a and Unknown never 0; Realized kept apart with pending labelled  794ms
   ✓ benefits screens (en) > totals: per class and state, pending overlap apart, cost and net Unknown (never 0), non-financial counted apart  335ms
   ✓ benefits screens (en) > allocations: percent and unallocated share; the replace sends fractions with If-Match  368ms
   ✓ benefits screens (en) > allocations above 100 %: the preview warns and the server's 422 is translated in the one form alert  346ms
   ✓ benefits screens (en) > measurements: a validated value offers no edit; the 409 validated_immutable is translated  634ms
   ✓ benefits screens (en) > Finance decision: six items, the decision body with If-Match; labelled Finance validation, never DG0-DG7  620ms
   ✓ benefits screens (en) > Finance decision: a missing item is left to the server, whose 422 names the six items; the submitter is never offered a decision  322ms
   ✓ benefits screens (en) > Finance decision: the content_incomplete 422 and a Business Owner's 403 are translated  394ms
   ✓ benefits screens (en) > read-only (auditor): Finance item without decide, register without create  1001ms
   ✓ benefits screens (ar) > T14 register: ten columns; Value (SAR) n/a and Unknown never 0; Realized kept apart with pending labelled  944ms
   ✓ benefits screens (ar) > allocations: percent and unallocated share; the replace sends fractions with If-Match  382ms
   ✓ benefits screens (ar) > allocations above 100 %: the preview warns and the server's 422 is translated in the one form alert  654ms
   ✓ benefits screens (ar) > Finance decision: six items, the decision body with If-Match; labelled Finance validation, never DG0-DG7  466ms
   ✓ benefits screens (ar) > Finance decision: the content_incomplete 422 and a Business Owner's 403 are translated  571ms
   ✓ benefits screens (ar) > read-only (auditor): Finance item without decide, register without create  564ms
 ✓ |unit-web| src/pages/team/team.test.tsx (10 tests) 8059ms
   ✓ Team (English LTR) > shows the six governance roles with B0018 accountability text verbatim and who holds each  1394ms
   ✓ Team (English LTR) > lists team members with the accountability on each assignment, sortable and filterable  675ms
   ✓ Team (English LTR) > a Transformation Lead assigns a Workstream Lead: Idempotency-Key, reason, accountability preview  659ms
   ✓ Team (English LTR) > shows a 403 from the server in words; nothing is assigned  947ms
   ✓ Team: read-only auditor (AUD) > sees the roles, accountabilities and members, a read-only note, and no assign control  401ms
   ✓ Team (Arabic RTL) > shows Arabic role names and the provisional Arabic accountability text  465ms
   ✓ Team assign dialog: accountability preview follows the selected role (F-DG2-430) > en: WL on open, then KDS, TD, none and WL again, in StrictMode with no React warning  1032ms
   ✓ Team assign dialog: accountability preview follows the selected role (F-DG2-430) > ar: WL on open, then KDS, TD, none and WL again, in StrictMode with no React warning  722ms
   ✓ Team: the success notice follows a language switch, 'en' → 'ar' > the notice is shown in the language now on screen, not the one it was created in  970ms
   ✓ Team: the success notice follows a language switch, 'ar' → 'en' > the notice is shown in the language now on screen, not the one it was created in  793ms
 ✓ |unit-web| src/pages/capacity/fe-e.test.tsx (13 tests) 6836ms
   ✓ capacity editing (en) > creates a role; a taken code (409) is the form's translated alert; then the role is created  1076ms
   ✓ capacity editing (en) > edits a role's labels and archives it, each with If-Match  952ms
   ✓ capacity editing (en) > creates a capacity row with a decimal FTE string; a duplicate (409) is translated  1160ms
   ✓ capacity editing (en) > creates a demand; after the save the plan is re-read and the conflict with its shortfall appears; Unknown stays Unknown  634ms
   ✓ capacity editing (en) > edits a planned demand with If-Match; 422 resource_demand.not_planned is translated  408ms
   ✓ capacity editing (ar) > creates a role; a taken code (409) is the form's translated alert; then the role is created  357ms
   ✓ capacity editing (ar) > edits a role's labels and archives it, each with If-Match  487ms
   ✓ capacity editing (ar) > creates a capacity row with a decimal FTE string; a duplicate (409) is translated  426ms
   ✓ capacity editing (ar) > creates a demand; after the save the plan is re-read and the conflict with its shortfall appears; Unknown stays Unknown  512ms
   ✓ capacity editing (ar) > edits a planned demand with If-Match; 422 resource_demand.not_planned is translated  405ms
 ✓ |unit-web| src/pages/gates/g4.test.tsx (16 tests) 7451ms
   ✓ G4 refusal item by item (en) > two initiatives without owners: two separate translated 'Owners' items, never the joined English message  1027ms
   ✓ G4 refusal item by item (en) > without a usable gate view: one translated line per refused criterion, never the English message  454ms
   ✓ G4 refusal item by item (ar) > two initiatives without owners: two separate translated 'Owners' items, never the joined English message  786ms
   ✓ G4 refusal item by item (ar) > without a usable gate view: one translated line per refused criterion, never the English message  663ms
   ✓ G4 view (en) > a refused submission shows the 422 list with the initiative names, translated  309ms
   ✓ G4 view (en) > the decision's 403 urn:mth:problem:forbidden is translated  929ms
   ✓ G4 view (en) > the decision's 403 urn:mth:problem:forbidden is translated  416ms
   ✓ G4 view (en) > the decision's 409 urn:mth:problem:version-conflict is translated  419ms
   ✓ G4 view (ar) > lists the eight G4 criteria with their missing items: 'Owners', 'Finance validation' and the initiative  504ms
   ✓ G4 view (ar) > a refused submission shows the 422 list with the initiative names, translated  371ms
   ✓ G4 view (ar) > the decision's 403 urn:mth:problem:forbidden is translated  420ms
   ✓ G4 view (ar) > the decision's 403 urn:mth:problem:forbidden is translated  495ms
   ✓ G4 view (ar) > the decision's 409 urn:mth:problem:version-conflict is translated  433ms
 ✓ |unit-web| src/auth/session-end.test.tsx (12 tests) 10351ms
   ✓ session end while the app is open (en) > a 401 on navigation lands once on sign-in with the message; signing in again returns to the page  1314ms
   ✓ session end while the app is open (en) > a 401 on a dialog mutation (the commit-time upload refusal) closes the dialog and lands once on sign-in  1054ms
   ✓ session end while the app is open (en) > a sign-out elsewhere noticed by the next /me probe lands once on sign-in, never on the stale shell  545ms
   ✓ session end while the app is open (en) > a 403 (forbidden) is never treated as a session end  664ms
   ✓ session end while the app is open (ar) > a 401 on navigation lands once on sign-in with the message; signing in again returns to the page  1071ms
   ✓ session end while the app is open (ar) > a 401 on a dialog mutation (the commit-time upload refusal) closes the dialog and lands once on sign-in  1672ms
   ✓ session end while the app is open (ar) > a sign-out elsewhere noticed by the next /me probe lands once on sign-in, never on the stale shell  717ms
   ✓ session end while the app is open (ar) > a 403 (forbidden) is never treated as a session end  774ms
   ✓ session end under <StrictMode> (as in production) > still lands exactly once on sign-in  1178ms
   ✓ sign-in page and the cached identity > decides 'already signed in' only from a fresh /me, never from a stale cache  614ms
   ✓ sign-in page and the cached identity > signing out here shows 'signed out', not 'session ended', and no /me loop  634ms
 ✓ |unit-web| src/pages/prioritization/prioritization.test.tsx (20 tests) 13022ms
   ✓ prioritization (en) > ranked table: an incomplete score is 'incomplete' (never a number), 3.30 complete; 0–100 shows 57.5 with its label  879ms
   ✓ prioritization (en) > scorecard: 6 is refused inline and nothing is sent; 4 is POSTed as the integer; the weighted score is read-only 'incomplete'  1086ms
   ✓ prioritization (en) > weight sets: the live total refuses 95% and 105%; 100% is accepted and POSTed as decimal strings  1126ms
   ✓ prioritization (en) > weight sets: the proposer is never offered approval; another approver's approval is a business approval with If-Match; 403 SoD is translated  985ms
   ✓ prioritization (en) > weight set approval: a 409 shows the conflict banner and reloads  1053ms
   ✓ prioritization (en) > overrides: a reason is required (missing and invisible-only are refused, nothing sent); with a reason it is POSTed  561ms
   ✓ prioritization (en) > the read-only auditor sees the data and no enabled write control  776ms
   ✓ prioritization (en) > never mentions a delivery gate (DG0–DG7)  465ms
   ✓ prioritization (ar) > ranked table: an incomplete score is 'incomplete' (never a number), 3.30 complete; 0–100 shows 57.5 with its label  495ms
   ✓ prioritization (ar) > scorecard: 6 is refused inline and nothing is sent; 4 is POSTed as the integer; the weighted score is read-only 'incomplete'  706ms
   ✓ prioritization (ar) > weight sets: the live total refuses 95% and 105%; 100% is accepted and POSTed as decimal strings  844ms
   ✓ prioritization (ar) > weight sets: the proposer is never offered approval; another approver's approval is a business approval with If-Match; 403 SoD is translated  1237ms
   ✓ prioritization (ar) > weight set approval: a 409 shows the conflict banner and reloads  958ms
   ✓ prioritization (ar) > overrides: a reason is required (missing and invisible-only are refused, nothing sent); with a reason it is POSTed  532ms
   ✓ prioritization (ar) > the read-only auditor sees the data and no enabled write control  521ms
 ✓ |unit-web| src/pages/roadmap/fe-e.test.tsx (8 tests) 4442ms
   ✓ wave editing (en) > edits planned dates (overlap accepted) with If-Match; the source text is read-only and never sent  1044ms
   ✓ wave editing (en) > 422 roadmap_wave.planned_range is inline at the planned end and translated  401ms
   ✓ wave editing (en) > adds a non-source wave with its bilingual texts (POST, Idempotency-Key)  881ms
   ✓ wave editing (ar) > edits planned dates (overlap accepted) with If-Match; the source text is read-only and never sent  332ms
   ✓ wave editing (ar) > 422 roadmap_wave.planned_range is inline at the planned end and translated  339ms
   ✓ wave editing (ar) > adds a non-source wave with its bilingual texts (POST, Idempotency-Key)  1057ms
 ✓ |unit-web| src/pages/transformations/transformations.test.tsx (21 tests) 9297ms
   ✓ after create (F-DG1-004) > shows the created record when the server lets the creator read it  945ms
   ✓ after create (F-DG1-004) > explains, in English, that the draft was created but cannot be opened (server 404), instead of 'Not found'  547ms
   ✓ after create (F-DG1-004) > explains the same in Arabic (RTL), using the glossary term for Transformation  615ms
   ✓ audit trail changes (F-DG1-005) > English: field and value labels, not raw keys or enum codes  349ms
   ✓ audit trail changes (F-DG1-005) > Arabic: the same changes with Arabic labels in the RTL layout  324ms
   ✓ derived creator assignment on the audit trail (F-DG1-008) > Arabic (RTL): the same event with Arabic labels and the glossary role name  407ms
   ✓ derived creator assignment on the audit trail (F-DG1-008) > an action the catalogue does not know stays readable and is explicitly marked (en and ar)  565ms
   ✓ effective permissions refresh after create (F-DG1-210) > English: Edit, Archive and the audit trail appear after create, without a reload  1238ms
   ✓ effective permissions refresh after create (F-DG1-210) > Arabic (RTL): the same controls and the audit trail appear after create, without a reload  1375ms
   ✓ effective permissions refresh after create (F-DG1-210) > does not over-grant: if the refreshed server answer adds nothing, Archive and the audit trail stay hidden  1146ms
   ✓ effective permissions refresh after create (F-DG1-210) > a failed /me refresh never blocks the navigation; the UI stays fail-safe (no controls offered)  752ms
 ✓ |unit-web| src/pages/roadmap/roadmap.test.tsx (14 tests) 7798ms
   ✓ roadmap (en) > shows the four source waves verbatim (English source also shown in Arabic) with overlapping horizons  806ms
   ✓ roadmap (en) > moving a milestone PATCHes the forecast with If-Match and the timeline, table and board all show the new date from one refetch  724ms
   ✓ roadmap (en) > a 409 on moving a milestone shows the conflict notice and reloads the roadmap  592ms
   ✓ roadmap (en) > re-approving a date requires a reason; then it is POSTed with If-Match  729ms
   ✓ roadmap (en) > deliverable acceptance sends the AcceptanceDecision with If-Match (no 'on behalf of' control)  467ms
   ✓ roadmap (en) > an Unknown schedule flag is shown as Unknown; missing dates are Unknown, never blank  365ms
   ✓ roadmap (ar) > shows the four source waves verbatim (English source also shown in Arabic) with overlapping horizons  638ms
   ✓ roadmap (ar) > moving a milestone PATCHes the forecast with If-Match and the timeline, table and board all show the new date from one refetch  803ms
   ✓ roadmap (ar) > a 409 on moving a milestone shows the conflict notice and reloads the roadmap  801ms
   ✓ roadmap (ar) > re-approving a date requires a reason; then it is POSTed with If-Match  586ms
   ✓ roadmap (ar) > deliverable acceptance sends the AcceptanceDecision with If-Match (no 'on behalf of' control)  548ms
 ✓ |unit-web| src/pages/dependencies/dependencies.test.tsx (12 tests) 6240ms
   ✓ dependencies (en) > shows the seven T08 columns, an External source, the type label and the needed-by conflict flag  637ms
   ✓ dependencies (en) > a cycle is refused and shown as the translated message with the path INI-01 → INI-02 → INI-03 → INI-01  1188ms
   ✓ dependencies (en) > an External source is sent as {kind: external, label}  449ms
   ✓ dependencies (en) > dependency types: system types are undeletable; an administrator may retire a custom type  658ms
   ✓ dependencies (en) > a system type's 422 dependency_type.system_undeletable is translated  485ms
   ✓ dependencies (ar) > a cycle is refused and shown as the translated message with the path INI-01 → INI-02 → INI-03 → INI-01  675ms
   ✓ dependencies (ar) > an External source is sent as {kind: external, label}  573ms
   ✓ dependencies (ar) > dependency types: system types are undeletable; an administrator may retire a custom type  404ms
   ✓ dependencies (ar) > a system type's 422 dependency_type.system_undeletable is translated  483ms
 ✓ |unit-web| src/pages/dispensations/dispensations.test.tsx (12 tests) 5526ms
   ✓ Dispensations (en) > lists waivers and inherited approvals; unverified evidence is shown as unverified; recorder cannot decide  503ms
   ✓ Dispensations (en) > a waiver needs a reason and an expiry: refused inline, nothing sent; then sent with its scope  698ms
   ✓ Dispensations (en) > an inherited approval (Modular) needs the approving body, the date and evidence; 422s are translated  1062ms
   ✓ Dispensations (en) > deciding is a labelled business approval; the delegated-decision 422 and the recorder 403 are translated  596ms
   ✓ Dispensations (en) > revoking an accepted dispensation needs a reason and is a business approval  338ms
   ✓ Dispensations (ar) > lists waivers and inherited approvals; unverified evidence is shown as unverified; recorder cannot decide  339ms
   ✓ Dispensations (ar) > a waiver needs a reason and an expiry: refused inline, nothing sent; then sent with its scope  397ms
   ✓ Dispensations (ar) > an inherited approval (Modular) needs the approving body, the date and evidence; 422s are translated  450ms
   ✓ Dispensations (ar) > deciding is a labelled business approval; the delegated-decision 422 and the recorder 403 are translated  331ms
   ✓ Dispensations (ar) > the read-only auditor sees the register with no enabled write control  367ms
 ✓ |unit-web| src/pages/my-work/my-work.test.tsx (21 tests) 3976ms
   ✓ My Work (en) > renders tasks and reminders from messageKey + messageParams; Unknown due dates; system-managed tasks  755ms
   ✓ My Work (en) > marks a task done and a reminder read with bodiless POSTs and If-Match  578ms
   ✓ My Work (ar) > marks a task done and a reminder read with bodiless POSTs and If-Match  331ms
   ✓ Calendar, jobs and groups (en) > jobs: no permission without job.read; job.configure edits a schedule with If-Match  305ms
   ✓ Calendar, jobs and groups (ar) > calendar: a technical administrator adds a holiday; a range error is caught before sending  475ms
 ✓ |unit-web| src/pages/kpi/kpi.test.tsx (27 tests) 9263ms
   ✓ KPI screens (en) > RAG panel: the seven elements, the threshold version named, and the override beside the calculated RAG  796ms
   ✓ KPI screens (en) > no actual for the current period: Unknown, grey and labelled, with its reason; never 0 and never green  426ms
   ✓ KPI screens (en) > the status overview shows Unknown KPIs grey and labelled (no zero in the list)  471ms
   ✓ KPI screens (en) > four-step update: submits once, then lists downstream views, 'review pending' and 'Finance review pending'  924ms
   ✓ KPI screens (en) > a 409 on submit is the form's one alert: nothing was saved, the latest data is loaded  358ms
   ✓ KPI screens (en) > data quality: an open finding is resolved with a note and If-Match  768ms
   ✓ KPI screens (ar) > four-step update: submits once, then lists downstream views, 'review pending' and 'Finance review pending'  837ms
   ✓ KPI screens (ar) > a second entry for the same KPI and period is value version 2 of the same slot (If-Match)  529ms
   ✓ KPI screens (ar) > a 409 on submit is the form's one alert: nothing was saved, the latest data is loaded  511ms
   ✓ KPI screens (ar) > review queue: the reviewer accepts with If-Match; the submitter of a value is not offered a decision  351ms
   ✓ KPI screens (ar) > data quality: an open finding is resolved with a note and If-Match  1024ms
 ✓ |unit-web| src/pages/raci/governance.test.tsx (15 tests) 5313ms
   ✓ Governance (en) > RACI: edits a row with the cell selects and saves it as one PATCH with If-Match  1145ms
   ✓ Governance (en) > RACI: an auditor sees the matrix read-only (no cell editor, no save)  348ms
   ✓ Governance (en) > decision rights: seeded rows; the due-date preview shows Unknown with its reason  448ms
   ✓ Governance (en) > decision rights: submits the matrix for business approval with If-Match  405ms
   ✓ Governance (en) > decision rights: a field with an unknown party code is refused before sending  342ms
   ✓ Governance (ar) > RACI: edits a row with the cell selects and saves it as one PATCH with If-Match  309ms
   ✓ Governance (ar) > RACI: an auditor sees the matrix read-only (no cell editor, no save)  343ms
   ✓ Governance (ar) > decision rights: seeded rows; the due-date preview shows Unknown with its reason  373ms
   ✓ Governance (ar) > decision rights: submits the matrix for business approval with If-Match  579ms
   ✓ Governance (ar) > decision rights: a field with an unknown party code is refused before sending  303ms
 ✓ |unit-web| src/pages/approvals/approvals.test.tsx (16 tests) 7403ms
   ✓ Approvals (en) > lists my approvals; an Unknown due date shows Unknown with its reason, never a date  366ms
   ✓ Approvals (en) > offers exactly four outcomes; defer needs a date; the decision sends subjectVersion with If-Match  524ms
   ✓ Approvals (en) > a blank rationale is refused before sending  868ms
   ✓ Approvals (en) > a stale 409 says the record changed, records nothing and links to the history  690ms
   ✓ Approvals (en) > the requester is not offered the decision; the history shows 'B on behalf of A'  377ms
   ✓ Approvals (en) > offers 'on behalf of' only for an active delegation to me  608ms
   ✓ Approvals (ar) > offers exactly four outcomes; defer needs a date; the decision sends subjectVersion with If-Match  383ms
   ✓ Approvals (ar) > a blank rationale is refused before sending  356ms
   ✓ Approvals (ar) > a stale 409 says the record changed, records nothing and links to the history  796ms
   ✓ Approvals (ar) > offers 'on behalf of' only for an active delegation to me  493ms
   ✓ Delegations (en) > records a delegation with Asia/Riyadh wall-clock times sent as UTC; a loop 422 is translated  368ms
   ✓ Delegations (en) > revokes with a reason and If-Match; a read-only user sees no action  427ms
   ✓ Delegations (ar) > records a delegation with Asia/Riyadh wall-clock times sent as UTC; a loop 422 is translated  541ms
   ✓ Delegations (ar) > revokes with a reason and If-Match; a read-only user sees no action  313ms
 ✓ |unit-web| src/auth/session-identity.test.tsx (18 tests) 8460ms
   ✓ F-DG2-500 a session end on the sign-in page (en) > W5: Back to /login after A's session ends, B signs in with the development form: B never sees A's records  1326ms
   ✓ F-DG2-500 a session end on the sign-in page (en) > W5b (OIDC mode): B signs in in another tab and this tab's /me re-probe brings B: B never sees A's records  797ms
   ✓ F-DG2-500 an identity change with no session end in this tab (en) > a refocus /me that returns another identity removes every session query before B renders, and drops A's drafts  352ms
   ✓ F-DG2-500 an identity change with no session end in this tab (en) > a new session of the same person (signed in again elsewhere) refetches the queries but keeps their own draft  404ms
   ✓ F-DG2-500 an identity change with no session end in this tab (en) > the same identity re-probed (window refocus) keeps the cache and the page state  392ms
   ✓ F-DG2-500 sign-out here and 403 (en) > signing out here clears everything; B signing in afterwards never sees A's records  1397ms
   ✓ F-DG2-500 a session end on the sign-in page (ar) > W5: Back to /login after A's session ends, B signs in with the development form: B never sees A's records  739ms
   ✓ F-DG2-500 a session end on the sign-in page (ar) > W5b (OIDC mode): B signs in in another tab and this tab's /me re-probe brings B: B never sees A's records  680ms
   ✓ F-DG2-500 an identity change with no session end in this tab (ar) > a refocus /me that returns another identity removes every session query before B renders, and drops A's drafts  513ms
   ✓ F-DG2-500 an identity change with no session end in this tab (ar) > the same identity re-probed (window refocus) keeps the cache and the page state  337ms
   ✓ F-DG2-500 sign-out here and 403 (ar) > signing out here clears everything; B signing in afterwards never sees A's records  846ms
 ✓ |unit-web| src/app/app.test.tsx (17 tests) 3975ms
   ✓ bilingual shell > renders Arabic RTL by default with the provisional wordmark  308ms
   ✓ bilingual shell > switches to English LTR and persists the preference with If-Match  329ms
   ✓ bilingual shell > shows all fourteen areas to an administrator  388ms
   ✓ bilingual shell > a partial area (Governance) leads into the Gates tab of each transformation; its portfolio view stays planned  672ms
   ✓ transformations > lists transformations with a sortable code column and removable filter chips  739ms
   ✓ transformations > edit: a 409 writes nothing, shows compare, and re-applies on the current version  406ms
 ✓ |unit-web| src/pages/portfolio/fe-e.test.tsx (18 tests) 9291ms
   ✓ Funding decisions (en) > is a labelled business approval with no 'on behalf of' control; rationale required; POST with an Idempotency-Key  2150ms
   ✓ Funding decisions (en) > the BE-E 422s are the dialog's one translated alert; funding.amount_invalid is also inline at /amount  965ms
   ✓ Funding decisions (en) > an exact decimal amount is shown with its currency; the auditor sees no record control  416ms
   ✓ Funding decisions (ar) > is a labelled business approval with no 'on behalf of' control; rationale required; POST with an Idempotency-Key  581ms
   ✓ Funding decisions (ar) > the BE-E 422s are the dialog's one translated alert; funding.amount_invalid is also inline at /amount  341ms
   ✓ Deliverables and milestones on the card (en) > creates (Idempotency-Key), edits (If-Match) and archives (reason, If-Match) a deliverable  732ms
   ✓ Deliverables and milestones on the card (en) > creates a milestone with its wave and forecast, and edits it with If-Match  369ms
   ✓ Deliverables and milestones on the card (en) > 422 initiative.read_only (a closure raced the edit) is translated as the dialog's one alert  423ms
   ✓ Deliverables and milestones on the card (en) > the card edit form translates initiative.planned_range specifically (RecordDialog namespaces)  695ms
   ✓ Deliverables and milestones on the card (ar) > creates (Idempotency-Key), edits (If-Match) and archives (reason, If-Match) a deliverable  584ms
   ✓ Deliverables and milestones on the card (ar) > creates a milestone with its wave and forecast, and edits it with If-Match  544ms
   ✓ Deliverables and milestones on the card (ar) > the card edit form translates initiative.planned_range specifically (RecordDialog namespaces)  508ms
 ✓ |unit-web| src/app/p3-seams.test.tsx (10 tests) 1958ms
   ✓ P3 routes > workspace tabs (en) > the workspace tabs include the P3 tabs, labelled from their own namespaces  546ms
   ✓ P3 navigation areas > en /initiatives-roadmaps leads into the Initiatives and Roadmaps tab of each transformation  346ms
 ✓ |unit-web| src/components/LanguageSwitch.test.tsx (10 tests) 5160ms
   ✓ a refused language save, 'en' → other ('403 csrf') > keeps ar on screen and says, in ar, that it was not saved  1467ms
   ✓ a refused language save, 'ar' → other ('403 csrf') > keeps en on screen and says, in en, that it was not saved  674ms
   ✓ a refused language save, 'en' → other ('403 forbidden') > keeps ar on screen and says, in ar, that it was not saved  686ms
   ✓ a refused language save, 'ar' → other ('503') > keeps en on screen and says, in en, that it was not saved  542ms
   ✓ the live region and the persisted preference > switching back clears the notice; the region stays in the DOM, empty  429ms
   ✓ the live region and the persisted preference > a successful save never flips back to the previous language while the PUT is in flight  414ms
   ✓ the live region and the persisted preference > if the persisted preference changes later and is re-applied, the notice says so in that language  535ms
 ✓ |unit-web| src/pages/benefit-formulas/benefit-formulas.test.tsx (18 tests) 8626ms
   ✓ T09 benefit formulas (en) > register: the six T09 columns with confidence H/M/L; examples marked illustrative with 100000 and 500000 SAR per year  1214ms
   ✓ T09 benefit formulas (en) > builder: an undefined variable shows translated, with its position, before saving; nothing is sent  437ms
   ✓ T09 benefit formulas (en) > builder: a fraction is entered as percent and stored as a fraction; a version is saved with If-Match  1099ms
   ✓ T09 benefit formulas (en) > builder: a 409 shows the standard conflict panel; nothing was saved  448ms
   ✓ T09 benefit formulas (en) > Finance validation of a version: a business approval by FIN; the author cannot; translated refusal  793ms
   ✓ T09 benefit formulas (ar) > register: the six T09 columns with confidence H/M/L; examples marked illustrative with 100000 and 500000 SAR per year  567ms
   ✓ T09 benefit formulas (ar) > builder: an undefined variable shows translated, with its position, before saving; nothing is sent  500ms
   ✓ T09 benefit formulas (ar) > builder: a fraction is entered as percent and stored as a fraction; a version is saved with If-Match  421ms
   ✓ T09 benefit formulas (ar) > builder: a 409 shows the standard conflict panel; nothing was saved  377ms
   ✓ T09 benefit formulas (ar) > Finance validation of a version: a business approval by FIN; the author cannot; translated refusal  1656ms
 ✓ |unit-web| src/pages/capacity/capacity.test.tsx (6 tests) 2462ms
   ✓ capacity (en) > the role × month grid shows decimal FTE, the conflict with its shortfall, and Unknown capacity as Unknown (never 0)  684ms
   ✓ capacity (en) > committing a demand POSTs with If-Match; a 409 shows the conflict notice and reloads  716ms
   ✓ capacity (ar) > committing a demand POSTs with If-Match; a 409 shows the conflict notice and reloads  346ms
   ✓ capacity (ar) > the read-only auditor sees the grid and no commit or release control  392ms
 ✓ |unit-web| src/pages/transformations/modeGuidance.test.tsx (5 tests) 2654ms
   ✓ New transformation: mode guidance (English LTR) > shows When to use and How for the selected mode and switches with the mode  1329ms
   ✓ New transformation: mode guidance (English LTR) > Modular requires an entry phase before anything is sent  530ms
   ✓ New transformation: mode guidance (English LTR) > a server validation error on the entry phase is shown on that field  335ms
   ✓ New transformation: mode guidance (Arabic RTL) > shows the Arabic rendering, marked provisional, with the English source text alongside  453ms
 ✓ |unit-web| src/pages/gates/inherited-approval.test.tsx (16 tests) 4574ms
   ✓ inherited-approval annotation (en) > Gates list: G1 pending_verification (counts false) is a badge next to 'Not submitted'  660ms
   ✓ inherited-approval annotation (en) > Gates list: no inherited approval, no badge  407ms
   ✓ inherited-approval annotation (en) > gate view: an accepted inherited approval is a labelled row beside the 'Not submitted' status  654ms
   ✓ inherited-approval annotation (ar) > Gates list: G1 pending_verification (counts false) is a badge next to 'Not submitted'  309ms
   ✓ inherited-approval annotation (ar) > gate view: an accepted inherited approval is a labelled row beside the 'Not submitted' status  409ms
 ✓ |unit-web| src/pages/gates/g1-agreements.test.tsx (10 tests) 7692ms
   ✓ G1 agreements step (en) > approving G1 needs the three labelled confirmations; then sends agreements with all three true  2672ms
   ✓ G1 agreements step (en) > a non-approve outcome on G1 sends no agreements (even after ticking them)  727ms
   ✓ G1 agreements step (en) > approving another gate (G2) shows no confirmations and sends no agreements  478ms
   ✓ G1 agreements step (en) > the server's 422 gate.g1_agreements_required is the one form-level alert, with the missing confirmations  620ms
   ✓ G1 agreements step (en) > the server's 422 gate.agreements_not_applicable is translated as the one form-level alert  677ms
   ✓ G1 agreements step (ar) > approving G1 needs the three labelled confirmations; then sends agreements with all three true  490ms
   ✓ G1 agreements step (ar) > a non-approve outcome on G1 sends no agreements (even after ticking them)  360ms
   ✓ G1 agreements step (ar) > the server's 422 gate.g1_agreements_required is the one form-level alert, with the missing confirmations  951ms
   ✓ G1 agreements step (ar) > the server's 422 gate.agreements_not_applicable is translated as the one form-level alert  452ms
 ✓ |unit-web| src/pages/readiness/readiness.test.tsx (4 tests) 1926ms
   ✓ Readiness (en) > lists the missing diagnostic areas by name, the gates and the translated sequencing blockers  758ms
   ✓ Readiness (en) > an accepted, verified inherited approval counts, and the gate itself still is not approved  796ms
 ✓ |unit-web| src/components/RecordForm.alerts.test.tsx (16 tests) 2834ms
   ✓ record form: one alert per distinct form error (en) > dialog > a 400 whose only field error has pointer "" says its message once, in one live region  824ms
 ✓ |unit-web| src/i18n/i18n.test.ts (11 tests) 113ms
 ✓ |unit-web| src/components/States.test.tsx (15 tests) 547ms
 ✓ |unit-web| src/i18n/glossary.test.ts (8 tests) 29ms
 ✓ |unit-web| src/lib/auditChanges.test.ts (125 tests) 75ms
 ✓ |unit-web| src/pages/business-cases/problem-codes.test.ts (4 tests) 11ms
 ✓ |unit-web| src/test/react-warning-guard.test.tsx (4 tests) 61ms
 ✓ |unit-web| src/test/harness-config.test.ts (2 tests) 13ms
 ✓ |unit-web| src/styles/styles.test.ts (6 tests) 10ms
 ✓ |unit-web| src/lib/lib.test.ts (24 tests) 87ms

 Test Files  122 passed (122)
      Tests  2342 passed (2342)
   Start at  23:58:07
   Duration  228.97s (transform 15.80s, setup 10.22s, collect 204.81s, tests 352.86s, environment 42.63s, prepare 16.03s)


 RUN  v3.2.4 /home/user/wt/dg4-be-r2

 ✓ |unit-formula-nocodegen| packages/shared/src/formula/codegen.nocodegen.test.ts (10 tests) 21ms
 ✓ |unit-formula-nocodegen| packages/shared/src/formula/formula.test.ts (140 tests) 132ms
 ✓ |unit-formula-nocodegen| packages/shared/src/formula/fuzz.test.ts (111 tests | 2 skipped) 6238ms
   ✓ fuzz: no uncaught exception, no code execution > 10 000 random byte strings (0–255, up to 80 bytes)  1582ms
   ✓ fuzz: no uncaught exception, no code execution > 10 000 random UTF-16 strings including astral code points and lone surrogates  1293ms
   ✓ fuzz: no uncaught exception, no code execution > 20 000 random strings over the grammar alphabet reach parser, type checker and evaluator  3318ms

 Test Files  3 passed (3)
      Tests  259 passed | 2 skipped (261)
   Start at  00:01:57
   Duration  7.90s (transform 607ms, setup 0ms, collect 1.92s, tests 6.39s, environment 2ms, prepare 332ms)

exit=0
