
> mobily-transformation-hub@0.1.0 test /home/user/wt/dg4-be-r2
> vitest run --project unit-node --project unit-web && vitest run --project unit-formula-nocodegen


 RUN  v3.2.4 /home/user/wt/dg4-be-r2

 ✓ |unit-web| src/pages/transformations/transformations.test.tsx (21 tests) 5664ms
   ✓ after create (F-DG1-004) > shows the created record when the server lets the creator read it  550ms
   ✓ after create (F-DG1-004) > explains, in English, that the draft was created but cannot be opened (server 404), instead of 'Not found'  339ms
   ✓ derived creator assignment on the audit trail (F-DG1-008) > Arabic (RTL): the same event with Arabic labels and the glossary role name  320ms
   ✓ derived creator assignment on the audit trail (F-DG1-008) > an action the catalogue does not know stays readable and is explicitly marked (en and ar)  391ms
   ✓ effective permissions refresh after create (F-DG1-210) > English: Edit, Archive and the audit trail appear after create, without a reload  923ms
   ✓ effective permissions refresh after create (F-DG1-210) > Arabic (RTL): the same controls and the audit trail appear after create, without a reload  806ms
   ✓ effective permissions refresh after create (F-DG1-210) > does not over-grant: if the refreshed server answer adds nothing, Archive and the audit trail stay hidden  426ms
 ✓ |unit-web| src/lib/auditChanges.test.ts (125 tests) 312ms
 ✓ |unit-web| src/auth/session-bound.test.tsx (34 tests) 11565ms
   ✓ F-DG2-530/580 no effect of A's action after a further await once the tab is B's (en) > Y1: a create whose post-create GET /me returns B: B is not navigated and never sees A's code or name  1099ms
   ✓ F-DG2-530/580 no effect of A's action after a further await once the tab is B's (en) > Y1c: the same create under one identity still lands on the created record  419ms
   ✓ F-DG2-530/580 no effect of A's action after a further await once the tab is B's (en) > an edit whose identity changes between its awaits: B is not navigated to A's record and keeps nothing of A's  429ms
   ✓ F-DG2-530/580 no effect of A's action after a further await once the tab is B's (en) > an organization create whose identity changes between its awaits: B is not navigated to A's new organization  823ms
   ✓ F-DG2-530/580 no effect of A's action after a further await once the tab is B's (en) > a user create whose identity changes between its awaits: B is not navigated to A's new user  566ms
   ✓ F-DG2-530/580 no effect of A's action after a further await once the tab is B's (en) > sanity: the organization and user creates under one identity still navigate to the new record  373ms
   ✓ F-DG2-530/580 no effect of A's action after a further await once the tab is B's (ar) > Y1: a create whose post-create GET /me returns B: B is not navigated and never sees A's code or name  682ms
   ✓ F-DG2-530/580 no effect of A's action after a further await once the tab is B's (ar) > Y1c: the same create under one identity still lands on the created record  339ms
   ✓ F-DG2-530/580 no effect of A's action after a further await once the tab is B's (ar) > an edit whose identity changes between its awaits: B is not navigated to A's record and keeps nothing of A's  486ms
   ✓ F-DG2-530/580 no effect of A's action after a further await once the tab is B's (ar) > an organization create whose identity changes between its awaits: B is not navigated to A's new organization  624ms
   ✓ F-DG2-530/580 no effect of A's action after a further await once the tab is B's (ar) > a user create whose identity changes between its awaits: B is not navigated to A's new user  652ms
   ✓ F-DG2-530/580 no effect of A's action after a further await once the tab is B's (ar) > sanity: the organization and user creates under one identity still navigate to the new record  349ms
   ✓ the convention: no raw navigate or cache write in app code (T-DG2-FE15) > the ESLint rule refuses a raw navigate, a raw cache write and a useNavigate import in a page  1739ms
 ✓ |unit-web| src/auth/session-generation.test.tsx (26 tests) 12886ms
   ✓ F-DG2-530 a write in flight across an identity change (en) > X3: A's PATCH answered after B's /me is not written into B's cache, not shown, and does not navigate B  1015ms
   ✓ F-DG2-530 a write in flight across an identity change (en) > X3b: the same after a session END here and B's sign-in: A's late answer never lands  835ms
   ✓ F-DG2-530 a write in flight across an identity change (en) > an archive in flight across an identity change: A's archived record never lands in B's cache  656ms
   ✓ F-DG2-530 a write in flight across an identity change (en) > an organization save in flight across an identity change: A's change is never stored under B  748ms
   ✓ F-DG2-530 a write in flight across an identity change (en) > a user save in flight across an identity change: A's change is never stored under B  642ms
   ✓ F-DG2-530 a write in flight across an identity change (en) > a same-person new session: the in-flight save is dropped silently, the draft is kept and usable  545ms
   ✓ F-DG2-530 a write in flight across an identity change (en) > a language save retried after a 409 is never written for the identity that replaced A  588ms
   ✓ F-DG2-530 a write in flight across an identity change (en) > sanity: a write in flight that finishes under the SAME identity still updates the cache and navigates  359ms
   ✓ F-DG2-530 X6: refocus and reconnect revalidate GET /me first (en) > after B signs in elsewhere, a refocus within /me's staleTime shows B's header with B's data, never A's  487ms
   ✓ F-DG2-530 X6: refocus and reconnect revalidate GET /me first (en) > the same identity: a refocus refetches /me once, then the stale page queries; nothing when all is fresh  858ms
   ✓ F-DG2-530 a write in flight across an identity change (ar) > X3: A's PATCH answered after B's /me is not written into B's cache, not shown, and does not navigate B  693ms
   ✓ F-DG2-530 a write in flight across an identity change (ar) > X3b: the same after a session END here and B's sign-in: A's late answer never lands  604ms
   ✓ F-DG2-530 a write in flight across an identity change (ar) > an archive in flight across an identity change: A's archived record never lands in B's cache  771ms
   ✓ F-DG2-530 a write in flight across an identity change (ar) > an organization save in flight across an identity change: A's change is never stored under B  872ms
   ✓ F-DG2-530 a write in flight across an identity change (ar) > a user save in flight across an identity change: A's change is never stored under B  596ms
   ✓ F-DG2-530 a write in flight across an identity change (ar) > a same-person new session: the in-flight save is dropped silently, the draft is kept and usable  549ms
   ✓ F-DG2-530 a write in flight across an identity change (ar) > a language save retried after a 409 is never written for the identity that replaced A  463ms
   ✓ F-DG2-530 a write in flight across an identity change (ar) > sanity: a write in flight that finishes under the SAME identity still updates the cache and navigates  347ms
   ✓ F-DG2-530 X6: refocus and reconnect revalidate GET /me first (ar) > after B signs in elsewhere, a refocus within /me's staleTime shows B's header with B's data, never A's  400ms
   ✓ F-DG2-530 X6: refocus and reconnect revalidate GET /me first (ar) > the same identity: a refocus refetches /me once, then the stale page queries; nothing when all is fresh  648ms
 ✓ |unit-web| src/pages/p2.test.tsx (56 tests) 24426ms
   ✓ Diagnose > shows the six T01 dimensions with Unknown for missing values, and value pools that are never 0  1089ms
   ✓ Diagnose > renders the six workstreams with their key questions  822ms
   ✓ Diagnose > edits a T01 row with only the changed fields and If-Match  816ms
   ✓ Diagnose > a 409 on save writes nothing, compares, and re-applies on the current version  1064ms
   ✓ Diagnose > a 400 validation.blank shows a localized message on its field ('en')  796ms
   ✓ Diagnose > a 400 validation.blank shows a localized message on its field ('ar')  821ms
   ✓ Diagnose > an invisible-only value is blocked client-side with validation.blank ('en')  775ms
   ✓ Diagnose > an invisible-only value is blocked client-side with validation.blank ('ar')  676ms
   ✓ Diagnose > a whitespace-only T01 value is an inline blank error and sends nothing ('en')  1032ms
   ✓ Diagnose > a whitespace-only T01 value is an inline blank error and sends nothing ('ar')  539ms
   ✓ Diagnose > T01: an emptied field is sent as an explicit null; visible text is sent verbatim  669ms
   ✓ Define > requires a target date on a T02 row before sending anything  408ms
   ✓ Define > sets the North Star with one sentence and no If-Match the first time  411ms
   ✓ Define: KPI activation (F-DG2-201) > offers Activate on a draft KPI, states the unmet precondition on 422, then activates with If-Match  818ms
   ✓ Define: KPI activation (F-DG2-201) > Arabic: the Activate action and the 422 reason are in Arabic  982ms
   ✓ Charter > scope pre-check: an empty Out of scope reads as failing (EN and AR)  469ms
   ✓ Charter > thesis: the four parts compose the B0037 sentence (EN and AR)  331ms
   ✓ Charter > edit: a whitespace Out of scope is an inline blank error, sends nothing and keeps the value (ar)  399ms
   ✓ Charter > edit: emptying a filled field sends null; visible text is verbatim (en)  1220ms
   ✓ Charter > edit: emptying a filled field sends null; visible text is verbatim (ar)  637ms
   ✓ Charter > edit: a change summary alone is not a change (never a content-free version)  318ms
   ✓ Design > shows the ten canvas boxes and the per-dimension view  524ms
   ✓ Design > converts an unresolved workshop item into a design decision with If-Match  886ms
   ✓ Gates (business approval) > lists G1-G6 as business approvals with live readiness, and never mentions the engineering gates  432ms
   ✓ Gates (business approval) > shows unverified evidence as unverified, the failing outcome at G2, and submits with If-Match  419ms
   ✓ Gates (business approval) > the approver's decision: rationale required; 403 and 409 problems in words  582ms
   ✓ Gates (business approval) > gate list titles: the verbatim B0023 name once, never the code twice (EN and AR)  490ms
   ✓ Gates (business approval) > gate detail heading: the verbatim B0023 name once (EN and AR)  401ms
   ✓ Evidence > uploads a revision as octet-stream with a percent-encoded file name and If-Match  441ms
   ✓ Evidence > never offers review to the creator; a filename reference can only be rejected  404ms
   ✓ read-only auditor (AUD) > diagnose: no write control and a read-only note  344ms
 ✓ |unit-web| src/pages/benefits/benefits.test.tsx (29 tests) 10255ms
   ✓ benefits screens (en) > T14 register: ten columns; Value (SAR) n/a and Unknown never 0; Realized kept apart with pending labelled  879ms
   ✓ benefits screens (en) > allocations: percent and unallocated share; the replace sends fractions with If-Match  471ms
   ✓ benefits screens (en) > allocations above 100 %: the preview warns and the server's 422 is translated in the one form alert  1026ms
   ✓ benefits screens (en) > values: seven states apart; measurements before Measure are explained (a delivered enabler is not realized value)  413ms
   ✓ benefits screens (en) > measurements: a validated value offers no edit; the 409 validated_immutable is translated  342ms
   ✓ benefits screens (en) > Finance decision: six items, the decision body with If-Match; labelled Finance validation, never DG0-DG7  384ms
   ✓ benefits screens (en) > Finance decision: a missing item is left to the server, whose 422 names the six items; the submitter is never offered a decision  424ms
   ✓ benefits screens (en) > Finance decision: the content_incomplete 422 and a Business Owner's 403 are translated  570ms
   ✓ benefits screens (en) > read-only (auditor): Finance item without decide, register without create  539ms
   ✓ benefits screens (ar) > T14 register: ten columns; Value (SAR) n/a and Unknown never 0; Realized kept apart with pending labelled  383ms
   ✓ benefits screens (ar) > allocations: percent and unallocated share; the replace sends fractions with If-Match  433ms
   ✓ benefits screens (ar) > allocations above 100 %: the preview warns and the server's 422 is translated in the one form alert  513ms
   ✓ benefits screens (ar) > Finance decision: six items, the decision body with If-Match; labelled Finance validation, never DG0-DG7  677ms
   ✓ benefits screens (ar) > Finance decision: the content_incomplete 422 and a Business Owner's 403 are translated  373ms
   ✓ benefits screens (ar) > read-only (auditor): Finance item without decide, register without create  484ms
 ✓ |unit-web| src/pages/team/team.test.tsx (10 tests) 5949ms
   ✓ Team (English LTR) > shows the six governance roles with B0018 accountability text verbatim and who holds each  1289ms
   ✓ Team (English LTR) > lists team members with the accountability on each assignment, sortable and filterable  659ms
   ✓ Team (English LTR) > a Transformation Lead assigns a Workstream Lead: Idempotency-Key, reason, accountability preview  527ms
   ✓ Team (English LTR) > shows a 403 from the server in words; nothing is assigned  356ms
   ✓ Team assign dialog: accountability preview follows the selected role (F-DG2-430) > en: WL on open, then KDS, TD, none and WL again, in StrictMode with no React warning  529ms
   ✓ Team assign dialog: accountability preview follows the selected role (F-DG2-430) > ar: WL on open, then KDS, TD, none and WL again, in StrictMode with no React warning  552ms
   ✓ Team: the success notice follows a language switch, 'en' → 'ar' > the notice is shown in the language now on screen, not the one it was created in  886ms
   ✓ Team: the success notice follows a language switch, 'ar' → 'en' > the notice is shown in the language now on screen, not the one it was created in  757ms
 ✓ |unit-web| src/pages/portfolio/portfolio.test.tsx (32 tests) 10813ms
   ✓ Portfolio (en) > lists code, name, wave, owners and three separate columns: proposed rank, selection and funding  602ms
   ✓ Portfolio (en) > filters by status and wave on the server  521ms
   ✓ Portfolio (en) > creates a draft at any time: POST /initiatives with the transformation and an Idempotency-Key  505ms
   ✓ Portfolio (ar) > lists code, name, wave, owners and three separate columns: proposed rank, selection and funding  363ms
   ✓ Portfolio (ar) > filters by status and wave on the server  525ms
   ✓ Portfolio (ar) > creates a draft at any time: POST /initiatives with the transformation and an Idempotency-Key  474ms
   ✓ Initiative Card (en) > submit refused: 'Case for change not yet approved (G1)…' is the dialog's one translated alert  364ms
   ✓ Initiative Card (en) > submit refused: 'Outcome before activity…' (validation at /outcomeContributions) is translated  348ms
   ✓ Initiative Card (en) > launch refused: 'North Star, outcomes and target state not yet approved', then 'Selected - unfunded…'  531ms
   ✓ Initiative Card (en) > select is a labelled business approval: rationale required, If-Match, no 'on behalf of' control  407ms
   ✓ Initiative Card (en) > a gap link to another TOM record shows 'A project portfolio is not a Target Operating Model…'  491ms
   ✓ Initiative Card (en) > an outcome contribution needs an outcome; the KPI is optional and labelled so  330ms
   ✓ Initiative Card (en) > the read-only auditor sees the card with no enabled write control  376ms
   ✓ Initiative Card (ar) > launch refused: 'North Star, outcomes and target state not yet approved', then 'Selected - unfunded…'  441ms
   ✓ Initiative Card (ar) > select is a labelled business approval: rationale required, If-Match, no 'on behalf of' control  586ms
   ✓ Initiative Card (ar) > a 409 shows the conflict banner and reloads  301ms
   ✓ Initiative Card (ar) > an outcome contribution needs an outcome; the KPI is optional and labelled so  304ms
 ✓ |unit-web| src/pages/kpi/kpi.test.tsx (27 tests) 7198ms
   ✓ KPI screens (en) > RAG panel: the seven elements, the threshold version named, and the override beside the calculated RAG  376ms
   ✓ KPI screens (en) > no actual for the current period: Unknown, grey and labelled, with its reason; never 0 and never green  347ms
   ✓ KPI screens (en) > four-step update: submits once, then lists downstream views, 'review pending' and 'Finance review pending'  690ms
   ✓ KPI screens (en) > a 409 on submit is the form's one alert: nothing was saved, the latest data is loaded  319ms
   ✓ KPI screens (en) > an actual: a submitted value says it is not used until accepted; a draft is labelled not submitted  304ms
   ✓ KPI screens (en) > data quality: an open finding is resolved with a note and If-Match  455ms
   ✓ KPI screens (ar) > RAG panel: the seven elements, the threshold version named, and the override beside the calculated RAG  426ms
   ✓ KPI screens (ar) > four-step update: submits once, then lists downstream views, 'review pending' and 'Finance review pending'  344ms
   ✓ KPI screens (ar) > a second entry for the same KPI and period is value version 2 of the same slot (If-Match)  316ms
   ✓ KPI screens (ar) > a 409 on submit is the form's one alert: nothing was saved, the latest data is loaded  743ms
   ✓ KPI screens (ar) > no active version: the update explains it and links to the versions (no form)  324ms
   ✓ KPI screens (ar) > read-only viewer (auditor): no write action on the KPI page, labels say business approval  377ms
   ✓ KPI screens (ar) > data quality: an open finding is resolved with a note and If-Match  458ms
 ✓ |unit-web| src/pages/p2-blank-forms.test.tsx (52 tests) 27322ms
   ✓ gate submission note (en) > a whitespace-only note is refused inline and nothing is sent  786ms
   ✓ gate submission note (en) > visible text is sent verbatim; an empty note is omitted  631ms
   ✓ gate submission note (ar) > a whitespace-only note is refused inline and nothing is sent  340ms
   ✓ gate submission note (ar) > a invisible-only note is refused inline and nothing is sent  451ms
   ✓ gate submission note (ar) > visible text is sent verbatim; an empty note is omitted  585ms
   ✓ gate decision rationale and comments (en) > a whitespace-only rationale is refused inline and nothing is sent  348ms
   ✓ gate decision rationale and comments (en) > a invisible-only rationale is refused inline and nothing is sent  385ms
   ✓ gate decision rationale and comments (en) > a invisible (long enough for min 3)-only rationale is refused inline and nothing is sent  391ms
   ✓ gate decision rationale and comments (en) > a whitespace-only comment is refused inline (focus on it) and nothing is sent  633ms
   ✓ gate decision rationale and comments (en) > a invisible-only comment is refused inline (focus on it) and nothing is sent  450ms
   ✓ gate decision rationale and comments (en) > visible text is sent verbatim; empty comments are omitted; an empty rationale stays 'too short'  417ms
   ✓ gate decision rationale and comments (en) > a server 400 validation.blank on /rationale lands on the field  331ms
   ✓ gate decision rationale and comments (ar) > a whitespace-only rationale is refused inline and nothing is sent  334ms
   ✓ gate decision rationale and comments (ar) > a invisible-only rationale is refused inline and nothing is sent  353ms
   ✓ gate decision rationale and comments (ar) > a invisible (long enough for min 3)-only rationale is refused inline and nothing is sent  384ms
   ✓ gate decision rationale and comments (ar) > a whitespace-only comment is refused inline (focus on it) and nothing is sent  466ms
   ✓ gate decision rationale and comments (ar) > a invisible-only comment is refused inline (focus on it) and nothing is sent  412ms
   ✓ gate decision rationale and comments (ar) > a server 400 validation.blank on /rationale lands on the field  509ms
   ✓ journey step editor (en) > a whitespace-only actor is refused inline (not turned into null) and nothing is sent  541ms
   ✓ journey step editor (en) > a invisible-only actor is refused inline (not turned into null) and nothing is sent  491ms
   ✓ journey step editor (en) > several blank fields: each gets the message and focus goes to the first (name)  612ms
   ✓ journey step editor (en) > visible text is sent verbatim; emptied optional text is null; an empty name is required  826ms
   ✓ journey step editor (ar) > a whitespace-only actor is refused inline (not turned into null) and nothing is sent  699ms
   ✓ journey step editor (ar) > a invisible-only actor is refused inline (not turned into null) and nothing is sent  444ms
   ✓ journey step editor (ar) > several blank fields: each gets the message and focus goes to the first (name)  692ms
   ✓ journey step editor (ar) > visible text is sent verbatim; emptied optional text is null; an empty name is required  882ms
   ✓ Finance validation note and archive reason (en) > note: a whitespace-only note is refused inline and nothing is sent  546ms
   ✓ Finance validation note and archive reason (en) > note: a invisible-only note is refused inline and nothing is sent  754ms
   ✓ Finance validation note and archive reason (en) > note: empty is 'required'; visible text is sent verbatim  519ms
   ✓ Finance validation note and archive reason (en) > reason: a whitespace-only reason is refused inline and nothing is archived  381ms
   ✓ Finance validation note and archive reason (en) > reason: a invisible-only reason is refused inline and nothing is archived  320ms
   ✓ Finance validation note and archive reason (en) > reason: a server 400 validation.blank on /reason is the field message, not a generic error  551ms
   ✓ Finance validation note and archive reason (en) > reason: a reason with U+0000 is refused inline with the localized message and nothing is archived  636ms
   ✓ Finance validation note and archive reason (en) > reason: a server 400 validation.invalid_character on /reason is the localized field message  1100ms
   ✓ Finance validation note and archive reason (en) > reason: empty keeps 'too short'; visible text is sent verbatim  578ms
   ✓ Finance validation note and archive reason (ar) > note: a whitespace-only note is refused inline and nothing is sent  595ms
   ✓ Finance validation note and archive reason (ar) > note: a invisible-only note is refused inline and nothing is sent  898ms
   ✓ Finance validation note and archive reason (ar) > note: empty is 'required'; visible text is sent verbatim  391ms
   ✓ Finance validation note and archive reason (ar) > reason: a whitespace-only reason is refused inline and nothing is archived  338ms
   ✓ Finance validation note and archive reason (ar) > reason: a invisible-only reason is refused inline and nothing is archived  682ms
   ✓ Finance validation note and archive reason (ar) > reason: a server 400 validation.blank on /reason is the field message, not a generic error  406ms
   ✓ Finance validation note and archive reason (ar) > reason: a reason with U+0000 is refused inline with the localized message and nothing is archived  522ms
   ✓ Finance validation note and archive reason (ar) > reason: a server 400 validation.invalid_character on /reason is the localized field message  462ms
   ✓ Finance validation note and archive reason (ar) > reason: empty keeps 'too short'; visible text is sent verbatim  387ms
   ✓ North Star statement (en) > a whitespace-only statement is refused inline and nothing is sent  575ms
   ✓ North Star statement (en) > a invisible-only statement is refused inline and nothing is sent  1116ms
   ✓ North Star statement (ar) > a whitespace-only statement is refused inline and nothing is sent  692ms
   ✓ North Star statement (ar) > a invisible-only statement is refused inline and nothing is sent  675ms
 ✓ |unit-web| src/auth/session-identity.test.tsx (18 tests) 9203ms
   ✓ F-DG2-500 a session end on the sign-in page (en) > W5: Back to /login after A's session ends, B signs in with the development form: B never sees A's records  1574ms
   ✓ F-DG2-500 a session end on the sign-in page (en) > W5b (OIDC mode): B signs in in another tab and this tab's /me re-probe brings B: B never sees A's records  887ms
   ✓ F-DG2-500 an identity change with no session end in this tab (en) > a refocus /me that returns another identity removes every session query before B renders, and drops A's drafts  483ms
   ✓ F-DG2-500 an identity change with no session end in this tab (en) > the same identity re-probed (window refocus) keeps the cache and the page state  497ms
   ✓ F-DG2-500 sign-out here and 403 (en) > signing out here clears everything; B signing in afterwards never sees A's records  1408ms
   ✓ F-DG2-500 a session end on the sign-in page (ar) > W5: Back to /login after A's session ends, B signs in with the development form: B never sees A's records  887ms
   ✓ F-DG2-500 a session end on the sign-in page (ar) > W5b (OIDC mode): B signs in in another tab and this tab's /me re-probe brings B: B never sees A's records  711ms
   ✓ F-DG2-500 an identity change with no session end in this tab (ar) > a refocus /me that returns another identity removes every session query before B renders, and drops A's drafts  493ms
   ✓ F-DG2-500 an identity change with no session end in this tab (ar) > the same identity re-probed (window refocus) keeps the cache and the page state  395ms
   ✓ F-DG2-500 sign-out here and 403 (ar) > signing out here clears everything; B signing in afterwards never sees A's records  710ms
   ✓ F-DG2-500 sign-out here and 403 (ar) > a 403 is never a session end: the phase, the identity and the cache are kept  398ms
 ✓ |unit-web| src/pages/render-time-language.test.tsx (28 tests) 17061ms
   ✓ sign-in (dev form), 'en' → 'ar' > an invalid user name: the inline message follows the switch  354ms
   ✓ sign-in (dev form), 'ar' → 'en' > a refused sign-in: the server's problem follows the switch  434ms
   ✓ journey step editor, 'en' → 'ar' > a field error on a step follows the switch  1924ms
   ✓ journey step editor, 'en' → 'ar' > the form-level "Step N:" error follows the switch (prefix and message)  908ms
   ✓ journey step editor, 'ar' → 'en' > a field error on a step follows the switch  683ms
   ✓ journey step editor, 'ar' → 'en' > the form-level "Step N:" error follows the switch (prefix and message)  1365ms
   ✓ row-action note and reason dialog, 'en' → 'ar' > the Finance validation note's 'required' follows the switch  1182ms
   ✓ row-action note and reason dialog, 'en' → 'ar' > the Finance validation choice's 'required' follows the switch  673ms
   ✓ row-action note and reason dialog, 'en' → 'ar' > the archive reason's 'too short' follows the switch  1157ms
   ✓ row-action note and reason dialog, 'ar' → 'en' > the Finance validation note's 'required' follows the switch  966ms
   ✓ row-action note and reason dialog, 'ar' → 'en' > the Finance validation choice's 'required' follows the switch  906ms
   ✓ row-action note and reason dialog, 'ar' → 'en' > the archive reason's 'too short' follows the switch  1417ms
   ✓ gate dialogs, 'en' → 'ar' > the decision rationale's field error follows the switch  556ms
   ✓ gate dialogs, 'ar' → 'en' > the submission note's field error follows the switch  518ms
   ✓ gate dialogs, 'ar' → 'en' > the decision rationale's field error follows the switch  338ms
   ✓ North Star statement, 'ar' → 'en' > the statement's field error follows the switch  409ms
   ✓ evidence dialogs, 'en' → 'ar' > upload without a file: 'required' follows the switch  728ms
   ✓ evidence dialogs, 'en' → 'ar' > a link without a record type or record: both 'required' messages follow the switch  397ms
   ✓ evidence dialogs, 'ar' → 'en' > upload without a file: 'required' follows the switch  493ms
   ✓ evidence dialogs, 'ar' → 'en' > a link without a record type or record: both 'required' messages follow the switch  583ms
 ✓ |unit-web| src/pages/portfolio/fe-e.test.tsx (18 tests) 9378ms
   ✓ Funding decisions (en) > is a labelled business approval with no 'on behalf of' control; rationale required; POST with an Idempotency-Key  1434ms
   ✓ Funding decisions (en) > the BE-E 422s are the dialog's one translated alert; funding.amount_invalid is also inline at /amount  634ms
   ✓ Funding decisions (ar) > is a labelled business approval with no 'on behalf of' control; rationale required; POST with an Idempotency-Key  586ms
   ✓ Funding decisions (ar) > the BE-E 422s are the dialog's one translated alert; funding.amount_invalid is also inline at /amount  965ms
   ✓ Funding decisions (ar) > the history shows a missing amount as Unknown (never 0); a re-selected initiative explains the deselect rule  312ms
   ✓ Deliverables and milestones on the card (en) > creates (Idempotency-Key), edits (If-Match) and archives (reason, If-Match) a deliverable  627ms
   ✓ Deliverables and milestones on the card (en) > creates a milestone with its wave and forecast, and edits it with If-Match  480ms
   ✓ Deliverables and milestones on the card (en) > 422 initiative.read_only (a closure raced the edit) is translated as the dialog's one alert  579ms
   ✓ Deliverables and milestones on the card (en) > the card edit form translates initiative.planned_range specifically (RecordDialog namespaces)  562ms
   ✓ Deliverables and milestones on the card (ar) > creates (Idempotency-Key), edits (If-Match) and archives (reason, If-Match) a deliverable  944ms
   ✓ Deliverables and milestones on the card (ar) > creates a milestone with its wave and forecast, and edits it with If-Match  525ms
   ✓ Deliverables and milestones on the card (ar) > the card edit form translates initiative.planned_range specifically (RecordDialog namespaces)  555ms
 ✓ |unit-web| src/pages/my-work/my-work.test.tsx (21 tests) 6306ms
   ✓ My Work (en) > renders tasks and reminders from messageKey + messageParams; Unknown due dates; system-managed tasks  955ms
   ✓ My Work (en) > marks a task done and a reminder read with bodiless POSTs and If-Match  1060ms
   ✓ My Work (en) > an unknown message key renders a neutral text, never the raw key  303ms
   ✓ My Work (ar) > marks a task done and a reminder read with bodiless POSTs and If-Match  702ms
   ✓ Calendar, jobs and groups (en) > calendar: a technical administrator adds a holiday; a range error is caught before sending  570ms
   ✓ Calendar, jobs and groups (en) > jobs: no permission without job.read; job.configure edits a schedule with If-Match  636ms
   ✓ Calendar, jobs and groups (ar) > calendar: read-only without calendar.configure; the calculator shows Unknown with its reason  323ms
   ✓ Calendar, jobs and groups (ar) > jobs: no permission without job.read; job.configure edits a schedule with If-Match  372ms
 ✓ |unit-web| src/pages/benefit-formulas/benefit-formulas.test.tsx (18 tests) 7359ms
   ✓ T09 benefit formulas (en) > register: the six T09 columns with confidence H/M/L; examples marked illustrative with 100000 and 500000 SAR per year  1157ms
   ✓ T09 benefit formulas (en) > builder: an undefined variable shows translated, with its position, before saving; nothing is sent  919ms
   ✓ T09 benefit formulas (en) > builder: a fraction is entered as percent and stored as a fraction; a version is saved with If-Match  830ms
   ✓ T09 benefit formulas (en) > builder: a 409 shows the standard conflict panel; nothing was saved  321ms
   ✓ T09 benefit formulas (en) > Finance validation of a version: a business approval by FIN; the author cannot; translated refusal  337ms
   ✓ T09 benefit formulas (ar) > register: the six T09 columns with confidence H/M/L; examples marked illustrative with 100000 and 500000 SAR per year  360ms
   ✓ T09 benefit formulas (ar) > builder: an undefined variable shows translated, with its position, before saving; nothing is sent  604ms
   ✓ T09 benefit formulas (ar) > builder: a fraction is entered as percent and stored as a fraction; a version is saved with If-Match  381ms
   ✓ T09 benefit formulas (ar) > builder: a 409 shows the standard conflict panel; nothing was saved  414ms
   ✓ T09 benefit formulas (ar) > Finance validation of a version: a business approval by FIN; the author cannot; translated refusal  461ms
   ✓ T09 benefit formulas (ar) > read-only auditor: no builder, no write control, the read-only note; a validated version reads Validated  331ms
 ✓ |unit-web| src/pages/gates/g4.test.tsx (16 tests) 4725ms
   ✓ G4 refusal item by item (en) > two initiatives without owners: two separate translated 'Owners' items, never the joined English message  1132ms
   ✓ G4 refusal item by item (en) > without a usable gate view: one translated line per refused criterion, never the English message  448ms
   ✓ G4 refusal item by item (ar) > two initiatives without owners: two separate translated 'Owners' items, never the joined English message  409ms
   ✓ G4 view (en) > the decision's 403 urn:mth:problem:forbidden is translated  350ms
   ✓ G4 view (en) > the decision's 403 urn:mth:problem:forbidden is translated  391ms
   ✓ G4 view (en) > the decision's 409 urn:mth:problem:version-conflict is translated  325ms
 ✓ |unit-web| src/pages/business-cases/business-cases.test.tsx (18 tests) 6476ms
   ✓ business cases (en) > register: levels, Finance baseline states with text (Stale is never green) and drafts  957ms
   ✓ business cases (en) > detail: all ten sections, totals with gross / cost / net apart, net Unknown (never 0), roll-up by reference  349ms
   ✓ business cases (en) > totals: a partial total says how many Unknown lines it leaves out  309ms
   ✓ business cases (en) > sections: saves only the changed section with If-Match; blank text is refused inline and nothing is sent  722ms
   ✓ business cases (en) > sections: a 409 shows the standard conflict panel (nothing saved) with the current values  390ms
   ✓ business cases (en) > lines: exactly one class from one select; the value basis follows the class; a 422 is translated  609ms
   ✓ business cases (en) > Finance validation: a business approval for FIN who did not author the case; If-Match; translated 403  500ms
   ✓ business cases (ar) > register: levels, Finance baseline states with text (Stale is never green) and drafts  305ms
   ✓ business cases (ar) > sections: saves only the changed section with If-Match; blank text is refused inline and nothing is sent  409ms
 ✓ |unit-web| src/pages/prioritization/prioritization.test.tsx (20 tests) 7209ms
   ✓ prioritization (en) > ranked table: an incomplete score is 'incomplete' (never a number), 3.30 complete; 0–100 shows 57.5 with its label  1144ms
   ✓ prioritization (en) > scorecard: 6 is refused inline and nothing is sent; 4 is POSTed as the integer; the weighted score is read-only 'incomplete'  711ms
   ✓ prioritization (en) > weight sets: the live total refuses 95% and 105%; 100% is accepted and POSTed as decimal strings  442ms
   ✓ prioritization (en) > weight sets: the proposer is never offered approval; another approver's approval is a business approval with If-Match; 403 SoD is translated  665ms
   ✓ prioritization (en) > weight set approval: a 409 shows the conflict banner and reloads  470ms
   ✓ prioritization (en) > overrides: a reason is required (missing and invisible-only are refused, nothing sent); with a reason it is POSTed  325ms
   ✓ prioritization (ar) > ranked table: an incomplete score is 'incomplete' (never a number), 3.30 complete; 0–100 shows 57.5 with its label  340ms
   ✓ prioritization (ar) > scorecard: 6 is refused inline and nothing is sent; 4 is POSTed as the integer; the weighted score is read-only 'incomplete'  409ms
   ✓ prioritization (ar) > weight sets: the live total refuses 95% and 105%; 100% is accepted and POSTed as decimal strings  301ms
   ✓ prioritization (ar) > weight sets: the proposer is never offered approval; another approver's approval is a business approval with If-Match; 403 SoD is translated  532ms
   ✓ prioritization (ar) > overrides: a reason is required (missing and invisible-only are refused, nothing sent); with a reason it is POSTed  305ms
 ✓ |unit-web| src/app/app.test.tsx (17 tests) 2161ms
   ✓ bilingual shell > a partial area (Governance) leads into the Gates tab of each transformation; its portfolio view stays planned  356ms
 ✓ |unit-web| src/pages/capacity/fe-e.test.tsx (13 tests) 2635ms
   ✓ capacity editing (en) > creates a role; a taken code (409) is the form's translated alert; then the role is created  446ms
   ✓ capacity editing (ar) > creates a demand; after the save the plan is re-read and the conflict with its shortfall appears; Unknown stays Unknown  301ms
 ✓ |unit-web| src/pages/approvals/approvals.test.tsx (16 tests) 3008ms
   ✓ Delegations (ar) > records a delegation with Asia/Riyadh wall-clock times sent as UTC; a loop 422 is translated  369ms
 ✓ |unit-web| src/auth/session-end.test.tsx (12 tests) 7305ms
   ✓ session end while the app is open (en) > a 401 on navigation lands once on sign-in with the message; signing in again returns to the page  1297ms
   ✓ session end while the app is open (en) > a 401 on a dialog mutation (the commit-time upload refusal) closes the dialog and lands once on sign-in  808ms
   ✓ session end while the app is open (en) > a sign-out elsewhere noticed by the next /me probe lands once on sign-in, never on the stale shell  487ms
   ✓ session end while the app is open (en) > a 403 (forbidden) is never treated as a session end  487ms
   ✓ session end while the app is open (ar) > a 401 on navigation lands once on sign-in with the message; signing in again returns to the page  653ms
   ✓ session end while the app is open (ar) > a 401 on a dialog mutation (the commit-time upload refusal) closes the dialog and lands once on sign-in  709ms
   ✓ session end while the app is open (ar) > a sign-out elsewhere noticed by the next /me probe lands once on sign-in, never on the stale shell  485ms
   ✓ session end while the app is open (ar) > a 403 (forbidden) is never treated as a session end  633ms
   ✓ session end under <StrictMode> (as in production) > still lands exactly once on sign-in  815ms
   ✓ sign-in page and the cached identity > decides 'already signed in' only from a fresh /me, never from a stale cache  384ms
   ✓ sign-in page and the cached identity > signing out here shows 'signed out', not 'session ended', and no /me loop  510ms
 ✓ |unit-web| src/pages/dispensations/dispensations.test.tsx (12 tests) 7054ms
   ✓ Dispensations (en) > lists waivers and inherited approvals; unverified evidence is shown as unverified; recorder cannot decide  1028ms
   ✓ Dispensations (en) > a waiver needs a reason and an expiry: refused inline, nothing sent; then sent with its scope  715ms
   ✓ Dispensations (en) > an inherited approval (Modular) needs the approving body, the date and evidence; 422s are translated  844ms
   ✓ Dispensations (en) > deciding is a labelled business approval; the delegated-decision 422 and the recorder 403 are translated  712ms
   ✓ Dispensations (en) > revoking an accepted dispensation needs a reason and is a business approval  378ms
   ✓ Dispensations (ar) > lists waivers and inherited approvals; unverified evidence is shown as unverified; recorder cannot decide  685ms
   ✓ Dispensations (ar) > a waiver needs a reason and an expiry: refused inline, nothing sent; then sent with its scope  627ms
   ✓ Dispensations (ar) > an inherited approval (Modular) needs the approving body, the date and evidence; 422s are translated  590ms
   ✓ Dispensations (ar) > deciding is a labelled business approval; the delegated-decision 422 and the recorder 403 are translated  473ms
   ✓ Dispensations (ar) > revoking an accepted dispensation needs a reason and is a business approval  445ms
 ✓ |unit-web| src/pages/raci/governance.test.tsx (15 tests) 5726ms
   ✓ Governance (en) > RACI: edits a row with the cell selects and saves it as one PATCH with If-Match  1009ms
   ✓ Governance (en) > RACI: an auditor sees the matrix read-only (no cell editor, no save)  343ms
   ✓ Governance (en) > role mapping: an unmapped governance role shows the visible routing error  554ms
   ✓ Governance (en) > decision rights: seeded rows; the due-date preview shows Unknown with its reason  434ms
   ✓ Governance (en) > decision rights: submits the matrix for business approval with If-Match  456ms
   ✓ Governance (en) > decision rights: a field with an unknown party code is refused before sending  599ms
   ✓ Governance (en) > Transform readiness lists what is missing and links to the fix  352ms
   ✓ Governance (ar) > RACI: edits a row with the cell selects and saves it as one PATCH with If-Match  325ms
   ✓ Governance (ar) > decision rights: submits the matrix for business approval with If-Match  488ms
 ✓ |unit-web| src/lib/lib.test.ts (24 tests) 255ms
 ✓ |unit-web| src/pages/gates/g1-agreements.test.tsx (10 tests) 8478ms
   ✓ G1 agreements step (en) > approving G1 needs the three labelled confirmations; then sends agreements with all three true  2464ms
   ✓ G1 agreements step (en) > a non-approve outcome on G1 sends no agreements (even after ticking them)  792ms
   ✓ G1 agreements step (en) > approving another gate (G2) shows no confirmations and sends no agreements  654ms
   ✓ G1 agreements step (en) > the server's 422 gate.g1_agreements_required is the one form-level alert, with the missing confirmations  667ms
   ✓ G1 agreements step (en) > the server's 422 gate.agreements_not_applicable is translated as the one form-level alert  515ms
   ✓ G1 agreements step (ar) > approving G1 needs the three labelled confirmations; then sends agreements with all three true  690ms
   ✓ G1 agreements step (ar) > a non-approve outcome on G1 sends no agreements (even after ticking them)  781ms
   ✓ G1 agreements step (ar) > approving another gate (G2) shows no confirmations and sends no agreements  599ms
   ✓ G1 agreements step (ar) > the server's 422 gate.g1_agreements_required is the one form-level alert, with the missing confirmations  687ms
   ✓ G1 agreements step (ar) > the server's 422 gate.agreements_not_applicable is translated as the one form-level alert  627ms
 ✓ |unit-web| src/app/p3-seams.test.tsx (10 tests) 3427ms
   ✓ P3 routes > workspace tabs (en) > the workspace tabs include the P3 tabs, labelled from their own namespaces  1106ms
   ✓ P3 routes > workspace tabs (ar) > the workspace tabs include the P3 tabs, labelled from their own namespaces  305ms
   ✓ P3 navigation areas > en /initiatives-roadmaps leads into the Initiatives and Roadmaps tab of each transformation  466ms
   ✓ P3 navigation areas > ar /initiatives-roadmaps leads into the المبادرات وخرائط الطريق tab of each transformation  456ms
   ✓ P3 navigation areas > en /benefits-finance leads into the Benefits and Finance tab of each transformation  527ms
   ✓ P3 navigation areas > ar /benefits-finance leads into the المنافع والمالية tab of each transformation  547ms
 ✓ |unit-web| src/pages/roadmap/roadmap.test.tsx (14 tests) 6048ms
   ✓ roadmap (en) > shows the four source waves verbatim (English source also shown in Arabic) with overlapping horizons  683ms
   ✓ roadmap (en) > moving a milestone PATCHes the forecast with If-Match and the timeline, table and board all show the new date from one refetch  547ms
   ✓ roadmap (en) > a 409 on moving a milestone shows the conflict notice and reloads the roadmap  817ms
   ✓ roadmap (en) > re-approving a date requires a reason; then it is POSTed with If-Match  389ms
   ✓ roadmap (en) > deliverable acceptance sends the AcceptanceDecision with If-Match (no 'on behalf of' control)  318ms
   ✓ roadmap (ar) > moving a milestone PATCHes the forecast with If-Match and the timeline, table and board all show the new date from one refetch  390ms
   ✓ roadmap (ar) > a 409 on moving a milestone shows the conflict notice and reloads the roadmap  787ms
   ✓ roadmap (ar) > re-approving a date requires a reason; then it is POSTed with If-Match  370ms
   ✓ roadmap (ar) > deliverable acceptance sends the AcceptanceDecision with If-Match (no 'on behalf of' control)  417ms
 ✓ |unit-web| src/pages/dependencies/dependencies.test.tsx (12 tests) 5790ms
   ✓ dependencies (en) > shows the seven T08 columns, an External source, the type label and the needed-by conflict flag  969ms
   ✓ dependencies (en) > a cycle is refused and shown as the translated message with the path INI-01 → INI-02 → INI-03 → INI-01  593ms
   ✓ dependencies (en) > an External source is sent as {kind: external, label}  412ms
   ✓ dependencies (en) > dependency types: system types are undeletable; an administrator may retire a custom type  467ms
   ✓ dependencies (ar) > a cycle is refused and shown as the translated message with the path INI-01 → INI-02 → INI-03 → INI-01  437ms
   ✓ dependencies (ar) > an External source is sent as {kind: external, label}  628ms
   ✓ dependencies (ar) > dependency types: system types are undeletable; an administrator may retire a custom type  502ms
   ✓ dependencies (ar) > a system type's 422 dependency_type.system_undeletable is translated  521ms
   ✓ dependencies (ar) > the read-only auditor sees the map and no write control  555ms
 ✓ |unit-web| src/pages/transformations/modeGuidance.test.tsx (5 tests) 2262ms
   ✓ New transformation: mode guidance (English LTR) > shows When to use and How for the selected mode and switches with the mode  1189ms
   ✓ New transformation: mode guidance (English LTR) > Modular requires an entry phase before anything is sent  366ms
   ✓ New transformation: mode guidance (English LTR) > a server validation error on the entry phase is shown on that field  426ms
 ✓ |unit-web| src/i18n/glossary.test.ts (8 tests) 11ms
 ✓ |unit-web| src/pages/gates/inherited-approval.test.tsx (16 tests) 2842ms
   ✓ inherited-approval annotation (en) > Gates list: G1 pending_verification (counts false) is a badge next to 'Not submitted'  598ms
   ✓ inherited-approval annotation (en) > gate view: an accepted inherited approval is a labelled row beside the 'Not submitted' status  311ms
 ✓ |unit-web| src/components/LanguageSwitch.test.tsx (10 tests) 4380ms
   ✓ a refused language save, 'en' → other ('403 csrf') > keeps ar on screen and says, in ar, that it was not saved  1383ms
   ✓ a refused language save, 'ar' → other ('403 csrf') > keeps en on screen and says, in en, that it was not saved  682ms
   ✓ a refused language save, 'en' → other ('403 forbidden') > keeps ar on screen and says, in ar, that it was not saved  657ms
   ✓ a refused language save, 'ar' → other ('503') > keeps en on screen and says, in en, that it was not saved  531ms
 ✓ |unit-web| src/i18n/i18n.test.ts (11 tests) 68ms
 ✓ |unit-web| src/components/RecordForm.alerts.test.tsx (16 tests) 1892ms
   ✓ record form: one alert per distinct form error (en) > dialog > a 400 whose only field error has pointer "" says its message once, in one live region  411ms
 ✓ |unit-web| src/pages/readiness/readiness.test.tsx (4 tests) 1184ms
   ✓ Readiness (en) > lists the missing diagnostic areas by name, the gates and the translated sequencing blockers  580ms
 ✓ |unit-web| src/components/States.test.tsx (15 tests) 687ms
 ✓ |unit-web| src/pages/roadmap/fe-e.test.tsx (8 tests) 4356ms
   ✓ wave editing (en) > edits planned dates (overlap accepted) with If-Match; the source text is read-only and never sent  1191ms
   ✓ wave editing (en) > 422 roadmap_wave.planned_range is inline at the planned end and translated  356ms
   ✓ wave editing (en) > adds a non-source wave with its bilingual texts (POST, Idempotency-Key)  922ms
   ✓ wave editing (ar) > edits planned dates (overlap accepted) with If-Match; the source text is read-only and never sent  312ms
   ✓ wave editing (ar) > 422 roadmap_wave.planned_range is inline at the planned end and translated  348ms
   ✓ wave editing (ar) > adds a non-source wave with its bilingual texts (POST, Idempotency-Key)  782ms
 ✓ |unit-web| src/test/react-warning-guard.test.tsx (4 tests) 93ms
 ✓ |unit-web| src/styles/styles.test.ts (6 tests) 10ms
 ✓ |unit-web| src/pages/capacity/capacity.test.tsx (6 tests) 1855ms
   ✓ capacity (en) > the role × month grid shows decimal FTE, the conflict with its shortfall, and Unknown capacity as Unknown (never 0)  335ms
   ✓ capacity (en) > committing a demand POSTs with If-Match; a 409 shows the conflict notice and reloads  575ms
   ✓ capacity (en) > the read-only auditor sees the grid and no commit or release control  317ms
   ✓ capacity (ar) > committing a demand POSTs with If-Match; a 409 shows the conflict notice and reloads  374ms
 ✓ |unit-web| src/test/harness-config.test.ts (2 tests) 3ms
 ✓ |unit-web| src/pages/business-cases/problem-codes.test.ts (4 tests) 21ms
 ✓ |unit-node| packages/shared/src/formula/formula.test.ts (140 tests) 127ms
 ✓ |unit-node| packages/db/src/seed.test.ts (34 tests) 76ms
 ✓ |unit-node| packages/shared/src/schemas/schemas.test.ts (69 tests) 223ms
 ✓ |unit-node| apps/api/src/modules/platform/media-types.test.ts (57 tests) 256ms
 ✓ |unit-node| apps/api/src/modules/reporting/dashboards/areas.test.ts (19 tests) 367ms
 ✓ |unit-node| packages/shared/src/formula/fuzz.test.ts (111 tests) 10562ms
   ✓ fuzz: no uncaught exception, no code execution > 10 000 random byte strings (0–255, up to 80 bytes)  1981ms
   ✓ fuzz: no uncaught exception, no code execution > 10 000 random UTF-16 strings including astral code points and lone surrogates  1866ms
   ✓ fuzz: no uncaught exception, no code execution > 20 000 random strings over the grammar alphabet reach parser, type checker and evaluator  4549ms
   ✓ source scan: no dynamic code in packages/shared/src/formula (ADR-0024 §6) > every file of the engine's import closure gets the engine-source lint rules (eslint.config.js)  1490ms
   ✓ source scan: no dynamic code in packages/shared/src/formula (ADR-0024 §6) > ESLint refuses the round-5 handler forms (G1, G2, A1, A2), F1 and every lintable probe-table row in an engine source  557ms
 ✓ |unit-node| packages/shared/src/value.test.ts (29 tests) 191ms
 ✓ |unit-node| apps/api/src/architecture.test.ts (137 tests) 12192ms
   ✓ API module boundaries (ADR-0002) > every import respects dependsOn, public surfaces and allowed packages  8510ms
   ✓ package dependency direction (ADR-0002 rule 5) > packages/shared imports no workspace package  823ms
   ✓ package dependency direction (ADR-0002 rule 5) > apps/web never imports @mth/db or @mth/config (browser bundle, no secrets)  1948ms
 ✓ |unit-node| apps/api/src/modules/kpi/rules.test.ts (30 tests) 46ms
 ✓ |unit-node| apps/api/src/modules/kpi/totals.test.ts (20 tests) 35ms
 ✓ |unit-node| packages/shared/src/kpi/rag.test.ts (38 tests) 16ms
 ✓ |unit-node| packages/shared/src/scoring.test.ts (36 tests) 547ms
   ✓ property: all 5^5 integer score combinations under v1 equal an independent BigInt rational computation > stored value, 2-digit display and 0–100 view all match for 3125 combinations  487ms
 ✓ |unit-node| apps/api/src/modules/workflows/workflows.test.ts (14 tests) 2144ms
   ✓ workflows module (P2) > its declared boundary holds, and an undeclared dependency would be caught  2047ms
 ✓ |unit-node| apps/api/src/modules/benefits/register-rules.test.ts (45 tests) 82ms
 ✓ |unit-node| apps/api/src/modules/benefits/totals.test.ts (14 tests) 39ms
 ✓ |unit-node| packages/shared/src/kpi/a05.test.ts (17 tests) 49ms
 ✓ |unit-node| packages/shared/src/kpi/property.test.ts (11 tests) 1462ms
   ✓ measures > higher- and lower-is-better shortfalls are exact negatives; deviation follows the sign  301ms
 ✓ |unit-node| apps/api/src/modules/benefits/d2-rules.test.ts (15 tests) 18ms
 ✓ |unit-node| apps/api/src/modules/platform/platform.test.ts (19 tests) 198ms
 ✓ |unit-node| packages/shared/src/adoption/measures.test.ts (24 tests) 544ms
 ✓ |unit-node| packages/shared/src/kpi/formula-binding.test.ts (26 tests) 17ms
 ✓ |unit-node| packages/shared/src/kpi/status.test.ts (25 tests) 11ms
 ✓ |unit-node| packages/shared/src/kpi/periods.test.ts (26 tests) 22ms
 ✓ |unit-node| apps/api/src/modules/kpi/kpi.test.ts (39 tests) 2758ms
   ✓ kpi module (P2) > its declared boundary holds, and a planted bypass or undeclared dependency would be caught  2625ms
 ✓ |unit-node| apps/api/src/modules/kpi/formulas.test.ts (10 tests) 27ms
 ✓ |unit-node| packages/shared/src/adoption/form-schema.test.ts (8 tests) 23ms
 ✓ |unit-node| packages/shared/src/governance/recurrence.test.ts (19 tests) 24ms
 ✓ |unit-node| packages/shared/src/time/working-days.test.ts (19 tests) 96ms
 ✓ |unit-node| apps/api/src/modules/evidence/evidence.test.ts (13 tests) 957ms
   ✓ evidence module (P2) > its declared boundary holds  825ms
 ✓ |unit-node| apps/api/src/modules/portfolio/schedule.test.ts (14 tests) 28ms
 ✓ |unit-node| packages/shared/src/kpi/aggregate.test.ts (20 tests) 17ms
 ✓ |unit-node| apps/api/src/modules/access/rules.test.ts (12 tests) 20ms
 ✓ |unit-node| apps/api/src/modules/kpi/kbe-c.test.ts (9 tests) 25ms
 ✓ |unit-node| apps/api/src/request-encoding.test.ts (11 tests) 189ms
 ✓ |unit-node| apps/api/src/modules/workflows/g4.test.ts (5 tests) 19ms
 ✓ |unit-node| apps/api/src/modules/kpi/p3-gate-facts.test.ts (9 tests) 13ms
 ✓ |unit-node| packages/shared/src/schedule/critical-path.test.ts (13 tests) 22ms
 ✓ |unit-node| apps/api/src/modules/platform/db-errors.test.ts (7 tests) 23ms
 ✓ |unit-node| apps/api/src/modules/platform/incomplete-body.test.ts (10 tests) 88ms
 ✓ |unit-node| packages/config/src/load.test.ts (17 tests) 89ms
 ✓ |unit-node| packages/shared/src/kpi/change.test.ts (22 tests) 43ms
 ✓ |unit-node| packages/design-tokens/src/tokens.test.ts (15 tests) 58ms
 ✓ |unit-node| apps/api/src/modules/raid/raid.test.ts (7 tests) 79ms
 ✓ |unit-node| apps/api/src/modules/portfolio/sequencing.test.ts (9 tests) 9ms
 ✓ |unit-node| packages/shared/src/kpi/types.test.ts (40 tests) 20ms
 ✓ |unit-node| packages/shared/src/kpi/measures.test.ts (30 tests) 30ms
 ✓ |unit-node| apps/api/src/modules/portfolio/budget.test.ts (13 tests) 24ms
 ✓ |unit-node| apps/api/src/server.test.ts (6 tests) 2285ms
   ✓ route registration > declares access on every /api route and on the health endpoints  917ms
   ✓ route registration > registers dev login only in AUTH_MODE=dev; production configuration refuses dev mode entirely  894ms
 ✓ |unit-node| apps/api/src/modules/platform/db-errors-p4.test.ts (5 tests) 21ms
 ✓ |unit-node| packages/shared/src/kpi/trajectory.test.ts (14 tests) 21ms
(node:1932) [FSTDEP022] FastifyWarning: The router options for constraints property access is deprecated. Please use "options.routerOptions" instead for accessing router options. The router options will be removed in `fastify@6`.
(Use `node --trace-warnings ...` to show where the warning was created)
 ✓ |unit-node| apps/api/src/modules/platform/framework-errors.test.ts (6 tests) 88ms
 ✓ |unit-node| apps/api/src/modules/transformations/good-outcome.test.ts (7 tests) 18ms
 ✓ |unit-node| apps/api/src/modules/platform/connection-hygiene.test.ts (6 tests) 90ms
 ✓ |unit-node| packages/shared/src/schemas/corrective.test.ts (10 tests) 11ms
 ✓ |unit-node| packages/shared/src/schedule/working-day-slip.test.ts (11 tests) 19ms
 ✓ |unit-node| apps/api/src/modules/raid/corrective.test.ts (4 tests) 21ms
 ✓ |unit-node| apps/api/src/modules/admin/branding.test.ts (4 tests) 76ms
 ❯ |unit-node| apps/api/src/modules/platform/advisory-locks.test.ts (3 tests | 1 failed) 88ms
   ✓ advisory-lock class registry > lists the twenty-four classes, each a distinct int4 (730227, 730231, 730235, 730237, 730241, 730245 and 730248 stay reserved for their P4 blocks) 9ms
   ✓ advisory-lock class registry > every *_lock_class CONSTANT in a migration equals its registry entry 39ms
   × advisory-lock class registry > no module source outside the registry spells a class number (they import ADVISORY_LOCK_CLASSES) 39ms
     → expected [ 'governance/matrices.ts', …(1) ] to deeply equal []
 ✓ |unit-node| apps/api/src/modules/tasks/tasks.test.ts (5 tests) 29ms
 ✓ |unit-node| packages/shared/src/schemas/roadmap.test.ts (6 tests) 31ms
 ✓ |unit-node| apps/api/src/modules/platform/request-encoding.test.ts (7 tests) 14ms
 ✓ |unit-node| apps/api/src/modules/reporting/reporting.test.ts (4 tests) 1201ms
   ✓ reporting module (P1 scaffold, D-048) > its declared boundary holds, and a planted bypass or undeclared dependency would be caught  1130ms
 ✓ |unit-node| apps/api/src/modules/platform/db-errors-p4-meetings.test.ts (4 tests) 30ms
 ✓ |unit-node| apps/api/src/modules/platform/in-flight.test.ts (4 tests) 306ms
 ✓ |unit-node| apps/api/src/modules/portfolio/readiness-transform.test.ts (4 tests) 13ms
 ✓ |unit-node| packages/shared/src/kpi/purity.test.ts (14 tests) 39ms
 ✓ |unit-node| apps/api/src/modules/methodology/methodology.test.ts (4 tests) 283ms
 ✓ |unit-node| apps/api/src/modules/transformations/thesis.test.ts (4 tests) 17ms
 ✓ |unit-node| apps/api/src/modules/platform/health.test.ts (2 tests) 59ms
 ✓ |unit-node| apps/api/src/modules/workflows/t08-cycle-problem.test.ts (2 tests) 3ms
 ✓ |unit-node| apps/api/src/modules/identity/oidc-claims.test.ts (5 tests) 11ms
 ✓ |unit-node| apps/api/src/modules/portfolio/capacity.test.ts (4 tests) 9ms
 ✓ |unit-node| apps/api/src/modules/governance/raci.test.ts (2 tests) 3ms
 ✓ |unit-node| apps/api/src/modules/sustainment/sustainment.test.ts (2 tests) 58ms
 ✓ |unit-node| apps/api/src/modules/governance/governance.test.ts (2 tests) 69ms
 ✓ |unit-node| apps/api/src/modules/transformations/exclusions.test.ts (19 tests) 6ms
 ✓ |unit-node| apps/api/src/modules/benefits/benefits.test.ts (2 tests) 83ms
 ✓ |unit-node| apps/api/src/modules/transformations/transitions.test.ts (2 tests) 4ms
 ✓ |unit-node| apps/api/src/modules/adoption/adoption.test.ts (2 tests) 42ms

⎯⎯⎯⎯⎯⎯⎯ Failed Tests 1 ⎯⎯⎯⎯⎯⎯⎯

 FAIL  |unit-node| apps/api/src/modules/platform/advisory-locks.test.ts > advisory-lock class registry > no module source outside the registry spells a class number (they import ADVISORY_LOCK_CLASSES)
AssertionError: expected [ 'governance/matrices.ts', …(1) ] to deeply equal []

[32m- Expected[39m
[31m+ Received[39m

[32m- [][39m
[31m+ [[39m
[31m+   "governance/matrices.ts",[39m
[31m+   "workflows/approvals.ts",[39m
[31m+ ][39m

 ❯ apps/api/src/modules/platform/advisory-locks.test.ts:88:23
     86|       .filter((f) => /\b7302(19|[2-4][0-9])\b/.test(readFileSync(f, "u…
     87|       .map((f) => relative(MODULES, f));
     88|     expect(offenders).toEqual([]);
       |                       ^
     89|   });
     90| });

⎯⎯⎯⎯⎯⎯⎯⎯⎯⎯⎯⎯⎯⎯⎯⎯⎯⎯⎯⎯⎯⎯⎯⎯[1/1]⎯


 Test Files  1 failed | 121 passed (122)
      Tests  1 failed | 2341 passed (2342)
   Start at  23:50:18
   Duration  195.48s (transform 12.37s, setup 8.94s, collect 181.38s, tests 294.61s, environment 34.93s, prepare 16.83s)

 ELIFECYCLE  Test failed. See above for more details.
exit=1
