# check: 07-unit-node22   mode: cutf8   started: 2026-10-06T13:48:47Z
# command: env -u LANG -u LC_ALL -u LC_CTYPE -u LC_COLLATE -u LC_MESSAGES -u LC_NUMERIC -u LC_TIME -u LC_MONETARY LANG=C.UTF-8 PATH=/opt/node22/bin:$PATH pnpm test
# node v22.22.2; LANG=C.UTF-8 LC_ALL=<unset> LC_CTYPE=<unset>

> mobily-transformation-hub@0.1.0 test /home/user/My-owns
> vitest run --project unit-node --project unit-web


 RUN  v3.2.4 /home/user/My-owns

 ✓ |unit-web| src/pages/transformations/transformations.test.tsx (21 tests) 3561ms
   ✓ after create (F-DG1-004) > shows the created record when the server lets the creator read it  534ms
   ✓ effective permissions refresh after create (F-DG1-210) > English: Edit, Archive and the audit trail appear after create, without a reload  504ms
   ✓ effective permissions refresh after create (F-DG1-210) > Arabic (RTL): the same controls and the audit trail appear after create, without a reload  376ms
stderr | src/pages/team/team.test.tsx > Team (English LTR) > shows a 403 from the server in words; nothing is assigned
Cannot update a component (`AssignDialog`) while rendering a different component (`RecordDialog`). To locate the bad setState() call inside `RecordDialog`, follow the stack trace as described in https://react.dev/link/setstate-in-render

 ✓ |unit-web| src/pages/team/team.test.tsx (6 tests) 1806ms
   ✓ Team (English LTR) > shows the six governance roles with B0018 accountability text verbatim and who holds each  501ms
   ✓ Team (English LTR) > a Transformation Lead assigns a Workstream Lead: Idempotency-Key, reason, accountability preview  324ms
   ✓ Team (English LTR) > shows a 403 from the server in words; nothing is assigned  353ms
 ✓ |unit-web| src/app/app.test.tsx (17 tests) 1832ms
   ✓ transformations > lists transformations with a sortable code column and removable filter chips  319ms
 ✓ |unit-web| src/pages/transformations/modeGuidance.test.tsx (5 tests) 929ms
   ✓ New transformation: mode guidance (English LTR) > shows When to use and How for the selected mode and switches with the mode  381ms
 ✓ |unit-web| src/pages/p2-blank-forms.test.tsx (52 tests) 12963ms
   ✓ gate submission note (en) > a whitespace-only note is refused inline and nothing is sent  467ms
   ✓ gate submission note (en) > visible text is sent verbatim; an empty note is omitted  415ms
   ✓ gate submission note (ar) > visible text is sent verbatim; an empty note is omitted  342ms
   ✓ journey step editor (en) > a whitespace-only actor is refused inline (not turned into null) and nothing is sent  420ms
   ✓ journey step editor (en) > several blank fields: each gets the message and focus goes to the first (name)  350ms
   ✓ journey step editor (en) > visible text is sent verbatim; emptied optional text is null; an empty name is required  466ms
   ✓ journey step editor (ar) > a whitespace-only actor is refused inline (not turned into null) and nothing is sent  432ms
   ✓ journey step editor (ar) > a invisible-only actor is refused inline (not turned into null) and nothing is sent  321ms
   ✓ journey step editor (ar) > visible text is sent verbatim; emptied optional text is null; an empty name is required  374ms
   ✓ Finance validation note and archive reason (en) > reason: a server 400 validation.blank on /reason is the field message, not a generic error  330ms
 ✓ |unit-web| src/pages/p2.test.tsx (56 tests) 13478ms
   ✓ Diagnose > shows the six T01 dimensions with Unknown for missing values, and value pools that are never 0  741ms
   ✓ Diagnose > renders the six workstreams with their key questions  387ms
   ✓ Diagnose > edits a T01 row with only the changed fields and If-Match  510ms
   ✓ Diagnose > a 409 on save writes nothing, compares, and re-applies on the current version  436ms
   ✓ Diagnose > a 400 validation.blank shows a localized message on its field ('en')  521ms
   ✓ Diagnose > a 400 validation.blank shows a localized message on its field ('ar')  524ms
   ✓ Diagnose > an invisible-only value is blocked client-side with validation.blank ('en')  514ms
   ✓ Diagnose > an invisible-only value is blocked client-side with validation.blank ('ar')  468ms
   ✓ Diagnose > a whitespace-only T01 value is an inline blank error and sends nothing ('en')  469ms
   ✓ Diagnose > a whitespace-only T01 value is an inline blank error and sends nothing ('ar')  420ms
   ✓ Diagnose > T01: an emptied field is sent as an explicit null; visible text is sent verbatim  447ms
   ✓ Define: KPI activation (F-DG2-201) > Arabic: the Activate action and the 422 reason are in Arabic  335ms
   ✓ Charter > scope pre-check: an empty Out of scope reads as failing (EN and AR)  338ms
   ✓ Charter > edit: a whitespace Out of scope is an inline blank error, sends nothing and keeps the value (en)  304ms
   ✓ Charter > edit: emptying a filled field sends null; visible text is verbatim (en)  305ms
   ✓ Charter > edit: emptying a filled field sends null; visible text is verbatim (ar)  301ms
   ✓ Design > shows the ten canvas boxes and the per-dimension view  316ms
   ✓ Design > converts an unresolved workshop item into a design decision with If-Match  510ms
 ✓ |unit-web| src/components/States.test.tsx (15 tests) 391ms
 ✓ |unit-web| src/i18n/i18n.test.ts (11 tests) 33ms
 ✓ |unit-web| src/lib/lib.test.ts (23 tests) 58ms
 ✓ |unit-web| src/lib/auditChanges.test.ts (15 tests) 22ms
 ✓ |unit-web| src/styles/styles.test.ts (6 tests) 8ms
 ✓ |unit-web| src/i18n/glossary.test.ts (8 tests) 9ms
 ✓ |unit-web| src/test/harness-config.test.ts (2 tests) 3ms
 ✓ |unit-node| apps/api/src/modules/workflows/workflows.test.ts (14 tests) 655ms
   ✓ workflows module (P2) > its declared boundary holds, and an undeclared dependency would be caught  608ms
 ✓ |unit-node| apps/api/src/modules/kpi/kpi.test.ts (18 tests) 722ms
   ✓ kpi module (P2) > its declared boundary holds, and a planted bypass or undeclared dependency would be caught  680ms
 ✓ |unit-node| apps/api/src/architecture.test.ts (135 tests) 3056ms
   ✓ API module boundaries (ADR-0002) > every import respects dependsOn, public surfaces and allowed packages  1530ms
   ✓ package dependency direction (ADR-0002 rule 5) > apps/web never imports @mth/db or @mth/config (browser bundle, no secrets)  705ms
 ✓ |unit-node| apps/api/src/modules/evidence/evidence.test.ts (8 tests) 405ms
   ✓ evidence module (P2) > its declared boundary holds  368ms
 ✓ |unit-node| apps/api/src/server.test.ts (6 tests) 375ms
 ✓ |unit-node| packages/shared/src/value.test.ts (29 tests) 175ms
 ✓ |unit-node| apps/api/src/modules/methodology/methodology.test.ts (4 tests) 205ms
 ✓ |unit-node| packages/shared/src/schemas/schemas.test.ts (69 tests) 202ms
 ✓ |unit-node| packages/config/src/load.test.ts (17 tests) 84ms
 ✓ |unit-node| apps/api/src/modules/platform/platform.test.ts (19 tests) 120ms
 ✓ |unit-node| packages/design-tokens/src/tokens.test.ts (15 tests) 43ms
 ✓ |unit-node| apps/api/src/modules/reporting/reporting.test.ts (4 tests) 105ms
 ✓ |unit-node| apps/api/src/modules/platform/health.test.ts (2 tests) 29ms
 ✓ |unit-node| apps/api/src/modules/kpi/rules.test.ts (30 tests) 38ms
(node:9097) [FSTDEP022] FastifyWarning: The router options for constraints property access is deprecated. Please use "options.routerOptions" instead for accessing router options. The router options will be removed in `fastify@6`.
(Use `node --trace-warnings ...` to show where the warning was created)
 ✓ |unit-node| apps/api/src/modules/platform/framework-errors.test.ts (6 tests) 36ms
 ✓ |unit-node| apps/api/src/modules/transformations/good-outcome.test.ts (7 tests) 7ms
 ✓ |unit-node| apps/api/src/modules/admin/branding.test.ts (4 tests) 34ms
 ✓ |unit-node| apps/api/src/modules/access/rules.test.ts (12 tests) 7ms
 ✓ |unit-node| packages/db/src/seed.test.ts (7 tests) 26ms
 ✓ |unit-node| apps/api/src/modules/transformations/thesis.test.ts (4 tests) 6ms
 ✓ |unit-node| apps/api/src/modules/identity/oidc-claims.test.ts (5 tests) 4ms
 ✓ |unit-node| apps/api/src/modules/transformations/exclusions.test.ts (19 tests) 7ms
 ✓ |unit-node| apps/api/src/modules/transformations/transitions.test.ts (2 tests) 3ms

 Test Files  36 passed (36)
      Tests  673 passed (673)
   Start at  13:48:47
   Duration  26.92s (transform 2.73s, setup 1.59s, collect 19.54s, tests 41.44s, environment 6.75s, prepare 2.89s)

# exit: 0   finished: 2026-10-06T13:49:15Z
