# check: 09-integration   mode: cutf8   started: 2026-10-06T13:49:39Z
# command: env -u LANG -u LC_ALL -u LC_CTYPE -u LC_COLLATE -u LC_MESSAGES -u LC_NUMERIC -u LC_TIME -u LC_MONETARY LANG=C.UTF-8 PATH=/opt/nvm/versions/node/v24.21.0/bin:$PATH env QA_PG_PORT=55471 tests/qa/support/with-pg.sh pnpm test:integration
# node v24.21.0; LANG=C.UTF-8 LC_ALL=<unset> LC_CTYPE=<unset>
qa disposable cluster: PostgreSQL 16.13 (Ubuntu 16.13-0ubuntu0.24.04.1) on x86_64-pc-linux-gnu, compiled by gcc (Ubuntu 13.3.0-6ubuntu2~24.04.1) 13.3.0, 64-bit; server_encoding UTF8, lc_collate C, lc_ctype C

> mobily-transformation-hub@0.1.0 test:integration /home/user/My-owns
> vitest run --project integration


 RUN  v3.2.4 /home/user/My-owns

[integration] PostgreSQL 16.13 (Ubuntu 16.13-0ubuntu0.24.04.1); database mth_test_muwqjkn3_50308623 (server_encoding UTF8); applied 19 migrations to a fresh database
 ✓ |integration| apps/worker/test/integration/outbox.test.ts (10 tests) 5189ms
   ✓ worker runtime: end to end, restarts and the dead-letter queue > relays and handles a created transformation, and survives a restart without losing the job  3675ms
   ✓ worker runtime: end to end, restarts and the dead-letter queue > moves a job that keeps failing to ops.failed after the bounded retries  1040ms
 ✓ |integration| apps/api/test/integration/contract/contract.test.ts (14 tests) 4338ms
   ✓ every operation, validated against the contract and the zod mirrors > kpi module operations (P2; kpi-exercises.ts, owned by kpi-benefits-engineer)  609ms
   ✓ every operation, validated against the contract and the zod mirrors > P2 backend operations (p2-exercises.ts): every routed operation exercised with a success  1960ms
   ✓ every operation, validated against the contract and the zod mirrors > every GET operation with a path parameter: a malformed id is a declared 400 at /params/<name>; nothing written  339ms
   ✓ every operation, validated against the contract and the zod mirrors > every operation but the OIDC callback: U+0000 in the query is a declared 400 invalid_character  729ms
 ✓ |integration| tests/qa/integration/a13-job-idempotency.test.ts (5 tests) 3191ms
   ✓ A13 running worker: a duplicate delivery is a no-op > consumes the event once; an extra job with the same message completes as 'duplicate'  2598ms
 ✓ |integration| packages/db/test/integration/scratch-drop.test.ts (3 tests) 3675ms
   ✓ dropScratchDatabase never terminates a live client (F-DG1-009) > a drop right after pool.end() raises no 57P01 on the closing pool (40 rounds, 8 clients each)  3282ms
   ✓ dropScratchDatabase never terminates a live client (F-DG1-009) > a client that is still connected is NOT terminated: the drop refuses, names it, and succeeds once it ends  392ms
 ✓ |integration| apps/api/test/integration/blank-text.test.ts (29 tests) 2620ms
 ✓ |integration| apps/api/test/integration/gates.test.ts (12 tests) 2446ms
   ✓ starter structure and live readiness > REQ-S13-012: evidence that is only a filename (or an inaccessible link) leaves g1.diagnostic incomplete  321ms
   ✓ G2 Direction readiness (REQ-PB-036 failing outcomes, REQ-PB-037 guardrails) > lists every outcome whose good outcome test is not passing (ids + criteria); zero guardrails blocks submission  493ms
 ✓ |integration| apps/api/test/integration/aud-write-deny.test.ts (128 tests) 1766ms
 ✓ |integration| apps/api/test/integration/registers.test.ts (23 tests) 1743ms
 ✓ |integration| packages/db/test/integration/encoding.test.ts (8 tests) 1904ms
   ✓ a SQL_ASCII database is refused before anything is created > mth-db migrate: exit 1, the message on stderr, nothing applied, no schema_migration table  305ms
   ✓ a SQL_ASCII database is refused before anything is created > mth-db seed-dev: exit 1 with the same message, nothing written  307ms
   ✓ a SQL_ASCII database is refused before anything is created > mth-db bootstrap: exit 1 with the same message (checked before the arguments are used)  300ms
   ✓ a SQL_ASCII database is refused before anything is created > control: the same CLI migrates a UTF8 scratch database created the same way  611ms
 ✓ |integration| packages/db/test/integration/bootstrap.test.ts (5 tests) 1498ms
   ✓ mth-db bootstrap > creates the first organization and a technical/access admin with no business permission, fully audited  363ms
   ✓ mth-db bootstrap > refuses to run twice  367ms
   ✓ mth-db bootstrap > validates its input and refuses the dev-login issuer  412ms
 ✓ |integration| apps/api/test/integration/dg2-repairs.test.ts (13 tests) 1280ms
 ✓ |integration| apps/api/test/integration/invalid-character.test.ts (20 tests) 1090ms
 ✓ |integration| apps/api/test/integration/oidc.test.ts (33 tests) 763ms
 ✓ |integration| apps/api/test/integration/kpi/kpi-resources.test.ts (23 tests) 864ms
 ✓ |integration| apps/api/test/integration/transformations.test.ts (30 tests) 733ms
 ✓ |integration| apps/api/test/integration/access-derived-race.test.ts (4 tests) 799ms
 ✓ |integration| apps/api/test/integration/kpi/kpi-dg2-repairs.test.ts (11 tests) 661ms
 ✓ |integration| apps/api/test/integration/bu-hierarchy-guard.test.ts (7 tests) 688ms
 ✓ |integration| apps/api/test/integration/access-scope.test.ts (18 tests) 669ms
 ✓ |integration| packages/db/test/integration/migrate.test.ts (7 tests) 536ms
   ✓ mth-db migrate on a fresh database > applies every shipped migration, then reports up to date  316ms
 ✓ |integration| apps/api/test/integration/evidence.test.ts (6 tests) 572ms
 ✓ |integration| tests/qa/integration/a12-cross-scope.test.ts (14 tests) 482ms
 ✓ |integration| apps/api/test/integration/platform.test.ts (12 tests) 423ms
 ✓ |integration| apps/api/test/integration/admin.test.ts (11 tests) 440ms
 ✓ |integration| apps/api/test/integration/kpi/kpi-aud-write-deny.test.ts (18 tests) 423ms
 ✓ |integration| apps/worker/test/integration/maintenance.test.ts (2 tests) 352ms
 ✓ |integration| apps/api/test/integration/organizations.test.ts (10 tests) 344ms
 ✓ |integration| tests/qa/integration/a14-concurrency.test.ts (5 tests) 325ms
 ✓ |integration| apps/api/test/integration/framework-errors.test.ts (11 tests) 276ms
 ✓ |integration| apps/api/test/integration/identity.test.ts (13 tests) 309ms
 ✓ |integration| packages/db/test/integration/protection.test.ts (17 tests) 120ms
 ✓ |integration| packages/db/test/integration/catalogue.test.ts (9 tests) 42ms

 Test Files  32 passed (32)
      Tests  531 passed (531)
   Start at  13:49:40
   Duration  51.83s (transform 1.20s, setup 0ms, collect 10.12s, tests 40.56s, environment 0ms, prepare 57ms)

# exit: 0   finished: 2026-10-06T13:50:33Z
