# check: 07-unit-node22   mode: cutf8   started: 2026-10-06T17:20:40Z
# command: env -u LANG -u LC_ALL -u LC_CTYPE -u LC_COLLATE -u LC_MESSAGES -u LC_NUMERIC -u LC_TIME -u LC_MONETARY LANG=C.UTF-8 PATH=/opt/node22/bin:$PATH pnpm test
# node v22.22.2; LANG=C.UTF-8 LC_ALL=<unset> LC_CTYPE=<unset>

> mobily-transformation-hub@0.1.0 test /home/user/My-owns
> vitest run --project unit-node --project unit-web


 RUN  v3.2.4 /home/user/My-owns

 ✓ |unit-web| src/pages/transformations/transformations.test.tsx (21 tests) 3458ms
   ✓ after create (F-DG1-004) > shows the created record when the server lets the creator read it  420ms
   ✓ effective permissions refresh after create (F-DG1-210) > English: Edit, Archive and the audit trail appear after create, without a reload  498ms
   ✓ effective permissions refresh after create (F-DG1-210) > Arabic (RTL): the same controls and the audit trail appear after create, without a reload  389ms
 ✓ |unit-web| src/app/app.test.tsx (17 tests) 2094ms
   ✓ transformations > lists transformations with a sortable code column and removable filter chips  327ms
stderr | src/pages/team/team.test.tsx > Team (English LTR) > shows a 403 from the server in words; nothing is assigned
Cannot update a component (`AssignDialog`) while rendering a different component (`RecordDialog`). To locate the bad setState() call inside `RecordDialog`, follow the stack trace as described in https://react.dev/link/setstate-in-render

 ✓ |unit-web| src/pages/team/team.test.tsx (6 tests) 1615ms
   ✓ Team (English LTR) > shows the six governance roles with B0018 accountability text verbatim and who holds each  455ms
   ✓ Team (English LTR) > a Transformation Lead assigns a Workstream Lead: Idempotency-Key, reason, accountability preview  314ms
 ✓ |unit-web| src/pages/transformations/modeGuidance.test.tsx (5 tests) 767ms
   ✓ New transformation: mode guidance (English LTR) > shows When to use and How for the selected mode and switches with the mode  337ms
 ✓ |unit-web| src/pages/p2.test.tsx (56 tests) 12540ms
   ✓ Diagnose > shows the six T01 dimensions with Unknown for missing values, and value pools that are never 0  652ms
   ✓ Diagnose > renders the six workstreams with their key questions  344ms
   ✓ Diagnose > edits a T01 row with only the changed fields and If-Match  428ms
   ✓ Diagnose > a 409 on save writes nothing, compares, and re-applies on the current version  414ms
   ✓ Diagnose > a 400 validation.blank shows a localized message on its field ('en')  474ms
   ✓ Diagnose > a 400 validation.blank shows a localized message on its field ('ar')  504ms
   ✓ Diagnose > an invisible-only value is blocked client-side with validation.blank ('en')  459ms
   ✓ Diagnose > an invisible-only value is blocked client-side with validation.blank ('ar')  374ms
   ✓ Diagnose > a whitespace-only T01 value is an inline blank error and sends nothing ('en')  457ms
   ✓ Diagnose > a whitespace-only T01 value is an inline blank error and sends nothing ('ar')  478ms
   ✓ Diagnose > T01: an emptied field is sent as an explicit null; visible text is sent verbatim  475ms
   ✓ Define: KPI activation (F-DG2-201) > Arabic: the Activate action and the 422 reason are in Arabic  387ms
   ✓ Charter > scope pre-check: an empty Out of scope reads as failing (EN and AR)  331ms
   ✓ Charter > edit: emptying a filled field sends null; visible text is verbatim (en)  301ms
   ✓ Design > shows the ten canvas boxes and the per-dimension view  373ms
   ✓ Design > converts an unresolved workshop item into a design decision with If-Match  514ms
 ✓ |unit-web| src/pages/p2-blank-forms.test.tsx (52 tests) 12657ms
   ✓ gate submission note (en) > a whitespace-only note is refused inline and nothing is sent  432ms
   ✓ gate submission note (en) > visible text is sent verbatim; an empty note is omitted  400ms
   ✓ gate submission note (ar) > visible text is sent verbatim; an empty note is omitted  322ms
   ✓ journey step editor (en) > a whitespace-only actor is refused inline (not turned into null) and nothing is sent  407ms
   ✓ journey step editor (en) > a invisible-only actor is refused inline (not turned into null) and nothing is sent  402ms
   ✓ journey step editor (en) > several blank fields: each gets the message and focus goes to the first (name)  398ms
   ✓ journey step editor (en) > visible text is sent verbatim; emptied optional text is null; an empty name is required  496ms
   ✓ journey step editor (ar) > a whitespace-only actor is refused inline (not turned into null) and nothing is sent  304ms
   ✓ journey step editor (ar) > a invisible-only actor is refused inline (not turned into null) and nothing is sent  307ms
   ✓ journey step editor (ar) > several blank fields: each gets the message and focus goes to the first (name)  353ms
   ✓ journey step editor (ar) > visible text is sent verbatim; emptied optional text is null; an empty name is required  392ms
   ✓ Finance validation note and archive reason (en) > note: empty is 'required'; visible text is sent verbatim  301ms
 ✓ |unit-web| src/components/States.test.tsx (15 tests) 382ms
 ✓ |unit-web| src/lib/auditChanges.test.ts (15 tests) 22ms
 ✓ |unit-web| src/lib/lib.test.ts (23 tests) 54ms
 ✓ |unit-web| src/i18n/i18n.test.ts (11 tests) 20ms
 ✓ |unit-web| src/i18n/glossary.test.ts (8 tests) 8ms
 ✓ |unit-web| src/styles/styles.test.ts (6 tests) 8ms
 ✓ |unit-web| src/test/harness-config.test.ts (2 tests) 2ms
 ✓ |unit-node| apps/api/src/modules/workflows/workflows.test.ts (14 tests) 796ms
   ✓ workflows module (P2) > its declared boundary holds, and an undeclared dependency would be caught  752ms
 ✓ |unit-node| apps/api/src/modules/kpi/kpi.test.ts (18 tests) 692ms
   ✓ kpi module (P2) > its declared boundary holds, and a planted bypass or undeclared dependency would be caught  629ms
 ✓ |unit-node| apps/api/src/architecture.test.ts (135 tests) 2747ms
   ✓ API module boundaries (ADR-0002) > every import respects dependsOn, public surfaces and allowed packages  1452ms
   ✓ package dependency direction (ADR-0002 rule 5) > apps/web never imports @mth/db or @mth/config (browser bundle, no secrets)  735ms
 ✓ |unit-node| apps/api/src/server.test.ts (6 tests) 319ms
 ✓ |unit-node| apps/api/src/modules/methodology/methodology.test.ts (4 tests) 248ms
 ✓ |unit-node| apps/api/src/modules/evidence/evidence.test.ts (8 tests) 469ms
   ✓ evidence module (P2) > its declared boundary holds  409ms
 ✓ |unit-node| packages/shared/src/value.test.ts (29 tests) 153ms
 ✓ |unit-node| packages/shared/src/schemas/schemas.test.ts (69 tests) 174ms
 ✓ |unit-node| apps/api/src/modules/platform/platform.test.ts (19 tests) 117ms
 ✓ |unit-node| packages/config/src/load.test.ts (17 tests) 90ms
 ✓ |unit-node| apps/api/src/modules/reporting/reporting.test.ts (4 tests) 109ms
 ✓ |unit-node| apps/api/src/request-encoding.test.ts (11 tests) 57ms
 ✓ |unit-node| apps/api/src/modules/kpi/rules.test.ts (30 tests) 45ms
(node:10154) [FSTDEP022] FastifyWarning: The router options for constraints property access is deprecated. Please use "options.routerOptions" instead for accessing router options. The router options will be removed in `fastify@6`.
(Use `node --trace-warnings ...` to show where the warning was created)
 ✓ |unit-node| apps/api/src/modules/platform/framework-errors.test.ts (6 tests) 31ms
 ✓ |unit-node| apps/api/src/modules/admin/branding.test.ts (4 tests) 35ms
 ✓ |unit-node| apps/api/src/modules/platform/health.test.ts (2 tests) 33ms
 ✓ |unit-node| packages/design-tokens/src/tokens.test.ts (15 tests) 46ms
 ✓ |unit-node| packages/db/src/seed.test.ts (7 tests) 26ms
 ✓ |unit-node| apps/api/src/modules/access/rules.test.ts (12 tests) 7ms
 ✓ |unit-node| apps/api/src/modules/transformations/good-outcome.test.ts (7 tests) 9ms
 ✓ |unit-node| apps/api/src/modules/platform/request-encoding.test.ts (7 tests) 13ms
 ✓ |unit-node| apps/api/src/modules/transformations/exclusions.test.ts (19 tests) 6ms
 ✓ |unit-node| apps/api/src/modules/transformations/thesis.test.ts (4 tests) 6ms
 ✓ |unit-node| apps/api/src/modules/identity/oidc-claims.test.ts (5 tests) 4ms
 ✓ |unit-node| apps/api/src/modules/transformations/transitions.test.ts (2 tests) 3ms

 Test Files  38 passed (38)
      Tests  691 passed (691)
   Start at  17:20:41
   Duration  26.54s (transform 2.86s, setup 1.52s, collect 20.45s, tests 39.86s, environment 6.25s, prepare 3.01s)

# exit: 0   finished: 2026-10-06T17:21:07Z
