# check: 09b-integration-run2   mode: cutf8   started: 2026-10-06T17:22:28Z
# command: env -u LANG -u LC_ALL -u LC_CTYPE -u LC_COLLATE -u LC_MESSAGES -u LC_NUMERIC -u LC_TIME -u LC_MONETARY LANG=C.UTF-8 PATH=/opt/nvm/versions/node/v24.21.0/bin:$PATH env QA_PG_PORT=25471 tests/qa/support/with-pg.sh pnpm test:integration
# node v24.21.0; LANG=C.UTF-8 LC_ALL=<unset> LC_CTYPE=<unset>
port-policy: PostgreSQL listening on port 25471 (attempt 1)
qa disposable cluster: PostgreSQL 16.13 (Ubuntu 16.13-0ubuntu0.24.04.1) on x86_64-pc-linux-gnu, compiled by gcc (Ubuntu 13.3.0-6ubuntu2~24.04.1) 13.3.0, 64-bit; server_encoding UTF8, lc_collate C, lc_ctype C

> mobily-transformation-hub@0.1.0 test:integration /home/user/My-owns
> vitest run --project integration


 RUN  v3.2.4 /home/user/My-owns

[integration] PostgreSQL 16.13 (Ubuntu 16.13-0ubuntu0.24.04.1); database mth_test_muwy59g5_5f4d18bd (server_encoding UTF8); applied 19 migrations to a fresh database
 ✓ |integration| apps/worker/test/integration/outbox.test.ts (10 tests) 5433ms
   ✓ worker runtime: end to end, restarts and the dead-letter queue > relays and handles a created transformation, and survives a restart without losing the job  3687ms
   ✓ worker runtime: end to end, restarts and the dead-letter queue > moves a job that keeps failing to ops.failed after the bounded retries  1034ms
 ✓ |integration| apps/api/test/integration/contract/contract.test.ts (16 tests) 5305ms
   ✓ every operation, validated against the contract and the zod mirrors > kpi module operations (P2; kpi-exercises.ts, owned by kpi-benefits-engineer)  638ms
   ✓ every operation, validated against the contract and the zod mirrors > P2 backend operations (p2-exercises.ts): every routed operation exercised with a success  2101ms
   ✓ every operation, validated against the contract and the zod mirrors > every GET operation with a path parameter: a malformed id is a declared 400 at /params/<name>; nothing written  387ms
   ✓ every operation, validated against the contract and the zod mirrors > every operation but the OIDC callback: U+0000 in the query is a declared 400 invalid_character  726ms
   ✓ every operation, validated against the contract and the zod mirrors > every operation: the rate limiter's 429 is a declared RateLimited problem (live, limits of 1 per minute)  691ms
 ✓ |integration| packages/db/test/integration/scratch-drop.test.ts (3 tests) 6900ms
   ✓ dropScratchDatabase never terminates a live client (F-DG1-009) > a drop right after pool.end() raises no 57P01 on the closing pool (40 rounds, 8 clients each)  6424ms
   ✓ dropScratchDatabase never terminates a live client (F-DG1-009) > a client that is still connected is NOT terminated: the drop refuses, names it, and succeeds once it ends  475ms
 ✓ |integration| tests/qa/integration/a13-job-idempotency.test.ts (5 tests) 3406ms
   ✓ A13 running worker: a duplicate delivery is a no-op > consumes the event once; an extra job with the same message completes as 'duplicate'  2601ms
 ✓ |integration| apps/api/test/integration/gates.test.ts (12 tests) 2207ms
   ✓ G2 Direction readiness (REQ-PB-036 failing outcomes, REQ-PB-037 guardrails) > lists every outcome whose good outcome test is not passing (ids + criteria); zero guardrails blocks submission  396ms
 ✓ |integration| apps/api/test/integration/blank-text.test.ts (29 tests) 2345ms
 ✓ |integration| apps/api/test/integration/aud-write-deny.test.ts (128 tests) 1839ms
 ✓ |integration| packages/db/test/integration/encoding.test.ts (8 tests) 1823ms
   ✓ a SQL_ASCII database is refused before anything is created > mth-db migrate: exit 1, the message on stderr, nothing applied, no schema_migration table  300ms
   ✓ a SQL_ASCII database is refused before anything is created > control: the same CLI migrates a UTF8 scratch database created the same way  564ms
 ✓ |integration| apps/api/test/integration/registers.test.ts (23 tests) 1732ms
 ✓ |integration| apps/api/test/integration/dg2-repairs.test.ts (13 tests) 1185ms
 ✓ |integration| packages/db/test/integration/bootstrap.test.ts (5 tests) 1284ms
   ✓ mth-db bootstrap > validates its input and refuses the dev-login issuer  300ms
   ✓ mth-db seed-dev (synthetic, development only) > seeds synthetic users bound to urn:mth:dev-local once, idempotently  317ms
 ✓ |integration| apps/api/test/integration/invalid-utf8.test.ts (14 tests) 1086ms
 ✓ |integration| apps/api/test/integration/invalid-character.test.ts (20 tests) 1068ms
 ✓ |integration| apps/api/test/integration/kpi/kpi-resources.test.ts (23 tests) 842ms
 ✓ |integration| apps/api/test/integration/access-derived-race.test.ts (4 tests) 824ms
 ✓ |integration| apps/api/test/integration/oidc.test.ts (33 tests) 1060ms
 ✓ |integration| apps/api/test/integration/transformations.test.ts (30 tests) 844ms
 ✓ |integration| apps/api/test/integration/bu-hierarchy-guard.test.ts (7 tests) 839ms
 ✓ |integration| apps/api/test/integration/kpi/kpi-dg2-repairs.test.ts (11 tests) 726ms
 ✓ |integration| packages/db/test/integration/migrate.test.ts (7 tests) 708ms
   ✓ mth-db migrate on a fresh database > applies every shipped migration, then reports up to date  369ms
 ✓ |integration| apps/api/test/integration/platform.test.ts (12 tests) 616ms
   ✓ readiness requires a UTF8 database (ADR-0003 'Database encoding', T-DG2-BE9) > reports 503 database: fail on a SQL_ASCII database, and database: ok on a UTF8 one created the same way  303ms
 ✓ |integration| apps/api/test/integration/access-scope.test.ts (18 tests) 655ms
 ✓ |integration| apps/worker/test/integration/maintenance.test.ts (2 tests) 600ms
 ✓ |integration| apps/api/test/integration/evidence.test.ts (6 tests) 557ms
 ✓ |integration| tests/qa/integration/a12-cross-scope.test.ts (14 tests) 467ms
 ✓ |integration| apps/api/test/integration/admin.test.ts (11 tests) 459ms
 ✓ |integration| apps/api/test/integration/kpi/kpi-aud-write-deny.test.ts (18 tests) 437ms
 ✓ |integration| apps/api/test/integration/organizations.test.ts (10 tests) 344ms
 ✓ |integration| tests/qa/integration/a14-concurrency.test.ts (5 tests) 293ms
 ✓ |integration| apps/api/test/integration/framework-errors.test.ts (11 tests) 266ms
 ✓ |integration| apps/api/test/integration/identity.test.ts (13 tests) 290ms
 ✓ |integration| packages/db/test/integration/protection.test.ts (17 tests) 96ms
 ✓ |integration| packages/db/test/integration/catalogue.test.ts (9 tests) 35ms

 Test Files  33 passed (33)
      Tests  547 passed (547)
   Start at  17:22:30
   Duration  58.27s (transform 1.16s, setup 0ms, collect 10.40s, tests 46.57s, environment 0ms, prepare 57ms)

# exit: 0   finished: 2026-10-06T17:23:28Z
