# mutation control: the NEW contract with one platform status removed from each of getMe (401), createCharter (403), updateTransformation (428), updateOrganization (409); only the rule test runs
-        "401": { $ref: "#/components/responses/Unauthenticated" }
-        "409": { $ref: "#/components/responses/VersionConflict" }
-        "428": { $ref: "#/components/responses/PreconditionRequired" }
-        "403": { $ref: "#/components/responses/Forbidden" }
# command: QA_PG_PORT=25473 tests/qa/support/with-pg.sh pnpm vitest run --project integration contract.test.ts -t 'platform status'   started 2026-10-06T17:02:54Z
port-policy: PostgreSQL listening on port 25473 (attempt 1)
qa disposable cluster: PostgreSQL 16.13 (Ubuntu 16.13-0ubuntu0.24.04.1) on x86_64-pc-linux-gnu, compiled by gcc (Ubuntu 13.3.0-6ubuntu2~24.04.1) 13.3.0, 64-bit; server_encoding UTF8, lc_collate C, lc_ctype C

 RUN  v3.2.4 /home/user/My-owns

[integration] PostgreSQL 16.13 (Ubuntu 16.13-0ubuntu0.24.04.1); database mth_test_muwxg3ps_21864cad (server_encoding UTF8); applied 19 migrations to a fresh database
 ❯ |integration| apps/api/test/integration/contract/contract.test.ts (16 tests | 1 failed | 15 skipped) 203ms
   ↓ route coverage > maps every governed Fastify route to an OpenAPI operation with the same method, and back
   ↓ route coverage > declares access on every governed route (public or a permission)
   ↓ every operation, validated against the contract and the zod mirrors > health
   ↓ every operation, validated against the contract and the zod mirrors > auth + me
   ↓ every operation, validated against the contract and the zod mirrors > organizations and business units
   ↓ every operation, validated against the contract and the zod mirrors > users, roles, permissions and assignments
   ↓ every operation, validated against the contract and the zod mirrors > transformations and audit
   ↓ every operation, validated against the contract and the zod mirrors > branding tokens (getBrandingTokens): authenticated-only, provisional provenance, contract + zod valid
   ↓ every operation, validated against the contract and the zod mirrors > kpi module operations (P2; kpi-exercises.ts, owned by kpi-benefits-engineer)
   ↓ every operation, validated against the contract and the zod mirrors > P2 backend operations (p2-exercises.ts): every routed operation exercised with a success
   ↓ every operation, validated against the contract and the zod mirrors > every GET operation with a path parameter: a malformed id is a declared 400 at /params/<name>; nothing written
   ↓ every operation, validated against the contract and the zod mirrors > the contract: every operation but the OIDC callback declares 400 (ADR-0007 §5a)
   ↓ every operation, validated against the contract and the zod mirrors > every operation but the OIDC callback: U+0000 in the query is a declared 400 invalid_character
   × every operation, validated against the contract and the zod mirrors > the contract: every operation declares each platform status derived from its route (ADR-0007 §5b) 16ms
     → expected [ 'getMe 401', …(3) ] to deeply equal []
   ↓ every operation, validated against the contract and the zod mirrors > every operation: the rate limiter's 429 is a declared RateLimited problem (live, limits of 1 per minute)
   ↓ every operation, validated against the contract and the zod mirrors > covers every operation with at least one success and every successful body with its zod mirror

⎯⎯⎯⎯⎯⎯⎯ Failed Tests 1 ⎯⎯⎯⎯⎯⎯⎯

 FAIL  |integration| apps/api/test/integration/contract/contract.test.ts > every operation, validated against the contract and the zod mirrors > the contract: every operation declares each platform status derived from its route (ADR-0007 §5b)
AssertionError: expected [ 'getMe 401', …(3) ] to deeply equal []

[32m- Expected[39m
[31m+ Received[39m

[32m- [][39m
[31m+ [[39m
[31m+   "getMe 401",[39m
[31m+   "updateOrganization 409",[39m
[31m+   "updateTransformation 428",[39m
[31m+   "createCharter 403",[39m
[31m+ ][39m

 ❯ apps/api/test/integration/contract/contract.test.ts:512:73
    510|   // T-DG2-ARCH-03 (ADR-0007 §5b): every status the platform layer can…
    511|   it("the contract: every operation declares each platform status deri…
    512|     expect(undeclaredPlatformStatuses(operations, api.routes, openapi)…
       |                                                                         ^
    513|     // The derivation itself, pinned on known operations (a public rea…
    514|     const byId = (id: string) => platformStatuses(operations.find((o) …

⎯⎯⎯⎯⎯⎯⎯⎯⎯⎯⎯⎯⎯⎯⎯⎯⎯⎯⎯⎯⎯⎯⎯⎯[1/1]⎯


 Test Files  1 failed (1)
      Tests  1 failed | 15 skipped (16)
   Start at  17:02:56
   Duration  3.06s (transform 771ms, setup 0ms, collect 1.75s, tests 203ms, environment 0ms, prepare 62ms)

# exit: 1
