# check: 09a-integration-run1   mode: nolocale   started: 2026-10-06T17:13:50Z
# command: env -u LANG -u LC_ALL -u LC_CTYPE -u LC_COLLATE -u LC_MESSAGES -u LC_NUMERIC -u LC_TIME -u LC_MONETARY  PATH=/opt/nvm/versions/node/v24.21.0/bin:$PATH env QA_PG_PORT=25471 tests/qa/support/with-pg.sh pnpm test:integration
# node v24.21.0; LANG=<unset> LC_ALL=<unset> LC_CTYPE=<unset>
port-policy: PostgreSQL listening on port 25471 (attempt 1)
qa disposable cluster: PostgreSQL 16.13 (Ubuntu 16.13-0ubuntu0.24.04.1) on x86_64-pc-linux-gnu, compiled by gcc (Ubuntu 13.3.0-6ubuntu2~24.04.1) 13.3.0, 64-bit; server_encoding UTF8, lc_collate C, lc_ctype C

> mobily-transformation-hub@0.1.0 test:integration /home/user/My-owns
> vitest run --project integration


 RUN  v3.2.4 /home/user/My-owns

[integration] PostgreSQL 16.13 (Ubuntu 16.13-0ubuntu0.24.04.1); database mth_test_muwxu5fm_7aac3e8c (server_encoding UTF8); applied 19 migrations to a fresh database
 ✓ |integration| packages/db/test/integration/scratch-drop.test.ts (3 tests) 3155ms
   ✓ dropScratchDatabase never terminates a live client (F-DG1-009) > a drop right after pool.end() raises no 57P01 on the closing pool (40 rounds, 8 clients each)  2765ms
   ✓ dropScratchDatabase never terminates a live client (F-DG1-009) > a client that is still connected is NOT terminated: the drop refuses, names it, and succeeds once it ends  388ms
 ✓ |integration| apps/worker/test/integration/outbox.test.ts (10 tests) 5156ms
   ✓ worker runtime: end to end, restarts and the dead-letter queue > relays and handles a created transformation, and survives a restart without losing the job  3675ms
   ✓ worker runtime: end to end, restarts and the dead-letter queue > moves a job that keeps failing to ops.failed after the bounded retries  1035ms
 ✓ |integration| apps/api/test/integration/contract/contract.test.ts (16 tests) 5458ms
   ✓ every operation, validated against the contract and the zod mirrors > kpi module operations (P2; kpi-exercises.ts, owned by kpi-benefits-engineer)  660ms
   ✓ every operation, validated against the contract and the zod mirrors > P2 backend operations (p2-exercises.ts): every routed operation exercised with a success  2293ms
   ✓ every operation, validated against the contract and the zod mirrors > every GET operation with a path parameter: a malformed id is a declared 400 at /params/<name>; nothing written  351ms
   ✓ every operation, validated against the contract and the zod mirrors > every operation but the OIDC callback: U+0000 in the query is a declared 400 invalid_character  733ms
   ✓ every operation, validated against the contract and the zod mirrors > every operation: the rate limiter's 429 is a declared RateLimited problem (live, limits of 1 per minute)  651ms
 ✓ |integration| tests/qa/integration/a13-job-idempotency.test.ts (5 tests) 3221ms
   ✓ A13 running worker: a duplicate delivery is a no-op > consumes the event once; an extra job with the same message completes as 'duplicate'  2648ms
 ✓ |integration| apps/api/test/integration/blank-text.test.ts (29 tests) 2341ms
 ✓ |integration| apps/api/test/integration/gates.test.ts (12 tests) 2141ms
   ✓ G2 Direction readiness (REQ-PB-036 failing outcomes, REQ-PB-037 guardrails) > lists every outcome whose good outcome test is not passing (ids + criteria); zero guardrails blocks submission  410ms
 ✓ |integration| packages/db/test/integration/encoding.test.ts (8 tests) 1907ms
   ✓ a SQL_ASCII database is refused before anything is created > mth-db migrate: exit 1, the message on stderr, nothing applied, no schema_migration table  328ms
   ✓ a SQL_ASCII database is refused before anything is created > control: the same CLI migrates a UTF8 scratch database created the same way  631ms
 ✓ |integration| packages/db/test/integration/bootstrap.test.ts (5 tests) 1426ms
   ✓ mth-db bootstrap > creates the first organization and a technical/access admin with no business permission, fully audited  366ms
   ✓ mth-db seed-dev (synthetic, development only) > seeds synthetic users bound to urn:mth:dev-local once, idempotently  384ms
 ✓ |integration| apps/api/test/integration/aud-write-deny.test.ts (128 tests) 1945ms
 ✓ |integration| apps/api/test/integration/registers.test.ts (23 tests) 1617ms
 ✓ |integration| apps/api/test/integration/dg2-repairs.test.ts (13 tests) 1174ms
 ✓ |integration| apps/api/test/integration/invalid-character.test.ts (20 tests) 1105ms
 ✓ |integration| apps/api/test/integration/invalid-utf8.test.ts (14 tests) 1073ms
   ✓ a JSON body with invalid UTF-8 is 400 validation.json, the same with Content-Length and chunked > charter create: 400 for every invalid sequence and framing; no charter, no audit row, no U+FFFD stored  301ms
 ✓ |integration| apps/api/test/integration/oidc.test.ts (33 tests) 912ms
 ✓ |integration| apps/api/test/integration/access-derived-race.test.ts (4 tests) 845ms
 ✓ |integration| apps/api/test/integration/kpi/kpi-resources.test.ts (23 tests) 1003ms
 ✓ |integration| apps/api/test/integration/bu-hierarchy-guard.test.ts (7 tests) 847ms
 ✓ |integration| apps/api/test/integration/transformations.test.ts (30 tests) 959ms
 ✓ |integration| apps/api/test/integration/platform.test.ts (12 tests) 632ms
 ✓ |integration| packages/db/test/integration/migrate.test.ts (7 tests) 687ms
   ✓ mth-db migrate on a fresh database > applies every shipped migration, then reports up to date  377ms
 ✓ |integration| apps/api/test/integration/kpi/kpi-dg2-repairs.test.ts (11 tests) 770ms
 ✓ |integration| apps/api/test/integration/access-scope.test.ts (18 tests) 700ms
 ✓ |integration| apps/worker/test/integration/maintenance.test.ts (2 tests) 579ms
 ✓ |integration| apps/api/test/integration/evidence.test.ts (6 tests) 607ms
 ✓ |integration| tests/qa/integration/a12-cross-scope.test.ts (14 tests) 476ms
 ✓ |integration| apps/api/test/integration/admin.test.ts (11 tests) 457ms
 ✓ |integration| apps/api/test/integration/kpi/kpi-aud-write-deny.test.ts (18 tests) 429ms
 ✓ |integration| apps/api/test/integration/organizations.test.ts (10 tests) 404ms
 ✓ |integration| apps/api/test/integration/framework-errors.test.ts (11 tests) 315ms
 ✓ |integration| tests/qa/integration/a14-concurrency.test.ts (5 tests) 327ms
 ✓ |integration| apps/api/test/integration/identity.test.ts (13 tests) 267ms
 ✓ |integration| packages/db/test/integration/protection.test.ts (17 tests) 91ms
 ✓ |integration| packages/db/test/integration/catalogue.test.ts (9 tests) 35ms

 Test Files  33 passed (33)
      Tests  547 passed (547)
   Start at  17:13:51
   Duration  55.03s (transform 1.19s, setup 0ms, collect 10.94s, tests 43.06s, environment 0ms, prepare 57ms)

# exit: 0   finished: 2026-10-06T17:14:47Z
