# check: 09b-integration-run2   mode: cutf8   started: 2026-10-06T20:03:52Z
# command: env -u LANG -u LC_ALL -u LC_CTYPE -u LC_COLLATE -u LC_MESSAGES -u LC_NUMERIC -u LC_TIME -u LC_MONETARY LANG=C.UTF-8 PATH=/opt/nvm/versions/node/v24.21.0/bin:$PATH env QA_PG_PORT=24361 tests/qa/support/with-pg.sh pnpm test:integration
# node v24.21.0; LANG=C.UTF-8 LC_ALL=<unset> LC_CTYPE=<unset>
port-policy: PostgreSQL listening on port 24361 (attempt 1)
qa disposable cluster: PostgreSQL 16.13 (Ubuntu 16.13-0ubuntu0.24.04.1) on x86_64-pc-linux-gnu, compiled by gcc (Ubuntu 13.3.0-6ubuntu2~24.04.1) 13.3.0, 64-bit; server_encoding UTF8, lc_collate C, lc_ctype C

> mobily-transformation-hub@0.1.0 test:integration /home/user/My-owns
> vitest run --project integration


 RUN  v3.2.4 /home/user/My-owns

[integration] PostgreSQL 16.13 (Ubuntu 16.13-0ubuntu0.24.04.1); database mth_test_mux3wtyu_bc590796 (server_encoding UTF8); applied 19 migrations to a fresh database
 ✓ |integration| apps/api/test/integration/contract/contract.test.ts (18 tests) 6876ms
   ✓ every operation, validated against the contract and the zod mirrors > kpi module operations (P2; kpi-exercises.ts, owned by kpi-benefits-engineer)  695ms
   ✓ every operation, validated against the contract and the zod mirrors > P2 backend operations (p2-exercises.ts): every routed operation exercised with a success  2189ms
   ✓ every operation, validated against the contract and the zod mirrors > every GET operation with a path parameter: a malformed id is a declared 400 at /params/<name>; nothing written  351ms
   ✓ every operation, validated against the contract and the zod mirrors > every operation but the OIDC callback: U+0000 in the query is a declared 400 invalid_character  762ms
   ✓ every operation, validated against the contract and the zod mirrors > every operation: an undeclared request media type is a declared 400 validation.content_type; nothing written  1208ms
   ✓ every operation, validated against the contract and the zod mirrors > every operation: the rate limiter's 429 is a declared RateLimited problem (live, limits of 1 per minute)  780ms
 ✓ |integration| apps/worker/test/integration/outbox.test.ts (10 tests) 5404ms
   ✓ worker runtime: end to end, restarts and the dead-letter queue > relays and handles a created transformation, and survives a restart without losing the job  3707ms
   ✓ worker runtime: end to end, restarts and the dead-letter queue > moves a job that keeps failing to ops.failed after the bounded retries  1038ms
 ✓ |integration| packages/db/test/integration/scratch-drop.test.ts (3 tests) 5800ms
   ✓ dropScratchDatabase never terminates a live client (F-DG1-009) > a drop right after pool.end() raises no 57P01 on the closing pool (40 rounds, 8 clients each)  5335ms
   ✓ dropScratchDatabase never terminates a live client (F-DG1-009) > a client that is still connected is NOT terminated: the drop refuses, names it, and succeeds once it ends  464ms
 ✓ |integration| apps/api/test/integration/blank-text.test.ts (29 tests) 2844ms
 ✓ |integration| tests/qa/integration/a13-job-idempotency.test.ts (5 tests) 3384ms
   ✓ A13 running worker: a duplicate delivery is a no-op > consumes the event once; an extra job with the same message completes as 'duplicate'  2609ms
 ✓ |integration| apps/api/test/integration/gates.test.ts (12 tests) 2468ms
   ✓ starter structure and live readiness > REQ-S13-012: evidence that is only a filename (or an inaccessible link) leaves g1.diagnostic incomplete  306ms
   ✓ G2 Direction readiness (REQ-PB-036 failing outcomes, REQ-PB-037 guardrails) > lists every outcome whose good outcome test is not passing (ids + criteria); zero guardrails blocks submission  467ms
 ✓ |integration| apps/api/test/integration/aud-write-deny.test.ts (128 tests) 2207ms
 ✓ |integration| apps/api/test/integration/registers.test.ts (23 tests) 2044ms
 ✓ |integration| packages/db/test/integration/encoding.test.ts (8 tests) 2261ms
   ✓ a SQL_ASCII database is refused before anything is created > mth-db migrate: exit 1, the message on stderr, nothing applied, no schema_migration table  312ms
   ✓ a SQL_ASCII database is refused before anything is created > mth-db bootstrap: exit 1 with the same message (checked before the arguments are used)  306ms
   ✓ a SQL_ASCII database is refused before anything is created > control: the same CLI migrates a UTF8 scratch database created the same way  902ms
 ✓ |integration| packages/db/test/integration/bootstrap.test.ts (5 tests) 2125ms
   ✓ mth-db bootstrap > creates the first organization and a technical/access admin with no business permission, fully audited  499ms
   ✓ mth-db bootstrap > refuses to run twice  600ms
   ✓ mth-db bootstrap > validates its input and refuses the dev-login issuer  572ms
   ✓ mth-db seed-dev (synthetic, development only) > seeds synthetic users bound to urn:mth:dev-local once, idempotently  355ms
 ✓ |integration| apps/api/test/integration/dg2-repairs.test.ts (13 tests) 1640ms
 ✓ |integration| apps/api/test/integration/invalid-character.test.ts (20 tests) 1281ms
 ✓ |integration| apps/api/test/integration/invalid-utf8.test.ts (14 tests) 1341ms
   ✓ a JSON body with invalid UTF-8 is 400 validation.json, the same with Content-Length and chunked > charter create: 400 for every invalid sequence and framing; no charter, no audit row, no U+FFFD stored  346ms
 ✓ |integration| apps/api/test/integration/kpi/kpi-resources.test.ts (23 tests) 1064ms
 ✓ |integration| apps/api/test/integration/oidc.test.ts (33 tests) 1072ms
 ✓ |integration| apps/api/test/integration/transformations.test.ts (30 tests) 1042ms
 ✓ |integration| apps/api/test/integration/kpi/kpi-dg2-repairs.test.ts (11 tests) 888ms
 ✓ |integration| apps/api/test/integration/access-derived-race.test.ts (4 tests) 859ms
 ✓ |integration| apps/api/test/integration/bu-hierarchy-guard.test.ts (7 tests) 764ms
 ✓ |integration| apps/api/test/integration/access-scope.test.ts (18 tests) 765ms
 ✓ |integration| apps/api/test/integration/evidence.test.ts (6 tests) 674ms
 ✓ |integration| packages/db/test/integration/migrate.test.ts (7 tests) 579ms
   ✓ mth-db migrate on a fresh database > applies every shipped migration, then reports up to date  333ms
 ✓ |integration| apps/api/test/integration/platform.test.ts (12 tests) 596ms
 ✓ |integration| tests/qa/integration/a12-cross-scope.test.ts (14 tests) 559ms
 ✓ |integration| apps/api/test/integration/media-types.test.ts (10 tests) 533ms
 ✓ |integration| apps/api/test/integration/admin.test.ts (11 tests) 526ms
 ✓ |integration| apps/api/test/integration/kpi/kpi-aud-write-deny.test.ts (18 tests) 504ms
 ✓ |integration| apps/worker/test/integration/maintenance.test.ts (2 tests) 573ms
 ✓ |integration| apps/api/test/integration/organizations.test.ts (10 tests) 411ms
 ✓ |integration| tests/qa/integration/a14-concurrency.test.ts (5 tests) 366ms
 ✓ |integration| apps/api/test/integration/framework-errors.test.ts (11 tests) 302ms
 ✓ |integration| apps/api/test/integration/identity.test.ts (13 tests) 331ms
 ✓ |integration| packages/db/test/integration/protection.test.ts (17 tests) 110ms
 ✓ |integration| packages/db/test/integration/catalogue.test.ts (9 tests) 42ms

 Test Files  34 passed (34)
      Tests  559 passed (559)
   Start at  20:03:54
   Duration  65.76s (transform 1.35s, setup 0ms, collect 12.20s, tests 52.23s, environment 0ms, prepare 92ms)

# exit: 0   finished: 2026-10-06T20:05:00Z
