# check: 07-unit-node22   mode: nolocale   started: 2026-10-06T19:53:24Z
# command: env -u LANG -u LC_ALL -u LC_CTYPE -u LC_COLLATE -u LC_MESSAGES -u LC_NUMERIC -u LC_TIME -u LC_MONETARY  PATH=/opt/node22/bin:$PATH pnpm test
# node v22.22.2; LANG=<unset> LC_ALL=<unset> LC_CTYPE=<unset>

> mobily-transformation-hub@0.1.0 test /home/user/My-owns
> vitest run --project unit-node --project unit-web


 RUN  v3.2.4 /home/user/My-owns

 ✓ |unit-web| src/pages/transformations/transformations.test.tsx (21 tests) 4113ms
   ✓ after create (F-DG1-004) > shows the created record when the server lets the creator read it  539ms
   ✓ derived creator assignment on the audit trail (F-DG1-008) > an action the catalogue does not know stays readable and is explicitly marked (en and ar)  324ms
   ✓ effective permissions refresh after create (F-DG1-210) > English: Edit, Archive and the audit trail appear after create, without a reload  575ms
   ✓ effective permissions refresh after create (F-DG1-210) > Arabic (RTL): the same controls and the audit trail appear after create, without a reload  423ms
   ✓ effective permissions refresh after create (F-DG1-210) > does not over-grant: if the refreshed server answer adds nothing, Archive and the audit trail stay hidden  319ms
stderr | src/pages/team/team.test.tsx > Team (English LTR) > shows a 403 from the server in words; nothing is assigned
Cannot update a component (`AssignDialog`) while rendering a different component (`RecordDialog`). To locate the bad setState() call inside `RecordDialog`, follow the stack trace as described in https://react.dev/link/setstate-in-render

 ✓ |unit-web| src/pages/team/team.test.tsx (6 tests) 1845ms
   ✓ Team (English LTR) > shows the six governance roles with B0018 accountability text verbatim and who holds each  460ms
   ✓ Team (English LTR) > lists team members with the accountability on each assignment, sortable and filterable  307ms
   ✓ Team (English LTR) > a Transformation Lead assigns a Workstream Lead: Idempotency-Key, reason, accountability preview  361ms
   ✓ Team (English LTR) > shows a 403 from the server in words; nothing is assigned  395ms
 ✓ |unit-web| src/app/app.test.tsx (17 tests) 1921ms
   ✓ transformations > lists transformations with a sortable code column and removable filter chips  319ms
 ✓ |unit-web| src/pages/transformations/modeGuidance.test.tsx (5 tests) 926ms
   ✓ New transformation: mode guidance (English LTR) > shows When to use and How for the selected mode and switches with the mode  437ms
 ✓ |unit-web| src/pages/p2-blank-forms.test.tsx (52 tests) 13963ms
   ✓ gate submission note (en) > a whitespace-only note is refused inline and nothing is sent  488ms
   ✓ gate submission note (en) > visible text is sent verbatim; an empty note is omitted  462ms
   ✓ gate submission note (ar) > visible text is sent verbatim; an empty note is omitted  390ms
   ✓ journey step editor (en) > a whitespace-only actor is refused inline (not turned into null) and nothing is sent  454ms
   ✓ journey step editor (en) > a invisible-only actor is refused inline (not turned into null) and nothing is sent  362ms
   ✓ journey step editor (en) > several blank fields: each gets the message and focus goes to the first (name)  403ms
   ✓ journey step editor (en) > visible text is sent verbatim; emptied optional text is null; an empty name is required  447ms
   ✓ journey step editor (ar) > a whitespace-only actor is refused inline (not turned into null) and nothing is sent  435ms
   ✓ journey step editor (ar) > a invisible-only actor is refused inline (not turned into null) and nothing is sent  315ms
   ✓ journey step editor (ar) > several blank fields: each gets the message and focus goes to the first (name)  302ms
   ✓ journey step editor (ar) > visible text is sent verbatim; emptied optional text is null; an empty name is required  411ms
   ✓ Finance validation note and archive reason (en) > note: a whitespace-only note is refused inline and nothing is sent  328ms
   ✓ Finance validation note and archive reason (en) > note: a invisible-only note is refused inline and nothing is sent  303ms
   ✓ Finance validation note and archive reason (en) > reason: empty keeps 'too short'; visible text is sent verbatim  305ms
   ✓ Finance validation note and archive reason (ar) > note: a invisible-only note is refused inline and nothing is sent  321ms
 ✓ |unit-web| src/pages/p2.test.tsx (56 tests) 14242ms
   ✓ Diagnose > shows the six T01 dimensions with Unknown for missing values, and value pools that are never 0  707ms
   ✓ Diagnose > shows the totals as Unknown when no pool is quantified  322ms
   ✓ Diagnose > renders the six workstreams with their key questions  379ms
   ✓ Diagnose > edits a T01 row with only the changed fields and If-Match  488ms
   ✓ Diagnose > a 409 on save writes nothing, compares, and re-applies on the current version  520ms
   ✓ Diagnose > a 400 validation.blank shows a localized message on its field ('en')  545ms
   ✓ Diagnose > a 400 validation.blank shows a localized message on its field ('ar')  531ms
   ✓ Diagnose > an invisible-only value is blocked client-side with validation.blank ('en')  548ms
   ✓ Diagnose > an invisible-only value is blocked client-side with validation.blank ('ar')  539ms
   ✓ Diagnose > a whitespace-only T01 value is an inline blank error and sends nothing ('en')  659ms
   ✓ Diagnose > a whitespace-only T01 value is an inline blank error and sends nothing ('ar')  541ms
   ✓ Diagnose > T01: an emptied field is sent as an explicit null; visible text is sent verbatim  536ms
   ✓ Define: KPI activation (F-DG2-201) > offers Activate on a draft KPI, states the unmet precondition on 422, then activates with If-Match  321ms
   ✓ Define: KPI activation (F-DG2-201) > Arabic: the Activate action and the 422 reason are in Arabic  330ms
   ✓ Charter > scope pre-check: an empty Out of scope reads as failing (EN and AR)  387ms
   ✓ Charter > edit: emptying a filled field sends null; visible text is verbatim (en)  379ms
   ✓ Design > shows the ten canvas boxes and the per-dimension view  477ms
   ✓ Design > converts an unresolved workshop item into a design decision with If-Match  577ms
   ✓ Gates (business approval) > the approver's decision: rationale required; 403 and 409 problems in words  308ms
 ✓ |unit-web| src/components/States.test.tsx (15 tests) 352ms
 ✓ |unit-web| src/i18n/i18n.test.ts (11 tests) 25ms
 ✓ |unit-web| src/lib/lib.test.ts (23 tests) 62ms
 ✓ |unit-web| src/lib/auditChanges.test.ts (15 tests) 23ms
 ✓ |unit-web| src/styles/styles.test.ts (6 tests) 8ms
 ✓ |unit-web| src/i18n/glossary.test.ts (8 tests) 9ms
 ✓ |unit-web| src/test/harness-config.test.ts (2 tests) 3ms
 ✓ |unit-node| apps/api/src/modules/workflows/workflows.test.ts (14 tests) 756ms
   ✓ workflows module (P2) > its declared boundary holds, and an undeclared dependency would be caught  713ms
 ✓ |unit-node| apps/api/src/modules/kpi/kpi.test.ts (18 tests) 841ms
   ✓ kpi module (P2) > its declared boundary holds, and a planted bypass or undeclared dependency would be caught  782ms
 ✓ |unit-node| apps/api/src/architecture.test.ts (135 tests) 3083ms
   ✓ API module boundaries (ADR-0002) > every import respects dependsOn, public surfaces and allowed packages  1615ms
   ✓ package dependency direction (ADR-0002 rule 5) > apps/web never imports @mth/db or @mth/config (browser bundle, no secrets)  724ms
 ✓ |unit-node| apps/api/src/server.test.ts (6 tests) 378ms
 ✓ |unit-node| apps/api/src/modules/evidence/evidence.test.ts (8 tests) 436ms
   ✓ evidence module (P2) > its declared boundary holds  385ms
 ✓ |unit-node| packages/shared/src/value.test.ts (29 tests) 192ms
 ✓ |unit-node| apps/api/src/modules/methodology/methodology.test.ts (4 tests) 246ms
 ✓ |unit-node| packages/shared/src/schemas/schemas.test.ts (69 tests) 177ms
 ✓ |unit-node| apps/api/src/modules/platform/platform.test.ts (19 tests) 109ms
 ✓ |unit-node| apps/api/src/modules/reporting/reporting.test.ts (4 tests) 100ms
 ✓ |unit-node| apps/api/src/request-encoding.test.ts (11 tests) 59ms
 ✓ |unit-node| packages/design-tokens/src/tokens.test.ts (15 tests) 47ms
 ✓ |unit-node| packages/config/src/load.test.ts (17 tests) 88ms
 ✓ |unit-node| apps/api/src/modules/platform/media-types.test.ts (10 tests) 55ms
 ✓ |unit-node| apps/api/src/modules/kpi/rules.test.ts (30 tests) 42ms
(node:1033) [FSTDEP022] FastifyWarning: The router options for constraints property access is deprecated. Please use "options.routerOptions" instead for accessing router options. The router options will be removed in `fastify@6`.
(Use `node --trace-warnings ...` to show where the warning was created)
 ✓ |unit-node| apps/api/src/modules/platform/framework-errors.test.ts (6 tests) 34ms
 ✓ |unit-node| apps/api/src/modules/platform/health.test.ts (2 tests) 38ms
 ✓ |unit-node| apps/api/src/modules/admin/branding.test.ts (4 tests) 39ms
 ✓ |unit-node| packages/db/src/seed.test.ts (7 tests) 32ms
 ✓ |unit-node| apps/api/src/modules/access/rules.test.ts (12 tests) 8ms
 ✓ |unit-node| apps/api/src/modules/platform/request-encoding.test.ts (7 tests) 7ms
 ✓ |unit-node| apps/api/src/modules/identity/oidc-claims.test.ts (5 tests) 6ms
 ✓ |unit-node| apps/api/src/modules/transformations/good-outcome.test.ts (7 tests) 10ms
 ✓ |unit-node| apps/api/src/modules/transformations/thesis.test.ts (4 tests) 6ms
 ✓ |unit-node| apps/api/src/modules/transformations/transitions.test.ts (2 tests) 3ms
 ✓ |unit-node| apps/api/src/modules/transformations/exclusions.test.ts (19 tests) 5ms

 Test Files  39 passed (39)
      Tests  701 passed (701)
   Start at  19:53:25
   Duration  29.06s (transform 3.16s, setup 1.59s, collect 22.28s, tests 44.29s, environment 6.77s, prepare 3.32s)

# exit: 0   finished: 2026-10-06T19:53:55Z
