# check: 09b-integration-run2   mode: nolocale   started: 2026-10-06T19:55:25Z
# command: env -u LANG -u LC_ALL -u LC_CTYPE -u LC_COLLATE -u LC_MESSAGES -u LC_NUMERIC -u LC_TIME -u LC_MONETARY  PATH=/opt/nvm/versions/node/v24.21.0/bin:$PATH env QA_PG_PORT=24351 tests/qa/support/with-pg.sh pnpm test:integration
# node v24.21.0; LANG=<unset> LC_ALL=<unset> LC_CTYPE=<unset>
port-policy: PostgreSQL listening on port 24351 (attempt 1)
qa disposable cluster: PostgreSQL 16.13 (Ubuntu 16.13-0ubuntu0.24.04.1) on x86_64-pc-linux-gnu, compiled by gcc (Ubuntu 13.3.0-6ubuntu2~24.04.1) 13.3.0, 64-bit; server_encoding UTF8, lc_collate C, lc_ctype C

> mobily-transformation-hub@0.1.0 test:integration /home/user/My-owns
> vitest run --project integration


 RUN  v3.2.4 /home/user/My-owns

[integration] PostgreSQL 16.13 (Ubuntu 16.13-0ubuntu0.24.04.1); database mth_test_mux3lynp_59f3398f (server_encoding UTF8); applied 19 migrations to a fresh database
 ✓ |integration| apps/api/test/integration/contract/contract.test.ts (18 tests) 7314ms
   ✓ every operation, validated against the contract and the zod mirrors > kpi module operations (P2; kpi-exercises.ts, owned by kpi-benefits-engineer)  649ms
   ✓ every operation, validated against the contract and the zod mirrors > P2 backend operations (p2-exercises.ts): every routed operation exercised with a success  2272ms
   ✓ every operation, validated against the contract and the zod mirrors > every GET operation with a path parameter: a malformed id is a declared 400 at /params/<name>; nothing written  374ms
   ✓ every operation, validated against the contract and the zod mirrors > every operation but the OIDC callback: U+0000 in the query is a declared 400 invalid_character  830ms
   ✓ every operation, validated against the contract and the zod mirrors > every operation: an undeclared request media type is a declared 400 validation.content_type; nothing written  1577ms
   ✓ every operation, validated against the contract and the zod mirrors > every operation: the rate limiter's 429 is a declared RateLimited problem (live, limits of 1 per minute)  740ms
 ✓ |integration| apps/worker/test/integration/outbox.test.ts (10 tests) 5400ms
   ✓ worker runtime: end to end, restarts and the dead-letter queue > relays and handles a created transformation, and survives a restart without losing the job  3670ms
   ✓ worker runtime: end to end, restarts and the dead-letter queue > moves a job that keeps failing to ops.failed after the bounded retries  1037ms
 ✓ |integration| packages/db/test/integration/scratch-drop.test.ts (3 tests) 6463ms
   ✓ dropScratchDatabase never terminates a live client (F-DG1-009) > a drop right after pool.end() raises no 57P01 on the closing pool (40 rounds, 8 clients each)  6014ms
   ✓ dropScratchDatabase never terminates a live client (F-DG1-009) > a client that is still connected is NOT terminated: the drop refuses, names it, and succeeds once it ends  448ms
 ✓ |integration| tests/qa/integration/a13-job-idempotency.test.ts (5 tests) 3446ms
   ✓ A13 running worker: a duplicate delivery is a no-op > consumes the event once; an extra job with the same message completes as 'duplicate'  2601ms
 ✓ |integration| apps/api/test/integration/blank-text.test.ts (29 tests) 2703ms
 ✓ |integration| apps/api/test/integration/gates.test.ts (12 tests) 2354ms
   ✓ starter structure and live readiness > REQ-S13-012: evidence that is only a filename (or an inaccessible link) leaves g1.diagnostic incomplete  303ms
   ✓ G2 Direction readiness (REQ-PB-036 failing outcomes, REQ-PB-037 guardrails) > lists every outcome whose good outcome test is not passing (ids + criteria); zero guardrails blocks submission  480ms
 ✓ |integration| apps/api/test/integration/aud-write-deny.test.ts (128 tests) 2090ms
 ✓ |integration| packages/db/test/integration/encoding.test.ts (8 tests) 2085ms
   ✓ a SQL_ASCII database is refused before anything is created > mth-db migrate: exit 1, the message on stderr, nothing applied, no schema_migration table  308ms
   ✓ a SQL_ASCII database is refused before anything is created > mth-db bootstrap: exit 1 with the same message (checked before the arguments are used)  302ms
   ✓ a SQL_ASCII database is refused before anything is created > control: the same CLI migrates a UTF8 scratch database created the same way  770ms
 ✓ |integration| apps/api/test/integration/registers.test.ts (23 tests) 1967ms
 ✓ |integration| packages/db/test/integration/bootstrap.test.ts (5 tests) 1870ms
   ✓ mth-db bootstrap > creates the first organization and a technical/access admin with no business permission, fully audited  497ms
   ✓ mth-db bootstrap > refuses to run twice  488ms
   ✓ mth-db bootstrap > validates its input and refuses the dev-login issuer  480ms
   ✓ mth-db seed-dev (synthetic, development only) > seeds synthetic users bound to urn:mth:dev-local once, idempotently  312ms
 ✓ |integration| apps/api/test/integration/invalid-utf8.test.ts (14 tests) 1242ms
   ✓ a JSON body with invalid UTF-8 is 400 validation.json, the same with Content-Length and chunked > charter create: 400 for every invalid sequence and framing; no charter, no audit row, no U+FFFD stored  342ms
 ✓ |integration| apps/api/test/integration/dg2-repairs.test.ts (13 tests) 1473ms
 ✓ |integration| apps/api/test/integration/invalid-character.test.ts (20 tests) 1384ms
 ✓ |integration| apps/api/test/integration/transformations.test.ts (30 tests) 894ms
 ✓ |integration| apps/api/test/integration/oidc.test.ts (33 tests) 954ms
 ✓ |integration| apps/api/test/integration/kpi/kpi-resources.test.ts (23 tests) 1082ms
 ✓ |integration| apps/api/test/integration/access-derived-race.test.ts (4 tests) 852ms
 ✓ |integration| apps/api/test/integration/kpi/kpi-dg2-repairs.test.ts (11 tests) 837ms
 ✓ |integration| apps/api/test/integration/bu-hierarchy-guard.test.ts (7 tests) 843ms
 ✓ |integration| apps/api/test/integration/access-scope.test.ts (18 tests) 714ms
 ✓ |integration| apps/api/test/integration/evidence.test.ts (6 tests) 629ms
 ✓ |integration| packages/db/test/integration/migrate.test.ts (7 tests) 619ms
   ✓ mth-db migrate on a fresh database > applies every shipped migration, then reports up to date  350ms
 ✓ |integration| apps/api/test/integration/platform.test.ts (12 tests) 561ms
 ✓ |integration| apps/api/test/integration/admin.test.ts (11 tests) 555ms
 ✓ |integration| tests/qa/integration/a12-cross-scope.test.ts (14 tests) 519ms
 ✓ |integration| apps/api/test/integration/media-types.test.ts (10 tests) 506ms
 ✓ |integration| apps/api/test/integration/kpi/kpi-aud-write-deny.test.ts (18 tests) 544ms
 ✓ |integration| apps/worker/test/integration/maintenance.test.ts (2 tests) 577ms
 ✓ |integration| apps/api/test/integration/organizations.test.ts (10 tests) 429ms
 ✓ |integration| tests/qa/integration/a14-concurrency.test.ts (5 tests) 360ms
 ✓ |integration| apps/api/test/integration/framework-errors.test.ts (11 tests) 354ms
 ✓ |integration| apps/api/test/integration/identity.test.ts (13 tests) 349ms
 ✓ |integration| packages/db/test/integration/protection.test.ts (17 tests) 131ms
 ✓ |integration| packages/db/test/integration/catalogue.test.ts (9 tests) 55ms

 Test Files  34 passed (34)
      Tests  559 passed (559)
   Start at  19:55:27
   Duration  65.55s (transform 1.28s, setup 0ms, collect 12.02s, tests 52.16s, environment 0ms, prepare 66ms)

# exit: 0   finished: 2026-10-06T19:56:33Z
