# check: 09a-integration-run1   mode: nolocale   started: 2026-10-06T22:41:29Z
# command: env -u LANG -u LC_ALL -u LC_CTYPE -u LC_COLLATE -u LC_MESSAGES -u LC_NUMERIC -u LC_TIME -u LC_MONETARY  PATH=/opt/nvm/versions/node/v24.21.0/bin:$PATH env QA_PG_PORT=24391 tests/qa/support/with-pg.sh pnpm test:integration
# node v24.21.0; LANG=<unset> LC_ALL=<unset> LC_CTYPE=<unset>
port-policy: PostgreSQL listening on port 24391 (attempt 1)
qa disposable cluster: PostgreSQL 16.13 (Ubuntu 16.13-0ubuntu0.24.04.1) on x86_64-pc-linux-gnu, compiled by gcc (Ubuntu 13.3.0-6ubuntu2~24.04.1) 13.3.0, 64-bit; server_encoding UTF8, lc_collate C, lc_ctype C

> mobily-transformation-hub@0.1.0 test:integration /home/user/My-owns
> vitest run --project integration


 RUN  v3.2.4 /home/user/My-owns

[integration] PostgreSQL 16.13 (Ubuntu 16.13-0ubuntu0.24.04.1); database mth_test_mux9jic4_d80f965e (server_encoding UTF8); applied 19 migrations to a fresh database
 ✓ |integration| apps/api/test/integration/contract/contract.test.ts (18 tests) 6780ms
   ✓ every operation, validated against the contract and the zod mirrors > kpi module operations (P2; kpi-exercises.ts, owned by kpi-benefits-engineer)  648ms
   ✓ every operation, validated against the contract and the zod mirrors > P2 backend operations (p2-exercises.ts): every routed operation exercised with a success  2206ms
   ✓ every operation, validated against the contract and the zod mirrors > every GET operation with a path parameter: a malformed id is a declared 400 at /params/<name>; nothing written  343ms
   ✓ every operation, validated against the contract and the zod mirrors > every operation but the OIDC callback: U+0000 in the query is a declared 400 invalid_character  779ms
   ✓ every operation, validated against the contract and the zod mirrors > every operation: an undeclared request media type is a declared 400 validation.content_type; nothing written  1281ms
   ✓ every operation, validated against the contract and the zod mirrors > every operation: the rate limiter's 429 is a declared RateLimited problem (live, limits of 1 per minute)  675ms
 ✓ |integration| packages/db/test/integration/scratch-drop.test.ts (3 tests) 3560ms
   ✓ dropScratchDatabase never terminates a live client (F-DG1-009) > a drop right after pool.end() raises no 57P01 on the closing pool (40 rounds, 8 clients each)  3163ms
   ✓ dropScratchDatabase never terminates a live client (F-DG1-009) > a client that is still connected is NOT terminated: the drop refuses, names it, and succeeds once it ends  395ms
 ✓ |integration| apps/worker/test/integration/outbox.test.ts (10 tests) 5212ms
   ✓ worker runtime: end to end, restarts and the dead-letter queue > relays and handles a created transformation, and survives a restart without losing the job  3668ms
   ✓ worker runtime: end to end, restarts and the dead-letter queue > moves a job that keeps failing to ops.failed after the bounded retries  1040ms
 ✓ |integration| tests/qa/integration/a13-job-idempotency.test.ts (5 tests) 3222ms
   ✓ A13 running worker: a duplicate delivery is a no-op > consumes the event once; an extra job with the same message completes as 'duplicate'  2608ms
 ✓ |integration| apps/api/test/integration/blank-text.test.ts (29 tests) 2822ms
 ✓ |integration| apps/api/test/integration/gates.test.ts (12 tests) 2439ms
   ✓ starter structure and live readiness > REQ-S13-012: evidence that is only a filename (or an inaccessible link) leaves g1.diagnostic incomplete  335ms
   ✓ G2 Direction readiness (REQ-PB-036 failing outcomes, REQ-PB-037 guardrails) > lists every outcome whose good outcome test is not passing (ids + criteria); zero guardrails blocks submission  454ms
 ✓ |integration| packages/db/test/integration/encoding.test.ts (8 tests) 1884ms
   ✓ a SQL_ASCII database is refused before anything is created > mth-db migrate: exit 1, the message on stderr, nothing applied, no schema_migration table  314ms
   ✓ a SQL_ASCII database is refused before anything is created > control: the same CLI migrates a UTF8 scratch database created the same way  587ms
 ✓ |integration| packages/db/test/integration/bootstrap.test.ts (5 tests) 1343ms
   ✓ mth-db bootstrap > creates the first organization and a technical/access admin with no business permission, fully audited  301ms
   ✓ mth-db bootstrap > refuses to run twice  306ms
   ✓ mth-db bootstrap > validates its input and refuses the dev-login issuer  306ms
   ✓ mth-db seed-dev (synthetic, development only) > seeds synthetic users bound to urn:mth:dev-local once, idempotently  327ms
 ✓ |integration| apps/api/test/integration/aud-write-deny.test.ts (128 tests) 2023ms
 ✓ |integration| apps/api/test/integration/registers.test.ts (23 tests) 1848ms
 ✓ |integration| apps/api/test/integration/dg2-repairs.test.ts (13 tests) 1416ms
 ✓ |integration| apps/api/test/integration/invalid-utf8.test.ts (14 tests) 1255ms
   ✓ a JSON body with invalid UTF-8 is 400 validation.json, the same with Content-Length and chunked > charter create: 400 for every invalid sequence and framing; no charter, no audit row, no U+FFFD stored  356ms
 ✓ |integration| apps/api/test/integration/media-types.test.ts (21 tests) 1270ms
   ✓ the media-type check and the parser lookup agree for every spelling (F-DG2-351) > every OWS/whitespace spelling of octet-stream reaches the octet parser: stored byte-exact (sha256), downloadable  361ms
 ✓ |integration| apps/api/test/integration/invalid-character.test.ts (20 tests) 1190ms
 ✓ |integration| apps/api/test/integration/oidc.test.ts (33 tests) 896ms
 ✓ |integration| apps/api/test/integration/kpi/kpi-resources.test.ts (23 tests) 1085ms
 ✓ |integration| apps/api/test/integration/transformations.test.ts (30 tests) 886ms
 ✓ |integration| apps/api/test/integration/kpi/kpi-dg2-repairs.test.ts (11 tests) 786ms
 ✓ |integration| apps/api/test/integration/access-derived-race.test.ts (4 tests) 845ms
 ✓ |integration| apps/api/test/integration/access-scope.test.ts (18 tests) 683ms
 ✓ |integration| apps/api/test/integration/bu-hierarchy-guard.test.ts (7 tests) 781ms
 ✓ |integration| apps/api/test/integration/evidence.test.ts (6 tests) 605ms
 ✓ |integration| packages/db/test/integration/migrate.test.ts (7 tests) 590ms
   ✓ mth-db migrate on a fresh database > applies every shipped migration, then reports up to date  337ms
 ✓ |integration| apps/api/test/integration/platform.test.ts (12 tests) 560ms
 ✓ |integration| apps/api/test/integration/kpi/kpi-aud-write-deny.test.ts (18 tests) 484ms
 ✓ |integration| tests/qa/integration/a12-cross-scope.test.ts (14 tests) 507ms
 ✓ |integration| apps/worker/test/integration/maintenance.test.ts (2 tests) 492ms
 ✓ |integration| apps/api/test/integration/admin.test.ts (11 tests) 472ms
 ✓ |integration| apps/api/test/integration/organizations.test.ts (10 tests) 379ms
 ✓ |integration| tests/qa/integration/a14-concurrency.test.ts (5 tests) 309ms
 ✓ |integration| apps/api/test/integration/identity.test.ts (13 tests) 289ms
 ✓ |integration| apps/api/test/integration/framework-errors.test.ts (11 tests) 279ms
 ✓ |integration| packages/db/test/integration/protection.test.ts (17 tests) 98ms
 ✓ |integration| packages/db/test/integration/catalogue.test.ts (9 tests) 37ms

 Test Files  34 passed (34)
      Tests  570 passed (570)
   Start at  22:41:30
   Duration  60.31s (transform 1.28s, setup 0ms, collect 11.79s, tests 47.33s, environment 0ms, prepare 64ms)

# exit: 0   finished: 2026-10-06T22:42:31Z
