| Route | Content-Type class | Framing | Session | Before (3b2ab15) | After (BE15/BE15B) |
|---|---|---|---|---|---|
| upload (octet-stream) | exact | CL | session | 200 rows=1 | 200 rows=1 |
| createEvidence (json) | exact | CL | session | 201 | 201 |
| unmatched POST (octet body) | exact | CL | session | 400 validation.content_type: Send the request body as application/json. [close] | 404 not_found [close] |
| unmatched POST (octet body) | exact | CL | none | 400 validation.content_type: Send the request body as application/json. [close] | 404 not_found [close] |
| unmatched POST (json body) | exact | CL | session | 400 validation.json: The request body is not valid JSON. [close] | 404 not_found [close] |
| unmatched POST (json body) | exact | CL | none | 400 validation.json: The request body is not valid JSON. [close] | 404 not_found [close] |
| upload (octet-stream) | exact | chunked | session | 200 rows=1 | 200 rows=1 |
| createEvidence (json) | exact | chunked | session | 201 | 201 |
| unmatched POST (octet body) | exact | chunked | session | 400 validation.content_type: Send the request body as application/json. [close] | 404 not_found [close] |
| unmatched POST (octet body) | exact | chunked | none | 400 validation.content_type: Send the request body as application/json. [close] | 404 not_found [close] |
| unmatched POST (json body) | exact | chunked | session | 400 validation.json: The request body is not valid JSON. [close] | 404 not_found [close] |
| unmatched POST (json body) | exact | chunked | none | 400 validation.json: The request body is not valid JSON. [close] | 404 not_found [close] |
| upload (octet-stream) | upper case | CL | session | 200 rows=1 | 200 rows=1 |
| createEvidence (json) | upper case | CL | session | 201 | 201 |
| unmatched POST (octet body) | upper case | CL | session | 400 validation.content_type: Send the request body as application/json. [close] | 404 not_found [close] |
| unmatched POST (octet body) | upper case | CL | none | 400 validation.content_type: Send the request body as application/json. [close] | 404 not_found [close] |
| unmatched POST (json body) | upper case | CL | session | 400 validation.json: The request body is not valid JSON. [close] | 404 not_found [close] |
| unmatched POST (json body) | upper case | CL | none | 400 validation.json: The request body is not valid JSON. [close] | 404 not_found [close] |
| upload (octet-stream) | upper case | chunked | session | 200 rows=1 | 200 rows=1 |
| createEvidence (json) | upper case | chunked | session | 201 | 201 |
| unmatched POST (octet body) | upper case | chunked | session | 400 validation.content_type: Send the request body as application/json. [close] | 404 not_found [close] |
| unmatched POST (octet body) | upper case | chunked | none | 400 validation.content_type: Send the request body as application/json. [close] | 404 not_found [close] |
| unmatched POST (json body) | upper case | chunked | session | 400 validation.json: The request body is not valid JSON. [close] | 404 not_found [close] |
| unmatched POST (json body) | upper case | chunked | none | 400 validation.json: The request body is not valid JSON. [close] | 404 not_found [close] |
| upload (octet-stream) | charset=utf-8 | CL | session | 200 rows=1 | 200 rows=1 |
| createEvidence (json) | charset=utf-8 | CL | session | 201 | 201 |
| unmatched POST (octet body) | charset=utf-8 | CL | session | 400 validation.content_type: Send the request body as application/json. [close] | 404 not_found [close] |
| unmatched POST (octet body) | charset=utf-8 | CL | none | 400 validation.content_type: Send the request body as application/json. [close] | 404 not_found [close] |
| unmatched POST (json body) | charset=utf-8 | CL | session | 400 validation.json: The request body is not valid JSON. [close] | 404 not_found [close] |
| unmatched POST (json body) | charset=utf-8 | CL | none | 400 validation.json: The request body is not valid JSON. [close] | 404 not_found [close] |
| upload (octet-stream) | charset=utf-8 | chunked | session | 200 rows=1 | 200 rows=1 |
| createEvidence (json) | charset=utf-8 | chunked | session | 201 | 201 |
| unmatched POST (octet body) | charset=utf-8 | chunked | session | 400 validation.content_type: Send the request body as application/json. [close] | 404 not_found [close] |
| unmatched POST (octet body) | charset=utf-8 | chunked | none | 400 validation.content_type: Send the request body as application/json. [close] | 404 not_found [close] |
| unmatched POST (json body) | charset=utf-8 | chunked | session | 400 validation.json: The request body is not valid JSON. [close] | 404 not_found [close] |
| unmatched POST (json body) | charset=utf-8 | chunked | none | 400 validation.json: The request body is not valid JSON. [close] | 404 not_found [close] |
| upload (octet-stream) | charset="UTF-8" (quoted) | CL | session | 200 rows=1 | 200 rows=1 |
| createEvidence (json) | charset="UTF-8" (quoted) | CL | session | 201 | 201 |
| unmatched POST (octet body) | charset="UTF-8" (quoted) | CL | session | 400 validation.content_type: Send the request body as application/json. [close] | 404 not_found [close] |
| unmatched POST (octet body) | charset="UTF-8" (quoted) | CL | none | 400 validation.content_type: Send the request body as application/json. [close] | 404 not_found [close] |
| unmatched POST (json body) | charset="UTF-8" (quoted) | CL | session | 400 validation.json: The request body is not valid JSON. [close] | 404 not_found [close] |
| unmatched POST (json body) | charset="UTF-8" (quoted) | CL | none | 400 validation.json: The request body is not valid JSON. [close] | 404 not_found [close] |
| upload (octet-stream) | charset="UTF-8" (quoted) | chunked | session | 200 rows=1 | 200 rows=1 |
| createEvidence (json) | charset="UTF-8" (quoted) | chunked | session | 201 | 201 |
| unmatched POST (octet body) | charset="UTF-8" (quoted) | chunked | session | 400 validation.content_type: Send the request body as application/json. [close] | 404 not_found [close] |
| unmatched POST (octet body) | charset="UTF-8" (quoted) | chunked | none | 400 validation.content_type: Send the request body as application/json. [close] | 404 not_found [close] |
| unmatched POST (json body) | charset="UTF-8" (quoted) | chunked | session | 400 validation.json: The request body is not valid JSON. [close] | 404 not_found [close] |
| unmatched POST (json body) | charset="UTF-8" (quoted) | chunked | none | 400 validation.json: The request body is not valid JSON. [close] | 404 not_found [close] |
| upload (octet-stream) | charset=iso-8859-1 | CL | session | 200 rows=1 | 200 rows=1 |
| createEvidence (json) | charset=iso-8859-1 | CL | session | 201 | 400 validation.content_type: Send the request body as application/json. [close] |
| unmatched POST (octet body) | charset=iso-8859-1 | CL | session | 400 validation.content_type: Send the request body as application/json. [close] | 404 not_found [close] |
| unmatched POST (octet body) | charset=iso-8859-1 | CL | none | 400 validation.content_type: Send the request body as application/json. [close] | 404 not_found [close] |
| unmatched POST (json body) | charset=iso-8859-1 | CL | session | 400 validation.json: The request body is not valid JSON. [close] | 404 not_found [close] |
| unmatched POST (json body) | charset=iso-8859-1 | CL | none | 400 validation.json: The request body is not valid JSON. [close] | 404 not_found [close] |
| upload (octet-stream) | charset=iso-8859-1 | chunked | session | 200 rows=1 | 200 rows=1 |
| createEvidence (json) | charset=iso-8859-1 | chunked | session | 201 | 400 validation.content_type: Send the request body as application/json. [close] |
| unmatched POST (octet body) | charset=iso-8859-1 | chunked | session | 400 validation.content_type: Send the request body as application/json. [close] | 404 not_found [close] |
| unmatched POST (octet body) | charset=iso-8859-1 | chunked | none | 400 validation.content_type: Send the request body as application/json. [close] | 404 not_found [close] |
| unmatched POST (json body) | charset=iso-8859-1 | chunked | session | 400 validation.json: The request body is not valid JSON. [close] | 404 not_found [close] |
| unmatched POST (json body) | charset=iso-8859-1 | chunked | none | 400 validation.json: The request body is not valid JSON. [close] | 404 not_found [close] |
| upload (octet-stream) | quoted param with ; and SP | CL | session | 200 rows=1 | 200 rows=1 |
| createEvidence (json) | quoted param with ; and SP | CL | session | 201 | 201 |
| unmatched POST (octet body) | quoted param with ; and SP | CL | session | 400 validation.content_type: Send the request body as application/json. [close] | 404 not_found [close] |
| unmatched POST (octet body) | quoted param with ; and SP | CL | none | 400 validation.content_type: Send the request body as application/json. [close] | 404 not_found [close] |
| unmatched POST (json body) | quoted param with ; and SP | CL | session | 400 validation.json: The request body is not valid JSON. [close] | 404 not_found [close] |
| unmatched POST (json body) | quoted param with ; and SP | CL | none | 400 validation.json: The request body is not valid JSON. [close] | 404 not_found [close] |
| upload (octet-stream) | quoted param with ; and SP | chunked | session | 200 rows=1 | 200 rows=1 |
| createEvidence (json) | quoted param with ; and SP | chunked | session | 201 | 201 |
| unmatched POST (octet body) | quoted param with ; and SP | chunked | session | 400 validation.content_type: Send the request body as application/json. [close] | 404 not_found [close] |
| unmatched POST (octet body) | quoted param with ; and SP | chunked | none | 400 validation.content_type: Send the request body as application/json. [close] | 404 not_found [close] |
| unmatched POST (json body) | quoted param with ; and SP | chunked | session | 400 validation.json: The request body is not valid JSON. [close] | 404 not_found [close] |
| unmatched POST (json body) | quoted param with ; and SP | chunked | none | 400 validation.json: The request body is not valid JSON. [close] | 404 not_found [close] |
| upload (octet-stream) | SP before ; | CL | session | 200 rows=1 | 200 rows=1 |
| createEvidence (json) | SP before ; | CL | session | 201 | 201 |
| unmatched POST (octet body) | SP before ; | CL | session | 400 validation.content_type: Send the request body as application/json. [close] | 404 not_found [close] |
| unmatched POST (octet body) | SP before ; | CL | none | 400 validation.content_type: Send the request body as application/json. [close] | 404 not_found [close] |
| unmatched POST (json body) | SP before ; | CL | session | 400 validation.json: The request body is not valid JSON. [close] | 404 not_found [close] |
| unmatched POST (json body) | SP before ; | CL | none | 400 validation.json: The request body is not valid JSON. [close] | 404 not_found [close] |
| upload (octet-stream) | SP before ; | chunked | session | 200 rows=1 | 200 rows=1 |
| createEvidence (json) | SP before ; | chunked | session | 201 | 201 |
| unmatched POST (octet body) | SP before ; | chunked | session | 400 validation.content_type: Send the request body as application/json. [close] | 404 not_found [close] |
| unmatched POST (octet body) | SP before ; | chunked | none | 400 validation.content_type: Send the request body as application/json. [close] | 404 not_found [close] |
| unmatched POST (json body) | SP before ; | chunked | session | 400 validation.json: The request body is not valid JSON. [close] | 404 not_found [close] |
| unmatched POST (json body) | SP before ; | chunked | none | 400 validation.json: The request body is not valid JSON. [close] | 404 not_found [close] |
| upload (octet-stream) | HTAB before ; | CL | session | 400 validation.content_type: Send the request body as application/json. rows=0 | 200 rows=1 |
| createEvidence (json) | HTAB before ; | CL | session | 400 validation.content_type: Send the request body as application/json. | 201 |
| unmatched POST (octet body) | HTAB before ; | CL | session | 404 not_found | 404 not_found [close] |
| unmatched POST (octet body) | HTAB before ; | CL | none | 404 not_found | 404 not_found [close] |
| unmatched POST (json body) | HTAB before ; | CL | session | 404 not_found | 404 not_found [close] |
| unmatched POST (json body) | HTAB before ; | CL | none | 404 not_found | 404 not_found [close] |
| upload (octet-stream) | HTAB before ; | chunked | session | 400 validation.content_type: Send the request body as application/json. rows=0 | 200 rows=1 |
| createEvidence (json) | HTAB before ; | chunked | session | 400 validation.content_type: Send the request body as application/json. | 201 |
| unmatched POST (octet body) | HTAB before ; | chunked | session | 404 not_found | 404 not_found [close] |
| unmatched POST (octet body) | HTAB before ; | chunked | none | 404 not_found | 404 not_found [close] |
| unmatched POST (json body) | HTAB before ; | chunked | session | 404 not_found | 404 not_found [close] |
| unmatched POST (json body) | HTAB before ; | chunked | none | 404 not_found | 404 not_found [close] |
| upload (octet-stream) | HTAB after ; | CL | session | 200 rows=1 | 200 rows=1 |
| createEvidence (json) | HTAB after ; | CL | session | 201 | 201 |
| unmatched POST (octet body) | HTAB after ; | CL | session | 400 validation.content_type: Send the request body as application/json. [close] | 404 not_found [close] |
| unmatched POST (octet body) | HTAB after ; | CL | none | 400 validation.content_type: Send the request body as application/json. [close] | 404 not_found [close] |
| unmatched POST (json body) | HTAB after ; | CL | session | 400 validation.json: The request body is not valid JSON. [close] | 404 not_found [close] |
| unmatched POST (json body) | HTAB after ; | CL | none | 400 validation.json: The request body is not valid JSON. [close] | 404 not_found [close] |
| upload (octet-stream) | HTAB after ; | chunked | session | 200 rows=1 | 200 rows=1 |
| createEvidence (json) | HTAB after ; | chunked | session | 201 | 201 |
| unmatched POST (octet body) | HTAB after ; | chunked | session | 400 validation.content_type: Send the request body as application/json. [close] | 404 not_found [close] |
| unmatched POST (octet body) | HTAB after ; | chunked | none | 400 validation.content_type: Send the request body as application/json. [close] | 404 not_found [close] |
| unmatched POST (json body) | HTAB after ; | chunked | session | 400 validation.json: The request body is not valid JSON. [close] | 404 not_found [close] |
| unmatched POST (json body) | HTAB after ; | chunked | none | 400 validation.json: The request body is not valid JSON. [close] | 404 not_found [close] |
| upload (octet-stream) | leading/trailing SP+HTAB | CL | session | 200 rows=1 | 200 rows=1 |
| createEvidence (json) | leading/trailing SP+HTAB | CL | session | 201 | 201 |
| unmatched POST (octet body) | leading/trailing SP+HTAB | CL | session | 400 validation.content_type: Send the request body as application/json. [close] | 404 not_found [close] |
| unmatched POST (octet body) | leading/trailing SP+HTAB | CL | none | 400 validation.content_type: Send the request body as application/json. [close] | 404 not_found [close] |
| unmatched POST (json body) | leading/trailing SP+HTAB | CL | session | 400 validation.json: The request body is not valid JSON. [close] | 404 not_found [close] |
| unmatched POST (json body) | leading/trailing SP+HTAB | CL | none | 400 validation.json: The request body is not valid JSON. [close] | 404 not_found [close] |
| upload (octet-stream) | leading/trailing SP+HTAB | chunked | session | 200 rows=1 | 200 rows=1 |
| createEvidence (json) | leading/trailing SP+HTAB | chunked | session | 201 | 201 |
| unmatched POST (octet body) | leading/trailing SP+HTAB | chunked | session | 400 validation.content_type: Send the request body as application/json. [close] | 404 not_found [close] |
| unmatched POST (octet body) | leading/trailing SP+HTAB | chunked | none | 400 validation.content_type: Send the request body as application/json. [close] | 404 not_found [close] |
| unmatched POST (json body) | leading/trailing SP+HTAB | chunked | session | 400 validation.json: The request body is not valid JSON. [close] | 404 not_found [close] |
| unmatched POST (json body) | leading/trailing SP+HTAB | chunked | none | 400 validation.json: The request body is not valid JSON. [close] | 404 not_found [close] |
| upload (octet-stream) | trailing ; | CL | session | 200 rows=1 | 200 rows=1 |
| createEvidence (json) | trailing ; | CL | session | 201 | 201 |
| unmatched POST (octet body) | trailing ; | CL | session | 400 validation.content_type: Send the request body as application/json. [close] | 404 not_found [close] |
| unmatched POST (octet body) | trailing ; | CL | none | 400 validation.content_type: Send the request body as application/json. [close] | 404 not_found [close] |
| unmatched POST (json body) | trailing ; | CL | session | 400 validation.json: The request body is not valid JSON. [close] | 404 not_found [close] |
| unmatched POST (json body) | trailing ; | CL | none | 400 validation.json: The request body is not valid JSON. [close] | 404 not_found [close] |
| upload (octet-stream) | trailing ; | chunked | session | 200 rows=1 | 200 rows=1 |
| createEvidence (json) | trailing ; | chunked | session | 201 | 201 |
| unmatched POST (octet body) | trailing ; | chunked | session | 400 validation.content_type: Send the request body as application/json. [close] | 404 not_found [close] |
| unmatched POST (octet body) | trailing ; | chunked | none | 400 validation.content_type: Send the request body as application/json. [close] | 404 not_found [close] |
| unmatched POST (json body) | trailing ; | chunked | session | 400 validation.json: The request body is not valid JSON. [close] | 404 not_found [close] |
| unmatched POST (json body) | trailing ; | chunked | none | 400 validation.json: The request body is not valid JSON. [close] | 404 not_found [close] |
| upload (octet-stream) | param without = | CL | session | 200 rows=1 | 400 validation.content_type: Send the request body as application/octet-stream. [close] rows=0 |
| createEvidence (json) | param without = | CL | session | 201 | 400 validation.content_type: Send the request body as application/json. [close] |
| unmatched POST (octet body) | param without = | CL | session | 400 validation.content_type: Send the request body as application/json. [close] | 404 not_found [close] |
| unmatched POST (octet body) | param without = | CL | none | 400 validation.content_type: Send the request body as application/json. [close] | 404 not_found [close] |
| unmatched POST (json body) | param without = | CL | session | 400 validation.json: The request body is not valid JSON. [close] | 404 not_found [close] |
| unmatched POST (json body) | param without = | CL | none | 400 validation.json: The request body is not valid JSON. [close] | 404 not_found [close] |
| upload (octet-stream) | param without = | chunked | session | 200 rows=1 | 400 validation.content_type: Send the request body as application/octet-stream. [close] rows=0 |
| createEvidence (json) | param without = | chunked | session | 201 | 400 validation.content_type: Send the request body as application/json. [close] |
| unmatched POST (octet body) | param without = | chunked | session | 400 validation.content_type: Send the request body as application/json. [close] | 404 not_found [close] |
| unmatched POST (octet body) | param without = | chunked | none | 400 validation.content_type: Send the request body as application/json. [close] | 404 not_found [close] |
| unmatched POST (json body) | param without = | chunked | session | 400 validation.json: The request body is not valid JSON. [close] | 404 not_found [close] |
| unmatched POST (json body) | param without = | chunked | none | 400 validation.json: The request body is not valid JSON. [close] | 404 not_found [close] |
| upload (octet-stream) | garbage ;;;= | CL | session | 200 rows=1 | 400 validation.content_type: Send the request body as application/octet-stream. [close] rows=0 |
| createEvidence (json) | garbage ;;;= | CL | session | 201 | 400 validation.content_type: Send the request body as application/json. [close] |
| unmatched POST (octet body) | garbage ;;;= | CL | session | 400 validation.content_type: Send the request body as application/json. [close] | 404 not_found [close] |
| unmatched POST (octet body) | garbage ;;;= | CL | none | 400 validation.content_type: Send the request body as application/json. [close] | 404 not_found [close] |
| unmatched POST (json body) | garbage ;;;= | CL | session | 400 validation.json: The request body is not valid JSON. [close] | 404 not_found [close] |
| unmatched POST (json body) | garbage ;;;= | CL | none | 400 validation.json: The request body is not valid JSON. [close] | 404 not_found [close] |
| upload (octet-stream) | garbage ;;;= | chunked | session | 200 rows=1 | 400 validation.content_type: Send the request body as application/octet-stream. [close] rows=0 |
| createEvidence (json) | garbage ;;;= | chunked | session | 201 | 400 validation.content_type: Send the request body as application/json. [close] |
| unmatched POST (octet body) | garbage ;;;= | chunked | session | 400 validation.content_type: Send the request body as application/json. [close] | 404 not_found [close] |
| unmatched POST (octet body) | garbage ;;;= | chunked | none | 400 validation.content_type: Send the request body as application/json. [close] | 404 not_found [close] |
| unmatched POST (json body) | garbage ;;;= | chunked | session | 400 validation.json: The request body is not valid JSON. [close] | 404 not_found [close] |
| unmatched POST (json body) | garbage ;;;= | chunked | none | 400 validation.json: The request body is not valid JSON. [close] | 404 not_found [close] |
| upload (octet-stream) | text after subtype | CL | session | 400 validation.content_type: Send the request body as application/octet-stream. [close] rows=0 | 400 validation.content_type: Send the request body as application/octet-stream. [close] rows=0 |
| createEvidence (json) | text after subtype | CL | session | 400 validation.content_type: Send the request body as application/json. [close] | 400 validation.content_type: Send the request body as application/json. [close] |
| unmatched POST (octet body) | text after subtype | CL | session | 400 validation.content_type: Send the request body as application/json. [close] | 404 not_found [close] |
| unmatched POST (octet body) | text after subtype | CL | none | 400 validation.content_type: Send the request body as application/json. [close] | 404 not_found [close] |
| unmatched POST (json body) | text after subtype | CL | session | 400 validation.json: The request body is not valid JSON. [close] | 404 not_found [close] |
| unmatched POST (json body) | text after subtype | CL | none | 400 validation.json: The request body is not valid JSON. [close] | 404 not_found [close] |
| upload (octet-stream) | text after subtype | chunked | session | 400 validation.content_type: Send the request body as application/octet-stream. [close] rows=0 | 400 validation.content_type: Send the request body as application/octet-stream. [close] rows=0 |
| createEvidence (json) | text after subtype | chunked | session | 400 validation.content_type: Send the request body as application/json. [close] | 400 validation.content_type: Send the request body as application/json. [close] |
| unmatched POST (octet body) | text after subtype | chunked | session | 400 validation.content_type: Send the request body as application/json. [close] | 404 not_found [close] |
| unmatched POST (octet body) | text after subtype | chunked | none | 400 validation.content_type: Send the request body as application/json. [close] | 404 not_found [close] |
| unmatched POST (json body) | text after subtype | chunked | session | 400 validation.json: The request body is not valid JSON. [close] | 404 not_found [close] |
| unmatched POST (json body) | text after subtype | chunked | none | 400 validation.json: The request body is not valid JSON. [close] | 404 not_found [close] |
| upload (octet-stream) | list | CL | session | 400 validation.content_type: Send the request body as application/octet-stream. [close] rows=0 | 400 validation.content_type: Send the request body as application/octet-stream. [close] rows=0 |
| createEvidence (json) | list | CL | session | 400 validation.content_type: Send the request body as application/json. [close] | 400 validation.content_type: Send the request body as application/json. [close] |
| unmatched POST (octet body) | list | CL | session | 404 not_found | 404 not_found [close] |
| unmatched POST (octet body) | list | CL | none | 404 not_found | 404 not_found [close] |
| unmatched POST (json body) | list | CL | session | 404 not_found | 404 not_found [close] |
| unmatched POST (json body) | list | CL | none | 404 not_found | 404 not_found [close] |
| upload (octet-stream) | list | chunked | session | 400 validation.content_type: Send the request body as application/octet-stream. [close] rows=0 | 400 validation.content_type: Send the request body as application/octet-stream. [close] rows=0 |
| createEvidence (json) | list | chunked | session | 400 validation.content_type: Send the request body as application/json. [close] | 400 validation.content_type: Send the request body as application/json. [close] |
| unmatched POST (octet body) | list | chunked | session | 404 not_found | 404 not_found [close] |
| unmatched POST (octet body) | list | chunked | none | 404 not_found | 404 not_found [close] |
| unmatched POST (json body) | list | chunked | session | 404 not_found | 404 not_found [close] |
| unmatched POST (json body) | list | chunked | none | 404 not_found | 404 not_found [close] |
| upload (octet-stream) | empty value | CL | session | 400 validation.content_type: Send the request body as application/octet-stream. [close] rows=0 | 400 validation.content_type: Send the request body as application/octet-stream. [close] rows=0 |
| createEvidence (json) | empty value | CL | session | 400 validation.content_type: Send the request body as application/json. [close] | 400 validation.content_type: Send the request body as application/json. [close] |
| unmatched POST (octet body) | empty value | CL | session | 404 not_found | 404 not_found [close] |
| unmatched POST (octet body) | empty value | CL | none | 404 not_found | 404 not_found [close] |
| unmatched POST (json body) | empty value | CL | session | 404 not_found | 404 not_found [close] |
| unmatched POST (json body) | empty value | CL | none | 404 not_found | 404 not_found [close] |
| upload (octet-stream) | empty value | chunked | session | 400 validation.content_type: Send the request body as application/octet-stream. [close] rows=0 | 400 validation.content_type: Send the request body as application/octet-stream. [close] rows=0 |
| createEvidence (json) | empty value | chunked | session | 400 validation.content_type: Send the request body as application/json. [close] | 400 validation.content_type: Send the request body as application/json. [close] |
| unmatched POST (octet body) | empty value | chunked | session | 404 not_found | 404 not_found [close] |
| unmatched POST (octet body) | empty value | chunked | none | 404 not_found | 404 not_found [close] |
| unmatched POST (json body) | empty value | chunked | session | 404 not_found | 404 not_found [close] |
| unmatched POST (json body) | empty value | chunked | none | 404 not_found | 404 not_found [close] |
| upload (octet-stream) | */* | CL | session | 400 validation.content_type: Send the request body as application/octet-stream. [close] rows=0 | 400 validation.content_type: Send the request body as application/octet-stream. [close] rows=0 |
| createEvidence (json) | */* | CL | session | 400 validation.content_type: Send the request body as application/json. [close] | 400 validation.content_type: Send the request body as application/json. [close] |
| unmatched POST (octet body) | */* | CL | session | 404 not_found | 404 not_found [close] |
| unmatched POST (octet body) | */* | CL | none | 404 not_found | 404 not_found [close] |
| unmatched POST (json body) | */* | CL | session | 404 not_found | 404 not_found [close] |
| unmatched POST (json body) | */* | CL | none | 404 not_found | 404 not_found [close] |
| upload (octet-stream) | */* | chunked | session | 400 validation.content_type: Send the request body as application/octet-stream. [close] rows=0 | 400 validation.content_type: Send the request body as application/octet-stream. [close] rows=0 |
| createEvidence (json) | */* | chunked | session | 400 validation.content_type: Send the request body as application/json. [close] | 400 validation.content_type: Send the request body as application/json. [close] |
| unmatched POST (octet body) | */* | chunked | session | 404 not_found | 404 not_found [close] |
| unmatched POST (octet body) | */* | chunked | none | 404 not_found | 404 not_found [close] |
| unmatched POST (json body) | */* | chunked | session | 404 not_found | 404 not_found [close] |
| unmatched POST (json body) | */* | chunked | none | 404 not_found | 404 not_found [close] |
| upload (octet-stream) | text/plain | CL | session | 400 validation.content_type: Send the request body as application/octet-stream. [close] rows=0 | 400 validation.content_type: Send the request body as application/octet-stream. [close] rows=0 |
| createEvidence (json) | text/plain | CL | session | 400 validation.content_type: Send the request body as application/json. [close] | 400 validation.content_type: Send the request body as application/json. [close] |
| unmatched POST (octet body) | text/plain | CL | session | 404 not_found | 404 not_found [close] |
| unmatched POST (octet body) | text/plain | CL | none | 404 not_found | 404 not_found [close] |
| unmatched POST (json body) | text/plain | CL | session | 404 not_found | 404 not_found [close] |
| unmatched POST (json body) | text/plain | CL | none | 404 not_found | 404 not_found [close] |
| upload (octet-stream) | text/plain | chunked | session | 400 validation.content_type: Send the request body as application/octet-stream. [close] rows=0 | 400 validation.content_type: Send the request body as application/octet-stream. [close] rows=0 |
| createEvidence (json) | text/plain | chunked | session | 400 validation.content_type: Send the request body as application/json. [close] | 400 validation.content_type: Send the request body as application/json. [close] |
| unmatched POST (octet body) | text/plain | chunked | session | 404 not_found | 404 not_found [close] |
| unmatched POST (octet body) | text/plain | chunked | none | 404 not_found | 404 not_found [close] |
| unmatched POST (json body) | text/plain | chunked | session | 404 not_found | 404 not_found [close] |
| unmatched POST (json body) | text/plain | chunked | none | 404 not_found | 404 not_found [close] |
| upload (octet-stream) | other declared type | CL | session | 400 validation.content_type: Send the request body as application/octet-stream. [close] rows=0 | 400 validation.content_type: Send the request body as application/octet-stream. [close] rows=0 |
| createEvidence (json) | other declared type | CL | session | 400 validation.content_type: Send the request body as application/json. [close] | 400 validation.content_type: Send the request body as application/json. [close] |
| unmatched POST (octet body) | other declared type | CL | session | 400 validation.json: The request body is not valid UTF-8 JSON. [close] | 404 not_found [close] |
| unmatched POST (octet body) | other declared type | CL | none | 400 validation.json: The request body is not valid UTF-8 JSON. [close] | 404 not_found [close] |
| unmatched POST (json body) | other declared type | CL | session | 400 validation.content_type: Send the request body as application/json. [close] | 404 not_found [close] |
| unmatched POST (json body) | other declared type | CL | none | 400 validation.content_type: Send the request body as application/json. [close] | 404 not_found [close] |
| upload (octet-stream) | other declared type | chunked | session | 400 validation.content_type: Send the request body as application/octet-stream. [close] rows=0 | 400 validation.content_type: Send the request body as application/octet-stream. [close] rows=0 |
| createEvidence (json) | other declared type | chunked | session | 400 validation.content_type: Send the request body as application/json. [close] | 400 validation.content_type: Send the request body as application/json. [close] |
| unmatched POST (octet body) | other declared type | chunked | session | 400 validation.json: The request body is not valid UTF-8 JSON. [close] | 404 not_found [close] |
| unmatched POST (octet body) | other declared type | chunked | none | 400 validation.json: The request body is not valid UTF-8 JSON. [close] | 404 not_found [close] |
| unmatched POST (json body) | other declared type | chunked | session | 400 validation.content_type: Send the request body as application/json. [close] | 404 not_found [close] |
| unmatched POST (json body) | other declared type | chunked | none | 400 validation.content_type: Send the request body as application/json. [close] | 404 not_found [close] |
| upload (octet-stream) | duplicate (same) | CL | session | 200 rows=1 | 400 validation.content_type: Send the request body as application/octet-stream. [close] rows=0 |
| createEvidence (json) | duplicate (same) | CL | session | 201 | 400 validation.content_type: Send the request body as application/json. [close] |
| unmatched POST (octet body) | duplicate (same) | CL | session | 400 validation.content_type: Send the request body as application/json. [close] | 404 not_found [close] |
| unmatched POST (octet body) | duplicate (same) | CL | none | 400 validation.content_type: Send the request body as application/json. [close] | 404 not_found [close] |
| unmatched POST (json body) | duplicate (same) | CL | session | 400 validation.json: The request body is not valid JSON. [close] | 404 not_found [close] |
| unmatched POST (json body) | duplicate (same) | CL | none | 400 validation.json: The request body is not valid JSON. [close] | 404 not_found [close] |
| upload (octet-stream) | duplicate (same) | chunked | session | 200 rows=1 | 400 validation.content_type: Send the request body as application/octet-stream. [close] rows=0 |
| createEvidence (json) | duplicate (same) | chunked | session | 201 | 400 validation.content_type: Send the request body as application/json. [close] |
| unmatched POST (octet body) | duplicate (same) | chunked | session | 400 validation.content_type: Send the request body as application/json. [close] | 404 not_found [close] |
| unmatched POST (octet body) | duplicate (same) | chunked | none | 400 validation.content_type: Send the request body as application/json. [close] | 404 not_found [close] |
| unmatched POST (json body) | duplicate (same) | chunked | session | 400 validation.json: The request body is not valid JSON. [close] | 404 not_found [close] |
| unmatched POST (json body) | duplicate (same) | chunked | none | 400 validation.json: The request body is not valid JSON. [close] | 404 not_found [close] |
| upload (octet-stream) | duplicate (other first) | CL | session | 400 validation.content_type: Send the request body as application/octet-stream. [close] rows=0 | 400 validation.content_type: Send the request body as application/octet-stream. [close] rows=0 |
| createEvidence (json) | duplicate (other first) | CL | session | 400 validation.content_type: Send the request body as application/json. [close] | 400 validation.content_type: Send the request body as application/json. [close] |
| unmatched POST (octet body) | duplicate (other first) | CL | session | 404 not_found | 404 not_found [close] |
| unmatched POST (octet body) | duplicate (other first) | CL | none | 404 not_found | 404 not_found [close] |
| unmatched POST (json body) | duplicate (other first) | CL | session | 404 not_found | 404 not_found [close] |
| unmatched POST (json body) | duplicate (other first) | CL | none | 404 not_found | 404 not_found [close] |
| upload (octet-stream) | duplicate (other first) | chunked | session | 400 validation.content_type: Send the request body as application/octet-stream. [close] rows=0 | 400 validation.content_type: Send the request body as application/octet-stream. [close] rows=0 |
| createEvidence (json) | duplicate (other first) | chunked | session | 400 validation.content_type: Send the request body as application/json. [close] | 400 validation.content_type: Send the request body as application/json. [close] |
| unmatched POST (octet body) | duplicate (other first) | chunked | session | 404 not_found | 404 not_found [close] |
| unmatched POST (octet body) | duplicate (other first) | chunked | none | 404 not_found | 404 not_found [close] |
| unmatched POST (json body) | duplicate (other first) | chunked | session | 404 not_found | 404 not_found [close] |
| unmatched POST (json body) | duplicate (other first) | chunked | none | 404 not_found | 404 not_found [close] |
| upload (octet-stream) | duplicate (declared first) | CL | session | 200 rows=1 | 400 validation.content_type: Send the request body as application/octet-stream. [close] rows=0 |
| createEvidence (json) | duplicate (declared first) | CL | session | 201 | 400 validation.content_type: Send the request body as application/json. [close] |
| unmatched POST (octet body) | duplicate (declared first) | CL | session | 400 validation.content_type: Send the request body as application/json. [close] | 404 not_found [close] |
| unmatched POST (octet body) | duplicate (declared first) | CL | none | 400 validation.content_type: Send the request body as application/json. [close] | 404 not_found [close] |
| unmatched POST (json body) | duplicate (declared first) | CL | session | 400 validation.json: The request body is not valid JSON. [close] | 404 not_found [close] |
| unmatched POST (json body) | duplicate (declared first) | CL | none | 400 validation.json: The request body is not valid JSON. [close] | 404 not_found [close] |
| upload (octet-stream) | duplicate (declared first) | chunked | session | 200 rows=1 | 400 validation.content_type: Send the request body as application/octet-stream. [close] rows=0 |
| createEvidence (json) | duplicate (declared first) | chunked | session | 201 | 400 validation.content_type: Send the request body as application/json. [close] |
| unmatched POST (octet body) | duplicate (declared first) | chunked | session | 400 validation.content_type: Send the request body as application/json. [close] | 404 not_found [close] |
| unmatched POST (octet body) | duplicate (declared first) | chunked | none | 400 validation.content_type: Send the request body as application/json. [close] | 404 not_found [close] |
| unmatched POST (json body) | duplicate (declared first) | chunked | session | 400 validation.json: The request body is not valid JSON. [close] | 404 not_found [close] |
| unmatched POST (json body) | duplicate (declared first) | chunked | none | 400 validation.json: The request body is not valid JSON. [close] | 404 not_found [close] |
| upload (octet-stream) | no Content-Type | CL | session | 400 validation.content_type: Send the request body as application/octet-stream. [close] rows=0 | 400 validation.content_type: Send the request body as application/octet-stream. [close] rows=0 |
| createEvidence (json) | no Content-Type | CL | session | 400 validation.content_type: Send the request body as application/json. [close] | 400 validation.content_type: Send the request body as application/json. [close] |
| unmatched POST (octet body) | no Content-Type | CL | session | 404 not_found | 404 not_found [close] |
| unmatched POST (octet body) | no Content-Type | CL | none | 404 not_found | 404 not_found [close] |
| unmatched POST (json body) | no Content-Type | CL | session | 404 not_found | 404 not_found [close] |
| unmatched POST (json body) | no Content-Type | CL | none | 404 not_found | 404 not_found [close] |
| upload (octet-stream) | no Content-Type | chunked | session | 400 validation.content_type: Send the request body as application/octet-stream. [close] rows=0 | 400 validation.content_type: Send the request body as application/octet-stream. [close] rows=0 |
| createEvidence (json) | no Content-Type | chunked | session | 400 validation.content_type: Send the request body as application/json. [close] | 400 validation.content_type: Send the request body as application/json. [close] |
| unmatched POST (octet body) | no Content-Type | chunked | session | 404 not_found | 404 not_found [close] |
| unmatched POST (octet body) | no Content-Type | chunked | none | 404 not_found | 404 not_found [close] |
| unmatched POST (json body) | no Content-Type | chunked | session | 404 not_found | 404 not_found [close] |
| unmatched POST (json body) | no Content-Type | chunked | none | 404 not_found | 404 not_found [close] |

# cases: 276; changed: 206
