# check: 08-unit-node24   mode: cutf8   started: 2026-10-06T11:22:42Z
# command: env -u LC_ALL -u LC_CTYPE -u LC_COLLATE -u LC_MESSAGES -u LC_NUMERIC -u LC_TIME -u LC_MONETARY LANG=C.UTF-8 PATH=/opt/nvm/versions/node/v24.21.0/bin:$PATH pnpm test
# node v24.21.0; LANG=C.UTF-8 LC_ALL=<unset> LC_CTYPE=<unset>

> mobily-transformation-hub@0.1.0 test /home/user/My-owns
> vitest run --project unit-node --project unit-web


 RUN  v3.2.4 /home/user/My-owns

 ✓ |unit-web| src/pages/transformations/transformations.test.tsx (21 tests) 3167ms
   ✓ after create (F-DG1-004) > shows the created record when the server lets the creator read it  484ms
   ✓ effective permissions refresh after create (F-DG1-210) > English: Edit, Archive and the audit trail appear after create, without a reload  381ms
   ✓ effective permissions refresh after create (F-DG1-210) > Arabic (RTL): the same controls and the audit trail appear after create, without a reload  414ms
 ✓ |unit-web| src/app/app.test.tsx (17 tests) 1923ms
   ✓ transformations > lists transformations with a sortable code column and removable filter chips  412ms
stderr | src/pages/team/team.test.tsx > Team (English LTR) > shows a 403 from the server in words; nothing is assigned
Cannot update a component (`AssignDialog`) while rendering a different component (`RecordDialog`). To locate the bad setState() call inside `RecordDialog`, follow the stack trace as described in https://react.dev/link/setstate-in-render

 ✓ |unit-web| src/pages/team/team.test.tsx (6 tests) 1592ms
   ✓ Team (English LTR) > shows the six governance roles with B0018 accountability text verbatim and who holds each  461ms
 ✓ |unit-web| src/pages/p2-blank-forms.test.tsx (52 tests) 11396ms
   ✓ gate submission note (en) > a whitespace-only note is refused inline and nothing is sent  479ms
   ✓ gate submission note (en) > visible text is sent verbatim; an empty note is omitted  372ms
   ✓ journey step editor (en) > a whitespace-only actor is refused inline (not turned into null) and nothing is sent  301ms
   ✓ journey step editor (en) > visible text is sent verbatim; emptied optional text is null; an empty name is required  344ms
   ✓ journey step editor (ar) > a whitespace-only actor is refused inline (not turned into null) and nothing is sent  311ms
   ✓ journey step editor (ar) > a invisible-only actor is refused inline (not turned into null) and nothing is sent  378ms
   ✓ journey step editor (ar) > several blank fields: each gets the message and focus goes to the first (name)  319ms
   ✓ journey step editor (ar) > visible text is sent verbatim; emptied optional text is null; an empty name is required  375ms
 ✓ |unit-web| src/pages/transformations/modeGuidance.test.tsx (5 tests) 966ms
   ✓ New transformation: mode guidance (English LTR) > shows When to use and How for the selected mode and switches with the mode  429ms
 ✓ |unit-web| src/pages/p2.test.tsx (56 tests) 11819ms
   ✓ Diagnose > shows the six T01 dimensions with Unknown for missing values, and value pools that are never 0  661ms
   ✓ Diagnose > renders the six workstreams with their key questions  308ms
   ✓ Diagnose > edits a T01 row with only the changed fields and If-Match  427ms
   ✓ Diagnose > a 409 on save writes nothing, compares, and re-applies on the current version  351ms
   ✓ Diagnose > a 400 validation.blank shows a localized message on its field ('en')  489ms
   ✓ Diagnose > a 400 validation.blank shows a localized message on its field ('ar')  438ms
   ✓ Diagnose > an invisible-only value is blocked client-side with validation.blank ('en')  400ms
   ✓ Diagnose > an invisible-only value is blocked client-side with validation.blank ('ar')  425ms
   ✓ Diagnose > a whitespace-only T01 value is an inline blank error and sends nothing ('en')  417ms
   ✓ Diagnose > a whitespace-only T01 value is an inline blank error and sends nothing ('ar')  367ms
   ✓ Diagnose > T01: an emptied field is sent as an explicit null; visible text is sent verbatim  428ms
   ✓ Define: KPI activation (F-DG2-201) > Arabic: the Activate action and the 422 reason are in Arabic  317ms
   ✓ Design > shows the ten canvas boxes and the per-dimension view  329ms
   ✓ Design > converts an unresolved workshop item into a design decision with If-Match  476ms
 ✓ |unit-web| src/lib/lib.test.ts (23 tests) 50ms
 ✓ |unit-web| src/i18n/i18n.test.ts (11 tests) 23ms
 ✓ |unit-web| src/components/States.test.tsx (15 tests) 372ms
 ✓ |unit-web| src/styles/styles.test.ts (6 tests) 7ms
 ✓ |unit-web| src/lib/auditChanges.test.ts (15 tests) 21ms
 ✓ |unit-web| src/i18n/glossary.test.ts (8 tests) 13ms
 ✓ |unit-web| src/test/harness-config.test.ts (2 tests) 3ms
 ✓ |unit-node| apps/api/src/modules/workflows/workflows.test.ts (14 tests) 702ms
   ✓ workflows module (P2) > its declared boundary holds, and an undeclared dependency would be caught  656ms
 ✓ |unit-node| apps/api/src/modules/kpi/kpi.test.ts (18 tests) 694ms
   ✓ kpi module (P2) > its declared boundary holds, and a planted bypass or undeclared dependency would be caught  650ms
 ✓ |unit-node| apps/api/src/architecture.test.ts (135 tests) 2768ms
   ✓ API module boundaries (ADR-0002) > every import respects dependsOn, public surfaces and allowed packages  1489ms
   ✓ package dependency direction (ADR-0002 rule 5) > apps/web never imports @mth/db or @mth/config (browser bundle, no secrets)  655ms
 ✓ |unit-node| apps/api/src/modules/evidence/evidence.test.ts (8 tests) 357ms
   ✓ evidence module (P2) > its declared boundary holds  308ms
 ✓ |unit-node| apps/api/src/server.test.ts (6 tests) 315ms
 ✓ |unit-node| apps/api/src/modules/methodology/methodology.test.ts (4 tests) 180ms
 ✓ |unit-node| packages/shared/src/value.test.ts (29 tests) 158ms
 ✓ |unit-node| packages/shared/src/schemas/schemas.test.ts (64 tests) 167ms
 ✓ |unit-node| apps/api/src/modules/reporting/reporting.test.ts (4 tests) 115ms
 ✓ |unit-node| packages/config/src/load.test.ts (17 tests) 94ms
 ✓ |unit-node| apps/api/src/modules/platform/platform.test.ts (18 tests) 95ms
 ✓ |unit-node| packages/design-tokens/src/tokens.test.ts (15 tests) 40ms
 ✓ |unit-node| apps/api/src/modules/kpi/rules.test.ts (30 tests) 47ms
 ✓ |unit-node| apps/api/src/modules/platform/health.test.ts (2 tests) 33ms
 ✓ |unit-node| packages/db/src/seed.test.ts (7 tests) 23ms
 ✓ |unit-node| apps/api/src/modules/access/rules.test.ts (12 tests) 6ms
 ✓ |unit-node| apps/api/src/modules/admin/branding.test.ts (4 tests) 40ms
 ✓ |unit-node| apps/api/src/modules/transformations/good-outcome.test.ts (7 tests) 18ms
 ✓ |unit-node| apps/api/src/modules/transformations/thesis.test.ts (4 tests) 6ms
 ✓ |unit-node| apps/api/src/modules/transformations/exclusions.test.ts (19 tests) 5ms
 ✓ |unit-node| apps/api/src/modules/transformations/transitions.test.ts (2 tests) 3ms

 Test Files  34 passed (34)
      Tests  656 passed (656)
   Start at  11:22:43
   Duration  23.31s (transform 2.48s, setup 1.02s, collect 17.13s, tests 37.22s, environment 5.88s, prepare 2.59s)

# exit_status: 0   finished: 2026-10-06T11:23:06Z
