# negative control A: OLD contract (git show HEAD:docs/api/openapi.yaml), NEW code + NEW tests   started: 2026-10-06T11:02:03Z
# command: QA_PG_PORT=55471 tests/qa/support/with-pg.sh npx vitest run --project integration apps/api/test/integration/contract/contract.test.ts
# node v24.21.0; sha256 openapi.yaml under test: 704da7fe5687089d28312bcaf2da90629b49fbd73ce150e77c4bb7da91ae054b
qa disposable cluster: PostgreSQL 16.13 (Ubuntu 16.13-0ubuntu0.24.04.1) on x86_64-pc-linux-gnu, compiled by gcc (Ubuntu 13.3.0-6ubuntu2~24.04.1) 13.3.0, 64-bit; server_encoding UTF8, lc_collate C, lc_ctype C

 RUN  v3.2.4 /home/user/My-owns

[integration] PostgreSQL 16.13 (Ubuntu 16.13-0ubuntu0.24.04.1); database mth_test_muwkk1kp_46bc434d (server_encoding UTF8); applied 19 migrations to a fresh database
 ❯ |integration| apps/api/test/integration/contract/contract.test.ts (14 tests | 3 failed) 3315ms
   ✓ route coverage > maps every governed Fastify route to an OpenAPI operation with the same method, and back 3ms
   ✓ route coverage > declares access on every governed route (public or a permission) 3ms
   ✓ every operation, validated against the contract and the zod mirrors > health 22ms
   ✓ every operation, validated against the contract and the zod mirrors > auth + me 161ms
   ✓ every operation, validated against the contract and the zod mirrors > organizations and business units 141ms
   ✓ every operation, validated against the contract and the zod mirrors > users, roles, permissions and assignments 124ms
   ✓ every operation, validated against the contract and the zod mirrors > transformations and audit 120ms
   ✓ every operation, validated against the contract and the zod mirrors > branding tokens (getBrandingTokens): authenticated-only, provisional provenance, contract + zod valid 7ms
   ✓ every operation, validated against the contract and the zod mirrors > kpi module operations (P2; kpi-exercises.ts, owned by kpi-benefits-engineer)  573ms
   ✓ every operation, validated against the contract and the zod mirrors > P2 backend operations (p2-exercises.ts): every routed operation exercised with a success  1972ms
   × every operation, validated against the contract and the zod mirrors > every GET operation with a path parameter: a malformed id is a declared 400 at /params/<name>; nothing written 16ms
     → contract: getOrganization does not declare status 400 (declared: 200, 401, 404); body: {"type":"urn:mth:problem:validation","title":"Validation failed","status":400,"detail":"The request is not valid.","code":"validation","requestId":"01a110e0-d0a1-7656-817f-05d9fe8da226","errors":[{"pointer":"/params/organizationId","code":"validation.invalid_format","message":"Invalid UUID"}]}
   × every operation, validated against the contract and the zod mirrors > the contract: every operation but the OIDC callback declares 400 (ADR-0007 §5a) 5ms
     → expected [ 'getHealth', 'getReadiness', …(39) ] to deeply equal []
   × every operation, validated against the contract and the zod mirrors > every operation but the OIDC callback: U+0000 in the query is a declared 400 invalid_character 4ms
     → contract: getHealth does not declare status 400 (declared: 200); body: {"type":"urn:mth:problem:validation","title":"Validation failed","status":400,"detail":"The request is not valid.","code":"validation","requestId":"01a110e0-d0b0-739e-9887-6cb53fa0fa52","errors":[{"pointer":"/query/probe","code":"validation.invalid_character","message":"The text contains an unsuppor
   ✓ every operation, validated against the contract and the zod mirrors > covers every operation with at least one success and every successful body with its zod mirror 1ms

⎯⎯⎯⎯⎯⎯⎯ Failed Tests 3 ⎯⎯⎯⎯⎯⎯⎯

 FAIL  |integration| apps/api/test/integration/contract/contract.test.ts > every operation, validated against the contract and the zod mirrors > every GET operation with a path parameter: a malformed id is a declared 400 at /params/<name>; nothing written
Error: contract: getOrganization does not declare status 400 (declared: 200, 401, 404); body: {"type":"urn:mth:problem:validation","title":"Validation failed","status":400,"detail":"The request is not valid.","code":"validation","requestId":"01a110e0-d0a1-7656-817f-05d9fe8da226","errors":[{"pointer":"/params/organizationId","code":"validation.invalid_format","message":"Invalid UUID"}]}
 ❯ assertContract apps/api/test/support/contract.ts:100:11
     98|   const declared = op.responses[String(res.statusCode)] ?? op.response…
     99|   if (!declared) {
    100|     throw new Error(
       |           ^
    101|       `contract: ${op.operationId} does not declare status ${res.statu…
    102|     );
 ❯ call apps/api/test/support/harness.ts:158:5
 ❯ exerciseMalformedPathParams apps/api/test/integration/contract/malformed-input.ts:68:17
 ❯ apps/api/test/integration/contract/contract.test.ts:478:21

⎯⎯⎯⎯⎯⎯⎯⎯⎯⎯⎯⎯⎯⎯⎯⎯⎯⎯⎯⎯⎯⎯⎯⎯[1/3]⎯

 FAIL  |integration| apps/api/test/integration/contract/contract.test.ts > every operation, validated against the contract and the zod mirrors > the contract: every operation but the OIDC callback declares 400 (ADR-0007 §5a)
AssertionError: expected [ 'getHealth', 'getReadiness', …(39) ] to deeply equal []

[32m- Expected[39m
[31m+ Received[39m

[32m- [][39m
[31m+ [[39m
[31m+   "getHealth",[39m
[31m+   "getReadiness",[39m
[31m+   "logout",[39m
[31m+   "getMe",[39m
[31m+   "getOrganization",[39m
[31m+   "getBusinessUnit",[39m
[31m+   "getUser",[39m
[31m+   "listRoles",[39m
[31m+   "listPermissions",[39m
[31m+   "getBrandingTokens",[39m
[31m+   "getRoleAssignment",[39m
[31m+   "getTransformation",[39m
[31m+   "getStrategicGuardrail",[39m
[31m+   "getOutcome",[39m
[31m+   "getKpiDefinition",[39m
[31m+   "getBaseline",[39m
[31m+   "getOutcomeKpi",[39m
[31m+   "getValuePool",[39m
[31m+   "getDiagnosticItem",[39m
[31m+   "getDiagnosticFinding",[39m
[31m+   "getWorkstreamOutput",[39m
[31m+   "getTomGap",[39m
[31m+   "getCapabilityHeatmapEntry",[39m
[31m+   "getJourney",[39m
[31m+   "getDependency",[39m
[31m+   "getActionItem",[39m
[31m+   "getTomWorkshop",[39m
[31m+   "getEvidence",[39m
[31m+   "getTransformationMethodology",[39m
[31m+   "listRoleAccountabilities",[39m
[31m+   "getCharter",[39m
[31m+   "getCharterVersion",[39m
[31m+   "getNorthStar",[39m
[31m+   "getTomCanvas",[39m
[31m+   "getTomCanvasCell",[39m
[31m+   "listTomWorkshopParticipants",[39m
[31m+   "getDecision",[39m
[31m+   "listGates",[39m
[31m+   "getGate",[39m
[31m+   "getGateSubmission",[39m
[31m+   "downloadEvidenceContent",[39m
[31m+ ][39m

 ❯ apps/api/test/integration/contract/contract.test.ts:495:24
    493|       .filter((o) => !NO_400_OPERATIONS.has(o.operationId) && !("400" …
    494|       .map((o) => o.operationId);
    495|     expect(undeclared).toEqual([]);
       |                        ^
    496|     expect(
    497|       [...NO_400_OPERATIONS].filter((id) => "400" in operations.find((…

⎯⎯⎯⎯⎯⎯⎯⎯⎯⎯⎯⎯⎯⎯⎯⎯⎯⎯⎯⎯⎯⎯⎯⎯[2/3]⎯

 FAIL  |integration| apps/api/test/integration/contract/contract.test.ts > every operation, validated against the contract and the zod mirrors > every operation but the OIDC callback: U+0000 in the query is a declared 400 invalid_character
Error: contract: getHealth does not declare status 400 (declared: 200); body: {"type":"urn:mth:problem:validation","title":"Validation failed","status":400,"detail":"The request is not valid.","code":"validation","requestId":"01a110e0-d0b0-739e-9887-6cb53fa0fa52","errors":[{"pointer":"/query/probe","code":"validation.invalid_character","message":"The text contains an unsuppor
 ❯ assertContract apps/api/test/support/contract.ts:100:11
     98|   const declared = op.responses[String(res.statusCode)] ?? op.response…
     99|   if (!declared) {
    100|     throw new Error(
       |           ^
    101|       `contract: ${op.operationId} does not declare status ${res.statu…
    102|     );
 ❯ call apps/api/test/support/harness.ts:158:5
 ❯ exerciseInvalidCharacterQuery apps/api/test/integration/contract/malformed-input.ts:98:17
 ❯ apps/api/test/integration/contract/contract.test.ts:502:21

⎯⎯⎯⎯⎯⎯⎯⎯⎯⎯⎯⎯⎯⎯⎯⎯⎯⎯⎯⎯⎯⎯⎯⎯[3/3]⎯


 Test Files  1 failed (1)
      Tests  3 failed | 11 passed (14)
   Start at  11:02:05
   Duration  6.18s (transform 760ms, setup 0ms, collect 1.80s, tests 3.32s, environment 0ms, prepare 57ms)

# exit: 1
