# negative control C: OLD kpi/support.ts parseRecordParams only (git show HEAD:), NEW register-kit + NEW contract + NEW tests   started: 2026-10-06T11:02:39Z
# command: QA_PG_PORT=55471 tests/qa/support/with-pg.sh npx vitest run --project integration apps/api/test/integration/contract/contract.test.ts
# node v24.21.0
qa disposable cluster: PostgreSQL 16.13 (Ubuntu 16.13-0ubuntu0.24.04.1) on x86_64-pc-linux-gnu, compiled by gcc (Ubuntu 13.3.0-6ubuntu2~24.04.1) 13.3.0, 64-bit; server_encoding UTF8, lc_collate C, lc_ctype C

 RUN  v3.2.4 /home/user/My-owns

[integration] PostgreSQL 16.13 (Ubuntu 16.13-0ubuntu0.24.04.1); database mth_test_muwkktcl_46e8e835 (server_encoding UTF8); applied 19 migrations to a fresh database
 ❯ |integration| apps/api/test/integration/contract/contract.test.ts (14 tests | 1 failed) 4307ms
   ✓ route coverage > maps every governed Fastify route to an OpenAPI operation with the same method, and back 3ms
   ✓ route coverage > declares access on every governed route (public or a permission) 5ms
   ✓ every operation, validated against the contract and the zod mirrors > health 26ms
   ✓ every operation, validated against the contract and the zod mirrors > auth + me 171ms
   ✓ every operation, validated against the contract and the zod mirrors > organizations and business units 122ms
   ✓ every operation, validated against the contract and the zod mirrors > users, roles, permissions and assignments 112ms
   ✓ every operation, validated against the contract and the zod mirrors > transformations and audit 124ms
   ✓ every operation, validated against the contract and the zod mirrors > branding tokens (getBrandingTokens): authenticated-only, provisional provenance, contract + zod valid 10ms
   ✓ every operation, validated against the contract and the zod mirrors > kpi module operations (P2; kpi-exercises.ts, owned by kpi-benefits-engineer)  627ms
   ✓ every operation, validated against the contract and the zod mirrors > P2 backend operations (p2-exercises.ts): every routed operation exercised with a success  1937ms
   × every operation, validated against the contract and the zod mirrors > every GET operation with a path parameter: a malformed id is a declared 400 at /params/<name>; nothing written 96ms
     → getKpiDefinition: the pointer names the parameter: expected [ '/params/id' ] to deeply equal [ '/params/kpiDefinitionId' ]
   ✓ every operation, validated against the contract and the zod mirrors > the contract: every operation but the OIDC callback declares 400 (ADR-0007 §5a) 0ms
   ✓ every operation, validated against the contract and the zod mirrors > every operation but the OIDC callback: U+0000 in the query is a declared 400 invalid_character  856ms
   ✓ every operation, validated against the contract and the zod mirrors > covers every operation with at least one success and every successful body with its zod mirror 1ms

⎯⎯⎯⎯⎯⎯⎯ Failed Tests 1 ⎯⎯⎯⎯⎯⎯⎯

 FAIL  |integration| apps/api/test/integration/contract/contract.test.ts > every operation, validated against the contract and the zod mirrors > every GET operation with a path parameter: a malformed id is a declared 400 at /params/<name>; nothing written
AssertionError: getKpiDefinition: the pointer names the parameter: expected [ '/params/id' ] to deeply equal [ '/params/kpiDefinitionId' ]

[32m- Expected[39m
[31m+ Received[39m

[2m  [[22m
[32m-   "/params/kpiDefinitionId",[39m
[31m+   "/params/id",[39m
[2m  ][22m

 ❯ exerciseMalformedPathParams apps/api/test/integration/contract/malformed-input.ts:74:7
     72|       res.body.errors.map((e) => e.pointer),
     73|       `${op.operationId}: the pointer names the parameter`,
     74|     ).toEqual([`/params/${last}`]);
       |       ^
     75|     await expectNothingWritten(api, res);
     76|     checked.push(op.operationId);
 ❯ apps/api/test/integration/contract/contract.test.ts:478:21

⎯⎯⎯⎯⎯⎯⎯⎯⎯⎯⎯⎯⎯⎯⎯⎯⎯⎯⎯⎯⎯⎯⎯⎯[1/1]⎯


 Test Files  1 failed (1)
      Tests  1 failed | 13 passed (14)
   Start at  11:02:41
   Duration  7.18s (transform 783ms, setup 0ms, collect 1.74s, tests 4.31s, environment 0ms, prepare 67ms)

# exit: 1
