# check: 09-integration   mode: nolocale   started: 2026-10-06T11:16:20Z
# command: env -u LANG -u LC_ALL -u LC_CTYPE -u LC_COLLATE -u LC_MESSAGES -u LC_NUMERIC -u LC_TIME -u LC_MONETARY PATH=/opt/nvm/versions/node/v24.21.0/bin:$PATH env QA_PG_PORT=55471 tests/qa/support/with-pg.sh pnpm test:integration
# node v24.21.0; LANG=<unset> LC_ALL=<unset> LC_CTYPE=<unset>
qa disposable cluster: PostgreSQL 16.13 (Ubuntu 16.13-0ubuntu0.24.04.1) on x86_64-pc-linux-gnu, compiled by gcc (Ubuntu 13.3.0-6ubuntu2~24.04.1) 13.3.0, 64-bit; server_encoding UTF8, lc_collate C, lc_ctype C

> mobily-transformation-hub@0.1.0 test:integration /home/user/My-owns
> vitest run --project integration


 RUN  v3.2.4 /home/user/My-owns

[integration] PostgreSQL 16.13 (Ubuntu 16.13-0ubuntu0.24.04.1); database mth_test_muwl2emh_e789edca (server_encoding UTF8); applied 19 migrations to a fresh database
 ✓ |integration| apps/worker/test/integration/outbox.test.ts (10 tests) 5392ms
   ✓ worker runtime: end to end, restarts and the dead-letter queue > relays and handles a created transformation, and survives a restart without losing the job  3681ms
   ✓ worker runtime: end to end, restarts and the dead-letter queue > moves a job that keeps failing to ops.failed after the bounded retries  1041ms
 ✓ |integration| apps/api/test/integration/contract/contract.test.ts (14 tests) 5038ms
   ✓ every operation, validated against the contract and the zod mirrors > kpi module operations (P2; kpi-exercises.ts, owned by kpi-benefits-engineer)  733ms
   ✓ every operation, validated against the contract and the zod mirrors > P2 backend operations (p2-exercises.ts): every routed operation exercised with a success  2441ms
   ✓ every operation, validated against the contract and the zod mirrors > every GET operation with a path parameter: a malformed id is a declared 400 at /params/<name>; nothing written  353ms
   ✓ every operation, validated against the contract and the zod mirrors > every operation but the OIDC callback: U+0000 in the query is a declared 400 invalid_character  783ms
 ✓ |integration| packages/db/test/integration/scratch-drop.test.ts (3 tests) 6472ms
   ✓ dropScratchDatabase never terminates a live client (F-DG1-009) > a drop right after pool.end() raises no 57P01 on the closing pool (40 rounds, 8 clients each)  6006ms
   ✓ dropScratchDatabase never terminates a live client (F-DG1-009) > a client that is still connected is NOT terminated: the drop refuses, names it, and succeeds once it ends  465ms
 ✓ |integration| tests/qa/integration/a13-job-idempotency.test.ts (5 tests) 3428ms
   ✓ A13 running worker: a duplicate delivery is a no-op > consumes the event once; an extra job with the same message completes as 'duplicate'  2596ms
 ✓ |integration| apps/api/test/integration/blank-text.test.ts (30 tests) 2673ms
 ✓ |integration| apps/api/test/integration/aud-write-deny.test.ts (128 tests) 2056ms
 ✓ |integration| apps/api/test/integration/gates.test.ts (11 tests) 1872ms
   ✓ G2 Direction readiness (REQ-PB-036 failing outcomes, REQ-PB-037 guardrails) > lists every outcome whose good outcome test is not passing (ids + criteria); zero guardrails blocks submission  380ms
 ✓ |integration| packages/db/test/integration/encoding.test.ts (8 tests) 2122ms
   ✓ a SQL_ASCII database is refused before anything is created > control: the same CLI migrates a UTF8 scratch database created the same way  871ms
 ✓ |integration| apps/api/test/integration/registers.test.ts (23 tests) 1720ms
 ✓ |integration| packages/db/test/integration/bootstrap.test.ts (5 tests) 2104ms
   ✓ mth-db bootstrap > creates the first organization and a technical/access admin with no business permission, fully audited  550ms
   ✓ mth-db bootstrap > refuses to run twice  511ms
   ✓ mth-db bootstrap > validates its input and refuses the dev-login issuer  470ms
   ✓ mth-db seed-dev (synthetic, development only) > seeds synthetic users bound to urn:mth:dev-local once, idempotently  488ms
 ✓ |integration| apps/api/test/integration/dg2-repairs.test.ts (13 tests) 1490ms
 ✓ |integration| apps/api/test/integration/access-derived-race.test.ts (4 tests) 1223ms
 ✓ |integration| apps/api/test/integration/kpi/kpi-resources.test.ts (23 tests) 952ms
 ✓ |integration| apps/api/test/integration/kpi/kpi-dg2-repairs.test.ts (11 tests) 734ms
 ✓ |integration| apps/api/test/integration/oidc.test.ts (27 tests) 1122ms
 ✓ |integration| apps/api/test/integration/bu-hierarchy-guard.test.ts (7 tests) 1040ms
 ✓ |integration| apps/api/test/integration/transformations.test.ts (30 tests) 851ms
 ✓ |integration| apps/api/test/integration/access-scope.test.ts (18 tests) 690ms
 ✓ |integration| apps/api/test/integration/invalid-character.test.ts (13 tests) 708ms
 ✓ |integration| packages/db/test/integration/migrate.test.ts (7 tests) 946ms
   ✓ mth-db migrate on a fresh database > applies every shipped migration, then reports up to date  484ms
 ✓ |integration| apps/api/test/integration/evidence.test.ts (6 tests) 565ms
 ✓ |integration| apps/api/test/integration/platform.test.ts (12 tests) 697ms
   ✓ readiness requires a UTF8 database (ADR-0003 'Database encoding', T-DG2-BE9) > reports 503 database: fail on a SQL_ASCII database, and database: ok on a UTF8 one created the same way  366ms
 ✓ |integration| tests/qa/integration/a12-cross-scope.test.ts (14 tests) 490ms
 ✓ |integration| apps/api/test/integration/admin.test.ts (11 tests) 469ms
 ✓ |integration| apps/worker/test/integration/maintenance.test.ts (2 tests) 628ms
 ✓ |integration| apps/api/test/integration/kpi/kpi-aud-write-deny.test.ts (18 tests) 444ms
 ✓ |integration| tests/qa/integration/a14-concurrency.test.ts (5 tests) 306ms
 ✓ |integration| apps/api/test/integration/organizations.test.ts (10 tests) 365ms
 ✓ |integration| apps/api/test/integration/identity.test.ts (13 tests) 302ms
 ✓ |integration| packages/db/test/integration/protection.test.ts (17 tests) 100ms
 ✓ |integration| packages/db/test/integration/catalogue.test.ts (9 tests) 35ms

 Test Files  31 passed (31)
      Tests  507 passed (507)
   Start at  11:16:21
   Duration  58.64s (transform 1.20s, setup 0ms, collect 10.42s, tests 47.04s, environment 0ms, prepare 65ms)

# exit_status: 0   finished: 2026-10-06T11:17:20Z
