# check: 07-unit-node22   mode: nolocale   started: 2026-10-06T11:15:29Z
# command: env -u LANG -u LC_ALL -u LC_CTYPE -u LC_COLLATE -u LC_MESSAGES -u LC_NUMERIC -u LC_TIME -u LC_MONETARY PATH=/opt/node22/bin:$PATH pnpm test
# node v22.22.2; LANG=<unset> LC_ALL=<unset> LC_CTYPE=<unset>

> mobily-transformation-hub@0.1.0 test /home/user/My-owns
> vitest run --project unit-node --project unit-web


 RUN  v3.2.4 /home/user/My-owns

 ✓ |unit-web| src/pages/transformations/transformations.test.tsx (21 tests) 3701ms
   ✓ after create (F-DG1-004) > shows the created record when the server lets the creator read it  495ms
   ✓ effective permissions refresh after create (F-DG1-210) > English: Edit, Archive and the audit trail appear after create, without a reload  481ms
   ✓ effective permissions refresh after create (F-DG1-210) > Arabic (RTL): the same controls and the audit trail appear after create, without a reload  376ms
 ✓ |unit-web| src/app/app.test.tsx (17 tests) 1844ms
   ✓ transformations > lists transformations with a sortable code column and removable filter chips  330ms
stderr | src/pages/team/team.test.tsx > Team (English LTR) > shows a 403 from the server in words; nothing is assigned
Cannot update a component (`AssignDialog`) while rendering a different component (`RecordDialog`). To locate the bad setState() call inside `RecordDialog`, follow the stack trace as described in https://react.dev/link/setstate-in-render

 ✓ |unit-web| src/pages/team/team.test.tsx (6 tests) 1778ms
   ✓ Team (English LTR) > shows the six governance roles with B0018 accountability text verbatim and who holds each  531ms
   ✓ Team (English LTR) > lists team members with the accountability on each assignment, sortable and filterable  331ms
   ✓ Team (English LTR) > a Transformation Lead assigns a Workstream Lead: Idempotency-Key, reason, accountability preview  320ms
 ✓ |unit-web| src/pages/transformations/modeGuidance.test.tsx (5 tests) 809ms
   ✓ New transformation: mode guidance (English LTR) > shows When to use and How for the selected mode and switches with the mode  347ms
 ✓ |unit-web| src/pages/p2-blank-forms.test.tsx (52 tests) 13034ms
   ✓ gate submission note (en) > a whitespace-only note is refused inline and nothing is sent  530ms
   ✓ gate submission note (en) > visible text is sent verbatim; an empty note is omitted  454ms
   ✓ gate submission note (ar) > visible text is sent verbatim; an empty note is omitted  372ms
   ✓ journey step editor (en) > a whitespace-only actor is refused inline (not turned into null) and nothing is sent  367ms
   ✓ journey step editor (en) > several blank fields: each gets the message and focus goes to the first (name)  322ms
   ✓ journey step editor (en) > visible text is sent verbatim; emptied optional text is null; an empty name is required  394ms
   ✓ journey step editor (ar) > a whitespace-only actor is refused inline (not turned into null) and nothing is sent  381ms
   ✓ journey step editor (ar) > a invisible-only actor is refused inline (not turned into null) and nothing is sent  351ms
   ✓ journey step editor (ar) > several blank fields: each gets the message and focus goes to the first (name)  342ms
   ✓ journey step editor (ar) > visible text is sent verbatim; emptied optional text is null; an empty name is required  398ms
   ✓ Finance validation note and archive reason (en) > note: empty is 'required'; visible text is sent verbatim  304ms
 ✓ |unit-web| src/pages/p2.test.tsx (56 tests) 13169ms
   ✓ Diagnose > shows the six T01 dimensions with Unknown for missing values, and value pools that are never 0  737ms
   ✓ Diagnose > renders the six workstreams with their key questions  419ms
   ✓ Diagnose > edits a T01 row with only the changed fields and If-Match  411ms
   ✓ Diagnose > a 409 on save writes nothing, compares, and re-applies on the current version  422ms
   ✓ Diagnose > a 400 validation.blank shows a localized message on its field ('en')  522ms
   ✓ Diagnose > a 400 validation.blank shows a localized message on its field ('ar')  478ms
   ✓ Diagnose > an invisible-only value is blocked client-side with validation.blank ('en')  438ms
   ✓ Diagnose > an invisible-only value is blocked client-side with validation.blank ('ar')  442ms
   ✓ Diagnose > a whitespace-only T01 value is an inline blank error and sends nothing ('en')  442ms
   ✓ Diagnose > a whitespace-only T01 value is an inline blank error and sends nothing ('ar')  507ms
   ✓ Diagnose > T01: an emptied field is sent as an explicit null; visible text is sent verbatim  462ms
   ✓ Define: KPI activation (F-DG2-201) > Arabic: the Activate action and the 422 reason are in Arabic  321ms
   ✓ Charter > scope pre-check: an empty Out of scope reads as failing (EN and AR)  349ms
   ✓ Charter > edit: a whitespace Out of scope is an inline blank error, sends nothing and keeps the value (en)  301ms
   ✓ Charter > edit: emptying a filled field sends null; visible text is verbatim (ar)  333ms
   ✓ Design > shows the ten canvas boxes and the per-dimension view  341ms
   ✓ Design > converts an unresolved workshop item into a design decision with If-Match  555ms
 ✓ |unit-web| src/components/States.test.tsx (15 tests) 361ms
 ✓ |unit-web| src/i18n/i18n.test.ts (11 tests) 22ms
 ✓ |unit-web| src/lib/auditChanges.test.ts (15 tests) 19ms
 ✓ |unit-web| src/lib/lib.test.ts (23 tests) 56ms
 ✓ |unit-web| src/styles/styles.test.ts (6 tests) 11ms
 ✓ |unit-web| src/test/harness-config.test.ts (2 tests) 3ms
 ✓ |unit-web| src/i18n/glossary.test.ts (8 tests) 9ms
 ✓ |unit-node| apps/api/src/modules/workflows/workflows.test.ts (14 tests) 687ms
   ✓ workflows module (P2) > its declared boundary holds, and an undeclared dependency would be caught  651ms
 ✓ |unit-node| apps/api/src/modules/kpi/kpi.test.ts (18 tests) 751ms
   ✓ kpi module (P2) > its declared boundary holds, and a planted bypass or undeclared dependency would be caught  699ms
 ✓ |unit-node| apps/api/src/architecture.test.ts (135 tests) 2742ms
   ✓ API module boundaries (ADR-0002) > every import respects dependsOn, public surfaces and allowed packages  1396ms
   ✓ package dependency direction (ADR-0002 rule 5) > apps/web never imports @mth/db or @mth/config (browser bundle, no secrets)  616ms
 ✓ |unit-node| apps/api/src/server.test.ts (6 tests) 364ms
 ✓ |unit-node| apps/api/src/modules/evidence/evidence.test.ts (8 tests) 418ms
   ✓ evidence module (P2) > its declared boundary holds  378ms
 ✓ |unit-node| apps/api/src/modules/methodology/methodology.test.ts (4 tests) 209ms
 ✓ |unit-node| packages/shared/src/value.test.ts (29 tests) 199ms
 ✓ |unit-node| packages/shared/src/schemas/schemas.test.ts (64 tests) 149ms
 ✓ |unit-node| packages/config/src/load.test.ts (17 tests) 87ms
 ✓ |unit-node| apps/api/src/modules/platform/platform.test.ts (18 tests) 78ms
 ✓ |unit-node| apps/api/src/modules/reporting/reporting.test.ts (4 tests) 100ms
 ✓ |unit-node| apps/api/src/modules/kpi/rules.test.ts (30 tests) 34ms
 ✓ |unit-node| apps/api/src/modules/platform/health.test.ts (2 tests) 38ms
 ✓ |unit-node| packages/design-tokens/src/tokens.test.ts (15 tests) 48ms
 ✓ |unit-node| apps/api/src/modules/transformations/good-outcome.test.ts (7 tests) 8ms
 ✓ |unit-node| packages/db/src/seed.test.ts (7 tests) 20ms
 ✓ |unit-node| apps/api/src/modules/access/rules.test.ts (12 tests) 6ms
 ✓ |unit-node| apps/api/src/modules/admin/branding.test.ts (4 tests) 32ms
 ✓ |unit-node| apps/api/src/modules/transformations/thesis.test.ts (4 tests) 6ms
 ✓ |unit-node| apps/api/src/modules/transformations/transitions.test.ts (2 tests) 3ms
 ✓ |unit-node| apps/api/src/modules/transformations/exclusions.test.ts (19 tests) 4ms

 Test Files  34 passed (34)
      Tests  656 passed (656)
   Start at  11:15:30
   Duration  25.81s (transform 2.91s, setup 1.44s, collect 18.96s, tests 40.80s, environment 6.41s, prepare 2.63s)

# exit_status: 0   finished: 2026-10-06T11:15:56Z
